CHIP::AMCC.AMCCGEN_AMCCVER @ 0x200000000
CHIP::AMCC.AMCCGEN_MCSARBCFG @ 0x200000004
CHIP::AMCC.AMCCGEN_AMCCLKPWRGATE @ 0x200000008
CHIP::AMCC.AMCCGEN_MCSSSBCTRL @ 0x20000000c
CHIP::AMCC.AMCCGEN_DCS0SSBRPTRCTRL @ 0x200000010
CHIP::AMCC.AMCCGEN_DCS1SSBRPTRCTRL @ 0x200000014
CHIP::AMCC.AMCCGEN_DCS2SSBRPTRCTRL @ 0x200000018
CHIP::AMCC.AMCCGEN_DCS3SSBRPTRCTRL @ 0x20000001c
CHIP::AMCC.AMCCGEN_CSFSPECRD @ 0x200000020
CHIP::AMCC.AMCCGEN_BWCOUNT @ 0x200000024
CHIP::AMCC.AMCCGEN_MEMINTFBWCNT0 @ 0x200000028
CHIP::AMCC.AMCCGEN_MEMINTFBWCNT1 @ 0x20000002c
CHIP::AMCC.AMCCGEN_AFINTFBWCNT0 @ 0x200000030
CHIP::AMCC.AMCCGEN_AFINTFBWCNT1 @ 0x200000034
CHIP::AMCC.MCSSCH_MCSRDRTNCRD @ 0x200000100
CHIP::AMCC.MCSSCH_MCSCHNLCRD @ 0x200000104
CHIP::AMCC.MCSSCH_MCSCHNLTM @ 0x200000108
CHIP::AMCC.MCSSCH_MCSEARLYRESPCTRL @ 0x20000010c
CHIP::AMCC.MCSSCH_MCSEARLYRESPAID @ 0x200000110
CHIP::AMCC.MCCLOCKREGION_TZ0BASEADDR @ 0x200000480
CHIP::AMCC.MCCLOCKREGION_TZ0ENDADDR @ 0x200000484
CHIP::AMCC.MCCLOCKREGION_TZ1BASEADDR @ 0x200000488
CHIP::AMCC.MCCLOCKREGION_TZ1ENDADDR @ 0x20000048c
CHIP::AMCC.MCCLOCKREGION_TZ0LOCK @ 0x200000490
CHIP::AMCC.MCCLOCKREGION_TZ1LOCK @ 0x200000494
CHIP::AMCC.MCCLOCKREGION_MCCLBKHASH0 @ 0x200000498
CHIP::AMCC.MCCLOCKREGION_MCCLBKHASH1 @ 0x20000049c
CHIP::AMCC.MCCLOCKREGION_MCCIDXRNGSEL @ 0x2000004a0
CHIP::AMCC.MCCLOCKREGION_MCCCHNLDEC @ 0x2000004a4
CHIP::AMCC.MCCLOCKREGION_MCUCHNHASH @ 0x2000004a8
CHIP::AMCC.MCCLOCKREGION_MCUCHNHASH2 @ 0x2000004ac
CHIP::AMCC.MCCLOCKREGION_MCCPATHHASH @ 0x2000004b0
CHIP::AMCC.MCCLOCKREGION_DRAMACCCTRL @ 0x2000004b4
CHIP::AMCC.MCCLOCKREGION_MCSADDRBANKHASH0 @ 0x2000004b8
CHIP::AMCC.MCCLOCKREGION_MCSADDRBANKHASH1 @ 0x2000004bc
CHIP::AMCC.MCCLOCKREGION_MCSADDRBANKHASH2 @ 0x2000004c0
CHIP::AMCC.MCCLOCKREGION_ADDRMAPMODE @ 0x2000004c4
CHIP::AMCC.MCCLOCKREGION_ADDRCFG @ 0x2000004c8
CHIP::AMCC.AMCCPERFCNTR_PERFCNTRCTL @ 0x200000500
CHIP::AMCC.AMCCPERFCNTR_PERFCNTREN @ 0x200000504
CHIP::AMCC.AMCCPERFCNTR_PERFCNTR0CTL1 @ 0x200000508
CHIP::AMCC.AMCCPERFCNTR_PERFCNTR0CTL2 @ 0x20000050c
CHIP::AMCC.AMCCPERFCNTR_PERFCNTR0CTL3 @ 0x200000510
CHIP::AMCC.AMCCPERFCNTR_PERFCNTR0CTL4 @ 0x200000514
CHIP::AMCC.AMCCPERFCNTR_PERFCNTR0CTL5 @ 0x200000518
CHIP::AMCC.AMCCPERFCNTR_PERFCNTR0CTL6 @ 0x20000051c
CHIP::AMCC.AMCCPERFCNTR_PERFCNTR0VAL @ 0x200000520
CHIP::AMCC.AMCCPERFCNTR_PERFCNTR1CTL1 @ 0x200000524
CHIP::AMCC.AMCCPERFCNTR_PERFCNTR1CTL2 @ 0x200000528
CHIP::AMCC.AMCCPERFCNTR_PERFCNTR1CTL3 @ 0x20000052c
CHIP::AMCC.AMCCPERFCNTR_PERFCNTR1CTL4 @ 0x200000530
CHIP::AMCC.AMCCPERFCNTR_PERFCNTR1CTL5 @ 0x200000534
CHIP::AMCC.AMCCPERFCNTR_PERFCNTR1CTL6 @ 0x200000538
CHIP::AMCC.AMCCPERFCNTR_PERFCNTR1VAL @ 0x20000053c
CHIP::AMCC.AMCCPERFCNTR_PERFCNTR2CTL1 @ 0x200000540
CHIP::AMCC.AMCCPERFCNTR_PERFCNTR2CTL2 @ 0x200000544
CHIP::AMCC.AMCCPERFCNTR_PERFCNTR2CTL3 @ 0x200000548
CHIP::AMCC.AMCCPERFCNTR_PERFCNTR2CTL4 @ 0x20000054c
CHIP::AMCC.AMCCPERFCNTR_PERFCNTR2CTL5 @ 0x200000550
CHIP::AMCC.AMCCPERFCNTR_PERFCNTR2CTL6 @ 0x200000554
CHIP::AMCC.AMCCPERFCNTR_PERFCNTR2VAL @ 0x200000558
CHIP::AMCC.AMCCPERFCNTR_PERFCNTR3CTL1 @ 0x20000055c
CHIP::AMCC.AMCCPERFCNTR_PERFCNTR3CTL2 @ 0x200000560
CHIP::AMCC.AMCCPERFCNTR_PERFCNTR3CTL3 @ 0x200000564
CHIP::AMCC.AMCCPERFCNTR_PERFCNTR3CTL4 @ 0x200000568
CHIP::AMCC.AMCCPERFCNTR_PERFCNTR3CTL5 @ 0x20000056c
CHIP::AMCC.AMCCPERFCNTR_PERFCNTR3CTL6 @ 0x200000570
CHIP::AMCC.AMCCPERFCNTR_PERFCNTR3VAL @ 0x200000574
CHIP::AMCC.AMCCPERFCNTR_PERFCNTR4CTL1 @ 0x200000578
CHIP::AMCC.AMCCPERFCNTR_PERFCNTR4CTL2 @ 0x20000057c
CHIP::AMCC.AMCCPERFCNTR_PERFCNTR4CTL3 @ 0x200000580
CHIP::AMCC.AMCCPERFCNTR_PERFCNTR4CTL4 @ 0x200000584
CHIP::AMCC.AMCCPERFCNTR_PERFCNTR4CTL5 @ 0x200000588
CHIP::AMCC.AMCCPERFCNTR_PERFCNTR4CTL6 @ 0x20000058c
CHIP::AMCC.AMCCPERFCNTR_PERFCNTR4VAL @ 0x200000590
CHIP::AMCC.AMCCPERFCNTR_PERFCNTR5CTL1 @ 0x200000594
CHIP::AMCC.AMCCPERFCNTR_PERFCNTR5CTL2 @ 0x200000598
CHIP::AMCC.AMCCPERFCNTR_PERFCNTR5CTL3 @ 0x20000059c
CHIP::AMCC.AMCCPERFCNTR_PERFCNTR5CTL4 @ 0x2000005a0
CHIP::AMCC.AMCCPERFCNTR_PERFCNTR5CTL5 @ 0x2000005a4
CHIP::AMCC.AMCCPERFCNTR_PERFCNTR5CTL6 @ 0x2000005a8
CHIP::AMCC.AMCCPERFCNTR_PERFCNTR5VAL @ 0x2000005ac
CHIP::AMCC.AMCCPERFCNTR_PERFCNTR6CTL1 @ 0x2000005b0
CHIP::AMCC.AMCCPERFCNTR_PERFCNTR6CTL2 @ 0x2000005b4
CHIP::AMCC.AMCCPERFCNTR_PERFCNTR6CTL3 @ 0x2000005b8
CHIP::AMCC.AMCCPERFCNTR_PERFCNTR6CTL4 @ 0x2000005bc
CHIP::AMCC.AMCCPERFCNTR_PERFCNTR6CTL5 @ 0x2000005c0
CHIP::AMCC.AMCCPERFCNTR_PERFCNTR6CTL6 @ 0x2000005c4
CHIP::AMCC.AMCCPERFCNTR_PERFCNTR6VAL @ 0x2000005c8
CHIP::AMCC.AMCCPERFCNTR_PERFCNTR7CTL1 @ 0x2000005cc
CHIP::AMCC.AMCCPERFCNTR_PERFCNTR7CTL2 @ 0x2000005d0
CHIP::AMCC.AMCCPERFCNTR_PERFCNTR7CTL3 @ 0x2000005d4
CHIP::AMCC.AMCCPERFCNTR_PERFCNTR7CTL4 @ 0x2000005d8
CHIP::AMCC.AMCCPERFCNTR_PERFCNTR7CTL5 @ 0x2000005dc
CHIP::AMCC.AMCCPERFCNTR_PERFCNTR7CTL6 @ 0x2000005e0
CHIP::AMCC.AMCCPERFCNTR_PERFCNTR7VAL @ 0x2000005e4
CHIP::AMCC.AMCCPERFCNTR_PERFCNTR8CTL1 @ 0x2000005e8
CHIP::AMCC.AMCCPERFCNTR_PERFCNTR8CTL2 @ 0x2000005ec
CHIP::AMCC.AMCCPERFCNTR_PERFCNTR8CTL3 @ 0x2000005f0
CHIP::AMCC.AMCCPERFCNTR_PERFCNTR8CTL4 @ 0x2000005f4
CHIP::AMCC.AMCCPERFCNTR_PERFCNTR8CTL5 @ 0x2000005f8
CHIP::AMCC.AMCCPERFCNTR_PERFCNTR8CTL6 @ 0x2000005fc
CHIP::AMCC.AMCCPERFCNTR_PERFCNTR8VAL @ 0x200000600
CHIP::AMCC.AMCCPERFCNTR_PERFCNTR9CTL1 @ 0x200000604
CHIP::AMCC.AMCCPERFCNTR_PERFCNTR9CTL2 @ 0x200000608
CHIP::AMCC.AMCCPERFCNTR_PERFCNTR9CTL3 @ 0x20000060c
CHIP::AMCC.AMCCPERFCNTR_PERFCNTR9CTL4 @ 0x200000610
CHIP::AMCC.AMCCPERFCNTR_PERFCNTR9CTL5 @ 0x200000614
CHIP::AMCC.AMCCPERFCNTR_PERFCNTR9CTL6 @ 0x200000618
CHIP::AMCC.AMCCPERFCNTR_PERFCNTR9VAL @ 0x20000061c
CHIP::AMCC.AMCCPERFCNTR_AFBCQPROPCTRL @ 0x200000620
CHIP::AMCC.AMCCPERFCNTR_AFBCHGHTHR @ 0x200000624
CHIP::AMCC.AMCCPERFCNTR_AFBCMIDTHR @ 0x200000628
CHIP::AMCC.AMCCPERFCNTR_AFBCLOWTHR @ 0x20000062c
CHIP::AMCC.AMCCPERFCNTR_MCCAFBCQPROPSTATUS @ 0x200000630
CHIP::AMCC.AMCCPERFCNTR_AMCPERFINDCTRL @ 0x200000634
CHIP::AMCC.AMCCPERFCNTR_AMCPERFINDHITHR @ 0x200000638
CHIP::AMCC.AMCCPERFCNTR_AMCPERFINDLOWTHR @ 0x20000063c
CHIP::AMCC.AMCCPERFCNTR_MCCAMCPERFINDSTATUS @ 0x200000640
CHIP::AMCC.AMCCPERFCNTR_QPROPCTRL @ 0x200000644
CHIP::AMCC.AMCCPERFCNTR_MCC0QPROPCTRL @ 0x200000648
CHIP::AMCC.AMCCPERFCNTR_MCC1QPROPCTRL @ 0x20000064c
CHIP::AMCC.AMCCPERFCNTR_MCC0QPROPSTATUS @ 0x200000650
CHIP::AMCC.AMCCPERFCNTR_MCC0QPROPAVGLAT @ 0x200000654
CHIP::AMCC.AMCCPERFCNTR_MCC0QPROPAVGTHRPT @ 0x200000658
CHIP::AMCC.AMCCPERFCNTR_MCC1QPROPSTATUS @ 0x20000065c
CHIP::AMCC.AMCCPERFCNTR_MCC1QPROPAVGLAT @ 0x200000660
CHIP::AMCC.AMCCPERFCNTR_MCC1QPROPAVGTHRPT @ 0x200000664
CHIP::AMCC.AMCCPERFCNTR_MCSQPROPCTRL @ 0x200000668
CHIP::AMCC.AMCCPERFCNTR_MCSQPROPAVGLATMCU0 @ 0x20000066c
CHIP::AMCC.AMCCPERFCNTR_MCSQPROPAVGTHRPTMCU0 @ 0x200000670
CHIP::AMCC.AMCCPERFCNTR_MCSQPROPOUTPUTSMCU0 @ 0x200000674
CHIP::AMCC.AMCCPERFCNTR_MCSQPROPAVGLATMCU1 @ 0x200000678
CHIP::AMCC.AMCCPERFCNTR_MCSQPROPAVGTHRPTMCU1 @ 0x20000067c
CHIP::AMCC.AMCCPERFCNTR_MCSQPROPOUTPUTSMCU1 @ 0x200000680
CHIP::AMCC.AMCCPERFCNTR_MCSQPROPAVGLATMCU2 @ 0x200000684
CHIP::AMCC.AMCCPERFCNTR_MCSQPROPAVGTHRPTMCU2 @ 0x200000688
CHIP::AMCC.AMCCPERFCNTR_MCSQPROPOUTPUTSMCU2 @ 0x20000068c
CHIP::AMCC.AMCCPERFCNTR_MCSQPROPAVGLATMCU3 @ 0x200000690
CHIP::AMCC.AMCCPERFCNTR_MCSQPROPAVGTHRPTMCU3 @ 0x200000694
CHIP::AMCC.AMCCPERFCNTR_MCSQPROPOUTPUTSMCU3 @ 0x200000698
CHIP::AMCC.AMCCIRERRDBG_INTEN @ 0x200000700
CHIP::AMCC.AMCCIRERRDBG_INTEN2ND @ 0x200000704
CHIP::AMCC.AMCCIRERRDBG_INTSTS @ 0x200000708
CHIP::AMCC.AMCCIRERRDBG_BAELOG1 @ 0x20000070c
CHIP::AMCC.AMCCIRERRDBG_BAELOG2 @ 0x200000710
CHIP::AMCC.AMCCIRERRDBG_MCCTAGPARLOG1 @ 0x200000714
CHIP::AMCC.AMCCIRERRDBG_MCCTAGPARLOG2 @ 0x200000718
CHIP::AMCC.AMCCIRERRDBG_MCCDATERRLOG @ 0x20000071c
CHIP::AMCC.AMCCIRERRDBG_MCCAFERRLOG0 @ 0x200000720
CHIP::AMCC.AMCCIRERRDBG_MCCAFERRLOG1 @ 0x200000724
CHIP::AMCC.AMCCIRERRDBG_MCCAFERRLOG2 @ 0x200000728
CHIP::AMCC.AMCCIRERRDBG_MCCDPERRCNTCTRL @ 0x20000072c
CHIP::AMCC.AMCCIRERRDBG_MCC0DPERRCNT @ 0x200000730
CHIP::AMCC.AMCCIRERRDBG_MCC1DPERRCNT @ 0x200000734
CHIP::AMCC.AMCCIRERRDBG_MCCTPERRCNTCTRL @ 0x200000738
CHIP::AMCC.AMCCIRERRDBG_MCCTPPARERRCNT @ 0x20000073c
CHIP::AMCC.AMCCIRERRDBG_TZERRRSPEN @ 0x200000740
CHIP::AMCC.AMCCIRERRDBG_MCCWAYMASK @ 0x200000744
CHIP::AMCC.AMCCIRERRDBG_MCCINJECCERRCTRL @ 0x200000748
CHIP::AMCC.AMCCIRERRDBG_MCCINJECCERRBITOFF @ 0x20000074c
CHIP::AMCC.AMCCIRERRDBG_DEBUGCTRL @ 0x200000750
CHIP::AMCC.AMCCIRERRDBG_CPGDEBUGSTS @ 0x200000754
CHIP::AMCC.MCCCFG_MCCGEN @ 0x200000780
CHIP::AMCC.MCCCFG_LIUMAXCRDCNT @ 0x200000784
CHIP::AMCC.MCCCFG_MCCQUOTACLRPENDING @ 0x200000788
CHIP::AMCC.MCCCFG_MCCCOPCMD @ 0x20000078c
CHIP::AMCC.MCCCFG_MCCTAGRDDATA @ 0x200000790
CHIP::AMCC.MCCCFG_MCCTAGRDDIS @ 0x200000794
CHIP::AMCC.MCCCFG_MCCPWRONWAYCNTCTRL @ 0x200000798
CHIP::AMCC.MCCCFG_MCCPWRONWAYCNTSTATUS @ 0x20000079c
CHIP::AMCC.MCCCFG_MCCPWRBASETIMEWIN @ 0x2000007a0
CHIP::AMCC.MCCCFG_MCCPWRWINTICKCNT @ 0x2000007a4
CHIP::AMCC.MCCCFG_MCCPWRUPTHR @ 0x2000007a8
CHIP::AMCC.MCCCFG_MCCPWRDNHITREPALLOCFAILTHR @ 0x2000007ac
CHIP::AMCC.MCCCFG_MCCPWRDNREPALLOCFAILTHR @ 0x2000007b0
CHIP::AMCC.MCCCFG_MCCPWRUPCTRL @ 0x2000007b4
CHIP::AMCC.MCCCFG_MCC0WAYSTATUS0 @ 0x2000007b8
CHIP::AMCC.MCCCFG_MCC0WAYSTATUS1 @ 0x2000007bc
CHIP::AMCC.MCCCFG_MCC1WAYSTATUS0 @ 0x2000007c0
CHIP::AMCC.MCCCFG_MCC1WAYSTATUS1 @ 0x2000007c4
CHIP::AMCC.MCCCFG_MCCALCHINT @ 0x2000007c8
CHIP::AMCC.MCCCFG_MCCAFWRMERGE @ 0x2000007cc
CHIP::AMCC.MCCCFG_MCCCHNLTM @ 0x2000007d0
CHIP::AMCC.MCCCFG_MCCAFQ2MSQTM @ 0x2000007d4
CHIP::AMCC.MCCCFG_SBQOSUPGCTRL @ 0x2000007d8
CHIP::AMCC.MCCCFG_SBQOSUPGISPAIDS @ 0x2000007dc
CHIP::AMCC.MCCSCH_MCSCMDCRD @ 0x200000800
CHIP::AMCC.MCCSCH_MCCAFDTHR @ 0x200000804
CHIP::AMCC.MCCSCH_MCDHWMTHR @ 0x200000808
CHIP::AMCC.MCCSCH_MCFTHR @ 0x20000080c
CHIP::AMCC.MCCSCH_MCHRSVDCNT @ 0x200000810
CHIP::AMCC.MCCRET_MCCRETCTRL @ 0x200000880
CHIP::AMCC.MCCRET_MCCRETTMPCAP @ 0x200000884
CHIP::AMCC.MCCRET_MCC0RETSTATUS @ 0x200000888
CHIP::AMCC.MCCRET_MCC1RETSTATUS @ 0x20000088c
CHIP::AMCC.MCCDATASET0CTRL_MCCDATASETID0 @ 0x200000980
CHIP::AMCC.MCCDATASET0CTRL_MCCDATASET0STS @ 0x200000984
CHIP::AMCC.MCCDATASET0CTRL_MCC1DATASETID0 @ 0x200000988
CHIP::AMCC.MCCDATASET0CTRL_MCC1DATASET0STS @ 0x20000098c
CHIP::AMCC.MCCDATASET1CTRL_MCCDATASETID1 @ 0x200004000
CHIP::AMCC.MCCDATASET1CTRL_MCCDATASET1STS @ 0x200004004
CHIP::AMCC.MCCDATASET2CTRL_MCCDATASETID2 @ 0x200008000
CHIP::AMCC.MCCDATASET2CTRL_MCCDATASET2STS @ 0x200008004
CHIP::AMCC.MCCDATASET3CTRL_MCCDATASETID3 @ 0x20000c000
CHIP::AMCC.MCCDATASET3CTRL_MCCDATASET3STS @ 0x20000c004
CHIP::AMCC.MCCDATASET4CTRL_MCCDATASETID4 @ 0x200010000
CHIP::AMCC.MCCDATASET4CTRL_MCCDATASET4STS @ 0x200010004
CHIP::AMCC.MCCDATASET5CTRL_MCCDATASETID5 @ 0x200014000
CHIP::AMCC.MCCDATASET5CTRL_MCCDATASET5STS @ 0x200014004
CHIP::AMCC.MCCDATASET6CTRL_MCCDATASETID6 @ 0x200018000
CHIP::AMCC.MCCDATASET6CTRL_MCCDATASET6STS @ 0x200018004
CHIP::AMCC.MCCDATASET7CTRL_MCCDATASETID7 @ 0x20001c000
CHIP::AMCC.MCCDATASET7CTRL_MCCDATASET7STS @ 0x20001c004
CHIP::AMCC.MCCDATASET8CTRL_MCCDATASETID8 @ 0x200020000
CHIP::AMCC.MCCDATASET8CTRL_MCCDATASET8STS @ 0x200020004
CHIP::AMCC.MCCDATASET9CTRL_MCCDATASETID9 @ 0x200024000
CHIP::AMCC.MCCDATASET9CTRL_MCCDATASET9STS @ 0x200024004
CHIP::AMCC.MCCDATASET10CTRL_MCCDATASETID10 @ 0x200028000
CHIP::AMCC.MCCDATASET10CTRL_MCCDATASET10STS @ 0x200028004
CHIP::AMCC.MCCDATASET11CTRL_MCCDATASETID11 @ 0x20002c000
CHIP::AMCC.MCCDATASET11CTRL_MCCDATASET11STS @ 0x20002c004
CHIP::AMCC.MCCDATASET12CTRL_MCCDATASETID12 @ 0x200030000
CHIP::AMCC.MCCDATASET12CTRL_MCCDATASET12STS @ 0x200030004
CHIP::AMCC.MCCDATASET13CTRL_MCCDATASETID13 @ 0x200034000
CHIP::AMCC.MCCDATASET13CTRL_MCCDATASET13STS @ 0x200034004
CHIP::AMCC.MCCDATASET14CTRL_MCCDATASETID14 @ 0x200038000
CHIP::AMCC.MCCDATASET14CTRL_MCCDATASET14STS @ 0x200038004
CHIP::AMCC.MCCDATASET15CTRL_MCCDATASETID15 @ 0x20003c000
CHIP::AMCC.MCCDATASET15CTRL_MCCDATASET15STS @ 0x20003c004
CHIP::DCS0::MCU.AMCGEN_AMCCTRL @ 0x200200000
CHIP::DCS0::MCU.AMCGEN_CLKGATE @ 0x200200004
CHIP::DCS0::MCU.AMCGEN_FREQSEL @ 0x200200008
CHIP::DCS0::MCU.AMCGEN_AMCVER @ 0x20020000c
CHIP::DCS0::MCU.AMCGEN_AMCCLKPWRGATE @ 0x200200010
CHIP::DCS0::MCU.AMCGEN_AMCCLKPWRGATE2 @ 0x200200014
CHIP::DCS0::MCU.MCUSCH_OPIDLETMR @ 0x200200180
CHIP::DCS0::MCU.MCUSCH_OPTMRADJEN @ 0x200200184
CHIP::DCS0::MCU.MCUSCH_OPTMRADJPARAM @ 0x200200188
CHIP::DCS0::MCU.MCUSCH_MIFNRTAGE @ 0x20020018c
CHIP::DCS0::MCU.MCUSCH_MIFRTAGE @ 0x200200190
CHIP::DCS0::MCU.MCUSCH_MIFPCAGE @ 0x200200194
CHIP::DCS0::MCU.MCUSCH_QBREN @ 0x200200198
CHIP::DCS0::MCU.MCUSCH_QBRPARAM @ 0x20020019c
CHIP::DCS0::MCU.MCUSCH_PSQAFNTY @ 0x2002001a0
CHIP::DCS0::MCU.MCUSCH_PSQRQCTL0 @ 0x2002001a4
CHIP::DCS0::MCU.MCUSCH_PSQCPU0LLT_FREQ0 @ 0x2002001a8
CHIP::DCS0::MCU.MCUSCH_PSQCPU1LLT_FREQ0 @ 0x2002001ac
CHIP::DCS0::MCU.MCUSCH_PSQSOCLLT_FREQ0 @ 0x2002001b0
CHIP::DCS0::MCU.MCUSCH_PSQCPU0LLT_FREQ1 @ 0x2002001b4
CHIP::DCS0::MCU.MCUSCH_PSQCPU1LLT_FREQ1 @ 0x2002001b8
CHIP::DCS0::MCU.MCUSCH_PSQSOCLLT_FREQ1 @ 0x2002001bc
CHIP::DCS0::MCU.MCUSCH_PSQCPU0LLT_FREQ2 @ 0x2002001c0
CHIP::DCS0::MCU.MCUSCH_PSQCPU1LLT_FREQ2 @ 0x2002001c4
CHIP::DCS0::MCU.MCUSCH_PSQSOCLLT_FREQ2 @ 0x2002001c8
CHIP::DCS0::MCU.MCUSCH_PSQCPU0LLT_FREQ3 @ 0x2002001cc
CHIP::DCS0::MCU.MCUSCH_PSQCPU1LLT_FREQ3 @ 0x2002001d0
CHIP::DCS0::MCU.MCUSCH_PSQSOCLLT_FREQ3 @ 0x2002001d4
CHIP::DCS0::MCU.MCUSCH_PSQRQTIMER0 @ 0x2002001d8
CHIP::DCS0::MCU.MCUSCH_PSQRQTIMER1 @ 0x2002001dc
CHIP::DCS0::MCU.MCUSCH_PSQRQBRST @ 0x2002001e0
CHIP::DCS0::MCU.MCUSCH_PSQRQSCHCRD @ 0x2002001e4
CHIP::DCS0::MCU.MCUSCH_PSQWQCTRL0 @ 0x2002001e8
CHIP::DCS0::MCU.MCUSCH_PSQWQCTL1 @ 0x2002001ec
CHIP::DCS0::MCU.MCUSCH_PSQWQCTL2 @ 0x2002001f0
CHIP::DCS0::MCU.MCUSCH_PSQWQTHR @ 0x2002001f4
CHIP::DCS0::MCU.MCUSCH_PSQWQBRST @ 0x2002001f8
CHIP::DCS0::MCU.MCUSCH_PSQWQSCHCRD @ 0x2002001fc
CHIP::DCS0::MCU.MCUSCH_MCUQOSLLT @ 0x200200200
CHIP::DCS0::MCU.MCUSCH_SBQOSUPGCTRL @ 0x200200204
CHIP::DCS0::MCU.MCUSCH_SBQOSUPGISPAIDS @ 0x200200208
CHIP::DCS0::MCU.PHYTIM_PHYRDWRTIM_FREQ0 @ 0x200200280
CHIP::DCS0::MCU.PHYTIM_PHYRDWRTIM_FREQ1 @ 0x200200284
CHIP::DCS0::MCU.PHYTIM_PHYRDWRTIM_FREQ2 @ 0x200200288
CHIP::DCS0::MCU.PHYTIM_PHYRDWRTIM_FREQ3 @ 0x20020028c
CHIP::DCS0::MCU.PHYCFG_PHYUPDATETIMERS @ 0x200200300
CHIP::DCS0::MCU.PHYCFG_PHYMRRDATADQMUX @ 0x200200304
CHIP::DCS0::MCU.DRAMTIM_LAT_FREQ0 @ 0x200200380
CHIP::DCS0::MCU.DRAMTIM_LAT_FREQ1 @ 0x200200384
CHIP::DCS0::MCU.DRAMTIM_LAT_FREQ2 @ 0x200200388
CHIP::DCS0::MCU.DRAMTIM_LAT_FREQ3 @ 0x20020038c
CHIP::DCS0::MCU.DRAMTIM_CASPCH_FREQ0 @ 0x200200390
CHIP::DCS0::MCU.DRAMTIM_CASPCH_FREQ1 @ 0x200200394
CHIP::DCS0::MCU.DRAMTIM_CASPCH_FREQ2 @ 0x200200398
CHIP::DCS0::MCU.DRAMTIM_CASPCH_FREQ3 @ 0x20020039c
CHIP::DCS0::MCU.DRAMTIM_ACT_FREQ0 @ 0x2002003a0
CHIP::DCS0::MCU.DRAMTIM_ACT_FREQ1 @ 0x2002003a4
CHIP::DCS0::MCU.DRAMTIM_ACT_FREQ2 @ 0x2002003a8
CHIP::DCS0::MCU.DRAMTIM_ACT_FREQ3 @ 0x2002003ac
CHIP::DCS0::MCU.DRAMTIM_AUTOREF_FREQ0 @ 0x2002003b0
CHIP::DCS0::MCU.DRAMTIM_AUTOREF_FREQ1 @ 0x2002003b4
CHIP::DCS0::MCU.DRAMTIM_AUTOREF_FREQ2 @ 0x2002003b8
CHIP::DCS0::MCU.DRAMTIM_AUTOREF_FREQ3 @ 0x2002003bc
CHIP::DCS0::MCU.DRAMTIM_SELFREF_FREQ0 @ 0x2002003c0
CHIP::DCS0::MCU.DRAMTIM_SELFREF_FREQ1 @ 0x2002003c4
CHIP::DCS0::MCU.DRAMTIM_SELFREF_FREQ2 @ 0x2002003c8
CHIP::DCS0::MCU.DRAMTIM_SELFREF_FREQ3 @ 0x2002003cc
CHIP::DCS0::MCU.DRAMTIM_PDN @ 0x2002003d0
CHIP::DCS0::MCU.DRAMTIM_MODEREG @ 0x2002003d4
CHIP::DCS0::MCU.DRAMTIM_DERATE_FREQ0 @ 0x2002003d8
CHIP::DCS0::MCU.DRAMTIM_DERATE_FREQ1 @ 0x2002003dc
CHIP::DCS0::MCU.DRAMTIM_DERATE_FREQ2 @ 0x2002003e0
CHIP::DCS0::MCU.DRAMTIM_DERATE_FREQ3 @ 0x2002003e4
CHIP::DCS0::MCU.DRAMTIM_TAT_FREQ0 @ 0x2002003e8
CHIP::DCS0::MCU.DRAMTIM_TAT_FREQ1 @ 0x2002003ec
CHIP::DCS0::MCU.DRAMTIM_TAT_FREQ2 @ 0x2002003f0
CHIP::DCS0::MCU.DRAMTIM_TAT_FREQ3 @ 0x2002003f4
CHIP::DCS0::MCU.DRAMTIM_TRANSGAP @ 0x2002003f8
CHIP::DCS0::MCU.DRAMTIM_AUTOREF_PARAMS @ 0x2002003fc
CHIP::DCS0::MCU.DRAMCFG_RWCFG @ 0x200200400
CHIP::DCS0::MCU.DRAMCFG_RNKCFG @ 0x200200404
CHIP::DCS0::MCU.DRAMCFG_AREFEN_FREQ0 @ 0x200200408
CHIP::DCS0::MCU.DRAMCFG_AREFEN_FREQ1 @ 0x20020040c
CHIP::DCS0::MCU.DRAMCFG_AREFEN_FREQ2 @ 0x200200410
CHIP::DCS0::MCU.DRAMCFG_AREFEN_FREQ3 @ 0x200200414
CHIP::DCS0::MCU.DRAMCFG_AREFPARAM @ 0x200200418
CHIP::DCS0::MCU.DRAMCFG_LONGSR @ 0x20020041c
CHIP::DCS0::MCU.DRAMCFG_ODTSZQC @ 0x200200420
CHIP::DCS0::MCU.DRAMCFG_PWRMNGTEN @ 0x200200424
CHIP::DCS0::MCU.DRAMCFG_PWRMNGTPARAM_FREQ0 @ 0x200200428
CHIP::DCS0::MCU.DRAMCFG_PWRMNGTPARAM_FREQ1 @ 0x20020042c
CHIP::DCS0::MCU.DRAMCFG_PWRMNGTPARAM_FREQ2 @ 0x200200430
CHIP::DCS0::MCU.DRAMCFG_PWRMNGTPARAM_FREQ3 @ 0x200200434
CHIP::DCS0::MCU.DRAMCFG_ODTSMAPPING @ 0x200200438
CHIP::DCS0::MCU.DRAMCFG_MCPHYUPDTPARAM @ 0x20020043c
CHIP::DCS0::MCU.DRAMCFG_READLEVELING @ 0x200200440
CHIP::DCS0::MCU.DRAMCFG_REFPBHITHRESHOLDS @ 0x200200444
CHIP::DCS0::MCU.DRAMCFG_REFPBLOTHRESHOLDS @ 0x200200448
CHIP::DCS0::MCU.DRAMCFG_FREQCHNGCTL @ 0x20020044c
CHIP::DCS0::MCU.DRAMCFG_FREQCHNGCTL0_FREQ0 @ 0x200200450
CHIP::DCS0::MCU.DRAMCFG_FREQCHNGCTL1_FREQ0 @ 0x200200454
CHIP::DCS0::MCU.DRAMCFG_FREQCHNGCTL2_FREQ0 @ 0x200200458
CHIP::DCS0::MCU.DRAMCFG_FREQCHNGCTL3_FREQ0 @ 0x20020045c
CHIP::DCS0::MCU.DRAMCFG_FREQCHNGCTL4_FREQ0 @ 0x200200460
CHIP::DCS0::MCU.DRAMCFG_FREQCHNGCTL5_FREQ0 @ 0x200200464
CHIP::DCS0::MCU.DRAMCFG_FREQCHNGCTL0_FREQ1 @ 0x200200468
CHIP::DCS0::MCU.DRAMCFG_FREQCHNGCTL1_FREQ1 @ 0x20020046c
CHIP::DCS0::MCU.DRAMCFG_FREQCHNGCTL2_FREQ1 @ 0x200200470
CHIP::DCS0::MCU.DRAMCFG_FREQCHNGCTL3_FREQ1 @ 0x200200474
CHIP::DCS0::MCU.DRAMCFG_FREQCHNGCTL4_FREQ1 @ 0x200200478
CHIP::DCS0::MCU.DRAMCFG_FREQCHNGCTL5_FREQ1 @ 0x20020047c
CHIP::DCS0::MCU.DRAMCFG_FREQCHNGCTL0_FREQ2 @ 0x200200480
CHIP::DCS0::MCU.DRAMCFG_FREQCHNGCTL1_FREQ2 @ 0x200200484
CHIP::DCS0::MCU.DRAMCFG_FREQCHNGCTL2_FREQ2 @ 0x200200488
CHIP::DCS0::MCU.DRAMCFG_FREQCHNGCTL3_FREQ2 @ 0x20020048c
CHIP::DCS0::MCU.DRAMCFG_FREQCHNGCTL4_FREQ2 @ 0x200200490
CHIP::DCS0::MCU.DRAMCFG_FREQCHNGCTL5_FREQ2 @ 0x200200494
CHIP::DCS0::MCU.DRAMCFG_FREQCHNGCTL0_FREQ3 @ 0x200200498
CHIP::DCS0::MCU.DRAMCFG_FREQCHNGCTL1_FREQ3 @ 0x20020049c
CHIP::DCS0::MCU.DRAMCFG_FREQCHNGCTL2_FREQ3 @ 0x2002004a0
CHIP::DCS0::MCU.DRAMCFG_FREQCHNGCTL3_FREQ3 @ 0x2002004a4
CHIP::DCS0::MCU.DRAMCFG_FREQCHNGCTL4_FREQ3 @ 0x2002004a8
CHIP::DCS0::MCU.DRAMCFG_FREQCHNGCTL5_FREQ3 @ 0x2002004ac
CHIP::DCS0::MCU.DRAMCFG_ROWHAMCTRL0 @ 0x2002004b0
CHIP::DCS0::MCU.DRAMCFG_ROWHAMCTRL1 @ 0x2002004b4
CHIP::DCS0::MCU.DRAMCFG_ROWHAMCTRL2 @ 0x2002004b8
CHIP::DCS0::MCU.DRAMCFG_ROWHAMSTS @ 0x2002004bc
CHIP::DCS0::MCU.DRAMCFG_FREQCHNGTIM_FREQ0 @ 0x2002004c0
CHIP::DCS0::MCU.DRAMCFG_FREQCHNGTIM_FREQ1 @ 0x2002004c4
CHIP::DCS0::MCU.DRAMCFG_FREQCHNGTIM_FREQ2 @ 0x2002004c8
CHIP::DCS0::MCU.DRAMCFG_FREQCHNGTIM_FREQ3 @ 0x2002004cc
CHIP::DCS0::MCU.DRAMCMD_MRINITCMD @ 0x200200500
CHIP::DCS0::MCU.DRAMCMD_MRINITSTS @ 0x200200504
CHIP::DCS0::MCU.AMCXPERFCNTR_PERFCNTRCTL @ 0x200200580
CHIP::DCS0::MCU.AMCXPERFCNTR_PERFCNTREN @ 0x200200584
CHIP::DCS0::MCU.AMCXPERFCNTR_PERFCNTR0CTL1 @ 0x200200588
CHIP::DCS0::MCU.AMCXPERFCNTR_PERFCNTR0CTL2 @ 0x20020058c
CHIP::DCS0::MCU.AMCXPERFCNTR_PERFCNTR0CTL3 @ 0x200200590
CHIP::DCS0::MCU.AMCXPERFCNTR_PERFCNTR0CTL4 @ 0x200200594
CHIP::DCS0::MCU.AMCXPERFCNTR_PERFCNTR0CTL5 @ 0x200200598
CHIP::DCS0::MCU.AMCXPERFCNTR_PERFCNTR0CTL6 @ 0x20020059c
CHIP::DCS0::MCU.AMCXPERFCNTR_PERFCNTR0VAL @ 0x2002005a0
CHIP::DCS0::MCU.AMCXPERFCNTR_PERFCNTR1CTL1 @ 0x2002005a4
CHIP::DCS0::MCU.AMCXPERFCNTR_PERFCNTR1CTL2 @ 0x2002005a8
CHIP::DCS0::MCU.AMCXPERFCNTR_PERFCNTR1CTL3 @ 0x2002005ac
CHIP::DCS0::MCU.AMCXPERFCNTR_PERFCNTR1CTL4 @ 0x2002005b0
CHIP::DCS0::MCU.AMCXPERFCNTR_PERFCNTR1CTL5 @ 0x2002005b4
CHIP::DCS0::MCU.AMCXPERFCNTR_PERFCNTR1CTL6 @ 0x2002005b8
CHIP::DCS0::MCU.AMCXPERFCNTR_PERFCNTR1VAL @ 0x2002005bc
CHIP::DCS0::MCU.AMCXPERFCNTR_PERFCNTR2CTL1 @ 0x2002005c0
CHIP::DCS0::MCU.AMCXPERFCNTR_PERFCNTR2CTL2 @ 0x2002005c4
CHIP::DCS0::MCU.AMCXPERFCNTR_PERFCNTR2CTL3 @ 0x2002005c8
CHIP::DCS0::MCU.AMCXPERFCNTR_PERFCNTR2CTL4 @ 0x2002005cc
CHIP::DCS0::MCU.AMCXPERFCNTR_PERFCNTR2CTL5 @ 0x2002005d0
CHIP::DCS0::MCU.AMCXPERFCNTR_PERFCNTR2CTL6 @ 0x2002005d4
CHIP::DCS0::MCU.AMCXPERFCNTR_PERFCNTR2VAL @ 0x2002005d8
CHIP::DCS0::MCU.AMCXPERFCNTR_PERFCNTR3CTL1 @ 0x2002005dc
CHIP::DCS0::MCU.AMCXPERFCNTR_PERFCNTR3CTL2 @ 0x2002005e0
CHIP::DCS0::MCU.AMCXPERFCNTR_PERFCNTR3CTL3 @ 0x2002005e4
CHIP::DCS0::MCU.AMCXPERFCNTR_PERFCNTR3CTL4 @ 0x2002005e8
CHIP::DCS0::MCU.AMCXPERFCNTR_PERFCNTR3CTL5 @ 0x2002005ec
CHIP::DCS0::MCU.AMCXPERFCNTR_PERFCNTR3CTL6 @ 0x2002005f0
CHIP::DCS0::MCU.AMCXPERFCNTR_PERFCNTR3VAL @ 0x2002005f4
CHIP::DCS0::MCU.AMCXPERFCNTR_PERFCNTR4CTL1 @ 0x2002005f8
CHIP::DCS0::MCU.AMCXPERFCNTR_PERFCNTR4CTL2 @ 0x2002005fc
CHIP::DCS0::MCU.AMCXPERFCNTR_PERFCNTR4CTL3 @ 0x200200600
CHIP::DCS0::MCU.AMCXPERFCNTR_PERFCNTR4CTL4 @ 0x200200604
CHIP::DCS0::MCU.AMCXPERFCNTR_PERFCNTR4CTL5 @ 0x200200608
CHIP::DCS0::MCU.AMCXPERFCNTR_PERFCNTR4CTL6 @ 0x20020060c
CHIP::DCS0::MCU.AMCXPERFCNTR_PERFCNTR4VAL @ 0x200200610
CHIP::DCS0::MCU.AMCXPERFCNTR_PERFCNTR5CTL1 @ 0x200200614
CHIP::DCS0::MCU.AMCXPERFCNTR_PERFCNTR5CTL2 @ 0x200200618
CHIP::DCS0::MCU.AMCXPERFCNTR_PERFCNTR5CTL3 @ 0x20020061c
CHIP::DCS0::MCU.AMCXPERFCNTR_PERFCNTR5CTL4 @ 0x200200620
CHIP::DCS0::MCU.AMCXPERFCNTR_PERFCNTR5CTL5 @ 0x200200624
CHIP::DCS0::MCU.AMCXPERFCNTR_PERFCNTR5CTL6 @ 0x200200628
CHIP::DCS0::MCU.AMCXPERFCNTR_PERFCNTR5VAL @ 0x20020062c
CHIP::DCS0::MCU.AMCXPERFCNTR_QPROPCTRL @ 0x200200630
CHIP::DCS0::MCU.AMCXPERFCNTR_MCU0PSQQPROPCTRL @ 0x200200634
CHIP::DCS0::MCU.AMCXPERFCNTR_MCU0PSRQQPROPAVGLAT @ 0x200200638
CHIP::DCS0::MCU.AMCXPERFCNTR_MCU0PSRQQPROPAVGTHRPT @ 0x20020063c
CHIP::DCS0::MCU.AMCXPERFCNTR_MCU0PSRQQPROPOUTPUTS @ 0x200200640
CHIP::DCS0::MCU.AMCXPERFCNTR_MCU0PSRQQPROPMONCTRL @ 0x200200644
CHIP::DCS0::MCU.AMCXPERFCNTR_MCU0PSRQQPROPMONHITHR @ 0x200200648
CHIP::DCS0::MCU.AMCXPERFCNTR_MCU0PSRQQPROPMONLOWTHR @ 0x20020064c
CHIP::DCS0::MCU.AMCXPERFCNTR_MCU0PSWQQPROPAVGLAT @ 0x200200650
CHIP::DCS0::MCU.AMCXPERFCNTR_MCU0PSWQQPROPAVGTHRPT @ 0x200200654
CHIP::DCS0::MCU.AMCXPERFCNTR_MCU0PSWQQPROPOUTPUTS @ 0x200200658
CHIP::DCS0::MCU.AMCXPERFCNTR_MCU0PSWQQPROPMONCTRL @ 0x20020065c
CHIP::DCS0::MCU.AMCXPERFCNTR_MCU0PSWQQPROPMONHITHR @ 0x200200660
CHIP::DCS0::MCU.AMCXPERFCNTR_MCU0PSWQQPROPMONLOWTHR @ 0x200200664
CHIP::DCS0::MCU.AMCXIRERRDBG_INTEN0 @ 0x200200700
CHIP::DCS0::MCU.AMCXIRERRDBG_INTEN1 @ 0x200200704
CHIP::DCS0::MCU.AMCXIRERRDBG_INTSTS @ 0x200200708
CHIP::DCS0::MCU.AMCXIRERRDBG_DEBUGCTRL @ 0x20020070c
CHIP::DCS0::MCU.AMCXIRERRDBG_DEBUGSTS0 @ 0x200200710
CHIP::DCS0::MCU.AMCXIRERRDBG_DEBUGSTSCLKPWR @ 0x200200714
CHIP::DCS0::MCU.MIFQCTRL_MIFQMAXCTRL_FREQ0 @ 0x200200780
CHIP::DCS0::MCU.MIFQCTRL_MIFQMAXCTRL_FREQ1 @ 0x200200784
CHIP::DCS0::MCU.MIFQCTRL_MIFQMAXCTRL_FREQ2 @ 0x200200788
CHIP::DCS0::MCU.MIFQCTRL_MIFQMAXCTRL_FREQ3 @ 0x20020078c
CHIP::DCS0::SPLLCTRL.SPLLCTRL_MODEREG @ 0x20020c000
CHIP::DCS0::SPLLCTRL.SPLLCTRL_POWERDOWNRESET @ 0x20020c004
CHIP::DCS0::SPLLCTRL.SPLLCTRL_LOCKSTATUS @ 0x20020c008
CHIP::DCS0::SPLLCTRL.SPLLCTRL_INTERRUPT @ 0x20020c00c
CHIP::DCS0::SPLLCTRL.SPLLCTRL_INTEN0 @ 0x20020c010
CHIP::DCS0::SPLLCTRL.SPLLCTRL_INTEN1 @ 0x20020c014
CHIP::DCS0::SPLLCTRL.SPLLCTRL_OUTPUTDIVIDER @ 0x20020c018
CHIP::DCS0::SPLLCTRL.SPLLCTRL_CHARGEPUMP @ 0x20020c01c
CHIP::DCS0::SPLLCTRL.SPLLCTRL_VCO @ 0x20020c020
CHIP::DCS0::SPLLCTRL.SPLLCTRL_LDO @ 0x20020c024
CHIP::DCS0::SPLLCTRL.SPLLCTRL_TESTCTRL @ 0x20020c028
CHIP::DCS0::SPLLCTRL.SPLLCTRL_TESTSTATUS @ 0x20020c02c
CHIP::DCS0::SPLLCTRL.SPLLCTRL_DFT @ 0x20020c030
CHIP::DCS0::SPLLCTRL.SPLLCTRL_OVERRIDE @ 0x20020c034
CHIP::DCS0::SPLLCTRL.SPLLCTRL_TESTPLL @ 0x20020c038
CHIP::DCS0::SPLLCTRL.SPLLCTRL_TESTPLLSTATUS @ 0x20020c03c
CHIP::DCS0::SPLLCTRL.SPLLCTRL_PLLSEQLDOUPTIMER @ 0x20020c040
CHIP::DCS0::SPLLCTRL.SPLLCTRL_PLLSEQLDODNTIMER @ 0x20020c044
CHIP::DCS0::SPLLCTRL.SPLLCTRL_PLLSEQSTBYTIMER @ 0x20020c048
CHIP::DCS0::SPLLCTRL.SPLLCTRL_PLLSEQPD2STBYTIMER @ 0x20020c04c
CHIP::DCS0::SPLLCTRL.SPLLCTRL_PLLSEQSETDIVTIMER @ 0x20020c050
CHIP::DCS0::SPLLCTRL.SPLLCTRL_PLLSEQSETUPDTIMER @ 0x20020c054
CHIP::DCS0::SPLLCTRL.SPLLCTRL_PLLSEQCLKSETUPTIMER @ 0x20020c058
CHIP::DCS0::SPLLCTRL.SPLLCTRL_SPLLPWRDNCFG @ 0x20020c05c
CHIP::DCS0::SPLLCTRL.SPLLCTRL_SPLLDIVCFG @ 0x20020c060
CHIP::DCS0::SPLLCTRL.SPLLCTRL_MDLLPWRDNCFG0 @ 0x20020c064
CHIP::DCS0::SPLLCTRL.SPLLCTRL_MDLLPWRDNCFG1 @ 0x20020c068
CHIP::DCS0::SPLLCTRL.SPLLCTRL_MDLLPWRDNCFG2 @ 0x20020c06c
CHIP::DCS0::AMPSCA.AMPSCAGEN_AMPEN @ 0x200220000
CHIP::DCS0::AMPSCA.AMPSCAGEN_AMPCLK @ 0x200220004
CHIP::DCS0::AMPSCA.AMPSCAGEN_AMPINIT @ 0x200220008
CHIP::DCS0::AMPSCA.AMPSCAGEN_DRAM_RESETN @ 0x20022000c
CHIP::DCS0::AMPSCA.AMPSCAGEN_AMPVER @ 0x200220010
CHIP::DCS0::AMPSCA.AMPSCAIOCFG_IMPCODE @ 0x200220080
CHIP::DCS0::AMPSCA.AMPSCAIOCFG_IMPOVRRD @ 0x200220084
CHIP::DCS0::AMPSCA.AMPSCAIOCFG_IMPAUTOCAL @ 0x200220088
CHIP::DCS0::AMPSCA.AMPSCAIOCFG_IMPCALCONTROL @ 0x20022008c
CHIP::DCS0::AMPSCA.AMPSCAIOCFG_IMPCALPHYUPDT @ 0x200220090
CHIP::DCS0::AMPSCA.AMPSCAIOCFG_IMPCALCMD @ 0x200220094
CHIP::DCS0::AMPSCA.AMPSCAIOCFG_DRAMSIGDLY @ 0x200220098
CHIP::DCS0::AMPSCA.AMPSCAIOCFG_NONDQDSPD_F0 @ 0x20022009c
CHIP::DCS0::AMPSCA.AMPSCAIOCFG_NONDQDSPD_F1 @ 0x2002200a0
CHIP::DCS0::AMPSCA.AMPSCAIOCFG_NONDQDSPD_F2 @ 0x2002200a4
CHIP::DCS0::AMPSCA.AMPSCAIOCFG_NONDQDSPD_F3 @ 0x2002200a8
CHIP::DCS0::AMPSCA.AMPSCAIOCFG_NONDQDS_F0 @ 0x2002200ac
CHIP::DCS0::AMPSCA.AMPSCAIOCFG_NONDQDS_F1 @ 0x2002200b0
CHIP::DCS0::AMPSCA.AMPSCAIOCFG_NONDQDS_F2 @ 0x2002200b4
CHIP::DCS0::AMPSCA.AMPSCAIOCFG_NONDQDS_F3 @ 0x2002200b8
CHIP::DCS0::AMPSCA.AMPSCAIOCFG_CACKCSWKPD_F0 @ 0x2002200bc
CHIP::DCS0::AMPSCA.AMPSCAIOCFG_CACKCSWKPD_F1 @ 0x2002200c0
CHIP::DCS0::AMPSCA.AMPSCAIOCFG_CACKCSWKPD_F2 @ 0x2002200c4
CHIP::DCS0::AMPSCA.AMPSCAIOCFG_CACKCSWKPD_F3 @ 0x2002200c8
CHIP::DCS0::AMPSCA.AMPSCAIOCFG_CACKCSWKDS @ 0x2002200cc
CHIP::DCS0::AMPSCA.AMPSCAIOCFG_DCC @ 0x2002200d0
CHIP::DCS0::AMPSCA.AMPSCAIOCFG_BISTRXMODE @ 0x2002200d4
CHIP::DCS0::AMPSCA.AMPSCARDTIM_RDCAPCFG_FREQ0 @ 0x200220100
CHIP::DCS0::AMPSCA.AMPSCARDTIM_RDCAPCFG_FREQ1 @ 0x200220104
CHIP::DCS0::AMPSCA.AMPSCARDTIM_RDCAPCFG_FREQ2 @ 0x200220108
CHIP::DCS0::AMPSCA.AMPSCARDTIM_RDCAPCFG_FREQ3 @ 0x20022010c
CHIP::DCS0::AMPSCA.AMPSCARDTIM_CALPATCFG @ 0x200220110
CHIP::DCS0::AMPSCA.AMPSCARDTIM_DQTRNCFG @ 0x200220114
CHIP::DCS0::AMPSCA.AMPSCARDTIM_DQTRNCMD @ 0x200220118
CHIP::DCS0::AMPSCA.AMPSCARDTIM_DQTRNSTS @ 0x20022011c
CHIP::DCS0::AMPSCA.AMPSCADLLCTL_DLLEN @ 0x200220180
CHIP::DCS0::AMPSCA.AMPSCADLLCTL_MDLLFREQBINDISABLE @ 0x200220184
CHIP::DCS0::AMPSCA.AMPSCADLLCTL_MDLLFREQSCALE @ 0x200220188
CHIP::DCS0::AMPSCA.AMPSCADLLCTL_DLLUPDTCMD @ 0x20022018c
CHIP::DCS0::AMPSCA.AMPSCADLLCTL_MDLLCODE @ 0x200220190
CHIP::DCS0::AMPSCA.AMPSCADLLCTL_MDLLOVERRIDE @ 0x200220194
CHIP::DCS0::AMPSCA.AMPSCADLLCTL_DLLLOCKTIM @ 0x200220198
CHIP::DCS0::AMPSCA.AMPSCADLLCTL_DLLLOCKCTRL @ 0x20022019c
CHIP::DCS0::AMPSCA.AMPSCADLLCTL_DLLUPDTINTVL @ 0x2002201a0
CHIP::DCS0::AMPSCA.AMPSCADLLCTL_DLLUPDTCTRL @ 0x2002201a4
CHIP::DCS0::AMPSCA.AMPSCADLLCTL_DLLSTS @ 0x2002201a8
CHIP::DCS0::AMPSCA.AMPSCADLLCTL_MASTERSTATUS0 @ 0x2002201ac
CHIP::DCS0::AMPSCA.AMPSCADLLCTL_MASTERSTATUS1 @ 0x2002201b0
CHIP::DCS0::AMPSCA.AMPSCADLLCTL_MASTERSTATUSSTPSZ @ 0x2002201b4
CHIP::DCS0::AMPSCA.AMPSCADLLCTL_SLAVESTATUSSEL @ 0x2002201b8
CHIP::DCS0::AMPSCA.AMPSCADLLCTL_SLAVESTATUS @ 0x2002201bc
CHIP::DCS0::AMPSCA.AMPSCADLLCTL_CAOUTDLLSCL_FREQ0 @ 0x2002201c0
CHIP::DCS0::AMPSCA.AMPSCADLLCTL_CAOUTDLLSCL_FREQ1 @ 0x2002201c4
CHIP::DCS0::AMPSCA.AMPSCADLLCTL_CAOUTDLLSCL_FREQ2 @ 0x2002201c8
CHIP::DCS0::AMPSCA.AMPSCADLLCTL_CAOUTDLLSCL_FREQ3 @ 0x2002201cc
CHIP::DCS0::AMPSCA.AMPSCATEST_AMPTESTMODE @ 0x200220380
CHIP::DCS0::AMPSCA.AMPSCATEST_BISTCMD @ 0x200220384
CHIP::DCS0::AMPSCA.AMPSCATEST_BISTSTS @ 0x200220388
CHIP::DCS0::AMPSCA.AMPSCATEST_BISTRDFIFOCTRL @ 0x20022038c
CHIP::DCS0::AMPSCA.AMPSCATEST_BISTRDFIFOSTATUS @ 0x200220390
CHIP::DCS0::AMPSCA.AMPSCATEST_BISTERRCAP0 @ 0x200220394
CHIP::DCS0::AMPSCA.AMPSCATEST_BISTERRINJCAP0 @ 0x200220398
CHIP::DCS0::AMPSCA.AMPSCATEST_BISTERRCAP1 @ 0x20022039c
CHIP::DCS0::AMPSCA.AMPSCATEST_BISTERRINJCAP1 @ 0x2002203a0
CHIP::DCS0::AMPSCA.AMPSCATEST_BISTERRPATCAP0 @ 0x2002203a4
CHIP::DCS0::AMPSCA.AMPSCATEST_BISTEXPECTPATCAP0 @ 0x2002203a8
CHIP::DCS0::AMPSCA.AMPSCATEST_BISTOVERRIDEPATCAP0 @ 0x2002203ac
CHIP::DCS0::AMPSCA.AMPSCATEST_BISTERRPATCAP1 @ 0x2002203b0
CHIP::DCS0::AMPSCA.AMPSCATEST_BISTEXPECTPATCAP1 @ 0x2002203b4
CHIP::DCS0::AMPSCA.AMPSCATEST_BISTOVERRIDEPATCAP1 @ 0x2002203b8
CHIP::DCS0::AMPSCA.AMPSCATEST_BISTLFSRCAP0 @ 0x2002203bc
CHIP::DCS0::AMPSCA.AMPSCATEST_BISTLFSRCAP1 @ 0x2002203c0
CHIP::DCS0::AMPSCA.AMPSCATEST_BISTOVRCYCCNT @ 0x2002203c4
CHIP::DCS0::AMPSCA.AMPSCATEST_BISTSWEEP @ 0x2002203c8
CHIP::DCS0::AMPSCA.AMPSCATEST_BISTSWEEPLOOP @ 0x2002203cc
CHIP::DCS0::AMPSCA.AMPSCATEST_BISTSWEEPSTS0 @ 0x2002203d0
CHIP::DCS0::AMPSCA.AMPSCATEST_BISTSWEEPSTS1 @ 0x2002203d4
CHIP::DCS0::AMPSCA.AMPSCAIRERRDBG_AMPINTEN @ 0x200220400
CHIP::DCS0::AMPSCA.AMPSCAIRERRDBG_INTSTS @ 0x200220404
CHIP::DCS0::AMPSCA.AMPSCADESKEWCTRL_CA0_DESKEW_CTRL @ 0x200220500
CHIP::DCS0::AMPSCA.AMPSCADESKEWCTRL_CA1_DESKEW_CTRL @ 0x200220504
CHIP::DCS0::AMPSCA.AMPSCADESKEWCTRL_CA2_DESKEW_CTRL @ 0x200220508
CHIP::DCS0::AMPSCA.AMPSCADESKEWCTRL_CA3_DESKEW_CTRL @ 0x20022050c
CHIP::DCS0::AMPSCA.AMPSCADESKEWCTRL_CA4_DESKEW_CTRL @ 0x200220510
CHIP::DCS0::AMPSCA.AMPSCADESKEWCTRL_CA5_DESKEW_CTRL @ 0x200220514
CHIP::DCS0::AMPSCA.AMPSCADESKEWCTRL_CS_DESKEW_CTRL @ 0x200220518
CHIP::DCS0::AMPSCA.AMPSCADESKEWCTRL_CK_DESKEW_CTRL @ 0x20022051c
CHIP::DCS0::AMPSCA.AMPSCASDLLCTRL_CASDLLCTRL @ 0x200220700
CHIP::DCS0::AMPSCA.AMPSCASDLLCTRL_CASDLLCODE @ 0x200220704
CHIP::DCS0::AMPSCA.AMPSCASDLLCTRL_CSSDLLCTRL @ 0x200220708
CHIP::DCS0::AMPSCA.AMPSCASDLLCTRL_CSSDLLCODE @ 0x20022070c
CHIP::DCS0::AMPSCA.AMPSCASDLLCTRL_CKSDLLCTRL @ 0x200220710
CHIP::DCS0::AMPSCA.AMPSCASDLLCTRL_CKSDLLCODE @ 0x200220714
CHIP::DCS0::AMPSCA.AMPSCASDLLCTRL_SDLLUPDATECTRL @ 0x200220718
CHIP::DCS0::AMPSCA.AMPSCASDLLCTRL_SDLLUPDATEDEFEREN @ 0x20022071c
CHIP::DCS0::AMPSCA.AMPSCAWRLVL_AMPCAWRLVLSDLLCODE @ 0x200220800
CHIP::DCS0::AMPSCA.AMPSCAWRLVL_AMPCAWRLVLCLKDLYSEL @ 0x200220804
CHIP::DCS0::AMPSCA.AMPSCACACALCTRL_AMPCACALCTRL @ 0x200220900
CHIP::DCS0::AMPSCA.AMPSCACACALCTRL_AMPCACALCTRL2 @ 0x200220904
CHIP::DCS0::AMPSCA.AMPSCACACALCTRL_AMPCACACALVREF @ 0x200220908
CHIP::DCS0::AMPSCA.AMPSCACACALCTRL_AMPCACALPAT @ 0x20022090c
CHIP::DCS0::AMPSCA.AMPSCACACALCTRL_AMPCACALENTRYCMD @ 0x200220910
CHIP::DCS0::AMPSCA.AMPSCACACALCTRL_AMPCACALEXITCMD @ 0x200220914
CHIP::DCS0::AMPSCA.AMPSCACACALCTRL_AMPCACALBITSELECT @ 0x200220918
CHIP::DCS0::AMPSCA.AMPSCACACALCTRL_AMPCACALPERBITRESULT @ 0x20022091c
CHIP::DCS0::AMPSCA.AMPSCACACALCTRL_AMPCACALMISCOMPARE @ 0x200220920
CHIP::DCS0::AMPSCA.AMPSCACACALCTRL_AMPCACALRUN @ 0x200220924
CHIP::DCS0::AMPSCA.AMPSCACACALCTRL_AMPCACALCTRL3 @ 0x200220928
CHIP::DCS0::AMPSCA.AMPSCAZQCALCTRL_TZQCAL_TIMER_FREQ0 @ 0x200220a40
CHIP::DCS0::AMPSCA.AMPSCAZQCALCTRL_TZQCAL_TIMER_FREQ1 @ 0x200220a44
CHIP::DCS0::AMPSCA.AMPSCAZQCALCTRL_TZQCAL_TIMER_FREQ2 @ 0x200220a48
CHIP::DCS0::AMPSCA.AMPSCAZQCALCTRL_TZQCAL_TIMER_FREQ3 @ 0x200220a4c
CHIP::DCS0::AMPSCA.AMPSCAZQCALCTRL_TZQLAT_TIMER_FREQ0 @ 0x200220a50
CHIP::DCS0::AMPSCA.AMPSCAZQCALCTRL_TZQLAT_TIMER_FREQ1 @ 0x200220a54
CHIP::DCS0::AMPSCA.AMPSCAZQCALCTRL_TZQLAT_TIMER_FREQ2 @ 0x200220a58
CHIP::DCS0::AMPSCA.AMPSCAZQCALCTRL_TZQLAT_TIMER_FREQ3 @ 0x200220a5c
CHIP::DCS0::AMPSCA.AMPSCAPERFCNTRCTRL_RAMACCESSCNTRL @ 0x200220a80
CHIP::DCS0::AMPSCA.AMPSCAPERFCNTRCTRL_DLYSETUP @ 0x200220a84
CHIP::DCS0::AMPSCA.AMPSCAPERFCNTRCTRL_PERFCTRL2 @ 0x200220a88
CHIP::DCS0::AMPSCA.AMPSCAPERFCNTRCTRL_PERFCTRL3 @ 0x200220a8c
CHIP::DCS0::AMPSCA.AMPSCAPERFCNTRCTRL_PERFSTATUS @ 0x200220a90
CHIP::DCS0::AMPSCA.AMPCAWRLVLCTRL_WRLVLENTRYCMD @ 0x200220b00
CHIP::DCS0::AMPSCA.AMPCAWRLVLCTRL_WRLVLEXITCMD @ 0x200220b04
CHIP::DCS0::AMPSCA.AMPCAWRLVLCTRL_WRLVLTIMING @ 0x200220b08
CHIP::DCS0::AMPSCA.AMPCAWRLVLCTRL_RUNWRLVL @ 0x200220b0c
CHIP::DCS0::AMPSCA.AMPCAWRLVLCTRL_WRLVLRESULT @ 0x200220b10
CHIP::DCS0::AMPSCA.AMPSCAPHYUPDCRTL_AMPPHYUPDREQ @ 0x200220c00
CHIP::DCS0::AMPSCA.AMPSCAPHYUPDCRTL_AMPPHYUPDSTATUS @ 0x200220c04
CHIP::DCS0::AMPSCA.AMPSCAODT_ODTENABLE_F0 @ 0x200220d00
CHIP::DCS0::AMPSCA.AMPSCAODT_ODTENABLE_F1 @ 0x200220d04
CHIP::DCS0::AMPSCA.AMPSCAODT_ODTENABLE_F2 @ 0x200220d08
CHIP::DCS0::AMPSCA.AMPSCAODT_ODTENABLE_F3 @ 0x200220d0c
CHIP::DCS0::AMPSCA.AMPSCAODT_VREF_F0 @ 0x200220d10
CHIP::DCS0::AMPSCA.AMPSCAODT_VREF_F1 @ 0x200220d14
CHIP::DCS0::AMPSCA.AMPSCAODT_VREF_F2 @ 0x200220d18
CHIP::DCS0::AMPSCA.AMPSCAODT_VREF_F3 @ 0x200220d1c
CHIP::DCS0::AMPSCA.AMPSCARDWRDQCAL_RDWRDQCALTIMING_F0 @ 0x200220e00
CHIP::DCS0::AMPSCA.AMPSCARDWRDQCAL_RDWRDQCALSEGLEN_F0 @ 0x200220e04
CHIP::DCS0::AMPSCA.AMPSCARDWRDQCAL_RDWRDQCALTIMING_F1 @ 0x200220e08
CHIP::DCS0::AMPSCA.AMPSCARDWRDQCAL_RDWRDQCALSEGLEN_F1 @ 0x200220e0c
CHIP::DCS0::AMPSCA.AMPSCARDWRDQCAL_RDWRDQCALTIMING_F2 @ 0x200220e10
CHIP::DCS0::AMPSCA.AMPSCARDWRDQCAL_RDWRDQCALSEGLEN_F2 @ 0x200220e14
CHIP::DCS0::AMPSCA.AMPSCARDWRDQCAL_RDWRDQCALTIMING_F3 @ 0x200220e18
CHIP::DCS0::AMPSCA.AMPSCARDWRDQCAL_RDWRDQCALSEGLEN_F3 @ 0x200220e1c
CHIP::DCS0::AMPSCA.AMPSCARDWRDQCAL_RDWRDQCALLOOPCNT @ 0x200220e20
CHIP::DCS0::AMPSCA.AMPSCARDWRDQCAL_HWRDWRDQCALTIMINGCTRL1 @ 0x200220e24
CHIP::DCS0::AMPSCA.AMPSCARDWRDQCAL_HWRDWRDQCALTIMINGCTRL2 @ 0x200220e28
CHIP::DCS0::AMPSCA.AMPSCARDWRDQCAL_HWRDDQCALPATPRBS4I @ 0x200220e2c
CHIP::DCS0::AMPSCA.AMPSCARDWRDQCAL_HWWRDQCALPATPRBS4I @ 0x200220e30
CHIP::DCS0::AMPSCA.AMPSCARDWRDQCAL_HWRDWRDQCALFULLSCANENABLE @ 0x200220e34
CHIP::DCS0::AMPSCA.AMPSCARDWRDQCAL_RDDQCALWINDOW_F0 @ 0x200220e38
CHIP::DCS0::AMPSCA.AMPSCARDWRDQCAL_WRDQCALWINDOW_F0 @ 0x200220e3c
CHIP::DCS0::AMPSCA.AMPSCARDWRDQCAL_RDDQCALWINDOW_F1 @ 0x200220e40
CHIP::DCS0::AMPSCA.AMPSCARDWRDQCAL_WRDQCALWINDOW_F1 @ 0x200220e44
CHIP::DCS0::AMPSCA.AMPSCARDWRDQCAL_RDDQCALWINDOW_F2 @ 0x200220e48
CHIP::DCS0::AMPSCA.AMPSCARDWRDQCAL_WRDQCALWINDOW_F2 @ 0x200220e4c
CHIP::DCS0::AMPSCA.AMPSCARDWRDQCAL_RDDQCALWINDOW_F3 @ 0x200220e50
CHIP::DCS0::AMPSCA.AMPSCARDWRDQCAL_WRDQCALWINDOW_F3 @ 0x200220e54
CHIP::DCS0::AMPSCA.AMPSCARDWRDQCAL_RUNRDDQCAL @ 0x200220e58
CHIP::DCS0::AMPSCA.AMPSCARDWRDQCAL_RDDQCALPERBITRESULT @ 0x200220e5c
CHIP::DCS0::AMPSCA.AMPSCARDWRDQCAL_RUNWRDQCAL @ 0x200220e60
CHIP::DCS0::AMPSCA.AMPSCARDWRDQCAL_WRDQCALPERBITRESULT @ 0x200220e64
CHIP::DCS0::AMPSCA.AMPSCARDWRDQCAL_IDTCALCONTROL @ 0x200220e68
CHIP::DCS0::AMPSCA.AMPSCARDWRDQCAL_RUNIDTCAL @ 0x200220e6c
CHIP::DCS0::AMPSCA.AMPSCARDWRDQCAL_IDTCALSTATUS @ 0x200220e70
CHIP::DCS0::AMPSCA.AMPSCARDWRDQCAL_DFICALTIMING @ 0x200220e74
CHIP::DCS0::AMPSCA.AMPSCARDWRDQCAL_MAXWRDQSDLLMULFACTOR @ 0x200220e78
CHIP::DCS0::AMPSCA.AMPSCARDWRDQCAL_MAXRDDQSSDLLMULFACTOR @ 0x200220e7c
CHIP::DCS0::AMPSCA.AMPSCARDWRDQCAL_MAXWRDQSSDLLMULFACTOR @ 0x200220e80
CHIP::DCS0::AMPSCA.AMPSCARDWRDQCAL_HWRDWRDQCALSTATUSSEL @ 0x200220e84
CHIP::DCS0::AMPSCA.AMPSCARDWRDQCAL_HWRDDQ0CALSTATUS @ 0x200220e88
CHIP::DCS0::AMPSCA.AMPSCARDWRDQCAL_HWRDDQ1CALSTATUS @ 0x200220e8c
CHIP::DCS0::AMPSCA.AMPSCARDWRDQCAL_HWWRDQ0CALSTATUS @ 0x200220e90
CHIP::DCS0::AMPSCA.AMPSCARDWRDQCAL_HWWRDQ1CALSTATUS @ 0x200220e94
CHIP::DCS0::AMPSCA.AMPSCARDWRDQCAL_HWRDWRDQCALCONTROL @ 0x200220e98
CHIP::DCS0::AMPSCA.AMPSCARDWRDQCAL_HWRDWRDQCALRESULTADJUST @ 0x200220e9c
CHIP::DCS0::AMPSCA.AMPSCAAMPHSPARE_AMPHSPARESTATUS @ 0x200220f00
CHIP::DCS0::AMPSCA.AMPSCAAMPHSPARE_AMPHSPARECONTROL @ 0x200220f04
CHIP::DCS0::AMPSCA.DFICALTIMING2_DFICALTIMING_F1 @ 0x200220f80
CHIP::DCS0::AMPSCA.DFICALTIMING2_DFICALTIMING_F2 @ 0x200220f84
CHIP::DCS0::AMPSCA.DFICALTIMING2_DFICALTIMING_F3 @ 0x200220f88
CHIP::DCS0::AMPSDQ0.AMPSDQGEN_AMPEN @ 0x200228000
CHIP::DCS0::AMPSDQ0.AMPSDQGEN_AMPCLK @ 0x200228004
CHIP::DCS0::AMPSDQ0.AMPSDQGEN_AMPINIT @ 0x200228008
CHIP::DCS0::AMPSDQ0.AMPSDQGEN_AMPVER @ 0x20022800c
CHIP::DCS0::AMPSDQ0.AMPSDQIOCFG_DRAMSIGDLY0 @ 0x200228080
CHIP::DCS0::AMPSDQ0.AMPSDQIOCFG_DQDQSDS_F0 @ 0x200228084
CHIP::DCS0::AMPSDQ0.AMPSDQIOCFG_DQDQSDS_F1 @ 0x200228088
CHIP::DCS0::AMPSDQ0.AMPSDQIOCFG_DQDQSDS_F2 @ 0x20022808c
CHIP::DCS0::AMPSDQ0.AMPSDQIOCFG_DQDQSDS_F3 @ 0x200228090
CHIP::DCS0::AMPSDQ0.AMPSDQIOCFG_DIFFMODE_FREQ0 @ 0x200228094
CHIP::DCS0::AMPSDQ0.AMPSDQIOCFG_DIFFMODE_FREQ1 @ 0x200228098
CHIP::DCS0::AMPSDQ0.AMPSDQIOCFG_DIFFMODE_FREQ2 @ 0x20022809c
CHIP::DCS0::AMPSDQ0.AMPSDQIOCFG_DIFFMODE_FREQ3 @ 0x2002280a0
CHIP::DCS0::AMPSDQ0.AMPSDQIOCFG_DQFLTCTRL @ 0x2002280a4
CHIP::DCS0::AMPSDQ0.AMPSDQIOCFG_DCC @ 0x2002280a8
CHIP::DCS0::AMPSDQ0.AMPSDQIOCFG_DQDS_F0 @ 0x2002280ac
CHIP::DCS0::AMPSDQ0.AMPSDQIOCFG_DQDS_F1 @ 0x2002280b0
CHIP::DCS0::AMPSDQ0.AMPSDQIOCFG_DQDS_F2 @ 0x2002280b4
CHIP::DCS0::AMPSDQ0.AMPSDQIOCFG_DQDS_F3 @ 0x2002280b8
CHIP::DCS0::AMPSDQ0.AMPSDQRDTIM_RDCAPCFG_FREQ0 @ 0x200228100
CHIP::DCS0::AMPSDQ0.AMPSDQRDTIM_RDCAPCFG_FREQ1 @ 0x200228104
CHIP::DCS0::AMPSDQ0.AMPSDQRDTIM_RDCAPCFG_FREQ2 @ 0x200228108
CHIP::DCS0::AMPSDQ0.AMPSDQRDTIM_RDCAPCFG_FREQ3 @ 0x20022810c
CHIP::DCS0::AMPSDQ0.AMPSDQRDTIM_DQSPDENALWAYSON @ 0x200228110
CHIP::DCS0::AMPSDQ0.AMPSDQRDTIM_DQSPDRES @ 0x200228114
CHIP::DCS0::AMPSDQ0.AMPSDQRDTIM_RDFIFOPTRSTATUS @ 0x200228118
CHIP::DCS0::AMPSDQ0.AMPSDQRDTIM_CALDQMSK @ 0x20022811c
CHIP::DCS0::AMPSDQ0.AMPSDQRDTIM_CALPATCFG @ 0x200228120
CHIP::DCS0::AMPSDQ0.AMPSDQRDTIM_DQTRNCFG @ 0x200228124
CHIP::DCS0::AMPSDQ0.AMPSDQRDTIM_DQTRNCMD @ 0x200228128
CHIP::DCS0::AMPSDQ0.AMPSDQRDTIM_DQTRNSTS @ 0x20022812c
CHIP::DCS0::AMPSDQ0.AMPSDQDLLCTL_DLLEN @ 0x200228180
CHIP::DCS0::AMPSDQ0.AMPSDQDLLCTL_MDLLFREQBINDISABLE @ 0x200228184
CHIP::DCS0::AMPSDQ0.AMPSDQDLLCTL_MDLLFREQSCALE @ 0x200228188
CHIP::DCS0::AMPSDQ0.AMPSDQDLLCTL_DLLUPDTCMD @ 0x20022818c
CHIP::DCS0::AMPSDQ0.AMPSDQDLLCTL_MDLLOVERRIDE @ 0x200228190
CHIP::DCS0::AMPSDQ0.AMPSDQDLLCTL_MDLLCODE @ 0x200228194
CHIP::DCS0::AMPSDQ0.AMPSDQDLLCTL_DLLLOCKTIM @ 0x200228198
CHIP::DCS0::AMPSDQ0.AMPSDQDLLCTL_DLLLOCKCTRL @ 0x20022819c
CHIP::DCS0::AMPSDQ0.AMPSDQDLLCTL_DLLUPDTINTVL @ 0x2002281a0
CHIP::DCS0::AMPSDQ0.AMPSDQDLLCTL_DLLUPDTCTRL @ 0x2002281a4
CHIP::DCS0::AMPSDQ0.AMPSDQDLLCTL_DLLSTS @ 0x2002281a8
CHIP::DCS0::AMPSDQ0.AMPSDQDLLCTL_MASTERSTATUS0 @ 0x2002281ac
CHIP::DCS0::AMPSDQ0.AMPSDQDLLCTL_MASTERSTATUSSTPSZ @ 0x2002281b0
CHIP::DCS0::AMPSDQ0.AMPSDQDLLCTL_SLAVESTATUSSEL @ 0x2002281b4
CHIP::DCS0::AMPSDQ0.AMPSDQDLLCTL_SLAVESTATUS @ 0x2002281b8
CHIP::DCS0::AMPSDQ0.AMPSDQDLLCTL_DQSINDLL0SCL_FREQ0 @ 0x2002281bc
CHIP::DCS0::AMPSDQ0.AMPSDQDLLCTL_DQSINDLL0SCL_FREQ1 @ 0x2002281c0
CHIP::DCS0::AMPSDQ0.AMPSDQDLLCTL_DQSINDLL0SCL_FREQ2 @ 0x2002281c4
CHIP::DCS0::AMPSDQ0.AMPSDQDLLCTL_DQSINDLL0SCL_FREQ3 @ 0x2002281c8
CHIP::DCS0::AMPSDQ0.AMPSDQDLLCTL_MDLLCODECAPTURECONTROL @ 0x2002281cc
CHIP::DCS0::AMPSDQ0.AMPSDQDLLCTL_MDLLVTSCALECONTROL @ 0x2002281d0
CHIP::DCS0::AMPSDQ0.AMPSDQDLLCTL_CAMDLLVTSCALEREFCONTROL @ 0x2002281d4
CHIP::DCS0::AMPSDQ0.AMPSDQDLLCTL_RDMDLLVTSCALEREFCONTROL @ 0x2002281d8
CHIP::DCS0::AMPSDQ0.AMPSDQDLLCTL_WRMDLLVTSCALEREFCONTROL @ 0x2002281dc
CHIP::DCS0::AMPSDQ0.AMPSDQDLLCTL_CAVTSCALEFACTORSTATUS @ 0x2002281e0
CHIP::DCS0::AMPSDQ0.AMPSDQDLLCTL_RDVTSCALEFACTORSTATUS @ 0x2002281e4
CHIP::DCS0::AMPSDQ0.AMPSDQDLLCTL_WRVTSCALEFACTORSTATUS @ 0x2002281e8
CHIP::DCS0::AMPSDQ0.AMPSDQTEST_AMPTESTMODE @ 0x200228200
CHIP::DCS0::AMPSDQ0.AMPSDQTEST_BISTCMD @ 0x200228204
CHIP::DCS0::AMPSDQ0.AMPSDQTEST_BISTSTS @ 0x200228208
CHIP::DCS0::AMPSDQ0.AMPSDQTEST_BISTERRDQ0P0 @ 0x20022820c
CHIP::DCS0::AMPSDQ0.AMPSDQTEST_BISTERRDQ0P1 @ 0x200228210
CHIP::DCS0::AMPSDQ0.AMPSDQTEST_BISTERRPATDQ0P0 @ 0x200228214
CHIP::DCS0::AMPSDQ0.AMPSDQTEST_BISTEXPECTPATDQ0P0 @ 0x200228218
CHIP::DCS0::AMPSDQ0.AMPSDQTEST_BISTOVERRIDEPATDQ0P0 @ 0x20022821c
CHIP::DCS0::AMPSDQ0.AMPSDQTEST_BISTERRINJDQ0P0 @ 0x200228220
CHIP::DCS0::AMPSDQ0.AMPSDQTEST_BISTERRPATDQ0P1 @ 0x200228224
CHIP::DCS0::AMPSDQ0.AMPSDQTEST_BISTEXPECTPATDQ0P1 @ 0x200228228
CHIP::DCS0::AMPSDQ0.AMPSDQTEST_BISTOVERRIDEPATDQ0P1 @ 0x20022822c
CHIP::DCS0::AMPSDQ0.AMPSDQTEST_BISTERRINJDQ0P1 @ 0x200228230
CHIP::DCS0::AMPSDQ0.AMPSDQTEST_BISTLFSRDQ0P0 @ 0x200228234
CHIP::DCS0::AMPSDQ0.AMPSDQTEST_BISTLFSRDQ0P1 @ 0x200228238
CHIP::DCS0::AMPSDQ0.AMPSDQTEST_BISTOVRCYCCNT @ 0x20022823c
CHIP::DCS0::AMPSDQ0.AMPSDQTEST_BISTSWEEP @ 0x200228240
CHIP::DCS0::AMPSDQ0.AMPSDQTEST_BISTSWEEPLOOP @ 0x200228244
CHIP::DCS0::AMPSDQ0.AMPSDQTEST_BISTSWEEPSTS0 @ 0x200228248
CHIP::DCS0::AMPSDQ0.AMPSDQTEST_BISTSWEEPSTS1 @ 0x20022824c
CHIP::DCS0::AMPSDQ0.AMPSDQIRERRDBG_AMPINTEN @ 0x200228300
CHIP::DCS0::AMPSDQ0.AMPSDQIRERRDBG_INTSTS @ 0x200228304
CHIP::DCS0::AMPSDQ0.AMPSDQDESKEWCTRL_WR0DQ0_DESKEW_CTRL @ 0x200228400
CHIP::DCS0::AMPSDQ0.AMPSDQDESKEWCTRL_WR0DQ1_DESKEW_CTRL @ 0x200228404
CHIP::DCS0::AMPSDQ0.AMPSDQDESKEWCTRL_WR0DQ2_DESKEW_CTRL @ 0x200228408
CHIP::DCS0::AMPSDQ0.AMPSDQDESKEWCTRL_WR0DQ3_DESKEW_CTRL @ 0x20022840c
CHIP::DCS0::AMPSDQ0.AMPSDQDESKEWCTRL_WR0DQ4_DESKEW_CTRL @ 0x200228410
CHIP::DCS0::AMPSDQ0.AMPSDQDESKEWCTRL_WR0DQ5_DESKEW_CTRL @ 0x200228414
CHIP::DCS0::AMPSDQ0.AMPSDQDESKEWCTRL_WR0DQ6_DESKEW_CTRL @ 0x200228418
CHIP::DCS0::AMPSDQ0.AMPSDQDESKEWCTRL_WR0DQ7_DESKEW_CTRL @ 0x20022841c
CHIP::DCS0::AMPSDQ0.AMPSDQDESKEWCTRL_WR0DQS_DESKEW_CTRL @ 0x200228420
CHIP::DCS0::AMPSDQ0.AMPSDQDESKEWCTRL_WR0DM_DESKEW_CTRL @ 0x200228424
CHIP::DCS0::AMPSDQ0.AMPSDQDESKEWCTRL_RD0DQ0_DESKEW_CTRL @ 0x200228428
CHIP::DCS0::AMPSDQ0.AMPSDQDESKEWCTRL_RD0DQ1_DESKEW_CTRL @ 0x20022842c
CHIP::DCS0::AMPSDQ0.AMPSDQDESKEWCTRL_RD0DQ2_DESKEW_CTRL @ 0x200228430
CHIP::DCS0::AMPSDQ0.AMPSDQDESKEWCTRL_RD0DQ3_DESKEW_CTRL @ 0x200228434
CHIP::DCS0::AMPSDQ0.AMPSDQDESKEWCTRL_RD0DQ4_DESKEW_CTRL @ 0x200228438
CHIP::DCS0::AMPSDQ0.AMPSDQDESKEWCTRL_RD0DQ5_DESKEW_CTRL @ 0x20022843c
CHIP::DCS0::AMPSDQ0.AMPSDQDESKEWCTRL_RD0DQ6_DESKEW_CTRL @ 0x200228440
CHIP::DCS0::AMPSDQ0.AMPSDQDESKEWCTRL_RD0DQ7_DESKEW_CTRL @ 0x200228444
CHIP::DCS0::AMPSDQ0.AMPSDQDESKEWCTRL_RD0DQS_DESKEW_CTRL @ 0x200228448
CHIP::DCS0::AMPSDQ0.AMPSDQDESKEWCTRL_RD0DM_DESKEW_CTRL @ 0x20022844c
CHIP::DCS0::AMPSDQ0.AMPSDQSDLLCTRL_WRDQDQSSDLLCTRL @ 0x200228600
CHIP::DCS0::AMPSDQ0.AMPSDQSDLLCTRL_WRDQDQSSDLLCODE @ 0x200228604
CHIP::DCS0::AMPSDQ0.AMPSDQSDLLCTRL_RD0SDLLCTRL @ 0x200228608
CHIP::DCS0::AMPSDQ0.AMPSDQSDLLCTRL_RD0SDLLCODE @ 0x20022860c
CHIP::DCS0::AMPSDQ0.AMPSDQSDLLCTRL_RDCAP0SDLLCTRL @ 0x200228610
CHIP::DCS0::AMPSDQ0.AMPSDQSDLLCTRL_RDCAP0SDLLCODE @ 0x200228614
CHIP::DCS0::AMPSDQ0.AMPSDQSDLLCTRL_RDDQSDLLDELAYSEL @ 0x200228618
CHIP::DCS0::AMPSDQ0.AMPSDQSDLLCTRL_SDLLUPDATECTRL @ 0x20022861c
CHIP::DCS0::AMPSDQ0.AMPSDQSDLLCTRL_WRTDQSDQSKEWCONTROL @ 0x200228620
CHIP::DCS0::AMPSDQ0.AMPSDQSDLLCTRL_WRTDQSDQSKEW @ 0x200228624
CHIP::DCS0::AMPSDQ0.AMPSDQSDLLCTRL_SDLLUPDATEDEFEREN @ 0x200228628
CHIP::DCS0::AMPSDQ0.AMPSDQWRLVL_AMPWRLVLDLYCHAINCTRL0 @ 0x200228700
CHIP::DCS0::AMPSDQ0.AMPSDQWRLVL_AMPWRLVLSDLLCODE0 @ 0x200228704
CHIP::DCS0::AMPSDQ0.AMPSDQCACALCTRL_AMPCACALCTRL @ 0x200228800
CHIP::DCS0::AMPSDQ0.AMPSDQCACALCTRL_AMPCACALMASK @ 0x200228804
CHIP::DCS0::AMPSDQ0.AMPSDQCACALCTRL_AMPCACALCABYTESEL @ 0x200228808
CHIP::DCS0::AMPSDQ0.AMPSDQCACALCTRL_AMPCACALCAMAP0 @ 0x20022880c
CHIP::DCS0::AMPSDQ0.AMPSDQCACALCTRL_AMPCACALCAMAP1 @ 0x200228810
CHIP::DCS0::AMPSDQ0.AMPSDQCACALCTRL_AMPCACALCAMAP2 @ 0x200228814
CHIP::DCS0::AMPSDQ0.AMPSDQCACALCTRL_AMPCACALPAT0 @ 0x200228818
CHIP::DCS0::AMPSDQ0.AMPSDQCACALCTRL_AMPCACALPAT1 @ 0x20022881c
CHIP::DCS0::AMPSDQ0.AMPSDQCACALCTRL_AMPCACALPAT2 @ 0x200228820
CHIP::DCS0::AMPSDQ0.AMPSDQCACALCTRL_AMPCACALPAT3 @ 0x200228824
CHIP::DCS0::AMPSDQ0.AMPSDQCACALCTRL_AMPCACALPAT4 @ 0x200228828
CHIP::DCS0::AMPSDQ0.AMPSDQCACALCTRL_AMPCACALPAT5 @ 0x20022882c
CHIP::DCS0::AMPSDQ0.AMPSDQCACALCTRL_AMPCACALPAT6 @ 0x200228830
CHIP::DCS0::AMPSDQ0.AMPSDQCACALCTRL_AMPCACALPAT7 @ 0x200228834
CHIP::DCS0::AMPSDQ0.AMPSDQCACALCTRL_AMPCACALRUN @ 0x200228838
CHIP::DCS0::AMPSDQ0.AMPSDQCACALCTRL_AMPCACALRESULT @ 0x20022883c
CHIP::DCS0::AMPSDQ0.AMPSDQDQCALCTRL_AMPDQCALCTRL @ 0x200228900
CHIP::DCS0::AMPSDQ0.AMPSDQDQCALCTRL_AMPDQCALMASK @ 0x200228904
CHIP::DCS0::AMPSDQ0.AMPSDQDQCALCTRL_AMPDQCALRUN @ 0x200228908
CHIP::DCS0::AMPSDQ0.AMPSDQDQCALCTRL_AMPDQCALRESULT @ 0x20022890c
CHIP::DCS0::AMPSDQ0.AMPSDQPHYUPDCRTL_AMPPHYUPDREQ @ 0x200228a00
CHIP::DCS0::AMPSDQ0.AMPSDQPHYUPDCRTL_AMPPHYUPDSTATUS @ 0x200228a04
CHIP::DCS0::AMPSDQ0.AMPSDQPERFCNTRCTRL_RAMACCESSCNTRL @ 0x200228a80
CHIP::DCS0::AMPSDQ0.AMPSDQPERFCNTRCTRL_DLYSETUP @ 0x200228a84
CHIP::DCS0::AMPSDQ0.AMPSDQPERFCNTRCTRL_PERFCTRL2 @ 0x200228a88
CHIP::DCS0::AMPSDQ0.AMPSDQPERFCNTRCTRL_PERFCTRL3 @ 0x200228a8c
CHIP::DCS0::AMPSDQ0.AMPSDQPERFCNTRCTRL_PERFSTATUS @ 0x200228a90
CHIP::DCS0::AMPSDQ0.AMPSDQODT_VREF_F0 @ 0x200228b00
CHIP::DCS0::AMPSDQ0.AMPSDQODT_VREF_F1 @ 0x200228b04
CHIP::DCS0::AMPSDQ0.AMPSDQODT_VREF_F2 @ 0x200228b08
CHIP::DCS0::AMPSDQ0.AMPSDQODT_VREF_F3 @ 0x200228b0c
CHIP::DCS0::AMPSDQ0.AMPSDQAMPHSPARE_AMPHSPARESTATUS @ 0x200228c00
CHIP::DCS0::AMPSDQ0.AMPSDQAMPHSPARE_AMPHSPARECONTROL @ 0x200228c04
CHIP::DCS0::AMPSDQ0.AMPSDQMULFACTOR_RDDQSMULFACTOR @ 0x200228d00
CHIP::DCS0::AMPSDQ0.DFICALTIMING_DFICALTIMING_F0 @ 0x200228d80
CHIP::DCS0::AMPSDQ0.DFICALTIMING_DFICALTIMING_F1 @ 0x200228d84
CHIP::DCS0::AMPSDQ0.DFICALTIMING_DFICALTIMING_F2 @ 0x200228d88
CHIP::DCS0::AMPSDQ0.DFICALTIMING_DFICALTIMING_F3 @ 0x200228d8c
CHIP::DCS0::AMPSDQ1.AMPSDQGEN_AMPEN @ 0x200230000
CHIP::DCS0::AMPSDQ1.AMPSDQGEN_AMPCLK @ 0x200230004
CHIP::DCS0::AMPSDQ1.AMPSDQGEN_AMPINIT @ 0x200230008
CHIP::DCS0::AMPSDQ1.AMPSDQGEN_AMPVER @ 0x20023000c
CHIP::DCS0::AMPSDQ1.AMPSDQIOCFG_DRAMSIGDLY0 @ 0x200230080
CHIP::DCS0::AMPSDQ1.AMPSDQIOCFG_DQDQSDS_F0 @ 0x200230084
CHIP::DCS0::AMPSDQ1.AMPSDQIOCFG_DQDQSDS_F1 @ 0x200230088
CHIP::DCS0::AMPSDQ1.AMPSDQIOCFG_DQDQSDS_F2 @ 0x20023008c
CHIP::DCS0::AMPSDQ1.AMPSDQIOCFG_DQDQSDS_F3 @ 0x200230090
CHIP::DCS0::AMPSDQ1.AMPSDQIOCFG_DIFFMODE_FREQ0 @ 0x200230094
CHIP::DCS0::AMPSDQ1.AMPSDQIOCFG_DIFFMODE_FREQ1 @ 0x200230098
CHIP::DCS0::AMPSDQ1.AMPSDQIOCFG_DIFFMODE_FREQ2 @ 0x20023009c
CHIP::DCS0::AMPSDQ1.AMPSDQIOCFG_DIFFMODE_FREQ3 @ 0x2002300a0
CHIP::DCS0::AMPSDQ1.AMPSDQIOCFG_DQFLTCTRL @ 0x2002300a4
CHIP::DCS0::AMPSDQ1.AMPSDQIOCFG_DCC @ 0x2002300a8
CHIP::DCS0::AMPSDQ1.AMPSDQIOCFG_DQDS_F0 @ 0x2002300ac
CHIP::DCS0::AMPSDQ1.AMPSDQIOCFG_DQDS_F1 @ 0x2002300b0
CHIP::DCS0::AMPSDQ1.AMPSDQIOCFG_DQDS_F2 @ 0x2002300b4
CHIP::DCS0::AMPSDQ1.AMPSDQIOCFG_DQDS_F3 @ 0x2002300b8
CHIP::DCS0::AMPSDQ1.AMPSDQRDTIM_RDCAPCFG_FREQ0 @ 0x200230100
CHIP::DCS0::AMPSDQ1.AMPSDQRDTIM_RDCAPCFG_FREQ1 @ 0x200230104
CHIP::DCS0::AMPSDQ1.AMPSDQRDTIM_RDCAPCFG_FREQ2 @ 0x200230108
CHIP::DCS0::AMPSDQ1.AMPSDQRDTIM_RDCAPCFG_FREQ3 @ 0x20023010c
CHIP::DCS0::AMPSDQ1.AMPSDQRDTIM_DQSPDENALWAYSON @ 0x200230110
CHIP::DCS0::AMPSDQ1.AMPSDQRDTIM_DQSPDRES @ 0x200230114
CHIP::DCS0::AMPSDQ1.AMPSDQRDTIM_RDFIFOPTRSTATUS @ 0x200230118
CHIP::DCS0::AMPSDQ1.AMPSDQRDTIM_CALDQMSK @ 0x20023011c
CHIP::DCS0::AMPSDQ1.AMPSDQRDTIM_CALPATCFG @ 0x200230120
CHIP::DCS0::AMPSDQ1.AMPSDQRDTIM_DQTRNCFG @ 0x200230124
CHIP::DCS0::AMPSDQ1.AMPSDQRDTIM_DQTRNCMD @ 0x200230128
CHIP::DCS0::AMPSDQ1.AMPSDQRDTIM_DQTRNSTS @ 0x20023012c
CHIP::DCS0::AMPSDQ1.AMPSDQDLLCTL_DLLEN @ 0x200230180
CHIP::DCS0::AMPSDQ1.AMPSDQDLLCTL_MDLLFREQBINDISABLE @ 0x200230184
CHIP::DCS0::AMPSDQ1.AMPSDQDLLCTL_MDLLFREQSCALE @ 0x200230188
CHIP::DCS0::AMPSDQ1.AMPSDQDLLCTL_DLLUPDTCMD @ 0x20023018c
CHIP::DCS0::AMPSDQ1.AMPSDQDLLCTL_MDLLOVERRIDE @ 0x200230190
CHIP::DCS0::AMPSDQ1.AMPSDQDLLCTL_MDLLCODE @ 0x200230194
CHIP::DCS0::AMPSDQ1.AMPSDQDLLCTL_DLLLOCKTIM @ 0x200230198
CHIP::DCS0::AMPSDQ1.AMPSDQDLLCTL_DLLLOCKCTRL @ 0x20023019c
CHIP::DCS0::AMPSDQ1.AMPSDQDLLCTL_DLLUPDTINTVL @ 0x2002301a0
CHIP::DCS0::AMPSDQ1.AMPSDQDLLCTL_DLLUPDTCTRL @ 0x2002301a4
CHIP::DCS0::AMPSDQ1.AMPSDQDLLCTL_DLLSTS @ 0x2002301a8
CHIP::DCS0::AMPSDQ1.AMPSDQDLLCTL_MASTERSTATUS0 @ 0x2002301ac
CHIP::DCS0::AMPSDQ1.AMPSDQDLLCTL_MASTERSTATUSSTPSZ @ 0x2002301b0
CHIP::DCS0::AMPSDQ1.AMPSDQDLLCTL_SLAVESTATUSSEL @ 0x2002301b4
CHIP::DCS0::AMPSDQ1.AMPSDQDLLCTL_SLAVESTATUS @ 0x2002301b8
CHIP::DCS0::AMPSDQ1.AMPSDQDLLCTL_DQSINDLL0SCL_FREQ0 @ 0x2002301bc
CHIP::DCS0::AMPSDQ1.AMPSDQDLLCTL_DQSINDLL0SCL_FREQ1 @ 0x2002301c0
CHIP::DCS0::AMPSDQ1.AMPSDQDLLCTL_DQSINDLL0SCL_FREQ2 @ 0x2002301c4
CHIP::DCS0::AMPSDQ1.AMPSDQDLLCTL_DQSINDLL0SCL_FREQ3 @ 0x2002301c8
CHIP::DCS0::AMPSDQ1.AMPSDQDLLCTL_MDLLCODECAPTURECONTROL @ 0x2002301cc
CHIP::DCS0::AMPSDQ1.AMPSDQDLLCTL_MDLLVTSCALECONTROL @ 0x2002301d0
CHIP::DCS0::AMPSDQ1.AMPSDQDLLCTL_CAMDLLVTSCALEREFCONTROL @ 0x2002301d4
CHIP::DCS0::AMPSDQ1.AMPSDQDLLCTL_RDMDLLVTSCALEREFCONTROL @ 0x2002301d8
CHIP::DCS0::AMPSDQ1.AMPSDQDLLCTL_WRMDLLVTSCALEREFCONTROL @ 0x2002301dc
CHIP::DCS0::AMPSDQ1.AMPSDQDLLCTL_CAVTSCALEFACTORSTATUS @ 0x2002301e0
CHIP::DCS0::AMPSDQ1.AMPSDQDLLCTL_RDVTSCALEFACTORSTATUS @ 0x2002301e4
CHIP::DCS0::AMPSDQ1.AMPSDQDLLCTL_WRVTSCALEFACTORSTATUS @ 0x2002301e8
CHIP::DCS0::AMPSDQ1.AMPSDQTEST_AMPTESTMODE @ 0x200230200
CHIP::DCS0::AMPSDQ1.AMPSDQTEST_BISTCMD @ 0x200230204
CHIP::DCS0::AMPSDQ1.AMPSDQTEST_BISTSTS @ 0x200230208
CHIP::DCS0::AMPSDQ1.AMPSDQTEST_BISTERRDQ0P0 @ 0x20023020c
CHIP::DCS0::AMPSDQ1.AMPSDQTEST_BISTERRDQ0P1 @ 0x200230210
CHIP::DCS0::AMPSDQ1.AMPSDQTEST_BISTERRPATDQ0P0 @ 0x200230214
CHIP::DCS0::AMPSDQ1.AMPSDQTEST_BISTEXPECTPATDQ0P0 @ 0x200230218
CHIP::DCS0::AMPSDQ1.AMPSDQTEST_BISTOVERRIDEPATDQ0P0 @ 0x20023021c
CHIP::DCS0::AMPSDQ1.AMPSDQTEST_BISTERRINJDQ0P0 @ 0x200230220
CHIP::DCS0::AMPSDQ1.AMPSDQTEST_BISTERRPATDQ0P1 @ 0x200230224
CHIP::DCS0::AMPSDQ1.AMPSDQTEST_BISTEXPECTPATDQ0P1 @ 0x200230228
CHIP::DCS0::AMPSDQ1.AMPSDQTEST_BISTOVERRIDEPATDQ0P1 @ 0x20023022c
CHIP::DCS0::AMPSDQ1.AMPSDQTEST_BISTERRINJDQ0P1 @ 0x200230230
CHIP::DCS0::AMPSDQ1.AMPSDQTEST_BISTLFSRDQ0P0 @ 0x200230234
CHIP::DCS0::AMPSDQ1.AMPSDQTEST_BISTLFSRDQ0P1 @ 0x200230238
CHIP::DCS0::AMPSDQ1.AMPSDQTEST_BISTOVRCYCCNT @ 0x20023023c
CHIP::DCS0::AMPSDQ1.AMPSDQTEST_BISTSWEEP @ 0x200230240
CHIP::DCS0::AMPSDQ1.AMPSDQTEST_BISTSWEEPLOOP @ 0x200230244
CHIP::DCS0::AMPSDQ1.AMPSDQTEST_BISTSWEEPSTS0 @ 0x200230248
CHIP::DCS0::AMPSDQ1.AMPSDQTEST_BISTSWEEPSTS1 @ 0x20023024c
CHIP::DCS0::AMPSDQ1.AMPSDQIRERRDBG_AMPINTEN @ 0x200230300
CHIP::DCS0::AMPSDQ1.AMPSDQIRERRDBG_INTSTS @ 0x200230304
CHIP::DCS0::AMPSDQ1.AMPSDQDESKEWCTRL_WR0DQ0_DESKEW_CTRL @ 0x200230400
CHIP::DCS0::AMPSDQ1.AMPSDQDESKEWCTRL_WR0DQ1_DESKEW_CTRL @ 0x200230404
CHIP::DCS0::AMPSDQ1.AMPSDQDESKEWCTRL_WR0DQ2_DESKEW_CTRL @ 0x200230408
CHIP::DCS0::AMPSDQ1.AMPSDQDESKEWCTRL_WR0DQ3_DESKEW_CTRL @ 0x20023040c
CHIP::DCS0::AMPSDQ1.AMPSDQDESKEWCTRL_WR0DQ4_DESKEW_CTRL @ 0x200230410
CHIP::DCS0::AMPSDQ1.AMPSDQDESKEWCTRL_WR0DQ5_DESKEW_CTRL @ 0x200230414
CHIP::DCS0::AMPSDQ1.AMPSDQDESKEWCTRL_WR0DQ6_DESKEW_CTRL @ 0x200230418
CHIP::DCS0::AMPSDQ1.AMPSDQDESKEWCTRL_WR0DQ7_DESKEW_CTRL @ 0x20023041c
CHIP::DCS0::AMPSDQ1.AMPSDQDESKEWCTRL_WR0DQS_DESKEW_CTRL @ 0x200230420
CHIP::DCS0::AMPSDQ1.AMPSDQDESKEWCTRL_WR0DM_DESKEW_CTRL @ 0x200230424
CHIP::DCS0::AMPSDQ1.AMPSDQDESKEWCTRL_RD0DQ0_DESKEW_CTRL @ 0x200230428
CHIP::DCS0::AMPSDQ1.AMPSDQDESKEWCTRL_RD0DQ1_DESKEW_CTRL @ 0x20023042c
CHIP::DCS0::AMPSDQ1.AMPSDQDESKEWCTRL_RD0DQ2_DESKEW_CTRL @ 0x200230430
CHIP::DCS0::AMPSDQ1.AMPSDQDESKEWCTRL_RD0DQ3_DESKEW_CTRL @ 0x200230434
CHIP::DCS0::AMPSDQ1.AMPSDQDESKEWCTRL_RD0DQ4_DESKEW_CTRL @ 0x200230438
CHIP::DCS0::AMPSDQ1.AMPSDQDESKEWCTRL_RD0DQ5_DESKEW_CTRL @ 0x20023043c
CHIP::DCS0::AMPSDQ1.AMPSDQDESKEWCTRL_RD0DQ6_DESKEW_CTRL @ 0x200230440
CHIP::DCS0::AMPSDQ1.AMPSDQDESKEWCTRL_RD0DQ7_DESKEW_CTRL @ 0x200230444
CHIP::DCS0::AMPSDQ1.AMPSDQDESKEWCTRL_RD0DQS_DESKEW_CTRL @ 0x200230448
CHIP::DCS0::AMPSDQ1.AMPSDQDESKEWCTRL_RD0DM_DESKEW_CTRL @ 0x20023044c
CHIP::DCS0::AMPSDQ1.AMPSDQSDLLCTRL_WRDQDQSSDLLCTRL @ 0x200230600
CHIP::DCS0::AMPSDQ1.AMPSDQSDLLCTRL_WRDQDQSSDLLCODE @ 0x200230604
CHIP::DCS0::AMPSDQ1.AMPSDQSDLLCTRL_RD0SDLLCTRL @ 0x200230608
CHIP::DCS0::AMPSDQ1.AMPSDQSDLLCTRL_RD0SDLLCODE @ 0x20023060c
CHIP::DCS0::AMPSDQ1.AMPSDQSDLLCTRL_RDCAP0SDLLCTRL @ 0x200230610
CHIP::DCS0::AMPSDQ1.AMPSDQSDLLCTRL_RDCAP0SDLLCODE @ 0x200230614
CHIP::DCS0::AMPSDQ1.AMPSDQSDLLCTRL_RDDQSDLLDELAYSEL @ 0x200230618
CHIP::DCS0::AMPSDQ1.AMPSDQSDLLCTRL_SDLLUPDATECTRL @ 0x20023061c
CHIP::DCS0::AMPSDQ1.AMPSDQSDLLCTRL_WRTDQSDQSKEWCONTROL @ 0x200230620
CHIP::DCS0::AMPSDQ1.AMPSDQSDLLCTRL_WRTDQSDQSKEW @ 0x200230624
CHIP::DCS0::AMPSDQ1.AMPSDQSDLLCTRL_SDLLUPDATEDEFEREN @ 0x200230628
CHIP::DCS0::AMPSDQ1.AMPSDQWRLVL_AMPWRLVLDLYCHAINCTRL0 @ 0x200230700
CHIP::DCS0::AMPSDQ1.AMPSDQWRLVL_AMPWRLVLSDLLCODE0 @ 0x200230704
CHIP::DCS0::AMPSDQ1.AMPSDQCACALCTRL_AMPCACALCTRL @ 0x200230800
CHIP::DCS0::AMPSDQ1.AMPSDQCACALCTRL_AMPCACALMASK @ 0x200230804
CHIP::DCS0::AMPSDQ1.AMPSDQCACALCTRL_AMPCACALCABYTESEL @ 0x200230808
CHIP::DCS0::AMPSDQ1.AMPSDQCACALCTRL_AMPCACALCAMAP0 @ 0x20023080c
CHIP::DCS0::AMPSDQ1.AMPSDQCACALCTRL_AMPCACALCAMAP1 @ 0x200230810
CHIP::DCS0::AMPSDQ1.AMPSDQCACALCTRL_AMPCACALCAMAP2 @ 0x200230814
CHIP::DCS0::AMPSDQ1.AMPSDQCACALCTRL_AMPCACALPAT0 @ 0x200230818
CHIP::DCS0::AMPSDQ1.AMPSDQCACALCTRL_AMPCACALPAT1 @ 0x20023081c
CHIP::DCS0::AMPSDQ1.AMPSDQCACALCTRL_AMPCACALPAT2 @ 0x200230820
CHIP::DCS0::AMPSDQ1.AMPSDQCACALCTRL_AMPCACALPAT3 @ 0x200230824
CHIP::DCS0::AMPSDQ1.AMPSDQCACALCTRL_AMPCACALPAT4 @ 0x200230828
CHIP::DCS0::AMPSDQ1.AMPSDQCACALCTRL_AMPCACALPAT5 @ 0x20023082c
CHIP::DCS0::AMPSDQ1.AMPSDQCACALCTRL_AMPCACALPAT6 @ 0x200230830
CHIP::DCS0::AMPSDQ1.AMPSDQCACALCTRL_AMPCACALPAT7 @ 0x200230834
CHIP::DCS0::AMPSDQ1.AMPSDQCACALCTRL_AMPCACALRUN @ 0x200230838
CHIP::DCS0::AMPSDQ1.AMPSDQCACALCTRL_AMPCACALRESULT @ 0x20023083c
CHIP::DCS0::AMPSDQ1.AMPSDQDQCALCTRL_AMPDQCALCTRL @ 0x200230900
CHIP::DCS0::AMPSDQ1.AMPSDQDQCALCTRL_AMPDQCALMASK @ 0x200230904
CHIP::DCS0::AMPSDQ1.AMPSDQDQCALCTRL_AMPDQCALRUN @ 0x200230908
CHIP::DCS0::AMPSDQ1.AMPSDQDQCALCTRL_AMPDQCALRESULT @ 0x20023090c
CHIP::DCS0::AMPSDQ1.AMPSDQPHYUPDCRTL_AMPPHYUPDREQ @ 0x200230a00
CHIP::DCS0::AMPSDQ1.AMPSDQPHYUPDCRTL_AMPPHYUPDSTATUS @ 0x200230a04
CHIP::DCS0::AMPSDQ1.AMPSDQPERFCNTRCTRL_RAMACCESSCNTRL @ 0x200230a80
CHIP::DCS0::AMPSDQ1.AMPSDQPERFCNTRCTRL_DLYSETUP @ 0x200230a84
CHIP::DCS0::AMPSDQ1.AMPSDQPERFCNTRCTRL_PERFCTRL2 @ 0x200230a88
CHIP::DCS0::AMPSDQ1.AMPSDQPERFCNTRCTRL_PERFCTRL3 @ 0x200230a8c
CHIP::DCS0::AMPSDQ1.AMPSDQPERFCNTRCTRL_PERFSTATUS @ 0x200230a90
CHIP::DCS0::AMPSDQ1.AMPSDQODT_VREF_F0 @ 0x200230b00
CHIP::DCS0::AMPSDQ1.AMPSDQODT_VREF_F1 @ 0x200230b04
CHIP::DCS0::AMPSDQ1.AMPSDQODT_VREF_F2 @ 0x200230b08
CHIP::DCS0::AMPSDQ1.AMPSDQODT_VREF_F3 @ 0x200230b0c
CHIP::DCS0::AMPSDQ1.AMPSDQAMPHSPARE_AMPHSPARESTATUS @ 0x200230c00
CHIP::DCS0::AMPSDQ1.AMPSDQAMPHSPARE_AMPHSPARECONTROL @ 0x200230c04
CHIP::DCS0::AMPSDQ1.AMPSDQMULFACTOR_RDDQSMULFACTOR @ 0x200230d00
CHIP::DCS0::AMPSDQ1.DFICALTIMING_DFICALTIMING_F0 @ 0x200230d80
CHIP::DCS0::AMPSDQ1.DFICALTIMING_DFICALTIMING_F1 @ 0x200230d84
CHIP::DCS0::AMPSDQ1.DFICALTIMING_DFICALTIMING_F2 @ 0x200230d88
CHIP::DCS0::AMPSDQ1.DFICALTIMING_DFICALTIMING_F3 @ 0x200230d8c
CHIP::DCS0::AMPH.AMPH_GENERAL_VERSION @ 0x200238000
CHIP::DCS0::AMPH.ZC_ZC_REG0 @ 0x200238004
CHIP::DCS0::AMPH.ZC_ZC_REG1 @ 0x200238008
CHIP::DCS0::AMPH.ZC_ZC_REG2 @ 0x20023800c
CHIP::DCS0::AMPH.ZC_ZC_REG3 @ 0x200238010
CHIP::DCS0::AMPH.ZC_ZC_REG4 @ 0x200238014
CHIP::DCS0::AMPH.ZC_ZC_REG5 @ 0x200238018
CHIP::DCS0::AMPH.ZC_ZC_REG6 @ 0x20023801c
CHIP::DCS0::AMPH.ZC_ZC_REG7 @ 0x200238020
CHIP::DCS0::AMPH.ZC_ZC_REG8 @ 0x200238024
CHIP::DCS0::AMPH.ZC_ZC_REG9 @ 0x200238028
CHIP::DCS0::AMPH.ZC_ZC_REG10 @ 0x20023802c
CHIP::DCS0::AMPH.ZC_ZC_REG11 @ 0x200238030
CHIP::DCS0::AMPH.ZC_ZC_REG12 @ 0x200238034
CHIP::DCS0::AMPH.ZC_ZC_REG13 @ 0x200238038
CHIP::DCS0::AMPH.ZC_ZC_REG14 @ 0x20023803c
CHIP::DCS0::AMPH.ZC_ZC_REG15 @ 0x200238040
CHIP::DCS0::AMPH.ZC_ZC_REG16 @ 0x200238044
CHIP::DCS0::AMPH.WKDS_WKDS_REG0 @ 0x200238048
CHIP::DCS0::AMPH.WKDS_WKDS_REG1 @ 0x20023804c
CHIP::DCS0::AMPH.WKDS_WKDS_REG2 @ 0x200238050
CHIP::DCS0::AMPH.WKDS_WKDS_REG3 @ 0x200238054
CHIP::DCS0::AMPH.WKDS_WKDS_REG4 @ 0x200238058
CHIP::DCS0::AMPH.VREF_VREF_REG0 @ 0x20023805c
CHIP::DCS0::AMPH.VREF_VREF_REG1 @ 0x200238060
CHIP::DCS0::AMPH.VREF_VREF_REG2 @ 0x200238064
CHIP::DCS0::AMPH.VREF_VREF_REG3 @ 0x200238068
CHIP::DCS0::AMPH.VREF_VREF_REG4 @ 0x20023806c
CHIP::DCS0::AMPH.VREF_VREF_REG5 @ 0x200238070
CHIP::DCS0::AMPH.VREF_VREF_REG6 @ 0x200238074
CHIP::DCS0::AMPH.VREF_VREF_REG7 @ 0x200238078
CHIP::DCS0::AMPH.VREF_VREF_REG8 @ 0x20023807c
CHIP::DCS0::AMPH.SLC_SLC_REG0 @ 0x200238080
CHIP::DCS0::AMPH.SLC_SLC_REG1 @ 0x200238084
CHIP::DCS0::AMPH.SLC_SLC_REG2 @ 0x200238088
CHIP::DCS0::AMPH.SLC_SLC_REG3 @ 0x20023808c
CHIP::DCS0::AMPH.WKPUPD_WKPUPD_REG0 @ 0x200238090
CHIP::DCS0::AMPH.WKPUPD_WKPUPD_REG1 @ 0x200238094
CHIP::DCS0::AMPH.WKPUPD_WKPUPD_REG2 @ 0x200238098
CHIP::DCS0::AMPH.WKPUPD_WKPUPD_REG3 @ 0x20023809c
CHIP::DCS0::AMPH.WKPUPD_WKPUPD_REG4 @ 0x2002380a0
CHIP::DCS0::AMPH.WKPUPD_WKPUPD_REG5 @ 0x2002380a4
CHIP::DCS0::AMPH.WKPUPD_WKPUPD_REG6 @ 0x2002380a8
CHIP::DCS0::AMPH.WKPUPD_WKPUPD_REG7 @ 0x2002380ac
CHIP::DCS0::AMPH.DCD_DCD_REG0 @ 0x2002380b0
CHIP::DCS0::AMPH.DCD_DCD_REG1 @ 0x2002380b4
CHIP::DCS0::AMPH.DCD_DCD_REG2 @ 0x2002380b8
CHIP::DCS0::AMPH.DCD_DCD_REG3 @ 0x2002380bc
CHIP::DCS0::AMPH.DCD_DCD_REG4 @ 0x2002380c0
CHIP::DCS0::AMPH.DCD_DCD_REG5 @ 0x2002380c4
CHIP::DCS0::AMPH.DCD_DCD_REG6 @ 0x2002380c8
CHIP::DCS0::AMPH.ISEL_ISEL_REG0 @ 0x2002380dc
CHIP::DCS0::AMPH.ISEL_ISEL_REG1 @ 0x2002380e0
CHIP::DCS0::AMPH.ISEL_ISEL_REG2 @ 0x2002380e4
CHIP::DCS0::AMPH.ISEL_ISEL_REG3 @ 0x2002380e8
CHIP::DCS0::AMPH.DS_DS_REG0 @ 0x2002380ec
CHIP::DCS0::AMPH.DS_DS_REG1 @ 0x2002380f0
CHIP::DCS0::AMPH.DS_DS_REG2 @ 0x2002380f4
CHIP::DCS0::AMPH.DS_DS_REG3 @ 0x2002380f8
CHIP::DCS0::AMPH.DS_DS_REG4 @ 0x2002380fc
CHIP::DCS0::AMPH.DS_DS_REG5 @ 0x200238100
CHIP::DCS0::AMPH.DS_DS_REG6 @ 0x200238104
CHIP::DCS0::AMPH.DS_DS_REG7 @ 0x200238108
CHIP::DCS0::AMPH.DS_DS_REG8 @ 0x20023810c
CHIP::DCS0::AMPH.DS_DS_REG9 @ 0x200238110
CHIP::DCS0::AMPH.DS_DS_REG10 @ 0x200238114
CHIP::DCS0::AMPH.DS_DS_REG11 @ 0x200238118
CHIP::DCS0::AMPH.DS_DS_REG12 @ 0x20023811c
CHIP::DCS0::AMPH.DS_DS_REG13 @ 0x200238120
CHIP::DCS0::AMPH.DS_DS_REG14 @ 0x200238124
CHIP::DCS0::AMPH.DBG_DBG_REG0 @ 0x200238128
CHIP::DCS1::MCU.AMCGEN_AMCCTRL @ 0x200240000
CHIP::DCS1::MCU.AMCGEN_CLKGATE @ 0x200240004
CHIP::DCS1::MCU.AMCGEN_FREQSEL @ 0x200240008
CHIP::DCS1::MCU.AMCGEN_AMCVER @ 0x20024000c
CHIP::DCS1::MCU.AMCGEN_AMCCLKPWRGATE @ 0x200240010
CHIP::DCS1::MCU.AMCGEN_AMCCLKPWRGATE2 @ 0x200240014
CHIP::DCS1::MCU.MCUSCH_OPIDLETMR @ 0x200240180
CHIP::DCS1::MCU.MCUSCH_OPTMRADJEN @ 0x200240184
CHIP::DCS1::MCU.MCUSCH_OPTMRADJPARAM @ 0x200240188
CHIP::DCS1::MCU.MCUSCH_MIFNRTAGE @ 0x20024018c
CHIP::DCS1::MCU.MCUSCH_MIFRTAGE @ 0x200240190
CHIP::DCS1::MCU.MCUSCH_MIFPCAGE @ 0x200240194
CHIP::DCS1::MCU.MCUSCH_QBREN @ 0x200240198
CHIP::DCS1::MCU.MCUSCH_QBRPARAM @ 0x20024019c
CHIP::DCS1::MCU.MCUSCH_PSQAFNTY @ 0x2002401a0
CHIP::DCS1::MCU.MCUSCH_PSQRQCTL0 @ 0x2002401a4
CHIP::DCS1::MCU.MCUSCH_PSQCPU0LLT_FREQ0 @ 0x2002401a8
CHIP::DCS1::MCU.MCUSCH_PSQCPU1LLT_FREQ0 @ 0x2002401ac
CHIP::DCS1::MCU.MCUSCH_PSQSOCLLT_FREQ0 @ 0x2002401b0
CHIP::DCS1::MCU.MCUSCH_PSQCPU0LLT_FREQ1 @ 0x2002401b4
CHIP::DCS1::MCU.MCUSCH_PSQCPU1LLT_FREQ1 @ 0x2002401b8
CHIP::DCS1::MCU.MCUSCH_PSQSOCLLT_FREQ1 @ 0x2002401bc
CHIP::DCS1::MCU.MCUSCH_PSQCPU0LLT_FREQ2 @ 0x2002401c0
CHIP::DCS1::MCU.MCUSCH_PSQCPU1LLT_FREQ2 @ 0x2002401c4
CHIP::DCS1::MCU.MCUSCH_PSQSOCLLT_FREQ2 @ 0x2002401c8
CHIP::DCS1::MCU.MCUSCH_PSQCPU0LLT_FREQ3 @ 0x2002401cc
CHIP::DCS1::MCU.MCUSCH_PSQCPU1LLT_FREQ3 @ 0x2002401d0
CHIP::DCS1::MCU.MCUSCH_PSQSOCLLT_FREQ3 @ 0x2002401d4
CHIP::DCS1::MCU.MCUSCH_PSQRQTIMER0 @ 0x2002401d8
CHIP::DCS1::MCU.MCUSCH_PSQRQTIMER1 @ 0x2002401dc
CHIP::DCS1::MCU.MCUSCH_PSQRQBRST @ 0x2002401e0
CHIP::DCS1::MCU.MCUSCH_PSQRQSCHCRD @ 0x2002401e4
CHIP::DCS1::MCU.MCUSCH_PSQWQCTRL0 @ 0x2002401e8
CHIP::DCS1::MCU.MCUSCH_PSQWQCTL1 @ 0x2002401ec
CHIP::DCS1::MCU.MCUSCH_PSQWQCTL2 @ 0x2002401f0
CHIP::DCS1::MCU.MCUSCH_PSQWQTHR @ 0x2002401f4
CHIP::DCS1::MCU.MCUSCH_PSQWQBRST @ 0x2002401f8
CHIP::DCS1::MCU.MCUSCH_PSQWQSCHCRD @ 0x2002401fc
CHIP::DCS1::MCU.MCUSCH_MCUQOSLLT @ 0x200240200
CHIP::DCS1::MCU.MCUSCH_SBQOSUPGCTRL @ 0x200240204
CHIP::DCS1::MCU.MCUSCH_SBQOSUPGISPAIDS @ 0x200240208
CHIP::DCS1::MCU.PHYTIM_PHYRDWRTIM_FREQ0 @ 0x200240280
CHIP::DCS1::MCU.PHYTIM_PHYRDWRTIM_FREQ1 @ 0x200240284
CHIP::DCS1::MCU.PHYTIM_PHYRDWRTIM_FREQ2 @ 0x200240288
CHIP::DCS1::MCU.PHYTIM_PHYRDWRTIM_FREQ3 @ 0x20024028c
CHIP::DCS1::MCU.PHYCFG_PHYUPDATETIMERS @ 0x200240300
CHIP::DCS1::MCU.PHYCFG_PHYMRRDATADQMUX @ 0x200240304
CHIP::DCS1::MCU.DRAMTIM_LAT_FREQ0 @ 0x200240380
CHIP::DCS1::MCU.DRAMTIM_LAT_FREQ1 @ 0x200240384
CHIP::DCS1::MCU.DRAMTIM_LAT_FREQ2 @ 0x200240388
CHIP::DCS1::MCU.DRAMTIM_LAT_FREQ3 @ 0x20024038c
CHIP::DCS1::MCU.DRAMTIM_CASPCH_FREQ0 @ 0x200240390
CHIP::DCS1::MCU.DRAMTIM_CASPCH_FREQ1 @ 0x200240394
CHIP::DCS1::MCU.DRAMTIM_CASPCH_FREQ2 @ 0x200240398
CHIP::DCS1::MCU.DRAMTIM_CASPCH_FREQ3 @ 0x20024039c
CHIP::DCS1::MCU.DRAMTIM_ACT_FREQ0 @ 0x2002403a0
CHIP::DCS1::MCU.DRAMTIM_ACT_FREQ1 @ 0x2002403a4
CHIP::DCS1::MCU.DRAMTIM_ACT_FREQ2 @ 0x2002403a8
CHIP::DCS1::MCU.DRAMTIM_ACT_FREQ3 @ 0x2002403ac
CHIP::DCS1::MCU.DRAMTIM_AUTOREF_FREQ0 @ 0x2002403b0
CHIP::DCS1::MCU.DRAMTIM_AUTOREF_FREQ1 @ 0x2002403b4
CHIP::DCS1::MCU.DRAMTIM_AUTOREF_FREQ2 @ 0x2002403b8
CHIP::DCS1::MCU.DRAMTIM_AUTOREF_FREQ3 @ 0x2002403bc
CHIP::DCS1::MCU.DRAMTIM_SELFREF_FREQ0 @ 0x2002403c0
CHIP::DCS1::MCU.DRAMTIM_SELFREF_FREQ1 @ 0x2002403c4
CHIP::DCS1::MCU.DRAMTIM_SELFREF_FREQ2 @ 0x2002403c8
CHIP::DCS1::MCU.DRAMTIM_SELFREF_FREQ3 @ 0x2002403cc
CHIP::DCS1::MCU.DRAMTIM_PDN @ 0x2002403d0
CHIP::DCS1::MCU.DRAMTIM_MODEREG @ 0x2002403d4
CHIP::DCS1::MCU.DRAMTIM_DERATE_FREQ0 @ 0x2002403d8
CHIP::DCS1::MCU.DRAMTIM_DERATE_FREQ1 @ 0x2002403dc
CHIP::DCS1::MCU.DRAMTIM_DERATE_FREQ2 @ 0x2002403e0
CHIP::DCS1::MCU.DRAMTIM_DERATE_FREQ3 @ 0x2002403e4
CHIP::DCS1::MCU.DRAMTIM_TAT_FREQ0 @ 0x2002403e8
CHIP::DCS1::MCU.DRAMTIM_TAT_FREQ1 @ 0x2002403ec
CHIP::DCS1::MCU.DRAMTIM_TAT_FREQ2 @ 0x2002403f0
CHIP::DCS1::MCU.DRAMTIM_TAT_FREQ3 @ 0x2002403f4
CHIP::DCS1::MCU.DRAMTIM_TRANSGAP @ 0x2002403f8
CHIP::DCS1::MCU.DRAMTIM_AUTOREF_PARAMS @ 0x2002403fc
CHIP::DCS1::MCU.DRAMCFG_RWCFG @ 0x200240400
CHIP::DCS1::MCU.DRAMCFG_RNKCFG @ 0x200240404
CHIP::DCS1::MCU.DRAMCFG_AREFEN_FREQ0 @ 0x200240408
CHIP::DCS1::MCU.DRAMCFG_AREFEN_FREQ1 @ 0x20024040c
CHIP::DCS1::MCU.DRAMCFG_AREFEN_FREQ2 @ 0x200240410
CHIP::DCS1::MCU.DRAMCFG_AREFEN_FREQ3 @ 0x200240414
CHIP::DCS1::MCU.DRAMCFG_AREFPARAM @ 0x200240418
CHIP::DCS1::MCU.DRAMCFG_LONGSR @ 0x20024041c
CHIP::DCS1::MCU.DRAMCFG_ODTSZQC @ 0x200240420
CHIP::DCS1::MCU.DRAMCFG_PWRMNGTEN @ 0x200240424
CHIP::DCS1::MCU.DRAMCFG_PWRMNGTPARAM_FREQ0 @ 0x200240428
CHIP::DCS1::MCU.DRAMCFG_PWRMNGTPARAM_FREQ1 @ 0x20024042c
CHIP::DCS1::MCU.DRAMCFG_PWRMNGTPARAM_FREQ2 @ 0x200240430
CHIP::DCS1::MCU.DRAMCFG_PWRMNGTPARAM_FREQ3 @ 0x200240434
CHIP::DCS1::MCU.DRAMCFG_ODTSMAPPING @ 0x200240438
CHIP::DCS1::MCU.DRAMCFG_MCPHYUPDTPARAM @ 0x20024043c
CHIP::DCS1::MCU.DRAMCFG_READLEVELING @ 0x200240440
CHIP::DCS1::MCU.DRAMCFG_REFPBHITHRESHOLDS @ 0x200240444
CHIP::DCS1::MCU.DRAMCFG_REFPBLOTHRESHOLDS @ 0x200240448
CHIP::DCS1::MCU.DRAMCFG_FREQCHNGCTL @ 0x20024044c
CHIP::DCS1::MCU.DRAMCFG_FREQCHNGCTL0_FREQ0 @ 0x200240450
CHIP::DCS1::MCU.DRAMCFG_FREQCHNGCTL1_FREQ0 @ 0x200240454
CHIP::DCS1::MCU.DRAMCFG_FREQCHNGCTL2_FREQ0 @ 0x200240458
CHIP::DCS1::MCU.DRAMCFG_FREQCHNGCTL3_FREQ0 @ 0x20024045c
CHIP::DCS1::MCU.DRAMCFG_FREQCHNGCTL4_FREQ0 @ 0x200240460
CHIP::DCS1::MCU.DRAMCFG_FREQCHNGCTL5_FREQ0 @ 0x200240464
CHIP::DCS1::MCU.DRAMCFG_FREQCHNGCTL0_FREQ1 @ 0x200240468
CHIP::DCS1::MCU.DRAMCFG_FREQCHNGCTL1_FREQ1 @ 0x20024046c
CHIP::DCS1::MCU.DRAMCFG_FREQCHNGCTL2_FREQ1 @ 0x200240470
CHIP::DCS1::MCU.DRAMCFG_FREQCHNGCTL3_FREQ1 @ 0x200240474
CHIP::DCS1::MCU.DRAMCFG_FREQCHNGCTL4_FREQ1 @ 0x200240478
CHIP::DCS1::MCU.DRAMCFG_FREQCHNGCTL5_FREQ1 @ 0x20024047c
CHIP::DCS1::MCU.DRAMCFG_FREQCHNGCTL0_FREQ2 @ 0x200240480
CHIP::DCS1::MCU.DRAMCFG_FREQCHNGCTL1_FREQ2 @ 0x200240484
CHIP::DCS1::MCU.DRAMCFG_FREQCHNGCTL2_FREQ2 @ 0x200240488
CHIP::DCS1::MCU.DRAMCFG_FREQCHNGCTL3_FREQ2 @ 0x20024048c
CHIP::DCS1::MCU.DRAMCFG_FREQCHNGCTL4_FREQ2 @ 0x200240490
CHIP::DCS1::MCU.DRAMCFG_FREQCHNGCTL5_FREQ2 @ 0x200240494
CHIP::DCS1::MCU.DRAMCFG_FREQCHNGCTL0_FREQ3 @ 0x200240498
CHIP::DCS1::MCU.DRAMCFG_FREQCHNGCTL1_FREQ3 @ 0x20024049c
CHIP::DCS1::MCU.DRAMCFG_FREQCHNGCTL2_FREQ3 @ 0x2002404a0
CHIP::DCS1::MCU.DRAMCFG_FREQCHNGCTL3_FREQ3 @ 0x2002404a4
CHIP::DCS1::MCU.DRAMCFG_FREQCHNGCTL4_FREQ3 @ 0x2002404a8
CHIP::DCS1::MCU.DRAMCFG_FREQCHNGCTL5_FREQ3 @ 0x2002404ac
CHIP::DCS1::MCU.DRAMCFG_ROWHAMCTRL0 @ 0x2002404b0
CHIP::DCS1::MCU.DRAMCFG_ROWHAMCTRL1 @ 0x2002404b4
CHIP::DCS1::MCU.DRAMCFG_ROWHAMCTRL2 @ 0x2002404b8
CHIP::DCS1::MCU.DRAMCFG_ROWHAMSTS @ 0x2002404bc
CHIP::DCS1::MCU.DRAMCFG_FREQCHNGTIM_FREQ0 @ 0x2002404c0
CHIP::DCS1::MCU.DRAMCFG_FREQCHNGTIM_FREQ1 @ 0x2002404c4
CHIP::DCS1::MCU.DRAMCFG_FREQCHNGTIM_FREQ2 @ 0x2002404c8
CHIP::DCS1::MCU.DRAMCFG_FREQCHNGTIM_FREQ3 @ 0x2002404cc
CHIP::DCS1::MCU.DRAMCMD_MRINITCMD @ 0x200240500
CHIP::DCS1::MCU.DRAMCMD_MRINITSTS @ 0x200240504
CHIP::DCS1::MCU.AMCXPERFCNTR_PERFCNTRCTL @ 0x200240580
CHIP::DCS1::MCU.AMCXPERFCNTR_PERFCNTREN @ 0x200240584
CHIP::DCS1::MCU.AMCXPERFCNTR_PERFCNTR0CTL1 @ 0x200240588
CHIP::DCS1::MCU.AMCXPERFCNTR_PERFCNTR0CTL2 @ 0x20024058c
CHIP::DCS1::MCU.AMCXPERFCNTR_PERFCNTR0CTL3 @ 0x200240590
CHIP::DCS1::MCU.AMCXPERFCNTR_PERFCNTR0CTL4 @ 0x200240594
CHIP::DCS1::MCU.AMCXPERFCNTR_PERFCNTR0CTL5 @ 0x200240598
CHIP::DCS1::MCU.AMCXPERFCNTR_PERFCNTR0CTL6 @ 0x20024059c
CHIP::DCS1::MCU.AMCXPERFCNTR_PERFCNTR0VAL @ 0x2002405a0
CHIP::DCS1::MCU.AMCXPERFCNTR_PERFCNTR1CTL1 @ 0x2002405a4
CHIP::DCS1::MCU.AMCXPERFCNTR_PERFCNTR1CTL2 @ 0x2002405a8
CHIP::DCS1::MCU.AMCXPERFCNTR_PERFCNTR1CTL3 @ 0x2002405ac
CHIP::DCS1::MCU.AMCXPERFCNTR_PERFCNTR1CTL4 @ 0x2002405b0
CHIP::DCS1::MCU.AMCXPERFCNTR_PERFCNTR1CTL5 @ 0x2002405b4
CHIP::DCS1::MCU.AMCXPERFCNTR_PERFCNTR1CTL6 @ 0x2002405b8
CHIP::DCS1::MCU.AMCXPERFCNTR_PERFCNTR1VAL @ 0x2002405bc
CHIP::DCS1::MCU.AMCXPERFCNTR_PERFCNTR2CTL1 @ 0x2002405c0
CHIP::DCS1::MCU.AMCXPERFCNTR_PERFCNTR2CTL2 @ 0x2002405c4
CHIP::DCS1::MCU.AMCXPERFCNTR_PERFCNTR2CTL3 @ 0x2002405c8
CHIP::DCS1::MCU.AMCXPERFCNTR_PERFCNTR2CTL4 @ 0x2002405cc
CHIP::DCS1::MCU.AMCXPERFCNTR_PERFCNTR2CTL5 @ 0x2002405d0
CHIP::DCS1::MCU.AMCXPERFCNTR_PERFCNTR2CTL6 @ 0x2002405d4
CHIP::DCS1::MCU.AMCXPERFCNTR_PERFCNTR2VAL @ 0x2002405d8
CHIP::DCS1::MCU.AMCXPERFCNTR_PERFCNTR3CTL1 @ 0x2002405dc
CHIP::DCS1::MCU.AMCXPERFCNTR_PERFCNTR3CTL2 @ 0x2002405e0
CHIP::DCS1::MCU.AMCXPERFCNTR_PERFCNTR3CTL3 @ 0x2002405e4
CHIP::DCS1::MCU.AMCXPERFCNTR_PERFCNTR3CTL4 @ 0x2002405e8
CHIP::DCS1::MCU.AMCXPERFCNTR_PERFCNTR3CTL5 @ 0x2002405ec
CHIP::DCS1::MCU.AMCXPERFCNTR_PERFCNTR3CTL6 @ 0x2002405f0
CHIP::DCS1::MCU.AMCXPERFCNTR_PERFCNTR3VAL @ 0x2002405f4
CHIP::DCS1::MCU.AMCXPERFCNTR_PERFCNTR4CTL1 @ 0x2002405f8
CHIP::DCS1::MCU.AMCXPERFCNTR_PERFCNTR4CTL2 @ 0x2002405fc
CHIP::DCS1::MCU.AMCXPERFCNTR_PERFCNTR4CTL3 @ 0x200240600
CHIP::DCS1::MCU.AMCXPERFCNTR_PERFCNTR4CTL4 @ 0x200240604
CHIP::DCS1::MCU.AMCXPERFCNTR_PERFCNTR4CTL5 @ 0x200240608
CHIP::DCS1::MCU.AMCXPERFCNTR_PERFCNTR4CTL6 @ 0x20024060c
CHIP::DCS1::MCU.AMCXPERFCNTR_PERFCNTR4VAL @ 0x200240610
CHIP::DCS1::MCU.AMCXPERFCNTR_PERFCNTR5CTL1 @ 0x200240614
CHIP::DCS1::MCU.AMCXPERFCNTR_PERFCNTR5CTL2 @ 0x200240618
CHIP::DCS1::MCU.AMCXPERFCNTR_PERFCNTR5CTL3 @ 0x20024061c
CHIP::DCS1::MCU.AMCXPERFCNTR_PERFCNTR5CTL4 @ 0x200240620
CHIP::DCS1::MCU.AMCXPERFCNTR_PERFCNTR5CTL5 @ 0x200240624
CHIP::DCS1::MCU.AMCXPERFCNTR_PERFCNTR5CTL6 @ 0x200240628
CHIP::DCS1::MCU.AMCXPERFCNTR_PERFCNTR5VAL @ 0x20024062c
CHIP::DCS1::MCU.AMCXPERFCNTR_QPROPCTRL @ 0x200240630
CHIP::DCS1::MCU.AMCXPERFCNTR_MCU0PSQQPROPCTRL @ 0x200240634
CHIP::DCS1::MCU.AMCXPERFCNTR_MCU0PSRQQPROPAVGLAT @ 0x200240638
CHIP::DCS1::MCU.AMCXPERFCNTR_MCU0PSRQQPROPAVGTHRPT @ 0x20024063c
CHIP::DCS1::MCU.AMCXPERFCNTR_MCU0PSRQQPROPOUTPUTS @ 0x200240640
CHIP::DCS1::MCU.AMCXPERFCNTR_MCU0PSRQQPROPMONCTRL @ 0x200240644
CHIP::DCS1::MCU.AMCXPERFCNTR_MCU0PSRQQPROPMONHITHR @ 0x200240648
CHIP::DCS1::MCU.AMCXPERFCNTR_MCU0PSRQQPROPMONLOWTHR @ 0x20024064c
CHIP::DCS1::MCU.AMCXPERFCNTR_MCU0PSWQQPROPAVGLAT @ 0x200240650
CHIP::DCS1::MCU.AMCXPERFCNTR_MCU0PSWQQPROPAVGTHRPT @ 0x200240654
CHIP::DCS1::MCU.AMCXPERFCNTR_MCU0PSWQQPROPOUTPUTS @ 0x200240658
CHIP::DCS1::MCU.AMCXPERFCNTR_MCU0PSWQQPROPMONCTRL @ 0x20024065c
CHIP::DCS1::MCU.AMCXPERFCNTR_MCU0PSWQQPROPMONHITHR @ 0x200240660
CHIP::DCS1::MCU.AMCXPERFCNTR_MCU0PSWQQPROPMONLOWTHR @ 0x200240664
CHIP::DCS1::MCU.AMCXIRERRDBG_INTEN0 @ 0x200240700
CHIP::DCS1::MCU.AMCXIRERRDBG_INTEN1 @ 0x200240704
CHIP::DCS1::MCU.AMCXIRERRDBG_INTSTS @ 0x200240708
CHIP::DCS1::MCU.AMCXIRERRDBG_DEBUGCTRL @ 0x20024070c
CHIP::DCS1::MCU.AMCXIRERRDBG_DEBUGSTS0 @ 0x200240710
CHIP::DCS1::MCU.AMCXIRERRDBG_DEBUGSTSCLKPWR @ 0x200240714
CHIP::DCS1::MCU.MIFQCTRL_MIFQMAXCTRL_FREQ0 @ 0x200240780
CHIP::DCS1::MCU.MIFQCTRL_MIFQMAXCTRL_FREQ1 @ 0x200240784
CHIP::DCS1::MCU.MIFQCTRL_MIFQMAXCTRL_FREQ2 @ 0x200240788
CHIP::DCS1::MCU.MIFQCTRL_MIFQMAXCTRL_FREQ3 @ 0x20024078c
CHIP::DCS1::SPLLCTRL.SPLLCTRL_MODEREG @ 0x20024c000
CHIP::DCS1::SPLLCTRL.SPLLCTRL_POWERDOWNRESET @ 0x20024c004
CHIP::DCS1::SPLLCTRL.SPLLCTRL_LOCKSTATUS @ 0x20024c008
CHIP::DCS1::SPLLCTRL.SPLLCTRL_INTERRUPT @ 0x20024c00c
CHIP::DCS1::SPLLCTRL.SPLLCTRL_INTEN0 @ 0x20024c010
CHIP::DCS1::SPLLCTRL.SPLLCTRL_INTEN1 @ 0x20024c014
CHIP::DCS1::SPLLCTRL.SPLLCTRL_OUTPUTDIVIDER @ 0x20024c018
CHIP::DCS1::SPLLCTRL.SPLLCTRL_CHARGEPUMP @ 0x20024c01c
CHIP::DCS1::SPLLCTRL.SPLLCTRL_VCO @ 0x20024c020
CHIP::DCS1::SPLLCTRL.SPLLCTRL_LDO @ 0x20024c024
CHIP::DCS1::SPLLCTRL.SPLLCTRL_TESTCTRL @ 0x20024c028
CHIP::DCS1::SPLLCTRL.SPLLCTRL_TESTSTATUS @ 0x20024c02c
CHIP::DCS1::SPLLCTRL.SPLLCTRL_DFT @ 0x20024c030
CHIP::DCS1::SPLLCTRL.SPLLCTRL_OVERRIDE @ 0x20024c034
CHIP::DCS1::SPLLCTRL.SPLLCTRL_TESTPLL @ 0x20024c038
CHIP::DCS1::SPLLCTRL.SPLLCTRL_TESTPLLSTATUS @ 0x20024c03c
CHIP::DCS1::SPLLCTRL.SPLLCTRL_PLLSEQLDOUPTIMER @ 0x20024c040
CHIP::DCS1::SPLLCTRL.SPLLCTRL_PLLSEQLDODNTIMER @ 0x20024c044
CHIP::DCS1::SPLLCTRL.SPLLCTRL_PLLSEQSTBYTIMER @ 0x20024c048
CHIP::DCS1::SPLLCTRL.SPLLCTRL_PLLSEQPD2STBYTIMER @ 0x20024c04c
CHIP::DCS1::SPLLCTRL.SPLLCTRL_PLLSEQSETDIVTIMER @ 0x20024c050
CHIP::DCS1::SPLLCTRL.SPLLCTRL_PLLSEQSETUPDTIMER @ 0x20024c054
CHIP::DCS1::SPLLCTRL.SPLLCTRL_PLLSEQCLKSETUPTIMER @ 0x20024c058
CHIP::DCS1::SPLLCTRL.SPLLCTRL_SPLLPWRDNCFG @ 0x20024c05c
CHIP::DCS1::SPLLCTRL.SPLLCTRL_SPLLDIVCFG @ 0x20024c060
CHIP::DCS1::SPLLCTRL.SPLLCTRL_MDLLPWRDNCFG0 @ 0x20024c064
CHIP::DCS1::SPLLCTRL.SPLLCTRL_MDLLPWRDNCFG1 @ 0x20024c068
CHIP::DCS1::SPLLCTRL.SPLLCTRL_MDLLPWRDNCFG2 @ 0x20024c06c
CHIP::DCS1::AMPSCA.AMPSCAGEN_AMPEN @ 0x200260000
CHIP::DCS1::AMPSCA.AMPSCAGEN_AMPCLK @ 0x200260004
CHIP::DCS1::AMPSCA.AMPSCAGEN_AMPINIT @ 0x200260008
CHIP::DCS1::AMPSCA.AMPSCAGEN_DRAM_RESETN @ 0x20026000c
CHIP::DCS1::AMPSCA.AMPSCAGEN_AMPVER @ 0x200260010
CHIP::DCS1::AMPSCA.AMPSCAIOCFG_IMPCODE @ 0x200260080
CHIP::DCS1::AMPSCA.AMPSCAIOCFG_IMPOVRRD @ 0x200260084
CHIP::DCS1::AMPSCA.AMPSCAIOCFG_IMPAUTOCAL @ 0x200260088
CHIP::DCS1::AMPSCA.AMPSCAIOCFG_IMPCALCONTROL @ 0x20026008c
CHIP::DCS1::AMPSCA.AMPSCAIOCFG_IMPCALPHYUPDT @ 0x200260090
CHIP::DCS1::AMPSCA.AMPSCAIOCFG_IMPCALCMD @ 0x200260094
CHIP::DCS1::AMPSCA.AMPSCAIOCFG_DRAMSIGDLY @ 0x200260098
CHIP::DCS1::AMPSCA.AMPSCAIOCFG_NONDQDSPD_F0 @ 0x20026009c
CHIP::DCS1::AMPSCA.AMPSCAIOCFG_NONDQDSPD_F1 @ 0x2002600a0
CHIP::DCS1::AMPSCA.AMPSCAIOCFG_NONDQDSPD_F2 @ 0x2002600a4
CHIP::DCS1::AMPSCA.AMPSCAIOCFG_NONDQDSPD_F3 @ 0x2002600a8
CHIP::DCS1::AMPSCA.AMPSCAIOCFG_NONDQDS_F0 @ 0x2002600ac
CHIP::DCS1::AMPSCA.AMPSCAIOCFG_NONDQDS_F1 @ 0x2002600b0
CHIP::DCS1::AMPSCA.AMPSCAIOCFG_NONDQDS_F2 @ 0x2002600b4
CHIP::DCS1::AMPSCA.AMPSCAIOCFG_NONDQDS_F3 @ 0x2002600b8
CHIP::DCS1::AMPSCA.AMPSCAIOCFG_CACKCSWKPD_F0 @ 0x2002600bc
CHIP::DCS1::AMPSCA.AMPSCAIOCFG_CACKCSWKPD_F1 @ 0x2002600c0
CHIP::DCS1::AMPSCA.AMPSCAIOCFG_CACKCSWKPD_F2 @ 0x2002600c4
CHIP::DCS1::AMPSCA.AMPSCAIOCFG_CACKCSWKPD_F3 @ 0x2002600c8
CHIP::DCS1::AMPSCA.AMPSCAIOCFG_CACKCSWKDS @ 0x2002600cc
CHIP::DCS1::AMPSCA.AMPSCAIOCFG_DCC @ 0x2002600d0
CHIP::DCS1::AMPSCA.AMPSCAIOCFG_BISTRXMODE @ 0x2002600d4
CHIP::DCS1::AMPSCA.AMPSCARDTIM_RDCAPCFG_FREQ0 @ 0x200260100
CHIP::DCS1::AMPSCA.AMPSCARDTIM_RDCAPCFG_FREQ1 @ 0x200260104
CHIP::DCS1::AMPSCA.AMPSCARDTIM_RDCAPCFG_FREQ2 @ 0x200260108
CHIP::DCS1::AMPSCA.AMPSCARDTIM_RDCAPCFG_FREQ3 @ 0x20026010c
CHIP::DCS1::AMPSCA.AMPSCARDTIM_CALPATCFG @ 0x200260110
CHIP::DCS1::AMPSCA.AMPSCARDTIM_DQTRNCFG @ 0x200260114
CHIP::DCS1::AMPSCA.AMPSCARDTIM_DQTRNCMD @ 0x200260118
CHIP::DCS1::AMPSCA.AMPSCARDTIM_DQTRNSTS @ 0x20026011c
CHIP::DCS1::AMPSCA.AMPSCADLLCTL_DLLEN @ 0x200260180
CHIP::DCS1::AMPSCA.AMPSCADLLCTL_MDLLFREQBINDISABLE @ 0x200260184
CHIP::DCS1::AMPSCA.AMPSCADLLCTL_MDLLFREQSCALE @ 0x200260188
CHIP::DCS1::AMPSCA.AMPSCADLLCTL_DLLUPDTCMD @ 0x20026018c
CHIP::DCS1::AMPSCA.AMPSCADLLCTL_MDLLCODE @ 0x200260190
CHIP::DCS1::AMPSCA.AMPSCADLLCTL_MDLLOVERRIDE @ 0x200260194
CHIP::DCS1::AMPSCA.AMPSCADLLCTL_DLLLOCKTIM @ 0x200260198
CHIP::DCS1::AMPSCA.AMPSCADLLCTL_DLLLOCKCTRL @ 0x20026019c
CHIP::DCS1::AMPSCA.AMPSCADLLCTL_DLLUPDTINTVL @ 0x2002601a0
CHIP::DCS1::AMPSCA.AMPSCADLLCTL_DLLUPDTCTRL @ 0x2002601a4
CHIP::DCS1::AMPSCA.AMPSCADLLCTL_DLLSTS @ 0x2002601a8
CHIP::DCS1::AMPSCA.AMPSCADLLCTL_MASTERSTATUS0 @ 0x2002601ac
CHIP::DCS1::AMPSCA.AMPSCADLLCTL_MASTERSTATUS1 @ 0x2002601b0
CHIP::DCS1::AMPSCA.AMPSCADLLCTL_MASTERSTATUSSTPSZ @ 0x2002601b4
CHIP::DCS1::AMPSCA.AMPSCADLLCTL_SLAVESTATUSSEL @ 0x2002601b8
CHIP::DCS1::AMPSCA.AMPSCADLLCTL_SLAVESTATUS @ 0x2002601bc
CHIP::DCS1::AMPSCA.AMPSCADLLCTL_CAOUTDLLSCL_FREQ0 @ 0x2002601c0
CHIP::DCS1::AMPSCA.AMPSCADLLCTL_CAOUTDLLSCL_FREQ1 @ 0x2002601c4
CHIP::DCS1::AMPSCA.AMPSCADLLCTL_CAOUTDLLSCL_FREQ2 @ 0x2002601c8
CHIP::DCS1::AMPSCA.AMPSCADLLCTL_CAOUTDLLSCL_FREQ3 @ 0x2002601cc
CHIP::DCS1::AMPSCA.AMPSCATEST_AMPTESTMODE @ 0x200260380
CHIP::DCS1::AMPSCA.AMPSCATEST_BISTCMD @ 0x200260384
CHIP::DCS1::AMPSCA.AMPSCATEST_BISTSTS @ 0x200260388
CHIP::DCS1::AMPSCA.AMPSCATEST_BISTRDFIFOCTRL @ 0x20026038c
CHIP::DCS1::AMPSCA.AMPSCATEST_BISTRDFIFOSTATUS @ 0x200260390
CHIP::DCS1::AMPSCA.AMPSCATEST_BISTERRCAP0 @ 0x200260394
CHIP::DCS1::AMPSCA.AMPSCATEST_BISTERRINJCAP0 @ 0x200260398
CHIP::DCS1::AMPSCA.AMPSCATEST_BISTERRCAP1 @ 0x20026039c
CHIP::DCS1::AMPSCA.AMPSCATEST_BISTERRINJCAP1 @ 0x2002603a0
CHIP::DCS1::AMPSCA.AMPSCATEST_BISTERRPATCAP0 @ 0x2002603a4
CHIP::DCS1::AMPSCA.AMPSCATEST_BISTEXPECTPATCAP0 @ 0x2002603a8
CHIP::DCS1::AMPSCA.AMPSCATEST_BISTOVERRIDEPATCAP0 @ 0x2002603ac
CHIP::DCS1::AMPSCA.AMPSCATEST_BISTERRPATCAP1 @ 0x2002603b0
CHIP::DCS1::AMPSCA.AMPSCATEST_BISTEXPECTPATCAP1 @ 0x2002603b4
CHIP::DCS1::AMPSCA.AMPSCATEST_BISTOVERRIDEPATCAP1 @ 0x2002603b8
CHIP::DCS1::AMPSCA.AMPSCATEST_BISTLFSRCAP0 @ 0x2002603bc
CHIP::DCS1::AMPSCA.AMPSCATEST_BISTLFSRCAP1 @ 0x2002603c0
CHIP::DCS1::AMPSCA.AMPSCATEST_BISTOVRCYCCNT @ 0x2002603c4
CHIP::DCS1::AMPSCA.AMPSCATEST_BISTSWEEP @ 0x2002603c8
CHIP::DCS1::AMPSCA.AMPSCATEST_BISTSWEEPLOOP @ 0x2002603cc
CHIP::DCS1::AMPSCA.AMPSCATEST_BISTSWEEPSTS0 @ 0x2002603d0
CHIP::DCS1::AMPSCA.AMPSCATEST_BISTSWEEPSTS1 @ 0x2002603d4
CHIP::DCS1::AMPSCA.AMPSCAIRERRDBG_AMPINTEN @ 0x200260400
CHIP::DCS1::AMPSCA.AMPSCAIRERRDBG_INTSTS @ 0x200260404
CHIP::DCS1::AMPSCA.AMPSCADESKEWCTRL_CA0_DESKEW_CTRL @ 0x200260500
CHIP::DCS1::AMPSCA.AMPSCADESKEWCTRL_CA1_DESKEW_CTRL @ 0x200260504
CHIP::DCS1::AMPSCA.AMPSCADESKEWCTRL_CA2_DESKEW_CTRL @ 0x200260508
CHIP::DCS1::AMPSCA.AMPSCADESKEWCTRL_CA3_DESKEW_CTRL @ 0x20026050c
CHIP::DCS1::AMPSCA.AMPSCADESKEWCTRL_CA4_DESKEW_CTRL @ 0x200260510
CHIP::DCS1::AMPSCA.AMPSCADESKEWCTRL_CA5_DESKEW_CTRL @ 0x200260514
CHIP::DCS1::AMPSCA.AMPSCADESKEWCTRL_CS_DESKEW_CTRL @ 0x200260518
CHIP::DCS1::AMPSCA.AMPSCADESKEWCTRL_CK_DESKEW_CTRL @ 0x20026051c
CHIP::DCS1::AMPSCA.AMPSCASDLLCTRL_CASDLLCTRL @ 0x200260700
CHIP::DCS1::AMPSCA.AMPSCASDLLCTRL_CASDLLCODE @ 0x200260704
CHIP::DCS1::AMPSCA.AMPSCASDLLCTRL_CSSDLLCTRL @ 0x200260708
CHIP::DCS1::AMPSCA.AMPSCASDLLCTRL_CSSDLLCODE @ 0x20026070c
CHIP::DCS1::AMPSCA.AMPSCASDLLCTRL_CKSDLLCTRL @ 0x200260710
CHIP::DCS1::AMPSCA.AMPSCASDLLCTRL_CKSDLLCODE @ 0x200260714
CHIP::DCS1::AMPSCA.AMPSCASDLLCTRL_SDLLUPDATECTRL @ 0x200260718
CHIP::DCS1::AMPSCA.AMPSCASDLLCTRL_SDLLUPDATEDEFEREN @ 0x20026071c
CHIP::DCS1::AMPSCA.AMPSCAWRLVL_AMPCAWRLVLSDLLCODE @ 0x200260800
CHIP::DCS1::AMPSCA.AMPSCAWRLVL_AMPCAWRLVLCLKDLYSEL @ 0x200260804
CHIP::DCS1::AMPSCA.AMPSCACACALCTRL_AMPCACALCTRL @ 0x200260900
CHIP::DCS1::AMPSCA.AMPSCACACALCTRL_AMPCACALCTRL2 @ 0x200260904
CHIP::DCS1::AMPSCA.AMPSCACACALCTRL_AMPCACACALVREF @ 0x200260908
CHIP::DCS1::AMPSCA.AMPSCACACALCTRL_AMPCACALPAT @ 0x20026090c
CHIP::DCS1::AMPSCA.AMPSCACACALCTRL_AMPCACALENTRYCMD @ 0x200260910
CHIP::DCS1::AMPSCA.AMPSCACACALCTRL_AMPCACALEXITCMD @ 0x200260914
CHIP::DCS1::AMPSCA.AMPSCACACALCTRL_AMPCACALBITSELECT @ 0x200260918
CHIP::DCS1::AMPSCA.AMPSCACACALCTRL_AMPCACALPERBITRESULT @ 0x20026091c
CHIP::DCS1::AMPSCA.AMPSCACACALCTRL_AMPCACALMISCOMPARE @ 0x200260920
CHIP::DCS1::AMPSCA.AMPSCACACALCTRL_AMPCACALRUN @ 0x200260924
CHIP::DCS1::AMPSCA.AMPSCACACALCTRL_AMPCACALCTRL3 @ 0x200260928
CHIP::DCS1::AMPSCA.AMPSCAZQCALCTRL_TZQCAL_TIMER_FREQ0 @ 0x200260a40
CHIP::DCS1::AMPSCA.AMPSCAZQCALCTRL_TZQCAL_TIMER_FREQ1 @ 0x200260a44
CHIP::DCS1::AMPSCA.AMPSCAZQCALCTRL_TZQCAL_TIMER_FREQ2 @ 0x200260a48
CHIP::DCS1::AMPSCA.AMPSCAZQCALCTRL_TZQCAL_TIMER_FREQ3 @ 0x200260a4c
CHIP::DCS1::AMPSCA.AMPSCAZQCALCTRL_TZQLAT_TIMER_FREQ0 @ 0x200260a50
CHIP::DCS1::AMPSCA.AMPSCAZQCALCTRL_TZQLAT_TIMER_FREQ1 @ 0x200260a54
CHIP::DCS1::AMPSCA.AMPSCAZQCALCTRL_TZQLAT_TIMER_FREQ2 @ 0x200260a58
CHIP::DCS1::AMPSCA.AMPSCAZQCALCTRL_TZQLAT_TIMER_FREQ3 @ 0x200260a5c
CHIP::DCS1::AMPSCA.AMPSCAPERFCNTRCTRL_RAMACCESSCNTRL @ 0x200260a80
CHIP::DCS1::AMPSCA.AMPSCAPERFCNTRCTRL_DLYSETUP @ 0x200260a84
CHIP::DCS1::AMPSCA.AMPSCAPERFCNTRCTRL_PERFCTRL2 @ 0x200260a88
CHIP::DCS1::AMPSCA.AMPSCAPERFCNTRCTRL_PERFCTRL3 @ 0x200260a8c
CHIP::DCS1::AMPSCA.AMPSCAPERFCNTRCTRL_PERFSTATUS @ 0x200260a90
CHIP::DCS1::AMPSCA.AMPCAWRLVLCTRL_WRLVLENTRYCMD @ 0x200260b00
CHIP::DCS1::AMPSCA.AMPCAWRLVLCTRL_WRLVLEXITCMD @ 0x200260b04
CHIP::DCS1::AMPSCA.AMPCAWRLVLCTRL_WRLVLTIMING @ 0x200260b08
CHIP::DCS1::AMPSCA.AMPCAWRLVLCTRL_RUNWRLVL @ 0x200260b0c
CHIP::DCS1::AMPSCA.AMPCAWRLVLCTRL_WRLVLRESULT @ 0x200260b10
CHIP::DCS1::AMPSCA.AMPSCAPHYUPDCRTL_AMPPHYUPDREQ @ 0x200260c00
CHIP::DCS1::AMPSCA.AMPSCAPHYUPDCRTL_AMPPHYUPDSTATUS @ 0x200260c04
CHIP::DCS1::AMPSCA.AMPSCAODT_ODTENABLE_F0 @ 0x200260d00
CHIP::DCS1::AMPSCA.AMPSCAODT_ODTENABLE_F1 @ 0x200260d04
CHIP::DCS1::AMPSCA.AMPSCAODT_ODTENABLE_F2 @ 0x200260d08
CHIP::DCS1::AMPSCA.AMPSCAODT_ODTENABLE_F3 @ 0x200260d0c
CHIP::DCS1::AMPSCA.AMPSCAODT_VREF_F0 @ 0x200260d10
CHIP::DCS1::AMPSCA.AMPSCAODT_VREF_F1 @ 0x200260d14
CHIP::DCS1::AMPSCA.AMPSCAODT_VREF_F2 @ 0x200260d18
CHIP::DCS1::AMPSCA.AMPSCAODT_VREF_F3 @ 0x200260d1c
CHIP::DCS1::AMPSCA.AMPSCARDWRDQCAL_RDWRDQCALTIMING_F0 @ 0x200260e00
CHIP::DCS1::AMPSCA.AMPSCARDWRDQCAL_RDWRDQCALSEGLEN_F0 @ 0x200260e04
CHIP::DCS1::AMPSCA.AMPSCARDWRDQCAL_RDWRDQCALTIMING_F1 @ 0x200260e08
CHIP::DCS1::AMPSCA.AMPSCARDWRDQCAL_RDWRDQCALSEGLEN_F1 @ 0x200260e0c
CHIP::DCS1::AMPSCA.AMPSCARDWRDQCAL_RDWRDQCALTIMING_F2 @ 0x200260e10
CHIP::DCS1::AMPSCA.AMPSCARDWRDQCAL_RDWRDQCALSEGLEN_F2 @ 0x200260e14
CHIP::DCS1::AMPSCA.AMPSCARDWRDQCAL_RDWRDQCALTIMING_F3 @ 0x200260e18
CHIP::DCS1::AMPSCA.AMPSCARDWRDQCAL_RDWRDQCALSEGLEN_F3 @ 0x200260e1c
CHIP::DCS1::AMPSCA.AMPSCARDWRDQCAL_RDWRDQCALLOOPCNT @ 0x200260e20
CHIP::DCS1::AMPSCA.AMPSCARDWRDQCAL_HWRDWRDQCALTIMINGCTRL1 @ 0x200260e24
CHIP::DCS1::AMPSCA.AMPSCARDWRDQCAL_HWRDWRDQCALTIMINGCTRL2 @ 0x200260e28
CHIP::DCS1::AMPSCA.AMPSCARDWRDQCAL_HWRDDQCALPATPRBS4I @ 0x200260e2c
CHIP::DCS1::AMPSCA.AMPSCARDWRDQCAL_HWWRDQCALPATPRBS4I @ 0x200260e30
CHIP::DCS1::AMPSCA.AMPSCARDWRDQCAL_HWRDWRDQCALFULLSCANENABLE @ 0x200260e34
CHIP::DCS1::AMPSCA.AMPSCARDWRDQCAL_RDDQCALWINDOW_F0 @ 0x200260e38
CHIP::DCS1::AMPSCA.AMPSCARDWRDQCAL_WRDQCALWINDOW_F0 @ 0x200260e3c
CHIP::DCS1::AMPSCA.AMPSCARDWRDQCAL_RDDQCALWINDOW_F1 @ 0x200260e40
CHIP::DCS1::AMPSCA.AMPSCARDWRDQCAL_WRDQCALWINDOW_F1 @ 0x200260e44
CHIP::DCS1::AMPSCA.AMPSCARDWRDQCAL_RDDQCALWINDOW_F2 @ 0x200260e48
CHIP::DCS1::AMPSCA.AMPSCARDWRDQCAL_WRDQCALWINDOW_F2 @ 0x200260e4c
CHIP::DCS1::AMPSCA.AMPSCARDWRDQCAL_RDDQCALWINDOW_F3 @ 0x200260e50
CHIP::DCS1::AMPSCA.AMPSCARDWRDQCAL_WRDQCALWINDOW_F3 @ 0x200260e54
CHIP::DCS1::AMPSCA.AMPSCARDWRDQCAL_RUNRDDQCAL @ 0x200260e58
CHIP::DCS1::AMPSCA.AMPSCARDWRDQCAL_RDDQCALPERBITRESULT @ 0x200260e5c
CHIP::DCS1::AMPSCA.AMPSCARDWRDQCAL_RUNWRDQCAL @ 0x200260e60
CHIP::DCS1::AMPSCA.AMPSCARDWRDQCAL_WRDQCALPERBITRESULT @ 0x200260e64
CHIP::DCS1::AMPSCA.AMPSCARDWRDQCAL_IDTCALCONTROL @ 0x200260e68
CHIP::DCS1::AMPSCA.AMPSCARDWRDQCAL_RUNIDTCAL @ 0x200260e6c
CHIP::DCS1::AMPSCA.AMPSCARDWRDQCAL_IDTCALSTATUS @ 0x200260e70
CHIP::DCS1::AMPSCA.AMPSCARDWRDQCAL_DFICALTIMING @ 0x200260e74
CHIP::DCS1::AMPSCA.AMPSCARDWRDQCAL_MAXWRDQSDLLMULFACTOR @ 0x200260e78
CHIP::DCS1::AMPSCA.AMPSCARDWRDQCAL_MAXRDDQSSDLLMULFACTOR @ 0x200260e7c
CHIP::DCS1::AMPSCA.AMPSCARDWRDQCAL_MAXWRDQSSDLLMULFACTOR @ 0x200260e80
CHIP::DCS1::AMPSCA.AMPSCARDWRDQCAL_HWRDWRDQCALSTATUSSEL @ 0x200260e84
CHIP::DCS1::AMPSCA.AMPSCARDWRDQCAL_HWRDDQ0CALSTATUS @ 0x200260e88
CHIP::DCS1::AMPSCA.AMPSCARDWRDQCAL_HWRDDQ1CALSTATUS @ 0x200260e8c
CHIP::DCS1::AMPSCA.AMPSCARDWRDQCAL_HWWRDQ0CALSTATUS @ 0x200260e90
CHIP::DCS1::AMPSCA.AMPSCARDWRDQCAL_HWWRDQ1CALSTATUS @ 0x200260e94
CHIP::DCS1::AMPSCA.AMPSCARDWRDQCAL_HWRDWRDQCALCONTROL @ 0x200260e98
CHIP::DCS1::AMPSCA.AMPSCARDWRDQCAL_HWRDWRDQCALRESULTADJUST @ 0x200260e9c
CHIP::DCS1::AMPSCA.AMPSCAAMPHSPARE_AMPHSPARESTATUS @ 0x200260f00
CHIP::DCS1::AMPSCA.AMPSCAAMPHSPARE_AMPHSPARECONTROL @ 0x200260f04
CHIP::DCS1::AMPSCA.DFICALTIMING2_DFICALTIMING_F1 @ 0x200260f80
CHIP::DCS1::AMPSCA.DFICALTIMING2_DFICALTIMING_F2 @ 0x200260f84
CHIP::DCS1::AMPSCA.DFICALTIMING2_DFICALTIMING_F3 @ 0x200260f88
CHIP::DCS1::AMPSDQ0.AMPSDQGEN_AMPEN @ 0x200268000
CHIP::DCS1::AMPSDQ0.AMPSDQGEN_AMPCLK @ 0x200268004
CHIP::DCS1::AMPSDQ0.AMPSDQGEN_AMPINIT @ 0x200268008
CHIP::DCS1::AMPSDQ0.AMPSDQGEN_AMPVER @ 0x20026800c
CHIP::DCS1::AMPSDQ0.AMPSDQIOCFG_DRAMSIGDLY0 @ 0x200268080
CHIP::DCS1::AMPSDQ0.AMPSDQIOCFG_DQDQSDS_F0 @ 0x200268084
CHIP::DCS1::AMPSDQ0.AMPSDQIOCFG_DQDQSDS_F1 @ 0x200268088
CHIP::DCS1::AMPSDQ0.AMPSDQIOCFG_DQDQSDS_F2 @ 0x20026808c
CHIP::DCS1::AMPSDQ0.AMPSDQIOCFG_DQDQSDS_F3 @ 0x200268090
CHIP::DCS1::AMPSDQ0.AMPSDQIOCFG_DIFFMODE_FREQ0 @ 0x200268094
CHIP::DCS1::AMPSDQ0.AMPSDQIOCFG_DIFFMODE_FREQ1 @ 0x200268098
CHIP::DCS1::AMPSDQ0.AMPSDQIOCFG_DIFFMODE_FREQ2 @ 0x20026809c
CHIP::DCS1::AMPSDQ0.AMPSDQIOCFG_DIFFMODE_FREQ3 @ 0x2002680a0
CHIP::DCS1::AMPSDQ0.AMPSDQIOCFG_DQFLTCTRL @ 0x2002680a4
CHIP::DCS1::AMPSDQ0.AMPSDQIOCFG_DCC @ 0x2002680a8
CHIP::DCS1::AMPSDQ0.AMPSDQIOCFG_DQDS_F0 @ 0x2002680ac
CHIP::DCS1::AMPSDQ0.AMPSDQIOCFG_DQDS_F1 @ 0x2002680b0
CHIP::DCS1::AMPSDQ0.AMPSDQIOCFG_DQDS_F2 @ 0x2002680b4
CHIP::DCS1::AMPSDQ0.AMPSDQIOCFG_DQDS_F3 @ 0x2002680b8
CHIP::DCS1::AMPSDQ0.AMPSDQRDTIM_RDCAPCFG_FREQ0 @ 0x200268100
CHIP::DCS1::AMPSDQ0.AMPSDQRDTIM_RDCAPCFG_FREQ1 @ 0x200268104
CHIP::DCS1::AMPSDQ0.AMPSDQRDTIM_RDCAPCFG_FREQ2 @ 0x200268108
CHIP::DCS1::AMPSDQ0.AMPSDQRDTIM_RDCAPCFG_FREQ3 @ 0x20026810c
CHIP::DCS1::AMPSDQ0.AMPSDQRDTIM_DQSPDENALWAYSON @ 0x200268110
CHIP::DCS1::AMPSDQ0.AMPSDQRDTIM_DQSPDRES @ 0x200268114
CHIP::DCS1::AMPSDQ0.AMPSDQRDTIM_RDFIFOPTRSTATUS @ 0x200268118
CHIP::DCS1::AMPSDQ0.AMPSDQRDTIM_CALDQMSK @ 0x20026811c
CHIP::DCS1::AMPSDQ0.AMPSDQRDTIM_CALPATCFG @ 0x200268120
CHIP::DCS1::AMPSDQ0.AMPSDQRDTIM_DQTRNCFG @ 0x200268124
CHIP::DCS1::AMPSDQ0.AMPSDQRDTIM_DQTRNCMD @ 0x200268128
CHIP::DCS1::AMPSDQ0.AMPSDQRDTIM_DQTRNSTS @ 0x20026812c
CHIP::DCS1::AMPSDQ0.AMPSDQDLLCTL_DLLEN @ 0x200268180
CHIP::DCS1::AMPSDQ0.AMPSDQDLLCTL_MDLLFREQBINDISABLE @ 0x200268184
CHIP::DCS1::AMPSDQ0.AMPSDQDLLCTL_MDLLFREQSCALE @ 0x200268188
CHIP::DCS1::AMPSDQ0.AMPSDQDLLCTL_DLLUPDTCMD @ 0x20026818c
CHIP::DCS1::AMPSDQ0.AMPSDQDLLCTL_MDLLOVERRIDE @ 0x200268190
CHIP::DCS1::AMPSDQ0.AMPSDQDLLCTL_MDLLCODE @ 0x200268194
CHIP::DCS1::AMPSDQ0.AMPSDQDLLCTL_DLLLOCKTIM @ 0x200268198
CHIP::DCS1::AMPSDQ0.AMPSDQDLLCTL_DLLLOCKCTRL @ 0x20026819c
CHIP::DCS1::AMPSDQ0.AMPSDQDLLCTL_DLLUPDTINTVL @ 0x2002681a0
CHIP::DCS1::AMPSDQ0.AMPSDQDLLCTL_DLLUPDTCTRL @ 0x2002681a4
CHIP::DCS1::AMPSDQ0.AMPSDQDLLCTL_DLLSTS @ 0x2002681a8
CHIP::DCS1::AMPSDQ0.AMPSDQDLLCTL_MASTERSTATUS0 @ 0x2002681ac
CHIP::DCS1::AMPSDQ0.AMPSDQDLLCTL_MASTERSTATUSSTPSZ @ 0x2002681b0
CHIP::DCS1::AMPSDQ0.AMPSDQDLLCTL_SLAVESTATUSSEL @ 0x2002681b4
CHIP::DCS1::AMPSDQ0.AMPSDQDLLCTL_SLAVESTATUS @ 0x2002681b8
CHIP::DCS1::AMPSDQ0.AMPSDQDLLCTL_DQSINDLL0SCL_FREQ0 @ 0x2002681bc
CHIP::DCS1::AMPSDQ0.AMPSDQDLLCTL_DQSINDLL0SCL_FREQ1 @ 0x2002681c0
CHIP::DCS1::AMPSDQ0.AMPSDQDLLCTL_DQSINDLL0SCL_FREQ2 @ 0x2002681c4
CHIP::DCS1::AMPSDQ0.AMPSDQDLLCTL_DQSINDLL0SCL_FREQ3 @ 0x2002681c8
CHIP::DCS1::AMPSDQ0.AMPSDQDLLCTL_MDLLCODECAPTURECONTROL @ 0x2002681cc
CHIP::DCS1::AMPSDQ0.AMPSDQDLLCTL_MDLLVTSCALECONTROL @ 0x2002681d0
CHIP::DCS1::AMPSDQ0.AMPSDQDLLCTL_CAMDLLVTSCALEREFCONTROL @ 0x2002681d4
CHIP::DCS1::AMPSDQ0.AMPSDQDLLCTL_RDMDLLVTSCALEREFCONTROL @ 0x2002681d8
CHIP::DCS1::AMPSDQ0.AMPSDQDLLCTL_WRMDLLVTSCALEREFCONTROL @ 0x2002681dc
CHIP::DCS1::AMPSDQ0.AMPSDQDLLCTL_CAVTSCALEFACTORSTATUS @ 0x2002681e0
CHIP::DCS1::AMPSDQ0.AMPSDQDLLCTL_RDVTSCALEFACTORSTATUS @ 0x2002681e4
CHIP::DCS1::AMPSDQ0.AMPSDQDLLCTL_WRVTSCALEFACTORSTATUS @ 0x2002681e8
CHIP::DCS1::AMPSDQ0.AMPSDQTEST_AMPTESTMODE @ 0x200268200
CHIP::DCS1::AMPSDQ0.AMPSDQTEST_BISTCMD @ 0x200268204
CHIP::DCS1::AMPSDQ0.AMPSDQTEST_BISTSTS @ 0x200268208
CHIP::DCS1::AMPSDQ0.AMPSDQTEST_BISTERRDQ0P0 @ 0x20026820c
CHIP::DCS1::AMPSDQ0.AMPSDQTEST_BISTERRDQ0P1 @ 0x200268210
CHIP::DCS1::AMPSDQ0.AMPSDQTEST_BISTERRPATDQ0P0 @ 0x200268214
CHIP::DCS1::AMPSDQ0.AMPSDQTEST_BISTEXPECTPATDQ0P0 @ 0x200268218
CHIP::DCS1::AMPSDQ0.AMPSDQTEST_BISTOVERRIDEPATDQ0P0 @ 0x20026821c
CHIP::DCS1::AMPSDQ0.AMPSDQTEST_BISTERRINJDQ0P0 @ 0x200268220
CHIP::DCS1::AMPSDQ0.AMPSDQTEST_BISTERRPATDQ0P1 @ 0x200268224
CHIP::DCS1::AMPSDQ0.AMPSDQTEST_BISTEXPECTPATDQ0P1 @ 0x200268228
CHIP::DCS1::AMPSDQ0.AMPSDQTEST_BISTOVERRIDEPATDQ0P1 @ 0x20026822c
CHIP::DCS1::AMPSDQ0.AMPSDQTEST_BISTERRINJDQ0P1 @ 0x200268230
CHIP::DCS1::AMPSDQ0.AMPSDQTEST_BISTLFSRDQ0P0 @ 0x200268234
CHIP::DCS1::AMPSDQ0.AMPSDQTEST_BISTLFSRDQ0P1 @ 0x200268238
CHIP::DCS1::AMPSDQ0.AMPSDQTEST_BISTOVRCYCCNT @ 0x20026823c
CHIP::DCS1::AMPSDQ0.AMPSDQTEST_BISTSWEEP @ 0x200268240
CHIP::DCS1::AMPSDQ0.AMPSDQTEST_BISTSWEEPLOOP @ 0x200268244
CHIP::DCS1::AMPSDQ0.AMPSDQTEST_BISTSWEEPSTS0 @ 0x200268248
CHIP::DCS1::AMPSDQ0.AMPSDQTEST_BISTSWEEPSTS1 @ 0x20026824c
CHIP::DCS1::AMPSDQ0.AMPSDQIRERRDBG_AMPINTEN @ 0x200268300
CHIP::DCS1::AMPSDQ0.AMPSDQIRERRDBG_INTSTS @ 0x200268304
CHIP::DCS1::AMPSDQ0.AMPSDQDESKEWCTRL_WR0DQ0_DESKEW_CTRL @ 0x200268400
CHIP::DCS1::AMPSDQ0.AMPSDQDESKEWCTRL_WR0DQ1_DESKEW_CTRL @ 0x200268404
CHIP::DCS1::AMPSDQ0.AMPSDQDESKEWCTRL_WR0DQ2_DESKEW_CTRL @ 0x200268408
CHIP::DCS1::AMPSDQ0.AMPSDQDESKEWCTRL_WR0DQ3_DESKEW_CTRL @ 0x20026840c
CHIP::DCS1::AMPSDQ0.AMPSDQDESKEWCTRL_WR0DQ4_DESKEW_CTRL @ 0x200268410
CHIP::DCS1::AMPSDQ0.AMPSDQDESKEWCTRL_WR0DQ5_DESKEW_CTRL @ 0x200268414
CHIP::DCS1::AMPSDQ0.AMPSDQDESKEWCTRL_WR0DQ6_DESKEW_CTRL @ 0x200268418
CHIP::DCS1::AMPSDQ0.AMPSDQDESKEWCTRL_WR0DQ7_DESKEW_CTRL @ 0x20026841c
CHIP::DCS1::AMPSDQ0.AMPSDQDESKEWCTRL_WR0DQS_DESKEW_CTRL @ 0x200268420
CHIP::DCS1::AMPSDQ0.AMPSDQDESKEWCTRL_WR0DM_DESKEW_CTRL @ 0x200268424
CHIP::DCS1::AMPSDQ0.AMPSDQDESKEWCTRL_RD0DQ0_DESKEW_CTRL @ 0x200268428
CHIP::DCS1::AMPSDQ0.AMPSDQDESKEWCTRL_RD0DQ1_DESKEW_CTRL @ 0x20026842c
CHIP::DCS1::AMPSDQ0.AMPSDQDESKEWCTRL_RD0DQ2_DESKEW_CTRL @ 0x200268430
CHIP::DCS1::AMPSDQ0.AMPSDQDESKEWCTRL_RD0DQ3_DESKEW_CTRL @ 0x200268434
CHIP::DCS1::AMPSDQ0.AMPSDQDESKEWCTRL_RD0DQ4_DESKEW_CTRL @ 0x200268438
CHIP::DCS1::AMPSDQ0.AMPSDQDESKEWCTRL_RD0DQ5_DESKEW_CTRL @ 0x20026843c
CHIP::DCS1::AMPSDQ0.AMPSDQDESKEWCTRL_RD0DQ6_DESKEW_CTRL @ 0x200268440
CHIP::DCS1::AMPSDQ0.AMPSDQDESKEWCTRL_RD0DQ7_DESKEW_CTRL @ 0x200268444
CHIP::DCS1::AMPSDQ0.AMPSDQDESKEWCTRL_RD0DQS_DESKEW_CTRL @ 0x200268448
CHIP::DCS1::AMPSDQ0.AMPSDQDESKEWCTRL_RD0DM_DESKEW_CTRL @ 0x20026844c
CHIP::DCS1::AMPSDQ0.AMPSDQSDLLCTRL_WRDQDQSSDLLCTRL @ 0x200268600
CHIP::DCS1::AMPSDQ0.AMPSDQSDLLCTRL_WRDQDQSSDLLCODE @ 0x200268604
CHIP::DCS1::AMPSDQ0.AMPSDQSDLLCTRL_RD0SDLLCTRL @ 0x200268608
CHIP::DCS1::AMPSDQ0.AMPSDQSDLLCTRL_RD0SDLLCODE @ 0x20026860c
CHIP::DCS1::AMPSDQ0.AMPSDQSDLLCTRL_RDCAP0SDLLCTRL @ 0x200268610
CHIP::DCS1::AMPSDQ0.AMPSDQSDLLCTRL_RDCAP0SDLLCODE @ 0x200268614
CHIP::DCS1::AMPSDQ0.AMPSDQSDLLCTRL_RDDQSDLLDELAYSEL @ 0x200268618
CHIP::DCS1::AMPSDQ0.AMPSDQSDLLCTRL_SDLLUPDATECTRL @ 0x20026861c
CHIP::DCS1::AMPSDQ0.AMPSDQSDLLCTRL_WRTDQSDQSKEWCONTROL @ 0x200268620
CHIP::DCS1::AMPSDQ0.AMPSDQSDLLCTRL_WRTDQSDQSKEW @ 0x200268624
CHIP::DCS1::AMPSDQ0.AMPSDQSDLLCTRL_SDLLUPDATEDEFEREN @ 0x200268628
CHIP::DCS1::AMPSDQ0.AMPSDQWRLVL_AMPWRLVLDLYCHAINCTRL0 @ 0x200268700
CHIP::DCS1::AMPSDQ0.AMPSDQWRLVL_AMPWRLVLSDLLCODE0 @ 0x200268704
CHIP::DCS1::AMPSDQ0.AMPSDQCACALCTRL_AMPCACALCTRL @ 0x200268800
CHIP::DCS1::AMPSDQ0.AMPSDQCACALCTRL_AMPCACALMASK @ 0x200268804
CHIP::DCS1::AMPSDQ0.AMPSDQCACALCTRL_AMPCACALCABYTESEL @ 0x200268808
CHIP::DCS1::AMPSDQ0.AMPSDQCACALCTRL_AMPCACALCAMAP0 @ 0x20026880c
CHIP::DCS1::AMPSDQ0.AMPSDQCACALCTRL_AMPCACALCAMAP1 @ 0x200268810
CHIP::DCS1::AMPSDQ0.AMPSDQCACALCTRL_AMPCACALCAMAP2 @ 0x200268814
CHIP::DCS1::AMPSDQ0.AMPSDQCACALCTRL_AMPCACALPAT0 @ 0x200268818
CHIP::DCS1::AMPSDQ0.AMPSDQCACALCTRL_AMPCACALPAT1 @ 0x20026881c
CHIP::DCS1::AMPSDQ0.AMPSDQCACALCTRL_AMPCACALPAT2 @ 0x200268820
CHIP::DCS1::AMPSDQ0.AMPSDQCACALCTRL_AMPCACALPAT3 @ 0x200268824
CHIP::DCS1::AMPSDQ0.AMPSDQCACALCTRL_AMPCACALPAT4 @ 0x200268828
CHIP::DCS1::AMPSDQ0.AMPSDQCACALCTRL_AMPCACALPAT5 @ 0x20026882c
CHIP::DCS1::AMPSDQ0.AMPSDQCACALCTRL_AMPCACALPAT6 @ 0x200268830
CHIP::DCS1::AMPSDQ0.AMPSDQCACALCTRL_AMPCACALPAT7 @ 0x200268834
CHIP::DCS1::AMPSDQ0.AMPSDQCACALCTRL_AMPCACALRUN @ 0x200268838
CHIP::DCS1::AMPSDQ0.AMPSDQCACALCTRL_AMPCACALRESULT @ 0x20026883c
CHIP::DCS1::AMPSDQ0.AMPSDQDQCALCTRL_AMPDQCALCTRL @ 0x200268900
CHIP::DCS1::AMPSDQ0.AMPSDQDQCALCTRL_AMPDQCALMASK @ 0x200268904
CHIP::DCS1::AMPSDQ0.AMPSDQDQCALCTRL_AMPDQCALRUN @ 0x200268908
CHIP::DCS1::AMPSDQ0.AMPSDQDQCALCTRL_AMPDQCALRESULT @ 0x20026890c
CHIP::DCS1::AMPSDQ0.AMPSDQPHYUPDCRTL_AMPPHYUPDREQ @ 0x200268a00
CHIP::DCS1::AMPSDQ0.AMPSDQPHYUPDCRTL_AMPPHYUPDSTATUS @ 0x200268a04
CHIP::DCS1::AMPSDQ0.AMPSDQPERFCNTRCTRL_RAMACCESSCNTRL @ 0x200268a80
CHIP::DCS1::AMPSDQ0.AMPSDQPERFCNTRCTRL_DLYSETUP @ 0x200268a84
CHIP::DCS1::AMPSDQ0.AMPSDQPERFCNTRCTRL_PERFCTRL2 @ 0x200268a88
CHIP::DCS1::AMPSDQ0.AMPSDQPERFCNTRCTRL_PERFCTRL3 @ 0x200268a8c
CHIP::DCS1::AMPSDQ0.AMPSDQPERFCNTRCTRL_PERFSTATUS @ 0x200268a90
CHIP::DCS1::AMPSDQ0.AMPSDQODT_VREF_F0 @ 0x200268b00
CHIP::DCS1::AMPSDQ0.AMPSDQODT_VREF_F1 @ 0x200268b04
CHIP::DCS1::AMPSDQ0.AMPSDQODT_VREF_F2 @ 0x200268b08
CHIP::DCS1::AMPSDQ0.AMPSDQODT_VREF_F3 @ 0x200268b0c
CHIP::DCS1::AMPSDQ0.AMPSDQAMPHSPARE_AMPHSPARESTATUS @ 0x200268c00
CHIP::DCS1::AMPSDQ0.AMPSDQAMPHSPARE_AMPHSPARECONTROL @ 0x200268c04
CHIP::DCS1::AMPSDQ0.AMPSDQMULFACTOR_RDDQSMULFACTOR @ 0x200268d00
CHIP::DCS1::AMPSDQ0.DFICALTIMING_DFICALTIMING_F0 @ 0x200268d80
CHIP::DCS1::AMPSDQ0.DFICALTIMING_DFICALTIMING_F1 @ 0x200268d84
CHIP::DCS1::AMPSDQ0.DFICALTIMING_DFICALTIMING_F2 @ 0x200268d88
CHIP::DCS1::AMPSDQ0.DFICALTIMING_DFICALTIMING_F3 @ 0x200268d8c
CHIP::DCS1::AMPSDQ1.AMPSDQGEN_AMPEN @ 0x200270000
CHIP::DCS1::AMPSDQ1.AMPSDQGEN_AMPCLK @ 0x200270004
CHIP::DCS1::AMPSDQ1.AMPSDQGEN_AMPINIT @ 0x200270008
CHIP::DCS1::AMPSDQ1.AMPSDQGEN_AMPVER @ 0x20027000c
CHIP::DCS1::AMPSDQ1.AMPSDQIOCFG_DRAMSIGDLY0 @ 0x200270080
CHIP::DCS1::AMPSDQ1.AMPSDQIOCFG_DQDQSDS_F0 @ 0x200270084
CHIP::DCS1::AMPSDQ1.AMPSDQIOCFG_DQDQSDS_F1 @ 0x200270088
CHIP::DCS1::AMPSDQ1.AMPSDQIOCFG_DQDQSDS_F2 @ 0x20027008c
CHIP::DCS1::AMPSDQ1.AMPSDQIOCFG_DQDQSDS_F3 @ 0x200270090
CHIP::DCS1::AMPSDQ1.AMPSDQIOCFG_DIFFMODE_FREQ0 @ 0x200270094
CHIP::DCS1::AMPSDQ1.AMPSDQIOCFG_DIFFMODE_FREQ1 @ 0x200270098
CHIP::DCS1::AMPSDQ1.AMPSDQIOCFG_DIFFMODE_FREQ2 @ 0x20027009c
CHIP::DCS1::AMPSDQ1.AMPSDQIOCFG_DIFFMODE_FREQ3 @ 0x2002700a0
CHIP::DCS1::AMPSDQ1.AMPSDQIOCFG_DQFLTCTRL @ 0x2002700a4
CHIP::DCS1::AMPSDQ1.AMPSDQIOCFG_DCC @ 0x2002700a8
CHIP::DCS1::AMPSDQ1.AMPSDQIOCFG_DQDS_F0 @ 0x2002700ac
CHIP::DCS1::AMPSDQ1.AMPSDQIOCFG_DQDS_F1 @ 0x2002700b0
CHIP::DCS1::AMPSDQ1.AMPSDQIOCFG_DQDS_F2 @ 0x2002700b4
CHIP::DCS1::AMPSDQ1.AMPSDQIOCFG_DQDS_F3 @ 0x2002700b8
CHIP::DCS1::AMPSDQ1.AMPSDQRDTIM_RDCAPCFG_FREQ0 @ 0x200270100
CHIP::DCS1::AMPSDQ1.AMPSDQRDTIM_RDCAPCFG_FREQ1 @ 0x200270104
CHIP::DCS1::AMPSDQ1.AMPSDQRDTIM_RDCAPCFG_FREQ2 @ 0x200270108
CHIP::DCS1::AMPSDQ1.AMPSDQRDTIM_RDCAPCFG_FREQ3 @ 0x20027010c
CHIP::DCS1::AMPSDQ1.AMPSDQRDTIM_DQSPDENALWAYSON @ 0x200270110
CHIP::DCS1::AMPSDQ1.AMPSDQRDTIM_DQSPDRES @ 0x200270114
CHIP::DCS1::AMPSDQ1.AMPSDQRDTIM_RDFIFOPTRSTATUS @ 0x200270118
CHIP::DCS1::AMPSDQ1.AMPSDQRDTIM_CALDQMSK @ 0x20027011c
CHIP::DCS1::AMPSDQ1.AMPSDQRDTIM_CALPATCFG @ 0x200270120
CHIP::DCS1::AMPSDQ1.AMPSDQRDTIM_DQTRNCFG @ 0x200270124
CHIP::DCS1::AMPSDQ1.AMPSDQRDTIM_DQTRNCMD @ 0x200270128
CHIP::DCS1::AMPSDQ1.AMPSDQRDTIM_DQTRNSTS @ 0x20027012c
CHIP::DCS1::AMPSDQ1.AMPSDQDLLCTL_DLLEN @ 0x200270180
CHIP::DCS1::AMPSDQ1.AMPSDQDLLCTL_MDLLFREQBINDISABLE @ 0x200270184
CHIP::DCS1::AMPSDQ1.AMPSDQDLLCTL_MDLLFREQSCALE @ 0x200270188
CHIP::DCS1::AMPSDQ1.AMPSDQDLLCTL_DLLUPDTCMD @ 0x20027018c
CHIP::DCS1::AMPSDQ1.AMPSDQDLLCTL_MDLLOVERRIDE @ 0x200270190
CHIP::DCS1::AMPSDQ1.AMPSDQDLLCTL_MDLLCODE @ 0x200270194
CHIP::DCS1::AMPSDQ1.AMPSDQDLLCTL_DLLLOCKTIM @ 0x200270198
CHIP::DCS1::AMPSDQ1.AMPSDQDLLCTL_DLLLOCKCTRL @ 0x20027019c
CHIP::DCS1::AMPSDQ1.AMPSDQDLLCTL_DLLUPDTINTVL @ 0x2002701a0
CHIP::DCS1::AMPSDQ1.AMPSDQDLLCTL_DLLUPDTCTRL @ 0x2002701a4
CHIP::DCS1::AMPSDQ1.AMPSDQDLLCTL_DLLSTS @ 0x2002701a8
CHIP::DCS1::AMPSDQ1.AMPSDQDLLCTL_MASTERSTATUS0 @ 0x2002701ac
CHIP::DCS1::AMPSDQ1.AMPSDQDLLCTL_MASTERSTATUSSTPSZ @ 0x2002701b0
CHIP::DCS1::AMPSDQ1.AMPSDQDLLCTL_SLAVESTATUSSEL @ 0x2002701b4
CHIP::DCS1::AMPSDQ1.AMPSDQDLLCTL_SLAVESTATUS @ 0x2002701b8
CHIP::DCS1::AMPSDQ1.AMPSDQDLLCTL_DQSINDLL0SCL_FREQ0 @ 0x2002701bc
CHIP::DCS1::AMPSDQ1.AMPSDQDLLCTL_DQSINDLL0SCL_FREQ1 @ 0x2002701c0
CHIP::DCS1::AMPSDQ1.AMPSDQDLLCTL_DQSINDLL0SCL_FREQ2 @ 0x2002701c4
CHIP::DCS1::AMPSDQ1.AMPSDQDLLCTL_DQSINDLL0SCL_FREQ3 @ 0x2002701c8
CHIP::DCS1::AMPSDQ1.AMPSDQDLLCTL_MDLLCODECAPTURECONTROL @ 0x2002701cc
CHIP::DCS1::AMPSDQ1.AMPSDQDLLCTL_MDLLVTSCALECONTROL @ 0x2002701d0
CHIP::DCS1::AMPSDQ1.AMPSDQDLLCTL_CAMDLLVTSCALEREFCONTROL @ 0x2002701d4
CHIP::DCS1::AMPSDQ1.AMPSDQDLLCTL_RDMDLLVTSCALEREFCONTROL @ 0x2002701d8
CHIP::DCS1::AMPSDQ1.AMPSDQDLLCTL_WRMDLLVTSCALEREFCONTROL @ 0x2002701dc
CHIP::DCS1::AMPSDQ1.AMPSDQDLLCTL_CAVTSCALEFACTORSTATUS @ 0x2002701e0
CHIP::DCS1::AMPSDQ1.AMPSDQDLLCTL_RDVTSCALEFACTORSTATUS @ 0x2002701e4
CHIP::DCS1::AMPSDQ1.AMPSDQDLLCTL_WRVTSCALEFACTORSTATUS @ 0x2002701e8
CHIP::DCS1::AMPSDQ1.AMPSDQTEST_AMPTESTMODE @ 0x200270200
CHIP::DCS1::AMPSDQ1.AMPSDQTEST_BISTCMD @ 0x200270204
CHIP::DCS1::AMPSDQ1.AMPSDQTEST_BISTSTS @ 0x200270208
CHIP::DCS1::AMPSDQ1.AMPSDQTEST_BISTERRDQ0P0 @ 0x20027020c
CHIP::DCS1::AMPSDQ1.AMPSDQTEST_BISTERRDQ0P1 @ 0x200270210
CHIP::DCS1::AMPSDQ1.AMPSDQTEST_BISTERRPATDQ0P0 @ 0x200270214
CHIP::DCS1::AMPSDQ1.AMPSDQTEST_BISTEXPECTPATDQ0P0 @ 0x200270218
CHIP::DCS1::AMPSDQ1.AMPSDQTEST_BISTOVERRIDEPATDQ0P0 @ 0x20027021c
CHIP::DCS1::AMPSDQ1.AMPSDQTEST_BISTERRINJDQ0P0 @ 0x200270220
CHIP::DCS1::AMPSDQ1.AMPSDQTEST_BISTERRPATDQ0P1 @ 0x200270224
CHIP::DCS1::AMPSDQ1.AMPSDQTEST_BISTEXPECTPATDQ0P1 @ 0x200270228
CHIP::DCS1::AMPSDQ1.AMPSDQTEST_BISTOVERRIDEPATDQ0P1 @ 0x20027022c
CHIP::DCS1::AMPSDQ1.AMPSDQTEST_BISTERRINJDQ0P1 @ 0x200270230
CHIP::DCS1::AMPSDQ1.AMPSDQTEST_BISTLFSRDQ0P0 @ 0x200270234
CHIP::DCS1::AMPSDQ1.AMPSDQTEST_BISTLFSRDQ0P1 @ 0x200270238
CHIP::DCS1::AMPSDQ1.AMPSDQTEST_BISTOVRCYCCNT @ 0x20027023c
CHIP::DCS1::AMPSDQ1.AMPSDQTEST_BISTSWEEP @ 0x200270240
CHIP::DCS1::AMPSDQ1.AMPSDQTEST_BISTSWEEPLOOP @ 0x200270244
CHIP::DCS1::AMPSDQ1.AMPSDQTEST_BISTSWEEPSTS0 @ 0x200270248
CHIP::DCS1::AMPSDQ1.AMPSDQTEST_BISTSWEEPSTS1 @ 0x20027024c
CHIP::DCS1::AMPSDQ1.AMPSDQIRERRDBG_AMPINTEN @ 0x200270300
CHIP::DCS1::AMPSDQ1.AMPSDQIRERRDBG_INTSTS @ 0x200270304
CHIP::DCS1::AMPSDQ1.AMPSDQDESKEWCTRL_WR0DQ0_DESKEW_CTRL @ 0x200270400
CHIP::DCS1::AMPSDQ1.AMPSDQDESKEWCTRL_WR0DQ1_DESKEW_CTRL @ 0x200270404
CHIP::DCS1::AMPSDQ1.AMPSDQDESKEWCTRL_WR0DQ2_DESKEW_CTRL @ 0x200270408
CHIP::DCS1::AMPSDQ1.AMPSDQDESKEWCTRL_WR0DQ3_DESKEW_CTRL @ 0x20027040c
CHIP::DCS1::AMPSDQ1.AMPSDQDESKEWCTRL_WR0DQ4_DESKEW_CTRL @ 0x200270410
CHIP::DCS1::AMPSDQ1.AMPSDQDESKEWCTRL_WR0DQ5_DESKEW_CTRL @ 0x200270414
CHIP::DCS1::AMPSDQ1.AMPSDQDESKEWCTRL_WR0DQ6_DESKEW_CTRL @ 0x200270418
CHIP::DCS1::AMPSDQ1.AMPSDQDESKEWCTRL_WR0DQ7_DESKEW_CTRL @ 0x20027041c
CHIP::DCS1::AMPSDQ1.AMPSDQDESKEWCTRL_WR0DQS_DESKEW_CTRL @ 0x200270420
CHIP::DCS1::AMPSDQ1.AMPSDQDESKEWCTRL_WR0DM_DESKEW_CTRL @ 0x200270424
CHIP::DCS1::AMPSDQ1.AMPSDQDESKEWCTRL_RD0DQ0_DESKEW_CTRL @ 0x200270428
CHIP::DCS1::AMPSDQ1.AMPSDQDESKEWCTRL_RD0DQ1_DESKEW_CTRL @ 0x20027042c
CHIP::DCS1::AMPSDQ1.AMPSDQDESKEWCTRL_RD0DQ2_DESKEW_CTRL @ 0x200270430
CHIP::DCS1::AMPSDQ1.AMPSDQDESKEWCTRL_RD0DQ3_DESKEW_CTRL @ 0x200270434
CHIP::DCS1::AMPSDQ1.AMPSDQDESKEWCTRL_RD0DQ4_DESKEW_CTRL @ 0x200270438
CHIP::DCS1::AMPSDQ1.AMPSDQDESKEWCTRL_RD0DQ5_DESKEW_CTRL @ 0x20027043c
CHIP::DCS1::AMPSDQ1.AMPSDQDESKEWCTRL_RD0DQ6_DESKEW_CTRL @ 0x200270440
CHIP::DCS1::AMPSDQ1.AMPSDQDESKEWCTRL_RD0DQ7_DESKEW_CTRL @ 0x200270444
CHIP::DCS1::AMPSDQ1.AMPSDQDESKEWCTRL_RD0DQS_DESKEW_CTRL @ 0x200270448
CHIP::DCS1::AMPSDQ1.AMPSDQDESKEWCTRL_RD0DM_DESKEW_CTRL @ 0x20027044c
CHIP::DCS1::AMPSDQ1.AMPSDQSDLLCTRL_WRDQDQSSDLLCTRL @ 0x200270600
CHIP::DCS1::AMPSDQ1.AMPSDQSDLLCTRL_WRDQDQSSDLLCODE @ 0x200270604
CHIP::DCS1::AMPSDQ1.AMPSDQSDLLCTRL_RD0SDLLCTRL @ 0x200270608
CHIP::DCS1::AMPSDQ1.AMPSDQSDLLCTRL_RD0SDLLCODE @ 0x20027060c
CHIP::DCS1::AMPSDQ1.AMPSDQSDLLCTRL_RDCAP0SDLLCTRL @ 0x200270610
CHIP::DCS1::AMPSDQ1.AMPSDQSDLLCTRL_RDCAP0SDLLCODE @ 0x200270614
CHIP::DCS1::AMPSDQ1.AMPSDQSDLLCTRL_RDDQSDLLDELAYSEL @ 0x200270618
CHIP::DCS1::AMPSDQ1.AMPSDQSDLLCTRL_SDLLUPDATECTRL @ 0x20027061c
CHIP::DCS1::AMPSDQ1.AMPSDQSDLLCTRL_WRTDQSDQSKEWCONTROL @ 0x200270620
CHIP::DCS1::AMPSDQ1.AMPSDQSDLLCTRL_WRTDQSDQSKEW @ 0x200270624
CHIP::DCS1::AMPSDQ1.AMPSDQSDLLCTRL_SDLLUPDATEDEFEREN @ 0x200270628
CHIP::DCS1::AMPSDQ1.AMPSDQWRLVL_AMPWRLVLDLYCHAINCTRL0 @ 0x200270700
CHIP::DCS1::AMPSDQ1.AMPSDQWRLVL_AMPWRLVLSDLLCODE0 @ 0x200270704
CHIP::DCS1::AMPSDQ1.AMPSDQCACALCTRL_AMPCACALCTRL @ 0x200270800
CHIP::DCS1::AMPSDQ1.AMPSDQCACALCTRL_AMPCACALMASK @ 0x200270804
CHIP::DCS1::AMPSDQ1.AMPSDQCACALCTRL_AMPCACALCABYTESEL @ 0x200270808
CHIP::DCS1::AMPSDQ1.AMPSDQCACALCTRL_AMPCACALCAMAP0 @ 0x20027080c
CHIP::DCS1::AMPSDQ1.AMPSDQCACALCTRL_AMPCACALCAMAP1 @ 0x200270810
CHIP::DCS1::AMPSDQ1.AMPSDQCACALCTRL_AMPCACALCAMAP2 @ 0x200270814
CHIP::DCS1::AMPSDQ1.AMPSDQCACALCTRL_AMPCACALPAT0 @ 0x200270818
CHIP::DCS1::AMPSDQ1.AMPSDQCACALCTRL_AMPCACALPAT1 @ 0x20027081c
CHIP::DCS1::AMPSDQ1.AMPSDQCACALCTRL_AMPCACALPAT2 @ 0x200270820
CHIP::DCS1::AMPSDQ1.AMPSDQCACALCTRL_AMPCACALPAT3 @ 0x200270824
CHIP::DCS1::AMPSDQ1.AMPSDQCACALCTRL_AMPCACALPAT4 @ 0x200270828
CHIP::DCS1::AMPSDQ1.AMPSDQCACALCTRL_AMPCACALPAT5 @ 0x20027082c
CHIP::DCS1::AMPSDQ1.AMPSDQCACALCTRL_AMPCACALPAT6 @ 0x200270830
CHIP::DCS1::AMPSDQ1.AMPSDQCACALCTRL_AMPCACALPAT7 @ 0x200270834
CHIP::DCS1::AMPSDQ1.AMPSDQCACALCTRL_AMPCACALRUN @ 0x200270838
CHIP::DCS1::AMPSDQ1.AMPSDQCACALCTRL_AMPCACALRESULT @ 0x20027083c
CHIP::DCS1::AMPSDQ1.AMPSDQDQCALCTRL_AMPDQCALCTRL @ 0x200270900
CHIP::DCS1::AMPSDQ1.AMPSDQDQCALCTRL_AMPDQCALMASK @ 0x200270904
CHIP::DCS1::AMPSDQ1.AMPSDQDQCALCTRL_AMPDQCALRUN @ 0x200270908
CHIP::DCS1::AMPSDQ1.AMPSDQDQCALCTRL_AMPDQCALRESULT @ 0x20027090c
CHIP::DCS1::AMPSDQ1.AMPSDQPHYUPDCRTL_AMPPHYUPDREQ @ 0x200270a00
CHIP::DCS1::AMPSDQ1.AMPSDQPHYUPDCRTL_AMPPHYUPDSTATUS @ 0x200270a04
CHIP::DCS1::AMPSDQ1.AMPSDQPERFCNTRCTRL_RAMACCESSCNTRL @ 0x200270a80
CHIP::DCS1::AMPSDQ1.AMPSDQPERFCNTRCTRL_DLYSETUP @ 0x200270a84
CHIP::DCS1::AMPSDQ1.AMPSDQPERFCNTRCTRL_PERFCTRL2 @ 0x200270a88
CHIP::DCS1::AMPSDQ1.AMPSDQPERFCNTRCTRL_PERFCTRL3 @ 0x200270a8c
CHIP::DCS1::AMPSDQ1.AMPSDQPERFCNTRCTRL_PERFSTATUS @ 0x200270a90
CHIP::DCS1::AMPSDQ1.AMPSDQODT_VREF_F0 @ 0x200270b00
CHIP::DCS1::AMPSDQ1.AMPSDQODT_VREF_F1 @ 0x200270b04
CHIP::DCS1::AMPSDQ1.AMPSDQODT_VREF_F2 @ 0x200270b08
CHIP::DCS1::AMPSDQ1.AMPSDQODT_VREF_F3 @ 0x200270b0c
CHIP::DCS1::AMPSDQ1.AMPSDQAMPHSPARE_AMPHSPARESTATUS @ 0x200270c00
CHIP::DCS1::AMPSDQ1.AMPSDQAMPHSPARE_AMPHSPARECONTROL @ 0x200270c04
CHIP::DCS1::AMPSDQ1.AMPSDQMULFACTOR_RDDQSMULFACTOR @ 0x200270d00
CHIP::DCS1::AMPSDQ1.DFICALTIMING_DFICALTIMING_F0 @ 0x200270d80
CHIP::DCS1::AMPSDQ1.DFICALTIMING_DFICALTIMING_F1 @ 0x200270d84
CHIP::DCS1::AMPSDQ1.DFICALTIMING_DFICALTIMING_F2 @ 0x200270d88
CHIP::DCS1::AMPSDQ1.DFICALTIMING_DFICALTIMING_F3 @ 0x200270d8c
CHIP::DCS1::AMPH.AMPH_GENERAL_VERSION @ 0x200278000
CHIP::DCS1::AMPH.ZC_ZC_REG0 @ 0x200278004
CHIP::DCS1::AMPH.ZC_ZC_REG1 @ 0x200278008
CHIP::DCS1::AMPH.ZC_ZC_REG2 @ 0x20027800c
CHIP::DCS1::AMPH.ZC_ZC_REG3 @ 0x200278010
CHIP::DCS1::AMPH.ZC_ZC_REG4 @ 0x200278014
CHIP::DCS1::AMPH.ZC_ZC_REG5 @ 0x200278018
CHIP::DCS1::AMPH.ZC_ZC_REG6 @ 0x20027801c
CHIP::DCS1::AMPH.ZC_ZC_REG7 @ 0x200278020
CHIP::DCS1::AMPH.ZC_ZC_REG8 @ 0x200278024
CHIP::DCS1::AMPH.ZC_ZC_REG9 @ 0x200278028
CHIP::DCS1::AMPH.ZC_ZC_REG10 @ 0x20027802c
CHIP::DCS1::AMPH.ZC_ZC_REG11 @ 0x200278030
CHIP::DCS1::AMPH.ZC_ZC_REG12 @ 0x200278034
CHIP::DCS1::AMPH.ZC_ZC_REG13 @ 0x200278038
CHIP::DCS1::AMPH.ZC_ZC_REG14 @ 0x20027803c
CHIP::DCS1::AMPH.ZC_ZC_REG15 @ 0x200278040
CHIP::DCS1::AMPH.ZC_ZC_REG16 @ 0x200278044
CHIP::DCS1::AMPH.WKDS_WKDS_REG0 @ 0x200278048
CHIP::DCS1::AMPH.WKDS_WKDS_REG1 @ 0x20027804c
CHIP::DCS1::AMPH.WKDS_WKDS_REG2 @ 0x200278050
CHIP::DCS1::AMPH.WKDS_WKDS_REG3 @ 0x200278054
CHIP::DCS1::AMPH.WKDS_WKDS_REG4 @ 0x200278058
CHIP::DCS1::AMPH.VREF_VREF_REG0 @ 0x20027805c
CHIP::DCS1::AMPH.VREF_VREF_REG1 @ 0x200278060
CHIP::DCS1::AMPH.VREF_VREF_REG2 @ 0x200278064
CHIP::DCS1::AMPH.VREF_VREF_REG3 @ 0x200278068
CHIP::DCS1::AMPH.VREF_VREF_REG4 @ 0x20027806c
CHIP::DCS1::AMPH.VREF_VREF_REG5 @ 0x200278070
CHIP::DCS1::AMPH.VREF_VREF_REG6 @ 0x200278074
CHIP::DCS1::AMPH.VREF_VREF_REG7 @ 0x200278078
CHIP::DCS1::AMPH.VREF_VREF_REG8 @ 0x20027807c
CHIP::DCS1::AMPH.SLC_SLC_REG0 @ 0x200278080
CHIP::DCS1::AMPH.SLC_SLC_REG1 @ 0x200278084
CHIP::DCS1::AMPH.SLC_SLC_REG2 @ 0x200278088
CHIP::DCS1::AMPH.SLC_SLC_REG3 @ 0x20027808c
CHIP::DCS1::AMPH.WKPUPD_WKPUPD_REG0 @ 0x200278090
CHIP::DCS1::AMPH.WKPUPD_WKPUPD_REG1 @ 0x200278094
CHIP::DCS1::AMPH.WKPUPD_WKPUPD_REG2 @ 0x200278098
CHIP::DCS1::AMPH.WKPUPD_WKPUPD_REG3 @ 0x20027809c
CHIP::DCS1::AMPH.WKPUPD_WKPUPD_REG4 @ 0x2002780a0
CHIP::DCS1::AMPH.WKPUPD_WKPUPD_REG5 @ 0x2002780a4
CHIP::DCS1::AMPH.WKPUPD_WKPUPD_REG6 @ 0x2002780a8
CHIP::DCS1::AMPH.WKPUPD_WKPUPD_REG7 @ 0x2002780ac
CHIP::DCS1::AMPH.DCD_DCD_REG0 @ 0x2002780b0
CHIP::DCS1::AMPH.DCD_DCD_REG1 @ 0x2002780b4
CHIP::DCS1::AMPH.DCD_DCD_REG2 @ 0x2002780b8
CHIP::DCS1::AMPH.DCD_DCD_REG3 @ 0x2002780bc
CHIP::DCS1::AMPH.DCD_DCD_REG4 @ 0x2002780c0
CHIP::DCS1::AMPH.DCD_DCD_REG5 @ 0x2002780c4
CHIP::DCS1::AMPH.DCD_DCD_REG6 @ 0x2002780c8
CHIP::DCS1::AMPH.ISEL_ISEL_REG0 @ 0x2002780dc
CHIP::DCS1::AMPH.ISEL_ISEL_REG1 @ 0x2002780e0
CHIP::DCS1::AMPH.ISEL_ISEL_REG2 @ 0x2002780e4
CHIP::DCS1::AMPH.ISEL_ISEL_REG3 @ 0x2002780e8
CHIP::DCS1::AMPH.DS_DS_REG0 @ 0x2002780ec
CHIP::DCS1::AMPH.DS_DS_REG1 @ 0x2002780f0
CHIP::DCS1::AMPH.DS_DS_REG2 @ 0x2002780f4
CHIP::DCS1::AMPH.DS_DS_REG3 @ 0x2002780f8
CHIP::DCS1::AMPH.DS_DS_REG4 @ 0x2002780fc
CHIP::DCS1::AMPH.DS_DS_REG5 @ 0x200278100
CHIP::DCS1::AMPH.DS_DS_REG6 @ 0x200278104
CHIP::DCS1::AMPH.DS_DS_REG7 @ 0x200278108
CHIP::DCS1::AMPH.DS_DS_REG8 @ 0x20027810c
CHIP::DCS1::AMPH.DS_DS_REG9 @ 0x200278110
CHIP::DCS1::AMPH.DS_DS_REG10 @ 0x200278114
CHIP::DCS1::AMPH.DS_DS_REG11 @ 0x200278118
CHIP::DCS1::AMPH.DS_DS_REG12 @ 0x20027811c
CHIP::DCS1::AMPH.DS_DS_REG13 @ 0x200278120
CHIP::DCS1::AMPH.DS_DS_REG14 @ 0x200278124
CHIP::DCS1::AMPH.DBG_DBG_REG0 @ 0x200278128
CHIP::DCS2::MCU.AMCGEN_AMCCTRL @ 0x200280000
CHIP::DCS2::MCU.AMCGEN_CLKGATE @ 0x200280004
CHIP::DCS2::MCU.AMCGEN_FREQSEL @ 0x200280008
CHIP::DCS2::MCU.AMCGEN_AMCVER @ 0x20028000c
CHIP::DCS2::MCU.AMCGEN_AMCCLKPWRGATE @ 0x200280010
CHIP::DCS2::MCU.AMCGEN_AMCCLKPWRGATE2 @ 0x200280014
CHIP::DCS2::MCU.MCUSCH_OPIDLETMR @ 0x200280180
CHIP::DCS2::MCU.MCUSCH_OPTMRADJEN @ 0x200280184
CHIP::DCS2::MCU.MCUSCH_OPTMRADJPARAM @ 0x200280188
CHIP::DCS2::MCU.MCUSCH_MIFNRTAGE @ 0x20028018c
CHIP::DCS2::MCU.MCUSCH_MIFRTAGE @ 0x200280190
CHIP::DCS2::MCU.MCUSCH_MIFPCAGE @ 0x200280194
CHIP::DCS2::MCU.MCUSCH_QBREN @ 0x200280198
CHIP::DCS2::MCU.MCUSCH_QBRPARAM @ 0x20028019c
CHIP::DCS2::MCU.MCUSCH_PSQAFNTY @ 0x2002801a0
CHIP::DCS2::MCU.MCUSCH_PSQRQCTL0 @ 0x2002801a4
CHIP::DCS2::MCU.MCUSCH_PSQCPU0LLT_FREQ0 @ 0x2002801a8
CHIP::DCS2::MCU.MCUSCH_PSQCPU1LLT_FREQ0 @ 0x2002801ac
CHIP::DCS2::MCU.MCUSCH_PSQSOCLLT_FREQ0 @ 0x2002801b0
CHIP::DCS2::MCU.MCUSCH_PSQCPU0LLT_FREQ1 @ 0x2002801b4
CHIP::DCS2::MCU.MCUSCH_PSQCPU1LLT_FREQ1 @ 0x2002801b8
CHIP::DCS2::MCU.MCUSCH_PSQSOCLLT_FREQ1 @ 0x2002801bc
CHIP::DCS2::MCU.MCUSCH_PSQCPU0LLT_FREQ2 @ 0x2002801c0
CHIP::DCS2::MCU.MCUSCH_PSQCPU1LLT_FREQ2 @ 0x2002801c4
CHIP::DCS2::MCU.MCUSCH_PSQSOCLLT_FREQ2 @ 0x2002801c8
CHIP::DCS2::MCU.MCUSCH_PSQCPU0LLT_FREQ3 @ 0x2002801cc
CHIP::DCS2::MCU.MCUSCH_PSQCPU1LLT_FREQ3 @ 0x2002801d0
CHIP::DCS2::MCU.MCUSCH_PSQSOCLLT_FREQ3 @ 0x2002801d4
CHIP::DCS2::MCU.MCUSCH_PSQRQTIMER0 @ 0x2002801d8
CHIP::DCS2::MCU.MCUSCH_PSQRQTIMER1 @ 0x2002801dc
CHIP::DCS2::MCU.MCUSCH_PSQRQBRST @ 0x2002801e0
CHIP::DCS2::MCU.MCUSCH_PSQRQSCHCRD @ 0x2002801e4
CHIP::DCS2::MCU.MCUSCH_PSQWQCTRL0 @ 0x2002801e8
CHIP::DCS2::MCU.MCUSCH_PSQWQCTL1 @ 0x2002801ec
CHIP::DCS2::MCU.MCUSCH_PSQWQCTL2 @ 0x2002801f0
CHIP::DCS2::MCU.MCUSCH_PSQWQTHR @ 0x2002801f4
CHIP::DCS2::MCU.MCUSCH_PSQWQBRST @ 0x2002801f8
CHIP::DCS2::MCU.MCUSCH_PSQWQSCHCRD @ 0x2002801fc
CHIP::DCS2::MCU.MCUSCH_MCUQOSLLT @ 0x200280200
CHIP::DCS2::MCU.MCUSCH_SBQOSUPGCTRL @ 0x200280204
CHIP::DCS2::MCU.MCUSCH_SBQOSUPGISPAIDS @ 0x200280208
CHIP::DCS2::MCU.PHYTIM_PHYRDWRTIM_FREQ0 @ 0x200280280
CHIP::DCS2::MCU.PHYTIM_PHYRDWRTIM_FREQ1 @ 0x200280284
CHIP::DCS2::MCU.PHYTIM_PHYRDWRTIM_FREQ2 @ 0x200280288
CHIP::DCS2::MCU.PHYTIM_PHYRDWRTIM_FREQ3 @ 0x20028028c
CHIP::DCS2::MCU.PHYCFG_PHYUPDATETIMERS @ 0x200280300
CHIP::DCS2::MCU.PHYCFG_PHYMRRDATADQMUX @ 0x200280304
CHIP::DCS2::MCU.DRAMTIM_LAT_FREQ0 @ 0x200280380
CHIP::DCS2::MCU.DRAMTIM_LAT_FREQ1 @ 0x200280384
CHIP::DCS2::MCU.DRAMTIM_LAT_FREQ2 @ 0x200280388
CHIP::DCS2::MCU.DRAMTIM_LAT_FREQ3 @ 0x20028038c
CHIP::DCS2::MCU.DRAMTIM_CASPCH_FREQ0 @ 0x200280390
CHIP::DCS2::MCU.DRAMTIM_CASPCH_FREQ1 @ 0x200280394
CHIP::DCS2::MCU.DRAMTIM_CASPCH_FREQ2 @ 0x200280398
CHIP::DCS2::MCU.DRAMTIM_CASPCH_FREQ3 @ 0x20028039c
CHIP::DCS2::MCU.DRAMTIM_ACT_FREQ0 @ 0x2002803a0
CHIP::DCS2::MCU.DRAMTIM_ACT_FREQ1 @ 0x2002803a4
CHIP::DCS2::MCU.DRAMTIM_ACT_FREQ2 @ 0x2002803a8
CHIP::DCS2::MCU.DRAMTIM_ACT_FREQ3 @ 0x2002803ac
CHIP::DCS2::MCU.DRAMTIM_AUTOREF_FREQ0 @ 0x2002803b0
CHIP::DCS2::MCU.DRAMTIM_AUTOREF_FREQ1 @ 0x2002803b4
CHIP::DCS2::MCU.DRAMTIM_AUTOREF_FREQ2 @ 0x2002803b8
CHIP::DCS2::MCU.DRAMTIM_AUTOREF_FREQ3 @ 0x2002803bc
CHIP::DCS2::MCU.DRAMTIM_SELFREF_FREQ0 @ 0x2002803c0
CHIP::DCS2::MCU.DRAMTIM_SELFREF_FREQ1 @ 0x2002803c4
CHIP::DCS2::MCU.DRAMTIM_SELFREF_FREQ2 @ 0x2002803c8
CHIP::DCS2::MCU.DRAMTIM_SELFREF_FREQ3 @ 0x2002803cc
CHIP::DCS2::MCU.DRAMTIM_PDN @ 0x2002803d0
CHIP::DCS2::MCU.DRAMTIM_MODEREG @ 0x2002803d4
CHIP::DCS2::MCU.DRAMTIM_DERATE_FREQ0 @ 0x2002803d8
CHIP::DCS2::MCU.DRAMTIM_DERATE_FREQ1 @ 0x2002803dc
CHIP::DCS2::MCU.DRAMTIM_DERATE_FREQ2 @ 0x2002803e0
CHIP::DCS2::MCU.DRAMTIM_DERATE_FREQ3 @ 0x2002803e4
CHIP::DCS2::MCU.DRAMTIM_TAT_FREQ0 @ 0x2002803e8
CHIP::DCS2::MCU.DRAMTIM_TAT_FREQ1 @ 0x2002803ec
CHIP::DCS2::MCU.DRAMTIM_TAT_FREQ2 @ 0x2002803f0
CHIP::DCS2::MCU.DRAMTIM_TAT_FREQ3 @ 0x2002803f4
CHIP::DCS2::MCU.DRAMTIM_TRANSGAP @ 0x2002803f8
CHIP::DCS2::MCU.DRAMTIM_AUTOREF_PARAMS @ 0x2002803fc
CHIP::DCS2::MCU.DRAMCFG_RWCFG @ 0x200280400
CHIP::DCS2::MCU.DRAMCFG_RNKCFG @ 0x200280404
CHIP::DCS2::MCU.DRAMCFG_AREFEN_FREQ0 @ 0x200280408
CHIP::DCS2::MCU.DRAMCFG_AREFEN_FREQ1 @ 0x20028040c
CHIP::DCS2::MCU.DRAMCFG_AREFEN_FREQ2 @ 0x200280410
CHIP::DCS2::MCU.DRAMCFG_AREFEN_FREQ3 @ 0x200280414
CHIP::DCS2::MCU.DRAMCFG_AREFPARAM @ 0x200280418
CHIP::DCS2::MCU.DRAMCFG_LONGSR @ 0x20028041c
CHIP::DCS2::MCU.DRAMCFG_ODTSZQC @ 0x200280420
CHIP::DCS2::MCU.DRAMCFG_PWRMNGTEN @ 0x200280424
CHIP::DCS2::MCU.DRAMCFG_PWRMNGTPARAM_FREQ0 @ 0x200280428
CHIP::DCS2::MCU.DRAMCFG_PWRMNGTPARAM_FREQ1 @ 0x20028042c
CHIP::DCS2::MCU.DRAMCFG_PWRMNGTPARAM_FREQ2 @ 0x200280430
CHIP::DCS2::MCU.DRAMCFG_PWRMNGTPARAM_FREQ3 @ 0x200280434
CHIP::DCS2::MCU.DRAMCFG_ODTSMAPPING @ 0x200280438
CHIP::DCS2::MCU.DRAMCFG_MCPHYUPDTPARAM @ 0x20028043c
CHIP::DCS2::MCU.DRAMCFG_READLEVELING @ 0x200280440
CHIP::DCS2::MCU.DRAMCFG_REFPBHITHRESHOLDS @ 0x200280444
CHIP::DCS2::MCU.DRAMCFG_REFPBLOTHRESHOLDS @ 0x200280448
CHIP::DCS2::MCU.DRAMCFG_FREQCHNGCTL @ 0x20028044c
CHIP::DCS2::MCU.DRAMCFG_FREQCHNGCTL0_FREQ0 @ 0x200280450
CHIP::DCS2::MCU.DRAMCFG_FREQCHNGCTL1_FREQ0 @ 0x200280454
CHIP::DCS2::MCU.DRAMCFG_FREQCHNGCTL2_FREQ0 @ 0x200280458
CHIP::DCS2::MCU.DRAMCFG_FREQCHNGCTL3_FREQ0 @ 0x20028045c
CHIP::DCS2::MCU.DRAMCFG_FREQCHNGCTL4_FREQ0 @ 0x200280460
CHIP::DCS2::MCU.DRAMCFG_FREQCHNGCTL5_FREQ0 @ 0x200280464
CHIP::DCS2::MCU.DRAMCFG_FREQCHNGCTL0_FREQ1 @ 0x200280468
CHIP::DCS2::MCU.DRAMCFG_FREQCHNGCTL1_FREQ1 @ 0x20028046c
CHIP::DCS2::MCU.DRAMCFG_FREQCHNGCTL2_FREQ1 @ 0x200280470
CHIP::DCS2::MCU.DRAMCFG_FREQCHNGCTL3_FREQ1 @ 0x200280474
CHIP::DCS2::MCU.DRAMCFG_FREQCHNGCTL4_FREQ1 @ 0x200280478
CHIP::DCS2::MCU.DRAMCFG_FREQCHNGCTL5_FREQ1 @ 0x20028047c
CHIP::DCS2::MCU.DRAMCFG_FREQCHNGCTL0_FREQ2 @ 0x200280480
CHIP::DCS2::MCU.DRAMCFG_FREQCHNGCTL1_FREQ2 @ 0x200280484
CHIP::DCS2::MCU.DRAMCFG_FREQCHNGCTL2_FREQ2 @ 0x200280488
CHIP::DCS2::MCU.DRAMCFG_FREQCHNGCTL3_FREQ2 @ 0x20028048c
CHIP::DCS2::MCU.DRAMCFG_FREQCHNGCTL4_FREQ2 @ 0x200280490
CHIP::DCS2::MCU.DRAMCFG_FREQCHNGCTL5_FREQ2 @ 0x200280494
CHIP::DCS2::MCU.DRAMCFG_FREQCHNGCTL0_FREQ3 @ 0x200280498
CHIP::DCS2::MCU.DRAMCFG_FREQCHNGCTL1_FREQ3 @ 0x20028049c
CHIP::DCS2::MCU.DRAMCFG_FREQCHNGCTL2_FREQ3 @ 0x2002804a0
CHIP::DCS2::MCU.DRAMCFG_FREQCHNGCTL3_FREQ3 @ 0x2002804a4
CHIP::DCS2::MCU.DRAMCFG_FREQCHNGCTL4_FREQ3 @ 0x2002804a8
CHIP::DCS2::MCU.DRAMCFG_FREQCHNGCTL5_FREQ3 @ 0x2002804ac
CHIP::DCS2::MCU.DRAMCFG_ROWHAMCTRL0 @ 0x2002804b0
CHIP::DCS2::MCU.DRAMCFG_ROWHAMCTRL1 @ 0x2002804b4
CHIP::DCS2::MCU.DRAMCFG_ROWHAMCTRL2 @ 0x2002804b8
CHIP::DCS2::MCU.DRAMCFG_ROWHAMSTS @ 0x2002804bc
CHIP::DCS2::MCU.DRAMCFG_FREQCHNGTIM_FREQ0 @ 0x2002804c0
CHIP::DCS2::MCU.DRAMCFG_FREQCHNGTIM_FREQ1 @ 0x2002804c4
CHIP::DCS2::MCU.DRAMCFG_FREQCHNGTIM_FREQ2 @ 0x2002804c8
CHIP::DCS2::MCU.DRAMCFG_FREQCHNGTIM_FREQ3 @ 0x2002804cc
CHIP::DCS2::MCU.DRAMCMD_MRINITCMD @ 0x200280500
CHIP::DCS2::MCU.DRAMCMD_MRINITSTS @ 0x200280504
CHIP::DCS2::MCU.AMCXPERFCNTR_PERFCNTRCTL @ 0x200280580
CHIP::DCS2::MCU.AMCXPERFCNTR_PERFCNTREN @ 0x200280584
CHIP::DCS2::MCU.AMCXPERFCNTR_PERFCNTR0CTL1 @ 0x200280588
CHIP::DCS2::MCU.AMCXPERFCNTR_PERFCNTR0CTL2 @ 0x20028058c
CHIP::DCS2::MCU.AMCXPERFCNTR_PERFCNTR0CTL3 @ 0x200280590
CHIP::DCS2::MCU.AMCXPERFCNTR_PERFCNTR0CTL4 @ 0x200280594
CHIP::DCS2::MCU.AMCXPERFCNTR_PERFCNTR0CTL5 @ 0x200280598
CHIP::DCS2::MCU.AMCXPERFCNTR_PERFCNTR0CTL6 @ 0x20028059c
CHIP::DCS2::MCU.AMCXPERFCNTR_PERFCNTR0VAL @ 0x2002805a0
CHIP::DCS2::MCU.AMCXPERFCNTR_PERFCNTR1CTL1 @ 0x2002805a4
CHIP::DCS2::MCU.AMCXPERFCNTR_PERFCNTR1CTL2 @ 0x2002805a8
CHIP::DCS2::MCU.AMCXPERFCNTR_PERFCNTR1CTL3 @ 0x2002805ac
CHIP::DCS2::MCU.AMCXPERFCNTR_PERFCNTR1CTL4 @ 0x2002805b0
CHIP::DCS2::MCU.AMCXPERFCNTR_PERFCNTR1CTL5 @ 0x2002805b4
CHIP::DCS2::MCU.AMCXPERFCNTR_PERFCNTR1CTL6 @ 0x2002805b8
CHIP::DCS2::MCU.AMCXPERFCNTR_PERFCNTR1VAL @ 0x2002805bc
CHIP::DCS2::MCU.AMCXPERFCNTR_PERFCNTR2CTL1 @ 0x2002805c0
CHIP::DCS2::MCU.AMCXPERFCNTR_PERFCNTR2CTL2 @ 0x2002805c4
CHIP::DCS2::MCU.AMCXPERFCNTR_PERFCNTR2CTL3 @ 0x2002805c8
CHIP::DCS2::MCU.AMCXPERFCNTR_PERFCNTR2CTL4 @ 0x2002805cc
CHIP::DCS2::MCU.AMCXPERFCNTR_PERFCNTR2CTL5 @ 0x2002805d0
CHIP::DCS2::MCU.AMCXPERFCNTR_PERFCNTR2CTL6 @ 0x2002805d4
CHIP::DCS2::MCU.AMCXPERFCNTR_PERFCNTR2VAL @ 0x2002805d8
CHIP::DCS2::MCU.AMCXPERFCNTR_PERFCNTR3CTL1 @ 0x2002805dc
CHIP::DCS2::MCU.AMCXPERFCNTR_PERFCNTR3CTL2 @ 0x2002805e0
CHIP::DCS2::MCU.AMCXPERFCNTR_PERFCNTR3CTL3 @ 0x2002805e4
CHIP::DCS2::MCU.AMCXPERFCNTR_PERFCNTR3CTL4 @ 0x2002805e8
CHIP::DCS2::MCU.AMCXPERFCNTR_PERFCNTR3CTL5 @ 0x2002805ec
CHIP::DCS2::MCU.AMCXPERFCNTR_PERFCNTR3CTL6 @ 0x2002805f0
CHIP::DCS2::MCU.AMCXPERFCNTR_PERFCNTR3VAL @ 0x2002805f4
CHIP::DCS2::MCU.AMCXPERFCNTR_PERFCNTR4CTL1 @ 0x2002805f8
CHIP::DCS2::MCU.AMCXPERFCNTR_PERFCNTR4CTL2 @ 0x2002805fc
CHIP::DCS2::MCU.AMCXPERFCNTR_PERFCNTR4CTL3 @ 0x200280600
CHIP::DCS2::MCU.AMCXPERFCNTR_PERFCNTR4CTL4 @ 0x200280604
CHIP::DCS2::MCU.AMCXPERFCNTR_PERFCNTR4CTL5 @ 0x200280608
CHIP::DCS2::MCU.AMCXPERFCNTR_PERFCNTR4CTL6 @ 0x20028060c
CHIP::DCS2::MCU.AMCXPERFCNTR_PERFCNTR4VAL @ 0x200280610
CHIP::DCS2::MCU.AMCXPERFCNTR_PERFCNTR5CTL1 @ 0x200280614
CHIP::DCS2::MCU.AMCXPERFCNTR_PERFCNTR5CTL2 @ 0x200280618
CHIP::DCS2::MCU.AMCXPERFCNTR_PERFCNTR5CTL3 @ 0x20028061c
CHIP::DCS2::MCU.AMCXPERFCNTR_PERFCNTR5CTL4 @ 0x200280620
CHIP::DCS2::MCU.AMCXPERFCNTR_PERFCNTR5CTL5 @ 0x200280624
CHIP::DCS2::MCU.AMCXPERFCNTR_PERFCNTR5CTL6 @ 0x200280628
CHIP::DCS2::MCU.AMCXPERFCNTR_PERFCNTR5VAL @ 0x20028062c
CHIP::DCS2::MCU.AMCXPERFCNTR_QPROPCTRL @ 0x200280630
CHIP::DCS2::MCU.AMCXPERFCNTR_MCU0PSQQPROPCTRL @ 0x200280634
CHIP::DCS2::MCU.AMCXPERFCNTR_MCU0PSRQQPROPAVGLAT @ 0x200280638
CHIP::DCS2::MCU.AMCXPERFCNTR_MCU0PSRQQPROPAVGTHRPT @ 0x20028063c
CHIP::DCS2::MCU.AMCXPERFCNTR_MCU0PSRQQPROPOUTPUTS @ 0x200280640
CHIP::DCS2::MCU.AMCXPERFCNTR_MCU0PSRQQPROPMONCTRL @ 0x200280644
CHIP::DCS2::MCU.AMCXPERFCNTR_MCU0PSRQQPROPMONHITHR @ 0x200280648
CHIP::DCS2::MCU.AMCXPERFCNTR_MCU0PSRQQPROPMONLOWTHR @ 0x20028064c
CHIP::DCS2::MCU.AMCXPERFCNTR_MCU0PSWQQPROPAVGLAT @ 0x200280650
CHIP::DCS2::MCU.AMCXPERFCNTR_MCU0PSWQQPROPAVGTHRPT @ 0x200280654
CHIP::DCS2::MCU.AMCXPERFCNTR_MCU0PSWQQPROPOUTPUTS @ 0x200280658
CHIP::DCS2::MCU.AMCXPERFCNTR_MCU0PSWQQPROPMONCTRL @ 0x20028065c
CHIP::DCS2::MCU.AMCXPERFCNTR_MCU0PSWQQPROPMONHITHR @ 0x200280660
CHIP::DCS2::MCU.AMCXPERFCNTR_MCU0PSWQQPROPMONLOWTHR @ 0x200280664
CHIP::DCS2::MCU.AMCXIRERRDBG_INTEN0 @ 0x200280700
CHIP::DCS2::MCU.AMCXIRERRDBG_INTEN1 @ 0x200280704
CHIP::DCS2::MCU.AMCXIRERRDBG_INTSTS @ 0x200280708
CHIP::DCS2::MCU.AMCXIRERRDBG_DEBUGCTRL @ 0x20028070c
CHIP::DCS2::MCU.AMCXIRERRDBG_DEBUGSTS0 @ 0x200280710
CHIP::DCS2::MCU.AMCXIRERRDBG_DEBUGSTSCLKPWR @ 0x200280714
CHIP::DCS2::MCU.MIFQCTRL_MIFQMAXCTRL_FREQ0 @ 0x200280780
CHIP::DCS2::MCU.MIFQCTRL_MIFQMAXCTRL_FREQ1 @ 0x200280784
CHIP::DCS2::MCU.MIFQCTRL_MIFQMAXCTRL_FREQ2 @ 0x200280788
CHIP::DCS2::MCU.MIFQCTRL_MIFQMAXCTRL_FREQ3 @ 0x20028078c
CHIP::DCS2::SPLLCTRL.SPLLCTRL_MODEREG @ 0x20028c000
CHIP::DCS2::SPLLCTRL.SPLLCTRL_POWERDOWNRESET @ 0x20028c004
CHIP::DCS2::SPLLCTRL.SPLLCTRL_LOCKSTATUS @ 0x20028c008
CHIP::DCS2::SPLLCTRL.SPLLCTRL_INTERRUPT @ 0x20028c00c
CHIP::DCS2::SPLLCTRL.SPLLCTRL_INTEN0 @ 0x20028c010
CHIP::DCS2::SPLLCTRL.SPLLCTRL_INTEN1 @ 0x20028c014
CHIP::DCS2::SPLLCTRL.SPLLCTRL_OUTPUTDIVIDER @ 0x20028c018
CHIP::DCS2::SPLLCTRL.SPLLCTRL_CHARGEPUMP @ 0x20028c01c
CHIP::DCS2::SPLLCTRL.SPLLCTRL_VCO @ 0x20028c020
CHIP::DCS2::SPLLCTRL.SPLLCTRL_LDO @ 0x20028c024
CHIP::DCS2::SPLLCTRL.SPLLCTRL_TESTCTRL @ 0x20028c028
CHIP::DCS2::SPLLCTRL.SPLLCTRL_TESTSTATUS @ 0x20028c02c
CHIP::DCS2::SPLLCTRL.SPLLCTRL_DFT @ 0x20028c030
CHIP::DCS2::SPLLCTRL.SPLLCTRL_OVERRIDE @ 0x20028c034
CHIP::DCS2::SPLLCTRL.SPLLCTRL_TESTPLL @ 0x20028c038
CHIP::DCS2::SPLLCTRL.SPLLCTRL_TESTPLLSTATUS @ 0x20028c03c
CHIP::DCS2::SPLLCTRL.SPLLCTRL_PLLSEQLDOUPTIMER @ 0x20028c040
CHIP::DCS2::SPLLCTRL.SPLLCTRL_PLLSEQLDODNTIMER @ 0x20028c044
CHIP::DCS2::SPLLCTRL.SPLLCTRL_PLLSEQSTBYTIMER @ 0x20028c048
CHIP::DCS2::SPLLCTRL.SPLLCTRL_PLLSEQPD2STBYTIMER @ 0x20028c04c
CHIP::DCS2::SPLLCTRL.SPLLCTRL_PLLSEQSETDIVTIMER @ 0x20028c050
CHIP::DCS2::SPLLCTRL.SPLLCTRL_PLLSEQSETUPDTIMER @ 0x20028c054
CHIP::DCS2::SPLLCTRL.SPLLCTRL_PLLSEQCLKSETUPTIMER @ 0x20028c058
CHIP::DCS2::SPLLCTRL.SPLLCTRL_SPLLPWRDNCFG @ 0x20028c05c
CHIP::DCS2::SPLLCTRL.SPLLCTRL_SPLLDIVCFG @ 0x20028c060
CHIP::DCS2::SPLLCTRL.SPLLCTRL_MDLLPWRDNCFG0 @ 0x20028c064
CHIP::DCS2::SPLLCTRL.SPLLCTRL_MDLLPWRDNCFG1 @ 0x20028c068
CHIP::DCS2::SPLLCTRL.SPLLCTRL_MDLLPWRDNCFG2 @ 0x20028c06c
CHIP::DCS2::AMPSCA.AMPSCAGEN_AMPEN @ 0x2002a0000
CHIP::DCS2::AMPSCA.AMPSCAGEN_AMPCLK @ 0x2002a0004
CHIP::DCS2::AMPSCA.AMPSCAGEN_AMPINIT @ 0x2002a0008
CHIP::DCS2::AMPSCA.AMPSCAGEN_DRAM_RESETN @ 0x2002a000c
CHIP::DCS2::AMPSCA.AMPSCAGEN_AMPVER @ 0x2002a0010
CHIP::DCS2::AMPSCA.AMPSCAIOCFG_IMPCODE @ 0x2002a0080
CHIP::DCS2::AMPSCA.AMPSCAIOCFG_IMPOVRRD @ 0x2002a0084
CHIP::DCS2::AMPSCA.AMPSCAIOCFG_IMPAUTOCAL @ 0x2002a0088
CHIP::DCS2::AMPSCA.AMPSCAIOCFG_IMPCALCONTROL @ 0x2002a008c
CHIP::DCS2::AMPSCA.AMPSCAIOCFG_IMPCALPHYUPDT @ 0x2002a0090
CHIP::DCS2::AMPSCA.AMPSCAIOCFG_IMPCALCMD @ 0x2002a0094
CHIP::DCS2::AMPSCA.AMPSCAIOCFG_DRAMSIGDLY @ 0x2002a0098
CHIP::DCS2::AMPSCA.AMPSCAIOCFG_NONDQDSPD_F0 @ 0x2002a009c
CHIP::DCS2::AMPSCA.AMPSCAIOCFG_NONDQDSPD_F1 @ 0x2002a00a0
CHIP::DCS2::AMPSCA.AMPSCAIOCFG_NONDQDSPD_F2 @ 0x2002a00a4
CHIP::DCS2::AMPSCA.AMPSCAIOCFG_NONDQDSPD_F3 @ 0x2002a00a8
CHIP::DCS2::AMPSCA.AMPSCAIOCFG_NONDQDS_F0 @ 0x2002a00ac
CHIP::DCS2::AMPSCA.AMPSCAIOCFG_NONDQDS_F1 @ 0x2002a00b0
CHIP::DCS2::AMPSCA.AMPSCAIOCFG_NONDQDS_F2 @ 0x2002a00b4
CHIP::DCS2::AMPSCA.AMPSCAIOCFG_NONDQDS_F3 @ 0x2002a00b8
CHIP::DCS2::AMPSCA.AMPSCAIOCFG_CACKCSWKPD_F0 @ 0x2002a00bc
CHIP::DCS2::AMPSCA.AMPSCAIOCFG_CACKCSWKPD_F1 @ 0x2002a00c0
CHIP::DCS2::AMPSCA.AMPSCAIOCFG_CACKCSWKPD_F2 @ 0x2002a00c4
CHIP::DCS2::AMPSCA.AMPSCAIOCFG_CACKCSWKPD_F3 @ 0x2002a00c8
CHIP::DCS2::AMPSCA.AMPSCAIOCFG_CACKCSWKDS @ 0x2002a00cc
CHIP::DCS2::AMPSCA.AMPSCAIOCFG_DCC @ 0x2002a00d0
CHIP::DCS2::AMPSCA.AMPSCAIOCFG_BISTRXMODE @ 0x2002a00d4
CHIP::DCS2::AMPSCA.AMPSCARDTIM_RDCAPCFG_FREQ0 @ 0x2002a0100
CHIP::DCS2::AMPSCA.AMPSCARDTIM_RDCAPCFG_FREQ1 @ 0x2002a0104
CHIP::DCS2::AMPSCA.AMPSCARDTIM_RDCAPCFG_FREQ2 @ 0x2002a0108
CHIP::DCS2::AMPSCA.AMPSCARDTIM_RDCAPCFG_FREQ3 @ 0x2002a010c
CHIP::DCS2::AMPSCA.AMPSCARDTIM_CALPATCFG @ 0x2002a0110
CHIP::DCS2::AMPSCA.AMPSCARDTIM_DQTRNCFG @ 0x2002a0114
CHIP::DCS2::AMPSCA.AMPSCARDTIM_DQTRNCMD @ 0x2002a0118
CHIP::DCS2::AMPSCA.AMPSCARDTIM_DQTRNSTS @ 0x2002a011c
CHIP::DCS2::AMPSCA.AMPSCADLLCTL_DLLEN @ 0x2002a0180
CHIP::DCS2::AMPSCA.AMPSCADLLCTL_MDLLFREQBINDISABLE @ 0x2002a0184
CHIP::DCS2::AMPSCA.AMPSCADLLCTL_MDLLFREQSCALE @ 0x2002a0188
CHIP::DCS2::AMPSCA.AMPSCADLLCTL_DLLUPDTCMD @ 0x2002a018c
CHIP::DCS2::AMPSCA.AMPSCADLLCTL_MDLLCODE @ 0x2002a0190
CHIP::DCS2::AMPSCA.AMPSCADLLCTL_MDLLOVERRIDE @ 0x2002a0194
CHIP::DCS2::AMPSCA.AMPSCADLLCTL_DLLLOCKTIM @ 0x2002a0198
CHIP::DCS2::AMPSCA.AMPSCADLLCTL_DLLLOCKCTRL @ 0x2002a019c
CHIP::DCS2::AMPSCA.AMPSCADLLCTL_DLLUPDTINTVL @ 0x2002a01a0
CHIP::DCS2::AMPSCA.AMPSCADLLCTL_DLLUPDTCTRL @ 0x2002a01a4
CHIP::DCS2::AMPSCA.AMPSCADLLCTL_DLLSTS @ 0x2002a01a8
CHIP::DCS2::AMPSCA.AMPSCADLLCTL_MASTERSTATUS0 @ 0x2002a01ac
CHIP::DCS2::AMPSCA.AMPSCADLLCTL_MASTERSTATUS1 @ 0x2002a01b0
CHIP::DCS2::AMPSCA.AMPSCADLLCTL_MASTERSTATUSSTPSZ @ 0x2002a01b4
CHIP::DCS2::AMPSCA.AMPSCADLLCTL_SLAVESTATUSSEL @ 0x2002a01b8
CHIP::DCS2::AMPSCA.AMPSCADLLCTL_SLAVESTATUS @ 0x2002a01bc
CHIP::DCS2::AMPSCA.AMPSCADLLCTL_CAOUTDLLSCL_FREQ0 @ 0x2002a01c0
CHIP::DCS2::AMPSCA.AMPSCADLLCTL_CAOUTDLLSCL_FREQ1 @ 0x2002a01c4
CHIP::DCS2::AMPSCA.AMPSCADLLCTL_CAOUTDLLSCL_FREQ2 @ 0x2002a01c8
CHIP::DCS2::AMPSCA.AMPSCADLLCTL_CAOUTDLLSCL_FREQ3 @ 0x2002a01cc
CHIP::DCS2::AMPSCA.AMPSCATEST_AMPTESTMODE @ 0x2002a0380
CHIP::DCS2::AMPSCA.AMPSCATEST_BISTCMD @ 0x2002a0384
CHIP::DCS2::AMPSCA.AMPSCATEST_BISTSTS @ 0x2002a0388
CHIP::DCS2::AMPSCA.AMPSCATEST_BISTRDFIFOCTRL @ 0x2002a038c
CHIP::DCS2::AMPSCA.AMPSCATEST_BISTRDFIFOSTATUS @ 0x2002a0390
CHIP::DCS2::AMPSCA.AMPSCATEST_BISTERRCAP0 @ 0x2002a0394
CHIP::DCS2::AMPSCA.AMPSCATEST_BISTERRINJCAP0 @ 0x2002a0398
CHIP::DCS2::AMPSCA.AMPSCATEST_BISTERRCAP1 @ 0x2002a039c
CHIP::DCS2::AMPSCA.AMPSCATEST_BISTERRINJCAP1 @ 0x2002a03a0
CHIP::DCS2::AMPSCA.AMPSCATEST_BISTERRPATCAP0 @ 0x2002a03a4
CHIP::DCS2::AMPSCA.AMPSCATEST_BISTEXPECTPATCAP0 @ 0x2002a03a8
CHIP::DCS2::AMPSCA.AMPSCATEST_BISTOVERRIDEPATCAP0 @ 0x2002a03ac
CHIP::DCS2::AMPSCA.AMPSCATEST_BISTERRPATCAP1 @ 0x2002a03b0
CHIP::DCS2::AMPSCA.AMPSCATEST_BISTEXPECTPATCAP1 @ 0x2002a03b4
CHIP::DCS2::AMPSCA.AMPSCATEST_BISTOVERRIDEPATCAP1 @ 0x2002a03b8
CHIP::DCS2::AMPSCA.AMPSCATEST_BISTLFSRCAP0 @ 0x2002a03bc
CHIP::DCS2::AMPSCA.AMPSCATEST_BISTLFSRCAP1 @ 0x2002a03c0
CHIP::DCS2::AMPSCA.AMPSCATEST_BISTOVRCYCCNT @ 0x2002a03c4
CHIP::DCS2::AMPSCA.AMPSCATEST_BISTSWEEP @ 0x2002a03c8
CHIP::DCS2::AMPSCA.AMPSCATEST_BISTSWEEPLOOP @ 0x2002a03cc
CHIP::DCS2::AMPSCA.AMPSCATEST_BISTSWEEPSTS0 @ 0x2002a03d0
CHIP::DCS2::AMPSCA.AMPSCATEST_BISTSWEEPSTS1 @ 0x2002a03d4
CHIP::DCS2::AMPSCA.AMPSCAIRERRDBG_AMPINTEN @ 0x2002a0400
CHIP::DCS2::AMPSCA.AMPSCAIRERRDBG_INTSTS @ 0x2002a0404
CHIP::DCS2::AMPSCA.AMPSCADESKEWCTRL_CA0_DESKEW_CTRL @ 0x2002a0500
CHIP::DCS2::AMPSCA.AMPSCADESKEWCTRL_CA1_DESKEW_CTRL @ 0x2002a0504
CHIP::DCS2::AMPSCA.AMPSCADESKEWCTRL_CA2_DESKEW_CTRL @ 0x2002a0508
CHIP::DCS2::AMPSCA.AMPSCADESKEWCTRL_CA3_DESKEW_CTRL @ 0x2002a050c
CHIP::DCS2::AMPSCA.AMPSCADESKEWCTRL_CA4_DESKEW_CTRL @ 0x2002a0510
CHIP::DCS2::AMPSCA.AMPSCADESKEWCTRL_CA5_DESKEW_CTRL @ 0x2002a0514
CHIP::DCS2::AMPSCA.AMPSCADESKEWCTRL_CS_DESKEW_CTRL @ 0x2002a0518
CHIP::DCS2::AMPSCA.AMPSCADESKEWCTRL_CK_DESKEW_CTRL @ 0x2002a051c
CHIP::DCS2::AMPSCA.AMPSCASDLLCTRL_CASDLLCTRL @ 0x2002a0700
CHIP::DCS2::AMPSCA.AMPSCASDLLCTRL_CASDLLCODE @ 0x2002a0704
CHIP::DCS2::AMPSCA.AMPSCASDLLCTRL_CSSDLLCTRL @ 0x2002a0708
CHIP::DCS2::AMPSCA.AMPSCASDLLCTRL_CSSDLLCODE @ 0x2002a070c
CHIP::DCS2::AMPSCA.AMPSCASDLLCTRL_CKSDLLCTRL @ 0x2002a0710
CHIP::DCS2::AMPSCA.AMPSCASDLLCTRL_CKSDLLCODE @ 0x2002a0714
CHIP::DCS2::AMPSCA.AMPSCASDLLCTRL_SDLLUPDATECTRL @ 0x2002a0718
CHIP::DCS2::AMPSCA.AMPSCASDLLCTRL_SDLLUPDATEDEFEREN @ 0x2002a071c
CHIP::DCS2::AMPSCA.AMPSCAWRLVL_AMPCAWRLVLSDLLCODE @ 0x2002a0800
CHIP::DCS2::AMPSCA.AMPSCAWRLVL_AMPCAWRLVLCLKDLYSEL @ 0x2002a0804
CHIP::DCS2::AMPSCA.AMPSCACACALCTRL_AMPCACALCTRL @ 0x2002a0900
CHIP::DCS2::AMPSCA.AMPSCACACALCTRL_AMPCACALCTRL2 @ 0x2002a0904
CHIP::DCS2::AMPSCA.AMPSCACACALCTRL_AMPCACACALVREF @ 0x2002a0908
CHIP::DCS2::AMPSCA.AMPSCACACALCTRL_AMPCACALPAT @ 0x2002a090c
CHIP::DCS2::AMPSCA.AMPSCACACALCTRL_AMPCACALENTRYCMD @ 0x2002a0910
CHIP::DCS2::AMPSCA.AMPSCACACALCTRL_AMPCACALEXITCMD @ 0x2002a0914
CHIP::DCS2::AMPSCA.AMPSCACACALCTRL_AMPCACALBITSELECT @ 0x2002a0918
CHIP::DCS2::AMPSCA.AMPSCACACALCTRL_AMPCACALPERBITRESULT @ 0x2002a091c
CHIP::DCS2::AMPSCA.AMPSCACACALCTRL_AMPCACALMISCOMPARE @ 0x2002a0920
CHIP::DCS2::AMPSCA.AMPSCACACALCTRL_AMPCACALRUN @ 0x2002a0924
CHIP::DCS2::AMPSCA.AMPSCACACALCTRL_AMPCACALCTRL3 @ 0x2002a0928
CHIP::DCS2::AMPSCA.AMPSCAZQCALCTRL_TZQCAL_TIMER_FREQ0 @ 0x2002a0a40
CHIP::DCS2::AMPSCA.AMPSCAZQCALCTRL_TZQCAL_TIMER_FREQ1 @ 0x2002a0a44
CHIP::DCS2::AMPSCA.AMPSCAZQCALCTRL_TZQCAL_TIMER_FREQ2 @ 0x2002a0a48
CHIP::DCS2::AMPSCA.AMPSCAZQCALCTRL_TZQCAL_TIMER_FREQ3 @ 0x2002a0a4c
CHIP::DCS2::AMPSCA.AMPSCAZQCALCTRL_TZQLAT_TIMER_FREQ0 @ 0x2002a0a50
CHIP::DCS2::AMPSCA.AMPSCAZQCALCTRL_TZQLAT_TIMER_FREQ1 @ 0x2002a0a54
CHIP::DCS2::AMPSCA.AMPSCAZQCALCTRL_TZQLAT_TIMER_FREQ2 @ 0x2002a0a58
CHIP::DCS2::AMPSCA.AMPSCAZQCALCTRL_TZQLAT_TIMER_FREQ3 @ 0x2002a0a5c
CHIP::DCS2::AMPSCA.AMPSCAPERFCNTRCTRL_RAMACCESSCNTRL @ 0x2002a0a80
CHIP::DCS2::AMPSCA.AMPSCAPERFCNTRCTRL_DLYSETUP @ 0x2002a0a84
CHIP::DCS2::AMPSCA.AMPSCAPERFCNTRCTRL_PERFCTRL2 @ 0x2002a0a88
CHIP::DCS2::AMPSCA.AMPSCAPERFCNTRCTRL_PERFCTRL3 @ 0x2002a0a8c
CHIP::DCS2::AMPSCA.AMPSCAPERFCNTRCTRL_PERFSTATUS @ 0x2002a0a90
CHIP::DCS2::AMPSCA.AMPCAWRLVLCTRL_WRLVLENTRYCMD @ 0x2002a0b00
CHIP::DCS2::AMPSCA.AMPCAWRLVLCTRL_WRLVLEXITCMD @ 0x2002a0b04
CHIP::DCS2::AMPSCA.AMPCAWRLVLCTRL_WRLVLTIMING @ 0x2002a0b08
CHIP::DCS2::AMPSCA.AMPCAWRLVLCTRL_RUNWRLVL @ 0x2002a0b0c
CHIP::DCS2::AMPSCA.AMPCAWRLVLCTRL_WRLVLRESULT @ 0x2002a0b10
CHIP::DCS2::AMPSCA.AMPSCAPHYUPDCRTL_AMPPHYUPDREQ @ 0x2002a0c00
CHIP::DCS2::AMPSCA.AMPSCAPHYUPDCRTL_AMPPHYUPDSTATUS @ 0x2002a0c04
CHIP::DCS2::AMPSCA.AMPSCAODT_ODTENABLE_F0 @ 0x2002a0d00
CHIP::DCS2::AMPSCA.AMPSCAODT_ODTENABLE_F1 @ 0x2002a0d04
CHIP::DCS2::AMPSCA.AMPSCAODT_ODTENABLE_F2 @ 0x2002a0d08
CHIP::DCS2::AMPSCA.AMPSCAODT_ODTENABLE_F3 @ 0x2002a0d0c
CHIP::DCS2::AMPSCA.AMPSCAODT_VREF_F0 @ 0x2002a0d10
CHIP::DCS2::AMPSCA.AMPSCAODT_VREF_F1 @ 0x2002a0d14
CHIP::DCS2::AMPSCA.AMPSCAODT_VREF_F2 @ 0x2002a0d18
CHIP::DCS2::AMPSCA.AMPSCAODT_VREF_F3 @ 0x2002a0d1c
CHIP::DCS2::AMPSCA.AMPSCARDWRDQCAL_RDWRDQCALTIMING_F0 @ 0x2002a0e00
CHIP::DCS2::AMPSCA.AMPSCARDWRDQCAL_RDWRDQCALSEGLEN_F0 @ 0x2002a0e04
CHIP::DCS2::AMPSCA.AMPSCARDWRDQCAL_RDWRDQCALTIMING_F1 @ 0x2002a0e08
CHIP::DCS2::AMPSCA.AMPSCARDWRDQCAL_RDWRDQCALSEGLEN_F1 @ 0x2002a0e0c
CHIP::DCS2::AMPSCA.AMPSCARDWRDQCAL_RDWRDQCALTIMING_F2 @ 0x2002a0e10
CHIP::DCS2::AMPSCA.AMPSCARDWRDQCAL_RDWRDQCALSEGLEN_F2 @ 0x2002a0e14
CHIP::DCS2::AMPSCA.AMPSCARDWRDQCAL_RDWRDQCALTIMING_F3 @ 0x2002a0e18
CHIP::DCS2::AMPSCA.AMPSCARDWRDQCAL_RDWRDQCALSEGLEN_F3 @ 0x2002a0e1c
CHIP::DCS2::AMPSCA.AMPSCARDWRDQCAL_RDWRDQCALLOOPCNT @ 0x2002a0e20
CHIP::DCS2::AMPSCA.AMPSCARDWRDQCAL_HWRDWRDQCALTIMINGCTRL1 @ 0x2002a0e24
CHIP::DCS2::AMPSCA.AMPSCARDWRDQCAL_HWRDWRDQCALTIMINGCTRL2 @ 0x2002a0e28
CHIP::DCS2::AMPSCA.AMPSCARDWRDQCAL_HWRDDQCALPATPRBS4I @ 0x2002a0e2c
CHIP::DCS2::AMPSCA.AMPSCARDWRDQCAL_HWWRDQCALPATPRBS4I @ 0x2002a0e30
CHIP::DCS2::AMPSCA.AMPSCARDWRDQCAL_HWRDWRDQCALFULLSCANENABLE @ 0x2002a0e34
CHIP::DCS2::AMPSCA.AMPSCARDWRDQCAL_RDDQCALWINDOW_F0 @ 0x2002a0e38
CHIP::DCS2::AMPSCA.AMPSCARDWRDQCAL_WRDQCALWINDOW_F0 @ 0x2002a0e3c
CHIP::DCS2::AMPSCA.AMPSCARDWRDQCAL_RDDQCALWINDOW_F1 @ 0x2002a0e40
CHIP::DCS2::AMPSCA.AMPSCARDWRDQCAL_WRDQCALWINDOW_F1 @ 0x2002a0e44
CHIP::DCS2::AMPSCA.AMPSCARDWRDQCAL_RDDQCALWINDOW_F2 @ 0x2002a0e48
CHIP::DCS2::AMPSCA.AMPSCARDWRDQCAL_WRDQCALWINDOW_F2 @ 0x2002a0e4c
CHIP::DCS2::AMPSCA.AMPSCARDWRDQCAL_RDDQCALWINDOW_F3 @ 0x2002a0e50
CHIP::DCS2::AMPSCA.AMPSCARDWRDQCAL_WRDQCALWINDOW_F3 @ 0x2002a0e54
CHIP::DCS2::AMPSCA.AMPSCARDWRDQCAL_RUNRDDQCAL @ 0x2002a0e58
CHIP::DCS2::AMPSCA.AMPSCARDWRDQCAL_RDDQCALPERBITRESULT @ 0x2002a0e5c
CHIP::DCS2::AMPSCA.AMPSCARDWRDQCAL_RUNWRDQCAL @ 0x2002a0e60
CHIP::DCS2::AMPSCA.AMPSCARDWRDQCAL_WRDQCALPERBITRESULT @ 0x2002a0e64
CHIP::DCS2::AMPSCA.AMPSCARDWRDQCAL_IDTCALCONTROL @ 0x2002a0e68
CHIP::DCS2::AMPSCA.AMPSCARDWRDQCAL_RUNIDTCAL @ 0x2002a0e6c
CHIP::DCS2::AMPSCA.AMPSCARDWRDQCAL_IDTCALSTATUS @ 0x2002a0e70
CHIP::DCS2::AMPSCA.AMPSCARDWRDQCAL_DFICALTIMING @ 0x2002a0e74
CHIP::DCS2::AMPSCA.AMPSCARDWRDQCAL_MAXWRDQSDLLMULFACTOR @ 0x2002a0e78
CHIP::DCS2::AMPSCA.AMPSCARDWRDQCAL_MAXRDDQSSDLLMULFACTOR @ 0x2002a0e7c
CHIP::DCS2::AMPSCA.AMPSCARDWRDQCAL_MAXWRDQSSDLLMULFACTOR @ 0x2002a0e80
CHIP::DCS2::AMPSCA.AMPSCARDWRDQCAL_HWRDWRDQCALSTATUSSEL @ 0x2002a0e84
CHIP::DCS2::AMPSCA.AMPSCARDWRDQCAL_HWRDDQ0CALSTATUS @ 0x2002a0e88
CHIP::DCS2::AMPSCA.AMPSCARDWRDQCAL_HWRDDQ1CALSTATUS @ 0x2002a0e8c
CHIP::DCS2::AMPSCA.AMPSCARDWRDQCAL_HWWRDQ0CALSTATUS @ 0x2002a0e90
CHIP::DCS2::AMPSCA.AMPSCARDWRDQCAL_HWWRDQ1CALSTATUS @ 0x2002a0e94
CHIP::DCS2::AMPSCA.AMPSCARDWRDQCAL_HWRDWRDQCALCONTROL @ 0x2002a0e98
CHIP::DCS2::AMPSCA.AMPSCARDWRDQCAL_HWRDWRDQCALRESULTADJUST @ 0x2002a0e9c
CHIP::DCS2::AMPSCA.AMPSCAAMPHSPARE_AMPHSPARESTATUS @ 0x2002a0f00
CHIP::DCS2::AMPSCA.AMPSCAAMPHSPARE_AMPHSPARECONTROL @ 0x2002a0f04
CHIP::DCS2::AMPSCA.DFICALTIMING2_DFICALTIMING_F1 @ 0x2002a0f80
CHIP::DCS2::AMPSCA.DFICALTIMING2_DFICALTIMING_F2 @ 0x2002a0f84
CHIP::DCS2::AMPSCA.DFICALTIMING2_DFICALTIMING_F3 @ 0x2002a0f88
CHIP::DCS2::AMPSDQ0.AMPSDQGEN_AMPEN @ 0x2002a8000
CHIP::DCS2::AMPSDQ0.AMPSDQGEN_AMPCLK @ 0x2002a8004
CHIP::DCS2::AMPSDQ0.AMPSDQGEN_AMPINIT @ 0x2002a8008
CHIP::DCS2::AMPSDQ0.AMPSDQGEN_AMPVER @ 0x2002a800c
CHIP::DCS2::AMPSDQ0.AMPSDQIOCFG_DRAMSIGDLY0 @ 0x2002a8080
CHIP::DCS2::AMPSDQ0.AMPSDQIOCFG_DQDQSDS_F0 @ 0x2002a8084
CHIP::DCS2::AMPSDQ0.AMPSDQIOCFG_DQDQSDS_F1 @ 0x2002a8088
CHIP::DCS2::AMPSDQ0.AMPSDQIOCFG_DQDQSDS_F2 @ 0x2002a808c
CHIP::DCS2::AMPSDQ0.AMPSDQIOCFG_DQDQSDS_F3 @ 0x2002a8090
CHIP::DCS2::AMPSDQ0.AMPSDQIOCFG_DIFFMODE_FREQ0 @ 0x2002a8094
CHIP::DCS2::AMPSDQ0.AMPSDQIOCFG_DIFFMODE_FREQ1 @ 0x2002a8098
CHIP::DCS2::AMPSDQ0.AMPSDQIOCFG_DIFFMODE_FREQ2 @ 0x2002a809c
CHIP::DCS2::AMPSDQ0.AMPSDQIOCFG_DIFFMODE_FREQ3 @ 0x2002a80a0
CHIP::DCS2::AMPSDQ0.AMPSDQIOCFG_DQFLTCTRL @ 0x2002a80a4
CHIP::DCS2::AMPSDQ0.AMPSDQIOCFG_DCC @ 0x2002a80a8
CHIP::DCS2::AMPSDQ0.AMPSDQIOCFG_DQDS_F0 @ 0x2002a80ac
CHIP::DCS2::AMPSDQ0.AMPSDQIOCFG_DQDS_F1 @ 0x2002a80b0
CHIP::DCS2::AMPSDQ0.AMPSDQIOCFG_DQDS_F2 @ 0x2002a80b4
CHIP::DCS2::AMPSDQ0.AMPSDQIOCFG_DQDS_F3 @ 0x2002a80b8
CHIP::DCS2::AMPSDQ0.AMPSDQRDTIM_RDCAPCFG_FREQ0 @ 0x2002a8100
CHIP::DCS2::AMPSDQ0.AMPSDQRDTIM_RDCAPCFG_FREQ1 @ 0x2002a8104
CHIP::DCS2::AMPSDQ0.AMPSDQRDTIM_RDCAPCFG_FREQ2 @ 0x2002a8108
CHIP::DCS2::AMPSDQ0.AMPSDQRDTIM_RDCAPCFG_FREQ3 @ 0x2002a810c
CHIP::DCS2::AMPSDQ0.AMPSDQRDTIM_DQSPDENALWAYSON @ 0x2002a8110
CHIP::DCS2::AMPSDQ0.AMPSDQRDTIM_DQSPDRES @ 0x2002a8114
CHIP::DCS2::AMPSDQ0.AMPSDQRDTIM_RDFIFOPTRSTATUS @ 0x2002a8118
CHIP::DCS2::AMPSDQ0.AMPSDQRDTIM_CALDQMSK @ 0x2002a811c
CHIP::DCS2::AMPSDQ0.AMPSDQRDTIM_CALPATCFG @ 0x2002a8120
CHIP::DCS2::AMPSDQ0.AMPSDQRDTIM_DQTRNCFG @ 0x2002a8124
CHIP::DCS2::AMPSDQ0.AMPSDQRDTIM_DQTRNCMD @ 0x2002a8128
CHIP::DCS2::AMPSDQ0.AMPSDQRDTIM_DQTRNSTS @ 0x2002a812c
CHIP::DCS2::AMPSDQ0.AMPSDQDLLCTL_DLLEN @ 0x2002a8180
CHIP::DCS2::AMPSDQ0.AMPSDQDLLCTL_MDLLFREQBINDISABLE @ 0x2002a8184
CHIP::DCS2::AMPSDQ0.AMPSDQDLLCTL_MDLLFREQSCALE @ 0x2002a8188
CHIP::DCS2::AMPSDQ0.AMPSDQDLLCTL_DLLUPDTCMD @ 0x2002a818c
CHIP::DCS2::AMPSDQ0.AMPSDQDLLCTL_MDLLOVERRIDE @ 0x2002a8190
CHIP::DCS2::AMPSDQ0.AMPSDQDLLCTL_MDLLCODE @ 0x2002a8194
CHIP::DCS2::AMPSDQ0.AMPSDQDLLCTL_DLLLOCKTIM @ 0x2002a8198
CHIP::DCS2::AMPSDQ0.AMPSDQDLLCTL_DLLLOCKCTRL @ 0x2002a819c
CHIP::DCS2::AMPSDQ0.AMPSDQDLLCTL_DLLUPDTINTVL @ 0x2002a81a0
CHIP::DCS2::AMPSDQ0.AMPSDQDLLCTL_DLLUPDTCTRL @ 0x2002a81a4
CHIP::DCS2::AMPSDQ0.AMPSDQDLLCTL_DLLSTS @ 0x2002a81a8
CHIP::DCS2::AMPSDQ0.AMPSDQDLLCTL_MASTERSTATUS0 @ 0x2002a81ac
CHIP::DCS2::AMPSDQ0.AMPSDQDLLCTL_MASTERSTATUSSTPSZ @ 0x2002a81b0
CHIP::DCS2::AMPSDQ0.AMPSDQDLLCTL_SLAVESTATUSSEL @ 0x2002a81b4
CHIP::DCS2::AMPSDQ0.AMPSDQDLLCTL_SLAVESTATUS @ 0x2002a81b8
CHIP::DCS2::AMPSDQ0.AMPSDQDLLCTL_DQSINDLL0SCL_FREQ0 @ 0x2002a81bc
CHIP::DCS2::AMPSDQ0.AMPSDQDLLCTL_DQSINDLL0SCL_FREQ1 @ 0x2002a81c0
CHIP::DCS2::AMPSDQ0.AMPSDQDLLCTL_DQSINDLL0SCL_FREQ2 @ 0x2002a81c4
CHIP::DCS2::AMPSDQ0.AMPSDQDLLCTL_DQSINDLL0SCL_FREQ3 @ 0x2002a81c8
CHIP::DCS2::AMPSDQ0.AMPSDQDLLCTL_MDLLCODECAPTURECONTROL @ 0x2002a81cc
CHIP::DCS2::AMPSDQ0.AMPSDQDLLCTL_MDLLVTSCALECONTROL @ 0x2002a81d0
CHIP::DCS2::AMPSDQ0.AMPSDQDLLCTL_CAMDLLVTSCALEREFCONTROL @ 0x2002a81d4
CHIP::DCS2::AMPSDQ0.AMPSDQDLLCTL_RDMDLLVTSCALEREFCONTROL @ 0x2002a81d8
CHIP::DCS2::AMPSDQ0.AMPSDQDLLCTL_WRMDLLVTSCALEREFCONTROL @ 0x2002a81dc
CHIP::DCS2::AMPSDQ0.AMPSDQDLLCTL_CAVTSCALEFACTORSTATUS @ 0x2002a81e0
CHIP::DCS2::AMPSDQ0.AMPSDQDLLCTL_RDVTSCALEFACTORSTATUS @ 0x2002a81e4
CHIP::DCS2::AMPSDQ0.AMPSDQDLLCTL_WRVTSCALEFACTORSTATUS @ 0x2002a81e8
CHIP::DCS2::AMPSDQ0.AMPSDQTEST_AMPTESTMODE @ 0x2002a8200
CHIP::DCS2::AMPSDQ0.AMPSDQTEST_BISTCMD @ 0x2002a8204
CHIP::DCS2::AMPSDQ0.AMPSDQTEST_BISTSTS @ 0x2002a8208
CHIP::DCS2::AMPSDQ0.AMPSDQTEST_BISTERRDQ0P0 @ 0x2002a820c
CHIP::DCS2::AMPSDQ0.AMPSDQTEST_BISTERRDQ0P1 @ 0x2002a8210
CHIP::DCS2::AMPSDQ0.AMPSDQTEST_BISTERRPATDQ0P0 @ 0x2002a8214
CHIP::DCS2::AMPSDQ0.AMPSDQTEST_BISTEXPECTPATDQ0P0 @ 0x2002a8218
CHIP::DCS2::AMPSDQ0.AMPSDQTEST_BISTOVERRIDEPATDQ0P0 @ 0x2002a821c
CHIP::DCS2::AMPSDQ0.AMPSDQTEST_BISTERRINJDQ0P0 @ 0x2002a8220
CHIP::DCS2::AMPSDQ0.AMPSDQTEST_BISTERRPATDQ0P1 @ 0x2002a8224
CHIP::DCS2::AMPSDQ0.AMPSDQTEST_BISTEXPECTPATDQ0P1 @ 0x2002a8228
CHIP::DCS2::AMPSDQ0.AMPSDQTEST_BISTOVERRIDEPATDQ0P1 @ 0x2002a822c
CHIP::DCS2::AMPSDQ0.AMPSDQTEST_BISTERRINJDQ0P1 @ 0x2002a8230
CHIP::DCS2::AMPSDQ0.AMPSDQTEST_BISTLFSRDQ0P0 @ 0x2002a8234
CHIP::DCS2::AMPSDQ0.AMPSDQTEST_BISTLFSRDQ0P1 @ 0x2002a8238
CHIP::DCS2::AMPSDQ0.AMPSDQTEST_BISTOVRCYCCNT @ 0x2002a823c
CHIP::DCS2::AMPSDQ0.AMPSDQTEST_BISTSWEEP @ 0x2002a8240
CHIP::DCS2::AMPSDQ0.AMPSDQTEST_BISTSWEEPLOOP @ 0x2002a8244
CHIP::DCS2::AMPSDQ0.AMPSDQTEST_BISTSWEEPSTS0 @ 0x2002a8248
CHIP::DCS2::AMPSDQ0.AMPSDQTEST_BISTSWEEPSTS1 @ 0x2002a824c
CHIP::DCS2::AMPSDQ0.AMPSDQIRERRDBG_AMPINTEN @ 0x2002a8300
CHIP::DCS2::AMPSDQ0.AMPSDQIRERRDBG_INTSTS @ 0x2002a8304
CHIP::DCS2::AMPSDQ0.AMPSDQDESKEWCTRL_WR0DQ0_DESKEW_CTRL @ 0x2002a8400
CHIP::DCS2::AMPSDQ0.AMPSDQDESKEWCTRL_WR0DQ1_DESKEW_CTRL @ 0x2002a8404
CHIP::DCS2::AMPSDQ0.AMPSDQDESKEWCTRL_WR0DQ2_DESKEW_CTRL @ 0x2002a8408
CHIP::DCS2::AMPSDQ0.AMPSDQDESKEWCTRL_WR0DQ3_DESKEW_CTRL @ 0x2002a840c
CHIP::DCS2::AMPSDQ0.AMPSDQDESKEWCTRL_WR0DQ4_DESKEW_CTRL @ 0x2002a8410
CHIP::DCS2::AMPSDQ0.AMPSDQDESKEWCTRL_WR0DQ5_DESKEW_CTRL @ 0x2002a8414
CHIP::DCS2::AMPSDQ0.AMPSDQDESKEWCTRL_WR0DQ6_DESKEW_CTRL @ 0x2002a8418
CHIP::DCS2::AMPSDQ0.AMPSDQDESKEWCTRL_WR0DQ7_DESKEW_CTRL @ 0x2002a841c
CHIP::DCS2::AMPSDQ0.AMPSDQDESKEWCTRL_WR0DQS_DESKEW_CTRL @ 0x2002a8420
CHIP::DCS2::AMPSDQ0.AMPSDQDESKEWCTRL_WR0DM_DESKEW_CTRL @ 0x2002a8424
CHIP::DCS2::AMPSDQ0.AMPSDQDESKEWCTRL_RD0DQ0_DESKEW_CTRL @ 0x2002a8428
CHIP::DCS2::AMPSDQ0.AMPSDQDESKEWCTRL_RD0DQ1_DESKEW_CTRL @ 0x2002a842c
CHIP::DCS2::AMPSDQ0.AMPSDQDESKEWCTRL_RD0DQ2_DESKEW_CTRL @ 0x2002a8430
CHIP::DCS2::AMPSDQ0.AMPSDQDESKEWCTRL_RD0DQ3_DESKEW_CTRL @ 0x2002a8434
CHIP::DCS2::AMPSDQ0.AMPSDQDESKEWCTRL_RD0DQ4_DESKEW_CTRL @ 0x2002a8438
CHIP::DCS2::AMPSDQ0.AMPSDQDESKEWCTRL_RD0DQ5_DESKEW_CTRL @ 0x2002a843c
CHIP::DCS2::AMPSDQ0.AMPSDQDESKEWCTRL_RD0DQ6_DESKEW_CTRL @ 0x2002a8440
CHIP::DCS2::AMPSDQ0.AMPSDQDESKEWCTRL_RD0DQ7_DESKEW_CTRL @ 0x2002a8444
CHIP::DCS2::AMPSDQ0.AMPSDQDESKEWCTRL_RD0DQS_DESKEW_CTRL @ 0x2002a8448
CHIP::DCS2::AMPSDQ0.AMPSDQDESKEWCTRL_RD0DM_DESKEW_CTRL @ 0x2002a844c
CHIP::DCS2::AMPSDQ0.AMPSDQSDLLCTRL_WRDQDQSSDLLCTRL @ 0x2002a8600
CHIP::DCS2::AMPSDQ0.AMPSDQSDLLCTRL_WRDQDQSSDLLCODE @ 0x2002a8604
CHIP::DCS2::AMPSDQ0.AMPSDQSDLLCTRL_RD0SDLLCTRL @ 0x2002a8608
CHIP::DCS2::AMPSDQ0.AMPSDQSDLLCTRL_RD0SDLLCODE @ 0x2002a860c
CHIP::DCS2::AMPSDQ0.AMPSDQSDLLCTRL_RDCAP0SDLLCTRL @ 0x2002a8610
CHIP::DCS2::AMPSDQ0.AMPSDQSDLLCTRL_RDCAP0SDLLCODE @ 0x2002a8614
CHIP::DCS2::AMPSDQ0.AMPSDQSDLLCTRL_RDDQSDLLDELAYSEL @ 0x2002a8618
CHIP::DCS2::AMPSDQ0.AMPSDQSDLLCTRL_SDLLUPDATECTRL @ 0x2002a861c
CHIP::DCS2::AMPSDQ0.AMPSDQSDLLCTRL_WRTDQSDQSKEWCONTROL @ 0x2002a8620
CHIP::DCS2::AMPSDQ0.AMPSDQSDLLCTRL_WRTDQSDQSKEW @ 0x2002a8624
CHIP::DCS2::AMPSDQ0.AMPSDQSDLLCTRL_SDLLUPDATEDEFEREN @ 0x2002a8628
CHIP::DCS2::AMPSDQ0.AMPSDQWRLVL_AMPWRLVLDLYCHAINCTRL0 @ 0x2002a8700
CHIP::DCS2::AMPSDQ0.AMPSDQWRLVL_AMPWRLVLSDLLCODE0 @ 0x2002a8704
CHIP::DCS2::AMPSDQ0.AMPSDQCACALCTRL_AMPCACALCTRL @ 0x2002a8800
CHIP::DCS2::AMPSDQ0.AMPSDQCACALCTRL_AMPCACALMASK @ 0x2002a8804
CHIP::DCS2::AMPSDQ0.AMPSDQCACALCTRL_AMPCACALCABYTESEL @ 0x2002a8808
CHIP::DCS2::AMPSDQ0.AMPSDQCACALCTRL_AMPCACALCAMAP0 @ 0x2002a880c
CHIP::DCS2::AMPSDQ0.AMPSDQCACALCTRL_AMPCACALCAMAP1 @ 0x2002a8810
CHIP::DCS2::AMPSDQ0.AMPSDQCACALCTRL_AMPCACALCAMAP2 @ 0x2002a8814
CHIP::DCS2::AMPSDQ0.AMPSDQCACALCTRL_AMPCACALPAT0 @ 0x2002a8818
CHIP::DCS2::AMPSDQ0.AMPSDQCACALCTRL_AMPCACALPAT1 @ 0x2002a881c
CHIP::DCS2::AMPSDQ0.AMPSDQCACALCTRL_AMPCACALPAT2 @ 0x2002a8820
CHIP::DCS2::AMPSDQ0.AMPSDQCACALCTRL_AMPCACALPAT3 @ 0x2002a8824
CHIP::DCS2::AMPSDQ0.AMPSDQCACALCTRL_AMPCACALPAT4 @ 0x2002a8828
CHIP::DCS2::AMPSDQ0.AMPSDQCACALCTRL_AMPCACALPAT5 @ 0x2002a882c
CHIP::DCS2::AMPSDQ0.AMPSDQCACALCTRL_AMPCACALPAT6 @ 0x2002a8830
CHIP::DCS2::AMPSDQ0.AMPSDQCACALCTRL_AMPCACALPAT7 @ 0x2002a8834
CHIP::DCS2::AMPSDQ0.AMPSDQCACALCTRL_AMPCACALRUN @ 0x2002a8838
CHIP::DCS2::AMPSDQ0.AMPSDQCACALCTRL_AMPCACALRESULT @ 0x2002a883c
CHIP::DCS2::AMPSDQ0.AMPSDQDQCALCTRL_AMPDQCALCTRL @ 0x2002a8900
CHIP::DCS2::AMPSDQ0.AMPSDQDQCALCTRL_AMPDQCALMASK @ 0x2002a8904
CHIP::DCS2::AMPSDQ0.AMPSDQDQCALCTRL_AMPDQCALRUN @ 0x2002a8908
CHIP::DCS2::AMPSDQ0.AMPSDQDQCALCTRL_AMPDQCALRESULT @ 0x2002a890c
CHIP::DCS2::AMPSDQ0.AMPSDQPHYUPDCRTL_AMPPHYUPDREQ @ 0x2002a8a00
CHIP::DCS2::AMPSDQ0.AMPSDQPHYUPDCRTL_AMPPHYUPDSTATUS @ 0x2002a8a04
CHIP::DCS2::AMPSDQ0.AMPSDQPERFCNTRCTRL_RAMACCESSCNTRL @ 0x2002a8a80
CHIP::DCS2::AMPSDQ0.AMPSDQPERFCNTRCTRL_DLYSETUP @ 0x2002a8a84
CHIP::DCS2::AMPSDQ0.AMPSDQPERFCNTRCTRL_PERFCTRL2 @ 0x2002a8a88
CHIP::DCS2::AMPSDQ0.AMPSDQPERFCNTRCTRL_PERFCTRL3 @ 0x2002a8a8c
CHIP::DCS2::AMPSDQ0.AMPSDQPERFCNTRCTRL_PERFSTATUS @ 0x2002a8a90
CHIP::DCS2::AMPSDQ0.AMPSDQODT_VREF_F0 @ 0x2002a8b00
CHIP::DCS2::AMPSDQ0.AMPSDQODT_VREF_F1 @ 0x2002a8b04
CHIP::DCS2::AMPSDQ0.AMPSDQODT_VREF_F2 @ 0x2002a8b08
CHIP::DCS2::AMPSDQ0.AMPSDQODT_VREF_F3 @ 0x2002a8b0c
CHIP::DCS2::AMPSDQ0.AMPSDQAMPHSPARE_AMPHSPARESTATUS @ 0x2002a8c00
CHIP::DCS2::AMPSDQ0.AMPSDQAMPHSPARE_AMPHSPARECONTROL @ 0x2002a8c04
CHIP::DCS2::AMPSDQ0.AMPSDQMULFACTOR_RDDQSMULFACTOR @ 0x2002a8d00
CHIP::DCS2::AMPSDQ0.DFICALTIMING_DFICALTIMING_F0 @ 0x2002a8d80
CHIP::DCS2::AMPSDQ0.DFICALTIMING_DFICALTIMING_F1 @ 0x2002a8d84
CHIP::DCS2::AMPSDQ0.DFICALTIMING_DFICALTIMING_F2 @ 0x2002a8d88
CHIP::DCS2::AMPSDQ0.DFICALTIMING_DFICALTIMING_F3 @ 0x2002a8d8c
CHIP::DCS2::AMPSDQ1.AMPSDQGEN_AMPEN @ 0x2002b0000
CHIP::DCS2::AMPSDQ1.AMPSDQGEN_AMPCLK @ 0x2002b0004
CHIP::DCS2::AMPSDQ1.AMPSDQGEN_AMPINIT @ 0x2002b0008
CHIP::DCS2::AMPSDQ1.AMPSDQGEN_AMPVER @ 0x2002b000c
CHIP::DCS2::AMPSDQ1.AMPSDQIOCFG_DRAMSIGDLY0 @ 0x2002b0080
CHIP::DCS2::AMPSDQ1.AMPSDQIOCFG_DQDQSDS_F0 @ 0x2002b0084
CHIP::DCS2::AMPSDQ1.AMPSDQIOCFG_DQDQSDS_F1 @ 0x2002b0088
CHIP::DCS2::AMPSDQ1.AMPSDQIOCFG_DQDQSDS_F2 @ 0x2002b008c
CHIP::DCS2::AMPSDQ1.AMPSDQIOCFG_DQDQSDS_F3 @ 0x2002b0090
CHIP::DCS2::AMPSDQ1.AMPSDQIOCFG_DIFFMODE_FREQ0 @ 0x2002b0094
CHIP::DCS2::AMPSDQ1.AMPSDQIOCFG_DIFFMODE_FREQ1 @ 0x2002b0098
CHIP::DCS2::AMPSDQ1.AMPSDQIOCFG_DIFFMODE_FREQ2 @ 0x2002b009c
CHIP::DCS2::AMPSDQ1.AMPSDQIOCFG_DIFFMODE_FREQ3 @ 0x2002b00a0
CHIP::DCS2::AMPSDQ1.AMPSDQIOCFG_DQFLTCTRL @ 0x2002b00a4
CHIP::DCS2::AMPSDQ1.AMPSDQIOCFG_DCC @ 0x2002b00a8
CHIP::DCS2::AMPSDQ1.AMPSDQIOCFG_DQDS_F0 @ 0x2002b00ac
CHIP::DCS2::AMPSDQ1.AMPSDQIOCFG_DQDS_F1 @ 0x2002b00b0
CHIP::DCS2::AMPSDQ1.AMPSDQIOCFG_DQDS_F2 @ 0x2002b00b4
CHIP::DCS2::AMPSDQ1.AMPSDQIOCFG_DQDS_F3 @ 0x2002b00b8
CHIP::DCS2::AMPSDQ1.AMPSDQRDTIM_RDCAPCFG_FREQ0 @ 0x2002b0100
CHIP::DCS2::AMPSDQ1.AMPSDQRDTIM_RDCAPCFG_FREQ1 @ 0x2002b0104
CHIP::DCS2::AMPSDQ1.AMPSDQRDTIM_RDCAPCFG_FREQ2 @ 0x2002b0108
CHIP::DCS2::AMPSDQ1.AMPSDQRDTIM_RDCAPCFG_FREQ3 @ 0x2002b010c
CHIP::DCS2::AMPSDQ1.AMPSDQRDTIM_DQSPDENALWAYSON @ 0x2002b0110
CHIP::DCS2::AMPSDQ1.AMPSDQRDTIM_DQSPDRES @ 0x2002b0114
CHIP::DCS2::AMPSDQ1.AMPSDQRDTIM_RDFIFOPTRSTATUS @ 0x2002b0118
CHIP::DCS2::AMPSDQ1.AMPSDQRDTIM_CALDQMSK @ 0x2002b011c
CHIP::DCS2::AMPSDQ1.AMPSDQRDTIM_CALPATCFG @ 0x2002b0120
CHIP::DCS2::AMPSDQ1.AMPSDQRDTIM_DQTRNCFG @ 0x2002b0124
CHIP::DCS2::AMPSDQ1.AMPSDQRDTIM_DQTRNCMD @ 0x2002b0128
CHIP::DCS2::AMPSDQ1.AMPSDQRDTIM_DQTRNSTS @ 0x2002b012c
CHIP::DCS2::AMPSDQ1.AMPSDQDLLCTL_DLLEN @ 0x2002b0180
CHIP::DCS2::AMPSDQ1.AMPSDQDLLCTL_MDLLFREQBINDISABLE @ 0x2002b0184
CHIP::DCS2::AMPSDQ1.AMPSDQDLLCTL_MDLLFREQSCALE @ 0x2002b0188
CHIP::DCS2::AMPSDQ1.AMPSDQDLLCTL_DLLUPDTCMD @ 0x2002b018c
CHIP::DCS2::AMPSDQ1.AMPSDQDLLCTL_MDLLOVERRIDE @ 0x2002b0190
CHIP::DCS2::AMPSDQ1.AMPSDQDLLCTL_MDLLCODE @ 0x2002b0194
CHIP::DCS2::AMPSDQ1.AMPSDQDLLCTL_DLLLOCKTIM @ 0x2002b0198
CHIP::DCS2::AMPSDQ1.AMPSDQDLLCTL_DLLLOCKCTRL @ 0x2002b019c
CHIP::DCS2::AMPSDQ1.AMPSDQDLLCTL_DLLUPDTINTVL @ 0x2002b01a0
CHIP::DCS2::AMPSDQ1.AMPSDQDLLCTL_DLLUPDTCTRL @ 0x2002b01a4
CHIP::DCS2::AMPSDQ1.AMPSDQDLLCTL_DLLSTS @ 0x2002b01a8
CHIP::DCS2::AMPSDQ1.AMPSDQDLLCTL_MASTERSTATUS0 @ 0x2002b01ac
CHIP::DCS2::AMPSDQ1.AMPSDQDLLCTL_MASTERSTATUSSTPSZ @ 0x2002b01b0
CHIP::DCS2::AMPSDQ1.AMPSDQDLLCTL_SLAVESTATUSSEL @ 0x2002b01b4
CHIP::DCS2::AMPSDQ1.AMPSDQDLLCTL_SLAVESTATUS @ 0x2002b01b8
CHIP::DCS2::AMPSDQ1.AMPSDQDLLCTL_DQSINDLL0SCL_FREQ0 @ 0x2002b01bc
CHIP::DCS2::AMPSDQ1.AMPSDQDLLCTL_DQSINDLL0SCL_FREQ1 @ 0x2002b01c0
CHIP::DCS2::AMPSDQ1.AMPSDQDLLCTL_DQSINDLL0SCL_FREQ2 @ 0x2002b01c4
CHIP::DCS2::AMPSDQ1.AMPSDQDLLCTL_DQSINDLL0SCL_FREQ3 @ 0x2002b01c8
CHIP::DCS2::AMPSDQ1.AMPSDQDLLCTL_MDLLCODECAPTURECONTROL @ 0x2002b01cc
CHIP::DCS2::AMPSDQ1.AMPSDQDLLCTL_MDLLVTSCALECONTROL @ 0x2002b01d0
CHIP::DCS2::AMPSDQ1.AMPSDQDLLCTL_CAMDLLVTSCALEREFCONTROL @ 0x2002b01d4
CHIP::DCS2::AMPSDQ1.AMPSDQDLLCTL_RDMDLLVTSCALEREFCONTROL @ 0x2002b01d8
CHIP::DCS2::AMPSDQ1.AMPSDQDLLCTL_WRMDLLVTSCALEREFCONTROL @ 0x2002b01dc
CHIP::DCS2::AMPSDQ1.AMPSDQDLLCTL_CAVTSCALEFACTORSTATUS @ 0x2002b01e0
CHIP::DCS2::AMPSDQ1.AMPSDQDLLCTL_RDVTSCALEFACTORSTATUS @ 0x2002b01e4
CHIP::DCS2::AMPSDQ1.AMPSDQDLLCTL_WRVTSCALEFACTORSTATUS @ 0x2002b01e8
CHIP::DCS2::AMPSDQ1.AMPSDQTEST_AMPTESTMODE @ 0x2002b0200
CHIP::DCS2::AMPSDQ1.AMPSDQTEST_BISTCMD @ 0x2002b0204
CHIP::DCS2::AMPSDQ1.AMPSDQTEST_BISTSTS @ 0x2002b0208
CHIP::DCS2::AMPSDQ1.AMPSDQTEST_BISTERRDQ0P0 @ 0x2002b020c
CHIP::DCS2::AMPSDQ1.AMPSDQTEST_BISTERRDQ0P1 @ 0x2002b0210
CHIP::DCS2::AMPSDQ1.AMPSDQTEST_BISTERRPATDQ0P0 @ 0x2002b0214
CHIP::DCS2::AMPSDQ1.AMPSDQTEST_BISTEXPECTPATDQ0P0 @ 0x2002b0218
CHIP::DCS2::AMPSDQ1.AMPSDQTEST_BISTOVERRIDEPATDQ0P0 @ 0x2002b021c
CHIP::DCS2::AMPSDQ1.AMPSDQTEST_BISTERRINJDQ0P0 @ 0x2002b0220
CHIP::DCS2::AMPSDQ1.AMPSDQTEST_BISTERRPATDQ0P1 @ 0x2002b0224
CHIP::DCS2::AMPSDQ1.AMPSDQTEST_BISTEXPECTPATDQ0P1 @ 0x2002b0228
CHIP::DCS2::AMPSDQ1.AMPSDQTEST_BISTOVERRIDEPATDQ0P1 @ 0x2002b022c
CHIP::DCS2::AMPSDQ1.AMPSDQTEST_BISTERRINJDQ0P1 @ 0x2002b0230
CHIP::DCS2::AMPSDQ1.AMPSDQTEST_BISTLFSRDQ0P0 @ 0x2002b0234
CHIP::DCS2::AMPSDQ1.AMPSDQTEST_BISTLFSRDQ0P1 @ 0x2002b0238
CHIP::DCS2::AMPSDQ1.AMPSDQTEST_BISTOVRCYCCNT @ 0x2002b023c
CHIP::DCS2::AMPSDQ1.AMPSDQTEST_BISTSWEEP @ 0x2002b0240
CHIP::DCS2::AMPSDQ1.AMPSDQTEST_BISTSWEEPLOOP @ 0x2002b0244
CHIP::DCS2::AMPSDQ1.AMPSDQTEST_BISTSWEEPSTS0 @ 0x2002b0248
CHIP::DCS2::AMPSDQ1.AMPSDQTEST_BISTSWEEPSTS1 @ 0x2002b024c
CHIP::DCS2::AMPSDQ1.AMPSDQIRERRDBG_AMPINTEN @ 0x2002b0300
CHIP::DCS2::AMPSDQ1.AMPSDQIRERRDBG_INTSTS @ 0x2002b0304
CHIP::DCS2::AMPSDQ1.AMPSDQDESKEWCTRL_WR0DQ0_DESKEW_CTRL @ 0x2002b0400
CHIP::DCS2::AMPSDQ1.AMPSDQDESKEWCTRL_WR0DQ1_DESKEW_CTRL @ 0x2002b0404
CHIP::DCS2::AMPSDQ1.AMPSDQDESKEWCTRL_WR0DQ2_DESKEW_CTRL @ 0x2002b0408
CHIP::DCS2::AMPSDQ1.AMPSDQDESKEWCTRL_WR0DQ3_DESKEW_CTRL @ 0x2002b040c
CHIP::DCS2::AMPSDQ1.AMPSDQDESKEWCTRL_WR0DQ4_DESKEW_CTRL @ 0x2002b0410
CHIP::DCS2::AMPSDQ1.AMPSDQDESKEWCTRL_WR0DQ5_DESKEW_CTRL @ 0x2002b0414
CHIP::DCS2::AMPSDQ1.AMPSDQDESKEWCTRL_WR0DQ6_DESKEW_CTRL @ 0x2002b0418
CHIP::DCS2::AMPSDQ1.AMPSDQDESKEWCTRL_WR0DQ7_DESKEW_CTRL @ 0x2002b041c
CHIP::DCS2::AMPSDQ1.AMPSDQDESKEWCTRL_WR0DQS_DESKEW_CTRL @ 0x2002b0420
CHIP::DCS2::AMPSDQ1.AMPSDQDESKEWCTRL_WR0DM_DESKEW_CTRL @ 0x2002b0424
CHIP::DCS2::AMPSDQ1.AMPSDQDESKEWCTRL_RD0DQ0_DESKEW_CTRL @ 0x2002b0428
CHIP::DCS2::AMPSDQ1.AMPSDQDESKEWCTRL_RD0DQ1_DESKEW_CTRL @ 0x2002b042c
CHIP::DCS2::AMPSDQ1.AMPSDQDESKEWCTRL_RD0DQ2_DESKEW_CTRL @ 0x2002b0430
CHIP::DCS2::AMPSDQ1.AMPSDQDESKEWCTRL_RD0DQ3_DESKEW_CTRL @ 0x2002b0434
CHIP::DCS2::AMPSDQ1.AMPSDQDESKEWCTRL_RD0DQ4_DESKEW_CTRL @ 0x2002b0438
CHIP::DCS2::AMPSDQ1.AMPSDQDESKEWCTRL_RD0DQ5_DESKEW_CTRL @ 0x2002b043c
CHIP::DCS2::AMPSDQ1.AMPSDQDESKEWCTRL_RD0DQ6_DESKEW_CTRL @ 0x2002b0440
CHIP::DCS2::AMPSDQ1.AMPSDQDESKEWCTRL_RD0DQ7_DESKEW_CTRL @ 0x2002b0444
CHIP::DCS2::AMPSDQ1.AMPSDQDESKEWCTRL_RD0DQS_DESKEW_CTRL @ 0x2002b0448
CHIP::DCS2::AMPSDQ1.AMPSDQDESKEWCTRL_RD0DM_DESKEW_CTRL @ 0x2002b044c
CHIP::DCS2::AMPSDQ1.AMPSDQSDLLCTRL_WRDQDQSSDLLCTRL @ 0x2002b0600
CHIP::DCS2::AMPSDQ1.AMPSDQSDLLCTRL_WRDQDQSSDLLCODE @ 0x2002b0604
CHIP::DCS2::AMPSDQ1.AMPSDQSDLLCTRL_RD0SDLLCTRL @ 0x2002b0608
CHIP::DCS2::AMPSDQ1.AMPSDQSDLLCTRL_RD0SDLLCODE @ 0x2002b060c
CHIP::DCS2::AMPSDQ1.AMPSDQSDLLCTRL_RDCAP0SDLLCTRL @ 0x2002b0610
CHIP::DCS2::AMPSDQ1.AMPSDQSDLLCTRL_RDCAP0SDLLCODE @ 0x2002b0614
CHIP::DCS2::AMPSDQ1.AMPSDQSDLLCTRL_RDDQSDLLDELAYSEL @ 0x2002b0618
CHIP::DCS2::AMPSDQ1.AMPSDQSDLLCTRL_SDLLUPDATECTRL @ 0x2002b061c
CHIP::DCS2::AMPSDQ1.AMPSDQSDLLCTRL_WRTDQSDQSKEWCONTROL @ 0x2002b0620
CHIP::DCS2::AMPSDQ1.AMPSDQSDLLCTRL_WRTDQSDQSKEW @ 0x2002b0624
CHIP::DCS2::AMPSDQ1.AMPSDQSDLLCTRL_SDLLUPDATEDEFEREN @ 0x2002b0628
CHIP::DCS2::AMPSDQ1.AMPSDQWRLVL_AMPWRLVLDLYCHAINCTRL0 @ 0x2002b0700
CHIP::DCS2::AMPSDQ1.AMPSDQWRLVL_AMPWRLVLSDLLCODE0 @ 0x2002b0704
CHIP::DCS2::AMPSDQ1.AMPSDQCACALCTRL_AMPCACALCTRL @ 0x2002b0800
CHIP::DCS2::AMPSDQ1.AMPSDQCACALCTRL_AMPCACALMASK @ 0x2002b0804
CHIP::DCS2::AMPSDQ1.AMPSDQCACALCTRL_AMPCACALCABYTESEL @ 0x2002b0808
CHIP::DCS2::AMPSDQ1.AMPSDQCACALCTRL_AMPCACALCAMAP0 @ 0x2002b080c
CHIP::DCS2::AMPSDQ1.AMPSDQCACALCTRL_AMPCACALCAMAP1 @ 0x2002b0810
CHIP::DCS2::AMPSDQ1.AMPSDQCACALCTRL_AMPCACALCAMAP2 @ 0x2002b0814
CHIP::DCS2::AMPSDQ1.AMPSDQCACALCTRL_AMPCACALPAT0 @ 0x2002b0818
CHIP::DCS2::AMPSDQ1.AMPSDQCACALCTRL_AMPCACALPAT1 @ 0x2002b081c
CHIP::DCS2::AMPSDQ1.AMPSDQCACALCTRL_AMPCACALPAT2 @ 0x2002b0820
CHIP::DCS2::AMPSDQ1.AMPSDQCACALCTRL_AMPCACALPAT3 @ 0x2002b0824
CHIP::DCS2::AMPSDQ1.AMPSDQCACALCTRL_AMPCACALPAT4 @ 0x2002b0828
CHIP::DCS2::AMPSDQ1.AMPSDQCACALCTRL_AMPCACALPAT5 @ 0x2002b082c
CHIP::DCS2::AMPSDQ1.AMPSDQCACALCTRL_AMPCACALPAT6 @ 0x2002b0830
CHIP::DCS2::AMPSDQ1.AMPSDQCACALCTRL_AMPCACALPAT7 @ 0x2002b0834
CHIP::DCS2::AMPSDQ1.AMPSDQCACALCTRL_AMPCACALRUN @ 0x2002b0838
CHIP::DCS2::AMPSDQ1.AMPSDQCACALCTRL_AMPCACALRESULT @ 0x2002b083c
CHIP::DCS2::AMPSDQ1.AMPSDQDQCALCTRL_AMPDQCALCTRL @ 0x2002b0900
CHIP::DCS2::AMPSDQ1.AMPSDQDQCALCTRL_AMPDQCALMASK @ 0x2002b0904
CHIP::DCS2::AMPSDQ1.AMPSDQDQCALCTRL_AMPDQCALRUN @ 0x2002b0908
CHIP::DCS2::AMPSDQ1.AMPSDQDQCALCTRL_AMPDQCALRESULT @ 0x2002b090c
CHIP::DCS2::AMPSDQ1.AMPSDQPHYUPDCRTL_AMPPHYUPDREQ @ 0x2002b0a00
CHIP::DCS2::AMPSDQ1.AMPSDQPHYUPDCRTL_AMPPHYUPDSTATUS @ 0x2002b0a04
CHIP::DCS2::AMPSDQ1.AMPSDQPERFCNTRCTRL_RAMACCESSCNTRL @ 0x2002b0a80
CHIP::DCS2::AMPSDQ1.AMPSDQPERFCNTRCTRL_DLYSETUP @ 0x2002b0a84
CHIP::DCS2::AMPSDQ1.AMPSDQPERFCNTRCTRL_PERFCTRL2 @ 0x2002b0a88
CHIP::DCS2::AMPSDQ1.AMPSDQPERFCNTRCTRL_PERFCTRL3 @ 0x2002b0a8c
CHIP::DCS2::AMPSDQ1.AMPSDQPERFCNTRCTRL_PERFSTATUS @ 0x2002b0a90
CHIP::DCS2::AMPSDQ1.AMPSDQODT_VREF_F0 @ 0x2002b0b00
CHIP::DCS2::AMPSDQ1.AMPSDQODT_VREF_F1 @ 0x2002b0b04
CHIP::DCS2::AMPSDQ1.AMPSDQODT_VREF_F2 @ 0x2002b0b08
CHIP::DCS2::AMPSDQ1.AMPSDQODT_VREF_F3 @ 0x2002b0b0c
CHIP::DCS2::AMPSDQ1.AMPSDQAMPHSPARE_AMPHSPARESTATUS @ 0x2002b0c00
CHIP::DCS2::AMPSDQ1.AMPSDQAMPHSPARE_AMPHSPARECONTROL @ 0x2002b0c04
CHIP::DCS2::AMPSDQ1.AMPSDQMULFACTOR_RDDQSMULFACTOR @ 0x2002b0d00
CHIP::DCS2::AMPSDQ1.DFICALTIMING_DFICALTIMING_F0 @ 0x2002b0d80
CHIP::DCS2::AMPSDQ1.DFICALTIMING_DFICALTIMING_F1 @ 0x2002b0d84
CHIP::DCS2::AMPSDQ1.DFICALTIMING_DFICALTIMING_F2 @ 0x2002b0d88
CHIP::DCS2::AMPSDQ1.DFICALTIMING_DFICALTIMING_F3 @ 0x2002b0d8c
CHIP::DCS2::AMPH.AMPH_GENERAL_VERSION @ 0x2002b8000
CHIP::DCS2::AMPH.ZC_ZC_REG0 @ 0x2002b8004
CHIP::DCS2::AMPH.ZC_ZC_REG1 @ 0x2002b8008
CHIP::DCS2::AMPH.ZC_ZC_REG2 @ 0x2002b800c
CHIP::DCS2::AMPH.ZC_ZC_REG3 @ 0x2002b8010
CHIP::DCS2::AMPH.ZC_ZC_REG4 @ 0x2002b8014
CHIP::DCS2::AMPH.ZC_ZC_REG5 @ 0x2002b8018
CHIP::DCS2::AMPH.ZC_ZC_REG6 @ 0x2002b801c
CHIP::DCS2::AMPH.ZC_ZC_REG7 @ 0x2002b8020
CHIP::DCS2::AMPH.ZC_ZC_REG8 @ 0x2002b8024
CHIP::DCS2::AMPH.ZC_ZC_REG9 @ 0x2002b8028
CHIP::DCS2::AMPH.ZC_ZC_REG10 @ 0x2002b802c
CHIP::DCS2::AMPH.ZC_ZC_REG11 @ 0x2002b8030
CHIP::DCS2::AMPH.ZC_ZC_REG12 @ 0x2002b8034
CHIP::DCS2::AMPH.ZC_ZC_REG13 @ 0x2002b8038
CHIP::DCS2::AMPH.ZC_ZC_REG14 @ 0x2002b803c
CHIP::DCS2::AMPH.ZC_ZC_REG15 @ 0x2002b8040
CHIP::DCS2::AMPH.ZC_ZC_REG16 @ 0x2002b8044
CHIP::DCS2::AMPH.WKDS_WKDS_REG0 @ 0x2002b8048
CHIP::DCS2::AMPH.WKDS_WKDS_REG1 @ 0x2002b804c
CHIP::DCS2::AMPH.WKDS_WKDS_REG2 @ 0x2002b8050
CHIP::DCS2::AMPH.WKDS_WKDS_REG3 @ 0x2002b8054
CHIP::DCS2::AMPH.WKDS_WKDS_REG4 @ 0x2002b8058
CHIP::DCS2::AMPH.VREF_VREF_REG0 @ 0x2002b805c
CHIP::DCS2::AMPH.VREF_VREF_REG1 @ 0x2002b8060
CHIP::DCS2::AMPH.VREF_VREF_REG2 @ 0x2002b8064
CHIP::DCS2::AMPH.VREF_VREF_REG3 @ 0x2002b8068
CHIP::DCS2::AMPH.VREF_VREF_REG4 @ 0x2002b806c
CHIP::DCS2::AMPH.VREF_VREF_REG5 @ 0x2002b8070
CHIP::DCS2::AMPH.VREF_VREF_REG6 @ 0x2002b8074
CHIP::DCS2::AMPH.VREF_VREF_REG7 @ 0x2002b8078
CHIP::DCS2::AMPH.VREF_VREF_REG8 @ 0x2002b807c
CHIP::DCS2::AMPH.SLC_SLC_REG0 @ 0x2002b8080
CHIP::DCS2::AMPH.SLC_SLC_REG1 @ 0x2002b8084
CHIP::DCS2::AMPH.SLC_SLC_REG2 @ 0x2002b8088
CHIP::DCS2::AMPH.SLC_SLC_REG3 @ 0x2002b808c
CHIP::DCS2::AMPH.WKPUPD_WKPUPD_REG0 @ 0x2002b8090
CHIP::DCS2::AMPH.WKPUPD_WKPUPD_REG1 @ 0x2002b8094
CHIP::DCS2::AMPH.WKPUPD_WKPUPD_REG2 @ 0x2002b8098
CHIP::DCS2::AMPH.WKPUPD_WKPUPD_REG3 @ 0x2002b809c
CHIP::DCS2::AMPH.WKPUPD_WKPUPD_REG4 @ 0x2002b80a0
CHIP::DCS2::AMPH.WKPUPD_WKPUPD_REG5 @ 0x2002b80a4
CHIP::DCS2::AMPH.WKPUPD_WKPUPD_REG6 @ 0x2002b80a8
CHIP::DCS2::AMPH.WKPUPD_WKPUPD_REG7 @ 0x2002b80ac
CHIP::DCS2::AMPH.DCD_DCD_REG0 @ 0x2002b80b0
CHIP::DCS2::AMPH.DCD_DCD_REG1 @ 0x2002b80b4
CHIP::DCS2::AMPH.DCD_DCD_REG2 @ 0x2002b80b8
CHIP::DCS2::AMPH.DCD_DCD_REG3 @ 0x2002b80bc
CHIP::DCS2::AMPH.DCD_DCD_REG4 @ 0x2002b80c0
CHIP::DCS2::AMPH.DCD_DCD_REG5 @ 0x2002b80c4
CHIP::DCS2::AMPH.DCD_DCD_REG6 @ 0x2002b80c8
CHIP::DCS2::AMPH.ISEL_ISEL_REG0 @ 0x2002b80dc
CHIP::DCS2::AMPH.ISEL_ISEL_REG1 @ 0x2002b80e0
CHIP::DCS2::AMPH.ISEL_ISEL_REG2 @ 0x2002b80e4
CHIP::DCS2::AMPH.ISEL_ISEL_REG3 @ 0x2002b80e8
CHIP::DCS2::AMPH.DS_DS_REG0 @ 0x2002b80ec
CHIP::DCS2::AMPH.DS_DS_REG1 @ 0x2002b80f0
CHIP::DCS2::AMPH.DS_DS_REG2 @ 0x2002b80f4
CHIP::DCS2::AMPH.DS_DS_REG3 @ 0x2002b80f8
CHIP::DCS2::AMPH.DS_DS_REG4 @ 0x2002b80fc
CHIP::DCS2::AMPH.DS_DS_REG5 @ 0x2002b8100
CHIP::DCS2::AMPH.DS_DS_REG6 @ 0x2002b8104
CHIP::DCS2::AMPH.DS_DS_REG7 @ 0x2002b8108
CHIP::DCS2::AMPH.DS_DS_REG8 @ 0x2002b810c
CHIP::DCS2::AMPH.DS_DS_REG9 @ 0x2002b8110
CHIP::DCS2::AMPH.DS_DS_REG10 @ 0x2002b8114
CHIP::DCS2::AMPH.DS_DS_REG11 @ 0x2002b8118
CHIP::DCS2::AMPH.DS_DS_REG12 @ 0x2002b811c
CHIP::DCS2::AMPH.DS_DS_REG13 @ 0x2002b8120
CHIP::DCS2::AMPH.DS_DS_REG14 @ 0x2002b8124
CHIP::DCS2::AMPH.DBG_DBG_REG0 @ 0x2002b8128
CHIP::DCS3::MCU.AMCGEN_AMCCTRL @ 0x2002c0000
CHIP::DCS3::MCU.AMCGEN_CLKGATE @ 0x2002c0004
CHIP::DCS3::MCU.AMCGEN_FREQSEL @ 0x2002c0008
CHIP::DCS3::MCU.AMCGEN_AMCVER @ 0x2002c000c
CHIP::DCS3::MCU.AMCGEN_AMCCLKPWRGATE @ 0x2002c0010
CHIP::DCS3::MCU.AMCGEN_AMCCLKPWRGATE2 @ 0x2002c0014
CHIP::DCS3::MCU.MCUSCH_OPIDLETMR @ 0x2002c0180
CHIP::DCS3::MCU.MCUSCH_OPTMRADJEN @ 0x2002c0184
CHIP::DCS3::MCU.MCUSCH_OPTMRADJPARAM @ 0x2002c0188
CHIP::DCS3::MCU.MCUSCH_MIFNRTAGE @ 0x2002c018c
CHIP::DCS3::MCU.MCUSCH_MIFRTAGE @ 0x2002c0190
CHIP::DCS3::MCU.MCUSCH_MIFPCAGE @ 0x2002c0194
CHIP::DCS3::MCU.MCUSCH_QBREN @ 0x2002c0198
CHIP::DCS3::MCU.MCUSCH_QBRPARAM @ 0x2002c019c
CHIP::DCS3::MCU.MCUSCH_PSQAFNTY @ 0x2002c01a0
CHIP::DCS3::MCU.MCUSCH_PSQRQCTL0 @ 0x2002c01a4
CHIP::DCS3::MCU.MCUSCH_PSQCPU0LLT_FREQ0 @ 0x2002c01a8
CHIP::DCS3::MCU.MCUSCH_PSQCPU1LLT_FREQ0 @ 0x2002c01ac
CHIP::DCS3::MCU.MCUSCH_PSQSOCLLT_FREQ0 @ 0x2002c01b0
CHIP::DCS3::MCU.MCUSCH_PSQCPU0LLT_FREQ1 @ 0x2002c01b4
CHIP::DCS3::MCU.MCUSCH_PSQCPU1LLT_FREQ1 @ 0x2002c01b8
CHIP::DCS3::MCU.MCUSCH_PSQSOCLLT_FREQ1 @ 0x2002c01bc
CHIP::DCS3::MCU.MCUSCH_PSQCPU0LLT_FREQ2 @ 0x2002c01c0
CHIP::DCS3::MCU.MCUSCH_PSQCPU1LLT_FREQ2 @ 0x2002c01c4
CHIP::DCS3::MCU.MCUSCH_PSQSOCLLT_FREQ2 @ 0x2002c01c8
CHIP::DCS3::MCU.MCUSCH_PSQCPU0LLT_FREQ3 @ 0x2002c01cc
CHIP::DCS3::MCU.MCUSCH_PSQCPU1LLT_FREQ3 @ 0x2002c01d0
CHIP::DCS3::MCU.MCUSCH_PSQSOCLLT_FREQ3 @ 0x2002c01d4
CHIP::DCS3::MCU.MCUSCH_PSQRQTIMER0 @ 0x2002c01d8
CHIP::DCS3::MCU.MCUSCH_PSQRQTIMER1 @ 0x2002c01dc
CHIP::DCS3::MCU.MCUSCH_PSQRQBRST @ 0x2002c01e0
CHIP::DCS3::MCU.MCUSCH_PSQRQSCHCRD @ 0x2002c01e4
CHIP::DCS3::MCU.MCUSCH_PSQWQCTRL0 @ 0x2002c01e8
CHIP::DCS3::MCU.MCUSCH_PSQWQCTL1 @ 0x2002c01ec
CHIP::DCS3::MCU.MCUSCH_PSQWQCTL2 @ 0x2002c01f0
CHIP::DCS3::MCU.MCUSCH_PSQWQTHR @ 0x2002c01f4
CHIP::DCS3::MCU.MCUSCH_PSQWQBRST @ 0x2002c01f8
CHIP::DCS3::MCU.MCUSCH_PSQWQSCHCRD @ 0x2002c01fc
CHIP::DCS3::MCU.MCUSCH_MCUQOSLLT @ 0x2002c0200
CHIP::DCS3::MCU.MCUSCH_SBQOSUPGCTRL @ 0x2002c0204
CHIP::DCS3::MCU.MCUSCH_SBQOSUPGISPAIDS @ 0x2002c0208
CHIP::DCS3::MCU.PHYTIM_PHYRDWRTIM_FREQ0 @ 0x2002c0280
CHIP::DCS3::MCU.PHYTIM_PHYRDWRTIM_FREQ1 @ 0x2002c0284
CHIP::DCS3::MCU.PHYTIM_PHYRDWRTIM_FREQ2 @ 0x2002c0288
CHIP::DCS3::MCU.PHYTIM_PHYRDWRTIM_FREQ3 @ 0x2002c028c
CHIP::DCS3::MCU.PHYCFG_PHYUPDATETIMERS @ 0x2002c0300
CHIP::DCS3::MCU.PHYCFG_PHYMRRDATADQMUX @ 0x2002c0304
CHIP::DCS3::MCU.DRAMTIM_LAT_FREQ0 @ 0x2002c0380
CHIP::DCS3::MCU.DRAMTIM_LAT_FREQ1 @ 0x2002c0384
CHIP::DCS3::MCU.DRAMTIM_LAT_FREQ2 @ 0x2002c0388
CHIP::DCS3::MCU.DRAMTIM_LAT_FREQ3 @ 0x2002c038c
CHIP::DCS3::MCU.DRAMTIM_CASPCH_FREQ0 @ 0x2002c0390
CHIP::DCS3::MCU.DRAMTIM_CASPCH_FREQ1 @ 0x2002c0394
CHIP::DCS3::MCU.DRAMTIM_CASPCH_FREQ2 @ 0x2002c0398
CHIP::DCS3::MCU.DRAMTIM_CASPCH_FREQ3 @ 0x2002c039c
CHIP::DCS3::MCU.DRAMTIM_ACT_FREQ0 @ 0x2002c03a0
CHIP::DCS3::MCU.DRAMTIM_ACT_FREQ1 @ 0x2002c03a4
CHIP::DCS3::MCU.DRAMTIM_ACT_FREQ2 @ 0x2002c03a8
CHIP::DCS3::MCU.DRAMTIM_ACT_FREQ3 @ 0x2002c03ac
CHIP::DCS3::MCU.DRAMTIM_AUTOREF_FREQ0 @ 0x2002c03b0
CHIP::DCS3::MCU.DRAMTIM_AUTOREF_FREQ1 @ 0x2002c03b4
CHIP::DCS3::MCU.DRAMTIM_AUTOREF_FREQ2 @ 0x2002c03b8
CHIP::DCS3::MCU.DRAMTIM_AUTOREF_FREQ3 @ 0x2002c03bc
CHIP::DCS3::MCU.DRAMTIM_SELFREF_FREQ0 @ 0x2002c03c0
CHIP::DCS3::MCU.DRAMTIM_SELFREF_FREQ1 @ 0x2002c03c4
CHIP::DCS3::MCU.DRAMTIM_SELFREF_FREQ2 @ 0x2002c03c8
CHIP::DCS3::MCU.DRAMTIM_SELFREF_FREQ3 @ 0x2002c03cc
CHIP::DCS3::MCU.DRAMTIM_PDN @ 0x2002c03d0
CHIP::DCS3::MCU.DRAMTIM_MODEREG @ 0x2002c03d4
CHIP::DCS3::MCU.DRAMTIM_DERATE_FREQ0 @ 0x2002c03d8
CHIP::DCS3::MCU.DRAMTIM_DERATE_FREQ1 @ 0x2002c03dc
CHIP::DCS3::MCU.DRAMTIM_DERATE_FREQ2 @ 0x2002c03e0
CHIP::DCS3::MCU.DRAMTIM_DERATE_FREQ3 @ 0x2002c03e4
CHIP::DCS3::MCU.DRAMTIM_TAT_FREQ0 @ 0x2002c03e8
CHIP::DCS3::MCU.DRAMTIM_TAT_FREQ1 @ 0x2002c03ec
CHIP::DCS3::MCU.DRAMTIM_TAT_FREQ2 @ 0x2002c03f0
CHIP::DCS3::MCU.DRAMTIM_TAT_FREQ3 @ 0x2002c03f4
CHIP::DCS3::MCU.DRAMTIM_TRANSGAP @ 0x2002c03f8
CHIP::DCS3::MCU.DRAMTIM_AUTOREF_PARAMS @ 0x2002c03fc
CHIP::DCS3::MCU.DRAMCFG_RWCFG @ 0x2002c0400
CHIP::DCS3::MCU.DRAMCFG_RNKCFG @ 0x2002c0404
CHIP::DCS3::MCU.DRAMCFG_AREFEN_FREQ0 @ 0x2002c0408
CHIP::DCS3::MCU.DRAMCFG_AREFEN_FREQ1 @ 0x2002c040c
CHIP::DCS3::MCU.DRAMCFG_AREFEN_FREQ2 @ 0x2002c0410
CHIP::DCS3::MCU.DRAMCFG_AREFEN_FREQ3 @ 0x2002c0414
CHIP::DCS3::MCU.DRAMCFG_AREFPARAM @ 0x2002c0418
CHIP::DCS3::MCU.DRAMCFG_LONGSR @ 0x2002c041c
CHIP::DCS3::MCU.DRAMCFG_ODTSZQC @ 0x2002c0420
CHIP::DCS3::MCU.DRAMCFG_PWRMNGTEN @ 0x2002c0424
CHIP::DCS3::MCU.DRAMCFG_PWRMNGTPARAM_FREQ0 @ 0x2002c0428
CHIP::DCS3::MCU.DRAMCFG_PWRMNGTPARAM_FREQ1 @ 0x2002c042c
CHIP::DCS3::MCU.DRAMCFG_PWRMNGTPARAM_FREQ2 @ 0x2002c0430
CHIP::DCS3::MCU.DRAMCFG_PWRMNGTPARAM_FREQ3 @ 0x2002c0434
CHIP::DCS3::MCU.DRAMCFG_ODTSMAPPING @ 0x2002c0438
CHIP::DCS3::MCU.DRAMCFG_MCPHYUPDTPARAM @ 0x2002c043c
CHIP::DCS3::MCU.DRAMCFG_READLEVELING @ 0x2002c0440
CHIP::DCS3::MCU.DRAMCFG_REFPBHITHRESHOLDS @ 0x2002c0444
CHIP::DCS3::MCU.DRAMCFG_REFPBLOTHRESHOLDS @ 0x2002c0448
CHIP::DCS3::MCU.DRAMCFG_FREQCHNGCTL @ 0x2002c044c
CHIP::DCS3::MCU.DRAMCFG_FREQCHNGCTL0_FREQ0 @ 0x2002c0450
CHIP::DCS3::MCU.DRAMCFG_FREQCHNGCTL1_FREQ0 @ 0x2002c0454
CHIP::DCS3::MCU.DRAMCFG_FREQCHNGCTL2_FREQ0 @ 0x2002c0458
CHIP::DCS3::MCU.DRAMCFG_FREQCHNGCTL3_FREQ0 @ 0x2002c045c
CHIP::DCS3::MCU.DRAMCFG_FREQCHNGCTL4_FREQ0 @ 0x2002c0460
CHIP::DCS3::MCU.DRAMCFG_FREQCHNGCTL5_FREQ0 @ 0x2002c0464
CHIP::DCS3::MCU.DRAMCFG_FREQCHNGCTL0_FREQ1 @ 0x2002c0468
CHIP::DCS3::MCU.DRAMCFG_FREQCHNGCTL1_FREQ1 @ 0x2002c046c
CHIP::DCS3::MCU.DRAMCFG_FREQCHNGCTL2_FREQ1 @ 0x2002c0470
CHIP::DCS3::MCU.DRAMCFG_FREQCHNGCTL3_FREQ1 @ 0x2002c0474
CHIP::DCS3::MCU.DRAMCFG_FREQCHNGCTL4_FREQ1 @ 0x2002c0478
CHIP::DCS3::MCU.DRAMCFG_FREQCHNGCTL5_FREQ1 @ 0x2002c047c
CHIP::DCS3::MCU.DRAMCFG_FREQCHNGCTL0_FREQ2 @ 0x2002c0480
CHIP::DCS3::MCU.DRAMCFG_FREQCHNGCTL1_FREQ2 @ 0x2002c0484
CHIP::DCS3::MCU.DRAMCFG_FREQCHNGCTL2_FREQ2 @ 0x2002c0488
CHIP::DCS3::MCU.DRAMCFG_FREQCHNGCTL3_FREQ2 @ 0x2002c048c
CHIP::DCS3::MCU.DRAMCFG_FREQCHNGCTL4_FREQ2 @ 0x2002c0490
CHIP::DCS3::MCU.DRAMCFG_FREQCHNGCTL5_FREQ2 @ 0x2002c0494
CHIP::DCS3::MCU.DRAMCFG_FREQCHNGCTL0_FREQ3 @ 0x2002c0498
CHIP::DCS3::MCU.DRAMCFG_FREQCHNGCTL1_FREQ3 @ 0x2002c049c
CHIP::DCS3::MCU.DRAMCFG_FREQCHNGCTL2_FREQ3 @ 0x2002c04a0
CHIP::DCS3::MCU.DRAMCFG_FREQCHNGCTL3_FREQ3 @ 0x2002c04a4
CHIP::DCS3::MCU.DRAMCFG_FREQCHNGCTL4_FREQ3 @ 0x2002c04a8
CHIP::DCS3::MCU.DRAMCFG_FREQCHNGCTL5_FREQ3 @ 0x2002c04ac
CHIP::DCS3::MCU.DRAMCFG_ROWHAMCTRL0 @ 0x2002c04b0
CHIP::DCS3::MCU.DRAMCFG_ROWHAMCTRL1 @ 0x2002c04b4
CHIP::DCS3::MCU.DRAMCFG_ROWHAMCTRL2 @ 0x2002c04b8
CHIP::DCS3::MCU.DRAMCFG_ROWHAMSTS @ 0x2002c04bc
CHIP::DCS3::MCU.DRAMCFG_FREQCHNGTIM_FREQ0 @ 0x2002c04c0
CHIP::DCS3::MCU.DRAMCFG_FREQCHNGTIM_FREQ1 @ 0x2002c04c4
CHIP::DCS3::MCU.DRAMCFG_FREQCHNGTIM_FREQ2 @ 0x2002c04c8
CHIP::DCS3::MCU.DRAMCFG_FREQCHNGTIM_FREQ3 @ 0x2002c04cc
CHIP::DCS3::MCU.DRAMCMD_MRINITCMD @ 0x2002c0500
CHIP::DCS3::MCU.DRAMCMD_MRINITSTS @ 0x2002c0504
CHIP::DCS3::MCU.AMCXPERFCNTR_PERFCNTRCTL @ 0x2002c0580
CHIP::DCS3::MCU.AMCXPERFCNTR_PERFCNTREN @ 0x2002c0584
CHIP::DCS3::MCU.AMCXPERFCNTR_PERFCNTR0CTL1 @ 0x2002c0588
CHIP::DCS3::MCU.AMCXPERFCNTR_PERFCNTR0CTL2 @ 0x2002c058c
CHIP::DCS3::MCU.AMCXPERFCNTR_PERFCNTR0CTL3 @ 0x2002c0590
CHIP::DCS3::MCU.AMCXPERFCNTR_PERFCNTR0CTL4 @ 0x2002c0594
CHIP::DCS3::MCU.AMCXPERFCNTR_PERFCNTR0CTL5 @ 0x2002c0598
CHIP::DCS3::MCU.AMCXPERFCNTR_PERFCNTR0CTL6 @ 0x2002c059c
CHIP::DCS3::MCU.AMCXPERFCNTR_PERFCNTR0VAL @ 0x2002c05a0
CHIP::DCS3::MCU.AMCXPERFCNTR_PERFCNTR1CTL1 @ 0x2002c05a4
CHIP::DCS3::MCU.AMCXPERFCNTR_PERFCNTR1CTL2 @ 0x2002c05a8
CHIP::DCS3::MCU.AMCXPERFCNTR_PERFCNTR1CTL3 @ 0x2002c05ac
CHIP::DCS3::MCU.AMCXPERFCNTR_PERFCNTR1CTL4 @ 0x2002c05b0
CHIP::DCS3::MCU.AMCXPERFCNTR_PERFCNTR1CTL5 @ 0x2002c05b4
CHIP::DCS3::MCU.AMCXPERFCNTR_PERFCNTR1CTL6 @ 0x2002c05b8
CHIP::DCS3::MCU.AMCXPERFCNTR_PERFCNTR1VAL @ 0x2002c05bc
CHIP::DCS3::MCU.AMCXPERFCNTR_PERFCNTR2CTL1 @ 0x2002c05c0
CHIP::DCS3::MCU.AMCXPERFCNTR_PERFCNTR2CTL2 @ 0x2002c05c4
CHIP::DCS3::MCU.AMCXPERFCNTR_PERFCNTR2CTL3 @ 0x2002c05c8
CHIP::DCS3::MCU.AMCXPERFCNTR_PERFCNTR2CTL4 @ 0x2002c05cc
CHIP::DCS3::MCU.AMCXPERFCNTR_PERFCNTR2CTL5 @ 0x2002c05d0
CHIP::DCS3::MCU.AMCXPERFCNTR_PERFCNTR2CTL6 @ 0x2002c05d4
CHIP::DCS3::MCU.AMCXPERFCNTR_PERFCNTR2VAL @ 0x2002c05d8
CHIP::DCS3::MCU.AMCXPERFCNTR_PERFCNTR3CTL1 @ 0x2002c05dc
CHIP::DCS3::MCU.AMCXPERFCNTR_PERFCNTR3CTL2 @ 0x2002c05e0
CHIP::DCS3::MCU.AMCXPERFCNTR_PERFCNTR3CTL3 @ 0x2002c05e4
CHIP::DCS3::MCU.AMCXPERFCNTR_PERFCNTR3CTL4 @ 0x2002c05e8
CHIP::DCS3::MCU.AMCXPERFCNTR_PERFCNTR3CTL5 @ 0x2002c05ec
CHIP::DCS3::MCU.AMCXPERFCNTR_PERFCNTR3CTL6 @ 0x2002c05f0
CHIP::DCS3::MCU.AMCXPERFCNTR_PERFCNTR3VAL @ 0x2002c05f4
CHIP::DCS3::MCU.AMCXPERFCNTR_PERFCNTR4CTL1 @ 0x2002c05f8
CHIP::DCS3::MCU.AMCXPERFCNTR_PERFCNTR4CTL2 @ 0x2002c05fc
CHIP::DCS3::MCU.AMCXPERFCNTR_PERFCNTR4CTL3 @ 0x2002c0600
CHIP::DCS3::MCU.AMCXPERFCNTR_PERFCNTR4CTL4 @ 0x2002c0604
CHIP::DCS3::MCU.AMCXPERFCNTR_PERFCNTR4CTL5 @ 0x2002c0608
CHIP::DCS3::MCU.AMCXPERFCNTR_PERFCNTR4CTL6 @ 0x2002c060c
CHIP::DCS3::MCU.AMCXPERFCNTR_PERFCNTR4VAL @ 0x2002c0610
CHIP::DCS3::MCU.AMCXPERFCNTR_PERFCNTR5CTL1 @ 0x2002c0614
CHIP::DCS3::MCU.AMCXPERFCNTR_PERFCNTR5CTL2 @ 0x2002c0618
CHIP::DCS3::MCU.AMCXPERFCNTR_PERFCNTR5CTL3 @ 0x2002c061c
CHIP::DCS3::MCU.AMCXPERFCNTR_PERFCNTR5CTL4 @ 0x2002c0620
CHIP::DCS3::MCU.AMCXPERFCNTR_PERFCNTR5CTL5 @ 0x2002c0624
CHIP::DCS3::MCU.AMCXPERFCNTR_PERFCNTR5CTL6 @ 0x2002c0628
CHIP::DCS3::MCU.AMCXPERFCNTR_PERFCNTR5VAL @ 0x2002c062c
CHIP::DCS3::MCU.AMCXPERFCNTR_QPROPCTRL @ 0x2002c0630
CHIP::DCS3::MCU.AMCXPERFCNTR_MCU0PSQQPROPCTRL @ 0x2002c0634
CHIP::DCS3::MCU.AMCXPERFCNTR_MCU0PSRQQPROPAVGLAT @ 0x2002c0638
CHIP::DCS3::MCU.AMCXPERFCNTR_MCU0PSRQQPROPAVGTHRPT @ 0x2002c063c
CHIP::DCS3::MCU.AMCXPERFCNTR_MCU0PSRQQPROPOUTPUTS @ 0x2002c0640
CHIP::DCS3::MCU.AMCXPERFCNTR_MCU0PSRQQPROPMONCTRL @ 0x2002c0644
CHIP::DCS3::MCU.AMCXPERFCNTR_MCU0PSRQQPROPMONHITHR @ 0x2002c0648
CHIP::DCS3::MCU.AMCXPERFCNTR_MCU0PSRQQPROPMONLOWTHR @ 0x2002c064c
CHIP::DCS3::MCU.AMCXPERFCNTR_MCU0PSWQQPROPAVGLAT @ 0x2002c0650
CHIP::DCS3::MCU.AMCXPERFCNTR_MCU0PSWQQPROPAVGTHRPT @ 0x2002c0654
CHIP::DCS3::MCU.AMCXPERFCNTR_MCU0PSWQQPROPOUTPUTS @ 0x2002c0658
CHIP::DCS3::MCU.AMCXPERFCNTR_MCU0PSWQQPROPMONCTRL @ 0x2002c065c
CHIP::DCS3::MCU.AMCXPERFCNTR_MCU0PSWQQPROPMONHITHR @ 0x2002c0660
CHIP::DCS3::MCU.AMCXPERFCNTR_MCU0PSWQQPROPMONLOWTHR @ 0x2002c0664
CHIP::DCS3::MCU.AMCXIRERRDBG_INTEN0 @ 0x2002c0700
CHIP::DCS3::MCU.AMCXIRERRDBG_INTEN1 @ 0x2002c0704
CHIP::DCS3::MCU.AMCXIRERRDBG_INTSTS @ 0x2002c0708
CHIP::DCS3::MCU.AMCXIRERRDBG_DEBUGCTRL @ 0x2002c070c
CHIP::DCS3::MCU.AMCXIRERRDBG_DEBUGSTS0 @ 0x2002c0710
CHIP::DCS3::MCU.AMCXIRERRDBG_DEBUGSTSCLKPWR @ 0x2002c0714
CHIP::DCS3::MCU.MIFQCTRL_MIFQMAXCTRL_FREQ0 @ 0x2002c0780
CHIP::DCS3::MCU.MIFQCTRL_MIFQMAXCTRL_FREQ1 @ 0x2002c0784
CHIP::DCS3::MCU.MIFQCTRL_MIFQMAXCTRL_FREQ2 @ 0x2002c0788
CHIP::DCS3::MCU.MIFQCTRL_MIFQMAXCTRL_FREQ3 @ 0x2002c078c
CHIP::DCS3::SPLLCTRL.SPLLCTRL_MODEREG @ 0x2002cc000
CHIP::DCS3::SPLLCTRL.SPLLCTRL_POWERDOWNRESET @ 0x2002cc004
CHIP::DCS3::SPLLCTRL.SPLLCTRL_LOCKSTATUS @ 0x2002cc008
CHIP::DCS3::SPLLCTRL.SPLLCTRL_INTERRUPT @ 0x2002cc00c
CHIP::DCS3::SPLLCTRL.SPLLCTRL_INTEN0 @ 0x2002cc010
CHIP::DCS3::SPLLCTRL.SPLLCTRL_INTEN1 @ 0x2002cc014
CHIP::DCS3::SPLLCTRL.SPLLCTRL_OUTPUTDIVIDER @ 0x2002cc018
CHIP::DCS3::SPLLCTRL.SPLLCTRL_CHARGEPUMP @ 0x2002cc01c
CHIP::DCS3::SPLLCTRL.SPLLCTRL_VCO @ 0x2002cc020
CHIP::DCS3::SPLLCTRL.SPLLCTRL_LDO @ 0x2002cc024
CHIP::DCS3::SPLLCTRL.SPLLCTRL_TESTCTRL @ 0x2002cc028
CHIP::DCS3::SPLLCTRL.SPLLCTRL_TESTSTATUS @ 0x2002cc02c
CHIP::DCS3::SPLLCTRL.SPLLCTRL_DFT @ 0x2002cc030
CHIP::DCS3::SPLLCTRL.SPLLCTRL_OVERRIDE @ 0x2002cc034
CHIP::DCS3::SPLLCTRL.SPLLCTRL_TESTPLL @ 0x2002cc038
CHIP::DCS3::SPLLCTRL.SPLLCTRL_TESTPLLSTATUS @ 0x2002cc03c
CHIP::DCS3::SPLLCTRL.SPLLCTRL_PLLSEQLDOUPTIMER @ 0x2002cc040
CHIP::DCS3::SPLLCTRL.SPLLCTRL_PLLSEQLDODNTIMER @ 0x2002cc044
CHIP::DCS3::SPLLCTRL.SPLLCTRL_PLLSEQSTBYTIMER @ 0x2002cc048
CHIP::DCS3::SPLLCTRL.SPLLCTRL_PLLSEQPD2STBYTIMER @ 0x2002cc04c
CHIP::DCS3::SPLLCTRL.SPLLCTRL_PLLSEQSETDIVTIMER @ 0x2002cc050
CHIP::DCS3::SPLLCTRL.SPLLCTRL_PLLSEQSETUPDTIMER @ 0x2002cc054
CHIP::DCS3::SPLLCTRL.SPLLCTRL_PLLSEQCLKSETUPTIMER @ 0x2002cc058
CHIP::DCS3::SPLLCTRL.SPLLCTRL_SPLLPWRDNCFG @ 0x2002cc05c
CHIP::DCS3::SPLLCTRL.SPLLCTRL_SPLLDIVCFG @ 0x2002cc060
CHIP::DCS3::SPLLCTRL.SPLLCTRL_MDLLPWRDNCFG0 @ 0x2002cc064
CHIP::DCS3::SPLLCTRL.SPLLCTRL_MDLLPWRDNCFG1 @ 0x2002cc068
CHIP::DCS3::SPLLCTRL.SPLLCTRL_MDLLPWRDNCFG2 @ 0x2002cc06c
CHIP::DCS3::AMPSCA.AMPSCAGEN_AMPEN @ 0x2002e0000
CHIP::DCS3::AMPSCA.AMPSCAGEN_AMPCLK @ 0x2002e0004
CHIP::DCS3::AMPSCA.AMPSCAGEN_AMPINIT @ 0x2002e0008
CHIP::DCS3::AMPSCA.AMPSCAGEN_DRAM_RESETN @ 0x2002e000c
CHIP::DCS3::AMPSCA.AMPSCAGEN_AMPVER @ 0x2002e0010
CHIP::DCS3::AMPSCA.AMPSCAIOCFG_IMPCODE @ 0x2002e0080
CHIP::DCS3::AMPSCA.AMPSCAIOCFG_IMPOVRRD @ 0x2002e0084
CHIP::DCS3::AMPSCA.AMPSCAIOCFG_IMPAUTOCAL @ 0x2002e0088
CHIP::DCS3::AMPSCA.AMPSCAIOCFG_IMPCALCONTROL @ 0x2002e008c
CHIP::DCS3::AMPSCA.AMPSCAIOCFG_IMPCALPHYUPDT @ 0x2002e0090
CHIP::DCS3::AMPSCA.AMPSCAIOCFG_IMPCALCMD @ 0x2002e0094
CHIP::DCS3::AMPSCA.AMPSCAIOCFG_DRAMSIGDLY @ 0x2002e0098
CHIP::DCS3::AMPSCA.AMPSCAIOCFG_NONDQDSPD_F0 @ 0x2002e009c
CHIP::DCS3::AMPSCA.AMPSCAIOCFG_NONDQDSPD_F1 @ 0x2002e00a0
CHIP::DCS3::AMPSCA.AMPSCAIOCFG_NONDQDSPD_F2 @ 0x2002e00a4
CHIP::DCS3::AMPSCA.AMPSCAIOCFG_NONDQDSPD_F3 @ 0x2002e00a8
CHIP::DCS3::AMPSCA.AMPSCAIOCFG_NONDQDS_F0 @ 0x2002e00ac
CHIP::DCS3::AMPSCA.AMPSCAIOCFG_NONDQDS_F1 @ 0x2002e00b0
CHIP::DCS3::AMPSCA.AMPSCAIOCFG_NONDQDS_F2 @ 0x2002e00b4
CHIP::DCS3::AMPSCA.AMPSCAIOCFG_NONDQDS_F3 @ 0x2002e00b8
CHIP::DCS3::AMPSCA.AMPSCAIOCFG_CACKCSWKPD_F0 @ 0x2002e00bc
CHIP::DCS3::AMPSCA.AMPSCAIOCFG_CACKCSWKPD_F1 @ 0x2002e00c0
CHIP::DCS3::AMPSCA.AMPSCAIOCFG_CACKCSWKPD_F2 @ 0x2002e00c4
CHIP::DCS3::AMPSCA.AMPSCAIOCFG_CACKCSWKPD_F3 @ 0x2002e00c8
CHIP::DCS3::AMPSCA.AMPSCAIOCFG_CACKCSWKDS @ 0x2002e00cc
CHIP::DCS3::AMPSCA.AMPSCAIOCFG_DCC @ 0x2002e00d0
CHIP::DCS3::AMPSCA.AMPSCAIOCFG_BISTRXMODE @ 0x2002e00d4
CHIP::DCS3::AMPSCA.AMPSCARDTIM_RDCAPCFG_FREQ0 @ 0x2002e0100
CHIP::DCS3::AMPSCA.AMPSCARDTIM_RDCAPCFG_FREQ1 @ 0x2002e0104
CHIP::DCS3::AMPSCA.AMPSCARDTIM_RDCAPCFG_FREQ2 @ 0x2002e0108
CHIP::DCS3::AMPSCA.AMPSCARDTIM_RDCAPCFG_FREQ3 @ 0x2002e010c
CHIP::DCS3::AMPSCA.AMPSCARDTIM_CALPATCFG @ 0x2002e0110
CHIP::DCS3::AMPSCA.AMPSCARDTIM_DQTRNCFG @ 0x2002e0114
CHIP::DCS3::AMPSCA.AMPSCARDTIM_DQTRNCMD @ 0x2002e0118
CHIP::DCS3::AMPSCA.AMPSCARDTIM_DQTRNSTS @ 0x2002e011c
CHIP::DCS3::AMPSCA.AMPSCADLLCTL_DLLEN @ 0x2002e0180
CHIP::DCS3::AMPSCA.AMPSCADLLCTL_MDLLFREQBINDISABLE @ 0x2002e0184
CHIP::DCS3::AMPSCA.AMPSCADLLCTL_MDLLFREQSCALE @ 0x2002e0188
CHIP::DCS3::AMPSCA.AMPSCADLLCTL_DLLUPDTCMD @ 0x2002e018c
CHIP::DCS3::AMPSCA.AMPSCADLLCTL_MDLLCODE @ 0x2002e0190
CHIP::DCS3::AMPSCA.AMPSCADLLCTL_MDLLOVERRIDE @ 0x2002e0194
CHIP::DCS3::AMPSCA.AMPSCADLLCTL_DLLLOCKTIM @ 0x2002e0198
CHIP::DCS3::AMPSCA.AMPSCADLLCTL_DLLLOCKCTRL @ 0x2002e019c
CHIP::DCS3::AMPSCA.AMPSCADLLCTL_DLLUPDTINTVL @ 0x2002e01a0
CHIP::DCS3::AMPSCA.AMPSCADLLCTL_DLLUPDTCTRL @ 0x2002e01a4
CHIP::DCS3::AMPSCA.AMPSCADLLCTL_DLLSTS @ 0x2002e01a8
CHIP::DCS3::AMPSCA.AMPSCADLLCTL_MASTERSTATUS0 @ 0x2002e01ac
CHIP::DCS3::AMPSCA.AMPSCADLLCTL_MASTERSTATUS1 @ 0x2002e01b0
CHIP::DCS3::AMPSCA.AMPSCADLLCTL_MASTERSTATUSSTPSZ @ 0x2002e01b4
CHIP::DCS3::AMPSCA.AMPSCADLLCTL_SLAVESTATUSSEL @ 0x2002e01b8
CHIP::DCS3::AMPSCA.AMPSCADLLCTL_SLAVESTATUS @ 0x2002e01bc
CHIP::DCS3::AMPSCA.AMPSCADLLCTL_CAOUTDLLSCL_FREQ0 @ 0x2002e01c0
CHIP::DCS3::AMPSCA.AMPSCADLLCTL_CAOUTDLLSCL_FREQ1 @ 0x2002e01c4
CHIP::DCS3::AMPSCA.AMPSCADLLCTL_CAOUTDLLSCL_FREQ2 @ 0x2002e01c8
CHIP::DCS3::AMPSCA.AMPSCADLLCTL_CAOUTDLLSCL_FREQ3 @ 0x2002e01cc
CHIP::DCS3::AMPSCA.AMPSCATEST_AMPTESTMODE @ 0x2002e0380
CHIP::DCS3::AMPSCA.AMPSCATEST_BISTCMD @ 0x2002e0384
CHIP::DCS3::AMPSCA.AMPSCATEST_BISTSTS @ 0x2002e0388
CHIP::DCS3::AMPSCA.AMPSCATEST_BISTRDFIFOCTRL @ 0x2002e038c
CHIP::DCS3::AMPSCA.AMPSCATEST_BISTRDFIFOSTATUS @ 0x2002e0390
CHIP::DCS3::AMPSCA.AMPSCATEST_BISTERRCAP0 @ 0x2002e0394
CHIP::DCS3::AMPSCA.AMPSCATEST_BISTERRINJCAP0 @ 0x2002e0398
CHIP::DCS3::AMPSCA.AMPSCATEST_BISTERRCAP1 @ 0x2002e039c
CHIP::DCS3::AMPSCA.AMPSCATEST_BISTERRINJCAP1 @ 0x2002e03a0
CHIP::DCS3::AMPSCA.AMPSCATEST_BISTERRPATCAP0 @ 0x2002e03a4
CHIP::DCS3::AMPSCA.AMPSCATEST_BISTEXPECTPATCAP0 @ 0x2002e03a8
CHIP::DCS3::AMPSCA.AMPSCATEST_BISTOVERRIDEPATCAP0 @ 0x2002e03ac
CHIP::DCS3::AMPSCA.AMPSCATEST_BISTERRPATCAP1 @ 0x2002e03b0
CHIP::DCS3::AMPSCA.AMPSCATEST_BISTEXPECTPATCAP1 @ 0x2002e03b4
CHIP::DCS3::AMPSCA.AMPSCATEST_BISTOVERRIDEPATCAP1 @ 0x2002e03b8
CHIP::DCS3::AMPSCA.AMPSCATEST_BISTLFSRCAP0 @ 0x2002e03bc
CHIP::DCS3::AMPSCA.AMPSCATEST_BISTLFSRCAP1 @ 0x2002e03c0
CHIP::DCS3::AMPSCA.AMPSCATEST_BISTOVRCYCCNT @ 0x2002e03c4
CHIP::DCS3::AMPSCA.AMPSCATEST_BISTSWEEP @ 0x2002e03c8
CHIP::DCS3::AMPSCA.AMPSCATEST_BISTSWEEPLOOP @ 0x2002e03cc
CHIP::DCS3::AMPSCA.AMPSCATEST_BISTSWEEPSTS0 @ 0x2002e03d0
CHIP::DCS3::AMPSCA.AMPSCATEST_BISTSWEEPSTS1 @ 0x2002e03d4
CHIP::DCS3::AMPSCA.AMPSCAIRERRDBG_AMPINTEN @ 0x2002e0400
CHIP::DCS3::AMPSCA.AMPSCAIRERRDBG_INTSTS @ 0x2002e0404
CHIP::DCS3::AMPSCA.AMPSCADESKEWCTRL_CA0_DESKEW_CTRL @ 0x2002e0500
CHIP::DCS3::AMPSCA.AMPSCADESKEWCTRL_CA1_DESKEW_CTRL @ 0x2002e0504
CHIP::DCS3::AMPSCA.AMPSCADESKEWCTRL_CA2_DESKEW_CTRL @ 0x2002e0508
CHIP::DCS3::AMPSCA.AMPSCADESKEWCTRL_CA3_DESKEW_CTRL @ 0x2002e050c
CHIP::DCS3::AMPSCA.AMPSCADESKEWCTRL_CA4_DESKEW_CTRL @ 0x2002e0510
CHIP::DCS3::AMPSCA.AMPSCADESKEWCTRL_CA5_DESKEW_CTRL @ 0x2002e0514
CHIP::DCS3::AMPSCA.AMPSCADESKEWCTRL_CS_DESKEW_CTRL @ 0x2002e0518
CHIP::DCS3::AMPSCA.AMPSCADESKEWCTRL_CK_DESKEW_CTRL @ 0x2002e051c
CHIP::DCS3::AMPSCA.AMPSCASDLLCTRL_CASDLLCTRL @ 0x2002e0700
CHIP::DCS3::AMPSCA.AMPSCASDLLCTRL_CASDLLCODE @ 0x2002e0704
CHIP::DCS3::AMPSCA.AMPSCASDLLCTRL_CSSDLLCTRL @ 0x2002e0708
CHIP::DCS3::AMPSCA.AMPSCASDLLCTRL_CSSDLLCODE @ 0x2002e070c
CHIP::DCS3::AMPSCA.AMPSCASDLLCTRL_CKSDLLCTRL @ 0x2002e0710
CHIP::DCS3::AMPSCA.AMPSCASDLLCTRL_CKSDLLCODE @ 0x2002e0714
CHIP::DCS3::AMPSCA.AMPSCASDLLCTRL_SDLLUPDATECTRL @ 0x2002e0718
CHIP::DCS3::AMPSCA.AMPSCASDLLCTRL_SDLLUPDATEDEFEREN @ 0x2002e071c
CHIP::DCS3::AMPSCA.AMPSCAWRLVL_AMPCAWRLVLSDLLCODE @ 0x2002e0800
CHIP::DCS3::AMPSCA.AMPSCAWRLVL_AMPCAWRLVLCLKDLYSEL @ 0x2002e0804
CHIP::DCS3::AMPSCA.AMPSCACACALCTRL_AMPCACALCTRL @ 0x2002e0900
CHIP::DCS3::AMPSCA.AMPSCACACALCTRL_AMPCACALCTRL2 @ 0x2002e0904
CHIP::DCS3::AMPSCA.AMPSCACACALCTRL_AMPCACACALVREF @ 0x2002e0908
CHIP::DCS3::AMPSCA.AMPSCACACALCTRL_AMPCACALPAT @ 0x2002e090c
CHIP::DCS3::AMPSCA.AMPSCACACALCTRL_AMPCACALENTRYCMD @ 0x2002e0910
CHIP::DCS3::AMPSCA.AMPSCACACALCTRL_AMPCACALEXITCMD @ 0x2002e0914
CHIP::DCS3::AMPSCA.AMPSCACACALCTRL_AMPCACALBITSELECT @ 0x2002e0918
CHIP::DCS3::AMPSCA.AMPSCACACALCTRL_AMPCACALPERBITRESULT @ 0x2002e091c
CHIP::DCS3::AMPSCA.AMPSCACACALCTRL_AMPCACALMISCOMPARE @ 0x2002e0920
CHIP::DCS3::AMPSCA.AMPSCACACALCTRL_AMPCACALRUN @ 0x2002e0924
CHIP::DCS3::AMPSCA.AMPSCACACALCTRL_AMPCACALCTRL3 @ 0x2002e0928
CHIP::DCS3::AMPSCA.AMPSCAZQCALCTRL_TZQCAL_TIMER_FREQ0 @ 0x2002e0a40
CHIP::DCS3::AMPSCA.AMPSCAZQCALCTRL_TZQCAL_TIMER_FREQ1 @ 0x2002e0a44
CHIP::DCS3::AMPSCA.AMPSCAZQCALCTRL_TZQCAL_TIMER_FREQ2 @ 0x2002e0a48
CHIP::DCS3::AMPSCA.AMPSCAZQCALCTRL_TZQCAL_TIMER_FREQ3 @ 0x2002e0a4c
CHIP::DCS3::AMPSCA.AMPSCAZQCALCTRL_TZQLAT_TIMER_FREQ0 @ 0x2002e0a50
CHIP::DCS3::AMPSCA.AMPSCAZQCALCTRL_TZQLAT_TIMER_FREQ1 @ 0x2002e0a54
CHIP::DCS3::AMPSCA.AMPSCAZQCALCTRL_TZQLAT_TIMER_FREQ2 @ 0x2002e0a58
CHIP::DCS3::AMPSCA.AMPSCAZQCALCTRL_TZQLAT_TIMER_FREQ3 @ 0x2002e0a5c
CHIP::DCS3::AMPSCA.AMPSCAPERFCNTRCTRL_RAMACCESSCNTRL @ 0x2002e0a80
CHIP::DCS3::AMPSCA.AMPSCAPERFCNTRCTRL_DLYSETUP @ 0x2002e0a84
CHIP::DCS3::AMPSCA.AMPSCAPERFCNTRCTRL_PERFCTRL2 @ 0x2002e0a88
CHIP::DCS3::AMPSCA.AMPSCAPERFCNTRCTRL_PERFCTRL3 @ 0x2002e0a8c
CHIP::DCS3::AMPSCA.AMPSCAPERFCNTRCTRL_PERFSTATUS @ 0x2002e0a90
CHIP::DCS3::AMPSCA.AMPCAWRLVLCTRL_WRLVLENTRYCMD @ 0x2002e0b00
CHIP::DCS3::AMPSCA.AMPCAWRLVLCTRL_WRLVLEXITCMD @ 0x2002e0b04
CHIP::DCS3::AMPSCA.AMPCAWRLVLCTRL_WRLVLTIMING @ 0x2002e0b08
CHIP::DCS3::AMPSCA.AMPCAWRLVLCTRL_RUNWRLVL @ 0x2002e0b0c
CHIP::DCS3::AMPSCA.AMPCAWRLVLCTRL_WRLVLRESULT @ 0x2002e0b10
CHIP::DCS3::AMPSCA.AMPSCAPHYUPDCRTL_AMPPHYUPDREQ @ 0x2002e0c00
CHIP::DCS3::AMPSCA.AMPSCAPHYUPDCRTL_AMPPHYUPDSTATUS @ 0x2002e0c04
CHIP::DCS3::AMPSCA.AMPSCAODT_ODTENABLE_F0 @ 0x2002e0d00
CHIP::DCS3::AMPSCA.AMPSCAODT_ODTENABLE_F1 @ 0x2002e0d04
CHIP::DCS3::AMPSCA.AMPSCAODT_ODTENABLE_F2 @ 0x2002e0d08
CHIP::DCS3::AMPSCA.AMPSCAODT_ODTENABLE_F3 @ 0x2002e0d0c
CHIP::DCS3::AMPSCA.AMPSCAODT_VREF_F0 @ 0x2002e0d10
CHIP::DCS3::AMPSCA.AMPSCAODT_VREF_F1 @ 0x2002e0d14
CHIP::DCS3::AMPSCA.AMPSCAODT_VREF_F2 @ 0x2002e0d18
CHIP::DCS3::AMPSCA.AMPSCAODT_VREF_F3 @ 0x2002e0d1c
CHIP::DCS3::AMPSCA.AMPSCARDWRDQCAL_RDWRDQCALTIMING_F0 @ 0x2002e0e00
CHIP::DCS3::AMPSCA.AMPSCARDWRDQCAL_RDWRDQCALSEGLEN_F0 @ 0x2002e0e04
CHIP::DCS3::AMPSCA.AMPSCARDWRDQCAL_RDWRDQCALTIMING_F1 @ 0x2002e0e08
CHIP::DCS3::AMPSCA.AMPSCARDWRDQCAL_RDWRDQCALSEGLEN_F1 @ 0x2002e0e0c
CHIP::DCS3::AMPSCA.AMPSCARDWRDQCAL_RDWRDQCALTIMING_F2 @ 0x2002e0e10
CHIP::DCS3::AMPSCA.AMPSCARDWRDQCAL_RDWRDQCALSEGLEN_F2 @ 0x2002e0e14
CHIP::DCS3::AMPSCA.AMPSCARDWRDQCAL_RDWRDQCALTIMING_F3 @ 0x2002e0e18
CHIP::DCS3::AMPSCA.AMPSCARDWRDQCAL_RDWRDQCALSEGLEN_F3 @ 0x2002e0e1c
CHIP::DCS3::AMPSCA.AMPSCARDWRDQCAL_RDWRDQCALLOOPCNT @ 0x2002e0e20
CHIP::DCS3::AMPSCA.AMPSCARDWRDQCAL_HWRDWRDQCALTIMINGCTRL1 @ 0x2002e0e24
CHIP::DCS3::AMPSCA.AMPSCARDWRDQCAL_HWRDWRDQCALTIMINGCTRL2 @ 0x2002e0e28
CHIP::DCS3::AMPSCA.AMPSCARDWRDQCAL_HWRDDQCALPATPRBS4I @ 0x2002e0e2c
CHIP::DCS3::AMPSCA.AMPSCARDWRDQCAL_HWWRDQCALPATPRBS4I @ 0x2002e0e30
CHIP::DCS3::AMPSCA.AMPSCARDWRDQCAL_HWRDWRDQCALFULLSCANENABLE @ 0x2002e0e34
CHIP::DCS3::AMPSCA.AMPSCARDWRDQCAL_RDDQCALWINDOW_F0 @ 0x2002e0e38
CHIP::DCS3::AMPSCA.AMPSCARDWRDQCAL_WRDQCALWINDOW_F0 @ 0x2002e0e3c
CHIP::DCS3::AMPSCA.AMPSCARDWRDQCAL_RDDQCALWINDOW_F1 @ 0x2002e0e40
CHIP::DCS3::AMPSCA.AMPSCARDWRDQCAL_WRDQCALWINDOW_F1 @ 0x2002e0e44
CHIP::DCS3::AMPSCA.AMPSCARDWRDQCAL_RDDQCALWINDOW_F2 @ 0x2002e0e48
CHIP::DCS3::AMPSCA.AMPSCARDWRDQCAL_WRDQCALWINDOW_F2 @ 0x2002e0e4c
CHIP::DCS3::AMPSCA.AMPSCARDWRDQCAL_RDDQCALWINDOW_F3 @ 0x2002e0e50
CHIP::DCS3::AMPSCA.AMPSCARDWRDQCAL_WRDQCALWINDOW_F3 @ 0x2002e0e54
CHIP::DCS3::AMPSCA.AMPSCARDWRDQCAL_RUNRDDQCAL @ 0x2002e0e58
CHIP::DCS3::AMPSCA.AMPSCARDWRDQCAL_RDDQCALPERBITRESULT @ 0x2002e0e5c
CHIP::DCS3::AMPSCA.AMPSCARDWRDQCAL_RUNWRDQCAL @ 0x2002e0e60
CHIP::DCS3::AMPSCA.AMPSCARDWRDQCAL_WRDQCALPERBITRESULT @ 0x2002e0e64
CHIP::DCS3::AMPSCA.AMPSCARDWRDQCAL_IDTCALCONTROL @ 0x2002e0e68
CHIP::DCS3::AMPSCA.AMPSCARDWRDQCAL_RUNIDTCAL @ 0x2002e0e6c
CHIP::DCS3::AMPSCA.AMPSCARDWRDQCAL_IDTCALSTATUS @ 0x2002e0e70
CHIP::DCS3::AMPSCA.AMPSCARDWRDQCAL_DFICALTIMING @ 0x2002e0e74
CHIP::DCS3::AMPSCA.AMPSCARDWRDQCAL_MAXWRDQSDLLMULFACTOR @ 0x2002e0e78
CHIP::DCS3::AMPSCA.AMPSCARDWRDQCAL_MAXRDDQSSDLLMULFACTOR @ 0x2002e0e7c
CHIP::DCS3::AMPSCA.AMPSCARDWRDQCAL_MAXWRDQSSDLLMULFACTOR @ 0x2002e0e80
CHIP::DCS3::AMPSCA.AMPSCARDWRDQCAL_HWRDWRDQCALSTATUSSEL @ 0x2002e0e84
CHIP::DCS3::AMPSCA.AMPSCARDWRDQCAL_HWRDDQ0CALSTATUS @ 0x2002e0e88
CHIP::DCS3::AMPSCA.AMPSCARDWRDQCAL_HWRDDQ1CALSTATUS @ 0x2002e0e8c
CHIP::DCS3::AMPSCA.AMPSCARDWRDQCAL_HWWRDQ0CALSTATUS @ 0x2002e0e90
CHIP::DCS3::AMPSCA.AMPSCARDWRDQCAL_HWWRDQ1CALSTATUS @ 0x2002e0e94
CHIP::DCS3::AMPSCA.AMPSCARDWRDQCAL_HWRDWRDQCALCONTROL @ 0x2002e0e98
CHIP::DCS3::AMPSCA.AMPSCARDWRDQCAL_HWRDWRDQCALRESULTADJUST @ 0x2002e0e9c
CHIP::DCS3::AMPSCA.AMPSCAAMPHSPARE_AMPHSPARESTATUS @ 0x2002e0f00
CHIP::DCS3::AMPSCA.AMPSCAAMPHSPARE_AMPHSPARECONTROL @ 0x2002e0f04
CHIP::DCS3::AMPSCA.DFICALTIMING2_DFICALTIMING_F1 @ 0x2002e0f80
CHIP::DCS3::AMPSCA.DFICALTIMING2_DFICALTIMING_F2 @ 0x2002e0f84
CHIP::DCS3::AMPSCA.DFICALTIMING2_DFICALTIMING_F3 @ 0x2002e0f88
CHIP::DCS3::AMPSDQ0.AMPSDQGEN_AMPEN @ 0x2002e8000
CHIP::DCS3::AMPSDQ0.AMPSDQGEN_AMPCLK @ 0x2002e8004
CHIP::DCS3::AMPSDQ0.AMPSDQGEN_AMPINIT @ 0x2002e8008
CHIP::DCS3::AMPSDQ0.AMPSDQGEN_AMPVER @ 0x2002e800c
CHIP::DCS3::AMPSDQ0.AMPSDQIOCFG_DRAMSIGDLY0 @ 0x2002e8080
CHIP::DCS3::AMPSDQ0.AMPSDQIOCFG_DQDQSDS_F0 @ 0x2002e8084
CHIP::DCS3::AMPSDQ0.AMPSDQIOCFG_DQDQSDS_F1 @ 0x2002e8088
CHIP::DCS3::AMPSDQ0.AMPSDQIOCFG_DQDQSDS_F2 @ 0x2002e808c
CHIP::DCS3::AMPSDQ0.AMPSDQIOCFG_DQDQSDS_F3 @ 0x2002e8090
CHIP::DCS3::AMPSDQ0.AMPSDQIOCFG_DIFFMODE_FREQ0 @ 0x2002e8094
CHIP::DCS3::AMPSDQ0.AMPSDQIOCFG_DIFFMODE_FREQ1 @ 0x2002e8098
CHIP::DCS3::AMPSDQ0.AMPSDQIOCFG_DIFFMODE_FREQ2 @ 0x2002e809c
CHIP::DCS3::AMPSDQ0.AMPSDQIOCFG_DIFFMODE_FREQ3 @ 0x2002e80a0
CHIP::DCS3::AMPSDQ0.AMPSDQIOCFG_DQFLTCTRL @ 0x2002e80a4
CHIP::DCS3::AMPSDQ0.AMPSDQIOCFG_DCC @ 0x2002e80a8
CHIP::DCS3::AMPSDQ0.AMPSDQIOCFG_DQDS_F0 @ 0x2002e80ac
CHIP::DCS3::AMPSDQ0.AMPSDQIOCFG_DQDS_F1 @ 0x2002e80b0
CHIP::DCS3::AMPSDQ0.AMPSDQIOCFG_DQDS_F2 @ 0x2002e80b4
CHIP::DCS3::AMPSDQ0.AMPSDQIOCFG_DQDS_F3 @ 0x2002e80b8
CHIP::DCS3::AMPSDQ0.AMPSDQRDTIM_RDCAPCFG_FREQ0 @ 0x2002e8100
CHIP::DCS3::AMPSDQ0.AMPSDQRDTIM_RDCAPCFG_FREQ1 @ 0x2002e8104
CHIP::DCS3::AMPSDQ0.AMPSDQRDTIM_RDCAPCFG_FREQ2 @ 0x2002e8108
CHIP::DCS3::AMPSDQ0.AMPSDQRDTIM_RDCAPCFG_FREQ3 @ 0x2002e810c
CHIP::DCS3::AMPSDQ0.AMPSDQRDTIM_DQSPDENALWAYSON @ 0x2002e8110
CHIP::DCS3::AMPSDQ0.AMPSDQRDTIM_DQSPDRES @ 0x2002e8114
CHIP::DCS3::AMPSDQ0.AMPSDQRDTIM_RDFIFOPTRSTATUS @ 0x2002e8118
CHIP::DCS3::AMPSDQ0.AMPSDQRDTIM_CALDQMSK @ 0x2002e811c
CHIP::DCS3::AMPSDQ0.AMPSDQRDTIM_CALPATCFG @ 0x2002e8120
CHIP::DCS3::AMPSDQ0.AMPSDQRDTIM_DQTRNCFG @ 0x2002e8124
CHIP::DCS3::AMPSDQ0.AMPSDQRDTIM_DQTRNCMD @ 0x2002e8128
CHIP::DCS3::AMPSDQ0.AMPSDQRDTIM_DQTRNSTS @ 0x2002e812c
CHIP::DCS3::AMPSDQ0.AMPSDQDLLCTL_DLLEN @ 0x2002e8180
CHIP::DCS3::AMPSDQ0.AMPSDQDLLCTL_MDLLFREQBINDISABLE @ 0x2002e8184
CHIP::DCS3::AMPSDQ0.AMPSDQDLLCTL_MDLLFREQSCALE @ 0x2002e8188
CHIP::DCS3::AMPSDQ0.AMPSDQDLLCTL_DLLUPDTCMD @ 0x2002e818c
CHIP::DCS3::AMPSDQ0.AMPSDQDLLCTL_MDLLOVERRIDE @ 0x2002e8190
CHIP::DCS3::AMPSDQ0.AMPSDQDLLCTL_MDLLCODE @ 0x2002e8194
CHIP::DCS3::AMPSDQ0.AMPSDQDLLCTL_DLLLOCKTIM @ 0x2002e8198
CHIP::DCS3::AMPSDQ0.AMPSDQDLLCTL_DLLLOCKCTRL @ 0x2002e819c
CHIP::DCS3::AMPSDQ0.AMPSDQDLLCTL_DLLUPDTINTVL @ 0x2002e81a0
CHIP::DCS3::AMPSDQ0.AMPSDQDLLCTL_DLLUPDTCTRL @ 0x2002e81a4
CHIP::DCS3::AMPSDQ0.AMPSDQDLLCTL_DLLSTS @ 0x2002e81a8
CHIP::DCS3::AMPSDQ0.AMPSDQDLLCTL_MASTERSTATUS0 @ 0x2002e81ac
CHIP::DCS3::AMPSDQ0.AMPSDQDLLCTL_MASTERSTATUSSTPSZ @ 0x2002e81b0
CHIP::DCS3::AMPSDQ0.AMPSDQDLLCTL_SLAVESTATUSSEL @ 0x2002e81b4
CHIP::DCS3::AMPSDQ0.AMPSDQDLLCTL_SLAVESTATUS @ 0x2002e81b8
CHIP::DCS3::AMPSDQ0.AMPSDQDLLCTL_DQSINDLL0SCL_FREQ0 @ 0x2002e81bc
CHIP::DCS3::AMPSDQ0.AMPSDQDLLCTL_DQSINDLL0SCL_FREQ1 @ 0x2002e81c0
CHIP::DCS3::AMPSDQ0.AMPSDQDLLCTL_DQSINDLL0SCL_FREQ2 @ 0x2002e81c4
CHIP::DCS3::AMPSDQ0.AMPSDQDLLCTL_DQSINDLL0SCL_FREQ3 @ 0x2002e81c8
CHIP::DCS3::AMPSDQ0.AMPSDQDLLCTL_MDLLCODECAPTURECONTROL @ 0x2002e81cc
CHIP::DCS3::AMPSDQ0.AMPSDQDLLCTL_MDLLVTSCALECONTROL @ 0x2002e81d0
CHIP::DCS3::AMPSDQ0.AMPSDQDLLCTL_CAMDLLVTSCALEREFCONTROL @ 0x2002e81d4
CHIP::DCS3::AMPSDQ0.AMPSDQDLLCTL_RDMDLLVTSCALEREFCONTROL @ 0x2002e81d8
CHIP::DCS3::AMPSDQ0.AMPSDQDLLCTL_WRMDLLVTSCALEREFCONTROL @ 0x2002e81dc
CHIP::DCS3::AMPSDQ0.AMPSDQDLLCTL_CAVTSCALEFACTORSTATUS @ 0x2002e81e0
CHIP::DCS3::AMPSDQ0.AMPSDQDLLCTL_RDVTSCALEFACTORSTATUS @ 0x2002e81e4
CHIP::DCS3::AMPSDQ0.AMPSDQDLLCTL_WRVTSCALEFACTORSTATUS @ 0x2002e81e8
CHIP::DCS3::AMPSDQ0.AMPSDQTEST_AMPTESTMODE @ 0x2002e8200
CHIP::DCS3::AMPSDQ0.AMPSDQTEST_BISTCMD @ 0x2002e8204
CHIP::DCS3::AMPSDQ0.AMPSDQTEST_BISTSTS @ 0x2002e8208
CHIP::DCS3::AMPSDQ0.AMPSDQTEST_BISTERRDQ0P0 @ 0x2002e820c
CHIP::DCS3::AMPSDQ0.AMPSDQTEST_BISTERRDQ0P1 @ 0x2002e8210
CHIP::DCS3::AMPSDQ0.AMPSDQTEST_BISTERRPATDQ0P0 @ 0x2002e8214
CHIP::DCS3::AMPSDQ0.AMPSDQTEST_BISTEXPECTPATDQ0P0 @ 0x2002e8218
CHIP::DCS3::AMPSDQ0.AMPSDQTEST_BISTOVERRIDEPATDQ0P0 @ 0x2002e821c
CHIP::DCS3::AMPSDQ0.AMPSDQTEST_BISTERRINJDQ0P0 @ 0x2002e8220
CHIP::DCS3::AMPSDQ0.AMPSDQTEST_BISTERRPATDQ0P1 @ 0x2002e8224
CHIP::DCS3::AMPSDQ0.AMPSDQTEST_BISTEXPECTPATDQ0P1 @ 0x2002e8228
CHIP::DCS3::AMPSDQ0.AMPSDQTEST_BISTOVERRIDEPATDQ0P1 @ 0x2002e822c
CHIP::DCS3::AMPSDQ0.AMPSDQTEST_BISTERRINJDQ0P1 @ 0x2002e8230
CHIP::DCS3::AMPSDQ0.AMPSDQTEST_BISTLFSRDQ0P0 @ 0x2002e8234
CHIP::DCS3::AMPSDQ0.AMPSDQTEST_BISTLFSRDQ0P1 @ 0x2002e8238
CHIP::DCS3::AMPSDQ0.AMPSDQTEST_BISTOVRCYCCNT @ 0x2002e823c
CHIP::DCS3::AMPSDQ0.AMPSDQTEST_BISTSWEEP @ 0x2002e8240
CHIP::DCS3::AMPSDQ0.AMPSDQTEST_BISTSWEEPLOOP @ 0x2002e8244
CHIP::DCS3::AMPSDQ0.AMPSDQTEST_BISTSWEEPSTS0 @ 0x2002e8248
CHIP::DCS3::AMPSDQ0.AMPSDQTEST_BISTSWEEPSTS1 @ 0x2002e824c
CHIP::DCS3::AMPSDQ0.AMPSDQIRERRDBG_AMPINTEN @ 0x2002e8300
CHIP::DCS3::AMPSDQ0.AMPSDQIRERRDBG_INTSTS @ 0x2002e8304
CHIP::DCS3::AMPSDQ0.AMPSDQDESKEWCTRL_WR0DQ0_DESKEW_CTRL @ 0x2002e8400
CHIP::DCS3::AMPSDQ0.AMPSDQDESKEWCTRL_WR0DQ1_DESKEW_CTRL @ 0x2002e8404
CHIP::DCS3::AMPSDQ0.AMPSDQDESKEWCTRL_WR0DQ2_DESKEW_CTRL @ 0x2002e8408
CHIP::DCS3::AMPSDQ0.AMPSDQDESKEWCTRL_WR0DQ3_DESKEW_CTRL @ 0x2002e840c
CHIP::DCS3::AMPSDQ0.AMPSDQDESKEWCTRL_WR0DQ4_DESKEW_CTRL @ 0x2002e8410
CHIP::DCS3::AMPSDQ0.AMPSDQDESKEWCTRL_WR0DQ5_DESKEW_CTRL @ 0x2002e8414
CHIP::DCS3::AMPSDQ0.AMPSDQDESKEWCTRL_WR0DQ6_DESKEW_CTRL @ 0x2002e8418
CHIP::DCS3::AMPSDQ0.AMPSDQDESKEWCTRL_WR0DQ7_DESKEW_CTRL @ 0x2002e841c
CHIP::DCS3::AMPSDQ0.AMPSDQDESKEWCTRL_WR0DQS_DESKEW_CTRL @ 0x2002e8420
CHIP::DCS3::AMPSDQ0.AMPSDQDESKEWCTRL_WR0DM_DESKEW_CTRL @ 0x2002e8424
CHIP::DCS3::AMPSDQ0.AMPSDQDESKEWCTRL_RD0DQ0_DESKEW_CTRL @ 0x2002e8428
CHIP::DCS3::AMPSDQ0.AMPSDQDESKEWCTRL_RD0DQ1_DESKEW_CTRL @ 0x2002e842c
CHIP::DCS3::AMPSDQ0.AMPSDQDESKEWCTRL_RD0DQ2_DESKEW_CTRL @ 0x2002e8430
CHIP::DCS3::AMPSDQ0.AMPSDQDESKEWCTRL_RD0DQ3_DESKEW_CTRL @ 0x2002e8434
CHIP::DCS3::AMPSDQ0.AMPSDQDESKEWCTRL_RD0DQ4_DESKEW_CTRL @ 0x2002e8438
CHIP::DCS3::AMPSDQ0.AMPSDQDESKEWCTRL_RD0DQ5_DESKEW_CTRL @ 0x2002e843c
CHIP::DCS3::AMPSDQ0.AMPSDQDESKEWCTRL_RD0DQ6_DESKEW_CTRL @ 0x2002e8440
CHIP::DCS3::AMPSDQ0.AMPSDQDESKEWCTRL_RD0DQ7_DESKEW_CTRL @ 0x2002e8444
CHIP::DCS3::AMPSDQ0.AMPSDQDESKEWCTRL_RD0DQS_DESKEW_CTRL @ 0x2002e8448
CHIP::DCS3::AMPSDQ0.AMPSDQDESKEWCTRL_RD0DM_DESKEW_CTRL @ 0x2002e844c
CHIP::DCS3::AMPSDQ0.AMPSDQSDLLCTRL_WRDQDQSSDLLCTRL @ 0x2002e8600
CHIP::DCS3::AMPSDQ0.AMPSDQSDLLCTRL_WRDQDQSSDLLCODE @ 0x2002e8604
CHIP::DCS3::AMPSDQ0.AMPSDQSDLLCTRL_RD0SDLLCTRL @ 0x2002e8608
CHIP::DCS3::AMPSDQ0.AMPSDQSDLLCTRL_RD0SDLLCODE @ 0x2002e860c
CHIP::DCS3::AMPSDQ0.AMPSDQSDLLCTRL_RDCAP0SDLLCTRL @ 0x2002e8610
CHIP::DCS3::AMPSDQ0.AMPSDQSDLLCTRL_RDCAP0SDLLCODE @ 0x2002e8614
CHIP::DCS3::AMPSDQ0.AMPSDQSDLLCTRL_RDDQSDLLDELAYSEL @ 0x2002e8618
CHIP::DCS3::AMPSDQ0.AMPSDQSDLLCTRL_SDLLUPDATECTRL @ 0x2002e861c
CHIP::DCS3::AMPSDQ0.AMPSDQSDLLCTRL_WRTDQSDQSKEWCONTROL @ 0x2002e8620
CHIP::DCS3::AMPSDQ0.AMPSDQSDLLCTRL_WRTDQSDQSKEW @ 0x2002e8624
CHIP::DCS3::AMPSDQ0.AMPSDQSDLLCTRL_SDLLUPDATEDEFEREN @ 0x2002e8628
CHIP::DCS3::AMPSDQ0.AMPSDQWRLVL_AMPWRLVLDLYCHAINCTRL0 @ 0x2002e8700
CHIP::DCS3::AMPSDQ0.AMPSDQWRLVL_AMPWRLVLSDLLCODE0 @ 0x2002e8704
CHIP::DCS3::AMPSDQ0.AMPSDQCACALCTRL_AMPCACALCTRL @ 0x2002e8800
CHIP::DCS3::AMPSDQ0.AMPSDQCACALCTRL_AMPCACALMASK @ 0x2002e8804
CHIP::DCS3::AMPSDQ0.AMPSDQCACALCTRL_AMPCACALCABYTESEL @ 0x2002e8808
CHIP::DCS3::AMPSDQ0.AMPSDQCACALCTRL_AMPCACALCAMAP0 @ 0x2002e880c
CHIP::DCS3::AMPSDQ0.AMPSDQCACALCTRL_AMPCACALCAMAP1 @ 0x2002e8810
CHIP::DCS3::AMPSDQ0.AMPSDQCACALCTRL_AMPCACALCAMAP2 @ 0x2002e8814
CHIP::DCS3::AMPSDQ0.AMPSDQCACALCTRL_AMPCACALPAT0 @ 0x2002e8818
CHIP::DCS3::AMPSDQ0.AMPSDQCACALCTRL_AMPCACALPAT1 @ 0x2002e881c
CHIP::DCS3::AMPSDQ0.AMPSDQCACALCTRL_AMPCACALPAT2 @ 0x2002e8820
CHIP::DCS3::AMPSDQ0.AMPSDQCACALCTRL_AMPCACALPAT3 @ 0x2002e8824
CHIP::DCS3::AMPSDQ0.AMPSDQCACALCTRL_AMPCACALPAT4 @ 0x2002e8828
CHIP::DCS3::AMPSDQ0.AMPSDQCACALCTRL_AMPCACALPAT5 @ 0x2002e882c
CHIP::DCS3::AMPSDQ0.AMPSDQCACALCTRL_AMPCACALPAT6 @ 0x2002e8830
CHIP::DCS3::AMPSDQ0.AMPSDQCACALCTRL_AMPCACALPAT7 @ 0x2002e8834
CHIP::DCS3::AMPSDQ0.AMPSDQCACALCTRL_AMPCACALRUN @ 0x2002e8838
CHIP::DCS3::AMPSDQ0.AMPSDQCACALCTRL_AMPCACALRESULT @ 0x2002e883c
CHIP::DCS3::AMPSDQ0.AMPSDQDQCALCTRL_AMPDQCALCTRL @ 0x2002e8900
CHIP::DCS3::AMPSDQ0.AMPSDQDQCALCTRL_AMPDQCALMASK @ 0x2002e8904
CHIP::DCS3::AMPSDQ0.AMPSDQDQCALCTRL_AMPDQCALRUN @ 0x2002e8908
CHIP::DCS3::AMPSDQ0.AMPSDQDQCALCTRL_AMPDQCALRESULT @ 0x2002e890c
CHIP::DCS3::AMPSDQ0.AMPSDQPHYUPDCRTL_AMPPHYUPDREQ @ 0x2002e8a00
CHIP::DCS3::AMPSDQ0.AMPSDQPHYUPDCRTL_AMPPHYUPDSTATUS @ 0x2002e8a04
CHIP::DCS3::AMPSDQ0.AMPSDQPERFCNTRCTRL_RAMACCESSCNTRL @ 0x2002e8a80
CHIP::DCS3::AMPSDQ0.AMPSDQPERFCNTRCTRL_DLYSETUP @ 0x2002e8a84
CHIP::DCS3::AMPSDQ0.AMPSDQPERFCNTRCTRL_PERFCTRL2 @ 0x2002e8a88
CHIP::DCS3::AMPSDQ0.AMPSDQPERFCNTRCTRL_PERFCTRL3 @ 0x2002e8a8c
CHIP::DCS3::AMPSDQ0.AMPSDQPERFCNTRCTRL_PERFSTATUS @ 0x2002e8a90
CHIP::DCS3::AMPSDQ0.AMPSDQODT_VREF_F0 @ 0x2002e8b00
CHIP::DCS3::AMPSDQ0.AMPSDQODT_VREF_F1 @ 0x2002e8b04
CHIP::DCS3::AMPSDQ0.AMPSDQODT_VREF_F2 @ 0x2002e8b08
CHIP::DCS3::AMPSDQ0.AMPSDQODT_VREF_F3 @ 0x2002e8b0c
CHIP::DCS3::AMPSDQ0.AMPSDQAMPHSPARE_AMPHSPARESTATUS @ 0x2002e8c00
CHIP::DCS3::AMPSDQ0.AMPSDQAMPHSPARE_AMPHSPARECONTROL @ 0x2002e8c04
CHIP::DCS3::AMPSDQ0.AMPSDQMULFACTOR_RDDQSMULFACTOR @ 0x2002e8d00
CHIP::DCS3::AMPSDQ0.DFICALTIMING_DFICALTIMING_F0 @ 0x2002e8d80
CHIP::DCS3::AMPSDQ0.DFICALTIMING_DFICALTIMING_F1 @ 0x2002e8d84
CHIP::DCS3::AMPSDQ0.DFICALTIMING_DFICALTIMING_F2 @ 0x2002e8d88
CHIP::DCS3::AMPSDQ0.DFICALTIMING_DFICALTIMING_F3 @ 0x2002e8d8c
CHIP::DCS3::AMPSDQ1.AMPSDQGEN_AMPEN @ 0x2002f0000
CHIP::DCS3::AMPSDQ1.AMPSDQGEN_AMPCLK @ 0x2002f0004
CHIP::DCS3::AMPSDQ1.AMPSDQGEN_AMPINIT @ 0x2002f0008
CHIP::DCS3::AMPSDQ1.AMPSDQGEN_AMPVER @ 0x2002f000c
CHIP::DCS3::AMPSDQ1.AMPSDQIOCFG_DRAMSIGDLY0 @ 0x2002f0080
CHIP::DCS3::AMPSDQ1.AMPSDQIOCFG_DQDQSDS_F0 @ 0x2002f0084
CHIP::DCS3::AMPSDQ1.AMPSDQIOCFG_DQDQSDS_F1 @ 0x2002f0088
CHIP::DCS3::AMPSDQ1.AMPSDQIOCFG_DQDQSDS_F2 @ 0x2002f008c
CHIP::DCS3::AMPSDQ1.AMPSDQIOCFG_DQDQSDS_F3 @ 0x2002f0090
CHIP::DCS3::AMPSDQ1.AMPSDQIOCFG_DIFFMODE_FREQ0 @ 0x2002f0094
CHIP::DCS3::AMPSDQ1.AMPSDQIOCFG_DIFFMODE_FREQ1 @ 0x2002f0098
CHIP::DCS3::AMPSDQ1.AMPSDQIOCFG_DIFFMODE_FREQ2 @ 0x2002f009c
CHIP::DCS3::AMPSDQ1.AMPSDQIOCFG_DIFFMODE_FREQ3 @ 0x2002f00a0
CHIP::DCS3::AMPSDQ1.AMPSDQIOCFG_DQFLTCTRL @ 0x2002f00a4
CHIP::DCS3::AMPSDQ1.AMPSDQIOCFG_DCC @ 0x2002f00a8
CHIP::DCS3::AMPSDQ1.AMPSDQIOCFG_DQDS_F0 @ 0x2002f00ac
CHIP::DCS3::AMPSDQ1.AMPSDQIOCFG_DQDS_F1 @ 0x2002f00b0
CHIP::DCS3::AMPSDQ1.AMPSDQIOCFG_DQDS_F2 @ 0x2002f00b4
CHIP::DCS3::AMPSDQ1.AMPSDQIOCFG_DQDS_F3 @ 0x2002f00b8
CHIP::DCS3::AMPSDQ1.AMPSDQRDTIM_RDCAPCFG_FREQ0 @ 0x2002f0100
CHIP::DCS3::AMPSDQ1.AMPSDQRDTIM_RDCAPCFG_FREQ1 @ 0x2002f0104
CHIP::DCS3::AMPSDQ1.AMPSDQRDTIM_RDCAPCFG_FREQ2 @ 0x2002f0108
CHIP::DCS3::AMPSDQ1.AMPSDQRDTIM_RDCAPCFG_FREQ3 @ 0x2002f010c
CHIP::DCS3::AMPSDQ1.AMPSDQRDTIM_DQSPDENALWAYSON @ 0x2002f0110
CHIP::DCS3::AMPSDQ1.AMPSDQRDTIM_DQSPDRES @ 0x2002f0114
CHIP::DCS3::AMPSDQ1.AMPSDQRDTIM_RDFIFOPTRSTATUS @ 0x2002f0118
CHIP::DCS3::AMPSDQ1.AMPSDQRDTIM_CALDQMSK @ 0x2002f011c
CHIP::DCS3::AMPSDQ1.AMPSDQRDTIM_CALPATCFG @ 0x2002f0120
CHIP::DCS3::AMPSDQ1.AMPSDQRDTIM_DQTRNCFG @ 0x2002f0124
CHIP::DCS3::AMPSDQ1.AMPSDQRDTIM_DQTRNCMD @ 0x2002f0128
CHIP::DCS3::AMPSDQ1.AMPSDQRDTIM_DQTRNSTS @ 0x2002f012c
CHIP::DCS3::AMPSDQ1.AMPSDQDLLCTL_DLLEN @ 0x2002f0180
CHIP::DCS3::AMPSDQ1.AMPSDQDLLCTL_MDLLFREQBINDISABLE @ 0x2002f0184
CHIP::DCS3::AMPSDQ1.AMPSDQDLLCTL_MDLLFREQSCALE @ 0x2002f0188
CHIP::DCS3::AMPSDQ1.AMPSDQDLLCTL_DLLUPDTCMD @ 0x2002f018c
CHIP::DCS3::AMPSDQ1.AMPSDQDLLCTL_MDLLOVERRIDE @ 0x2002f0190
CHIP::DCS3::AMPSDQ1.AMPSDQDLLCTL_MDLLCODE @ 0x2002f0194
CHIP::DCS3::AMPSDQ1.AMPSDQDLLCTL_DLLLOCKTIM @ 0x2002f0198
CHIP::DCS3::AMPSDQ1.AMPSDQDLLCTL_DLLLOCKCTRL @ 0x2002f019c
CHIP::DCS3::AMPSDQ1.AMPSDQDLLCTL_DLLUPDTINTVL @ 0x2002f01a0
CHIP::DCS3::AMPSDQ1.AMPSDQDLLCTL_DLLUPDTCTRL @ 0x2002f01a4
CHIP::DCS3::AMPSDQ1.AMPSDQDLLCTL_DLLSTS @ 0x2002f01a8
CHIP::DCS3::AMPSDQ1.AMPSDQDLLCTL_MASTERSTATUS0 @ 0x2002f01ac
CHIP::DCS3::AMPSDQ1.AMPSDQDLLCTL_MASTERSTATUSSTPSZ @ 0x2002f01b0
CHIP::DCS3::AMPSDQ1.AMPSDQDLLCTL_SLAVESTATUSSEL @ 0x2002f01b4
CHIP::DCS3::AMPSDQ1.AMPSDQDLLCTL_SLAVESTATUS @ 0x2002f01b8
CHIP::DCS3::AMPSDQ1.AMPSDQDLLCTL_DQSINDLL0SCL_FREQ0 @ 0x2002f01bc
CHIP::DCS3::AMPSDQ1.AMPSDQDLLCTL_DQSINDLL0SCL_FREQ1 @ 0x2002f01c0
CHIP::DCS3::AMPSDQ1.AMPSDQDLLCTL_DQSINDLL0SCL_FREQ2 @ 0x2002f01c4
CHIP::DCS3::AMPSDQ1.AMPSDQDLLCTL_DQSINDLL0SCL_FREQ3 @ 0x2002f01c8
CHIP::DCS3::AMPSDQ1.AMPSDQDLLCTL_MDLLCODECAPTURECONTROL @ 0x2002f01cc
CHIP::DCS3::AMPSDQ1.AMPSDQDLLCTL_MDLLVTSCALECONTROL @ 0x2002f01d0
CHIP::DCS3::AMPSDQ1.AMPSDQDLLCTL_CAMDLLVTSCALEREFCONTROL @ 0x2002f01d4
CHIP::DCS3::AMPSDQ1.AMPSDQDLLCTL_RDMDLLVTSCALEREFCONTROL @ 0x2002f01d8
CHIP::DCS3::AMPSDQ1.AMPSDQDLLCTL_WRMDLLVTSCALEREFCONTROL @ 0x2002f01dc
CHIP::DCS3::AMPSDQ1.AMPSDQDLLCTL_CAVTSCALEFACTORSTATUS @ 0x2002f01e0
CHIP::DCS3::AMPSDQ1.AMPSDQDLLCTL_RDVTSCALEFACTORSTATUS @ 0x2002f01e4
CHIP::DCS3::AMPSDQ1.AMPSDQDLLCTL_WRVTSCALEFACTORSTATUS @ 0x2002f01e8
CHIP::DCS3::AMPSDQ1.AMPSDQTEST_AMPTESTMODE @ 0x2002f0200
CHIP::DCS3::AMPSDQ1.AMPSDQTEST_BISTCMD @ 0x2002f0204
CHIP::DCS3::AMPSDQ1.AMPSDQTEST_BISTSTS @ 0x2002f0208
CHIP::DCS3::AMPSDQ1.AMPSDQTEST_BISTERRDQ0P0 @ 0x2002f020c
CHIP::DCS3::AMPSDQ1.AMPSDQTEST_BISTERRDQ0P1 @ 0x2002f0210
CHIP::DCS3::AMPSDQ1.AMPSDQTEST_BISTERRPATDQ0P0 @ 0x2002f0214
CHIP::DCS3::AMPSDQ1.AMPSDQTEST_BISTEXPECTPATDQ0P0 @ 0x2002f0218
CHIP::DCS3::AMPSDQ1.AMPSDQTEST_BISTOVERRIDEPATDQ0P0 @ 0x2002f021c
CHIP::DCS3::AMPSDQ1.AMPSDQTEST_BISTERRINJDQ0P0 @ 0x2002f0220
CHIP::DCS3::AMPSDQ1.AMPSDQTEST_BISTERRPATDQ0P1 @ 0x2002f0224
CHIP::DCS3::AMPSDQ1.AMPSDQTEST_BISTEXPECTPATDQ0P1 @ 0x2002f0228
CHIP::DCS3::AMPSDQ1.AMPSDQTEST_BISTOVERRIDEPATDQ0P1 @ 0x2002f022c
CHIP::DCS3::AMPSDQ1.AMPSDQTEST_BISTERRINJDQ0P1 @ 0x2002f0230
CHIP::DCS3::AMPSDQ1.AMPSDQTEST_BISTLFSRDQ0P0 @ 0x2002f0234
CHIP::DCS3::AMPSDQ1.AMPSDQTEST_BISTLFSRDQ0P1 @ 0x2002f0238
CHIP::DCS3::AMPSDQ1.AMPSDQTEST_BISTOVRCYCCNT @ 0x2002f023c
CHIP::DCS3::AMPSDQ1.AMPSDQTEST_BISTSWEEP @ 0x2002f0240
CHIP::DCS3::AMPSDQ1.AMPSDQTEST_BISTSWEEPLOOP @ 0x2002f0244
CHIP::DCS3::AMPSDQ1.AMPSDQTEST_BISTSWEEPSTS0 @ 0x2002f0248
CHIP::DCS3::AMPSDQ1.AMPSDQTEST_BISTSWEEPSTS1 @ 0x2002f024c
CHIP::DCS3::AMPSDQ1.AMPSDQIRERRDBG_AMPINTEN @ 0x2002f0300
CHIP::DCS3::AMPSDQ1.AMPSDQIRERRDBG_INTSTS @ 0x2002f0304
CHIP::DCS3::AMPSDQ1.AMPSDQDESKEWCTRL_WR0DQ0_DESKEW_CTRL @ 0x2002f0400
CHIP::DCS3::AMPSDQ1.AMPSDQDESKEWCTRL_WR0DQ1_DESKEW_CTRL @ 0x2002f0404
CHIP::DCS3::AMPSDQ1.AMPSDQDESKEWCTRL_WR0DQ2_DESKEW_CTRL @ 0x2002f0408
CHIP::DCS3::AMPSDQ1.AMPSDQDESKEWCTRL_WR0DQ3_DESKEW_CTRL @ 0x2002f040c
CHIP::DCS3::AMPSDQ1.AMPSDQDESKEWCTRL_WR0DQ4_DESKEW_CTRL @ 0x2002f0410
CHIP::DCS3::AMPSDQ1.AMPSDQDESKEWCTRL_WR0DQ5_DESKEW_CTRL @ 0x2002f0414
CHIP::DCS3::AMPSDQ1.AMPSDQDESKEWCTRL_WR0DQ6_DESKEW_CTRL @ 0x2002f0418
CHIP::DCS3::AMPSDQ1.AMPSDQDESKEWCTRL_WR0DQ7_DESKEW_CTRL @ 0x2002f041c
CHIP::DCS3::AMPSDQ1.AMPSDQDESKEWCTRL_WR0DQS_DESKEW_CTRL @ 0x2002f0420
CHIP::DCS3::AMPSDQ1.AMPSDQDESKEWCTRL_WR0DM_DESKEW_CTRL @ 0x2002f0424
CHIP::DCS3::AMPSDQ1.AMPSDQDESKEWCTRL_RD0DQ0_DESKEW_CTRL @ 0x2002f0428
CHIP::DCS3::AMPSDQ1.AMPSDQDESKEWCTRL_RD0DQ1_DESKEW_CTRL @ 0x2002f042c
CHIP::DCS3::AMPSDQ1.AMPSDQDESKEWCTRL_RD0DQ2_DESKEW_CTRL @ 0x2002f0430
CHIP::DCS3::AMPSDQ1.AMPSDQDESKEWCTRL_RD0DQ3_DESKEW_CTRL @ 0x2002f0434
CHIP::DCS3::AMPSDQ1.AMPSDQDESKEWCTRL_RD0DQ4_DESKEW_CTRL @ 0x2002f0438
CHIP::DCS3::AMPSDQ1.AMPSDQDESKEWCTRL_RD0DQ5_DESKEW_CTRL @ 0x2002f043c
CHIP::DCS3::AMPSDQ1.AMPSDQDESKEWCTRL_RD0DQ6_DESKEW_CTRL @ 0x2002f0440
CHIP::DCS3::AMPSDQ1.AMPSDQDESKEWCTRL_RD0DQ7_DESKEW_CTRL @ 0x2002f0444
CHIP::DCS3::AMPSDQ1.AMPSDQDESKEWCTRL_RD0DQS_DESKEW_CTRL @ 0x2002f0448
CHIP::DCS3::AMPSDQ1.AMPSDQDESKEWCTRL_RD0DM_DESKEW_CTRL @ 0x2002f044c
CHIP::DCS3::AMPSDQ1.AMPSDQSDLLCTRL_WRDQDQSSDLLCTRL @ 0x2002f0600
CHIP::DCS3::AMPSDQ1.AMPSDQSDLLCTRL_WRDQDQSSDLLCODE @ 0x2002f0604
CHIP::DCS3::AMPSDQ1.AMPSDQSDLLCTRL_RD0SDLLCTRL @ 0x2002f0608
CHIP::DCS3::AMPSDQ1.AMPSDQSDLLCTRL_RD0SDLLCODE @ 0x2002f060c
CHIP::DCS3::AMPSDQ1.AMPSDQSDLLCTRL_RDCAP0SDLLCTRL @ 0x2002f0610
CHIP::DCS3::AMPSDQ1.AMPSDQSDLLCTRL_RDCAP0SDLLCODE @ 0x2002f0614
CHIP::DCS3::AMPSDQ1.AMPSDQSDLLCTRL_RDDQSDLLDELAYSEL @ 0x2002f0618
CHIP::DCS3::AMPSDQ1.AMPSDQSDLLCTRL_SDLLUPDATECTRL @ 0x2002f061c
CHIP::DCS3::AMPSDQ1.AMPSDQSDLLCTRL_WRTDQSDQSKEWCONTROL @ 0x2002f0620
CHIP::DCS3::AMPSDQ1.AMPSDQSDLLCTRL_WRTDQSDQSKEW @ 0x2002f0624
CHIP::DCS3::AMPSDQ1.AMPSDQSDLLCTRL_SDLLUPDATEDEFEREN @ 0x2002f0628
CHIP::DCS3::AMPSDQ1.AMPSDQWRLVL_AMPWRLVLDLYCHAINCTRL0 @ 0x2002f0700
CHIP::DCS3::AMPSDQ1.AMPSDQWRLVL_AMPWRLVLSDLLCODE0 @ 0x2002f0704
CHIP::DCS3::AMPSDQ1.AMPSDQCACALCTRL_AMPCACALCTRL @ 0x2002f0800
CHIP::DCS3::AMPSDQ1.AMPSDQCACALCTRL_AMPCACALMASK @ 0x2002f0804
CHIP::DCS3::AMPSDQ1.AMPSDQCACALCTRL_AMPCACALCABYTESEL @ 0x2002f0808
CHIP::DCS3::AMPSDQ1.AMPSDQCACALCTRL_AMPCACALCAMAP0 @ 0x2002f080c
CHIP::DCS3::AMPSDQ1.AMPSDQCACALCTRL_AMPCACALCAMAP1 @ 0x2002f0810
CHIP::DCS3::AMPSDQ1.AMPSDQCACALCTRL_AMPCACALCAMAP2 @ 0x2002f0814
CHIP::DCS3::AMPSDQ1.AMPSDQCACALCTRL_AMPCACALPAT0 @ 0x2002f0818
CHIP::DCS3::AMPSDQ1.AMPSDQCACALCTRL_AMPCACALPAT1 @ 0x2002f081c
CHIP::DCS3::AMPSDQ1.AMPSDQCACALCTRL_AMPCACALPAT2 @ 0x2002f0820
CHIP::DCS3::AMPSDQ1.AMPSDQCACALCTRL_AMPCACALPAT3 @ 0x2002f0824
CHIP::DCS3::AMPSDQ1.AMPSDQCACALCTRL_AMPCACALPAT4 @ 0x2002f0828
CHIP::DCS3::AMPSDQ1.AMPSDQCACALCTRL_AMPCACALPAT5 @ 0x2002f082c
CHIP::DCS3::AMPSDQ1.AMPSDQCACALCTRL_AMPCACALPAT6 @ 0x2002f0830
CHIP::DCS3::AMPSDQ1.AMPSDQCACALCTRL_AMPCACALPAT7 @ 0x2002f0834
CHIP::DCS3::AMPSDQ1.AMPSDQCACALCTRL_AMPCACALRUN @ 0x2002f0838
CHIP::DCS3::AMPSDQ1.AMPSDQCACALCTRL_AMPCACALRESULT @ 0x2002f083c
CHIP::DCS3::AMPSDQ1.AMPSDQDQCALCTRL_AMPDQCALCTRL @ 0x2002f0900
CHIP::DCS3::AMPSDQ1.AMPSDQDQCALCTRL_AMPDQCALMASK @ 0x2002f0904
CHIP::DCS3::AMPSDQ1.AMPSDQDQCALCTRL_AMPDQCALRUN @ 0x2002f0908
CHIP::DCS3::AMPSDQ1.AMPSDQDQCALCTRL_AMPDQCALRESULT @ 0x2002f090c
CHIP::DCS3::AMPSDQ1.AMPSDQPHYUPDCRTL_AMPPHYUPDREQ @ 0x2002f0a00
CHIP::DCS3::AMPSDQ1.AMPSDQPHYUPDCRTL_AMPPHYUPDSTATUS @ 0x2002f0a04
CHIP::DCS3::AMPSDQ1.AMPSDQPERFCNTRCTRL_RAMACCESSCNTRL @ 0x2002f0a80
CHIP::DCS3::AMPSDQ1.AMPSDQPERFCNTRCTRL_DLYSETUP @ 0x2002f0a84
CHIP::DCS3::AMPSDQ1.AMPSDQPERFCNTRCTRL_PERFCTRL2 @ 0x2002f0a88
CHIP::DCS3::AMPSDQ1.AMPSDQPERFCNTRCTRL_PERFCTRL3 @ 0x2002f0a8c
CHIP::DCS3::AMPSDQ1.AMPSDQPERFCNTRCTRL_PERFSTATUS @ 0x2002f0a90
CHIP::DCS3::AMPSDQ1.AMPSDQODT_VREF_F0 @ 0x2002f0b00
CHIP::DCS3::AMPSDQ1.AMPSDQODT_VREF_F1 @ 0x2002f0b04
CHIP::DCS3::AMPSDQ1.AMPSDQODT_VREF_F2 @ 0x2002f0b08
CHIP::DCS3::AMPSDQ1.AMPSDQODT_VREF_F3 @ 0x2002f0b0c
CHIP::DCS3::AMPSDQ1.AMPSDQAMPHSPARE_AMPHSPARESTATUS @ 0x2002f0c00
CHIP::DCS3::AMPSDQ1.AMPSDQAMPHSPARE_AMPHSPARECONTROL @ 0x2002f0c04
CHIP::DCS3::AMPSDQ1.AMPSDQMULFACTOR_RDDQSMULFACTOR @ 0x2002f0d00
CHIP::DCS3::AMPSDQ1.DFICALTIMING_DFICALTIMING_F0 @ 0x2002f0d80
CHIP::DCS3::AMPSDQ1.DFICALTIMING_DFICALTIMING_F1 @ 0x2002f0d84
CHIP::DCS3::AMPSDQ1.DFICALTIMING_DFICALTIMING_F2 @ 0x2002f0d88
CHIP::DCS3::AMPSDQ1.DFICALTIMING_DFICALTIMING_F3 @ 0x2002f0d8c
CHIP::DCS3::AMPH.AMPH_GENERAL_VERSION @ 0x2002f8000
CHIP::DCS3::AMPH.ZC_ZC_REG0 @ 0x2002f8004
CHIP::DCS3::AMPH.ZC_ZC_REG1 @ 0x2002f8008
CHIP::DCS3::AMPH.ZC_ZC_REG2 @ 0x2002f800c
CHIP::DCS3::AMPH.ZC_ZC_REG3 @ 0x2002f8010
CHIP::DCS3::AMPH.ZC_ZC_REG4 @ 0x2002f8014
CHIP::DCS3::AMPH.ZC_ZC_REG5 @ 0x2002f8018
CHIP::DCS3::AMPH.ZC_ZC_REG6 @ 0x2002f801c
CHIP::DCS3::AMPH.ZC_ZC_REG7 @ 0x2002f8020
CHIP::DCS3::AMPH.ZC_ZC_REG8 @ 0x2002f8024
CHIP::DCS3::AMPH.ZC_ZC_REG9 @ 0x2002f8028
CHIP::DCS3::AMPH.ZC_ZC_REG10 @ 0x2002f802c
CHIP::DCS3::AMPH.ZC_ZC_REG11 @ 0x2002f8030
CHIP::DCS3::AMPH.ZC_ZC_REG12 @ 0x2002f8034
CHIP::DCS3::AMPH.ZC_ZC_REG13 @ 0x2002f8038
CHIP::DCS3::AMPH.ZC_ZC_REG14 @ 0x2002f803c
CHIP::DCS3::AMPH.ZC_ZC_REG15 @ 0x2002f8040
CHIP::DCS3::AMPH.ZC_ZC_REG16 @ 0x2002f8044
CHIP::DCS3::AMPH.WKDS_WKDS_REG0 @ 0x2002f8048
CHIP::DCS3::AMPH.WKDS_WKDS_REG1 @ 0x2002f804c
CHIP::DCS3::AMPH.WKDS_WKDS_REG2 @ 0x2002f8050
CHIP::DCS3::AMPH.WKDS_WKDS_REG3 @ 0x2002f8054
CHIP::DCS3::AMPH.WKDS_WKDS_REG4 @ 0x2002f8058
CHIP::DCS3::AMPH.VREF_VREF_REG0 @ 0x2002f805c
CHIP::DCS3::AMPH.VREF_VREF_REG1 @ 0x2002f8060
CHIP::DCS3::AMPH.VREF_VREF_REG2 @ 0x2002f8064
CHIP::DCS3::AMPH.VREF_VREF_REG3 @ 0x2002f8068
CHIP::DCS3::AMPH.VREF_VREF_REG4 @ 0x2002f806c
CHIP::DCS3::AMPH.VREF_VREF_REG5 @ 0x2002f8070
CHIP::DCS3::AMPH.VREF_VREF_REG6 @ 0x2002f8074
CHIP::DCS3::AMPH.VREF_VREF_REG7 @ 0x2002f8078
CHIP::DCS3::AMPH.VREF_VREF_REG8 @ 0x2002f807c
CHIP::DCS3::AMPH.SLC_SLC_REG0 @ 0x2002f8080
CHIP::DCS3::AMPH.SLC_SLC_REG1 @ 0x2002f8084
CHIP::DCS3::AMPH.SLC_SLC_REG2 @ 0x2002f8088
CHIP::DCS3::AMPH.SLC_SLC_REG3 @ 0x2002f808c
CHIP::DCS3::AMPH.WKPUPD_WKPUPD_REG0 @ 0x2002f8090
CHIP::DCS3::AMPH.WKPUPD_WKPUPD_REG1 @ 0x2002f8094
CHIP::DCS3::AMPH.WKPUPD_WKPUPD_REG2 @ 0x2002f8098
CHIP::DCS3::AMPH.WKPUPD_WKPUPD_REG3 @ 0x2002f809c
CHIP::DCS3::AMPH.WKPUPD_WKPUPD_REG4 @ 0x2002f80a0
CHIP::DCS3::AMPH.WKPUPD_WKPUPD_REG5 @ 0x2002f80a4
CHIP::DCS3::AMPH.WKPUPD_WKPUPD_REG6 @ 0x2002f80a8
CHIP::DCS3::AMPH.WKPUPD_WKPUPD_REG7 @ 0x2002f80ac
CHIP::DCS3::AMPH.DCD_DCD_REG0 @ 0x2002f80b0
CHIP::DCS3::AMPH.DCD_DCD_REG1 @ 0x2002f80b4
CHIP::DCS3::AMPH.DCD_DCD_REG2 @ 0x2002f80b8
CHIP::DCS3::AMPH.DCD_DCD_REG3 @ 0x2002f80bc
CHIP::DCS3::AMPH.DCD_DCD_REG4 @ 0x2002f80c0
CHIP::DCS3::AMPH.DCD_DCD_REG5 @ 0x2002f80c4
CHIP::DCS3::AMPH.DCD_DCD_REG6 @ 0x2002f80c8
CHIP::DCS3::AMPH.ISEL_ISEL_REG0 @ 0x2002f80dc
CHIP::DCS3::AMPH.ISEL_ISEL_REG1 @ 0x2002f80e0
CHIP::DCS3::AMPH.ISEL_ISEL_REG2 @ 0x2002f80e4
CHIP::DCS3::AMPH.ISEL_ISEL_REG3 @ 0x2002f80e8
CHIP::DCS3::AMPH.DS_DS_REG0 @ 0x2002f80ec
CHIP::DCS3::AMPH.DS_DS_REG1 @ 0x2002f80f0
CHIP::DCS3::AMPH.DS_DS_REG2 @ 0x2002f80f4
CHIP::DCS3::AMPH.DS_DS_REG3 @ 0x2002f80f8
CHIP::DCS3::AMPH.DS_DS_REG4 @ 0x2002f80fc
CHIP::DCS3::AMPH.DS_DS_REG5 @ 0x2002f8100
CHIP::DCS3::AMPH.DS_DS_REG6 @ 0x2002f8104
CHIP::DCS3::AMPH.DS_DS_REG7 @ 0x2002f8108
CHIP::DCS3::AMPH.DS_DS_REG8 @ 0x2002f810c
CHIP::DCS3::AMPH.DS_DS_REG9 @ 0x2002f8110
CHIP::DCS3::AMPH.DS_DS_REG10 @ 0x2002f8114
CHIP::DCS3::AMPH.DS_DS_REG11 @ 0x2002f8118
CHIP::DCS3::AMPH.DS_DS_REG12 @ 0x2002f811c
CHIP::DCS3::AMPH.DS_DS_REG13 @ 0x2002f8120
CHIP::DCS3::AMPH.DS_DS_REG14 @ 0x2002f8124
CHIP::DCS3::AMPH.DBG_DBG_REG0 @ 0x2002f8128
CHIP::SWITCHFABRIC.SWITCHFABRIC_REGS_AMAP_LOCK @ 0x200800000
CHIP::SWITCHFABRIC.SWITCHFABRIC_REGS_AMAP @ 0x200800004
CHIP::SWITCHFABRIC.SWITCHFABRIC_REGS_ARBCFG @ 0x200800008
CHIP::SWITCHFABRIC.SWITCHFABRIC_REGS_DWRRCFG_GFX_LLT @ 0x20080000c
CHIP::SWITCHFABRIC.SWITCHFABRIC_REGS_DWRRCFG_GFX_BULK @ 0x200800010
CHIP::SWITCHFABRIC.SWITCHFABRIC_REGS_DWRRCFG_MCCPU_CPU0 @ 0x200800014
CHIP::SWITCHFABRIC.SWITCHFABRIC_REGS_DWRRCFG_MCCPU_CPU1 @ 0x200800018
CHIP::SWITCHFABRIC.SWITCHFABRIC_REGS_DWRRCFG_SOCMUX_RT @ 0x20080001c
CHIP::SWITCHFABRIC.SWITCHFABRIC_REGS_DWRRCFG_SOCMUX_LLT @ 0x200800020
CHIP::SWITCHFABRIC.SWITCHFABRIC_REGS_DWRRCFG_SOCMUX_BULK @ 0x200800024
CHIP::SWITCHFABRIC.SWITCHFABRIC_REGS_TLIMIT_ENA @ 0x200800028
CHIP::SWITCHFABRIC.SWITCHFABRIC_REGS_TLIMIT_LVL0_GFX @ 0x20080002c
CHIP::SWITCHFABRIC.SWITCHFABRIC_REGS_TLIMIT_LVL1_GFX @ 0x200800030
CHIP::SWITCHFABRIC.SWITCHFABRIC_REGS_TLIMIT_LVL2_GFX @ 0x200800034
CHIP::SWITCHFABRIC.SWITCHFABRIC_REGS_TLIMIT_LVL3_GFX @ 0x200800038
CHIP::SWITCHFABRIC.SWITCHFABRIC_REGS_BW_RTR_THROTTLE_LLT @ 0x20080003c
CHIP::SWITCHFABRIC.SWITCHFABRIC_REGS_BW_RTR_THROTTLE_BEF @ 0x200800040
CHIP::SWITCHFABRIC.SWITCHFABRIC_REGS_BW_RTY_THROTTLE_LLT @ 0x200800044
CHIP::SWITCHFABRIC.SWITCHFABRIC_REGS_BW_RTY_THROTTLE_BEF @ 0x200800048
CHIP::SWITCHFABRIC.SWITCHFABRIC_REGS_PIOLIMIT @ 0x20080004c
CHIP::SWITCHFABRIC.SWITCHFABRIC_REGS_CPU_THROTTLE_CNTL @ 0x200800050
CHIP::SWITCHFABRIC.SWITCHFABRIC_REGS_CPU_THROTTLE_TIMER @ 0x200800054
CHIP::SWITCHFABRIC.SWITCHFABRIC_REGS_CP_CREDIT @ 0x200800058
CHIP::SWITCHFABRIC.SWITCHFABRIC_REGS_GFX_CREDIT_ALLOC_0 @ 0x20080005c
CHIP::SWITCHFABRIC.SWITCHFABRIC_REGS_GFX_CREDIT_ALLOC_1 @ 0x200800060
CHIP::SWITCHFABRIC.SWITCHFABRIC_REGS_MCCPU_CREDIT_ALLOC_0 @ 0x200800064
CHIP::SWITCHFABRIC.SWITCHFABRIC_REGS_MCCPU_CREDIT_ALLOC_1 @ 0x200800068
CHIP::SWITCHFABRIC.SWITCHFABRIC_REGS_SOCMUX_CREDIT_ALLOC_0 @ 0x20080006c
CHIP::SWITCHFABRIC.SWITCHFABRIC_REGS_SOCMUX_CREDIT_ALLOC_1 @ 0x200800070
CHIP::SWITCHFABRIC.SWITCHFABRIC_REGS_CPG_CNTL @ 0x200800074
CHIP::SWITCHFABRIC.SWITCHFABRIC_REGS_RMB_0_PERF_CNTL @ 0x200800078
CHIP::SWITCHFABRIC.SWITCHFABRIC_REGS_RMB_0_PERF_THRESH @ 0x20080007c
CHIP::SWITCHFABRIC.SWITCHFABRIC_REGS_RMB_1_PERF_CNTL @ 0x200800080
CHIP::SWITCHFABRIC.SWITCHFABRIC_REGS_RMB_1_PERF_THRESH @ 0x200800084
CHIP::SWITCHFABRIC.SWITCHFABRIC_REGS_RMB_0_PERF_TIME_LO @ 0x200800088
CHIP::SWITCHFABRIC.SWITCHFABRIC_REGS_RMB_0_PERF_TIME_HI @ 0x20080008c
CHIP::SWITCHFABRIC.SWITCHFABRIC_REGS_RMB_0_PERF_CNT @ 0x200800090
CHIP::SWITCHFABRIC.SWITCHFABRIC_REGS_RMB_0_PERF_CNT_OVF @ 0x200800094
CHIP::SWITCHFABRIC.SWITCHFABRIC_REGS_RMB_1_PERF_TIME_LO @ 0x200800098
CHIP::SWITCHFABRIC.SWITCHFABRIC_REGS_RMB_1_PERF_TIME_HI @ 0x20080009c
CHIP::SWITCHFABRIC.SWITCHFABRIC_REGS_RMB_1_PERF_CNT @ 0x2008000a0
CHIP::SWITCHFABRIC.SWITCHFABRIC_REGS_RMB_1_PERF_CNT_OVF @ 0x2008000a4
CHIP::SWITCHFABRIC.SWITCHFABRIC_REGS_BWMGT_GFX @ 0x2008000a8
CHIP::SWITCHFABRIC.SWITCHFABRIC_REGS_CP_REQ0_CREDIT_0 @ 0x2008000ac
CHIP::SWITCHFABRIC.SWITCHFABRIC_REGS_CP_REQ0_CREDIT_1 @ 0x2008000b0
CHIP::SWITCHFABRIC.SWITCHFABRIC_REGS_CP_REQ1_CREDIT_0 @ 0x2008000b4
CHIP::SWITCHFABRIC.SWITCHFABRIC_REGS_CP_REQ1_CREDIT_1 @ 0x2008000b8
CHIP::CP::CP_COM.CP_COM_CFG_IRQ_BYPASS @ 0x200d00000
CHIP::CP::CP_COM.CP_COM_CFG_MIU_BYPASS @ 0x200d00004
CHIP::CP::CP_COM.CP_COM_CFG_DAP_DBG_DT_NOLOOKUP @ 0x200d00008
CHIP::CP::CP_COM.CP_COM_CFG_DYN_CLK_GATE_CTRL @ 0x200d0000c
CHIP::CP::CP_COM.CP_COM_CFG_CP2SF_REQ_STL_THOLD @ 0x200d00010
CHIP::CP::CP_COM.CP_COM_DT_CFG_TGRAM_PUP @ 0x200d00100
CHIP::CP::CP_COM.CP_COM_DT_CFG_TGRAM_PDOWN @ 0x200d00104
CHIP::CP::CP_COM.CP_COM_DT_CFG_RAM_SW_CTRL @ 0x200d00108
CHIP::CP::CP_COM.CP_COM_DT_CFG_STRAM_INIT_CTRL @ 0x200d0010c
CHIP::CP::CP_COM.CP_COM_DT_CFG_CA0_STRAM_INIT_REQ @ 0x200d00200
CHIP::CP::CP_COM.CP_COM_DT_CFG_CA0_STRAM_INIT_DONE @ 0x200d00204
CHIP::CP::CP_COM.CP_COM_DT_CFG_CA0_RAM_PWR_REQ @ 0x200d00208
CHIP::CP::CP_COM.CP_COM_DT_CFG_CA0_RAM_PWR_DONE @ 0x200d0020c
CHIP::CP::CP_COM.CP_COM_DT_CFG_CA1_STRAM_INIT_REQ @ 0x200d00300
CHIP::CP::CP_COM.CP_COM_DT_CFG_CA1_STRAM_INIT_DONE @ 0x200d00304
CHIP::CP::CP_COM.CP_COM_DT_CFG_CA1_RAM_PWR_REQ @ 0x200d00308
CHIP::CP::CP_COM.CP_COM_DT_CFG_CA1_RAM_PWR_DONE @ 0x200d0030c
CHIP::CP::CP_COM.CP_COM_PERF_START @ 0x200d00400
CHIP::CP::CP_COM.CP_COM_PERF_STOP @ 0x200d00404
CHIP::CP::CP_COM.CP_COM_PERF_CLEAR @ 0x200d00408
CHIP::CP::CP_COM.CP_COM_PERF_MASK @ 0x200d0040c
CHIP::CP::CP_COM.CP_COM_PERF_SELECT @ 0x200d00410
CHIP::CP::CP_COM.CP_COM_PERF_COUNT @ 0x200d00430
CHIP::CP::CP_COM.CP_COM_PERF_CLEAR_OVERFLOW @ 0x200d00450
CHIP::CP::CP_COM.CP_COM_PERF_CTR_OVERFLOW @ 0x200d00454
CHIP::CP::CP_COM.CP_COM_PERF_COUNTING_ON @ 0x200d00458
CHIP::CP::CP_COM.CP_COM_PERF_CTRL @ 0x200d0045c
CHIP::CP::CP_COM.CP_COM_INT_NORM_REQUEST @ 0x200d10000
CHIP::CP::CP_COM.CP_COM_INT_NORM_MASK_SET @ 0x200d10004
CHIP::CP::CP_COM.CP_COM_INT_NORM_MASK_CLR @ 0x200d10008
CHIP::CP::CP_COM.CP_COM_INT_NORM_CLEAR @ 0x200d1000c
CHIP::CP::CP_COM.CP_COM_INT_PERF_REQUEST @ 0x200d10010
CHIP::CP::CP_COM.CP_COM_INT_PERF_MASK_SET @ 0x200d10014
CHIP::CP::CP_COM.CP_COM_INT_PERF_MASK_CLR @ 0x200d10018
CHIP::CP::CP_COM.CP_COM_INT_PERF_CLEAR @ 0x200d1001c
CHIP::CP::CP_CCU0::CP_DT.CP_DT_ERR_PARITY_ERR @ 0x200d20000
CHIP::CP::CP_CCU0::CP_DT.CP_DT_ERR_PARITY_ERR_CA_INFO @ 0x200d20004
CHIP::CP::CP_CCU0::CP_DT.CP_DT_ERR_PARITY_ERR_DT_INFO @ 0x200d20008
CHIP::CP::CP_CCU0::CP_DT.CP_DT_ERR_PARITY_ERR_AF_PKT_INFO @ 0x200d2000c
CHIP::CP::CP_CCU0::CP_DT.CP_DT_ERR_PARITY_ERR_AF_PKT_ADDR_31TO0 @ 0x200d20010
CHIP::CP::CP_CCU0::CP_DT.CP_DT_ERR_PARITY_ERR_AF_PKT_ADDR_35TO32 @ 0x200d20014
CHIP::CP::CP_CCU0::CP_DT.CP_DT_ERR_MULTIHIT_ERR @ 0x200d20018
CHIP::CP::CP_CCU0::CP_DT.CP_DT_ERR_MULTIHIT_ERR_CA_INFO @ 0x200d2001c
CHIP::CP::CP_CCU0::CP_DT.CP_DT_ERR_MULTIHIT_ERR_DT_STRAM_INFO @ 0x200d20020
CHIP::CP::CP_CCU0::CP_DT.CP_DT_ERR_MULTIHIT_ERR_DT_HIT_INFO @ 0x200d20024
CHIP::CP::CP_CCU0::CP_DT.CP_DT_ERR_MULTIHIT_ERR_AF_PKT_INFO @ 0x200d20028
CHIP::CP::CP_CCU0::CP_DT.CP_DT_ERR_MULTIHIT_ERR_AF_PKT_ADDR_31TO0 @ 0x200d2002c
CHIP::CP::CP_CCU0::CP_DT.CP_DT_ERR_MULTIHIT_ERR_AF_PKT_ADDR_35TO32 @ 0x200d20030
CHIP::CP::CP_CCU0::CP_DT.CP_DT_DBG_CA0_DBG_RAM_READ @ 0x200d40000
CHIP::CP::CP_CCU0::CP_DT.CP_DT_DBG_CA1_DBG_RAM_READ @ 0x200d60000
CHIP::CP::CP_CCU0::CP_CCU_CSR.ILLEGAL_COH_ACCESS @ 0x200d90000
CHIP::CP::CP_CCU0::CP_CCU_CSR.ILLEGAL_COH_ACCESS_INFO @ 0x200d90004
CHIP::CP::CP_CCU0::CP_CCU_CSR.ILLEGAL_COH_ACCESS_ADDR_31TO0 @ 0x200d90008
CHIP::CP::CP_CCU0::CP_CCU_CSR.ILLEGAL_COH_ACCESS_ADDR_35TO32 @ 0x200d9000c
CHIP::CP::CP_CCU0::CP_CCU_CSR.UNEXPECTED_AF_RESP_31TO0 @ 0x200d90010
CHIP::CP::CP_CCU0::CP_CCU_CSR.UNEXPECTED_AF_RESP_63TO32 @ 0x200d90014
CHIP::CP::CP_CCU0::CP_CCU_CSR.UNEXPECTED_AF_RESP_STATE @ 0x200d90018
CHIP::CP::CP_CCU0::CP_CCU_CSR.INCONSISTENT_AF_CMD_AND_DT @ 0x200d9001c
CHIP::CP::CP_CCU0::CP_CCU_CSR.INCONSISTENT_AF_CMD_AND_DT_INFO @ 0x200d90020
CHIP::CP::CP_CCU0::CP_CCU_CSR.INCONSISTENT_AF_CMD_AND_DT_ADDR_31TO0 @ 0x200d90024
CHIP::CP::CP_CCU0::CP_CCU_CSR.INCONSISTENT_AF_CMD_AND_DT_ADDR_35TO32 @ 0x200d90028
CHIP::CP::CP_CCU0::CP_CCU_CSR.IRQ_OCCUPANCY_LEVEL @ 0x200d9002c
CHIP::CP::CP_CCU1::CP_DT.CP_DT_ERR_PARITY_ERR @ 0x200e20000
CHIP::CP::CP_CCU1::CP_DT.CP_DT_ERR_PARITY_ERR_CA_INFO @ 0x200e20004
CHIP::CP::CP_CCU1::CP_DT.CP_DT_ERR_PARITY_ERR_DT_INFO @ 0x200e20008
CHIP::CP::CP_CCU1::CP_DT.CP_DT_ERR_PARITY_ERR_AF_PKT_INFO @ 0x200e2000c
CHIP::CP::CP_CCU1::CP_DT.CP_DT_ERR_PARITY_ERR_AF_PKT_ADDR_31TO0 @ 0x200e20010
CHIP::CP::CP_CCU1::CP_DT.CP_DT_ERR_PARITY_ERR_AF_PKT_ADDR_35TO32 @ 0x200e20014
CHIP::CP::CP_CCU1::CP_DT.CP_DT_ERR_MULTIHIT_ERR @ 0x200e20018
CHIP::CP::CP_CCU1::CP_DT.CP_DT_ERR_MULTIHIT_ERR_CA_INFO @ 0x200e2001c
CHIP::CP::CP_CCU1::CP_DT.CP_DT_ERR_MULTIHIT_ERR_DT_STRAM_INFO @ 0x200e20020
CHIP::CP::CP_CCU1::CP_DT.CP_DT_ERR_MULTIHIT_ERR_DT_HIT_INFO @ 0x200e20024
CHIP::CP::CP_CCU1::CP_DT.CP_DT_ERR_MULTIHIT_ERR_AF_PKT_INFO @ 0x200e20028
CHIP::CP::CP_CCU1::CP_DT.CP_DT_ERR_MULTIHIT_ERR_AF_PKT_ADDR_31TO0 @ 0x200e2002c
CHIP::CP::CP_CCU1::CP_DT.CP_DT_ERR_MULTIHIT_ERR_AF_PKT_ADDR_35TO32 @ 0x200e20030
CHIP::CP::CP_CCU1::CP_DT.CP_DT_DBG_CA0_DBG_RAM_READ @ 0x200e40000
CHIP::CP::CP_CCU1::CP_DT.CP_DT_DBG_CA1_DBG_RAM_READ @ 0x200e60000
CHIP::CP::CP_CCU1::CP_CCU_CSR.ILLEGAL_COH_ACCESS @ 0x200e90000
CHIP::CP::CP_CCU1::CP_CCU_CSR.ILLEGAL_COH_ACCESS_INFO @ 0x200e90004
CHIP::CP::CP_CCU1::CP_CCU_CSR.ILLEGAL_COH_ACCESS_ADDR_31TO0 @ 0x200e90008
CHIP::CP::CP_CCU1::CP_CCU_CSR.ILLEGAL_COH_ACCESS_ADDR_35TO32 @ 0x200e9000c
CHIP::CP::CP_CCU1::CP_CCU_CSR.UNEXPECTED_AF_RESP_31TO0 @ 0x200e90010
CHIP::CP::CP_CCU1::CP_CCU_CSR.UNEXPECTED_AF_RESP_63TO32 @ 0x200e90014
CHIP::CP::CP_CCU1::CP_CCU_CSR.UNEXPECTED_AF_RESP_STATE @ 0x200e90018
CHIP::CP::CP_CCU1::CP_CCU_CSR.INCONSISTENT_AF_CMD_AND_DT @ 0x200e9001c
CHIP::CP::CP_CCU1::CP_CCU_CSR.INCONSISTENT_AF_CMD_AND_DT_INFO @ 0x200e90020
CHIP::CP::CP_CCU1::CP_CCU_CSR.INCONSISTENT_AF_CMD_AND_DT_ADDR_31TO0 @ 0x200e90024
CHIP::CP::CP_CCU1::CP_CCU_CSR.INCONSISTENT_AF_CMD_AND_DT_ADDR_35TO32 @ 0x200e90028
CHIP::CP::CP_CCU1::CP_CCU_CSR.IRQ_OCCUPANCY_LEVEL @ 0x200e9002c
CHIP::SWCPTRACE.SCT_RO_OPERATION_STATE @ 0x200f00000
CHIP::SWCPTRACE.SCT_RW_OPERATION_MODE @ 0x200f00004
CHIP::SWCPTRACE.SCT_RW_OPERATION_COMMAND @ 0x200f00008
CHIP::SWCPTRACE.SCT_RW_FINISH_COUNT @ 0x200f0000c
CHIP::SWCPTRACE.SCT_RW_TRACE_EN @ 0x200f00010
CHIP::SWCPTRACE.SCT_RO_RESP_WR_OVERFLOW @ 0x200f00014
CHIP::SWCPTRACE.SCT_W1_TIME_BASE_LO @ 0x200f00040
CHIP::SWCPTRACE.SCT_W1_TIME_BASE_HI @ 0x200f00050
CHIP::SWCPTRACE.SCT_RO_TIME_BASE_LAST_LO @ 0x200f00060
CHIP::SWCPTRACE.SCT_RO_TIME_BASE_LAST_HI @ 0x200f00070
CHIP::SWCPTRACE.SCT_RW_RESOURCE_SRC_SEL_0 @ 0x200f00100
CHIP::SWCPTRACE.SCT_RW_RESOURCE_SRC_SEL_1 @ 0x200f00104
CHIP::SWCPTRACE.SCT_RW_RESOURCE_SRC_SEL_2 @ 0x200f00108
CHIP::SWCPTRACE.SCT_RW_RESOURCE_SRC_SEL_3 @ 0x200f0010c
CHIP::SWCPTRACE.SCT_RW_RESOURCE_SRC_SEL_4 @ 0x200f00110
CHIP::SWCPTRACE.SCT_RW_RESOURCE_SRC_SEL_5 @ 0x200f00114
CHIP::SWCPTRACE.SCT_RW_RESOURCE_SRC_SEL_6 @ 0x200f00118
CHIP::SWCPTRACE.SCT_RW_RESOURCE_SRC_SEL_7 @ 0x200f0011c
CHIP::SWCPTRACE.SCT_RW_COMP_VAL_STATUS_0 @ 0x200f00200
CHIP::SWCPTRACE.SCT_RW_COMP_VAL_STATUS_1 @ 0x200f00204
CHIP::SWCPTRACE.SCT_RW_COMP_VAL_STATUS_2 @ 0x200f00208
CHIP::SWCPTRACE.SCT_RW_COMP_VAL_STATUS_3 @ 0x200f0020c
CHIP::SWCPTRACE.SCT_RW_COMP_VAL_STATUS_4 @ 0x200f00210
CHIP::SWCPTRACE.SCT_RW_COMP_VAL_STATUS_5 @ 0x200f00214
CHIP::SWCPTRACE.SCT_RW_COMP_VAL_STATUS_6 @ 0x200f00218
CHIP::SWCPTRACE.SCT_RW_COMP_VAL_STATUS_7 @ 0x200f0021c
CHIP::SWCPTRACE.SCT_RW_COMP_ENA_STATUS_0 @ 0x200f00280
CHIP::SWCPTRACE.SCT_RW_COMP_ENA_STATUS_1 @ 0x200f00284
CHIP::SWCPTRACE.SCT_RW_COMP_ENA_STATUS_2 @ 0x200f00288
CHIP::SWCPTRACE.SCT_RW_COMP_ENA_STATUS_3 @ 0x200f0028c
CHIP::SWCPTRACE.SCT_RW_COMP_ENA_STATUS_4 @ 0x200f00290
CHIP::SWCPTRACE.SCT_RW_COMP_ENA_STATUS_5 @ 0x200f00294
CHIP::SWCPTRACE.SCT_RW_COMP_ENA_STATUS_6 @ 0x200f00298
CHIP::SWCPTRACE.SCT_RW_COMP_ENA_STATUS_7 @ 0x200f0029c
CHIP::SWCPTRACE.SCT_RW_COMP_VAL_CMD_0_LO @ 0x200f00300
CHIP::SWCPTRACE.SCT_RW_COMP_VAL_CMD_1_LO @ 0x200f00304
CHIP::SWCPTRACE.SCT_RW_COMP_VAL_CMD_2_LO @ 0x200f00308
CHIP::SWCPTRACE.SCT_RW_COMP_VAL_CMD_3_LO @ 0x200f0030c
CHIP::SWCPTRACE.SCT_RW_COMP_VAL_CMD_4_LO @ 0x200f00310
CHIP::SWCPTRACE.SCT_RW_COMP_VAL_CMD_5_LO @ 0x200f00314
CHIP::SWCPTRACE.SCT_RW_COMP_VAL_CMD_6_LO @ 0x200f00318
CHIP::SWCPTRACE.SCT_RW_COMP_VAL_CMD_7_LO @ 0x200f0031c
CHIP::SWCPTRACE.SCT_RW_COMP_VAL_CMD_0_HI @ 0x200f00340
CHIP::SWCPTRACE.SCT_RW_COMP_VAL_CMD_1_HI @ 0x200f00344
CHIP::SWCPTRACE.SCT_RW_COMP_VAL_CMD_2_HI @ 0x200f00348
CHIP::SWCPTRACE.SCT_RW_COMP_VAL_CMD_3_HI @ 0x200f0034c
CHIP::SWCPTRACE.SCT_RW_COMP_VAL_CMD_4_HI @ 0x200f00350
CHIP::SWCPTRACE.SCT_RW_COMP_VAL_CMD_5_HI @ 0x200f00354
CHIP::SWCPTRACE.SCT_RW_COMP_VAL_CMD_6_HI @ 0x200f00358
CHIP::SWCPTRACE.SCT_RW_COMP_VAL_CMD_7_HI @ 0x200f0035c
CHIP::SWCPTRACE.SCT_RW_COMP_VAL_ID_0 @ 0x200f00400
CHIP::SWCPTRACE.SCT_RW_COMP_VAL_ID_1 @ 0x200f00404
CHIP::SWCPTRACE.SCT_RW_COMP_VAL_ID_2 @ 0x200f00408
CHIP::SWCPTRACE.SCT_RW_COMP_VAL_ID_3 @ 0x200f0040c
CHIP::SWCPTRACE.SCT_RW_COMP_VAL_ID_4 @ 0x200f00410
CHIP::SWCPTRACE.SCT_RW_COMP_VAL_ID_5 @ 0x200f00414
CHIP::SWCPTRACE.SCT_RW_COMP_VAL_ID_6 @ 0x200f00418
CHIP::SWCPTRACE.SCT_RW_COMP_VAL_ID_7 @ 0x200f0041c
CHIP::SWCPTRACE.SCT_RW_COMP_ENA_ID_0 @ 0x200f00480
CHIP::SWCPTRACE.SCT_RW_COMP_ENA_ID_1 @ 0x200f00484
CHIP::SWCPTRACE.SCT_RW_COMP_ENA_ID_2 @ 0x200f00488
CHIP::SWCPTRACE.SCT_RW_COMP_ENA_ID_3 @ 0x200f0048c
CHIP::SWCPTRACE.SCT_RW_COMP_ENA_ID_4 @ 0x200f00490
CHIP::SWCPTRACE.SCT_RW_COMP_ENA_ID_5 @ 0x200f00494
CHIP::SWCPTRACE.SCT_RW_COMP_ENA_ID_6 @ 0x200f00498
CHIP::SWCPTRACE.SCT_RW_COMP_ENA_ID_7 @ 0x200f0049c
CHIP::SWCPTRACE.SCT_RW_COMP_VAL_TID_0 @ 0x200f00500
CHIP::SWCPTRACE.SCT_RW_COMP_VAL_TID_1 @ 0x200f00504
CHIP::SWCPTRACE.SCT_RW_COMP_VAL_TID_2 @ 0x200f00508
CHIP::SWCPTRACE.SCT_RW_COMP_VAL_TID_3 @ 0x200f0050c
CHIP::SWCPTRACE.SCT_RW_COMP_VAL_TID_4 @ 0x200f00510
CHIP::SWCPTRACE.SCT_RW_COMP_VAL_TID_5 @ 0x200f00514
CHIP::SWCPTRACE.SCT_RW_COMP_VAL_TID_6 @ 0x200f00518
CHIP::SWCPTRACE.SCT_RW_COMP_VAL_TID_7 @ 0x200f0051c
CHIP::SWCPTRACE.SCT_RW_COMP_ENA_TID_0 @ 0x200f00580
CHIP::SWCPTRACE.SCT_RW_COMP_ENA_TID_1 @ 0x200f00584
CHIP::SWCPTRACE.SCT_RW_COMP_ENA_TID_2 @ 0x200f00588
CHIP::SWCPTRACE.SCT_RW_COMP_ENA_TID_3 @ 0x200f0058c
CHIP::SWCPTRACE.SCT_RW_COMP_ENA_TID_4 @ 0x200f00590
CHIP::SWCPTRACE.SCT_RW_COMP_ENA_TID_5 @ 0x200f00594
CHIP::SWCPTRACE.SCT_RW_COMP_ENA_TID_6 @ 0x200f00598
CHIP::SWCPTRACE.SCT_RW_COMP_ENA_TID_7 @ 0x200f0059c
CHIP::SWCPTRACE.SCT_RW_COMP_VAL_ADDR_0_LO @ 0x200f00600
CHIP::SWCPTRACE.SCT_RW_COMP_VAL_ADDR_1_LO @ 0x200f00604
CHIP::SWCPTRACE.SCT_RW_COMP_VAL_ADDR_2_LO @ 0x200f00608
CHIP::SWCPTRACE.SCT_RW_COMP_VAL_ADDR_3_LO @ 0x200f0060c
CHIP::SWCPTRACE.SCT_RW_COMP_VAL_ADDR_4_LO @ 0x200f00610
CHIP::SWCPTRACE.SCT_RW_COMP_VAL_ADDR_5_LO @ 0x200f00614
CHIP::SWCPTRACE.SCT_RW_COMP_VAL_ADDR_6_LO @ 0x200f00618
CHIP::SWCPTRACE.SCT_RW_COMP_VAL_ADDR_7_LO @ 0x200f0061c
CHIP::SWCPTRACE.SCT_RW_COMP_VAL_ADDR_0_HI @ 0x200f00640
CHIP::SWCPTRACE.SCT_RW_COMP_VAL_ADDR_1_HI @ 0x200f00644
CHIP::SWCPTRACE.SCT_RW_COMP_VAL_ADDR_2_HI @ 0x200f00648
CHIP::SWCPTRACE.SCT_RW_COMP_VAL_ADDR_3_HI @ 0x200f0064c
CHIP::SWCPTRACE.SCT_RW_COMP_VAL_ADDR_4_HI @ 0x200f00650
CHIP::SWCPTRACE.SCT_RW_COMP_VAL_ADDR_5_HI @ 0x200f00654
CHIP::SWCPTRACE.SCT_RW_COMP_VAL_ADDR_6_HI @ 0x200f00658
CHIP::SWCPTRACE.SCT_RW_COMP_VAL_ADDR_7_HI @ 0x200f0065c
CHIP::SWCPTRACE.SCT_RW_COMP_ENA_ADDR_0_LO @ 0x200f00680
CHIP::SWCPTRACE.SCT_RW_COMP_ENA_ADDR_1_LO @ 0x200f00684
CHIP::SWCPTRACE.SCT_RW_COMP_ENA_ADDR_2_LO @ 0x200f00688
CHIP::SWCPTRACE.SCT_RW_COMP_ENA_ADDR_3_LO @ 0x200f0068c
CHIP::SWCPTRACE.SCT_RW_COMP_ENA_ADDR_4_LO @ 0x200f00690
CHIP::SWCPTRACE.SCT_RW_COMP_ENA_ADDR_5_LO @ 0x200f00694
CHIP::SWCPTRACE.SCT_RW_COMP_ENA_ADDR_6_LO @ 0x200f00698
CHIP::SWCPTRACE.SCT_RW_COMP_ENA_ADDR_7_LO @ 0x200f0069c
CHIP::SWCPTRACE.SCT_RW_COMP_ENA_ADDR_0_HI @ 0x200f006c0
CHIP::SWCPTRACE.SCT_RW_COMP_ENA_ADDR_1_HI @ 0x200f006c4
CHIP::SWCPTRACE.SCT_RW_COMP_ENA_ADDR_2_HI @ 0x200f006c8
CHIP::SWCPTRACE.SCT_RW_COMP_ENA_ADDR_3_HI @ 0x200f006cc
CHIP::SWCPTRACE.SCT_RW_COMP_ENA_ADDR_4_HI @ 0x200f006d0
CHIP::SWCPTRACE.SCT_RW_COMP_ENA_ADDR_5_HI @ 0x200f006d4
CHIP::SWCPTRACE.SCT_RW_COMP_ENA_ADDR_6_HI @ 0x200f006d8
CHIP::SWCPTRACE.SCT_RW_COMP_ENA_ADDR_7_HI @ 0x200f006dc
CHIP::SWCPTRACE.SCT_RW_COMP_VAL_QOS_USER_0 @ 0x200f00700
CHIP::SWCPTRACE.SCT_RW_COMP_VAL_QOS_USER_1 @ 0x200f00704
CHIP::SWCPTRACE.SCT_RW_COMP_VAL_QOS_USER_2 @ 0x200f00708
CHIP::SWCPTRACE.SCT_RW_COMP_VAL_QOS_USER_3 @ 0x200f0070c
CHIP::SWCPTRACE.SCT_RW_COMP_VAL_QOS_USER_4 @ 0x200f00710
CHIP::SWCPTRACE.SCT_RW_COMP_VAL_QOS_USER_5 @ 0x200f00714
CHIP::SWCPTRACE.SCT_RW_COMP_VAL_QOS_USER_6 @ 0x200f00718
CHIP::SWCPTRACE.SCT_RW_COMP_VAL_QOS_USER_7 @ 0x200f0071c
CHIP::SWCPTRACE.SCT_RW_COMP_ENA_QOS_USER_0 @ 0x200f00780
CHIP::SWCPTRACE.SCT_RW_COMP_ENA_QOS_USER_1 @ 0x200f00784
CHIP::SWCPTRACE.SCT_RW_COMP_ENA_QOS_USER_2 @ 0x200f00788
CHIP::SWCPTRACE.SCT_RW_COMP_ENA_QOS_USER_3 @ 0x200f0078c
CHIP::SWCPTRACE.SCT_RW_COMP_ENA_QOS_USER_4 @ 0x200f00790
CHIP::SWCPTRACE.SCT_RW_COMP_ENA_QOS_USER_5 @ 0x200f00794
CHIP::SWCPTRACE.SCT_RW_COMP_ENA_QOS_USER_6 @ 0x200f00798
CHIP::SWCPTRACE.SCT_RW_COMP_ENA_QOS_USER_7 @ 0x200f0079c
CHIP::SWCPTRACE.SCT_RW_COMBINER_0 @ 0x200f00800
CHIP::SWCPTRACE.SCT_RW_COMBINER_1 @ 0x200f00804
CHIP::SWCPTRACE.SCT_RW_COMBINER_2 @ 0x200f00808
CHIP::SWCPTRACE.SCT_RW_COMBINER_3 @ 0x200f0080c
CHIP::SWCPTRACE.SCT_RW_COMBINER_4 @ 0x200f00810
CHIP::SWCPTRACE.SCT_RW_COMBINER_5 @ 0x200f00814
CHIP::SWCPTRACE.SCT_RW_COMBINER_6 @ 0x200f00818
CHIP::SWCPTRACE.SCT_RW_COMBINER_7 @ 0x200f0081c
CHIP::SWCPTRACE.SCT_RW_INSTRUCTION_0 @ 0x200f00900
CHIP::SWCPTRACE.SCT_RW_INSTRUCTION_1 @ 0x200f00904
CHIP::SWCPTRACE.SCT_RW_INSTRUCTION_2 @ 0x200f00908
CHIP::SWCPTRACE.SCT_RW_INSTRUCTION_3 @ 0x200f0090c
CHIP::SWCPTRACE.SCT_RW_INSTRUCTION_4 @ 0x200f00910
CHIP::SWCPTRACE.SCT_RW_INSTRUCTION_5 @ 0x200f00914
CHIP::SWCPTRACE.SCT_RW_INSTRUCTION_6 @ 0x200f00918
CHIP::SWCPTRACE.SCT_RW_INSTRUCTION_7 @ 0x200f0091c
CHIP::SWCPTRACE.SCT_W1_EVENT_IGNORE_CNT_0 @ 0x200f00a00
CHIP::SWCPTRACE.SCT_W1_EVENT_IGNORE_CNT_1 @ 0x200f00a04
CHIP::SWCPTRACE.SCT_W1_EVENT_IGNORE_CNT_2 @ 0x200f00a08
CHIP::SWCPTRACE.SCT_W1_EVENT_IGNORE_CNT_3 @ 0x200f00a0c
CHIP::SWCPTRACE.SCT_W1_EVENT_IGNORE_CNT_4 @ 0x200f00a10
CHIP::SWCPTRACE.SCT_W1_EVENT_IGNORE_CNT_5 @ 0x200f00a14
CHIP::SWCPTRACE.SCT_W1_EVENT_IGNORE_CNT_6 @ 0x200f00a18
CHIP::SWCPTRACE.SCT_W1_EVENT_IGNORE_CNT_7 @ 0x200f00a1c
CHIP::SWCPTRACE.SCT_RO_PTR_REQL_START @ 0x200f00b00
CHIP::SWCPTRACE.SCT_RO_PTR_REQL_END @ 0x200f00b04
CHIP::SWCPTRACE.SCT_RO_BUF_REQL_WRAPPED @ 0x200f00b08
CHIP::SWCPTRACE.SCT_RO_PTR_REQL_LAST @ 0x200f00b0c
CHIP::SWCPTRACE.SCT_RO_PTR_REQR_START @ 0x200f00b10
CHIP::SWCPTRACE.SCT_RO_PTR_REQR_END @ 0x200f00b14
CHIP::SWCPTRACE.SCT_RO_BUF_REQR_WRAPPED @ 0x200f00b18
CHIP::SWCPTRACE.SCT_RO_PTR_REQR_LAST @ 0x200f00b1c
CHIP::SWCPTRACE.SCT_RO_PTR_ALL_RESP_START @ 0x200f00b20
CHIP::SWCPTRACE.SCT_RO_PTR_ALL_RESP_END @ 0x200f00b24
CHIP::SWCPTRACE.SCT_RO_BUF_ALL_RESP_WRAPPED @ 0x200f00b28
CHIP::SWCPTRACE.SCT_RO_PTR_ALL_RESP_LAST @ 0x200f00b2c
CHIP::SWCPTRACE.SCT_RO_PTR_COHT_START @ 0x200f00b40
CHIP::SWCPTRACE.SCT_RO_PTR_COHT_END @ 0x200f00b44
CHIP::SWCPTRACE.SCT_RO_BUF_COHT_WRAPPED @ 0x200f00b48
CHIP::SWCPTRACE.SCT_RO_PTR_COHT_LAST @ 0x200f00b4c
CHIP::SWCPTRACE.SCT_RO_STAT_CNT_SIDL @ 0x200f00c00
CHIP::SWCPTRACE.SCT_RO_STAT_CNT_MEML @ 0x200f00c04
CHIP::SWCPTRACE.SCT_RO_STAT_CNT_REQL @ 0x200f00c08
CHIP::SWCPTRACE.SCT_RO_STAT_CNT_RSPL @ 0x200f00c0c
CHIP::SWCPTRACE.SCT_RO_STAT_CNT_COHT @ 0x200f00c10
CHIP::SWCPTRACE.SCT_RO_STAT_CNT_RSPR @ 0x200f00c14
CHIP::SWCPTRACE.SCT_RO_STAT_CNT_REQR @ 0x200f00c18
CHIP::SWCPTRACE.SCT_RO_STAT_CNT_MEMR @ 0x200f00c1c
CHIP::SWCPTRACE.SCT_RO_STAT_CNT_SIDR @ 0x200f00c20
CHIP::SWCPTRACE.SCT_RO_STAT_CNT_RS_0 @ 0x200f00c80
CHIP::SWCPTRACE.SCT_RO_STAT_CNT_RS_1 @ 0x200f00c84
CHIP::SWCPTRACE.SCT_RO_STAT_CNT_RS_2 @ 0x200f00c88
CHIP::SWCPTRACE.SCT_RO_STAT_CNT_RS_3 @ 0x200f00c8c
CHIP::SWCPTRACE.SCT_RO_STAT_CNT_RS_4 @ 0x200f00c90
CHIP::SWCPTRACE.SCT_RO_STAT_CNT_RS_5 @ 0x200f00c94
CHIP::SWCPTRACE.SCT_RO_STAT_CNT_RS_6 @ 0x200f00c98
CHIP::SWCPTRACE.SCT_RO_STAT_CNT_RS_7 @ 0x200f00c9c
CHIP::SWCPTRACE.SCT_RO_STACK_OFFSET_REQL_LO @ 0x200f00d00
CHIP::SWCPTRACE.SCT_RO_STACK_OFFSET_REQR_LO @ 0x200f00d04
CHIP::SWCPTRACE.SCT_RO_STACK_OFFSET_ALL_RESP_LO @ 0x200f00d08
CHIP::SWCPTRACE.SCT_RO_STACK_OFFSET_COHT_LO @ 0x200f00d10
CHIP::SWCPTRACE.SCT_RO_STACK_OFFSET_REQL_HI @ 0x200f00d80
CHIP::SWCPTRACE.SCT_RO_STACK_OFFSET_REQR_HI @ 0x200f00d84
CHIP::SWCPTRACE.SCT_RO_STACK_OFFSET_ALL_RESP_HI @ 0x200f00d88
CHIP::SWCPTRACE.SCT_RO_STACK_OFFSET_COHT_HI @ 0x200f00d90
CHIP::SWCPTRACE.SCT_RO_PERIPHERAL_ID_4 @ 0x200f00fd0
CHIP::SWCPTRACE.SCT_RO_PERIPHERAL_ID_5 @ 0x200f00fd4
CHIP::SWCPTRACE.SCT_RO_PERIPHERAL_ID_6 @ 0x200f00fd8
CHIP::SWCPTRACE.SCT_RO_PERIPHERAL_ID_7 @ 0x200f00fdc
CHIP::SWCPTRACE.SCT_RO_PERIPHERAL_ID_0 @ 0x200f00fe0
CHIP::SWCPTRACE.SCT_RO_PERIPHERAL_ID_1 @ 0x200f00fe4
CHIP::SWCPTRACE.SCT_RO_PERIPHERAL_ID_2 @ 0x200f00fe8
CHIP::SWCPTRACE.SCT_RO_PERIPHERAL_ID_3 @ 0x200f00fec
CHIP::SWCPTRACE.SCT_RO_COMPONENT_ID_0 @ 0x200f00ff0
CHIP::SWCPTRACE.SCT_RO_COMPONENT_ID_1 @ 0x200f00ff4
CHIP::SWCPTRACE.SCT_RO_COMPONENT_ID_2 @ 0x200f00ff8
CHIP::SWCPTRACE.SCT_RO_COMPONENT_ID_3 @ 0x200f00ffc
CHIP::SWCPTRACE.SCT_RO_TRACE_REQL_CMD @ 0x200f80000
CHIP::SWCPTRACE.SCT_RO_TRACE_REQR_CMD @ 0x200f90000
CHIP::SWCPTRACE.SCT_RO_TRACE_ALL_RESP_CMD @ 0x200fa0000
CHIP::SWCPTRACE.SCT_RO_TRACE_COHT_CMD @ 0x200fb0000
CHIP::SWCPTRACE.SCT_RO_TRACE_REQL_DATA @ 0x200fc0000
CHIP::SWCPTRACE.SCT_RO_TRACE_REQR_DATA @ 0x200fd0000
CHIP::GRAPHICS::RGX_CR.RGX_CR_CLK_CTRL @ 0x201000000
CHIP::GRAPHICS::RGX_CR.RGX_CR_CLK_STATUS @ 0x201000008
CHIP::GRAPHICS::RGX_CR.RGX_CR_CORE_ID @ 0x201000018
CHIP::GRAPHICS::RGX_CR.RGX_CR_CORE_REVISION @ 0x201000020
CHIP::GRAPHICS::RGX_CR.RGX_CR_DESIGNER_REV_FIELD1 @ 0x201000028
CHIP::GRAPHICS::RGX_CR.RGX_CR_DESIGNER_REV_FIELD2 @ 0x201000030
CHIP::GRAPHICS::RGX_CR.RGX_CR_POWER_EVENT @ 0x201000038
CHIP::GRAPHICS::RGX_CR.RGX_CR_CHANGESET_NUMBER @ 0x201000040
CHIP::GRAPHICS::RGX_CR.RGX_CR_DUSTS_ENABLE @ 0x201000050
CHIP::GRAPHICS::RGX_CR.RGX_CR_DUSTS_FUSE @ 0x201000058
CHIP::GRAPHICS::RGX_CR.RGX_CR_COMPUTE_CLUSTER @ 0x201000068
CHIP::GRAPHICS::RGX_CR.RGX_CR_CLK_XTPLUS_CTRL @ 0x201000080
CHIP::GRAPHICS::RGX_CR.RGX_CR_CLK_XTPLUS_STATUS @ 0x201000088
CHIP::GRAPHICS::RGX_CR.RGX_CR_SOC_TIMER_GRAY @ 0x2010000e0
CHIP::GRAPHICS::RGX_CR.RGX_CR_SOC_TIMER_BINARY @ 0x2010000e8
CHIP::GRAPHICS::RGX_CR.RGX_CR_SOFT_RESET @ 0x201000100
CHIP::GRAPHICS::RGX_CR.RGX_CR_SOFT_RESET2 @ 0x201000108
CHIP::GRAPHICS::RGX_CR.RGX_CR_CONTEXT_SWITCH_ENABLE @ 0x201000120
CHIP::GRAPHICS::RGX_CR.RGX_CR_EVENT_ENABLE @ 0x201000128
CHIP::GRAPHICS::RGX_CR.RGX_CR_EVENT_STATUS @ 0x201000130
CHIP::GRAPHICS::RGX_CR.RGX_CR_EVENT_CLEAR @ 0x201000138
CHIP::GRAPHICS::RGX_CR.RGX_CR_GPIO_OUTPUT_DATA @ 0x201000140
CHIP::GRAPHICS::RGX_CR.RGX_CR_GPIO_OUTPUT_REQ @ 0x201000148
CHIP::GRAPHICS::RGX_CR.RGX_CR_GPIO_INPUT_DATA @ 0x201000150
CHIP::GRAPHICS::RGX_CR.RGX_CR_GPIO_INPUT_ACK @ 0x201000158
CHIP::GRAPHICS::RGX_CR.RGX_CR_TIMER @ 0x201000160
CHIP::GRAPHICS::RGX_CR.RGX_CR_TLA_MEMORY_THROTTLE @ 0x201000170
CHIP::GRAPHICS::RGX_CR.RGX_CR_TLA_STATUS @ 0x201000178
CHIP::GRAPHICS::RGX_CR.RGX_CR_TLA_START_CMD_STREAM @ 0x201000180
CHIP::GRAPHICS::RGX_CR.RGX_CR_TLA_CMD_STREAM @ 0x201000188
CHIP::GRAPHICS::RGX_CR.RGX_CR_PM_TASK_MLIST_LOAD @ 0x201000190
CHIP::GRAPHICS::RGX_CR.RGX_CR_PM_TASK_MLIST_CLEAR @ 0x201000198
CHIP::GRAPHICS::RGX_CR.RGX_CR_PM_TA_MAX_RENDER_TARGET @ 0x2010001a0
CHIP::GRAPHICS::RGX_CR.RGX_CR_PM_MTILE_ARRAY_REORDER_VALID_STATUS @ 0x2010001a8
CHIP::GRAPHICS::RGX_CR.RGX_CR_PM_EMPTY_PAGE_FAST_FREEING @ 0x2010001b0
CHIP::GRAPHICS::RGX_CR.RGX_CR_PM_MMU_REMAP_PENDING @ 0x2010001b8
CHIP::GRAPHICS::RGX_CR.RGX_CR_PM_PBE_FORCE_FREEING @ 0x2010001c0
CHIP::GRAPHICS::RGX_CR.RGX_CR_PM_PDS_STARTOF_MTILEFREE @ 0x2010001c8
CHIP::GRAPHICS::RGX_CR.RGX_CR_PM_VCE1_VTOP_STATUS @ 0x2010001d0
CHIP::GRAPHICS::RGX_CR.RGX_CR_PM_VCE2_VTOP_STATUS @ 0x2010001d8
CHIP::GRAPHICS::RGX_CR.RGX_CR_PM_VCE3_VTOP_STATUS @ 0x2010001e0
CHIP::GRAPHICS::RGX_CR.RGX_CR_PM_TE1_VTOP_STATUS @ 0x2010001e8
CHIP::GRAPHICS::RGX_CR.RGX_CR_PM_TE2_VTOP_STATUS @ 0x2010001f0
CHIP::GRAPHICS::RGX_CR.RGX_CR_PM_TE3_VTOP_STATUS @ 0x2010001f8
CHIP::GRAPHICS::RGX_CR.RGX_CR_PM_TASK_3D_FREE_LOAD @ 0x201000200
CHIP::GRAPHICS::RGX_CR.RGX_CR_PM_TASK_TA_FREE_LOAD @ 0x201000208
CHIP::GRAPHICS::RGX_CR.RGX_CR_PM_TA_FSTACK_BASE @ 0x201000210
CHIP::GRAPHICS::RGX_CR.RGX_CR_PM_3D_FSTACK_BASE @ 0x201000218
CHIP::GRAPHICS::RGX_CR.RGX_CR_PM_TA_FSTACK @ 0x201000220
CHIP::GRAPHICS::RGX_CR.RGX_CR_PM_3D_FSTACK @ 0x201000230
CHIP::GRAPHICS::RGX_CR.RGX_CR_PM_MTILE_ARRAY @ 0x201000240
CHIP::GRAPHICS::RGX_CR.RGX_CR_PM_VHEAP_TABLE @ 0x201000248
CHIP::GRAPHICS::RGX_CR.RGX_CR_PM_TASK_VHEAP_LOAD @ 0x201000250
CHIP::GRAPHICS::RGX_CR.RGX_CR_PM_TASK_VHEAP_CLEAR @ 0x201000258
CHIP::GRAPHICS::RGX_CR.RGX_CR_PM_TASK_VHEAP_STORE @ 0x201000260
CHIP::GRAPHICS::RGX_CR.RGX_CR_PM_ALIST0_START_OF @ 0x201000268
CHIP::GRAPHICS::RGX_CR.RGX_CR_PM_ALIST0_STATUS @ 0x201000270
CHIP::GRAPHICS::RGX_CR.RGX_CR_PM_ALIST1_START_OF @ 0x201000278
CHIP::GRAPHICS::RGX_CR.RGX_CR_PM_ALIST1_STATUS @ 0x201000280
CHIP::GRAPHICS::RGX_CR.RGX_CR_PM_TASK_ALIST_LOAD @ 0x201000288
CHIP::GRAPHICS::RGX_CR.RGX_CR_PM_TASK_ALIST_CLEAR @ 0x201000290
CHIP::GRAPHICS::RGX_CR.RGX_CR_PM_DEALLOCATION_STARTOF_MASK @ 0x201000298
CHIP::GRAPHICS::RGX_CR.RGX_CR_PM_PAGE_MANAGEOP @ 0x2010002a0
CHIP::GRAPHICS::RGX_CR.RGX_CR_PM_PAGE_MANAGEOP_STATUS @ 0x2010002a8
CHIP::GRAPHICS::RGX_CR.RGX_CR_PM_CONTEXT_PB_BASE @ 0x2010002b0
CHIP::GRAPHICS::RGX_CR.RGX_CR_PM_MLIST0_START_OF @ 0x2010002b8
CHIP::GRAPHICS::RGX_CR.RGX_CR_PM_MLIST0_STATUS @ 0x2010002c0
CHIP::GRAPHICS::RGX_CR.RGX_CR_PM_MLIST1_START_OF @ 0x2010002c8
CHIP::GRAPHICS::RGX_CR.RGX_CR_PM_MLIST1_STATUS @ 0x2010002d0
CHIP::GRAPHICS::RGX_CR.RGX_CR_PM_MLIST0_BASE @ 0x2010002d8
CHIP::GRAPHICS::RGX_CR.RGX_CR_PM_MLIST1_BASE @ 0x2010002e0
CHIP::GRAPHICS::RGX_CR.RGX_CR_PM_VCE_VTOP_STATUS @ 0x2010002f8
CHIP::GRAPHICS::RGX_CR.RGX_CR_PM_TE_VTOP_STATUS @ 0x201000300
CHIP::GRAPHICS::RGX_CR.RGX_CR_PM_OUTOF_MEM_SRC @ 0x201000308
CHIP::GRAPHICS::RGX_CR.RGX_CR_PM_ALIST_VTOP_STATUS @ 0x201000310
CHIP::GRAPHICS::RGX_CR.RGX_CR_PM_MMU_VTOP_STATUS @ 0x201000318
CHIP::GRAPHICS::RGX_CR.RGX_CR_PM_OUTOFMEM_ABORTALL @ 0x201000320
CHIP::GRAPHICS::RGX_CR.RGX_CR_PM_OUTOFMEM_RESTART @ 0x201000328
CHIP::GRAPHICS::RGX_CR.RGX_CR_PM_REQUESTING_SOURCE @ 0x201000330
CHIP::GRAPHICS::RGX_CR.RGX_CR_PM_PARTIAL_RENDER_ENABLE @ 0x201000338
CHIP::GRAPHICS::RGX_CR.RGX_CR_PM_3D_DEALLOCATE_SCANMODE @ 0x201000340
CHIP::GRAPHICS::RGX_CR.RGX_CR_PM_TA_FSTACK_STATUS @ 0x201000348
CHIP::GRAPHICS::RGX_CR.RGX_CR_PM_3D_FSTACK_STATUS @ 0x201000350
CHIP::GRAPHICS::RGX_CR.RGX_CR_PM_RESERVE_PAGES @ 0x201000358
CHIP::GRAPHICS::RGX_CR.RGX_CR_PM_DEALLOCATED_MASK_STATUS @ 0x201000360
CHIP::GRAPHICS::RGX_CR.RGX_CR_PM_DEALLOCATING_MASK_STATUS @ 0x201000368
CHIP::GRAPHICS::RGX_CR.RGX_CR_PM_PDS_MTILEFREE_STATUS @ 0x201000370
CHIP::GRAPHICS::RGX_CR.RGX_CR_PM_TA_FREE_CONTEXT @ 0x201000378
CHIP::GRAPHICS::RGX_CR.RGX_CR_PM_3D_TIMEOUT_NOW @ 0x201000380
CHIP::GRAPHICS::RGX_CR.RGX_CR_PM_3D_DEALLOCATE_ENABLE @ 0x201000388
CHIP::GRAPHICS::RGX_CR.RGX_CR_PM_START_OF_TACONTEXT @ 0x201000390
CHIP::GRAPHICS::RGX_CR.RGX_CR_PM_START_OF_3DCONTEXT @ 0x201000398
CHIP::GRAPHICS::RGX_CR.RGX_CR_PM_TA_PAGE_STATUS @ 0x2010003a0
CHIP::GRAPHICS::RGX_CR.RGX_CR_PM_3D_PAGE_STATUS @ 0x2010003a8
CHIP::GRAPHICS::RGX_CR.RGX_CR_PM_VCE_INFLIGHT_STATUS @ 0x2010003b0
CHIP::GRAPHICS::RGX_CR.RGX_CR_PM_TE_INFLIGHT_STATUS @ 0x2010003b8
CHIP::GRAPHICS::RGX_CR.RGX_CR_PM_CONTEXT_ID @ 0x2010003d0
CHIP::GRAPHICS::RGX_CR.RGX_CR_PM_3D_RENDER_TARGET_INDEX @ 0x2010003d8
CHIP::GRAPHICS::RGX_CR.RGX_CR_PM_3D_RENDER_TARGET_LAST @ 0x2010003e0
CHIP::GRAPHICS::RGX_CR.RGX_CR_PM_LOCK_STATUS @ 0x2010003e8
CHIP::GRAPHICS::RGX_CR.RGX_CR_PM_LOCK_OWNER @ 0x2010003f0
CHIP::GRAPHICS::RGX_CR.RGX_CR_PM_IDLE_STATUS @ 0x2010003f8
CHIP::GRAPHICS::RGX_CR.RGX_CR_VDM_START @ 0x201000400
CHIP::GRAPHICS::RGX_CR.RGX_CR_VDM_CTRL_STREAM_BASE @ 0x201000408
CHIP::GRAPHICS::RGX_CR.RGX_CR_VDM_CTRL_STREAM_CURRENT @ 0x201000410
CHIP::GRAPHICS::RGX_CR.RGX_CR_VDM_CALL_STACK_POINTER @ 0x201000418
CHIP::GRAPHICS::RGX_CR.RGX_CR_VDM_BATCH @ 0x201000420
CHIP::GRAPHICS::RGX_CR.RGX_CR_VDM_CONTEXT_STATE_BASE @ 0x201000428
CHIP::GRAPHICS::RGX_CR.RGX_CR_VDM_CONTEXT_STORE_STATUS @ 0x201000430
CHIP::GRAPHICS::RGX_CR.RGX_CR_VDM_CONTEXT_STORE_TASK0 @ 0x201000438
CHIP::GRAPHICS::RGX_CR.RGX_CR_VDM_CONTEXT_STORE_TASK1 @ 0x201000440
CHIP::GRAPHICS::RGX_CR.RGX_CR_VDM_CONTEXT_STORE_TASK2 @ 0x201000448
CHIP::GRAPHICS::RGX_CR.RGX_CR_VDM_CONTEXT_RESUME_TASK0 @ 0x201000450
CHIP::GRAPHICS::RGX_CR.RGX_CR_VDM_CONTEXT_RESUME_TASK1 @ 0x201000458
CHIP::GRAPHICS::RGX_CR.RGX_CR_VDM_CONTEXT_RESUME_TASK2 @ 0x201000460
CHIP::GRAPHICS::RGX_CR.RGX_CR_VDM_CONTEXT_STORE_START @ 0x201000468
CHIP::GRAPHICS::RGX_CR.RGX_CR_VDM_SYNC_PDS_DATA_BASE @ 0x201000470
CHIP::GRAPHICS::RGX_CR.RGX_CR_CDM_START @ 0x201000478
CHIP::GRAPHICS::RGX_CR.RGX_CR_CDM_CTRL_STREAM_BASE @ 0x201000480
CHIP::GRAPHICS::RGX_CR.RGX_CR_CDM_CONTEXT_STORE @ 0x201000488
CHIP::GRAPHICS::RGX_CR.RGX_CR_CDM_CONTEXT_LOAD @ 0x201000490
CHIP::GRAPHICS::RGX_CR.RGX_CR_CDM_CONTEXT_STATE_BASE @ 0x201000498
CHIP::GRAPHICS::RGX_CR.RGX_CR_CDM_CONTEXT_STORE_STATUS @ 0x2010004a0
CHIP::GRAPHICS::RGX_CR.RGX_CR_CDM_CONTEXT_PDS0 @ 0x2010004a8
CHIP::GRAPHICS::RGX_CR.RGX_CR_CDM_CONTEXT_PDS1 @ 0x2010004b0
CHIP::GRAPHICS::RGX_CR.RGX_CR_CDM_TERMINATE_PDS @ 0x2010004b8
CHIP::GRAPHICS::RGX_CR.RGX_CR_CDM_TERMINATE_PDS1 @ 0x2010004c0
CHIP::GRAPHICS::RGX_CR.RGX_CR_CDM_ITEM @ 0x2010004c8
CHIP::GRAPHICS::RGX_CR.RGX_CR_CDM_WORKGROUP @ 0x2010004d0
CHIP::GRAPHICS::RGX_CR.RGX_CR_PM_VCE1_INFLIGHT_STATUS @ 0x201000500
CHIP::GRAPHICS::RGX_CR.RGX_CR_PM_VCE2_INFLIGHT_STATUS @ 0x201000508
CHIP::GRAPHICS::RGX_CR.RGX_CR_PM_VCE3_INFLIGHT_STATUS @ 0x201000510
CHIP::GRAPHICS::RGX_CR.RGX_CR_PM_TE1_INFLIGHT_STATUS @ 0x201000518
CHIP::GRAPHICS::RGX_CR.RGX_CR_PM_TE2_INFLIGHT_STATUS @ 0x201000520
CHIP::GRAPHICS::RGX_CR.RGX_CR_PM_TE3_INFLIGHT_STATUS @ 0x201000528
CHIP::GRAPHICS::RGX_CR.RGX_CR_PDS_CTRL @ 0x201000600
CHIP::GRAPHICS::RGX_CR.RGX_CR_PDS_USC_COLLATOR @ 0x201000608
CHIP::GRAPHICS::RGX_CR.RGX_CR_PDS_EXEC_BASE @ 0x201000610
CHIP::GRAPHICS::RGX_CR.RGX_CR_EVENT_PIXEL_PDS_CODE @ 0x201000618
CHIP::GRAPHICS::RGX_CR.RGX_CR_EVENT_PIXEL_PDS_DATA @ 0x201000620
CHIP::GRAPHICS::RGX_CR.RGX_CR_EVENT_PIXEL_PDS_INFO @ 0x201000628
CHIP::GRAPHICS::RGX_CR.RGX_CR_PDS_CSRM @ 0x201000630
CHIP::GRAPHICS::RGX_CR.RGX_CR_PDS_MAX_CSRM_CHUNKS @ 0x201000638
CHIP::GRAPHICS::RGX_CR.RGX_CR_PDS_CSRM_MAX_COEFF @ 0x201000640
CHIP::GRAPHICS::RGX_CR.RGX_CR_PDS_USRM @ 0x201000648
CHIP::GRAPHICS::RGX_CR.RGX_CR_PDS_MAX_USRM_CHUNKS @ 0x201000650
CHIP::GRAPHICS::RGX_CR.RGX_CR_PDS_USRM_MAX_TEMP @ 0x201000658
CHIP::GRAPHICS::RGX_CR.RGX_CR_PDS_UVSRM @ 0x201000660
CHIP::GRAPHICS::RGX_CR.RGX_CR_PDS_STORERM @ 0x201000670
CHIP::GRAPHICS::RGX_CR.RGX_CR_PDS_MAX_STORERM_CHUNKS @ 0x201000678
CHIP::GRAPHICS::RGX_CR.RGX_CR_PDS_STORERM_MAX_TEMP @ 0x201000680
CHIP::GRAPHICS::RGX_CR.RGX_CR_PDS_ICC_INVAL @ 0x201000688
CHIP::GRAPHICS::RGX_CR.RGX_CR_PDS_MCU_REQ_CTRL @ 0x201000690
CHIP::GRAPHICS::RGX_CR.RGX_CR_PDS_CSRM_MIN_SHARED @ 0x201000698
CHIP::GRAPHICS::RGX_CR.RGX_CR_PDS_BGND0_BASE @ 0x2010006a0
CHIP::GRAPHICS::RGX_CR.RGX_CR_PDS_BGND1_BASE @ 0x2010006a8
CHIP::GRAPHICS::RGX_CR.RGX_CR_PDS_BGND2_BASE @ 0x2010006b0
CHIP::GRAPHICS::RGX_CR.RGX_CR_PDS_BGND3_SIZEINFO @ 0x2010006b8
CHIP::GRAPHICS::RGX_CR.RGX_CR_PDS_USRM_MIN_ATTR @ 0x2010006c0
CHIP::GRAPHICS::RGX_CR.RGX_CR_PDS_STORERM_MIN_CONST @ 0x2010006c8
CHIP::GRAPHICS::RGX_CR.RGX_CR_PDS_PIXELMERGE @ 0x2010006d0
CHIP::GRAPHICS::RGX_CR.RGX_CR_PDS_CSRM_USC_DEBUG @ 0x2010006d8
CHIP::GRAPHICS::RGX_CR.RGX_CR_PDS_CSRM_DISABLE @ 0x2010006e0
CHIP::GRAPHICS::RGX_CR.RGX_CR_HUB_PWR @ 0x2010006f0
CHIP::GRAPHICS::RGX_CR.RGX_CR_PDS_PASSGROUP @ 0x201000700
CHIP::GRAPHICS::RGX_CR.RGX_CR_PDS_COMPUTE_THREAD_BARRIER @ 0x201000708
CHIP::GRAPHICS::RGX_CR.RGX_CR_PDS_DMPC @ 0x201000710
CHIP::GRAPHICS::RGX_CR.RGX_CR_PDS_CSRM_SETUP @ 0x201000720
CHIP::GRAPHICS::RGX_CR.RGX_CR_PDS_BIF_REQ_CTRL @ 0x201000730
CHIP::GRAPHICS::RGX_CR.RGX_CR_PDS_USRM_DISABLE @ 0x201000738
CHIP::GRAPHICS::RGX_CR.RGX_CR_TEXAS_USC_OVERRIDE @ 0x201000748
CHIP::GRAPHICS::RGX_CR.RGX_CR_META_SP_MSLVDATAX @ 0x201000a00
CHIP::GRAPHICS::RGX_CR.RGX_CR_META_SP_MSLVDATAT @ 0x201000a08
CHIP::GRAPHICS::RGX_CR.RGX_CR_META_SP_MSLVCTRL0 @ 0x201000a10
CHIP::GRAPHICS::RGX_CR.RGX_CR_META_SP_MSLVCTRL1 @ 0x201000a18
CHIP::GRAPHICS::RGX_CR.RGX_CR_META_SP_RESERVED0 @ 0x201000a20
CHIP::GRAPHICS::RGX_CR.RGX_CR_META_SP_RESERVED1 @ 0x201000a28
CHIP::GRAPHICS::RGX_CR.RGX_CR_META_SP_RESERVED2 @ 0x201000a30
CHIP::GRAPHICS::RGX_CR.RGX_CR_META_SP_RESERVED3 @ 0x201000a38
CHIP::GRAPHICS::RGX_CR.RGX_CR_META_SP_RESERVED4 @ 0x201000a40
CHIP::GRAPHICS::RGX_CR.RGX_CR_META_SP_RESERVED5 @ 0x201000a48
CHIP::GRAPHICS::RGX_CR.RGX_CR_META_SP_MSLVHANDSHKE @ 0x201000a50
CHIP::GRAPHICS::RGX_CR.RGX_CR_META_SP_RESERVED6 @ 0x201000a58
CHIP::GRAPHICS::RGX_CR.RGX_CR_META_SP_RESERVED7 @ 0x201000a60
CHIP::GRAPHICS::RGX_CR.RGX_CR_META_SP_RESERVED8 @ 0x201000a68
CHIP::GRAPHICS::RGX_CR.RGX_CR_META_SP_RESERVED9 @ 0x201000a70
CHIP::GRAPHICS::RGX_CR.RGX_CR_META_SP_RESERVED10 @ 0x201000a78
CHIP::GRAPHICS::RGX_CR.RGX_CR_META_SP_MSLVT0KICK @ 0x201000a80
CHIP::GRAPHICS::RGX_CR.RGX_CR_META_SP_MSLVT0KICKI @ 0x201000a88
CHIP::GRAPHICS::RGX_CR.RGX_CR_META_SP_MSLVT1KICK @ 0x201000a90
CHIP::GRAPHICS::RGX_CR.RGX_CR_META_SP_MSLVT1KICKI @ 0x201000a98
CHIP::GRAPHICS::RGX_CR.RGX_CR_META_SP_MSLVT2KICK @ 0x201000aa0
CHIP::GRAPHICS::RGX_CR.RGX_CR_META_SP_MSLVT2KICKI @ 0x201000aa8
CHIP::GRAPHICS::RGX_CR.RGX_CR_META_SP_MSLVT3KICK @ 0x201000ab0
CHIP::GRAPHICS::RGX_CR.RGX_CR_META_SP_MSLVT3KICKI @ 0x201000ab8
CHIP::GRAPHICS::RGX_CR.RGX_CR_META_SP_MSLVRST @ 0x201000ac0
CHIP::GRAPHICS::RGX_CR.RGX_CR_META_SP_MSLVIRQSTATUS @ 0x201000ac8
CHIP::GRAPHICS::RGX_CR.RGX_CR_META_SP_MSLVIRQENABLE @ 0x201000ad0
CHIP::GRAPHICS::RGX_CR.RGX_CR_META_SP_MSLVIRQLEVEL @ 0x201000ad8
CHIP::GRAPHICS::RGX_CR.RGX_CR_META_SP_RESERVED11 @ 0x201000ae0
CHIP::GRAPHICS::RGX_CR.RGX_CR_META_SP_RESERVED12 @ 0x201000ae8
CHIP::GRAPHICS::RGX_CR.RGX_CR_META_SP_RESERVED13 @ 0x201000af0
CHIP::GRAPHICS::RGX_CR.RGX_CR_META_SP_RESERVED14 @ 0x201000af8
CHIP::GRAPHICS::RGX_CR.RGX_CR_MTS_SCHEDULE @ 0x201000b00
CHIP::GRAPHICS::RGX_CR.RGX_CR_MTS_PROC_COMPLETE @ 0x201000b08
CHIP::GRAPHICS::RGX_CR.RGX_CR_MTS_BGCTX_SBDATA0 @ 0x201000b10
CHIP::GRAPHICS::RGX_CR.RGX_CR_MTS_BGCTX_SBDATA1 @ 0x201000b18
CHIP::GRAPHICS::RGX_CR.RGX_CR_MTS_INTCTX_SBDATA0 @ 0x201000b20
CHIP::GRAPHICS::RGX_CR.RGX_CR_MTS_INTCTX_SBDATA1 @ 0x201000b28
CHIP::GRAPHICS::RGX_CR.RGX_CR_MTS_BGCTX_THREAD0_DM_ASSOC @ 0x201000b30
CHIP::GRAPHICS::RGX_CR.RGX_CR_MTS_BGCTX_THREAD1_DM_ASSOC @ 0x201000b38
CHIP::GRAPHICS::RGX_CR.RGX_CR_MTS_INTCTX_THREAD0_DM_ASSOC @ 0x201000b40
CHIP::GRAPHICS::RGX_CR.RGX_CR_MTS_INTCTX_THREAD1_DM_ASSOC @ 0x201000b48
CHIP::GRAPHICS::RGX_CR.RGX_CR_MTS_GARTEN_WRAPPER_CONFIG @ 0x201000b50
CHIP::GRAPHICS::RGX_CR.RGX_CR_MTS_DM0_INTERRUPT_ENABLE @ 0x201000b58
CHIP::GRAPHICS::RGX_CR.RGX_CR_MTS_DM1_INTERRUPT_ENABLE @ 0x201000b60
CHIP::GRAPHICS::RGX_CR.RGX_CR_MTS_DM2_INTERRUPT_ENABLE @ 0x201000b68
CHIP::GRAPHICS::RGX_CR.RGX_CR_MTS_DM3_INTERRUPT_ENABLE @ 0x201000b70
CHIP::GRAPHICS::RGX_CR.RGX_CR_MTS_DM4_INTERRUPT_ENABLE @ 0x201000b78
CHIP::GRAPHICS::RGX_CR.RGX_CR_MTS_DM5_INTERRUPT_ENABLE @ 0x201000b80
CHIP::GRAPHICS::RGX_CR.RGX_CR_MTS_EVENT_MASK @ 0x201000b88
CHIP::GRAPHICS::RGX_CR.RGX_CR_MTS_EVENT_CLEAR @ 0x201000b90
CHIP::GRAPHICS::RGX_CR.RGX_CR_MTS_INTCTX @ 0x201000b98
CHIP::GRAPHICS::RGX_CR.RGX_CR_MTS_BGCTX @ 0x201000ba0
CHIP::GRAPHICS::RGX_CR.RGX_CR_MTS_BGCTX_COUNTED_SCHEDULE @ 0x201000ba8
CHIP::GRAPHICS::RGX_CR.RGX_CR_MTS_GPU_INT_STATUS @ 0x201000bb0
CHIP::GRAPHICS::RGX_CR.RGX_CR_GARTEN_SLC @ 0x201000bb8
CHIP::GRAPHICS::RGX_CR.RGX_CR_SOCIF_COMBINE @ 0x201000bf0
CHIP::GRAPHICS::RGX_CR.RGX_CR_META_BOOT @ 0x201000bf8
CHIP::GRAPHICS::RGX_CR.RGX_CR_TE_AA @ 0x201000c00
CHIP::GRAPHICS::RGX_CR.RGX_CR_TE_MTILE1 @ 0x201000c08
CHIP::GRAPHICS::RGX_CR.RGX_CR_TE_MTILE2 @ 0x201000c10
CHIP::GRAPHICS::RGX_CR.RGX_CR_TE_SCREEN @ 0x201000c18
CHIP::GRAPHICS::RGX_CR.RGX_CR_TE_MTILE @ 0x201000c20
CHIP::GRAPHICS::RGX_CR.RGX_CR_TE_PSG @ 0x201000c28
CHIP::GRAPHICS::RGX_CR.RGX_CR_TE_PSG_TERMINATE @ 0x201000c30
CHIP::GRAPHICS::RGX_CR.RGX_CR_TE_PSGREGION_ADDR @ 0x201000c38
CHIP::GRAPHICS::RGX_CR.RGX_CR_TE_TPC_ADDR @ 0x201000c40
CHIP::GRAPHICS::RGX_CR.RGX_CR_TE_TPC @ 0x201000c48
CHIP::GRAPHICS::RGX_CR.RGX_CR_TE_TPC_CONTEXT @ 0x201000c50
CHIP::GRAPHICS::RGX_CR.RGX_CR_TE_RGNBBOX_X @ 0x201000c58
CHIP::GRAPHICS::RGX_CR.RGX_CR_TE_RGNBBOX_Y @ 0x201000c60
CHIP::GRAPHICS::RGX_CR.RGX_CR_TE_RGNHDR_INIT @ 0x201000c68
CHIP::GRAPHICS::RGX_CR.RGX_CR_PPP_GRIDOFFSET @ 0x201000c78
CHIP::GRAPHICS::RGX_CR.RGX_CR_PPP_MULTISAMPLECTL @ 0x201000c80
CHIP::GRAPHICS::RGX_CR.RGX_CR_PPP_CTRL @ 0x201000c88
CHIP::GRAPHICS::RGX_CR.RGX_CR_PPP_WCLAMP @ 0x201000c90
CHIP::GRAPHICS::RGX_CR.RGX_CR_PPP_SCREEN @ 0x201000c98
CHIP::GRAPHICS::RGX_CR.RGX_CR_VCE_CTRL @ 0x201000ca0
CHIP::GRAPHICS::RGX_CR.RGX_CR_TE_CLEAR_LISTS_AFTER_ABORT @ 0x201000ca8
CHIP::GRAPHICS::RGX_CR.RGX_CR_TA_RTC_ADDR @ 0x201000cb0
CHIP::GRAPHICS::RGX_CR.RGX_CR_TA_RTC_CTRL @ 0x201000cb8
CHIP::GRAPHICS::RGX_CR.RGX_CR_TA_CONTEXT_STATE_BASE @ 0x201000cc0
CHIP::GRAPHICS::RGX_CR.RGX_CR_PPP_DIAG_CULL @ 0x201000cc8
CHIP::GRAPHICS::RGX_CR.RGX_CR_PPP @ 0x201000cd0
CHIP::GRAPHICS::RGX_CR.RGX_CR_UVS_CLEAR @ 0x201000cd8
CHIP::GRAPHICS::RGX_CR.RGX_CR_TA_RTC_PRELOAD @ 0x201000ce0
CHIP::GRAPHICS::RGX_CR.RGX_CR_VCE_HALT @ 0x201000cf0
CHIP::GRAPHICS::RGX_CR.RGX_CR_TE_RESUME_AFTER_ABORT @ 0x201000cf8
CHIP::GRAPHICS::RGX_CR.RGX_CR_TA_IDLE @ 0x201000d00
CHIP::GRAPHICS::RGX_CR.RGX_CR_STAT_NEW_PRIM @ 0x201000d08
CHIP::GRAPHICS::RGX_CR.RGX_CR_STAT_NEW @ 0x201000d10
CHIP::GRAPHICS::RGX_CR.RGX_CR_TE_PSG_RTC @ 0x201000d20
CHIP::GRAPHICS::RGX_CR.RGX_CR_DMA_PARAM0_CH0 @ 0x201000e00
CHIP::GRAPHICS::RGX_CR.RGX_CR_DMA_PARAM0_CH1 @ 0x201000e08
CHIP::GRAPHICS::RGX_CR.RGX_CR_DMA_PARAM0_CH2 @ 0x201000e10
CHIP::GRAPHICS::RGX_CR.RGX_CR_DMA_PARAM0_CH3 @ 0x201000e18
CHIP::GRAPHICS::RGX_CR.RGX_CR_DMA_PARAM1_CH0 @ 0x201000e20
CHIP::GRAPHICS::RGX_CR.RGX_CR_DMA_PARAM1_CH1 @ 0x201000e28
CHIP::GRAPHICS::RGX_CR.RGX_CR_DMA_PARAM1_CH2 @ 0x201000e30
CHIP::GRAPHICS::RGX_CR.RGX_CR_DMA_PARAM1_CH3 @ 0x201000e38
CHIP::GRAPHICS::RGX_CR.RGX_CR_DMA_PARAM2_CH0 @ 0x201000e40
CHIP::GRAPHICS::RGX_CR.RGX_CR_DMA_PARAM2_CH1 @ 0x201000e48
CHIP::GRAPHICS::RGX_CR.RGX_CR_DMA_PARAM2_CH2 @ 0x201000e50
CHIP::GRAPHICS::RGX_CR.RGX_CR_DMA_PARAM2_CH3 @ 0x201000e58
CHIP::GRAPHICS::RGX_CR.RGX_CR_DMA_DONE_CH0 @ 0x201000e60
CHIP::GRAPHICS::RGX_CR.RGX_CR_DMA_DONE_CH1 @ 0x201000e68
CHIP::GRAPHICS::RGX_CR.RGX_CR_DMA_DONE_CH2 @ 0x201000e70
CHIP::GRAPHICS::RGX_CR.RGX_CR_DMA_DONE_CH3 @ 0x201000e78
CHIP::GRAPHICS::RGX_CR.RGX_CR_DMA_CONTROL @ 0x201000e80
CHIP::GRAPHICS::RGX_CR.RGX_CR_DMA_STATUS @ 0x201000e88
CHIP::GRAPHICS::RGX_CR.RGX_CR_DMA_INTERRUPT @ 0x201000e90
CHIP::GRAPHICS::RGX_CR.RGX_CR_DMA_INTERRUPT_ENABLE @ 0x201000e98
CHIP::GRAPHICS::RGX_CR.RGX_CR_ISP_START_RENDER @ 0x201000f00
CHIP::GRAPHICS::RGX_CR.RGX_CR_ISP_RENDER @ 0x201000f08
CHIP::GRAPHICS::RGX_CR.RGX_CR_ISP_RENDER_ORIGIN @ 0x201000f10
CHIP::GRAPHICS::RGX_CR.RGX_CR_ISP_MTILE_SIZE @ 0x201000f18
CHIP::GRAPHICS::RGX_CR.RGX_CR_ISP_MTILE_BASE @ 0x201000f20
CHIP::GRAPHICS::RGX_CR.RGX_CR_ISP_RGN @ 0x201000f28
CHIP::GRAPHICS::RGX_CR.RGX_CR_ISP_AA @ 0x201000f30
CHIP::GRAPHICS::RGX_CR.RGX_CR_ISP_CTL @ 0x201000f38
CHIP::GRAPHICS::RGX_CR.RGX_CR_ISP_SPLIT_RENDER @ 0x201000f40
CHIP::GRAPHICS::RGX_CR.RGX_CR_ISP_ZLSCTL @ 0x201000f48
CHIP::GRAPHICS::RGX_CR.RGX_CR_ISP_ZLOAD_BASE @ 0x201000f50
CHIP::GRAPHICS::RGX_CR.RGX_CR_ISP_ZSTORE_BASE @ 0x201000f58
CHIP::GRAPHICS::RGX_CR.RGX_CR_ISP_STENCIL_LOAD_BASE @ 0x201000f60
CHIP::GRAPHICS::RGX_CR.RGX_CR_ISP_STENCIL_STORE_BASE @ 0x201000f68
CHIP::GRAPHICS::RGX_CR.RGX_CR_ISP_MASK_LOAD_BASE @ 0x201000f70
CHIP::GRAPHICS::RGX_CR.RGX_CR_ISP_MASK_STORE_BASE @ 0x201000f78
CHIP::GRAPHICS::RGX_CR.RGX_CR_ISP_BGOBJDEPTH @ 0x201000f80
CHIP::GRAPHICS::RGX_CR.RGX_CR_ISP_BGOBJVALS @ 0x201000f88
CHIP::GRAPHICS::RGX_CR.RGX_CR_ISP_GRIDOFFSET @ 0x201000fa0
CHIP::GRAPHICS::RGX_CR.RGX_CR_ISP_MULTISAMPLECTL @ 0x201000fa8
CHIP::GRAPHICS::RGX_CR.RGX_CR_ISP_SCISSOR_BASE @ 0x201000fb0
CHIP::GRAPHICS::RGX_CR.RGX_CR_ISP_DBIAS_BASE @ 0x201000fb8
CHIP::GRAPHICS::RGX_CR.RGX_CR_ISP_OCLQRY_BASE @ 0x201000fc0
CHIP::GRAPHICS::RGX_CR.RGX_CR_ISP_PIXEL_BASE @ 0x201000fc8
CHIP::GRAPHICS::RGX_CR.RGX_CR_ISP_ZLS_PIXELS @ 0x201000fd0
CHIP::GRAPHICS::RGX_CR.RGX_CR_ISP_CTL2 @ 0x201000fd8
CHIP::GRAPHICS::RGX_CR.RGX_CR_ISP_START_CONTEXT_STORE @ 0x201001000
CHIP::GRAPHICS::RGX_CR.RGX_CR_RAST_IDLE @ 0x201001040
CHIP::GRAPHICS::RGX_CR.RGX_CR_ISP_PWR_NUM @ 0x201001048
CHIP::GRAPHICS::RGX_CR.RGX_CR_TFPU_PWR_NUM @ 0x201001058
CHIP::GRAPHICS::RGX_CR.RGX_CR_IPP_STATUS @ 0x201001090
CHIP::GRAPHICS::RGX_CR.RGX_CR_IPF_STATUS @ 0x201001098
CHIP::GRAPHICS::RGX_CR.RGX_CR_ISP_MERGE_LOWER_X @ 0x2010011d0
CHIP::GRAPHICS::RGX_CR.RGX_CR_ISP_MERGE_LOWER_Y @ 0x2010011d8
CHIP::GRAPHICS::RGX_CR.RGX_CR_ISP_MERGE_UPPER_X @ 0x2010011e0
CHIP::GRAPHICS::RGX_CR.RGX_CR_ISP_MERGE_UPPER_Y @ 0x2010011e8
CHIP::GRAPHICS::RGX_CR.RGX_CR_ISP_MERGE_SCALE_X @ 0x2010011f0
CHIP::GRAPHICS::RGX_CR.RGX_CR_ISP_MERGE_SCALE_Y @ 0x2010011f8
CHIP::GRAPHICS::RGX_CR.RGX_CR_BIF_CAT_BASE_INDEX @ 0x201001240
CHIP::GRAPHICS::RGX_CR.RGX_CR_BIF_TILING_CFG0 @ 0x2010012d8
CHIP::GRAPHICS::RGX_CR.RGX_CR_BIF_TILING_CFG1 @ 0x2010012e0
CHIP::GRAPHICS::RGX_CR.RGX_CR_BIF_TILING_CFG2 @ 0x2010012e8
CHIP::GRAPHICS::RGX_CR.RGX_CR_BIF_TILING_CFG3 @ 0x2010012f0
CHIP::GRAPHICS::RGX_CR.RGX_CR_BIF_TILING_CFG4 @ 0x2010012f8
CHIP::GRAPHICS::RGX_CR.RGX_CR_BIF_TILING_CFG5 @ 0x201001300
CHIP::GRAPHICS::RGX_CR.RGX_CR_BIF_TILING_CFG6 @ 0x201001308
CHIP::GRAPHICS::RGX_CR.RGX_CR_BIF_TILING_CFG7 @ 0x201001310
CHIP::GRAPHICS::RGX_CR.RGX_CR_BIF_TILING_CAT_BASE_INDEX @ 0x201001318
CHIP::GRAPHICS::RGX_CR.RGX_CR_BIF_READS_EXT_STATUS @ 0x201001320
CHIP::GRAPHICS::RGX_CR.RGX_CR_BIF_READS_INT_STATUS @ 0x201001328
CHIP::GRAPHICS::RGX_CR.RGX_CR_BIFPM_READS_INT_STATUS @ 0x201001330
CHIP::GRAPHICS::RGX_CR.RGX_CR_BIFPM_READS_EXT_STATUS @ 0x201001338
CHIP::GRAPHICS::RGX_CR.RGX_CR_BIFPM_CTRL @ 0x201001340
CHIP::GRAPHICS::RGX_CR.RGX_CR_BIFPM_CTRL_INVAL @ 0x201001348
CHIP::GRAPHICS::RGX_CR.RGX_CR_BIF_TILING @ 0x201001360
CHIP::GRAPHICS::RGX_CR.RGX_CR_BIF_TILING_CONTEXT @ 0x201001368
CHIP::GRAPHICS::RGX_CR.RGX_CR_BIF_PWR @ 0x2010013e8
CHIP::GRAPHICS::RGX_CR.RGX_CR_BIF_MCU_RESERVED @ 0x2010013f8
CHIP::GRAPHICS::RGX_CR.RGX_CR_TEXAS_BIF_FAULT_BANK0_MMU_STATUS @ 0x201001430
CHIP::GRAPHICS::RGX_CR.RGX_CR_TEXAS_BIF_FAULT_BANK0_REQ_STATUS @ 0x201001438
CHIP::GRAPHICS::RGX_CR.RGX_CR_TEXAS_BIFPM_READS_INT_STATUS @ 0x201001440
CHIP::GRAPHICS::RGX_CR.RGX_CR_TEXAS_BIFPM_READS_EXT_STATUS @ 0x201001448
CHIP::GRAPHICS::RGX_CR.RGX_CR_TEXAS_BIFPM_STATUS_MMU @ 0x201001450
CHIP::GRAPHICS::RGX_CR.RGX_CR_MCU_GLB_CFI @ 0x201001720
CHIP::GRAPHICS::RGX_CR.RGX_CR_MCU_GLB_CFI_EVENT @ 0x201001728
CHIP::GRAPHICS::RGX_CR.RGX_CR_MCU_LIMIT @ 0x201001730
CHIP::GRAPHICS::RGX_CR.RGX_CR_MCU_CTRL @ 0x201001738
CHIP::GRAPHICS::RGX_CR.RGX_CR_MCU_FENCE @ 0x201001740
CHIP::GRAPHICS::RGX_CR.RGX_CR_MCU_GLB @ 0x201001748
CHIP::GRAPHICS::RGX_CR.RGX_CR_DUST_IDLE @ 0x201001798
CHIP::GRAPHICS::RGX_CR.RGX_CR_PM_TA_MMUPAGE_STATUS @ 0x201002000
CHIP::GRAPHICS::RGX_CR.RGX_CR_PM_3D_MMUPAGE_STATUS @ 0x201002008
CHIP::GRAPHICS::RGX_CR.RGX_CR_PM_MMU_STACK_POLICY @ 0x201002010
CHIP::GRAPHICS::RGX_CR.RGX_CR_PM_TA_MMU_FSTACK_BASE @ 0x201002018
CHIP::GRAPHICS::RGX_CR.RGX_CR_PM_TA_MMU_FSTACK_STATUS @ 0x201002020
CHIP::GRAPHICS::RGX_CR.RGX_CR_PM_TA_MMU_FSTACK @ 0x201002028
CHIP::GRAPHICS::RGX_CR.RGX_CR_PM_START_OF_MMU_TACONTEXT @ 0x201002030
CHIP::GRAPHICS::RGX_CR.RGX_CR_PM_TASK_TA_MMU_FSTACK_FREE_LOAD @ 0x201002038
CHIP::GRAPHICS::RGX_CR.RGX_CR_PM_3D_MMU_FSTACK_BASE @ 0x201002040
CHIP::GRAPHICS::RGX_CR.RGX_CR_PM_3D_MMU_FSTACK_STATUS @ 0x201002048
CHIP::GRAPHICS::RGX_CR.RGX_CR_PM_3D_MMU_FSTACK @ 0x201002050
CHIP::GRAPHICS::RGX_CR.RGX_CR_PM_START_OF_MMU_3DCONTEXT @ 0x201002058
CHIP::GRAPHICS::RGX_CR.RGX_CR_PM_TASK_3D_MMU_FSTACK_FREE_LOAD @ 0x201002060
CHIP::GRAPHICS::RGX_CR.RGX_CR_PM_MMUSTACK_LOCK_STATUS @ 0x201002068
CHIP::GRAPHICS::RGX_CR.RGX_CR_PM_MMUSTACK_LOCK_OWNER @ 0x201002070
CHIP::GRAPHICS::RGX_CR.RGX_CR_PM_3D_UFSTACK_BASE @ 0x201002078
CHIP::GRAPHICS::RGX_CR.RGX_CR_PM_3D_UFSTACK @ 0x201002080
CHIP::GRAPHICS::RGX_CR.RGX_CR_PM_3D_UFSTACK_STATUS @ 0x201002088
CHIP::GRAPHICS::RGX_CR.RGX_CR_PM_START_OF_3D_UFSTACK @ 0x201002090
CHIP::GRAPHICS::RGX_CR.RGX_CR_PM_3D_UFSTACK_PAGE_STATUS @ 0x201002098
CHIP::GRAPHICS::RGX_CR.RGX_CR_PM_3D_UFSTACK_MMUPAGE_STATUS @ 0x2010020a0
CHIP::GRAPHICS::RGX_CR.RGX_CR_PM_TASK_3D_UFSTACK_LOAD @ 0x2010020a8
CHIP::GRAPHICS::RGX_CR.RGX_CR_PM_TASK_TA_UFSTACK_LOAD @ 0x2010020b0
CHIP::GRAPHICS::RGX_CR.RGX_CR_PM_TA_UFSTACK_BASE @ 0x2010020b8
CHIP::GRAPHICS::RGX_CR.RGX_CR_PM_TA_UFSTACK @ 0x2010020c0
CHIP::GRAPHICS::RGX_CR.RGX_CR_PM_TA_UFSTACK_STATUS @ 0x2010020c8
CHIP::GRAPHICS::RGX_CR.RGX_CR_PM_START_OF_TA_UFSTACK @ 0x2010020d0
CHIP::GRAPHICS::RGX_CR.RGX_CR_PM_TA_UFSTACK_PAGE_STATUS @ 0x2010020d8
CHIP::GRAPHICS::RGX_CR.RGX_CR_PM_TA_UFSTACK_MMUPAGE_STATUS @ 0x2010020e0
CHIP::GRAPHICS::RGX_CR.RGX_CR_PM_UFSTACK_LOCK_STATUS @ 0x2010020e8
CHIP::GRAPHICS::RGX_CR.RGX_CR_PM_UFSTACK_LOCK_OWNER @ 0x2010020f0
CHIP::GRAPHICS::RGX_CR.RGX_CR_PM_UFSTACK_POLICY @ 0x2010020f8
CHIP::GRAPHICS::RGX_CR.RGX_CR_PM_VFP_TRAN_EN @ 0x201002100
CHIP::GRAPHICS::RGX_CR.RGX_CR_PM_TA_VFP_TABLE_BASE @ 0x201002108
CHIP::GRAPHICS::RGX_CR.RGX_CR_PM_3D_VFP_TABLE_BASE @ 0x201002110
CHIP::GRAPHICS::RGX_CR.RGX_CR_ISP_XTP_RESUME0 @ 0x201003a00
CHIP::GRAPHICS::RGX_CR.RGX_CR_ISP_XTP_RESUME1 @ 0x201003a08
CHIP::GRAPHICS::RGX_CR.RGX_CR_ISP_XTP_RESUME2 @ 0x201003a10
CHIP::GRAPHICS::RGX_CR.RGX_CR_ISP_XTP_RESUME3 @ 0x201003a18
CHIP::GRAPHICS::RGX_CR.RGX_CR_ISP_XTP_RESUME4 @ 0x201003a20
CHIP::GRAPHICS::RGX_CR.RGX_CR_ISP_XTP_RESUME5 @ 0x201003a28
CHIP::GRAPHICS::RGX_CR.RGX_CR_ISP_XTP_RESUME6 @ 0x201003a30
CHIP::GRAPHICS::RGX_CR.RGX_CR_ISP_XTP_RESUME7 @ 0x201003a38
CHIP::GRAPHICS::RGX_CR.RGX_CR_ISP_XTP_RESUME8 @ 0x201003a40
CHIP::GRAPHICS::RGX_CR.RGX_CR_ISP_XTP_RESUME9 @ 0x201003a48
CHIP::GRAPHICS::RGX_CR.RGX_CR_ISP_XTP_RESUME10 @ 0x201003a50
CHIP::GRAPHICS::RGX_CR.RGX_CR_ISP_XTP_RESUME11 @ 0x201003a58
CHIP::GRAPHICS::RGX_CR.RGX_CR_ISP_XTP_RESUME12 @ 0x201003a60
CHIP::GRAPHICS::RGX_CR.RGX_CR_ISP_XTP_RESUME13 @ 0x201003a68
CHIP::GRAPHICS::RGX_CR.RGX_CR_ISP_XTP_RESUME14 @ 0x201003a70
CHIP::GRAPHICS::RGX_CR.RGX_CR_ISP_XTP_RESUME15 @ 0x201003a78
CHIP::GRAPHICS::RGX_CR.RGX_CR_ISP_XTP_RESUME16 @ 0x201003a80
CHIP::GRAPHICS::RGX_CR.RGX_CR_ISP_XTP_RESUME17 @ 0x201003a88
CHIP::GRAPHICS::RGX_CR.RGX_CR_ISP_XTP_RESUME18 @ 0x201003a90
CHIP::GRAPHICS::RGX_CR.RGX_CR_ISP_XTP_RESUME19 @ 0x201003a98
CHIP::GRAPHICS::RGX_CR.RGX_CR_ISP_XTP_RESUME20 @ 0x201003aa0
CHIP::GRAPHICS::RGX_CR.RGX_CR_ISP_XTP_RESUME21 @ 0x201003aa8
CHIP::GRAPHICS::RGX_CR.RGX_CR_ISP_XTP_RESUME22 @ 0x201003ab0
CHIP::GRAPHICS::RGX_CR.RGX_CR_ISP_XTP_RESUME23 @ 0x201003ab8
CHIP::GRAPHICS::RGX_CR.RGX_CR_ISP_XTP_RESUME24 @ 0x201003ac0
CHIP::GRAPHICS::RGX_CR.RGX_CR_ISP_XTP_RESUME25 @ 0x201003ac8
CHIP::GRAPHICS::RGX_CR.RGX_CR_ISP_XTP_RESUME26 @ 0x201003ad0
CHIP::GRAPHICS::RGX_CR.RGX_CR_ISP_XTP_RESUME27 @ 0x201003ad8
CHIP::GRAPHICS::RGX_CR.RGX_CR_ISP_XTP_RESUME28 @ 0x201003ae0
CHIP::GRAPHICS::RGX_CR.RGX_CR_ISP_XTP_RESUME29 @ 0x201003ae8
CHIP::GRAPHICS::RGX_CR.RGX_CR_ISP_XTP_RESUME30 @ 0x201003af0
CHIP::GRAPHICS::RGX_CR.RGX_CR_ISP_XTP_RESUME31 @ 0x201003af8
CHIP::GRAPHICS::RGX_CR.RGX_CR_ISP_XTP_RESUME32 @ 0x201003b00
CHIP::GRAPHICS::RGX_CR.RGX_CR_ISP_XTP_RESUME33 @ 0x201003b08
CHIP::GRAPHICS::RGX_CR.RGX_CR_ISP_XTP_RESUME34 @ 0x201003b10
CHIP::GRAPHICS::RGX_CR.RGX_CR_ISP_XTP_RESUME35 @ 0x201003b18
CHIP::GRAPHICS::RGX_CR.RGX_CR_ISP_XTP_RESUME36 @ 0x201003b20
CHIP::GRAPHICS::RGX_CR.RGX_CR_ISP_XTP_RESUME37 @ 0x201003b28
CHIP::GRAPHICS::RGX_CR.RGX_CR_ISP_XTP_RESUME38 @ 0x201003b30
CHIP::GRAPHICS::RGX_CR.RGX_CR_ISP_XTP_RESUME39 @ 0x201003b38
CHIP::GRAPHICS::RGX_CR.RGX_CR_ISP_XTP_RESUME40 @ 0x201003b40
CHIP::GRAPHICS::RGX_CR.RGX_CR_ISP_XTP_RESUME41 @ 0x201003b48
CHIP::GRAPHICS::RGX_CR.RGX_CR_ISP_XTP_RESUME42 @ 0x201003b50
CHIP::GRAPHICS::RGX_CR.RGX_CR_ISP_XTP_RESUME43 @ 0x201003b58
CHIP::GRAPHICS::RGX_CR.RGX_CR_ISP_XTP_RESUME44 @ 0x201003b60
CHIP::GRAPHICS::RGX_CR.RGX_CR_ISP_XTP_RESUME45 @ 0x201003b68
CHIP::GRAPHICS::RGX_CR.RGX_CR_ISP_XTP_RESUME46 @ 0x201003b70
CHIP::GRAPHICS::RGX_CR.RGX_CR_ISP_XTP_RESUME47 @ 0x201003b78
CHIP::GRAPHICS::RGX_CR.RGX_CR_ISP_XTP_RESUME48 @ 0x201003b80
CHIP::GRAPHICS::RGX_CR.RGX_CR_ISP_XTP_RESUME49 @ 0x201003b88
CHIP::GRAPHICS::RGX_CR.RGX_CR_ISP_XTP_RESUME50 @ 0x201003b90
CHIP::GRAPHICS::RGX_CR.RGX_CR_ISP_XTP_RESUME51 @ 0x201003b98
CHIP::GRAPHICS::RGX_CR.RGX_CR_ISP_XTP_RESUME52 @ 0x201003ba0
CHIP::GRAPHICS::RGX_CR.RGX_CR_ISP_XTP_RESUME53 @ 0x201003ba8
CHIP::GRAPHICS::RGX_CR.RGX_CR_ISP_XTP_RESUME54 @ 0x201003bb0
CHIP::GRAPHICS::RGX_CR.RGX_CR_ISP_XTP_RESUME55 @ 0x201003bb8
CHIP::GRAPHICS::RGX_CR.RGX_CR_ISP_XTP_RESUME56 @ 0x201003bc0
CHIP::GRAPHICS::RGX_CR.RGX_CR_ISP_XTP_RESUME57 @ 0x201003bc8
CHIP::GRAPHICS::RGX_CR.RGX_CR_ISP_XTP_RESUME58 @ 0x201003bd0
CHIP::GRAPHICS::RGX_CR.RGX_CR_ISP_XTP_RESUME59 @ 0x201003bd8
CHIP::GRAPHICS::RGX_CR.RGX_CR_ISP_XTP_RESUME60 @ 0x201003be0
CHIP::GRAPHICS::RGX_CR.RGX_CR_ISP_XTP_RESUME61 @ 0x201003be8
CHIP::GRAPHICS::RGX_CR.RGX_CR_ISP_XTP_RESUME62 @ 0x201003bf0
CHIP::GRAPHICS::RGX_CR.RGX_CR_ISP_XTP_RESUME63 @ 0x201003bf8
CHIP::GRAPHICS::RGX_CR.RGX_CR_ISP_XTP_STORE0 @ 0x201003c00
CHIP::GRAPHICS::RGX_CR.RGX_CR_ISP_XTP_STORE1 @ 0x201003c08
CHIP::GRAPHICS::RGX_CR.RGX_CR_ISP_XTP_STORE2 @ 0x201003c10
CHIP::GRAPHICS::RGX_CR.RGX_CR_ISP_XTP_STORE3 @ 0x201003c18
CHIP::GRAPHICS::RGX_CR.RGX_CR_ISP_XTP_STORE4 @ 0x201003c20
CHIP::GRAPHICS::RGX_CR.RGX_CR_ISP_XTP_STORE5 @ 0x201003c28
CHIP::GRAPHICS::RGX_CR.RGX_CR_ISP_XTP_STORE6 @ 0x201003c30
CHIP::GRAPHICS::RGX_CR.RGX_CR_ISP_XTP_STORE7 @ 0x201003c38
CHIP::GRAPHICS::RGX_CR.RGX_CR_ISP_XTP_STORE8 @ 0x201003c40
CHIP::GRAPHICS::RGX_CR.RGX_CR_ISP_XTP_STORE9 @ 0x201003c48
CHIP::GRAPHICS::RGX_CR.RGX_CR_ISP_XTP_STORE10 @ 0x201003c50
CHIP::GRAPHICS::RGX_CR.RGX_CR_ISP_XTP_STORE11 @ 0x201003c58
CHIP::GRAPHICS::RGX_CR.RGX_CR_ISP_XTP_STORE12 @ 0x201003c60
CHIP::GRAPHICS::RGX_CR.RGX_CR_ISP_XTP_STORE13 @ 0x201003c68
CHIP::GRAPHICS::RGX_CR.RGX_CR_ISP_XTP_STORE14 @ 0x201003c70
CHIP::GRAPHICS::RGX_CR.RGX_CR_ISP_XTP_STORE15 @ 0x201003c78
CHIP::GRAPHICS::RGX_CR.RGX_CR_ISP_XTP_STORE16 @ 0x201003c80
CHIP::GRAPHICS::RGX_CR.RGX_CR_ISP_XTP_STORE17 @ 0x201003c88
CHIP::GRAPHICS::RGX_CR.RGX_CR_ISP_XTP_STORE18 @ 0x201003c90
CHIP::GRAPHICS::RGX_CR.RGX_CR_ISP_XTP_STORE19 @ 0x201003c98
CHIP::GRAPHICS::RGX_CR.RGX_CR_ISP_XTP_STORE20 @ 0x201003ca0
CHIP::GRAPHICS::RGX_CR.RGX_CR_ISP_XTP_STORE21 @ 0x201003ca8
CHIP::GRAPHICS::RGX_CR.RGX_CR_ISP_XTP_STORE22 @ 0x201003cb0
CHIP::GRAPHICS::RGX_CR.RGX_CR_ISP_XTP_STORE23 @ 0x201003cb8
CHIP::GRAPHICS::RGX_CR.RGX_CR_ISP_XTP_STORE24 @ 0x201003cc0
CHIP::GRAPHICS::RGX_CR.RGX_CR_ISP_XTP_STORE25 @ 0x201003cc8
CHIP::GRAPHICS::RGX_CR.RGX_CR_ISP_XTP_STORE26 @ 0x201003cd0
CHIP::GRAPHICS::RGX_CR.RGX_CR_ISP_XTP_STORE27 @ 0x201003cd8
CHIP::GRAPHICS::RGX_CR.RGX_CR_ISP_XTP_STORE28 @ 0x201003ce0
CHIP::GRAPHICS::RGX_CR.RGX_CR_ISP_XTP_STORE29 @ 0x201003ce8
CHIP::GRAPHICS::RGX_CR.RGX_CR_ISP_XTP_STORE30 @ 0x201003cf0
CHIP::GRAPHICS::RGX_CR.RGX_CR_ISP_XTP_STORE31 @ 0x201003cf8
CHIP::GRAPHICS::RGX_CR.RGX_CR_ISP_XTP_PIPE_ENABLE @ 0x201003e00
CHIP::GRAPHICS::RGX_CR.RGX_CR_RASTERISATION_SLC_OVERRIDE @ 0x201003e08
CHIP::GRAPHICS::RGX_CR.RGX_CR_USC_CODE_BASE_VERTEX @ 0x201004008
CHIP::GRAPHICS::RGX_CR.RGX_CR_USC_CODE_BASE_PIXEL @ 0x201004010
CHIP::GRAPHICS::RGX_CR.RGX_CR_USC_CODE_BASE_COMPUTE @ 0x201004028
CHIP::GRAPHICS::RGX_CR.RGX_CR_USC_PIXEL_OUTPUT_CTRL @ 0x201004070
CHIP::GRAPHICS::RGX_CR.RGX_CR_USC_SERV_PIXEL @ 0x2010040d8
CHIP::GRAPHICS::RGX_CR.RGX_CR_USC_SERV_VERTEX @ 0x2010040e0
CHIP::GRAPHICS::RGX_CR.RGX_CR_USC_SERV_TESS_PIXEL @ 0x2010040e8
CHIP::GRAPHICS::RGX_CR.RGX_CR_USC_SERV_TESS_VERTEX @ 0x2010040f0
CHIP::GRAPHICS::RGX_CR.RGX_CR_USC_SERV_COMPUTE @ 0x2010040f8
CHIP::GRAPHICS::RGX_CR.RGX_CR_TE_SIGNATURE @ 0x201005028
CHIP::GRAPHICS::RGX_CR.RGX_CR_VCE_CHECKSUM @ 0x201005030
CHIP::GRAPHICS::RGX_CR.RGX_CR_ISP_PDS_CHECKSUM @ 0x201005038
CHIP::GRAPHICS::RGX_CR.RGX_CR_ISP_TPF_CHECKSUM @ 0x201005040
CHIP::GRAPHICS::RGX_CR.RGX_CR_TFPU_PLANE0_CHECKSUM @ 0x201005048
CHIP::GRAPHICS::RGX_CR.RGX_CR_TFPU_PLANE1_CHECKSUM @ 0x201005050
CHIP::GRAPHICS::RGX_CR.RGX_CR_PDS_DOUTM_STM_SIGNATURE @ 0x201005060
CHIP::GRAPHICS::RGX_CR.RGX_CR_IFPU_ISP_CHECKSUM @ 0x201005068
CHIP::GRAPHICS::RGX_CR.RGX_CR_MCU_L0_TA_CHECKSUM @ 0x201005070
CHIP::GRAPHICS::RGX_CR.RGX_CR_MCU_L0_3D_CHECKSUM @ 0x201005078
CHIP::GRAPHICS::RGX_CR.RGX_CR_MCU_L0_WRAP_TA_CHECKSUM @ 0x201005080
CHIP::GRAPHICS::RGX_CR.RGX_CR_MCU_L0_WRAP_3D_CHECKSUM @ 0x201005088
CHIP::GRAPHICS::RGX_CR.RGX_CR_TE_CHECKSUM @ 0x201005110
CHIP::GRAPHICS::RGX_CR.RGX_CR_USC_UVB_CHECKSUM @ 0x201005118
CHIP::GRAPHICS::RGX_CR.RGX_CR_PPP_CLIP_CHECKSUM @ 0x201005120
CHIP::GRAPHICS::RGX_CR.RGX_CR_TE_TMA_CHECKSUM @ 0x201005128
CHIP::GRAPHICS::RGX_CR.RGX_CR_PERF_COUNTER @ 0x201006000
CHIP::GRAPHICS::RGX_CR.RGX_CR_PERF_TA_PHASE @ 0x201006008
CHIP::GRAPHICS::RGX_CR.RGX_CR_PERF_3D_PHASE @ 0x201006010
CHIP::GRAPHICS::RGX_CR.RGX_CR_PERF_COMPUTE_PHASE @ 0x201006018
CHIP::GRAPHICS::RGX_CR.RGX_CR_PERF_TA_CYCLE @ 0x201006020
CHIP::GRAPHICS::RGX_CR.RGX_CR_PERF_3D_CYCLE @ 0x201006028
CHIP::GRAPHICS::RGX_CR.RGX_CR_PERF_COMPUTE_CYCLE @ 0x201006030
CHIP::GRAPHICS::RGX_CR.RGX_CR_PERF_TA_OR_3D_CYCLE @ 0x201006038
CHIP::GRAPHICS::RGX_CR.RGX_CR_PERF_INITIAL_TA_CYCLE @ 0x201006040
CHIP::GRAPHICS::RGX_CR.RGX_CR_PERF_FINAL_3D_CYCLE @ 0x201006048
CHIP::GRAPHICS::RGX_CR.RGX_CR_PERF_BIF0_READ @ 0x201006050
CHIP::GRAPHICS::RGX_CR.RGX_CR_PERF_BIF0_WRITE @ 0x201006058
CHIP::GRAPHICS::RGX_CR.RGX_CR_PERF_BIF0_BYTE_WRITE @ 0x201006060
CHIP::GRAPHICS::RGX_CR.RGX_CR_PERF_BIF0_READ_STALL @ 0x201006068
CHIP::GRAPHICS::RGX_CR.RGX_CR_PERF_BIF0_WRITE_STALL @ 0x201006070
CHIP::GRAPHICS::RGX_CR.RGX_CR_PERF_BIF1_READ @ 0x201006078
CHIP::GRAPHICS::RGX_CR.RGX_CR_PERF_BIF1_WRITE @ 0x201006080
CHIP::GRAPHICS::RGX_CR.RGX_CR_PERF_BIF1_BYTE_WRITE @ 0x201006088
CHIP::GRAPHICS::RGX_CR.RGX_CR_PERF_BIF1_READ_STALL @ 0x201006090
CHIP::GRAPHICS::RGX_CR.RGX_CR_PERF_BIF1_WRITE_STALL @ 0x201006098
CHIP::GRAPHICS::RGX_CR.RGX_CR_PERF_SLC0_READ @ 0x2010060a0
CHIP::GRAPHICS::RGX_CR.RGX_CR_PERF_SLC0_WRITE @ 0x2010060a8
CHIP::GRAPHICS::RGX_CR.RGX_CR_PERF_SLC0_BYTE_WRITE @ 0x2010060b0
CHIP::GRAPHICS::RGX_CR.RGX_CR_PERF_SLC0_READ_STALL @ 0x2010060b8
CHIP::GRAPHICS::RGX_CR.RGX_CR_PERF_SLC0_WRITE_STALL @ 0x2010060c0
CHIP::GRAPHICS::RGX_CR.RGX_CR_PERF_SLC1_READ @ 0x2010060c8
CHIP::GRAPHICS::RGX_CR.RGX_CR_PERF_SLC1_WRITE @ 0x2010060d0
CHIP::GRAPHICS::RGX_CR.RGX_CR_PERF_SLC1_BYTE_WRITE @ 0x2010060d8
CHIP::GRAPHICS::RGX_CR.RGX_CR_PERF_SLC1_READ_STALL @ 0x2010060e0
CHIP::GRAPHICS::RGX_CR.RGX_CR_PERF_SLC1_WRITE_STALL @ 0x2010060e8
CHIP::GRAPHICS::RGX_CR.RGX_CR_PERF_SLC_BURST_SIZE0_IN @ 0x2010060f0
CHIP::GRAPHICS::RGX_CR.RGX_CR_PERF_SLC_BURST_SIZE1_IN @ 0x2010060f8
CHIP::GRAPHICS::RGX_CR.RGX_CR_PERF_SLC_BURST_SIZE0_OUT @ 0x201006100
CHIP::GRAPHICS::RGX_CR.RGX_CR_PERF_SLC_BURST_SIZE1_OUT @ 0x201006108
CHIP::GRAPHICS::RGX_CR.RGX_CR_PERF_SLC_BURST_SIZE2_OUT @ 0x201006110
CHIP::GRAPHICS::RGX_CR.RGX_CR_PERF_SLC_BURST_SIZE3_OUT @ 0x201006138
CHIP::GRAPHICS::RGX_CR.RGX_CR_PERF_SLC2_READ @ 0x201006140
CHIP::GRAPHICS::RGX_CR.RGX_CR_PERF_SLC2_WRITE @ 0x201006148
CHIP::GRAPHICS::RGX_CR.RGX_CR_PERF_SLC2_BYTE_WRITE @ 0x201006150
CHIP::GRAPHICS::RGX_CR.RGX_CR_PERF_SLC2_READ_STALL @ 0x201006158
CHIP::GRAPHICS::RGX_CR.RGX_CR_PERF_SLC2_WRITE_STALL @ 0x201006160
CHIP::GRAPHICS::RGX_CR.RGX_CR_PERF_SLC3_READ @ 0x201006168
CHIP::GRAPHICS::RGX_CR.RGX_CR_PERF_SLC3_WRITE @ 0x201006170
CHIP::GRAPHICS::RGX_CR.RGX_CR_PERF_SLC3_BYTE_WRITE @ 0x201006178
CHIP::GRAPHICS::RGX_CR.RGX_CR_PERF_SLC3_READ_STALL @ 0x201006180
CHIP::GRAPHICS::RGX_CR.RGX_CR_PERF_SLC3_WRITE_STALL @ 0x201006188
CHIP::GRAPHICS::RGX_CR.RGX_CR_PERF_SLC_BURST_SIZE2_IN @ 0x201006190
CHIP::GRAPHICS::RGX_CR.RGX_CR_PERF_SLC_BURST_SIZE3_IN @ 0x201006198
CHIP::GRAPHICS::RGX_CR.RGX_CR_PERF_3D_SPINUP @ 0x201006220
CHIP::GRAPHICS::RGX_CR.RGX_CR_PERF_TBIF0_READ @ 0x201006228
CHIP::GRAPHICS::RGX_CR.RGX_CR_PERF_TBIF0_WRITE @ 0x201006230
CHIP::GRAPHICS::RGX_CR.RGX_CR_PERF_TBIF0_BYTE_WRITE @ 0x201006238
CHIP::GRAPHICS::RGX_CR.RGX_CR_PERF_TBIF0_READ_STALL @ 0x201006240
CHIP::GRAPHICS::RGX_CR.RGX_CR_PERF_TBIF0_WRITE_STALL @ 0x201006248
CHIP::GRAPHICS::RGX_CR.RGX_CR_PERF_COMPUTE_SPINUP_CYCLES @ 0x201006250
CHIP::GRAPHICS::RGX_CR.RGX_CR_PERF_TA_SPINUP_CYCLES @ 0x201006258
CHIP::GRAPHICS::RGX_CR.RGX_CR_POWER_ESTIMATE_REQ_RST @ 0x201006300
CHIP::GRAPHICS::RGX_CR.RGX_CR_POWER_ESTIMATE_SAMPLE_COUNT @ 0x201006310
CHIP::GRAPHICS::RGX_CR.RGX_CR_POWER_ESTIMATE_READY @ 0x201006318
CHIP::GRAPHICS::RGX_CR.RGX_CR_PERF_COUNT_MODE_ONLY @ 0x201006330
CHIP::GRAPHICS::RGX_CR.RGX_CR_PERF_JONES_BIF_READ @ 0x201006338
CHIP::GRAPHICS::RGX_CR.RGX_CR_PERF_JONES_BIF_WRITE @ 0x201006340
CHIP::GRAPHICS::RGX_CR.RGX_CR_PERF_JONES_BIF_BYTE_WRITE @ 0x201006348
CHIP::GRAPHICS::RGX_CR.RGX_CR_PERF_JONES_BIF_READ_STALL @ 0x201006350
CHIP::GRAPHICS::RGX_CR.RGX_CR_PERF_JONES_BIF_WRITE_STALL @ 0x201006358
CHIP::GRAPHICS::RGX_CR.RGX_CR_TEXAS_IDLE @ 0x201008210
CHIP::GRAPHICS::RGX_CR.RGX_CR_TEXAS_PWR @ 0x201008218
CHIP::GRAPHICS::RGX_CR.RGX_CR_MACROTILES @ 0x201008220
CHIP::GRAPHICS::RGX_CR.RGX_CR_TEXAS_PERF @ 0x201008290
CHIP::GRAPHICS::RGX_CR.RGX_CR_TEXAS_PERF_SELECT0 @ 0x201008298
CHIP::GRAPHICS::RGX_CR.RGX_CR_TEXAS_PERF_SELECT1 @ 0x2010082a0
CHIP::GRAPHICS::RGX_CR.RGX_CR_TEXAS_PERF_SELECT2 @ 0x2010082a8
CHIP::GRAPHICS::RGX_CR.RGX_CR_TEXAS_PERF_SELECT3 @ 0x2010082b0
CHIP::GRAPHICS::RGX_CR.RGX_CR_TEXAS_PERF_SELECT4 @ 0x2010082b8
CHIP::GRAPHICS::RGX_CR.RGX_CR_TEXAS_PERF_SELECT5 @ 0x2010082c0
CHIP::GRAPHICS::RGX_CR.RGX_CR_TEXAS_PERF_SELECTED_BITS @ 0x2010082c8
CHIP::GRAPHICS::RGX_CR.RGX_CR_TEXAS_PERF_SELECTED_BITS2 @ 0x2010082d0
CHIP::GRAPHICS::RGX_CR.RGX_CR_TEXAS_PERF_COUNTER_0 @ 0x2010082d8
CHIP::GRAPHICS::RGX_CR.RGX_CR_TEXAS_PERF_COUNTER_1 @ 0x2010082e0
CHIP::GRAPHICS::RGX_CR.RGX_CR_TEXAS_PERF_COUNTER_2 @ 0x2010082e8
CHIP::GRAPHICS::RGX_CR.RGX_CR_TEXAS_PERF_COUNTER_3 @ 0x2010082f0
CHIP::GRAPHICS::RGX_CR.RGX_CR_TEXAS_PERF_COUNTER_4 @ 0x2010082f8
CHIP::GRAPHICS::RGX_CR.RGX_CR_TEXAS_PERF_COUNTER_5 @ 0x201008300
CHIP::GRAPHICS::RGX_CR.RGX_CR_JONES_IDLE @ 0x201008328
CHIP::GRAPHICS::RGX_CR.RGX_CR_JONES_PERF @ 0x201008330
CHIP::GRAPHICS::RGX_CR.RGX_CR_JONES_PERF_SELECT0 @ 0x201008338
CHIP::GRAPHICS::RGX_CR.RGX_CR_JONES_PERF_SELECT1 @ 0x201008340
CHIP::GRAPHICS::RGX_CR.RGX_CR_JONES_PERF_SELECT2 @ 0x201008348
CHIP::GRAPHICS::RGX_CR.RGX_CR_JONES_PERF_SELECT3 @ 0x201008350
CHIP::GRAPHICS::RGX_CR.RGX_CR_JONES_PERF_SELECTED_BITS @ 0x201008360
CHIP::GRAPHICS::RGX_CR.RGX_CR_JONES_PERF_COUNTER_0 @ 0x201008368
CHIP::GRAPHICS::RGX_CR.RGX_CR_JONES_PERF_COUNTER_1 @ 0x201008370
CHIP::GRAPHICS::RGX_CR.RGX_CR_JONES_PERF_COUNTER_2 @ 0x201008378
CHIP::GRAPHICS::RGX_CR.RGX_CR_JONES_PERF_COUNTER_3 @ 0x201008380
CHIP::GRAPHICS::RGX_CR.RGX_CR_BLACKPEARL_INDIRECT @ 0x201008388
CHIP::GRAPHICS::RGX_CR.RGX_CR_TEXAS3_INDIRECT @ 0x201008390
CHIP::GRAPHICS::RGX_CR.RGX_CR_TEXAS3_PERF_INDIRECT @ 0x2010083d0
CHIP::GRAPHICS::RGX_CR.RGX_CR_BLACKPEARL_PERF_INDIRECT @ 0x2010083f8
CHIP::GRAPHICS::RGX_CR.RGX_CR_BLACKPEARL_PERF @ 0x201008400
CHIP::GRAPHICS::RGX_CR.RGX_CR_BLACKPEARL_PERF_SELECT0 @ 0x201008408
CHIP::GRAPHICS::RGX_CR.RGX_CR_BLACKPEARL_PERF_SELECT1 @ 0x201008410
CHIP::GRAPHICS::RGX_CR.RGX_CR_BLACKPEARL_PERF_SELECT2 @ 0x201008418
CHIP::GRAPHICS::RGX_CR.RGX_CR_BLACKPEARL_PERF_SELECT3 @ 0x201008420
CHIP::GRAPHICS::RGX_CR.RGX_CR_BLACKPEARL_PERF_SELECT4 @ 0x201008428
CHIP::GRAPHICS::RGX_CR.RGX_CR_BLACKPEARL_PERF_SELECT5 @ 0x201008430
CHIP::GRAPHICS::RGX_CR.RGX_CR_BLACKPEARL_PERF_SELECTED_BITS @ 0x201008438
CHIP::GRAPHICS::RGX_CR.RGX_CR_BLACKPEARL_PERF_SELECTED_BITS2 @ 0x201008440
CHIP::GRAPHICS::RGX_CR.RGX_CR_BLACKPEARL_PERF_COUNTER_0 @ 0x201008448
CHIP::GRAPHICS::RGX_CR.RGX_CR_BLACKPEARL_PERF_COUNTER_1 @ 0x201008450
CHIP::GRAPHICS::RGX_CR.RGX_CR_BLACKPEARL_PERF_COUNTER_2 @ 0x201008458
CHIP::GRAPHICS::RGX_CR.RGX_CR_BLACKPEARL_PERF_COUNTER_3 @ 0x201008460
CHIP::GRAPHICS::RGX_CR.RGX_CR_BLACKPEARL_PERF_COUNTER_4 @ 0x201008468
CHIP::GRAPHICS::RGX_CR.RGX_CR_BLACKPEARL_PERF_COUNTER_5 @ 0x201008470
CHIP::GRAPHICS::RGX_CR.RGX_CR_SYS_BUS_SECURE @ 0x20100a100
CHIP::GRAPHICS::RGX_CR.RGX_CR_CLK_CTRL2 @ 0x20100d200
CHIP::GRAPHICS::RGX_CR.RGX_CR_TILING_SLC_OVERRIDE @ 0x20100d280
CHIP::GRAPHICS::RGX_CR.RGX_CR_VDM_SLC @ 0x20100d288
CHIP::GRAPHICS::RGX_CR.RGX_CR_CACHE_CFI_EVENT @ 0x20100e000
CHIP::GRAPHICS::RGX_CR.RGX_CR_MMU_PM_CAT_BASE_VCE0_PIPE0 @ 0x20100e008
CHIP::GRAPHICS::RGX_CR.RGX_CR_MMU_PM_CAT_BASE_VCE0_PIPE1 @ 0x20100e010
CHIP::GRAPHICS::RGX_CR.RGX_CR_MMU_PM_CAT_BASE_VCE0_PIPE2 @ 0x20100e018
CHIP::GRAPHICS::RGX_CR.RGX_CR_MMU_PM_CAT_BASE_VCE0_PIPE3 @ 0x20100e020
CHIP::GRAPHICS::RGX_CR.RGX_CR_MMU_PM_CAT_BASE_TE0_PIPE0 @ 0x20100e028
CHIP::GRAPHICS::RGX_CR.RGX_CR_MMU_PM_CAT_BASE_TE0_PIPE1 @ 0x20100e030
CHIP::GRAPHICS::RGX_CR.RGX_CR_MMU_PM_CAT_BASE_TE0_PIPE2 @ 0x20100e038
CHIP::GRAPHICS::RGX_CR.RGX_CR_MMU_PM_CAT_BASE_TE0_PIPE3 @ 0x20100e040
CHIP::GRAPHICS::RGX_CR.RGX_CR_MMU_PM_CAT_BASE_ALIST0 @ 0x20100e048
CHIP::GRAPHICS::RGX_CR.RGX_CR_MMU_PM_CAT_BASE_VCE1_PIPE0 @ 0x20100e050
CHIP::GRAPHICS::RGX_CR.RGX_CR_MMU_PM_CAT_BASE_VCE1_PIPE1 @ 0x20100e058
CHIP::GRAPHICS::RGX_CR.RGX_CR_MMU_PM_CAT_BASE_VCE1_PIPE2 @ 0x20100e060
CHIP::GRAPHICS::RGX_CR.RGX_CR_MMU_PM_CAT_BASE_VCE1_PIPE3 @ 0x20100e068
CHIP::GRAPHICS::RGX_CR.RGX_CR_MMU_PM_CAT_BASE_TE1_PIPE0 @ 0x20100e070
CHIP::GRAPHICS::RGX_CR.RGX_CR_MMU_PM_CAT_BASE_TE1_PIPE1 @ 0x20100e078
CHIP::GRAPHICS::RGX_CR.RGX_CR_MMU_PM_CAT_BASE_TE1_PIPE2 @ 0x20100e080
CHIP::GRAPHICS::RGX_CR.RGX_CR_MMU_PM_CAT_BASE_TE1_PIPE3 @ 0x20100e088
CHIP::GRAPHICS::RGX_CR.RGX_CR_MMU_PM_CAT_BASE_ALIST1 @ 0x20100e090
CHIP::GRAPHICS::RGX_CR.RGX_CR_MMU_PM_CAT_BASE_VCE0_PIPE0_LAST @ 0x20100e098
CHIP::GRAPHICS::RGX_CR.RGX_CR_MMU_PM_CAT_BASE_VCE0_PIPE1_LAST @ 0x20100e0a0
CHIP::GRAPHICS::RGX_CR.RGX_CR_MMU_PM_CAT_BASE_VCE0_PIPE2_LAST @ 0x20100e0a8
CHIP::GRAPHICS::RGX_CR.RGX_CR_MMU_PM_CAT_BASE_VCE0_PIPE3_LAST @ 0x20100e0b0
CHIP::GRAPHICS::RGX_CR.RGX_CR_MMU_PM_CAT_BASE_TE0_PIPE0_LAST @ 0x20100e0b8
CHIP::GRAPHICS::RGX_CR.RGX_CR_MMU_PM_CAT_BASE_TE0_PIPE1_LAST @ 0x20100e0c0
CHIP::GRAPHICS::RGX_CR.RGX_CR_MMU_PM_CAT_BASE_TE0_PIPE2_LAST @ 0x20100e0c8
CHIP::GRAPHICS::RGX_CR.RGX_CR_MMU_PM_CAT_BASE_TE0_PIPE3_LAST @ 0x20100e0d0
CHIP::GRAPHICS::RGX_CR.RGX_CR_MMU_PM_CAT_BASE_ALIST0_LAST @ 0x20100e0d8
CHIP::GRAPHICS::RGX_CR.RGX_CR_MMU_PM_CAT_BASE_VCE1_PIPE0_LAST @ 0x20100e0e0
CHIP::GRAPHICS::RGX_CR.RGX_CR_MMU_PM_CAT_BASE_VCE1_PIPE1_LAST @ 0x20100e0e8
CHIP::GRAPHICS::RGX_CR.RGX_CR_MMU_PM_CAT_BASE_VCE1_PIPE2_LAST @ 0x20100e0f0
CHIP::GRAPHICS::RGX_CR.RGX_CR_MMU_PM_CAT_BASE_VCE1_PIPE3_LAST @ 0x20100e0f8
CHIP::GRAPHICS::RGX_CR.RGX_CR_MMU_PM_CAT_BASE_TE1_PIPE0_LAST @ 0x20100e100
CHIP::GRAPHICS::RGX_CR.RGX_CR_MMU_PM_CAT_BASE_TE1_PIPE1_LAST @ 0x20100e108
CHIP::GRAPHICS::RGX_CR.RGX_CR_MMU_PM_CAT_BASE_TE1_PIPE2_LAST @ 0x20100e110
CHIP::GRAPHICS::RGX_CR.RGX_CR_MMU_PM_CAT_BASE_TE1_PIPE3_LAST @ 0x20100e118
CHIP::GRAPHICS::RGX_CR.RGX_CR_MMU_PM_CAT_BASE_ALIST1_LAST @ 0x20100e120
CHIP::GRAPHICS::RGX_CR.RGX_CR_MMU_CTRL_INVAL @ 0x20100e138
CHIP::GRAPHICS::RGX_CR.RGX_CR_MMU_CBASE_MAPPING_CONTEXT @ 0x20100e140
CHIP::GRAPHICS::RGX_CR.RGX_CR_MMU_CBASE_MAPPING @ 0x20100e148
CHIP::GRAPHICS::RGX_CR.RGX_CR_MMU_FAULT_STATUS @ 0x20100e150
CHIP::GRAPHICS::RGX_CR.RGX_CR_MMU_FAULT_STATUS_META @ 0x20100e158
CHIP::GRAPHICS::RGX_CR.RGX_CR_MMU_FAULT_ACCESS @ 0x20100e160
CHIP::GRAPHICS::RGX_CR.RGX_CR_MMU_STATUS @ 0x20100e168
CHIP::GRAPHICS::RGX_CR.RGX_CR_MMU_ENTRY_STATUS @ 0x20100e170
CHIP::GRAPHICS::RGX_CR.RGX_CR_MMU_ENTRY @ 0x20100e178
CHIP::GRAPHICS::RGX_CR.RGX_CR_SLC3_CTRL_MISC @ 0x20100e200
CHIP::GRAPHICS::RGX_CR.RGX_CR_SLC3_SCRAMBLE @ 0x20100e208
CHIP::GRAPHICS::RGX_CR.RGX_CR_SLC3_SCRAMBLE2 @ 0x20100e210
CHIP::GRAPHICS::RGX_CR.RGX_CR_SLC3_SCRAMBLE3 @ 0x20100e218
CHIP::GRAPHICS::RGX_CR.RGX_CR_SLC3_STATUS @ 0x20100e220
CHIP::GRAPHICS::RGX_CR.RGX_CR_SLC3_IDLE @ 0x20100e228
CHIP::GRAPHICS::RGX_CR.RGX_CR_SLC3_CFI @ 0x20100e230
CHIP::GRAPHICS::RGX_CR.RGX_CR_SLC3_CFI_EVENT @ 0x20100e238
CHIP::GRAPHICS::RGX_CR.RGX_CR_SLC3_FENCE @ 0x20100e240
CHIP::GRAPHICS::RGX_CR.RGX_CR_SLC3_FAULT_STOP_STATUS @ 0x20100e248
CHIP::GRAPHICS::RGX_CR.RGX_CR_SLC3_FAULT_STOP_CTRL @ 0x20100e250
CHIP::GRAPHICS::RGX_CR.RGX_CR_SLC3_STATUS2 @ 0x20100e258
CHIP::GRAPHICS::RGX_CR.RGX_CR_SLC3_SCRAMBLE4 @ 0x20100e260
CHIP::GRAPHICS::RGX_CR.RGX_CR_MCU3_CTRL_MISC @ 0x20100e400
CHIP::GRAPHICS::RGX_CR.RGX_CR_MCU3_SCRAMBLE @ 0x20100e408
CHIP::GRAPHICS::RGX_CR.RGX_CR_VBS_SO_PRIM0 @ 0x20100f000
CHIP::GRAPHICS::RGX_CR.RGX_CR_VBS_SO_PRIM1 @ 0x20100f008
CHIP::GRAPHICS::RGX_CR.RGX_CR_VBS_SO_PRIM2 @ 0x20100f010
CHIP::GRAPHICS::RGX_CR.RGX_CR_VBS_SO_PRIM3 @ 0x20100f018
CHIP::GRAPHICS::RGX_CR.RGX_CR_TA_PIPE_ENABLE @ 0x20100f020
CHIP::GRAPHICS::RGX_CR.RGX_CR_VDM_SPLIT_COUNT @ 0x20100f028
CHIP::GRAPHICS::RGX_CR.RGX_CR_VDM_PIPE_SELECT @ 0x20100f030
CHIP::GRAPHICS::RGX_CR.RGX_CR_VDM_DRAW_INDIRECT0 @ 0x20100f038
CHIP::GRAPHICS::RGX_CR.RGX_CR_VDM_DRAW_INDIRECT1 @ 0x20100f040
CHIP::GRAPHICS::RGX_CR.RGX_CR_VDM_CONTEXT_STORE_MODE @ 0x20100f048
CHIP::GRAPHICS::RGX_CR.RGX_CR_VDM_PIPE_CONTEXT_STORE @ 0x20100f050
CHIP::GRAPHICS::RGX_CR.RGX_CR_VDM_CONTEXT_STORE_TASK3 @ 0x20100f058
CHIP::GRAPHICS::RGX_CR.RGX_CR_VDM_CONTEXT_STORE_TASK4 @ 0x20100f060
CHIP::GRAPHICS::RGX_CR.RGX_CR_VDM_CONTEXT_RESUME_TASK3 @ 0x20100f068
CHIP::GRAPHICS::RGX_CR.RGX_CR_VDM_CONTEXT_RESUME_TASK4 @ 0x20100f070
CHIP::GRAPHICS::RGX_CR.RGX_CR_CONTEXT_MAPPING0 @ 0x20100f078
CHIP::GRAPHICS::RGX_CR.RGX_CR_CONTEXT_MAPPING1 @ 0x20100f080
CHIP::GRAPHICS::RGX_CR.RGX_CR_CONTEXT_MAPPING2 @ 0x20100f088
CHIP::GRAPHICS::RGX_CR.RGX_CR_CONTEXT_MAPPING3 @ 0x20100f090
CHIP::GRAPHICS::RGX_CR.RGX_CR_BIF_JONES_OUTSTANDING_READ @ 0x20100f098
CHIP::GRAPHICS::RGX_CR.RGX_CR_BIF_BLACKPEARL_OUTSTANDING_READ @ 0x20100f0a0
CHIP::GRAPHICS::RGX_CR.RGX_CR_BIF_DUST_OUTSTANDING_READ @ 0x20100f0a8
CHIP::GRAPHICS::RGX_CR.RGX_CR_VBS_PIPE_SELECT @ 0x20100f0b0
CHIP::GRAPHICS::RGX_CR.RGX_CR_JONES_FIX @ 0x20100f0c0
CHIP::GRAPHICS::RGX_CR.RGX_CR_BLACKPEARL_FIX @ 0x20100f0c8
CHIP::GRAPHICS::RGX_CR.RGX_CR_TEXAS3_FIX @ 0x20100f0d0
CHIP::GRAPHICS::RGX_CR.RGX_CR_SLC3_FIX @ 0x20100f0d8
CHIP::GRAPHICS::AGX_USC.USC_REGS_AGX_CR_USC_BP_TRIGGER @ 0x201011000
CHIP::GRAPHICS::AGX_USC.USC_REGS_AGX_CR_USC_BP_ADDR @ 0x201011008
CHIP::GRAPHICS::AGX_USC.USC_REGS_AGX_CR_USC_EXT_INT_STATUS @ 0x201011018
CHIP::GRAPHICS::AGX_USC.USC_REGS_AGX_CR_USC_INST_BASE_FRAG @ 0x201011020
CHIP::GRAPHICS::AGX_USC.USC_REGS_AGX_CR_USC_DBG_BASE_FRAG @ 0x201011028
CHIP::GRAPHICS::AGX_USC.USC_REGS_AGX_CR_USC_INST_BASE_VERT @ 0x201011030
CHIP::GRAPHICS::AGX_USC.USC_REGS_AGX_CR_USC_DBG_BASE_VERT @ 0x201011038
CHIP::GRAPHICS::AGX_USC.USC_REGS_AGX_CR_USC_INST_BASE_COMP @ 0x201011040
CHIP::GRAPHICS::AGX_USC.USC_REGS_AGX_CR_USC_DBG_BASE_COMP @ 0x201011048
CHIP::GRAPHICS::AGX_USC.USC_REGS_AGX_CR_USC_PARTITION_CONFIG @ 0x201011080
CHIP::GRAPHICS::AGX_USC.USC_REGS_AGX_CR_USC_EXC_CTRL @ 0x201011088
CHIP::GRAPHICS::AGX_USC.USC_REGS_AGX_CR_USC_EXC_STAT0 @ 0x201011100
CHIP::GRAPHICS::AGX_USC.USC_REGS_AGX_CR_USC_EXC_STAT1 @ 0x201011108
CHIP::GRAPHICS::AGX_USC.USC_REGS_AGX_CR_USC_EXC_STAT2 @ 0x201011110
CHIP::GRAPHICS::AGX_USC.USC_REGS_AGX_CR_USC_EXC_STAT3 @ 0x201011118
CHIP::GRAPHICS::AGX_USC.USC_REGS_AGX_CR_USC_EXC_STAT4 @ 0x201011120
CHIP::GRAPHICS::AGX_USC.USC_REGS_AGX_CR_USC_EXC_STAT5 @ 0x201011128
CHIP::GRAPHICS::AGX_USC.USC_REGS_AGX_CR_USC_EXC_STAT6 @ 0x201011130
CHIP::GRAPHICS::AGX_USC.USC_REGS_AGX_CR_USC_EXC_STAT7 @ 0x201011138
CHIP::GRAPHICS::AGX_USC.USC_REGS_AGX_CR_USC_EXC_STAT8 @ 0x201011140
CHIP::GRAPHICS::AGX_USC.USC_REGS_AGX_CR_USC_EXC_STAT9 @ 0x201011148
CHIP::GRAPHICS::AGX_USC.USC_REGS_AGX_CR_USC_EXC_STAT10 @ 0x201011150
CHIP::GRAPHICS::AGX_USC.USC_REGS_AGX_CR_USC_EXC_STAT11 @ 0x201011158
CHIP::GRAPHICS::AGX_USC.USC_REGS_AGX_CR_USC_EXC_STAT12 @ 0x201011160
CHIP::GRAPHICS::AGX_USC.USC_REGS_AGX_CR_USC_EXC_STAT13 @ 0x201011168
CHIP::GRAPHICS::AGX_USC.USC_REGS_AGX_CR_USC_EXC_STAT14 @ 0x201011170
CHIP::GRAPHICS::AGX_USC.USC_REGS_AGX_CR_USC_EXC_STAT15 @ 0x201011178
CHIP::GRAPHICS::AGX_USC.USC_REGS_AGX_CR_USC_EXC_STAT16 @ 0x201011180
CHIP::GRAPHICS::AGX_USC.USC_REGS_AGX_CR_USC_EXC_STAT17 @ 0x201011188
CHIP::GRAPHICS::AGX_USC.USC_REGS_AGX_CR_USC_EXC_STAT18 @ 0x201011190
CHIP::GRAPHICS::AGX_USC.USC_REGS_AGX_CR_USC_EXC_STAT19 @ 0x201011198
CHIP::GRAPHICS::AGX_USC.USC_REGS_AGX_CR_USC_EXC_STAT20 @ 0x2010111a0
CHIP::GRAPHICS::AGX_USC.USC_REGS_AGX_CR_USC_EXC_STAT21 @ 0x2010111a8
CHIP::GRAPHICS::AGX_USC.USC_REGS_AGX_CR_USC_EXC_STAT22 @ 0x2010111b0
CHIP::GRAPHICS::AGX_USC.USC_REGS_AGX_CR_USC_EXC_STAT23 @ 0x2010111b8
CHIP::GRAPHICS::AGX_USC.USC_REGS_AGX_CR_USC_EXC_STAT24 @ 0x2010111c0
CHIP::GRAPHICS::AGX_USC.USC_REGS_AGX_CR_USC_EXC_STAT25 @ 0x2010111c8
CHIP::GRAPHICS::AGX_USC.USC_REGS_AGX_CR_USC_EXC_STAT26 @ 0x2010111d0
CHIP::GRAPHICS::AGX_USC.USC_REGS_AGX_CR_USC_EXC_STAT27 @ 0x2010111d8
CHIP::GRAPHICS::AGX_USC.USC_REGS_AGX_CR_USC_EXC_STAT28 @ 0x2010111e0
CHIP::GRAPHICS::AGX_USC.USC_REGS_AGX_CR_USC_EXC_STAT29 @ 0x2010111e8
CHIP::GRAPHICS::AGX_USC.USC_REGS_AGX_CR_USC_EXC_STAT30 @ 0x2010111f0
CHIP::GRAPHICS::AGX_USC.USC_REGS_AGX_CR_USC_EXC_STAT31 @ 0x2010111f8
CHIP::GRAPHICS::AGX_USC.USC_REGS_AGX_CR_USC_SLOT0 @ 0x201011200
CHIP::GRAPHICS::AGX_USC.USC_REGS_AGX_CR_USC_SLOT1 @ 0x201011208
CHIP::GRAPHICS::AGX_USC.USC_REGS_AGX_CR_USC_SLOT2 @ 0x201011210
CHIP::GRAPHICS::AGX_USC.USC_REGS_AGX_CR_USC_SLOT3 @ 0x201011218
CHIP::GRAPHICS::AGX_USC.USC_REGS_AGX_CR_USC_SLOT4 @ 0x201011220
CHIP::GRAPHICS::AGX_USC.USC_REGS_AGX_CR_USC_SLOT5 @ 0x201011228
CHIP::GRAPHICS::AGX_USC.USC_REGS_AGX_CR_USC_SLOT6 @ 0x201011230
CHIP::GRAPHICS::AGX_USC.USC_REGS_AGX_CR_USC_SLOT7 @ 0x201011238
CHIP::GRAPHICS::AGX_USC.USC_REGS_AGX_CR_USC_SLOT8 @ 0x201011240
CHIP::GRAPHICS::AGX_USC.USC_REGS_AGX_CR_USC_SLOT9 @ 0x201011248
CHIP::GRAPHICS::AGX_USC.USC_REGS_AGX_CR_USC_SLOT10 @ 0x201011250
CHIP::GRAPHICS::AGX_USC.USC_REGS_AGX_CR_USC_SLOT11 @ 0x201011258
CHIP::GRAPHICS::AGX_USC.USC_REGS_AGX_CR_USC_SLOT12 @ 0x201011260
CHIP::GRAPHICS::AGX_USC.USC_REGS_AGX_CR_USC_SLOT13 @ 0x201011268
CHIP::GRAPHICS::AGX_USC.USC_REGS_AGX_CR_USC_SLOT14 @ 0x201011270
CHIP::GRAPHICS::AGX_USC.USC_REGS_AGX_CR_USC_SLOT15 @ 0x201011278
CHIP::GRAPHICS::AGX_USC.USC_REGS_AGX_CR_USC_SLOT16 @ 0x201011280
CHIP::GRAPHICS::AGX_USC.USC_REGS_AGX_CR_USC_SLOT17 @ 0x201011288
CHIP::GRAPHICS::AGX_USC.USC_REGS_AGX_CR_USC_SLOT18 @ 0x201011290
CHIP::GRAPHICS::AGX_USC.USC_REGS_AGX_CR_USC_SLOT19 @ 0x201011298
CHIP::GRAPHICS::AGX_USC.USC_REGS_AGX_CR_USC_SLOT20 @ 0x2010112a0
CHIP::GRAPHICS::AGX_USC.USC_REGS_AGX_CR_USC_SLOT21 @ 0x2010112a8
CHIP::GRAPHICS::AGX_USC.USC_REGS_AGX_CR_USC_SLOT22 @ 0x2010112b0
CHIP::GRAPHICS::AGX_USC.USC_REGS_AGX_CR_USC_SLOT23 @ 0x2010112b8
CHIP::GRAPHICS::AGX_USC.USC_REGS_AGX_CR_USC_SLOT24 @ 0x2010112c0
CHIP::GRAPHICS::AGX_USC.USC_REGS_AGX_CR_USC_SLOT25 @ 0x2010112c8
CHIP::GRAPHICS::AGX_USC.USC_REGS_AGX_CR_USC_SLOT26 @ 0x2010112d0
CHIP::GRAPHICS::AGX_USC.USC_REGS_AGX_CR_USC_SLOT27 @ 0x2010112d8
CHIP::GRAPHICS::AGX_USC.USC_REGS_AGX_CR_USC_SLOT28 @ 0x2010112e0
CHIP::GRAPHICS::AGX_USC.USC_REGS_AGX_CR_USC_SLOT29 @ 0x2010112e8
CHIP::GRAPHICS::AGX_USC.USC_REGS_AGX_CR_USC_SLOT30 @ 0x2010112f0
CHIP::GRAPHICS::AGX_USC.USC_REGS_AGX_CR_USC_SLOT31 @ 0x2010112f8
CHIP::GRAPHICS::AGX_USC.USC_REGS_AGX_CR_USC_PWR_US_ACCESS @ 0x201011300
CHIP::GRAPHICS::AGX_USC.USC_REGS_AGX_CR_USC_PWR_CS_ACCESS @ 0x201011308
CHIP::GRAPHICS::AGX_USC.USC_REGS_AGX_CR_USC_PWR_POR_ACCESS @ 0x201011310
CHIP::GRAPHICS::AGX_USC.USC_REGS_AGX_CR_USC_PWR_NUM_F32 @ 0x201011320
CHIP::GRAPHICS::AGX_USC.USC_REGS_AGX_CR_USC_PWR_NUM_INT @ 0x201011328
CHIP::GRAPHICS::AGX_USC.USC_REGS_AGX_CR_USC_PWR_NUM_F16 @ 0x201011330
CHIP::GRAPHICS::AGX_USC.USC_REGS_AGX_CR_USC_PWR_NUM_DM @ 0x201011338
CHIP::GRAPHICS::AGX_USC.USC_REGS_AGX_CR_USC_PWR_NUM_CTL_FLOW @ 0x201011340
CHIP::GRAPHICS::AGX_USC.USC_REGS_AGX_CR_USC_PWR_NUM_INSTR @ 0x201011348
CHIP::GRAPHICS::AGX_USC.USC_REGS_AGX_CR_USC_PERF_CTRL @ 0x201011370
CHIP::GRAPHICS::AGX_USC.USC_REGS_AGX_CR_USC_PERF_SELECTED_BITS @ 0x201011378
CHIP::GRAPHICS::AGX_USC.USC_REGS_AGX_CR_USC_PERF_SELECT0 @ 0x201011380
CHIP::GRAPHICS::AGX_USC.USC_REGS_AGX_CR_USC_PERF_SELECT1 @ 0x201011388
CHIP::GRAPHICS::AGX_USC.USC_REGS_AGX_CR_USC_PERF_SELECT2 @ 0x201011390
CHIP::GRAPHICS::AGX_USC.USC_REGS_AGX_CR_USC_PERF_SELECT3 @ 0x201011398
CHIP::GRAPHICS::AGX_USC.USC_REGS_AGX_CR_PERF_BATCH_ID_FILTER @ 0x2010113a0
CHIP::GRAPHICS::AGX_USC.USC_REGS_AGX_CR_PERF_DATA_MASTER_FILTER @ 0x2010113a8
CHIP::GRAPHICS::AGX_USC.USC_REGS_AGX_CR_USC_PERF_COUNT0 @ 0x2010113c0
CHIP::GRAPHICS::AGX_USC.USC_REGS_AGX_CR_USC_PERF_COUNT1 @ 0x2010113c8
CHIP::GRAPHICS::AGX_USC.USC_REGS_AGX_CR_USC_PERF_COUNT2 @ 0x2010113d0
CHIP::GRAPHICS::AGX_USC.USC_REGS_AGX_CR_USC_PERF_COUNT3 @ 0x2010113d8
CHIP::GRAPHICS::AGX_USC.USC_REGS_AGX_CR_USC_CTRL @ 0x201011f00
CHIP::GRAPHICS::AGX_USC.USC_REGS_AGX_CR_USC_STATUS @ 0x201011f08
CHIP::GRAPHICS::AGX_USC.USC_REGS_AGX_CR_USC_OLDEST_TASK_STATUS @ 0x201011f10
CHIP::GRAPHICS::AGX_USC.USC_REGS_AGX_CR_USC_PARTN_STATUS @ 0x201011f18
CHIP::GRAPHICS::AGX_USC.USC_REGS_AGX_CR_USC_FEATURE_CTRL @ 0x201011f40
CHIP::GRAPHICS::AGX_USC.USC_REGS_AGX_CR_USC_INDIRECT @ 0x201011ff8
CHIP::GRAPHICS::AGX_TPU.TPU_CONFIG_AGX_CR_TPU_INDIRECT @ 0x201012000
CHIP::GRAPHICS::AGX_TPU.TPU_CONFIG_AGX_CR_TPU_CONFIG @ 0x201012008
CHIP::GRAPHICS::AGX_TPU.TPU_CONFIG_AGX_CR_TPU_STATUS @ 0x201012010
CHIP::GRAPHICS::AGX_TPU.TPU_CONFIG_AGX_CR_TPU_SPARE @ 0x201012018
CHIP::GRAPHICS::AGX_TPU.TPU_CONFIG_AGX_CR_TPU_CSC_X_TRANSFORM0 @ 0x201012020
CHIP::GRAPHICS::AGX_TPU.TPU_CONFIG_AGX_CR_TPU_CSC_Y_TRANSFORM0 @ 0x201012028
CHIP::GRAPHICS::AGX_TPU.TPU_CONFIG_AGX_CR_TPU_CSC_Z_TRANSFORM0 @ 0x201012030
CHIP::GRAPHICS::AGX_TPU.TPU_CONFIG_AGX_CR_TPU_CSC_X_TRANSFORM1 @ 0x201012038
CHIP::GRAPHICS::AGX_TPU.TPU_CONFIG_AGX_CR_TPU_CSC_Y_TRANSFORM1 @ 0x201012040
CHIP::GRAPHICS::AGX_TPU.TPU_CONFIG_AGX_CR_TPU_CSC_Z_TRANSFORM1 @ 0x201012048
CHIP::GRAPHICS::AGX_TPU.TPU_CONFIG_AGX_CR_TPU_CSC_X_TRANSFORM2 @ 0x201012050
CHIP::GRAPHICS::AGX_TPU.TPU_CONFIG_AGX_CR_TPU_CSC_Y_TRANSFORM2 @ 0x201012058
CHIP::GRAPHICS::AGX_TPU.TPU_CONFIG_AGX_CR_TPU_CSC_Z_TRANSFORM2 @ 0x201012060
CHIP::GRAPHICS::AGX_TPU.TPU_CONFIG_AGX_CR_TPU_CSC_X_TRANSFORM3 @ 0x201012068
CHIP::GRAPHICS::AGX_TPU.TPU_CONFIG_AGX_CR_TPU_CSC_Y_TRANSFORM3 @ 0x201012070
CHIP::GRAPHICS::AGX_TPU.TPU_CONFIG_AGX_CR_TPU_CSC_Z_TRANSFORM3 @ 0x201012078
CHIP::GRAPHICS::AGX_TPU.TPU_CONFIG_AGX_CR_TPU_CSC_X_TRANSFORM4 @ 0x201012080
CHIP::GRAPHICS::AGX_TPU.TPU_CONFIG_AGX_CR_TPU_CSC_Y_TRANSFORM4 @ 0x201012088
CHIP::GRAPHICS::AGX_TPU.TPU_CONFIG_AGX_CR_TPU_CSC_Z_TRANSFORM4 @ 0x201012090
CHIP::GRAPHICS::AGX_TPU.TPU_CONFIG_AGX_CR_TPU_PWR_DISABLE @ 0x201012500
CHIP::GRAPHICS::AGX_TPU.TPU_CONFIG_AGX_CR_TPU_PWR_NUMBER_OF_TEXELS @ 0x201012508
CHIP::GRAPHICS::AGX_TPU.TPU_CONFIG_AGX_CR_TPU_PWR_PTC_MISSES @ 0x201012510
CHIP::GRAPHICS::AGX_TPU.TPU_CONFIG_AGX_CR_TPU_PWR_MADD_L0_MISSES @ 0x201012518
CHIP::GRAPHICS::AGX_TPU.TPU_CONFIG_AGX_CR_TPU_PERF_RESET @ 0x201012800
CHIP::GRAPHICS::AGX_TPU.TPU_CONFIG_AGX_CR_TPU_PERF_SELECT0 @ 0x201012808
CHIP::GRAPHICS::AGX_TPU.TPU_CONFIG_AGX_CR_TPU_PERF_COUNTER_0 @ 0x201012810
CHIP::GRAPHICS::AGX_TPU.TPU_CONFIG_AGX_CR_TPU_PERF_SELECT1 @ 0x201012818
CHIP::GRAPHICS::AGX_TPU.TPU_CONFIG_AGX_CR_TPU_PERF_COUNTER_1 @ 0x201012820
CHIP::GRAPHICS::AGX_TPU.TPU_CONFIG_AGX_CR_TPU_PERF_SELECT2 @ 0x201012828
CHIP::GRAPHICS::AGX_TPU.TPU_CONFIG_AGX_CR_TPU_PERF_COUNTER_2 @ 0x201012830
CHIP::GRAPHICS::AGX_TPU.TPU_CONFIG_AGX_CR_TPU_PERF_SELECT3 @ 0x201012838
CHIP::GRAPHICS::AGX_TPU.TPU_CONFIG_AGX_CR_TPU_PERF_COUNTER_3 @ 0x201012840
CHIP::GRAPHICS::AGX_PBE_UPPER.PBE_UPPER_CONFIG_AGX_CR_PBE_UPPER_INDIRECT @ 0x201013000
CHIP::GRAPHICS::AGX_PBE_UPPER.PBE_UPPER_CONFIG_AGX_CR_PBE_UPPER_STATUS @ 0x201013008
CHIP::GRAPHICS::AGX_PBE_UPPER.PBE_UPPER_CONFIG_AGX_CR_PBE_UPPER_PWR_REG_CONFIG @ 0x201013010
CHIP::GRAPHICS::AGX_PBE_UPPER.PBE_UPPER_CONFIG_AGX_CR_PBE_UPPER_PWR_NUM_OF_PIXELS @ 0x201013018
CHIP::GRAPHICS::AGX_PBE_UPPER.PBE_UPPER_CONFIG_AGX_CR_PBE_UPPER_END_MACROTILE @ 0x201013020
CHIP::GRAPHICS::AGX_PBE_UPPER.PBE_UPPER_CONFIG_AGX_CR_PBE_UPPER_PERF @ 0x201013028
CHIP::GRAPHICS::AGX_PBE_UPPER.PBE_UPPER_CONFIG_AGX_CR_PBE_UPPER_PERF_SELECT0 @ 0x201013030
CHIP::GRAPHICS::AGX_PBE_UPPER.PBE_UPPER_CONFIG_AGX_CR_PBE_UPPER_PERF_COUNTER_0 @ 0x201013038
CHIP::GRAPHICS::AGX_PBE_UPPER.PBE_UPPER_CONFIG_AGX_CR_PBE_UPPER_PERF_SELECT1 @ 0x201013040
CHIP::GRAPHICS::AGX_PBE_UPPER.PBE_UPPER_CONFIG_AGX_CR_PBE_UPPER_PERF_COUNTER_1 @ 0x201013048
CHIP::GRAPHICS::AGX_PBE_UPPER.PBE_UPPER_CONFIG_AGX_CR_PBE_UPPER_PERF_SELECT2 @ 0x201013050
CHIP::GRAPHICS::AGX_PBE_UPPER.PBE_UPPER_CONFIG_AGX_CR_PBE_UPPER_PERF_COUNTER_2 @ 0x201013058
CHIP::GRAPHICS::AGX_PBE_UPPER.PBE_UPPER_CONFIG_AGX_CR_PBE_UPPER_PERF_SELECT3 @ 0x201013060
CHIP::GRAPHICS::AGX_PBE_UPPER.PBE_UPPER_CONFIG_AGX_CR_PBE_UPPER_PERF_COUNTER_3 @ 0x201013068
CHIP::GRAPHICS::AGX_PBE_UPPER.PBE_UPPER_CONFIG_AGX_CR_PBE_UPPER_CONFIG_REG @ 0x201013070
CHIP::GRAPHICS::AGX_PBE_LOWER.PBE_LOWER_CONFIG_AGX_CR_PBE_LOWER_INDIRECT @ 0x201013800
CHIP::GRAPHICS::AGX_PBE_LOWER.PBE_LOWER_CONFIG_AGX_CR_PBE_LOWER_CHECKSUM @ 0x201013808
CHIP::GRAPHICS::AGX_PBE_LOWER.PBE_LOWER_CONFIG_AGX_CR_PBE_LOWER_CONFIG_REG @ 0x201013810
CHIP::GRAPHICS::AGX_PBE_LOWER.PBE_LOWER_CONFIG_AGX_CR_PBE_LOWER_STATUS @ 0x201013818
CHIP::GRAPHICS::AGX_PBE_LOWER.PBE_LOWER_CONFIG_AGX_CR_PBE_LOWER_CSC_R_COEFF0_REG @ 0x201013820
CHIP::GRAPHICS::AGX_PBE_LOWER.PBE_LOWER_CONFIG_AGX_CR_PBE_LOWER_CSC_G_COEFF0_REG @ 0x201013828
CHIP::GRAPHICS::AGX_PBE_LOWER.PBE_LOWER_CONFIG_AGX_CR_PBE_LOWER_CSC_B_COEFF0_REG @ 0x201013830
CHIP::GRAPHICS::AGX_PBE_LOWER.PBE_LOWER_CONFIG_AGX_CR_PBE_LOWER_CSC_R_COEFF1_REG @ 0x201013838
CHIP::GRAPHICS::AGX_PBE_LOWER.PBE_LOWER_CONFIG_AGX_CR_PBE_LOWER_CSC_G_COEFF1_REG @ 0x201013840
CHIP::GRAPHICS::AGX_PBE_LOWER.PBE_LOWER_CONFIG_AGX_CR_PBE_LOWER_CSC_B_COEFF1_REG @ 0x201013848
CHIP::GRAPHICS::AGX_PBE_LOWER.PBE_LOWER_CONFIG_AGX_CR_PBE_LOWER_CSC_R_COEFF2_REG @ 0x201013850
CHIP::GRAPHICS::AGX_PBE_LOWER.PBE_LOWER_CONFIG_AGX_CR_PBE_LOWER_CSC_G_COEFF2_REG @ 0x201013858
CHIP::GRAPHICS::AGX_PBE_LOWER.PBE_LOWER_CONFIG_AGX_CR_PBE_LOWER_CSC_B_COEFF2_REG @ 0x201013860
CHIP::GRAPHICS::AGX_PBE_LOWER.PBE_LOWER_CONFIG_AGX_CR_PBE_LOWER_CSC_R_COEFF3_REG @ 0x201013868
CHIP::GRAPHICS::AGX_PBE_LOWER.PBE_LOWER_CONFIG_AGX_CR_PBE_LOWER_CSC_G_COEFF3_REG @ 0x201013870
CHIP::GRAPHICS::AGX_PBE_LOWER.PBE_LOWER_CONFIG_AGX_CR_PBE_LOWER_CSC_B_COEFF3_REG @ 0x201013878
CHIP::GRAPHICS::AGX_PBE_LOWER.PBE_LOWER_CONFIG_AGX_CR_PBE_LOWER_CSC_R_COEFF4_REG @ 0x201013880
CHIP::GRAPHICS::AGX_PBE_LOWER.PBE_LOWER_CONFIG_AGX_CR_PBE_LOWER_CSC_G_COEFF4_REG @ 0x201013888
CHIP::GRAPHICS::AGX_PBE_LOWER.PBE_LOWER_CONFIG_AGX_CR_PBE_LOWER_CSC_B_COEFF4_REG @ 0x201013890
CHIP::GRAPHICS::AGX_PBE_LOWER.PBE_LOWER_CONFIG_AGX_CR_PBE_LOWER_FENCE @ 0x2010138a0
CHIP::GRAPHICS::AGX_PBE_LOWER.PBE_LOWER_CONFIG_AGX_CR_PBE_LOWER_PWR_REG_CONFIG @ 0x2010138a8
CHIP::GRAPHICS::AGX_PBE_LOWER.PBE_LOWER_CONFIG_AGX_CR_PBE_LOWER_PWR_NUM_OF_PIXELS @ 0x2010138b0
CHIP::GRAPHICS::AGX_PBE_LOWER.PBE_LOWER_CONFIG_AGX_CR_PBE_LOWER_PERF @ 0x2010138b8
CHIP::GRAPHICS::AGX_PBE_LOWER.PBE_LOWER_CONFIG_AGX_CR_PBE_LOWER_PERF_SELECT0 @ 0x2010138c0
CHIP::GRAPHICS::AGX_PBE_LOWER.PBE_LOWER_CONFIG_AGX_CR_PBE_LOWER_PERF_COUNTER_0 @ 0x2010138c8
CHIP::GRAPHICS::AGX_PBE_LOWER.PBE_LOWER_CONFIG_AGX_CR_PBE_LOWER_PERF_SELECT1 @ 0x2010138d0
CHIP::GRAPHICS::AGX_PBE_LOWER.PBE_LOWER_CONFIG_AGX_CR_PBE_LOWER_PERF_COUNTER_1 @ 0x2010138d8
CHIP::GRAPHICS::AGX_PBE_LOWER.PBE_LOWER_CONFIG_AGX_CR_PBE_LOWER_PERF_SELECT2 @ 0x2010138e0
CHIP::GRAPHICS::AGX_PBE_LOWER.PBE_LOWER_CONFIG_AGX_CR_PBE_LOWER_PERF_COUNTER_2 @ 0x2010138e8
CHIP::GRAPHICS::AGX_PBE_LOWER.PBE_LOWER_CONFIG_AGX_CR_PBE_LOWER_PERF_SELECT3 @ 0x2010138f0
CHIP::GRAPHICS::AGX_PBE_LOWER.PBE_LOWER_CONFIG_AGX_CR_PBE_LOWER_PERF_COUNTER_3 @ 0x2010138f8
CHIP::GRAPHICS::AGX_PBE_LOWER.PBE_LOWER_CONFIG_AGX_CR_PBE_LOWER_SPARE @ 0x201013900
CHIP::GRAPHICS::AGX_TA.TA_CONFIG_AGX_CR_TE_CTRL @ 0x201014000
CHIP::GRAPHICS::AGX_TA.TA_CONFIG_AGX_CR_PPP_CTRL @ 0x201014008
CHIP::GRAPHICS::AGX_GPC.GPC_REGS_TIMER_SLEEP_CONTROL @ 0x201e00000
CHIP::GRAPHICS::AGX_GPC.GPC_REGS_TIMER_KICK_STATUS @ 0x201e00008
CHIP::GRAPHICS::AGX_GPC.GPC_REGS_TIMER_POWER_INTERRUPT_ENABLE @ 0x201e00010
CHIP::GRAPHICS::AGX_GPC.GPC_REGS_TIMER_POWER_INTERRUPT_STATUS @ 0x201e00014
CHIP::GRAPHICS::AGX_GPC.GPC_REGS_VCM_PERFORMANCE_STATE_CONTROL @ 0x201e01000
CHIP::GRAPHICS::AGX_GPC.GPC_REGS_VCM_PERFORMANCE_NEXT_STATE @ 0x201e01004
CHIP::GRAPHICS::AGX_GPC.GPC_REGS_GPU_RTL_NUM @ 0x201e02000
CHIP::GRAPHICS::AGX_GPC.GPC_REGS_GPC_MISC @ 0x201e02008
CHIP::GRAPHICS::AGX_GPC.GPC_REGS_VCM_HARD_RESET_ASSERT_COUNT @ 0x201e02010
CHIP::GRAPHICS::AGX_GPC.GPC_REGS_VCM_HARD_RESET_DEASSERT_WAIT @ 0x201e02014
CHIP::GRAPHICS::AGX_GPC.GPUCONFIG_GPUCONFIG_L @ 0x201e10000
CHIP::GRAPHICS::AGX_GPC.GPUCONFIG_GPUCONFIG_H @ 0x201e10004
CHIP::GRAPHICS::AGX_GPC.GPC_HOST_REGS_VCM_PERF_STATE_OVERRIDE @ 0x201e20000
CHIP::GRAPHICS::AFC_IMGV42AF_DUAL::GFX_AFC_AIU_IMG4_DUAL.AFC_AIU_IMG4_DUAL_SELF_REGS_ARBCFG @ 0x201f00000
CHIP::GRAPHICS::AFC_IMGV42AF_DUAL::GFX_AFC_AIU_IMG4_DUAL.AFC_AIU_IMG4_DUAL_SELF_REGS_DWCFG_LEG0 @ 0x201f00004
CHIP::GRAPHICS::AFC_IMGV42AF_DUAL::GFX_AFC_AIU_IMG4_DUAL.AFC_AIU_IMG4_DUAL_SELF_REGS_DWCFG_LEG1 @ 0x201f00008
CHIP::GRAPHICS::AFC_IMGV42AF_DUAL::GFX_AFC_AIU_IMG4_DUAL.AFC_AIU_IMG4_DUAL_SELF_REGS_DWCFG_LEG2 @ 0x201f0000c
CHIP::GRAPHICS::AFC_IMGV42AF_DUAL::GFX_AFC_AIU_IMG4_DUAL.AFC_AIU_IMG4_DUAL_SELF_REGS_DNRSP_CREDIT_ALLOC @ 0x201f00010
CHIP::GRAPHICS::AFC_IMGV42AF_DUAL::GFX_AFC_AIU_IMG4_DUAL.AFC_AIU_IMG4_DUAL_SELF_REGS_PIO_CREDIT_ALLOC @ 0x201f00014
CHIP::GRAPHICS::AFC_IMGV42AF_DUAL::GFX_AFC_AIU_IMG4_DUAL.AFC_AIU_IMG4_DUAL_SELF_REGS_CPG_CNTL @ 0x201f00018
CHIP::GRAPHICS::AFC_IMGV42AF_DUAL::GFX_AFC_AIU_IMG4_DUAL.AFC_AIU_IMG4_DUAL_SELF_REGS_LIMITED_BW_THRESHOLD @ 0x201f0001c
CHIP::GRAPHICS::AFC_IMGV42AF_DUAL::GFX_AFC_AIU_IMG4_DUAL.AFC_AIU_PERF_CNTR_IMG4_DUAL_AW0_PERF_CNTR_CNTRL @ 0x201f04000
CHIP::GRAPHICS::AFC_IMGV42AF_DUAL::GFX_AFC_AIU_IMG4_DUAL.AFC_AIU_PERF_CNTR_IMG4_DUAL_AW0_DEPTH_CNTR_STATUS @ 0x201f04004
CHIP::GRAPHICS::AFC_IMGV42AF_DUAL::GFX_AFC_AIU_IMG4_DUAL.AFC_AIU_PERF_CNTR_IMG4_DUAL_AW0_LATENCY_CNTR_STATUS @ 0x201f04008
CHIP::GRAPHICS::AFC_IMGV42AF_DUAL::GFX_AFC_AIU_IMG4_DUAL.AFC_AIU_PERF_CNTR_IMG4_DUAL_AW0_THROUGHPUT_CNTR_STATUS @ 0x201f0400c
CHIP::GRAPHICS::AFC_IMGV42AF_DUAL::GFX_AFC_AIU_IMG4_DUAL.AFC_AIU_PERF_CNTR_IMG4_DUAL_AR0_PERF_CNTR_CNTRL @ 0x201f04010
CHIP::GRAPHICS::AFC_IMGV42AF_DUAL::GFX_AFC_AIU_IMG4_DUAL.AFC_AIU_PERF_CNTR_IMG4_DUAL_AR0_DEPTH_CNTR_STATUS @ 0x201f04014
CHIP::GRAPHICS::AFC_IMGV42AF_DUAL::GFX_AFC_AIU_IMG4_DUAL.AFC_AIU_PERF_CNTR_IMG4_DUAL_AR0_LATENCY_CNTR_STATUS @ 0x201f04018
CHIP::GRAPHICS::AFC_IMGV42AF_DUAL::GFX_AFC_AIU_IMG4_DUAL.AFC_AIU_PERF_CNTR_IMG4_DUAL_AR0_THROUGHPUT_CNTR_STATUS @ 0x201f0401c
CHIP::GRAPHICS::AFC_IMGV42AF_DUAL::GFX_AFC_AIU_IMG4_DUAL.AFC_AIU_PERF_CNTR_IMG4_DUAL_AW1_PERF_CNTR_CNTRL @ 0x201f04020
CHIP::GRAPHICS::AFC_IMGV42AF_DUAL::GFX_AFC_AIU_IMG4_DUAL.AFC_AIU_PERF_CNTR_IMG4_DUAL_AW1_DEPTH_CNTR_STATUS @ 0x201f04024
CHIP::GRAPHICS::AFC_IMGV42AF_DUAL::GFX_AFC_AIU_IMG4_DUAL.AFC_AIU_PERF_CNTR_IMG4_DUAL_AW1_LATENCY_CNTR_STATUS @ 0x201f04028
CHIP::GRAPHICS::AFC_IMGV42AF_DUAL::GFX_AFC_AIU_IMG4_DUAL.AFC_AIU_PERF_CNTR_IMG4_DUAL_AW1_THROUGHPUT_CNTR_STATUS @ 0x201f0402c
CHIP::GRAPHICS::AFC_IMGV42AF_DUAL::GFX_AFC_AIU_IMG4_DUAL.AFC_AIU_PERF_CNTR_IMG4_DUAL_AR1_PERF_CNTR_CNTRL @ 0x201f04030
CHIP::GRAPHICS::AFC_IMGV42AF_DUAL::GFX_AFC_AIU_IMG4_DUAL.AFC_AIU_PERF_CNTR_IMG4_DUAL_AR1_DEPTH_CNTR_STATUS @ 0x201f04034
CHIP::GRAPHICS::AFC_IMGV42AF_DUAL::GFX_AFC_AIU_IMG4_DUAL.AFC_AIU_PERF_CNTR_IMG4_DUAL_AR1_LATENCY_CNTR_STATUS @ 0x201f04038
CHIP::GRAPHICS::AFC_IMGV42AF_DUAL::GFX_AFC_AIU_IMG4_DUAL.AFC_AIU_PERF_CNTR_IMG4_DUAL_AR1_THROUGHPUT_CNTR_STATUS @ 0x201f0403c
CHIP::GRAPHICS::AFC_IMGV42AF_DUAL::GFX_AFC_AIU_IMG4_DUAL.AFC_AIU_PERF_CNTR_IMG4_DUAL_AW_BYTE_CNTR_CNTRL @ 0x201f04100
CHIP::GRAPHICS::AFC_IMGV42AF_DUAL::GFX_AFC_AIU_IMG4_DUAL.AFC_AIU_PERF_CNTR_IMG4_DUAL_AW_BYTE_CNTR_LSB_STATUS @ 0x201f04104
CHIP::GRAPHICS::AFC_IMGV42AF_DUAL::GFX_AFC_AIU_IMG4_DUAL.AFC_AIU_PERF_CNTR_IMG4_DUAL_AW_BYTE_CNTR_MSB_STATUS @ 0x201f04108
CHIP::GRAPHICS::AFC_IMGV42AF_DUAL::GFX_AFC_AIU_IMG4_DUAL.AFC_AIU_PERF_CNTR_IMG4_DUAL_AR_BYTE_CNTR_CNTRL @ 0x201f0410c
CHIP::GRAPHICS::AFC_IMGV42AF_DUAL::GFX_AFC_AIU_IMG4_DUAL.AFC_AIU_PERF_CNTR_IMG4_DUAL_AR_BYTE_CNTR_LSB_STATUS @ 0x201f04110
CHIP::GRAPHICS::AFC_IMGV42AF_DUAL::GFX_AFC_AIU_IMG4_DUAL.AFC_AIU_PERF_CNTR_IMG4_DUAL_AR_BYTE_CNTR_MSB_STATUS @ 0x201f04114
CHIP::GRAPHICS::AFC_IMGV42AF_DUAL::GFX_IMG4_DUAL_AFUSER.IMG4_DUAL_AFUSER_MCCFG_0 @ 0x201f80000
CHIP::GRAPHICS::AFC_IMGV42AF_DUAL::GFX_IMG4_DUAL_AFUSER.IMG4_DUAL_AFUSER_MCCFG_1 @ 0x201f80004
CHIP::GRAPHICS::AFC_IMGV42AF_DUAL::GFX_IMG4_DUAL_AFUSER.IMG4_DUAL_AFUSER_MCCFG_2 @ 0x201f80008
CHIP::GRAPHICS::AFC_IMGV42AF_DUAL::GFX_IMG4_DUAL_AFUSER.IMG4_DUAL_AFUSER_MCCFG_3 @ 0x201f8000c
CHIP::GRAPHICS::AFC_IMGV42AF_DUAL::GFX_IMG4_DUAL_AFUSER.IMG4_DUAL_AFUSER_MCCFG_4 @ 0x201f80010
CHIP::GRAPHICS::AFC_IMGV42AF_DUAL::GFX_IMG4_DUAL_AFUSER.IMG4_DUAL_AFUSER_MCCFG_5 @ 0x201f80014
CHIP::GRAPHICS::AFC_IMGV42AF_DUAL::GFX_IMG4_DUAL_AFUSER.IMG4_DUAL_AFUSER_MCCFG_6 @ 0x201f80018
CHIP::GRAPHICS::AFC_IMGV42AF_DUAL::GFX_IMG4_DUAL_AFUSER.IMG4_DUAL_AFUSER_MCCFG_7 @ 0x201f8001c
CHIP::GRAPHICS::AFC_IMGV42AF_DUAL::GFX_IMG4_DUAL_AFUSER.IMG4_DUAL_AFUSER_MCCFG_8 @ 0x201f80020
CHIP::GRAPHICS::AFC_IMGV42AF_DUAL::GFX_IMG4_DUAL_AFUSER.IMG4_DUAL_AFUSER_MCCFG_9 @ 0x201f80024
CHIP::GRAPHICS::AFC_IMGV42AF_DUAL::GFX_IMG4_DUAL_AFUSER.IMG4_DUAL_AFUSER_MCCFG_10 @ 0x201f80028
CHIP::GRAPHICS::AFC_IMGV42AF_DUAL::GFX_IMG4_DUAL_AFUSER.IMG4_DUAL_AFUSER_MCCFG_11 @ 0x201f8002c
CHIP::GRAPHICS::AFC_IMGV42AF_DUAL::GFX_IMG4_DUAL_AFUSER.IMG4_DUAL_AFUSER_MCCFG_12 @ 0x201f80030
CHIP::GRAPHICS::AFC_IMGV42AF_DUAL::GFX_IMG4_DUAL_AFUSER.IMG4_DUAL_AFUSER_MCCFG_13 @ 0x201f80034
CHIP::GRAPHICS::AFC_IMGV42AF_DUAL::GFX_IMG4_DUAL_AFUSER.IMG4_DUAL_AFUSER_MCCFG_14 @ 0x201f80038
CHIP::GRAPHICS::AFC_IMGV42AF_DUAL::GFX_IMG4_DUAL_AFUSER.IMG4_DUAL_AFUSER_MCCFG_15 @ 0x201f8003c
CHIP::GRAPHICS::AFC_IMGV42AF_DUAL::GFX_IMG4_DUAL_AFUSER.IMG4_DUAL_AFUSER_MCCFG_16 @ 0x201f80040
CHIP::GRAPHICS::AFC_IMGV42AF_DUAL::GFX_IMG4_DUAL_AFUSER.IMG4_DUAL_AFUSER_MCCFG_17 @ 0x201f80044
CHIP::GRAPHICS::AFC_IMGV42AF_DUAL::GFX_IMG4_DUAL_AFUSER.IMG4_DUAL_AFUSER_MCCFG_18 @ 0x201f80048
CHIP::GRAPHICS::AFC_IMGV42AF_DUAL::GFX_IMG4_DUAL_AFUSER.IMG4_DUAL_AFUSER_MCCFG_19 @ 0x201f8004c
CHIP::GRAPHICS::AFC_IMGV42AF_DUAL::GFX_IMG4_DUAL_AFUSER.IMG4_DUAL_AFUSER_MCCFG_20 @ 0x201f80050
CHIP::GRAPHICS::AFC_IMGV42AF_DUAL::GFX_IMG4_DUAL_AFUSER.IMG4_DUAL_AFUSER_MCCFG_21 @ 0x201f80054
CHIP::GRAPHICS::AFC_IMGV42AF_DUAL::GFX_IMG4_DUAL_AFUSER.IMG4_DUAL_AFUSER_MCCFG_22 @ 0x201f80058
CHIP::GRAPHICS::AFC_IMGV42AF_DUAL::GFX_IMG4_DUAL_AFUSER.IMG4_DUAL_AFUSER_MCCFG_23 @ 0x201f8005c
CHIP::GRAPHICS::AFC_IMGV42AF_DUAL::GFX_IMG4_DUAL_AFUSER.IMG4_DUAL_AFUSER_MCCFG_24 @ 0x201f80060
CHIP::GRAPHICS::AFC_IMGV42AF_DUAL::GFX_IMG4_DUAL_AFUSER.IMG4_DUAL_AFUSER_MCCFG_25 @ 0x201f80064
CHIP::GRAPHICS::AFC_IMGV42AF_DUAL::GFX_IMG4_DUAL_AFUSER.IMG4_DUAL_AFUSER_MCCFG_26 @ 0x201f80068
CHIP::GRAPHICS::AFC_IMGV42AF_DUAL::GFX_IMG4_DUAL_AFUSER.IMG4_DUAL_AFUSER_MCCFG_27 @ 0x201f8006c
CHIP::GRAPHICS::AFC_IMGV42AF_DUAL::GFX_IMG4_DUAL_AFUSER.IMG4_DUAL_AFUSER_MCCFG_28 @ 0x201f80070
CHIP::GRAPHICS::AFC_IMGV42AF_DUAL::GFX_IMG4_DUAL_AFUSER.IMG4_DUAL_AFUSER_MCCFG_29 @ 0x201f80074
CHIP::GRAPHICS::AFC_IMGV42AF_DUAL::GFX_IMG4_DUAL_AFUSER.IMG4_DUAL_AFUSER_MCCFG_30 @ 0x201f80078
CHIP::GRAPHICS::AFC_IMGV42AF_DUAL::GFX_IMG4_DUAL_AFUSER.IMG4_DUAL_AFUSER_MCCFG_31 @ 0x201f8007c
CHIP::GRAPHICS::AFC_IMGV42AF_DUAL::GFX_IMG4_DUAL_AFUSER.IMG4_DUAL_AFUSER_MASTER0_BRIDGE_STATUS @ 0x201f80080
CHIP::GRAPHICS::AFC_IMGV42AF_DUAL::GFX_IMG4_DUAL_AFUSER.IMG4_DUAL_AFUSER_MASTER1_BRIDGE_STATUS @ 0x201f80084
CHIP::GRAPHICS::AFC_IMGV42AF_DUAL::GFX_IMG4_DUAL_AFUSER.IMG4_DUAL_AFUSER_FENCE_CONFIG @ 0x201f80088
CHIP::GRAPHICS::AFC_IMGV42AF_DUAL::GFX_IMG4_DUAL_AFUSER.IMG4_DUAL_AFUSER_REQ_PRIORITY @ 0x201f8008c
CHIP::ACC.ACCROM_ACC_ROM_TABLE_ENT0 @ 0x202000000
CHIP::ACC.ACCROM_ACC_ROM_TABLE_ENT1 @ 0x202000004
CHIP::ACC.ACCROM_ACC_ROM_TABLE_ENT2 @ 0x202000008
CHIP::ACC.ACCROM_ACC_ROM_TABLE_ENT3 @ 0x20200000c
CHIP::ACC.ACCROM_ACC_ROM_TABLE_ENT4 @ 0x202000010
CHIP::ACC.ACCROM_ACC_ROM_TABLE_NULL @ 0x202000014
CHIP::ACC.ACCROM_ACC_ROM_PID4 @ 0x202000fd0
CHIP::ACC.ACCROM_ACC_ROM_PID5 @ 0x202000fd4
CHIP::ACC.ACCROM_ACC_ROM_PID6 @ 0x202000fd8
CHIP::ACC.ACCROM_ACC_ROM_PID7 @ 0x202000fdc
CHIP::ACC.ACCROM_ACC_ROM_PID0 @ 0x202000fe0
CHIP::ACC.ACCROM_ACC_ROM_PID1 @ 0x202000fe4
CHIP::ACC.ACCROM_ACC_ROM_PID2 @ 0x202000fe8
CHIP::ACC.ACCROM_ACC_ROM_PID3 @ 0x202000fec
CHIP::ACC.ACCROM_ACC_ROM_CID0 @ 0x202000ff0
CHIP::ACC.ACCROM_ACC_ROM_CID1 @ 0x202000ff4
CHIP::ACC.ACCROM_ACC_ROM_CID2 @ 0x202000ff8
CHIP::ACC.ACCROM_ACC_ROM_CID3 @ 0x202000ffc
CHIP::ACC.CPU0_ARMV8_EDESR @ 0x202010020
CHIP::ACC.CPU0_ARMV8_EDECR @ 0x202010024
CHIP::ACC.CPU0_ARMV8_EDWARLO @ 0x202010030
CHIP::ACC.CPU0_ARMV8_EDDTRRX @ 0x202010080
CHIP::ACC.CPU0_ARMV8_EDITR @ 0x202010084
CHIP::ACC.CPU0_ARMV8_EDSCR @ 0x202010088
CHIP::ACC.CPU0_ARMV8_EDDTRTX @ 0x20201008c
CHIP::ACC.CPU0_ARMV8_EDRCR @ 0x202010090
CHIP::ACC.CPU0_ARMV8_EDACR @ 0x202010094
CHIP::ACC.CPU0_ARMV8_EDECCR @ 0x202010098
CHIP::ACC.CPU0_ARMV8_OSLAR_EL1 @ 0x202010300
CHIP::ACC.CPU0_ARMV8_EDPRCR @ 0x202010310
CHIP::ACC.CPU0_ARMV8_EDPRSR @ 0x202010314
CHIP::ACC.CPU0_ARMV8_DBGBVR0_EL1LO @ 0x202010400
CHIP::ACC.CPU0_ARMV8_DBGBCR0_EL1 @ 0x202010408
CHIP::ACC.CPU0_ARMV8_DBGBVR1_EL1LO @ 0x202010410
CHIP::ACC.CPU0_ARMV8_DBGBCR1_EL1 @ 0x202010418
CHIP::ACC.CPU0_ARMV8_DBGBVR2_EL1LO @ 0x202010420
CHIP::ACC.CPU0_ARMV8_DBGBCR2_EL1 @ 0x202010428
CHIP::ACC.CPU0_ARMV8_DBGBVR3_EL1LO @ 0x202010430
CHIP::ACC.CPU0_ARMV8_DBGBCR3_EL1 @ 0x202010438
CHIP::ACC.CPU0_ARMV8_DBGBVR4_EL1LO @ 0x202010440
CHIP::ACC.CPU0_ARMV8_DBGBCR4_EL1 @ 0x202010448
CHIP::ACC.CPU0_ARMV8_DBGBVR5_EL1LO @ 0x202010450
CHIP::ACC.CPU0_ARMV8_DBGBCR5_EL1 @ 0x202010458
CHIP::ACC.CPU0_ARMV8_DBGWVR0_EL1LO @ 0x202010800
CHIP::ACC.CPU0_ARMV8_DBGWCR0_EL1 @ 0x202010808
CHIP::ACC.CPU0_ARMV8_DBGWVR1_EL1LO @ 0x202010810
CHIP::ACC.CPU0_ARMV8_DBGWCR1_EL1 @ 0x202010818
CHIP::ACC.CPU0_ARMV8_DBGWVR2_EL1LO @ 0x202010820
CHIP::ACC.CPU0_ARMV8_DBGWCR2_EL1 @ 0x202010828
CHIP::ACC.CPU0_ARMV8_DBGWVR3_EL1LO @ 0x202010830
CHIP::ACC.CPU0_ARMV8_DBGWCR3_EL1 @ 0x202010838
CHIP::ACC.CPU0_ARMV8_ED_MIDR @ 0x202010d00
CHIP::ACC.CPU0_ARMV8_ID_AA64_PFR0_EL1LO @ 0x202010d20
CHIP::ACC.CPU0_ARMV8_ID_AA64_DFR0_EL1LO @ 0x202010d28
CHIP::ACC.CPU0_ARMV8_ID_AA64_ISAR0_EL1LO @ 0x202010d30
CHIP::ACC.CPU0_ARMV8_ID_AA64_MMFR0_EL1LO @ 0x202010d38
CHIP::ACC.CPU0_ARMV8_ID_AA64_PFR1_EL1LO @ 0x202010d40
CHIP::ACC.CPU0_ARMV8_ID_AA64_DFR1_EL1LO @ 0x202010d48
CHIP::ACC.CPU0_ARMV8_ID_AA64_ISAR1_EL1LO @ 0x202010d50
CHIP::ACC.CPU0_ARMV8_ID_AA64_MMFR1_EL1LO @ 0x202010d58
CHIP::ACC.CPU0_ARMV8_EDITCTRL @ 0x202010f00
CHIP::ACC.CPU0_ARMV8_CLAIMSET_EL1 @ 0x202010fa0
CHIP::ACC.CPU0_ARMV8_CLAIMCLREXT @ 0x202010fa4
CHIP::ACC.CPU0_ARMV8_DEVAFF0 @ 0x202010fa8
CHIP::ACC.CPU0_ARMV8_DEVAFF1 @ 0x202010fac
CHIP::ACC.CPU0_ARMV8_EDLAR @ 0x202010fb0
CHIP::ACC.CPU0_ARMV8_EDLSR @ 0x202010fb4
CHIP::ACC.CPU0_ARMV8_AUTHSTAT_EL1 @ 0x202010fb8
CHIP::ACC.CPU0_ARMV8_DEVARCH @ 0x202010fbc
CHIP::ACC.CPU0_ARMV8_EDDEVID2 @ 0x202010fc0
CHIP::ACC.CPU0_ARMV8_EDDEVID1 @ 0x202010fc4
CHIP::ACC.CPU0_ARMV8_EDDEVID0 @ 0x202010fc8
CHIP::ACC.CPU0_ARMV8_EDDEVTYPE @ 0x202010fcc
CHIP::ACC.CPU0_ARMV8_EDPIDR4 @ 0x202010fd0
CHIP::ACC.CPU0_ARMV8_EDPIDR5 @ 0x202010fd4
CHIP::ACC.CPU0_ARMV8_EDPIDR6 @ 0x202010fd8
CHIP::ACC.CPU0_ARMV8_EDPIDR7 @ 0x202010fdc
CHIP::ACC.CPU0_ARMV8_EDPIDR0 @ 0x202010fe0
CHIP::ACC.CPU0_ARMV8_EDPIDR1 @ 0x202010fe4
CHIP::ACC.CPU0_ARMV8_EDPIDR2 @ 0x202010fe8
CHIP::ACC.CPU0_ARMV8_EDPIDR3 @ 0x202010fec
CHIP::ACC.CPU0_ARMV8_EDCIDR0 @ 0x202010ff0
CHIP::ACC.CPU0_ARMV8_EDCIDR1 @ 0x202010ff4
CHIP::ACC.CPU0_ARMV8_EDCIDR2 @ 0x202010ff8
CHIP::ACC.CPU0_ARMV8_EDCIDR3 @ 0x202010ffc
CHIP::ACC.CPU0_CTI_CTI_CTL @ 0x202020000
CHIP::ACC.CPU0_CTI_CTI_INT_ACK @ 0x202020010
CHIP::ACC.CPU0_CTI_CTI_APP_SET @ 0x202020014
CHIP::ACC.CPU0_CTI_CTI_APP_CLR @ 0x202020018
CHIP::ACC.CPU0_CTI_CTI_CH_PULSE @ 0x20202001c
CHIP::ACC.CPU0_CTI_CTI_IN_EN0 @ 0x202020020
CHIP::ACC.CPU0_CTI_CTI_IN_EN1 @ 0x202020024
CHIP::ACC.CPU0_CTI_CTI_IN_EN2 @ 0x202020028
CHIP::ACC.CPU0_CTI_CTI_IN_EN3 @ 0x20202002c
CHIP::ACC.CPU0_CTI_CTI_IN_EN4 @ 0x202020030
CHIP::ACC.CPU0_CTI_CTI_IN_EN5 @ 0x202020034
CHIP::ACC.CPU0_CTI_CTI_IN_EN6 @ 0x202020038
CHIP::ACC.CPU0_CTI_CTI_IN_EN7 @ 0x20202003c
CHIP::ACC.CPU0_CTI_CTI_OUT_EN0 @ 0x2020200a0
CHIP::ACC.CPU0_CTI_CTI_OUT_EN1 @ 0x2020200a4
CHIP::ACC.CPU0_CTI_CTI_OUT_EN2 @ 0x2020200a8
CHIP::ACC.CPU0_CTI_CTI_OUT_EN3 @ 0x2020200ac
CHIP::ACC.CPU0_CTI_CTI_OUT_EN4 @ 0x2020200b0
CHIP::ACC.CPU0_CTI_CTI_OUT_EN5 @ 0x2020200b4
CHIP::ACC.CPU0_CTI_CTI_OUT_EN6 @ 0x2020200b8
CHIP::ACC.CPU0_CTI_CTI_OUT_EN7 @ 0x2020200bc
CHIP::ACC.CPU0_CTI_CTI_TRIG_IN_STS @ 0x202020130
CHIP::ACC.CPU0_CTI_CTI_TRIG_OUT_STS @ 0x202020134
CHIP::ACC.CPU0_CTI_CTI_CH_IN_STS @ 0x202020138
CHIP::ACC.CPU0_CTI_CTI_CH_OUT_STS @ 0x20202013c
CHIP::ACC.CPU0_CTI_CTI_GATE @ 0x202020140
CHIP::ACC.CPU0_CTI_CTI_ASIC_CTL @ 0x202020144
CHIP::ACC.CPU0_CTI_CTI_LAR @ 0x202020fb0
CHIP::ACC.CPU0_CTI_CTI_LSR @ 0x202020fb4
CHIP::ACC.CPU0_CTI_CTI_AUTH_STS @ 0x202020fb8
CHIP::ACC.CPU0_CTI_CTI_DEV_ID @ 0x202020fc8
CHIP::ACC.CPU0_CTI_CTI_DEV_TYPE @ 0x202020fcc
CHIP::ACC.CPU0_CTI_CTI_PID4 @ 0x202020fd0
CHIP::ACC.CPU0_CTI_CTI_PID5 @ 0x202020fd4
CHIP::ACC.CPU0_CTI_CTI_PID6 @ 0x202020fd8
CHIP::ACC.CPU0_CTI_CTI_PID7 @ 0x202020fdc
CHIP::ACC.CPU0_CTI_CTI_PID0 @ 0x202020fe0
CHIP::ACC.CPU0_CTI_CTI_PID1 @ 0x202020fe4
CHIP::ACC.CPU0_CTI_CTI_PID2 @ 0x202020fe8
CHIP::ACC.CPU0_CTI_CTI_PID3 @ 0x202020fec
CHIP::ACC.CPU0_CTI_CTI_CID0 @ 0x202020ff0
CHIP::ACC.CPU0_CTI_CTI_CID1 @ 0x202020ff4
CHIP::ACC.CPU0_CTI_CTI_CID2 @ 0x202020ff8
CHIP::ACC.CPU0_CTI_CTI_CID3 @ 0x202020ffc
CHIP::ACC.CPU0_CPMU32_PMCR0_EL1 @ 0x202030000
CHIP::ACC.CPU0_CPMU32_PMCR0 @ 0x202030008
CHIP::ACC.CPU0_CPMU32_PMCR1_EL1 @ 0x202030010
CHIP::ACC.CPU0_CPMU32_PMCR1 @ 0x202030018
CHIP::ACC.CPU0_CPMU32_PMCR2_EL1 @ 0x202030020
CHIP::ACC.CPU0_CPMU32_PMCR2 @ 0x202030028
CHIP::ACC.CPU0_CPMU32_PMCR3_EL1 @ 0x202030030
CHIP::ACC.CPU0_CPMU32_PMCR3 @ 0x202030038
CHIP::ACC.CPU0_CPMU32_PMCR4_EL1 @ 0x202030040
CHIP::ACC.CPU0_CPMU32_PMCR4 @ 0x202030048
CHIP::ACC.CPU0_CPMU32_PMESR0_EL1 @ 0x202030050
CHIP::ACC.CPU0_CPMU32_PMESR0 @ 0x202030058
CHIP::ACC.CPU0_CPMU32_PMESR1_EL1 @ 0x202030060
CHIP::ACC.CPU0_CPMU32_PMESR1 @ 0x202030068
CHIP::ACC.CPU0_CPMU32_OPMAT0_EL1 @ 0x202030070
CHIP::ACC.CPU0_CPMU32_OPMAT0 @ 0x202030078
CHIP::ACC.CPU0_CPMU32_OPMAT1_EL1 @ 0x202030080
CHIP::ACC.CPU0_CPMU32_OPMAT1 @ 0x202030088
CHIP::ACC.CPU0_CPMU32_OPMSK0_EL1 @ 0x202030090
CHIP::ACC.CPU0_CPMU32_OPMSK0 @ 0x202030098
CHIP::ACC.CPU0_CPMU32_OPMSK1_EL1 @ 0x2020300a0
CHIP::ACC.CPU0_CPMU32_OPMSK1 @ 0x2020300a8
CHIP::ACC.CPU0_CPMU32_PMSECFILT_EL3 @ 0x2020300b0
CHIP::ACC.CPU0_CPMU32_PMSWCTRL_EL1 @ 0x2020300c0
CHIP::ACC.CPU0_CPMU32_PMSWCTRL @ 0x2020300c8
CHIP::ACC.CPU0_CPMU32_PMSR_EL1 @ 0x2020300d0
CHIP::ACC.CPU0_CPMU32_PMSR @ 0x2020300d8
CHIP::ACC.CPU0_CPMU32_PMC0_L @ 0x202030100
CHIP::ACC.CPU0_CPMU32_PMC0_HEXT @ 0x202030104
CHIP::ACC.CPU0_CPMU32_PMC1_L @ 0x202030108
CHIP::ACC.CPU0_CPMU32_PMC1_HEXT @ 0x20203010c
CHIP::ACC.CPU0_CPMU32_PMC2_L @ 0x202030110
CHIP::ACC.CPU0_CPMU32_PMC2_HEXT @ 0x202030114
CHIP::ACC.CPU0_CPMU32_PMC3_L @ 0x202030118
CHIP::ACC.CPU0_CPMU32_PMC3_HEXT @ 0x20203011c
CHIP::ACC.CPU0_CPMU32_PMC4_L @ 0x202030120
CHIP::ACC.CPU0_CPMU32_PMC4_HEXT @ 0x202030124
CHIP::ACC.CPU0_CPMU32_PMC5_L @ 0x202030128
CHIP::ACC.CPU0_CPMU32_PMC5_HEXT @ 0x20203012c
CHIP::ACC.CPU0_CPMU32_PMC6_L @ 0x202030130
CHIP::ACC.CPU0_CPMU32_PMC6_HEXT @ 0x202030134
CHIP::ACC.CPU0_CPMU32_PMC7_L @ 0x202030138
CHIP::ACC.CPU0_CPMU32_PMC7_HEXT @ 0x20203013c
CHIP::ACC.CPU0_CPMU32_PMCR @ 0x202030140
CHIP::ACC.CPU0_CPMU32_PMCR_EL0 @ 0x202030144
CHIP::ACC.CPU0_CPMU32_PMCNTENSET @ 0x202030148
CHIP::ACC.CPU0_CPMU32_PMCNTENSET_EL0 @ 0x20203014c
CHIP::ACC.CPU0_CPMU32_PMCNTENCLR @ 0x202030150
CHIP::ACC.CPU0_CPMU32_PMCNTENCLR_EL0 @ 0x202030154
CHIP::ACC.CPU0_CPMU32_PMOVSCLR @ 0x202030158
CHIP::ACC.CPU0_CPMU32_PMOVSCLR_EL0 @ 0x20203015c
CHIP::ACC.CPU0_CPMU32_PMSWINC @ 0x202030160
CHIP::ACC.CPU0_CPMU32_PMSWINC_EL0 @ 0x202030164
CHIP::ACC.CPU0_CPMU32_PMSELR @ 0x202030168
CHIP::ACC.CPU0_CPMU32_PMSELR_EL0 @ 0x20203016c
CHIP::ACC.CPU0_CPMU32_PMCEID0 @ 0x202030170
CHIP::ACC.CPU0_CPMU32_PMCEID0_EL0 @ 0x202030174
CHIP::ACC.CPU0_CPMU32_PMCEID1 @ 0x202030178
CHIP::ACC.CPU0_CPMU32_PMCEID1_EL0 @ 0x20203017c
CHIP::ACC.CPU0_CPMU32_PMCCNTR @ 0x202030180
CHIP::ACC.CPU0_CPMU32_PMCCNTR_EL0 @ 0x202030184
CHIP::ACC.CPU0_CPMU32_PMXEVTYPER_EL0 @ 0x202030188
CHIP::ACC.CPU0_CPMU32_PMXEVTYPER @ 0x20203018c
CHIP::ACC.CPU0_CPMU32_PMXEVCNTR_EL0 @ 0x202030190
CHIP::ACC.CPU0_CPMU32_PMUSERENR @ 0x202030194
CHIP::ACC.CPU0_CPMU32_PMUSERENR_EL0 @ 0x202030198
CHIP::ACC.CPU0_CPMU32_PMINTENSET @ 0x20203019c
CHIP::ACC.CPU0_CPMU32_PMINTENSET_EL1 @ 0x2020301a0
CHIP::ACC.CPU0_CPMU32_PMINTENCLR @ 0x2020301a4
CHIP::ACC.CPU0_CPMU32_PMINTENCLR_EL1 @ 0x2020301a8
CHIP::ACC.CPU0_CPMU32_PMOVSET @ 0x2020301ac
CHIP::ACC.CPU0_CPMU32_PMOVSET_EL0 @ 0x2020301b0
CHIP::ACC.CPU0_CPMU32_PMCCFILTR @ 0x2020301b4
CHIP::ACC.CPU0_CPMU32_PMCCFILTR_EL0 @ 0x2020301b8
CHIP::ACC.CPU0_CPMU64_PMC0 @ 0x202030200
CHIP::ACC.CPU0_CPMU64_PMC1 @ 0x202030208
CHIP::ACC.CPU0_CPMU64_PMC2 @ 0x202030210
CHIP::ACC.CPU0_CPMU64_PMC3 @ 0x202030218
CHIP::ACC.CPU0_CPMU64_PMC4 @ 0x202030220
CHIP::ACC.CPU0_CPMU64_PMC5 @ 0x202030228
CHIP::ACC.CPU0_CPMU64_PMC6 @ 0x202030230
CHIP::ACC.CPU0_CPMU64_PMC7 @ 0x202030238
CHIP::ACC.CPU0_CPMU64_PMMMAP_EL1 @ 0x202030240
CHIP::ACC.CPU0_CPMU64_PMMMAP @ 0x202030248
CHIP::ACC.CPU0_CPMU64_PMTRHLD2_EL1 @ 0x202030250
CHIP::ACC.CPU0_CPMU64_PMTRHLD2 @ 0x202030258
CHIP::ACC.CPU0_CPMU64_PMTRHLD4_EL1 @ 0x202030260
CHIP::ACC.CPU0_CPMU64_PMTRHLD4 @ 0x202030268
CHIP::ACC.CPU0_CPMU64_PMTRHLD6_EL1 @ 0x202030270
CHIP::ACC.CPU0_CPMU64_PMTRHLD6 @ 0x202030278
CHIP::ACC.CPU0_CPMUMAN_PMULAR @ 0x202030fb0
CHIP::ACC.CPU0_CPMUMAN_PMULSR @ 0x202030fb4
CHIP::ACC.CPU0_UTTDBG_DBG_WRAP @ 0x202040000
CHIP::ACC.CPU0_UTTDBG_TRACE_CORE_CFG @ 0x202040008
CHIP::ACC.CPU0_UTTDBG_UT_ST0_CTL @ 0x202040010
CHIP::ACC.CPU0_UTTDBG_UT_ST1_CTL @ 0x202040018
CHIP::ACC.CPU0_UTTDBG_UT_ST2_CTL @ 0x202040020
CHIP::ACC.CPU0_UTTDBG_UT_ST3_CTL @ 0x202040028
CHIP::ACC.CPU0_UTTDBG_UT_ST4_CTL @ 0x202040030
CHIP::ACC.CPU0_UTTDBG_UT_ST5_CTL @ 0x202040038
CHIP::ACC.CPU0_UTTDBG_UT_ST6_CTL @ 0x202040040
CHIP::ACC.CPU0_UTTDBG_UT_ST7_CTL @ 0x202040048
CHIP::ACC.CPU0_UTTDBG_UT_ST0_EV_EN @ 0x202040050
CHIP::ACC.CPU0_UTTDBG_UT_ST1_EV_EN @ 0x202040058
CHIP::ACC.CPU0_UTTDBG_UT_ST2_EV_EN @ 0x202040060
CHIP::ACC.CPU0_UTTDBG_UT_ST3_EV_EN @ 0x202040068
CHIP::ACC.CPU0_UTTDBG_UT_ST4_EV_EN @ 0x202040070
CHIP::ACC.CPU0_UTTDBG_UT_ST5_EV_EN @ 0x202040078
CHIP::ACC.CPU0_UTTDBG_UT_ST6_EV_EN @ 0x202040080
CHIP::ACC.CPU0_UTTDBG_UT_ST7_EV_EN @ 0x202040088
CHIP::ACC.CPU0_UTTDBG_PCSAMPLELO @ 0x202040090
CHIP::ACC.CPU0_UTTDBG_PCSAMPLEHI @ 0x202040098
CHIP::ACC.CPU0_UTTDBG_CIDSAMPLE @ 0x2020400a0
CHIP::ACC.CPU0_UTTDBG_VIDSAMPLE @ 0x2020400a8
CHIP::ACC.CPU0_IMPL_IO_RVBAR @ 0x202050000
CHIP::ACC.CPU0_IMPL_CPU_IOACC_CTL_EL3 @ 0x202050008
CHIP::ACC.CPU0_IMPL_FED_ERR_STS @ 0x202050010
CHIP::ACC.CPU0_IMPL_LSU_ERR_STS @ 0x202050018
CHIP::ACC.CPU0_IMPL_MMU_ERR_STS @ 0x202050020
CHIP::ACC.CPU0_IMPL_HID0 @ 0x202050030
CHIP::ACC.CPU0_IMPL_HID1 @ 0x202050038
CHIP::ACC.CPU0_IMPL_HID2 @ 0x202050040
CHIP::ACC.CPU0_IMPL_HID3 @ 0x202050048
CHIP::ACC.CPU0_IMPL_HID4 @ 0x202050050
CHIP::ACC.CPU0_IMPL_HID7 @ 0x202050058
CHIP::ACC.CPU0_IMPL_HID9 @ 0x202050060
CHIP::ACC.CPU0_IMPL_HID10 @ 0x202050068
CHIP::ACC.CPU0_IMPL_HID11 @ 0x202050070
CHIP::ACC.CPU0_IMPL_CYC_CFG @ 0x202050108
CHIP::ACC.CPU0_IMPL_CYC_OVRD @ 0x202050110
CHIP::ACC.CPU1_ARMV8_EDESR @ 0x202110020
CHIP::ACC.CPU1_ARMV8_EDECR @ 0x202110024
CHIP::ACC.CPU1_ARMV8_EDWARLO @ 0x202110030
CHIP::ACC.CPU1_ARMV8_EDDTRRX @ 0x202110080
CHIP::ACC.CPU1_ARMV8_EDITR @ 0x202110084
CHIP::ACC.CPU1_ARMV8_EDSCR @ 0x202110088
CHIP::ACC.CPU1_ARMV8_EDDTRTX @ 0x20211008c
CHIP::ACC.CPU1_ARMV8_EDRCR @ 0x202110090
CHIP::ACC.CPU1_ARMV8_EDACR @ 0x202110094
CHIP::ACC.CPU1_ARMV8_EDECCR @ 0x202110098
CHIP::ACC.CPU1_ARMV8_OSLAR_EL1 @ 0x202110300
CHIP::ACC.CPU1_ARMV8_EDPRCR @ 0x202110310
CHIP::ACC.CPU1_ARMV8_EDPRSR @ 0x202110314
CHIP::ACC.CPU1_ARMV8_DBGBVR0_EL1LO @ 0x202110400
CHIP::ACC.CPU1_ARMV8_DBGBCR0_EL1 @ 0x202110408
CHIP::ACC.CPU1_ARMV8_DBGBVR1_EL1LO @ 0x202110410
CHIP::ACC.CPU1_ARMV8_DBGBCR1_EL1 @ 0x202110418
CHIP::ACC.CPU1_ARMV8_DBGBVR2_EL1LO @ 0x202110420
CHIP::ACC.CPU1_ARMV8_DBGBCR2_EL1 @ 0x202110428
CHIP::ACC.CPU1_ARMV8_DBGBVR3_EL1LO @ 0x202110430
CHIP::ACC.CPU1_ARMV8_DBGBCR3_EL1 @ 0x202110438
CHIP::ACC.CPU1_ARMV8_DBGBVR4_EL1LO @ 0x202110440
CHIP::ACC.CPU1_ARMV8_DBGBCR4_EL1 @ 0x202110448
CHIP::ACC.CPU1_ARMV8_DBGBVR5_EL1LO @ 0x202110450
CHIP::ACC.CPU1_ARMV8_DBGBCR5_EL1 @ 0x202110458
CHIP::ACC.CPU1_ARMV8_DBGWVR0_EL1LO @ 0x202110800
CHIP::ACC.CPU1_ARMV8_DBGWCR0_EL1 @ 0x202110808
CHIP::ACC.CPU1_ARMV8_DBGWVR1_EL1LO @ 0x202110810
CHIP::ACC.CPU1_ARMV8_DBGWCR1_EL1 @ 0x202110818
CHIP::ACC.CPU1_ARMV8_DBGWVR2_EL1LO @ 0x202110820
CHIP::ACC.CPU1_ARMV8_DBGWCR2_EL1 @ 0x202110828
CHIP::ACC.CPU1_ARMV8_DBGWVR3_EL1LO @ 0x202110830
CHIP::ACC.CPU1_ARMV8_DBGWCR3_EL1 @ 0x202110838
CHIP::ACC.CPU1_ARMV8_ED_MIDR @ 0x202110d00
CHIP::ACC.CPU1_ARMV8_ID_AA64_PFR0_EL1LO @ 0x202110d20
CHIP::ACC.CPU1_ARMV8_ID_AA64_DFR0_EL1LO @ 0x202110d28
CHIP::ACC.CPU1_ARMV8_ID_AA64_ISAR0_EL1LO @ 0x202110d30
CHIP::ACC.CPU1_ARMV8_ID_AA64_MMFR0_EL1LO @ 0x202110d38
CHIP::ACC.CPU1_ARMV8_ID_AA64_PFR1_EL1LO @ 0x202110d40
CHIP::ACC.CPU1_ARMV8_ID_AA64_DFR1_EL1LO @ 0x202110d48
CHIP::ACC.CPU1_ARMV8_ID_AA64_ISAR1_EL1LO @ 0x202110d50
CHIP::ACC.CPU1_ARMV8_ID_AA64_MMFR1_EL1LO @ 0x202110d58
CHIP::ACC.CPU1_ARMV8_EDITCTRL @ 0x202110f00
CHIP::ACC.CPU1_ARMV8_CLAIMSET_EL1 @ 0x202110fa0
CHIP::ACC.CPU1_ARMV8_CLAIMCLREXT @ 0x202110fa4
CHIP::ACC.CPU1_ARMV8_DEVAFF0 @ 0x202110fa8
CHIP::ACC.CPU1_ARMV8_DEVAFF1 @ 0x202110fac
CHIP::ACC.CPU1_ARMV8_EDLAR @ 0x202110fb0
CHIP::ACC.CPU1_ARMV8_EDLSR @ 0x202110fb4
CHIP::ACC.CPU1_ARMV8_AUTHSTAT_EL1 @ 0x202110fb8
CHIP::ACC.CPU1_ARMV8_DEVARCH @ 0x202110fbc
CHIP::ACC.CPU1_ARMV8_EDDEVID2 @ 0x202110fc0
CHIP::ACC.CPU1_ARMV8_EDDEVID1 @ 0x202110fc4
CHIP::ACC.CPU1_ARMV8_EDDEVID0 @ 0x202110fc8
CHIP::ACC.CPU1_ARMV8_EDDEVTYPE @ 0x202110fcc
CHIP::ACC.CPU1_ARMV8_EDPIDR4 @ 0x202110fd0
CHIP::ACC.CPU1_ARMV8_EDPIDR5 @ 0x202110fd4
CHIP::ACC.CPU1_ARMV8_EDPIDR6 @ 0x202110fd8
CHIP::ACC.CPU1_ARMV8_EDPIDR7 @ 0x202110fdc
CHIP::ACC.CPU1_ARMV8_EDPIDR0 @ 0x202110fe0
CHIP::ACC.CPU1_ARMV8_EDPIDR1 @ 0x202110fe4
CHIP::ACC.CPU1_ARMV8_EDPIDR2 @ 0x202110fe8
CHIP::ACC.CPU1_ARMV8_EDPIDR3 @ 0x202110fec
CHIP::ACC.CPU1_ARMV8_EDCIDR0 @ 0x202110ff0
CHIP::ACC.CPU1_ARMV8_EDCIDR1 @ 0x202110ff4
CHIP::ACC.CPU1_ARMV8_EDCIDR2 @ 0x202110ff8
CHIP::ACC.CPU1_ARMV8_EDCIDR3 @ 0x202110ffc
CHIP::ACC.CPU1_CTI_CTI_CTL @ 0x202120000
CHIP::ACC.CPU1_CTI_CTI_INT_ACK @ 0x202120010
CHIP::ACC.CPU1_CTI_CTI_APP_SET @ 0x202120014
CHIP::ACC.CPU1_CTI_CTI_APP_CLR @ 0x202120018
CHIP::ACC.CPU1_CTI_CTI_CH_PULSE @ 0x20212001c
CHIP::ACC.CPU1_CTI_CTI_IN_EN0 @ 0x202120020
CHIP::ACC.CPU1_CTI_CTI_IN_EN1 @ 0x202120024
CHIP::ACC.CPU1_CTI_CTI_IN_EN2 @ 0x202120028
CHIP::ACC.CPU1_CTI_CTI_IN_EN3 @ 0x20212002c
CHIP::ACC.CPU1_CTI_CTI_IN_EN4 @ 0x202120030
CHIP::ACC.CPU1_CTI_CTI_IN_EN5 @ 0x202120034
CHIP::ACC.CPU1_CTI_CTI_IN_EN6 @ 0x202120038
CHIP::ACC.CPU1_CTI_CTI_IN_EN7 @ 0x20212003c
CHIP::ACC.CPU1_CTI_CTI_OUT_EN0 @ 0x2021200a0
CHIP::ACC.CPU1_CTI_CTI_OUT_EN1 @ 0x2021200a4
CHIP::ACC.CPU1_CTI_CTI_OUT_EN2 @ 0x2021200a8
CHIP::ACC.CPU1_CTI_CTI_OUT_EN3 @ 0x2021200ac
CHIP::ACC.CPU1_CTI_CTI_OUT_EN4 @ 0x2021200b0
CHIP::ACC.CPU1_CTI_CTI_OUT_EN5 @ 0x2021200b4
CHIP::ACC.CPU1_CTI_CTI_OUT_EN6 @ 0x2021200b8
CHIP::ACC.CPU1_CTI_CTI_OUT_EN7 @ 0x2021200bc
CHIP::ACC.CPU1_CTI_CTI_TRIG_IN_STS @ 0x202120130
CHIP::ACC.CPU1_CTI_CTI_TRIG_OUT_STS @ 0x202120134
CHIP::ACC.CPU1_CTI_CTI_CH_IN_STS @ 0x202120138
CHIP::ACC.CPU1_CTI_CTI_CH_OUT_STS @ 0x20212013c
CHIP::ACC.CPU1_CTI_CTI_GATE @ 0x202120140
CHIP::ACC.CPU1_CTI_CTI_ASIC_CTL @ 0x202120144
CHIP::ACC.CPU1_CTI_CTI_LAR @ 0x202120fb0
CHIP::ACC.CPU1_CTI_CTI_LSR @ 0x202120fb4
CHIP::ACC.CPU1_CTI_CTI_AUTH_STS @ 0x202120fb8
CHIP::ACC.CPU1_CTI_CTI_DEV_ID @ 0x202120fc8
CHIP::ACC.CPU1_CTI_CTI_DEV_TYPE @ 0x202120fcc
CHIP::ACC.CPU1_CTI_CTI_PID4 @ 0x202120fd0
CHIP::ACC.CPU1_CTI_CTI_PID5 @ 0x202120fd4
CHIP::ACC.CPU1_CTI_CTI_PID6 @ 0x202120fd8
CHIP::ACC.CPU1_CTI_CTI_PID7 @ 0x202120fdc
CHIP::ACC.CPU1_CTI_CTI_PID0 @ 0x202120fe0
CHIP::ACC.CPU1_CTI_CTI_PID1 @ 0x202120fe4
CHIP::ACC.CPU1_CTI_CTI_PID2 @ 0x202120fe8
CHIP::ACC.CPU1_CTI_CTI_PID3 @ 0x202120fec
CHIP::ACC.CPU1_CTI_CTI_CID0 @ 0x202120ff0
CHIP::ACC.CPU1_CTI_CTI_CID1 @ 0x202120ff4
CHIP::ACC.CPU1_CTI_CTI_CID2 @ 0x202120ff8
CHIP::ACC.CPU1_CTI_CTI_CID3 @ 0x202120ffc
CHIP::ACC.CPU1_CPMU32_PMCR0_EL1 @ 0x202130000
CHIP::ACC.CPU1_CPMU32_PMCR0 @ 0x202130008
CHIP::ACC.CPU1_CPMU32_PMCR1_EL1 @ 0x202130010
CHIP::ACC.CPU1_CPMU32_PMCR1 @ 0x202130018
CHIP::ACC.CPU1_CPMU32_PMCR2_EL1 @ 0x202130020
CHIP::ACC.CPU1_CPMU32_PMCR2 @ 0x202130028
CHIP::ACC.CPU1_CPMU32_PMCR3_EL1 @ 0x202130030
CHIP::ACC.CPU1_CPMU32_PMCR3 @ 0x202130038
CHIP::ACC.CPU1_CPMU32_PMCR4_EL1 @ 0x202130040
CHIP::ACC.CPU1_CPMU32_PMCR4 @ 0x202130048
CHIP::ACC.CPU1_CPMU32_PMESR0_EL1 @ 0x202130050
CHIP::ACC.CPU1_CPMU32_PMESR0 @ 0x202130058
CHIP::ACC.CPU1_CPMU32_PMESR1_EL1 @ 0x202130060
CHIP::ACC.CPU1_CPMU32_PMESR1 @ 0x202130068
CHIP::ACC.CPU1_CPMU32_OPMAT0_EL1 @ 0x202130070
CHIP::ACC.CPU1_CPMU32_OPMAT0 @ 0x202130078
CHIP::ACC.CPU1_CPMU32_OPMAT1_EL1 @ 0x202130080
CHIP::ACC.CPU1_CPMU32_OPMAT1 @ 0x202130088
CHIP::ACC.CPU1_CPMU32_OPMSK0_EL1 @ 0x202130090
CHIP::ACC.CPU1_CPMU32_OPMSK0 @ 0x202130098
CHIP::ACC.CPU1_CPMU32_OPMSK1_EL1 @ 0x2021300a0
CHIP::ACC.CPU1_CPMU32_OPMSK1 @ 0x2021300a8
CHIP::ACC.CPU1_CPMU32_PMSECFILT_EL3 @ 0x2021300b0
CHIP::ACC.CPU1_CPMU32_PMSWCTRL_EL1 @ 0x2021300c0
CHIP::ACC.CPU1_CPMU32_PMSWCTRL @ 0x2021300c8
CHIP::ACC.CPU1_CPMU32_PMSR_EL1 @ 0x2021300d0
CHIP::ACC.CPU1_CPMU32_PMSR @ 0x2021300d8
CHIP::ACC.CPU1_CPMU32_PMC0_L @ 0x202130100
CHIP::ACC.CPU1_CPMU32_PMC0_HEXT @ 0x202130104
CHIP::ACC.CPU1_CPMU32_PMC1_L @ 0x202130108
CHIP::ACC.CPU1_CPMU32_PMC1_HEXT @ 0x20213010c
CHIP::ACC.CPU1_CPMU32_PMC2_L @ 0x202130110
CHIP::ACC.CPU1_CPMU32_PMC2_HEXT @ 0x202130114
CHIP::ACC.CPU1_CPMU32_PMC3_L @ 0x202130118
CHIP::ACC.CPU1_CPMU32_PMC3_HEXT @ 0x20213011c
CHIP::ACC.CPU1_CPMU32_PMC4_L @ 0x202130120
CHIP::ACC.CPU1_CPMU32_PMC4_HEXT @ 0x202130124
CHIP::ACC.CPU1_CPMU32_PMC5_L @ 0x202130128
CHIP::ACC.CPU1_CPMU32_PMC5_HEXT @ 0x20213012c
CHIP::ACC.CPU1_CPMU32_PMC6_L @ 0x202130130
CHIP::ACC.CPU1_CPMU32_PMC6_HEXT @ 0x202130134
CHIP::ACC.CPU1_CPMU32_PMC7_L @ 0x202130138
CHIP::ACC.CPU1_CPMU32_PMC7_HEXT @ 0x20213013c
CHIP::ACC.CPU1_CPMU32_PMCR @ 0x202130140
CHIP::ACC.CPU1_CPMU32_PMCR_EL0 @ 0x202130144
CHIP::ACC.CPU1_CPMU32_PMCNTENSET @ 0x202130148
CHIP::ACC.CPU1_CPMU32_PMCNTENSET_EL0 @ 0x20213014c
CHIP::ACC.CPU1_CPMU32_PMCNTENCLR @ 0x202130150
CHIP::ACC.CPU1_CPMU32_PMCNTENCLR_EL0 @ 0x202130154
CHIP::ACC.CPU1_CPMU32_PMOVSCLR @ 0x202130158
CHIP::ACC.CPU1_CPMU32_PMOVSCLR_EL0 @ 0x20213015c
CHIP::ACC.CPU1_CPMU32_PMSWINC @ 0x202130160
CHIP::ACC.CPU1_CPMU32_PMSWINC_EL0 @ 0x202130164
CHIP::ACC.CPU1_CPMU32_PMSELR @ 0x202130168
CHIP::ACC.CPU1_CPMU32_PMSELR_EL0 @ 0x20213016c
CHIP::ACC.CPU1_CPMU32_PMCEID0 @ 0x202130170
CHIP::ACC.CPU1_CPMU32_PMCEID0_EL0 @ 0x202130174
CHIP::ACC.CPU1_CPMU32_PMCEID1 @ 0x202130178
CHIP::ACC.CPU1_CPMU32_PMCEID1_EL0 @ 0x20213017c
CHIP::ACC.CPU1_CPMU32_PMCCNTR @ 0x202130180
CHIP::ACC.CPU1_CPMU32_PMCCNTR_EL0 @ 0x202130184
CHIP::ACC.CPU1_CPMU32_PMXEVTYPER_EL0 @ 0x202130188
CHIP::ACC.CPU1_CPMU32_PMXEVTYPER @ 0x20213018c
CHIP::ACC.CPU1_CPMU32_PMXEVCNTR_EL0 @ 0x202130190
CHIP::ACC.CPU1_CPMU32_PMUSERENR @ 0x202130194
CHIP::ACC.CPU1_CPMU32_PMUSERENR_EL0 @ 0x202130198
CHIP::ACC.CPU1_CPMU32_PMINTENSET @ 0x20213019c
CHIP::ACC.CPU1_CPMU32_PMINTENSET_EL1 @ 0x2021301a0
CHIP::ACC.CPU1_CPMU32_PMINTENCLR @ 0x2021301a4
CHIP::ACC.CPU1_CPMU32_PMINTENCLR_EL1 @ 0x2021301a8
CHIP::ACC.CPU1_CPMU32_PMOVSET @ 0x2021301ac
CHIP::ACC.CPU1_CPMU32_PMOVSET_EL0 @ 0x2021301b0
CHIP::ACC.CPU1_CPMU32_PMCCFILTR @ 0x2021301b4
CHIP::ACC.CPU1_CPMU32_PMCCFILTR_EL0 @ 0x2021301b8
CHIP::ACC.CPU1_CPMU64_PMC0 @ 0x202130200
CHIP::ACC.CPU1_CPMU64_PMC1 @ 0x202130208
CHIP::ACC.CPU1_CPMU64_PMC2 @ 0x202130210
CHIP::ACC.CPU1_CPMU64_PMC3 @ 0x202130218
CHIP::ACC.CPU1_CPMU64_PMC4 @ 0x202130220
CHIP::ACC.CPU1_CPMU64_PMC5 @ 0x202130228
CHIP::ACC.CPU1_CPMU64_PMC6 @ 0x202130230
CHIP::ACC.CPU1_CPMU64_PMC7 @ 0x202130238
CHIP::ACC.CPU1_CPMU64_PMMMAP_EL1 @ 0x202130240
CHIP::ACC.CPU1_CPMU64_PMMMAP @ 0x202130248
CHIP::ACC.CPU1_CPMU64_PMTRHLD2_EL1 @ 0x202130250
CHIP::ACC.CPU1_CPMU64_PMTRHLD2 @ 0x202130258
CHIP::ACC.CPU1_CPMU64_PMTRHLD4_EL1 @ 0x202130260
CHIP::ACC.CPU1_CPMU64_PMTRHLD4 @ 0x202130268
CHIP::ACC.CPU1_CPMU64_PMTRHLD6_EL1 @ 0x202130270
CHIP::ACC.CPU1_CPMU64_PMTRHLD6 @ 0x202130278
CHIP::ACC.CPU1_CPMUMAN_PMULAR @ 0x202130fb0
CHIP::ACC.CPU1_CPMUMAN_PMULSR @ 0x202130fb4
CHIP::ACC.CPU1_UTTDBG_DBG_WRAP @ 0x202140000
CHIP::ACC.CPU1_UTTDBG_TRACE_CORE_CFG @ 0x202140008
CHIP::ACC.CPU1_UTTDBG_UT_ST0_CTL @ 0x202140010
CHIP::ACC.CPU1_UTTDBG_UT_ST1_CTL @ 0x202140018
CHIP::ACC.CPU1_UTTDBG_UT_ST2_CTL @ 0x202140020
CHIP::ACC.CPU1_UTTDBG_UT_ST3_CTL @ 0x202140028
CHIP::ACC.CPU1_UTTDBG_UT_ST4_CTL @ 0x202140030
CHIP::ACC.CPU1_UTTDBG_UT_ST5_CTL @ 0x202140038
CHIP::ACC.CPU1_UTTDBG_UT_ST6_CTL @ 0x202140040
CHIP::ACC.CPU1_UTTDBG_UT_ST7_CTL @ 0x202140048
CHIP::ACC.CPU1_UTTDBG_UT_ST0_EV_EN @ 0x202140050
CHIP::ACC.CPU1_UTTDBG_UT_ST1_EV_EN @ 0x202140058
CHIP::ACC.CPU1_UTTDBG_UT_ST2_EV_EN @ 0x202140060
CHIP::ACC.CPU1_UTTDBG_UT_ST3_EV_EN @ 0x202140068
CHIP::ACC.CPU1_UTTDBG_UT_ST4_EV_EN @ 0x202140070
CHIP::ACC.CPU1_UTTDBG_UT_ST5_EV_EN @ 0x202140078
CHIP::ACC.CPU1_UTTDBG_UT_ST6_EV_EN @ 0x202140080
CHIP::ACC.CPU1_UTTDBG_UT_ST7_EV_EN @ 0x202140088
CHIP::ACC.CPU1_UTTDBG_PCSAMPLELO @ 0x202140090
CHIP::ACC.CPU1_UTTDBG_PCSAMPLEHI @ 0x202140098
CHIP::ACC.CPU1_UTTDBG_CIDSAMPLE @ 0x2021400a0
CHIP::ACC.CPU1_UTTDBG_VIDSAMPLE @ 0x2021400a8
CHIP::ACC.CPU1_IMPL_IO_RVBAR @ 0x202150000
CHIP::ACC.CPU1_IMPL_CPU_IOACC_CTL_EL3 @ 0x202150008
CHIP::ACC.CPU1_IMPL_FED_ERR_STS @ 0x202150010
CHIP::ACC.CPU1_IMPL_LSU_ERR_STS @ 0x202150018
CHIP::ACC.CPU1_IMPL_MMU_ERR_STS @ 0x202150020
CHIP::ACC.CPU1_IMPL_HID0 @ 0x202150030
CHIP::ACC.CPU1_IMPL_HID1 @ 0x202150038
CHIP::ACC.CPU1_IMPL_HID2 @ 0x202150040
CHIP::ACC.CPU1_IMPL_HID3 @ 0x202150048
CHIP::ACC.CPU1_IMPL_HID4 @ 0x202150050
CHIP::ACC.CPU1_IMPL_HID7 @ 0x202150058
CHIP::ACC.CPU1_IMPL_HID9 @ 0x202150060
CHIP::ACC.CPU1_IMPL_HID10 @ 0x202150068
CHIP::ACC.CPU1_IMPL_HID11 @ 0x202150070
CHIP::ACC.CPU1_IMPL_CYC_CFG @ 0x202150108
CHIP::ACC.CPU1_IMPL_CYC_OVRD @ 0x202150110
CHIP::ACC.ACC_CORESIGHT_CPM_PID4 @ 0x202210fd0
CHIP::ACC.ACC_CORESIGHT_CPM_PID5 @ 0x202210fd4
CHIP::ACC.ACC_CORESIGHT_CPM_PID6 @ 0x202210fd8
CHIP::ACC.ACC_CORESIGHT_CPM_PID7 @ 0x202210fdc
CHIP::ACC.ACC_CORESIGHT_CPM_PID0 @ 0x202210fe0
CHIP::ACC.ACC_CORESIGHT_CPM_PID1 @ 0x202210fe4
CHIP::ACC.ACC_CORESIGHT_CPM_PID2 @ 0x202210fe8
CHIP::ACC.ACC_CORESIGHT_CPM_PID3 @ 0x202210fec
CHIP::ACC.ACC_CORESIGHT_CPM_CID0 @ 0x202210ff0
CHIP::ACC.ACC_CORESIGHT_CPM_CID1 @ 0x202210ff4
CHIP::ACC.ACC_CORESIGHT_CPM_CID2 @ 0x202210ff8
CHIP::ACC.ACC_CORESIGHT_CPM_CID3 @ 0x202210ffc
CHIP::ACC.ACC_PWRCTL_PSW_DLY @ 0x202220000
CHIP::ACC.ACC_PWRCTL_PRE_TD_TMR @ 0x202220008
CHIP::ACC.ACC_PWRCTL_PRE_FLUSH_TMR @ 0x202220010
CHIP::ACC.ACC_PWRCTL_ACC_SLP_WAKE_UP_TMR @ 0x202220018
CHIP::ACC.ACC_PWRCTL_APSC_SCR @ 0x202220020
CHIP::ACC.ACC_PWRCTL_APSC_SLP_TSTAMP @ 0x202220028
CHIP::ACC.ACC_PWRCTL_APSC_WAK_TSTAMP @ 0x202220030
CHIP::ACC.ACC_PWRCTL_APSC_MAN_TSTAMP @ 0x202220038
CHIP::ACC.ACC_PWRCTL_DVFM_CFG @ 0x202220040
CHIP::ACC.ACC_PWRCTL_DVFM_SCR @ 0x202220048
CHIP::ACC.ACC_PWRCTL_DVFM_CFG_SEL @ 0x202220050
CHIP::ACC.ACC_PWRCTL_DVFM_CFG1 @ 0x202220058
CHIP::ACC.ACC_PWRCTL_APSC_SW_RST @ 0x202220060
CHIP::ACC.ACC_PWRCTL_DVFM_ST0 @ 0x202220068 freq 24.000000 
CHIP::ACC.ACC_PWRCTL_DVFM_ST1 @ 0x202220070 freq 24.000000 
CHIP::ACC.ACC_PWRCTL_DVFM_ST2 @ 0x202220078 freq 24.000000 
CHIP::ACC.ACC_PWRCTL_DVFM_ST3 @ 0x202220080 freq 24.000000 
CHIP::ACC.ACC_PWRCTL_DVFM_ST4 @ 0x202220088 freq 24.000000 
CHIP::ACC.ACC_PWRCTL_DVFM_ST5 @ 0x202220090 freq 24.000000 
CHIP::ACC.ACC_PWRCTL_DVFM_ST6 @ 0x202220098 freq 24.000000 
CHIP::ACC.ACC_PWRCTL_DVFM_ST7 @ 0x2022200a0 freq 24.000000 
CHIP::ACC.ACC_PWRCTL_EFUSE_REV @ 0x2022200b0
CHIP::ACC.ACC_PWRCTL_MSTR_PLLCTL @ 0x2022200b8
CHIP::ACC.ACC_PWRCTL_PLL_SCR0 @ 0x2022200c0
CHIP::ACC.ACC_PWRCTL_PLL_SCR1 @ 0x2022200c8
CHIP::ACC.ACC_PWRCTL_PLL_CFG0 @ 0x2022200d0
CHIP::ACC.ACC_PWRCTL_PLL_CFG1 @ 0x2022200d8
CHIP::ACC.ACC_PWRCTL_PLL_DLY_CFG0 @ 0x2022200e0
CHIP::ACC.ACC_PWRCTL_PLL_DLY_CFG1 @ 0x2022200e8
CHIP::ACC.ACC_PWRCTL_SBLK_CTL @ 0x2022200f0
CHIP::ACC.ACC_PWRCTL_PLL_CFG2 @ 0x2022200f8
CHIP::ACC.ACC_PWRCTL_DPE0_DVFM_TAB @ 0x202220150
CHIP::ACC.ACC_PWRCTL_DPE1_DVFM_TAB @ 0x202220158
CHIP::ACC.ACC_PWRCTL_CORE0_NRG_ACC @ 0x202220160
CHIP::ACC.ACC_PWRCTL_CORE1_NRG_ACC @ 0x202220168
CHIP::ACC.ACC_PWRCTL_DPE0_DVFM_TAB_EXT @ 0x202220170
CHIP::ACC.ACC_PWRCTL_DPE1_DVFM_TAB_EXT @ 0x202220178
CHIP::ACC.ACC_PWRCTL_DPE0_CFG @ 0x202220190
CHIP::ACC.ACC_PWRCTL_DPE1_CFG @ 0x202220198
CHIP::ACC.ACC_PWRCTL_THRTL_CFG @ 0x2022201a0
CHIP::ACC.ACC_PWRCTL_THRTL_TAB @ 0x2022201b0
CHIP::ACC.ACC_PWRCTL_CORE2_NRG_ACC @ 0x2022201c0
CHIP::ACC.ACC_PWRCTL_CORE3_NRG_ACC @ 0x2022201c8
CHIP::ACC.ACC_PWRCTL_DPE0_DVFM_OFF_TAB @ 0x2022201d0
CHIP::ACC.ACC_PWRCTL_DPE1_DVFM_OFF_TAB @ 0x2022201d8
CHIP::ACC.ACC_PWRCTL_DPE0_DVFM_OFF_TAB_EXT @ 0x2022201e0
CHIP::ACC.ACC_PWRCTL_DPE1_DVFM_OFF_TAB_EXT @ 0x2022201e8
CHIP::ACC.ACC_PWRCTL_NRG_ACC_CTL @ 0x2022201f0
CHIP::ACC.ACC_PWRCTL_UVD_AC_CFG @ 0x202220200
CHIP::ACC.ACC_PWRCTL_MISC_NRG_WGHT @ 0x202220208
CHIP::ACC.ACC_PWRCTL_UVD_PARAM0 @ 0x202220210
CHIP::ACC.ACC_PWRCTL_UVD_PARAM1 @ 0x202220218
CHIP::ACC.ACC_PWRCTL_UVD_TM_TRIG @ 0x202220220
CHIP::ACC.ACC_PWRCTL_UVD_TM_CFG @ 0x202220228
CHIP::ACC.ACC_PWRCTL_UVD_TM_TIMER_T0 @ 0x202220230
CHIP::ACC.ACC_PWRCTL_UVD_TM_TIMER_T1 @ 0x202220238
CHIP::ACC.ACC_PWRCTL_IEX_NRG_WGHT @ 0x202220240
CHIP::ACC.ACC_PWRCTL_FDR_NRG_WGHT @ 0x202220248
CHIP::ACC.ACC_PWRCTL_LSU_NRG_WGHT @ 0x202220250
CHIP::ACC.ACC_PWRCTL_DCD_NRG_WGHT @ 0x202220258
CHIP::ACC.ACC_PWRCTL_NEX_NRG_WGHT0 @ 0x202220260
CHIP::ACC.ACC_PWRCTL_NEX_NRG_WGHT1 @ 0x202220268
CHIP::ACC.ACC_PWRCTL_NEX_NRG_WGHT2 @ 0x202220270
CHIP::ACC.ACC_PWRCTL_UVD_TM_EVENT_COUNT @ 0x202220278
CHIP::ACC.ACC_PWRCTL_UVD_THROTTLE_TAB1 @ 0x202220280
CHIP::ACC.ACC_PWRCTL_UVD_THROTTLE_TAB2 @ 0x202220288
CHIP::ACC.ACC_PWRCTL_UVD_THROTTLE_TAB3 @ 0x202220290
CHIP::ACC.ACC_PWRCTL_UVD_THROTTLE_TAB4 @ 0x202220298
CHIP::ACC.ACC_PWRCTL_UVD_TM_CYCLE_COUNT @ 0x2022202a0
CHIP::ACC.ACC_PWRCTL_UVD_TM_TFL @ 0x2022202a8
CHIP::ACC.ACC_PWRCTL_NRG_ACC_SCALE_TAB @ 0x2022202b0
CHIP::ACC.ACC_PWRCTL_NRG_ACC_SCALE_TAB_EXT @ 0x2022202b8
CHIP::ACC.ACC_PWRCTL_UVD_UT_OCLA_CFG @ 0x2022202c0
CHIP::ACC.ACC_PWRCTL_IVDM_CTL @ 0x2022202c8
CHIP::ACC.ACC_PWRCTL_LKG_EST_TAB @ 0x2022202d0
CHIP::ACC.ACC_PWRCTL_LKG_EST_TAB_EXT @ 0x2022202d8
CHIP::ACC.ACC_PWRCTL_LKG_TMP_RGN_TAB @ 0x2022202e0
CHIP::ACC.ACC_PWRCTL_DVFM_ST8 @ 0x202220368 freq 24.000000 
CHIP::ACC.ACC_PWRCTL_DVFM_ST9 @ 0x202220370 freq 24.000000 
CHIP::ACC.ACC_PWRCTL_DVFM_ST10 @ 0x202220378 freq 24.000000 
CHIP::ACC.ACC_PWRCTL_DVFM_ST11 @ 0x202220380 freq 24.000000 
CHIP::ACC.ACC_PWRCTL_DVFM_ST12 @ 0x202220388 freq 24.000000 
CHIP::ACC.ACC_PWRCTL_DVFM_ST13 @ 0x202220390 freq 24.000000 
CHIP::ACC.ACC_PWRCTL_DVFM_ST14 @ 0x202220398 freq 24.000000 
CHIP::ACC.ACC_PWRCTL_DVFM_ST15 @ 0x2022203a0 freq 24.000000 
CHIP::ACC.ACC_PWRCTL_TEL_DVFM0_EVNT_CNT @ 0x202220400
CHIP::ACC.ACC_PWRCTL_TEL_DVFM1_EVNT_CNT @ 0x202220408
CHIP::ACC.ACC_PWRCTL_TEL_DVFM2_EVNT_CNT @ 0x202220410
CHIP::ACC.ACC_PWRCTL_TEL_DVFM3_EVNT_CNT @ 0x202220418
CHIP::ACC.ACC_PWRCTL_TEL_DVFM4_EVNT_CNT @ 0x202220420
CHIP::ACC.ACC_PWRCTL_TEL_DVFM5_EVNT_CNT @ 0x202220428
CHIP::ACC.ACC_PWRCTL_TEL_DVFM6_EVNT_CNT @ 0x202220430
CHIP::ACC.ACC_PWRCTL_TEL_DVFM7_EVNT_CNT @ 0x202220438
CHIP::ACC.ACC_PWRCTL_TEL_DVFM8_EVNT_CNT @ 0x202220440
CHIP::ACC.ACC_PWRCTL_TEL_DVFM9_EVNT_CNT @ 0x202220448
CHIP::ACC.ACC_PWRCTL_TEL_DVFM10_EVNT_CNT @ 0x202220450
CHIP::ACC.ACC_PWRCTL_TEL_DVFM11_EVNT_CNT @ 0x202220458
CHIP::ACC.ACC_PWRCTL_TEL_DVFM12_EVNT_CNT @ 0x202220460
CHIP::ACC.ACC_PWRCTL_TEL_DVFM13_EVNT_CNT @ 0x202220468
CHIP::ACC.ACC_PWRCTL_TEL_DVFM14_EVNT_CNT @ 0x202220470
CHIP::ACC.ACC_PWRCTL_TEL_DVFM15_EVNT_CNT @ 0x202220478
CHIP::ACC.ACC_PWRCTL_TEL_DVFM0_TACC @ 0x202220480
CHIP::ACC.ACC_PWRCTL_TEL_DVFM1_TACC @ 0x202220488
CHIP::ACC.ACC_PWRCTL_TEL_DVFM2_TACC @ 0x202220490
CHIP::ACC.ACC_PWRCTL_TEL_DVFM3_TACC @ 0x202220498
CHIP::ACC.ACC_PWRCTL_TEL_DVFM4_TACC @ 0x2022204a0
CHIP::ACC.ACC_PWRCTL_TEL_DVFM5_TACC @ 0x2022204a8
CHIP::ACC.ACC_PWRCTL_TEL_DVFM6_TACC @ 0x2022204b0
CHIP::ACC.ACC_PWRCTL_TEL_DVFM7_TACC @ 0x2022204b8
CHIP::ACC.ACC_PWRCTL_TEL_DVFM8_TACC @ 0x2022204c0
CHIP::ACC.ACC_PWRCTL_TEL_DVFM9_TACC @ 0x2022204c8
CHIP::ACC.ACC_PWRCTL_TEL_DVFM10_TACC @ 0x2022204d0
CHIP::ACC.ACC_PWRCTL_TEL_DVFM11_TACC @ 0x2022204d8
CHIP::ACC.ACC_PWRCTL_TEL_DVFM12_TACC @ 0x2022204e0
CHIP::ACC.ACC_PWRCTL_TEL_DVFM13_TACC @ 0x2022204e8
CHIP::ACC.ACC_PWRCTL_TEL_DVFM14_TACC @ 0x2022204f0
CHIP::ACC.ACC_PWRCTL_TEL_DVFM15_TACC @ 0x2022204f8
CHIP::ACC.ACC_PWRCTL_APSC_DBG @ 0x202220510
CHIP::ACC.ACC_PWRCTL_APSC_PRV_DBG @ 0x202220518
CHIP::ACC.ACC_PWRCTL_TEL_DPE0_EVNT_CNT @ 0x202220580
CHIP::ACC.ACC_PWRCTL_TEL_DPE0_TACC @ 0x202220588
CHIP::ACC.ACC_PWRCTL_TEL_DPE0_TSTMP_IN @ 0x202220590
CHIP::ACC.ACC_PWRCTL_TEL_DPE0_TSTMP_OUT @ 0x202220598
CHIP::ACC.ACC_PWRCTL_TEL_DPE1_EVNT_CNT @ 0x2022205a0
CHIP::ACC.ACC_PWRCTL_TEL_DPE1_TACC @ 0x2022205a8
CHIP::ACC.ACC_PWRCTL_TEL_DPE1_TSTMP_IN @ 0x2022205b0
CHIP::ACC.ACC_PWRCTL_TEL_DPE1_TSTMP_OUT @ 0x2022205b8
CHIP::ACC.ACC_PWRCTL_TEL_UVD_EVNT_CNT @ 0x2022205c0
CHIP::ACC.ACC_PWRCTL_TEL_UVD_TACC @ 0x2022205c8
CHIP::ACC.ACC_PWRCTL_TEL_UVD_TSTMP_IN @ 0x2022205d0
CHIP::ACC.ACC_PWRCTL_TEL_UVD_TSTMP_OUT @ 0x2022205d8
CHIP::ACC.ACC_PWRCTL_TEL_CC0_EVNT_CNT @ 0x2022205e0
CHIP::ACC.ACC_PWRCTL_TEL_CC0_TACC @ 0x2022205e8
CHIP::ACC.ACC_PWRCTL_TEL_CC0_TSTMP_IN @ 0x2022205f0
CHIP::ACC.ACC_PWRCTL_TEL_CC0_TSTMP_OUT @ 0x2022205f8
CHIP::ACC.ACC_PWRCTL_TEL_CC1_EVNT_CNT @ 0x202220600
CHIP::ACC.ACC_PWRCTL_TEL_CC1_TACC @ 0x202220608
CHIP::ACC.ACC_PWRCTL_TEL_CC1_TSTMP_IN @ 0x202220610
CHIP::ACC.ACC_PWRCTL_TEL_CC1_TSTMP_OUT @ 0x202220618
CHIP::ACC.ACC_PWRCTL_TEL_CTL0 @ 0x202220660
CHIP::ACC.ACC_PWRCTL_DVMR_WGT_TBL @ 0x2022206a8
CHIP::ACC.ACC_PWRCTL_DVMR_SCR @ 0x2022206b8
CHIP::ACC.ACC_PWRCTL_DVMR_NW_SCR0 @ 0x2022206c0
CHIP::ACC.ACC_PWRCTL_DVMR_NW_SCR1 @ 0x2022206c8
CHIP::ACC.ACC_PWRCTL_DVFM_ST0_EXT @ 0x202220868
CHIP::ACC.ACC_PWRCTL_DVFM_ST1_EXT @ 0x202220870
CHIP::ACC.ACC_PWRCTL_DVFM_ST2_EXT @ 0x202220878
CHIP::ACC.ACC_PWRCTL_DVFM_ST3_EXT @ 0x202220880
CHIP::ACC.ACC_PWRCTL_DVFM_ST4_EXT @ 0x202220888
CHIP::ACC.ACC_PWRCTL_DVFM_ST5_EXT @ 0x202220890
CHIP::ACC.ACC_PWRCTL_DVFM_ST6_EXT @ 0x202220898
CHIP::ACC.ACC_PWRCTL_DVFM_ST7_EXT @ 0x2022208a0
CHIP::ACC.ACC_PWRCTL_DVFM_ST8_EXT @ 0x2022208a8
CHIP::ACC.ACC_PWRCTL_DVFM_ST9_EXT @ 0x2022208b0
CHIP::ACC.ACC_PWRCTL_DVFM_ST10_EXT @ 0x2022208b8
CHIP::ACC.ACC_PWRCTL_DVFM_ST11_EXT @ 0x2022208c0
CHIP::ACC.ACC_PWRCTL_DVFM_ST12_EXT @ 0x2022208c8
CHIP::ACC.ACC_PWRCTL_DVFM_ST13_EXT @ 0x2022208d0
CHIP::ACC.ACC_PWRCTL_DVFM_ST14_EXT @ 0x2022208d8
CHIP::ACC.ACC_PWRCTL_DVFM_ST15_EXT @ 0x2022208e0
CHIP::ACC.ACC_PWRCTL_DVFM_ST0_EXT2 @ 0x2022208e8
CHIP::ACC.ACC_PWRCTL_DVFM_ST1_EXT2 @ 0x2022208f0
CHIP::ACC.ACC_PWRCTL_DVFM_ST2_EXT2 @ 0x2022208f8
CHIP::ACC.ACC_PWRCTL_DVFM_ST3_EXT2 @ 0x202220900
CHIP::ACC.ACC_PWRCTL_DVFM_ST4_EXT2 @ 0x202220908
CHIP::ACC.ACC_PWRCTL_DVFM_ST5_EXT2 @ 0x202220910
CHIP::ACC.ACC_PWRCTL_DVFM_ST6_EXT2 @ 0x202220918
CHIP::ACC.ACC_PWRCTL_DVFM_ST7_EXT2 @ 0x202220920
CHIP::ACC.ACC_PWRCTL_DVFM_ST8_EXT2 @ 0x202220928
CHIP::ACC.ACC_PWRCTL_DVFM_ST9_EXT2 @ 0x202220930
CHIP::ACC.ACC_PWRCTL_DVFM_ST10_EXT2 @ 0x202220938
CHIP::ACC.ACC_PWRCTL_DVFM_ST11_EXT2 @ 0x202220940
CHIP::ACC.ACC_PWRCTL_DVFM_ST12_EXT2 @ 0x202220948
CHIP::ACC.ACC_PWRCTL_DVFM_ST13_EXT2 @ 0x202220950
CHIP::ACC.ACC_PWRCTL_DVFM_ST14_EXT2 @ 0x202220958
CHIP::ACC.ACC_PWRCTL_DVFM_ST15_EXT2 @ 0x202220960
CHIP::ACC.ACC_THERMAL_THRM0_CTL0_SET @ 0x202230000
CHIP::ACC.ACC_THERMAL_THRM0_CTL1 @ 0x202230008
CHIP::ACC.ACC_THERMAL_THRM0_CTL2 @ 0x202230010
CHIP::ACC.ACC_THERMAL_THRM0_PARAM @ 0x202230018
CHIP::ACC.ACC_THERMAL_THRM0_RD_BK0 @ 0x202230020
CHIP::ACC.ACC_THERMAL_THRM0_RD_BK1 @ 0x202230028
CHIP::ACC.ACC_THERMAL_THRM0_SUM @ 0x202230030
CHIP::ACC.ACC_THERMAL_THRM0_SUM_CNT @ 0x202230038
CHIP::ACC.ACC_THERMAL_THRM1_CTL0_SET @ 0x202230040
CHIP::ACC.ACC_THERMAL_THRM1_CTL1 @ 0x202230048
CHIP::ACC.ACC_THERMAL_THRM1_CTL2 @ 0x202230050
CHIP::ACC.ACC_THERMAL_THRM1_PARAM @ 0x202230058
CHIP::ACC.ACC_THERMAL_THRM1_RD_BK0 @ 0x202230060
CHIP::ACC.ACC_THERMAL_THRM1_RD_BK1 @ 0x202230068
CHIP::ACC.ACC_THERMAL_THRM1_SUM @ 0x202230070
CHIP::ACC.ACC_THERMAL_THRM1_SUM_CNT @ 0x202230078
CHIP::ACC.ACC_THERMAL_THRM_FSCTL @ 0x202230080
CHIP::ACC.ACC_THERMAL_THRM_FSTRIP_T0 @ 0x202230090
CHIP::ACC.ACC_THERMAL_THRM_FSTRIP_T1 @ 0x202230098
CHIP::ACC.ACC_THERMAL_THRM_FSASRT_CNT0 @ 0x2022300a0
CHIP::ACC.ACC_THERMAL_THRM_FSASRT_CNT1 @ 0x2022300a8
CHIP::ACC.ACC_THERMAL_THRM_FSDE_ASRT_CNT0 @ 0x2022300b0
CHIP::ACC.ACC_THERMAL_THRM_FSDE_ASRT_CNT1 @ 0x2022300b8
CHIP::ACC.ACC_THERMAL_THRM_FSHOT0_TSTAMP @ 0x2022300c0
CHIP::ACC.ACC_THERMAL_THRM_FSHOT1_TSTAMP @ 0x2022300c8
CHIP::ACC.ACC_THERMAL_DVFM_FSHOT_IDX @ 0x2022300f0
CHIP::ACC.ACC_THERMAL_THRM0_PIECE0 @ 0x202230100
CHIP::ACC.ACC_THERMAL_THRM0_PIECE1 @ 0x202230108
CHIP::ACC.ACC_THERMAL_THRM0_PIECE2 @ 0x202230110
CHIP::ACC.ACC_THERMAL_THRM1_PIECE0 @ 0x202230118
CHIP::ACC.ACC_THERMAL_THRM1_PIECE1 @ 0x202230120
CHIP::ACC.ACC_THERMAL_THRM1_PIECE2 @ 0x202230128
CHIP::ACC.ACC_THERMAL_THRM2_PIECE0 @ 0x202230130
CHIP::ACC.ACC_THERMAL_THRM2_PIECE1 @ 0x202230138
CHIP::ACC.ACC_THERMAL_THRM2_PIECE2 @ 0x202230140
CHIP::ACC.ACC_THERMAL_THRM2_CTL0_SET @ 0x202230200
CHIP::ACC.ACC_THERMAL_THRM2_CTL1 @ 0x202230208
CHIP::ACC.ACC_THERMAL_THRM2_CTL2 @ 0x202230210
CHIP::ACC.ACC_THERMAL_THRM2_PARAM @ 0x202230218
CHIP::ACC.ACC_THERMAL_THRM2_RD_BK0 @ 0x202230220
CHIP::ACC.ACC_THERMAL_THRM2_RD_BK1 @ 0x202230228
CHIP::ACC.ACC_THERMAL_THRM2_SUM @ 0x202230230
CHIP::ACC.ACC_THERMAL_THRM2_SUM_CNT @ 0x202230238
CHIP::ACC.ACC_THERMAL_THRM0_CTL0_STAT @ 0x202230400
CHIP::ACC.ACC_THERMAL_THRM0_CTL0_CLR @ 0x202230408
CHIP::ACC.ACC_THERMAL_THRM0_ALARM0 @ 0x202230410
CHIP::ACC.ACC_THERMAL_THRM0_ALARM1 @ 0x202230418
CHIP::ACC.ACC_THERMAL_THRM0_ALARM2 @ 0x202230420
CHIP::ACC.ACC_THERMAL_THRM0_ALARM3 @ 0x202230428
CHIP::ACC.ACC_THERMAL_THRM1_CTL0_STAT @ 0x202230430
CHIP::ACC.ACC_THERMAL_THRM1_CTL0_CLR @ 0x202230438
CHIP::ACC.ACC_THERMAL_THRM1_ALARM0 @ 0x202230440
CHIP::ACC.ACC_THERMAL_THRM1_ALARM1 @ 0x202230448
CHIP::ACC.ACC_THERMAL_THRM1_ALARM2 @ 0x202230450
CHIP::ACC.ACC_THERMAL_THRM1_ALARM3 @ 0x202230458
CHIP::ACC.ACC_THERMAL_THRM2_CTL0_STAT @ 0x202230460
CHIP::ACC.ACC_THERMAL_THRM2_CTL0_CLR @ 0x202230468
CHIP::ACC.ACC_THERMAL_THRM2_ALARM0 @ 0x202230470
CHIP::ACC.ACC_THERMAL_THRM2_ALARM1 @ 0x202230478
CHIP::ACC.ACC_THERMAL_THRM2_ALARM2 @ 0x202230480
CHIP::ACC.ACC_THERMAL_THRM2_ALARM3 @ 0x202230488
CHIP::ACC.ACC_IMPL_CPM_IOACC_CTL_EL3 @ 0x202240000
CHIP::ACC.ACC_IMPL_L2C_ERR_STS @ 0x202240008
CHIP::ACC.ACC_IMPL_L2C_ERR_ADR @ 0x202240010
CHIP::ACC.ACC_IMPL_L2C_ERR_INF @ 0x202240018
CHIP::ACC.ACC_IMPL_HID5 @ 0x202240020
CHIP::ACC.ACC_IMPL_HID6 @ 0x202240028
CHIP::ACC.ACC_IMPL_PWRDNSAVE0_EL3 @ 0x202240030
CHIP::ACC.ACC_IMPL_PWRDNSAVE1_EL3 @ 0x202240038
CHIP::ACC.ACC_IMPL_HID8 @ 0x202240040
CHIP::ACC.ACC_IMPL_L2_CWAYPWDN0 @ 0x202240048
CHIP::ACC.ACC_IMPL_L2_CWAYPWDN1 @ 0x202240050
CHIP::ACC.ACC_IMPL_HID12 @ 0x202240058
CHIP::ACC.ACC_IMPL_L2_CRETCTL @ 0x202240100
CHIP::ACC.ACC_DBG_CCC_OVRD @ 0x202250000
CHIP::ACC.ACC_DBG_DBG_CTL @ 0x202250010
CHIP::ACC.ACC_DBG_DBG_PLL @ 0x202250020
CHIP::ACC.ACC_DBG_DBG_PMGR @ 0x202250028
CHIP::ACC.ACC_DBG_L2_TRACECTL0 @ 0x202250030
CHIP::ACC.ACC_DBG_L2_TRACECTL1 @ 0x202250038
CHIP::ACC.ACC_DBG_L2_CFILLCTL @ 0x202250040
CHIP::ACC.ACC_DBG_L2_CFILLDAT @ 0x202250048
CHIP::ACC.ACC_DBG_TRACE_CTL @ 0x202250050
CHIP::ACC.ACC_DBG_TRACE_DAT @ 0x202250058
CHIP::ACC.ACC_DBG_TRACE_PTR_C0 @ 0x202250060
CHIP::ACC.ACC_DBG_TRACE_PTR_C1 @ 0x202250068
CHIP::ACC.ACC_DBG_UT_ST_OUT0 @ 0x202250070
CHIP::ACC.ACC_DBG_UT_ST_OUT1 @ 0x202250078
CHIP::ACC.ACC_DBG_UT_ST_OUT2 @ 0x202250080
CHIP::ACC.ACC_DBG_DFT_CTL @ 0x202250088
CHIP::ACC.ACC_DBG_CCC_STS @ 0x202250090
CHIP::ACC.ACC_DBG_TRACE_PTR_C2 @ 0x202250098
CHIP::ACC.ACC_DBG_OCLA_MASK @ 0x2022500a0
CHIP::ACC.ACC_DBG_DBG_WRAP_GLB @ 0x2022500b0
CHIP::ACC.ACC_DBG_ACC_TGT_PWR_ST @ 0x2022500c0
CHIP::ACC.ACC_DBG_ACC_CUR_PWR_ST @ 0x2022500c8
CHIP::ACC.ACC_CNTCTL_CNT_CR @ 0x202260000
CHIP::ACC.ACC_CNTCTL_CNT_SR @ 0x202260004
CHIP::ACC.ACC_CNTCTL_CNT_CVCTL_LO @ 0x202260008
CHIP::ACC.ACC_CNTCTL_CNT_CVCTL_HI @ 0x20226000c
CHIP::ACC.ACC_CNTCTL_CNT_FID0 @ 0x202260020
CHIP::ACC.ACC_CNTCTL64_CNT_CV64_CTL @ 0x202268008
CHIP::ACC.ACC_CNTRD_CNT_CVLO @ 0x202270000
CHIP::ACC.ACC_CNTRD_CNT_CVHI @ 0x202270004
CHIP::ACC.ACC_CNTRD64_CNT_CV64 @ 0x202278000
CHIP::SOCBUSMUX.SOCBUSMUX_REGS_ARBCFG @ 0x204000000
CHIP::SOCBUSMUX.SOCBUSMUX_REGS_DWRRCFG_RTMUX_RT @ 0x204000004
CHIP::SOCBUSMUX.SOCBUSMUX_REGS_DWRRCFG_RTMUX_BULK @ 0x204000008
CHIP::SOCBUSMUX.SOCBUSMUX_REGS_DWRRCFG_MEDIAMUX_LLT @ 0x20400000c
CHIP::SOCBUSMUX.SOCBUSMUX_REGS_DWRRCFG_MEDIAMUX_BULK @ 0x204000010
CHIP::SOCBUSMUX.SOCBUSMUX_REGS_DWRRCFG_SBR_LLT @ 0x204000014
CHIP::SOCBUSMUX.SOCBUSMUX_REGS_DWRRCFG_PCIE_LLT @ 0x204000018
CHIP::SOCBUSMUX.SOCBUSMUX_REGS_DWRRCFG_PCIE_BULK @ 0x20400001c
CHIP::SOCBUSMUX.SOCBUSMUX_REGS_BW_RTR_THROTTLE_LLT @ 0x204000020
CHIP::SOCBUSMUX.SOCBUSMUX_REGS_BW_RTR_THROTTLE_BEF @ 0x204000024
CHIP::SOCBUSMUX.SOCBUSMUX_REGS_BW_RTY_THROTTLE_LLT @ 0x204000028
CHIP::SOCBUSMUX.SOCBUSMUX_REGS_BW_RTY_THROTTLE_BEF @ 0x20400002c
CHIP::SOCBUSMUX.SOCBUSMUX_REGS_TLIMIT_ENA @ 0x204000030
CHIP::SOCBUSMUX.SOCBUSMUX_REGS_TLIMIT_LVL0_RTMUX @ 0x204000034
CHIP::SOCBUSMUX.SOCBUSMUX_REGS_TLIMIT_LVL1_RTMUX @ 0x204000038
CHIP::SOCBUSMUX.SOCBUSMUX_REGS_TLIMIT_LVL2_RTMUX @ 0x20400003c
CHIP::SOCBUSMUX.SOCBUSMUX_REGS_TLIMIT_LVL3_RTMUX @ 0x204000040
CHIP::SOCBUSMUX.SOCBUSMUX_REGS_TLIMIT_LVL0_MEDIAMUX @ 0x204000044
CHIP::SOCBUSMUX.SOCBUSMUX_REGS_TLIMIT_LVL1_MEDIAMUX @ 0x204000048
CHIP::SOCBUSMUX.SOCBUSMUX_REGS_TLIMIT_LVL2_MEDIAMUX @ 0x20400004c
CHIP::SOCBUSMUX.SOCBUSMUX_REGS_TLIMIT_LVL3_MEDIAMUX @ 0x204000050
CHIP::SOCBUSMUX.SOCBUSMUX_REGS_TLIMIT_LVL0_SBR @ 0x204000054
CHIP::SOCBUSMUX.SOCBUSMUX_REGS_TLIMIT_LVL1_SBR @ 0x204000058
CHIP::SOCBUSMUX.SOCBUSMUX_REGS_TLIMIT_LVL2_SBR @ 0x20400005c
CHIP::SOCBUSMUX.SOCBUSMUX_REGS_TLIMIT_LVL3_SBR @ 0x204000060
CHIP::SOCBUSMUX.SOCBUSMUX_REGS_TLIMIT_LVL0_PCIE @ 0x204000064
CHIP::SOCBUSMUX.SOCBUSMUX_REGS_TLIMIT_LVL1_PCIE @ 0x204000068
CHIP::SOCBUSMUX.SOCBUSMUX_REGS_TLIMIT_LVL2_PCIE @ 0x20400006c
CHIP::SOCBUSMUX.SOCBUSMUX_REGS_TLIMIT_LVL3_PCIE @ 0x204000070
CHIP::SOCBUSMUX.SOCBUSMUX_REGS_RTMUX_CREDIT_ALLOC_0 @ 0x204000074
CHIP::SOCBUSMUX.SOCBUSMUX_REGS_RTMUX_CREDIT_ALLOC_1 @ 0x204000078
CHIP::SOCBUSMUX.SOCBUSMUX_REGS_MEDIAMUX_CREDIT_ALLOC_0 @ 0x20400007c
CHIP::SOCBUSMUX.SOCBUSMUX_REGS_MEDIAMUX_CREDIT_ALLOC_1 @ 0x204000080
CHIP::SOCBUSMUX.SOCBUSMUX_REGS_SBR_CREDIT_ALLOC @ 0x204000084
CHIP::SOCBUSMUX.SOCBUSMUX_REGS_PCIE_CREDIT_ALLOC_0 @ 0x204000088
CHIP::SOCBUSMUX.SOCBUSMUX_REGS_PCIE_CREDIT_ALLOC_1 @ 0x20400008c
CHIP::SOCBUSMUX.SOCBUSMUX_REGS_SOCMUXTOP_CREDIT_ALLOC @ 0x204000090
CHIP::SOCBUSMUX.SOCBUSMUX_REGS_CPG_CNTL @ 0x204000094
CHIP::SOCBUSMUX.SOCBUSMUX_REGS_RMB_PERF_CNTL @ 0x204000098
CHIP::SOCBUSMUX.SOCBUSMUX_REGS_RMB_PERF_THRESH @ 0x20400009c
CHIP::SOCBUSMUX.SOCBUSMUX_REGS_RMB_PERF_TIME_LO @ 0x2040000a0
CHIP::SOCBUSMUX.SOCBUSMUX_REGS_RMB_PERF_TIME_HI @ 0x2040000a4
CHIP::SOCBUSMUX.SOCBUSMUX_REGS_RMB_PERF_CNT @ 0x2040000a8
CHIP::SOCBUSMUX.SOCBUSMUX_REGS_RMB_PERF_CNT_OVF @ 0x2040000ac
CHIP::SOCBUSMUX.SOCBUSMUX_REGS_BWMGT_RTMUX @ 0x2040000b0
CHIP::SOCBUSMUX.SOCBUSMUX_REGS_BWMGT_MEDIAMUX @ 0x2040000b4
CHIP::SOCBUSMUX.SOCBUSMUX_REGS_BWMGT_SBR @ 0x2040000b8
CHIP::SOCBUSMUX.SOCBUSMUX_REGS_BWMGT_PCIE @ 0x2040000bc
CHIP::ISP::AFC_AXI2AF_ISP::AFC_AIU_ISP_DUAL.AFC_AIU_ISP_DUAL_SELF_REGS_ARBCFG @ 0x205b00000
CHIP::ISP::AFC_AXI2AF_ISP::AFC_AIU_ISP_DUAL.AFC_AIU_ISP_DUAL_SELF_REGS_DWCFG_LEG0 @ 0x205b00004
CHIP::ISP::AFC_AXI2AF_ISP::AFC_AIU_ISP_DUAL.AFC_AIU_ISP_DUAL_SELF_REGS_DWCFG_LEG1 @ 0x205b00008
CHIP::ISP::AFC_AXI2AF_ISP::AFC_AIU_ISP_DUAL.AFC_AIU_ISP_DUAL_SELF_REGS_DWCFG_LEG2 @ 0x205b0000c
CHIP::ISP::AFC_AXI2AF_ISP::AFC_AIU_ISP_DUAL.AFC_AIU_ISP_DUAL_SELF_REGS_DWCFG_LEG3 @ 0x205b00010
CHIP::ISP::AFC_AXI2AF_ISP::AFC_AIU_ISP_DUAL.AFC_AIU_ISP_DUAL_SELF_REGS_DNRSP_CREDIT_ALLOC @ 0x205b00014
CHIP::ISP::AFC_AXI2AF_ISP::AFC_AIU_ISP_DUAL.AFC_AIU_ISP_DUAL_SELF_REGS_PIO_CREDIT_ALLOC @ 0x205b00018
CHIP::ISP::AFC_AXI2AF_ISP::AFC_AIU_ISP_DUAL.AFC_AIU_ISP_DUAL_SELF_REGS_CPG_CNTL @ 0x205b0001c
CHIP::ISP::AFC_AXI2AF_ISP::AFC_AIU_ISP_DUAL.AFC_AIU_ISP_DUAL_SELF_REGS_LIMITED_BW_THRESHOLD @ 0x205b00020
CHIP::ISP::AFC_AXI2AF_ISP::AFC_AIU_ISP_DUAL.AFC_AIU_ISP_DUAL_SELF_AW0_TLIMIT_LEVEL0 @ 0x205b00024
CHIP::ISP::AFC_AXI2AF_ISP::AFC_AIU_ISP_DUAL.AFC_AIU_ISP_DUAL_SELF_AW0_TLIMIT_LEVEL1 @ 0x205b00028
CHIP::ISP::AFC_AXI2AF_ISP::AFC_AIU_ISP_DUAL.AFC_AIU_ISP_DUAL_SELF_AW0_TLIMIT_LEVEL2 @ 0x205b0002c
CHIP::ISP::AFC_AXI2AF_ISP::AFC_AIU_ISP_DUAL.AFC_AIU_ISP_DUAL_SELF_AW0_TLIMIT_LEVEL3 @ 0x205b00030
CHIP::ISP::AFC_AXI2AF_ISP::AFC_AIU_ISP_DUAL.AFC_AIU_ISP_DUAL_SELF_AR0_TLIMIT_LEVEL0 @ 0x205b00034
CHIP::ISP::AFC_AXI2AF_ISP::AFC_AIU_ISP_DUAL.AFC_AIU_ISP_DUAL_SELF_AR0_TLIMIT_LEVEL1 @ 0x205b00038
CHIP::ISP::AFC_AXI2AF_ISP::AFC_AIU_ISP_DUAL.AFC_AIU_ISP_DUAL_SELF_AR0_TLIMIT_LEVEL2 @ 0x205b0003c
CHIP::ISP::AFC_AXI2AF_ISP::AFC_AIU_ISP_DUAL.AFC_AIU_ISP_DUAL_SELF_AR0_TLIMIT_LEVEL3 @ 0x205b00040
CHIP::ISP::AFC_AXI2AF_ISP::AFC_AIU_ISP_DUAL.AFC_AIU_ISP_DUAL_SELF_TLIMIT0_OUTSTANDING @ 0x205b00044
CHIP::ISP::AFC_AXI2AF_ISP::AFC_AIU_ISP_DUAL.AFC_AIU_ISP_DUAL_SELF_AW1_TLIMIT_LEVEL0 @ 0x205b00048
CHIP::ISP::AFC_AXI2AF_ISP::AFC_AIU_ISP_DUAL.AFC_AIU_ISP_DUAL_SELF_AW1_TLIMIT_LEVEL1 @ 0x205b0004c
CHIP::ISP::AFC_AXI2AF_ISP::AFC_AIU_ISP_DUAL.AFC_AIU_ISP_DUAL_SELF_AW1_TLIMIT_LEVEL2 @ 0x205b00050
CHIP::ISP::AFC_AXI2AF_ISP::AFC_AIU_ISP_DUAL.AFC_AIU_ISP_DUAL_SELF_AW1_TLIMIT_LEVEL3 @ 0x205b00054
CHIP::ISP::AFC_AXI2AF_ISP::AFC_AIU_ISP_DUAL.AFC_AIU_ISP_DUAL_SELF_AR1_TLIMIT_LEVEL0 @ 0x205b00058
CHIP::ISP::AFC_AXI2AF_ISP::AFC_AIU_ISP_DUAL.AFC_AIU_ISP_DUAL_SELF_AR1_TLIMIT_LEVEL1 @ 0x205b0005c
CHIP::ISP::AFC_AXI2AF_ISP::AFC_AIU_ISP_DUAL.AFC_AIU_ISP_DUAL_SELF_AR1_TLIMIT_LEVEL2 @ 0x205b00060
CHIP::ISP::AFC_AXI2AF_ISP::AFC_AIU_ISP_DUAL.AFC_AIU_ISP_DUAL_SELF_AR1_TLIMIT_LEVEL3 @ 0x205b00064
CHIP::ISP::AFC_AXI2AF_ISP::AFC_AIU_ISP_DUAL.AFC_AIU_ISP_DUAL_SELF_TLIMIT1_OUTSTANDING @ 0x205b00068
CHIP::ISP::AFC_AXI2AF_ISP::AFC_AIU_ISP_DUAL.AFC_AIU_MC_ISP_DUAL_REGS_MEMCACHE_DATASETID_OVERRIDE_MASTER0 @ 0x205b04000
CHIP::ISP::AFC_AXI2AF_ISP::AFC_AIU_ISP_DUAL.AFC_AIU_MC_ISP_DUAL_REGS_MEMCACHE_HINT_OVERRIDE_MASTER0 @ 0x205b04004
CHIP::ISP::AFC_AXI2AF_ISP::AFC_AIU_ISP_DUAL.AFC_AIU_MC_ISP_DUAL_REGS_MEMCACHE_DATASETID_OVERRIDE_MASTER1 @ 0x205b04008
CHIP::ISP::AFC_AXI2AF_ISP::AFC_AIU_ISP_DUAL.AFC_AIU_MC_ISP_DUAL_REGS_MEMCACHE_HINT_OVERRIDE_MASTER1 @ 0x205b0400c
CHIP::ISP::AFC_AXI2AF_ISP::AFC_AIU_ISP_DUAL.AFC_AIU_PERF_CNTR_ISP_DUAL_AW0_PERF_CNTR_CNTRL @ 0x205b08000
CHIP::ISP::AFC_AXI2AF_ISP::AFC_AIU_ISP_DUAL.AFC_AIU_PERF_CNTR_ISP_DUAL_AW0_DEPTH_CNTR_STATUS @ 0x205b08004
CHIP::ISP::AFC_AXI2AF_ISP::AFC_AIU_ISP_DUAL.AFC_AIU_PERF_CNTR_ISP_DUAL_AW0_LATENCY_CNTR_STATUS @ 0x205b08008
CHIP::ISP::AFC_AXI2AF_ISP::AFC_AIU_ISP_DUAL.AFC_AIU_PERF_CNTR_ISP_DUAL_AW0_THROUGHPUT_CNTR_STATUS @ 0x205b0800c
CHIP::ISP::AFC_AXI2AF_ISP::AFC_AIU_ISP_DUAL.AFC_AIU_PERF_CNTR_ISP_DUAL_AR0_PERF_CNTR_CNTRL @ 0x205b08010
CHIP::ISP::AFC_AXI2AF_ISP::AFC_AIU_ISP_DUAL.AFC_AIU_PERF_CNTR_ISP_DUAL_AR0_DEPTH_CNTR_STATUS @ 0x205b08014
CHIP::ISP::AFC_AXI2AF_ISP::AFC_AIU_ISP_DUAL.AFC_AIU_PERF_CNTR_ISP_DUAL_AR0_LATENCY_CNTR_STATUS @ 0x205b08018
CHIP::ISP::AFC_AXI2AF_ISP::AFC_AIU_ISP_DUAL.AFC_AIU_PERF_CNTR_ISP_DUAL_AR0_THROUGHPUT_CNTR_STATUS @ 0x205b0801c
CHIP::ISP::AFC_AXI2AF_ISP::AFC_AIU_ISP_DUAL.AFC_AIU_PERF_CNTR_ISP_DUAL_AW1_PERF_CNTR_CNTRL @ 0x205b08020
CHIP::ISP::AFC_AXI2AF_ISP::AFC_AIU_ISP_DUAL.AFC_AIU_PERF_CNTR_ISP_DUAL_AW1_DEPTH_CNTR_STATUS @ 0x205b08024
CHIP::ISP::AFC_AXI2AF_ISP::AFC_AIU_ISP_DUAL.AFC_AIU_PERF_CNTR_ISP_DUAL_AW1_LATENCY_CNTR_STATUS @ 0x205b08028
CHIP::ISP::AFC_AXI2AF_ISP::AFC_AIU_ISP_DUAL.AFC_AIU_PERF_CNTR_ISP_DUAL_AW1_THROUGHPUT_CNTR_STATUS @ 0x205b0802c
CHIP::ISP::AFC_AXI2AF_ISP::AFC_AIU_ISP_DUAL.AFC_AIU_PERF_CNTR_ISP_DUAL_AR1_PERF_CNTR_CNTRL @ 0x205b08030
CHIP::ISP::AFC_AXI2AF_ISP::AFC_AIU_ISP_DUAL.AFC_AIU_PERF_CNTR_ISP_DUAL_AR1_DEPTH_CNTR_STATUS @ 0x205b08034
CHIP::ISP::AFC_AXI2AF_ISP::AFC_AIU_ISP_DUAL.AFC_AIU_PERF_CNTR_ISP_DUAL_AR1_LATENCY_CNTR_STATUS @ 0x205b08038
CHIP::ISP::AFC_AXI2AF_ISP::AFC_AIU_ISP_DUAL.AFC_AIU_PERF_CNTR_ISP_DUAL_AR1_THROUGHPUT_CNTR_STATUS @ 0x205b0803c
CHIP::ISP::AFC_AXI2AF_ISP::AFC_AIU_ISP_DUAL.AFC_AIU_PERF_CNTR_ISP_DUAL_AW_BYTE_CNTR_CNTRL @ 0x205b08100
CHIP::ISP::AFC_AXI2AF_ISP::AFC_AIU_ISP_DUAL.AFC_AIU_PERF_CNTR_ISP_DUAL_AW_BYTE_CNTR_LSB_STATUS @ 0x205b08104
CHIP::ISP::AFC_AXI2AF_ISP::AFC_AIU_ISP_DUAL.AFC_AIU_PERF_CNTR_ISP_DUAL_AW_BYTE_CNTR_MSB_STATUS @ 0x205b08108
CHIP::ISP::AFC_AXI2AF_ISP::AFC_AIU_ISP_DUAL.AFC_AIU_PERF_CNTR_ISP_DUAL_AR_BYTE_CNTR_CNTRL @ 0x205b0810c
CHIP::ISP::AFC_AXI2AF_ISP::AFC_AIU_ISP_DUAL.AFC_AIU_PERF_CNTR_ISP_DUAL_AR_BYTE_CNTR_LSB_STATUS @ 0x205b08110
CHIP::ISP::AFC_AXI2AF_ISP::AFC_AIU_ISP_DUAL.AFC_AIU_PERF_CNTR_ISP_DUAL_AR_BYTE_CNTR_MSB_STATUS @ 0x205b08114
CHIP::ISP::ISP_INTR2AXI.INTERRUPT_FILTER_0 @ 0x205b20000
CHIP::ISP::ISP_INTR2AXI.CURRENT_STATUS_0 @ 0x205b20040
CHIP::ISP::ISP_INTR2AXI.FORCE_UPDATE @ 0x205b20080
CHIP::ISP::ISP_INTR2AXI.IDLE @ 0x205b20084
CHIP::ISP::SISP_PL301WIDGET.TLIMIT_RD @ 0x205b21000
CHIP::ISP::SISP_PL301WIDGET.TLIMIT_WR @ 0x205b21004
CHIP::ISP::ISP_DART.DART_DART_TLB_OP @ 0x205b22000
CHIP::ISP::ISP_DART.DART_DART_TLB_TAG_DATA @ 0x205b22004
CHIP::ISP::ISP_DART.DART_DART_TLB_PA_DATA @ 0x205b22008
CHIP::ISP::ISP_DART.DART_DART_CONFIG @ 0x205b2200c
CHIP::ISP::ISP_DART.DART_DART_ERR_STATUS @ 0x205b22010
CHIP::ISP::ISP_DART.DART_DART_ERR_AXI_REQ0 @ 0x205b22014
CHIP::ISP::ISP_DART.DART_DART_ERR_AXI_REQ1 @ 0x205b22018
CHIP::ISP::ISP_DART.DART_DART_ERR_ADDRESS @ 0x205b2201c
CHIP::ISP::ISP_DART.DART_DART_DIAG_CONFIG @ 0x205b22020
CHIP::ISP::ISP_DART.DART_DART_DIAG_BOGUS_ACCESS @ 0x205b22024
CHIP::ISP::ISP_DART.DART_DART_SID_REMAP @ 0x205b22028
CHIP::ISP::ISP_DART.DART_DART_BYPASS_ADDR @ 0x205b2202c
CHIP::ISP::ISP_DART.DART_DART_FETCH_REQ_CONFIG @ 0x205b22030
CHIP::ISP::ISP_DART.DART_DART_TTBR @ 0x205b22040
CHIP::ISP::ISP_DART.DART_DART_PERF_CONFIG @ 0x205b23000
CHIP::ISP::ISP_DART.DART_TLB_MISS_CTR @ 0x205b23004
CHIP::ISP::ISP_DART.DART_TLB_WAIT_CTR @ 0x205b23008
CHIP::ISP::ISP_DART.DART_TLB_HIT_CTR @ 0x205b2300c
CHIP::ISP::ISP_DART.DART_ST_MISS_CTR @ 0x205b23010
CHIP::ISP::ISP_DART.DART_ST_WAIT_CTR @ 0x205b23014
CHIP::ISP::ISP_DART.DART_ST_HIT_CTR @ 0x205b23018
CHIP::ISP::ISP_SMMU.SMMU_SMMU_CONFIG @ 0x205b2400c
CHIP::ISP::ISP_SMMU.SMMU_SMMU_ERR_STATUS @ 0x205b24010
CHIP::ISP::ISP_SMMU.SMMU_SMMU_ERR_AXI_REQ0 @ 0x205b24014
CHIP::ISP::ISP_SMMU.SMMU_SMMU_ERR_AXI_REQ1 @ 0x205b24018
CHIP::ISP::ISP_SMMU.SMMU_SMMU_ERR_ADDRESS @ 0x205b2401c
CHIP::ISP::ISP_SMMU.SMMU_SMMU_DIAG_CONFIG @ 0x205b24020
CHIP::ISP::ISP_SMMU.SMMU_SMMU_DIAG_BOGUS_ACCESS @ 0x205b24024
CHIP::ISP::ISP_SMMU.SMMU_SMMU_BYPASS_ADDR @ 0x205b2402c
CHIP::ISP::ISP_SMMU.SMMU_SMMU_ERR_STTIDX @ 0x205b24030
CHIP::ISP::ISP_SMMU.SMMU_SMMU_REQ_SCOREBOARD @ 0x205b24080
CHIP::ISP::ISP_SMMU.SMMU_SMMU_ACK_SCOREBOARD @ 0x205b240c0
CHIP::ISP::ISP_SMMU.SMMU_SMMU_PERF_CONFIG @ 0x205b25000
CHIP::ISP::ISP_SMMU.SMMU_SMMU_CTR @ 0x205b25004
CHIP::ISP::ISP_SMMU.SMMU_SMMU_STT_PA_DATA @ 0x205b26000
CHIP::ISP::ISPCTRL_R0U.VERSION_MCSVER @ 0x205b40000
CHIP::ISP::ISPCTRL_R0U.INTERRUPT_MIRQRR @ 0x205b40100
CHIP::ISP::ISPCTRL_R0U.INTERRUPT_MIRQER @ 0x205b40104
CHIP::ISP::ISPCTRL_R0U.INTERRUPT_MIRQSR @ 0x205b40108
CHIP::ISP::ISPCTRL_R0U.INTERRUPT_MIRQCR @ 0x205b4010c
CHIP::ISP::ISPCTRL_R0U.PERFMON_MPCSR @ 0x205b40200
CHIP::ISP::ISPCTRL_R0U.PERFMON_MPAXIADDR @ 0x205b40204
CHIP::ISP::ISPCTRL_R0U.PERFMON_MPAXIADDRMASK @ 0x205b40208
CHIP::ISP::ISPCTRL_R0U.PERFMON_MPAXIID @ 0x205b4020c
CHIP::ISP::ISPCTRL_R0U.PERFMON_MPAXIIDMASK @ 0x205b40210
CHIP::ISP::ISPCTRL_R0U.PERFMON_MPCTR @ 0x205b40214
CHIP::ISP::ISP_SMB[0].SMB_SMBREGS_MTXFIFO @ 0x205b82000
CHIP::ISP::ISP_SMB[0].SMB_SMBREGS_MRXFIFO @ 0x205b82004
CHIP::ISP::ISP_SMB[0].SMB_SMBREGS_MCNT @ 0x205b82008
CHIP::ISP::ISP_SMB[0].SMB_SMBREGS_XFSTA @ 0x205b8200c
CHIP::ISP::ISP_SMB[0].SMB_SMBREGS_SADDR @ 0x205b82010
CHIP::ISP::ISP_SMB[0].SMB_SMBREGS_SMSTA @ 0x205b82014
CHIP::ISP::ISP_SMB[0].SMB_SMBREGS_IMASK @ 0x205b82018
CHIP::ISP::ISP_SMB[0].SMB_SMBREGS_CTL @ 0x205b8201c
CHIP::ISP::ISP_SMB[0].SMB_SMBREGS_STXFIFO @ 0x205b82020
CHIP::ISP::ISP_SMB[0].SMB_SMBREGS_SRXFIFO @ 0x205b82024
CHIP::ISP::ISP_SMB[0].SMB_SMBREGS_VERSION @ 0x205b82028
CHIP::ISP::ISP_SMB[0].SMB_SMBREGS_TRIGGER_LEVEL @ 0x205b8202c
CHIP::ISP::ISP_SMB[0].SMB_SMBREGS_TBUF @ 0x205b82030
CHIP::ISP::ISP_SMB[0].SMB_SMBREGS_TBJM_THIGH @ 0x205b82034
CHIP::ISP::ISP_SMB[0].SMB_SMBREGS_FILTER @ 0x205b82038
CHIP::ISP::ISP_SMB[0].SMB_SMBREGS_TTIMEOUT @ 0x205b8203c
CHIP::ISP::ISP_SMB[1].SMB_SMBREGS_MTXFIFO @ 0x205b83000
CHIP::ISP::ISP_SMB[1].SMB_SMBREGS_MRXFIFO @ 0x205b83004
CHIP::ISP::ISP_SMB[1].SMB_SMBREGS_MCNT @ 0x205b83008
CHIP::ISP::ISP_SMB[1].SMB_SMBREGS_XFSTA @ 0x205b8300c
CHIP::ISP::ISP_SMB[1].SMB_SMBREGS_SADDR @ 0x205b83010
CHIP::ISP::ISP_SMB[1].SMB_SMBREGS_SMSTA @ 0x205b83014
CHIP::ISP::ISP_SMB[1].SMB_SMBREGS_IMASK @ 0x205b83018
CHIP::ISP::ISP_SMB[1].SMB_SMBREGS_CTL @ 0x205b8301c
CHIP::ISP::ISP_SMB[1].SMB_SMBREGS_STXFIFO @ 0x205b83020
CHIP::ISP::ISP_SMB[1].SMB_SMBREGS_SRXFIFO @ 0x205b83024
CHIP::ISP::ISP_SMB[1].SMB_SMBREGS_VERSION @ 0x205b83028
CHIP::ISP::ISP_SMB[1].SMB_SMBREGS_TRIGGER_LEVEL @ 0x205b8302c
CHIP::ISP::ISP_SMB[1].SMB_SMBREGS_TBUF @ 0x205b83030
CHIP::ISP::ISP_SMB[1].SMB_SMBREGS_TBJM_THIGH @ 0x205b83034
CHIP::ISP::ISP_SMB[1].SMB_SMBREGS_FILTER @ 0x205b83038
CHIP::ISP::ISP_SMB[1].SMB_SMBREGS_TTIMEOUT @ 0x205b8303c
CHIP::ISP::AHFD_CORE.TME_BA @ 0x205b84000
CHIP::ISP::AHFD_CORE.TME_YCFG_LOW @ 0x205b84004
CHIP::ISP::AHFD_CORE.TME_YCFG_HIGH @ 0x205b84008
CHIP::ISP::AHFD_CORE.TME_SFSM_SCL @ 0x205b8400c
CHIP::ISP::AHFD_CORE.TME_YMNCFG @ 0x205b84010
CHIP::ISP::AHFD_CORE.TME_EN @ 0x205b84014
CHIP::ISP::AHFD_CORE.TME_STP @ 0x205b84018
CHIP::ISP::AHFD_CORE.TME_CSCD_NF @ 0x205b8401c
CHIP::ISP::AHFD_CORE.TME_CSCD_FO @ 0x205b84020
CHIP::ISP::AHFD_CORE.TME_IMG_CFG @ 0x205b84024
CHIP::ISP::AHFD_CORE.TME_US_S1C0 @ 0x205b84028
CHIP::ISP::AHFD_CORE.TME_US_S1C1 @ 0x205b8402c
CHIP::ISP::AHFD_CORE.TME_US_S2C0 @ 0x205b84030
CHIP::ISP::AHFD_CORE.TME_US_S2C1 @ 0x205b84034
CHIP::ISP::AHFD_CORE.TME_US_S3C0 @ 0x205b84038
CHIP::ISP::AHFD_CORE.TME_US_S3C1 @ 0x205b8403c
CHIP::ISP::AHFD_CORE.TME_US_S4C0 @ 0x205b84040
CHIP::ISP::AHFD_CORE.TME_US_S4C1 @ 0x205b84044
CHIP::ISP::AHFD_CORE.TME_BCFG0 @ 0x205b84048
CHIP::ISP::AHFD_CORE.TME_BCFG1 @ 0x205b8404c
CHIP::ISP::AHFD_CORE.TME_BCFG2 @ 0x205b84050
CHIP::ISP::AHFD_CORE.TME_BCFG3 @ 0x205b84054
CHIP::ISP::AHFD_CORE.TME_BCFG4 @ 0x205b84058
CHIP::ISP::AHFD_CORE.TME_THRCFG0 @ 0x205b8405c
CHIP::ISP::AHFD_CORE.TME_THRCFG1 @ 0x205b84060
CHIP::ISP::AHFD_CORE.TME_THRCFG2 @ 0x205b84064
CHIP::ISP::AHFD_CORE.TME_THRCFG3 @ 0x205b84068
CHIP::ISP::AHFD_CORE.TME_THRCFG4 @ 0x205b8406c
CHIP::ISP::AHFD_CORE.TME_THRCFG5 @ 0x205b84070
CHIP::ISP::AHFD_CORE.TME_THRCFG6 @ 0x205b84074
CHIP::ISP::AHFD_CORE.TME_THRCFG7 @ 0x205b84078
CHIP::ISP::AHFD_CORE.TME_THRCFG8 @ 0x205b8407c
CHIP::ISP::AHFD_CORE.TME_THRCFG9 @ 0x205b84080
CHIP::ISP::AHFD_CORE.TME_THRCFG10 @ 0x205b84084
CHIP::ISP::AHFD_CORE.TME_THRCFG11 @ 0x205b84088
CHIP::ISP::AHFD_CORE.TME_THRCFG12 @ 0x205b8408c
CHIP::ISP::AHFD_CORE.TME_THRCFG13 @ 0x205b84090
CHIP::ISP::AHFD_CORE.TME_THRCFG14 @ 0x205b84094
CHIP::ISP::AHFD_CORE.TME_THRCFG15 @ 0x205b84098
CHIP::ISP::AHFD_CORE.TME_CMD0 @ 0x205b8409c
CHIP::ISP::AHFD_CORE.TME_CMD1 @ 0x205b840a0
CHIP::ISP::AHFD_CORE.TME_CMD2 @ 0x205b840a4
CHIP::ISP::AHFD_CORE.TME_CMD3 @ 0x205b840a8
CHIP::ISP::AHFD_CORE.TME_CMD4 @ 0x205b840ac
CHIP::ISP::AHFD_CORE.TME_CMD5 @ 0x205b840b0
CHIP::ISP::AHFD_CORE.TME_CMD6 @ 0x205b840b4
CHIP::ISP::AHFD_CORE.TME_CMD7 @ 0x205b840b8
CHIP::ISP::AHFD_CORE.TME_CMD8 @ 0x205b840bc
CHIP::ISP::AHFD_CORE.TME_CMD9 @ 0x205b840c0
CHIP::ISP::AHFD_CORE.TME_CMD10 @ 0x205b840c4
CHIP::ISP::AHFD_CORE.TME_CMD11 @ 0x205b840c8
CHIP::ISP::AHFD_CORE.TME_CMD12 @ 0x205b840cc
CHIP::ISP::AHFD_CORE.TME_CMD13 @ 0x205b840d0
CHIP::ISP::AHFD_CORE.TME_CMD14 @ 0x205b840d4
CHIP::ISP::AHFD_CORE.TME_CMD15 @ 0x205b840d8
CHIP::ISP::AHFD_CORE.TME_NRMCFG0 @ 0x205b840dc
CHIP::ISP::AHFD_CORE.TME_NRMCFG1 @ 0x205b840e0
CHIP::ISP::AHFD_CORE.TME_NRMCFG2 @ 0x205b840e4
CHIP::ISP::AHFD_CORE.TME_NRMCFG3 @ 0x205b840e8
CHIP::ISP::AHFD_CORE.TME_MFN_TMM0 @ 0x205b840ec
CHIP::ISP::AHFD_CORE.TME_MFN_TMM1 @ 0x205b840f0
CHIP::ISP::AHFD_CORE.TME_MFN_TMM2 @ 0x205b840f4
CHIP::ISP::AHFD_CORE.TME_MFN_TMM3 @ 0x205b840f8
CHIP::ISP::AHFD_CORE.TME_TMM0_NDF @ 0x205b840fc
CHIP::ISP::AHFD_CORE.TME_TMM1_NDF @ 0x205b84100
CHIP::ISP::AHFD_CORE.TME_TMM2_NDF @ 0x205b84104
CHIP::ISP::AHFD_CORE.TME_TMM3_NDF @ 0x205b84108
CHIP::ISP::AHFD_CORE.TME_STATS @ 0x205b8410c
CHIP::ISP::AHFD_CORE.AHFD_DBCMD @ 0x205b84200
CHIP::ISP::AHFD_CORE.AHFD_GCMD @ 0x205b84204
CHIP::ISP::AHFD_CORE.AHFD_APB_BR @ 0x205b84208
CHIP::ISP::AHFD_CORE.AHFD_VRSN @ 0x205b8420c
CHIP::ISP::AHFD_CORE.AHFD_RDCTRL0 @ 0x205b84210
CHIP::ISP::AHFD_CORE.AHFD_RDCTRL1 @ 0x205b84214
CHIP::ISP::AHFD_CORE.AHFD_RDCTRL2 @ 0x205b84218
CHIP::ISP::AHFD_CORE.AHFD_RDCTRL3 @ 0x205b8421c
CHIP::ISP::AHFD_CORE.AHFD_Y_RD_BA @ 0x205b84220
CHIP::ISP::AHFD_CORE.AHFD_U_RD_BA @ 0x205b84224
CHIP::ISP::AHFD_CORE.AHFD_V_RD_BA @ 0x205b84228
CHIP::ISP::AHFD_CORE.PRE_FVAR @ 0x205b8422c
CHIP::ISP::AHFD_CORE.AHFD_ERR_STAT @ 0x205b84230
CHIP::ISP::AHFD_CORE.AHFD_BANK_STAT @ 0x205b84234
CHIP::ISP::AHFD_CORE.TME_LUT_0 @ 0x205b85000
CHIP::ISP::AHFD_CORE.TME_LUT_1 @ 0x205b85400
CHIP::ISP::AHFD_CORE.TME_LUT_2 @ 0x205b85500
CHIP::ISP::AHFD_CORE.TME_LUT_3 @ 0x205b86000
CHIP::ISP::AHFD_CORE.TME_LUT_4 @ 0x205b86400
CHIP::ISP::AHFD_CORE.TME_LUT_5 @ 0x205b87000
CHIP::ISP::AHFD_CORE.TME_LUT_6 @ 0x205b88000
CHIP::ISP::AHFD_CORE.AHFD_IN_FRMT_A @ 0x205b8c000
CHIP::ISP::AHFD_CORE.AHFD_PRE_IIS_A @ 0x205b8c004
CHIP::ISP::AHFD_CORE.AHFD_ISP_UV_PIX_ALIGN_A @ 0x205b8c008
CHIP::ISP::AHFD_CORE.AHFD_ISP_UV_LINE_ALIGN_A @ 0x205b8c00c
CHIP::ISP::AHFD_CORE.PRE_EN_A @ 0x205b8c100
CHIP::ISP::AHFD_CORE.PRE_HQDS_SZ_A @ 0x205b8c104
CHIP::ISP::AHFD_CORE.PRE_HQDS_OFF_A @ 0x205b8c108
CHIP::ISP::AHFD_CORE.PRE_HQDS_SCL_A @ 0x205b8c10c
CHIP::ISP::AHFD_CORE.PRE_DS_SZ_A @ 0x205b8c110
CHIP::ISP::AHFD_CORE.PRE_DS_OFF_A @ 0x205b8c114
CHIP::ISP::AHFD_CORE.PRE_DS_SCL_A @ 0x205b8c118
CHIP::ISP::AHFD_CORE.PRE_K_A @ 0x205b8c11c
CHIP::ISP::AHFD_CORE.PRE_HSTPN_A @ 0x205b8c120
CHIP::ISP::AHFD_CORE.PRE_II2SH_A @ 0x205b8c124
CHIP::ISP::AHFD_CORE.AVRG_EN_A @ 0x205b8c128
CHIP::ISP::AHFD_CORE.AVRG_SCL_A @ 0x205b8c12c
CHIP::ISP::AHFD_CORE.AVRG_CRP_PIX_A @ 0x205b8c130
CHIP::ISP::AHFD_CORE.AVRG_CRP_LINE_A @ 0x205b8c134
CHIP::ISP::AHFD_CORE.PRE_LUT_A @ 0x205b8c200
CHIP::ISP::AHFD_CORE.AHFD_IN_FRMT_B @ 0x205b8e000
CHIP::ISP::AHFD_CORE.AHFD_PRE_IIS_B @ 0x205b8e004
CHIP::ISP::AHFD_CORE.AHFD_ISP_UV_PIX_ALIGN_B @ 0x205b8e008
CHIP::ISP::AHFD_CORE.AHFD_ISP_UV_LINE_ALIGN_B @ 0x205b8e00c
CHIP::ISP::AHFD_CORE.PRE_EN_B @ 0x205b8e100
CHIP::ISP::AHFD_CORE.PRE_HQDS_SZ_B @ 0x205b8e104
CHIP::ISP::AHFD_CORE.PRE_HQDS_OFF_B @ 0x205b8e108
CHIP::ISP::AHFD_CORE.PRE_HQDS_SCL_B @ 0x205b8e10c
CHIP::ISP::AHFD_CORE.PRE_DS_SZ_B @ 0x205b8e110
CHIP::ISP::AHFD_CORE.PRE_DS_OFF_B @ 0x205b8e114
CHIP::ISP::AHFD_CORE.PRE_DS_SCL_B @ 0x205b8e118
CHIP::ISP::AHFD_CORE.PRE_K_B @ 0x205b8e11c
CHIP::ISP::AHFD_CORE.PRE_HSTPN_B @ 0x205b8e120
CHIP::ISP::AHFD_CORE.PRE_II2SH_B @ 0x205b8e124
CHIP::ISP::AHFD_CORE.AVRG_EN_B @ 0x205b8e128
CHIP::ISP::AHFD_CORE.AVRG_SCL_B @ 0x205b8e12c
CHIP::ISP::AHFD_CORE.AVRG_CRP_PIX_B @ 0x205b8e130
CHIP::ISP::AHFD_CORE.AVRG_CRP_LINE_B @ 0x205b8e134
CHIP::ISP::AHFD_CORE.PRE_LUT_B @ 0x205b8e200
CHIP::ISP::AHFD_WRAP.COMMON_WRQTHRESH @ 0x205b8f000
CHIP::ISP::AHFD_WRAP.COMMON_WRCONFIG @ 0x205b8f004
CHIP::ISP::AHFD_WRAP.COMMON_IRQEN @ 0x205b8f008
CHIP::ISP::AHFD_WRAP.COMMON_IRQ @ 0x205b8f00c
CHIP::ISP::AHFD_WRAP.COMMON_DEBUGINFO @ 0x205b8f010
CHIP::ISP::AHFD_WRAP.COMMON_SPARE @ 0x205b8f014
CHIP::ISP::AHFD_WRAP.PRE_MAP1_Y_WR_ADDR @ 0x205b8f100
CHIP::ISP::AHFD_WRAP.PRE_MAP1_CR_WR_ADDR @ 0x205b8f104
CHIP::ISP::AHFD_WRAP.PRE_MAP1_CB_WR_ADDR @ 0x205b8f108
CHIP::ISP::AHFD_WRAP.PRE_MAP2_WR_ADDR @ 0x205b8f10c
CHIP::ISP::AHFD_WRAP.PRE_MAP3_WR_ADDR @ 0x205b8f110
CHIP::ISP::AHFD_WRAP.PRE_MAP4_WR_ADDR @ 0x205b8f114
CHIP::ISP::AHFD_WRAP.PRE_MAP5_WR_ADDR @ 0x205b8f118
CHIP::ISP::AHFD_WRAP.PRE_MAP6_WR_ADDR @ 0x205b8f11c
CHIP::ISP::AHFD_WRAP.PRE_MAP7_WR_ADDR @ 0x205b8f120
CHIP::ISP::AHFD_WRAP.TME_MAP_WR_BASE_ADDR @ 0x205b8f200
CHIP::ISP::AHFD_WRAP.TME_MAP_WR_ADDR @ 0x205b8f204
CHIP::ISP::AHFD_WRAP.BKA_PRE_MAP1_Y_WR_BASE_ADDR @ 0x205b8f300
CHIP::ISP::AHFD_WRAP.BKA_PRE_MAP1_CR_WR_BASE_ADDR @ 0x205b8f304
CHIP::ISP::AHFD_WRAP.BKA_PRE_MAP1_CB_WR_BASE_ADDR @ 0x205b8f308
CHIP::ISP::AHFD_WRAP.BKA_PRE_MAP1_Y_WR_STRIDE @ 0x205b8f30c
CHIP::ISP::AHFD_WRAP.BKA_PRE_MAP1_CR_WR_STRIDE @ 0x205b8f310
CHIP::ISP::AHFD_WRAP.BKA_PRE_MAP1_CB_WR_STRIDE @ 0x205b8f314
CHIP::ISP::AHFD_WRAP.BKA_PRE_MAP2_WR_BASE_ADDR @ 0x205b8f318
CHIP::ISP::AHFD_WRAP.BKA_PRE_MAP3_WR_BASE_ADDR @ 0x205b8f31c
CHIP::ISP::AHFD_WRAP.BKA_PRE_MAP4_WR_BASE_ADDR @ 0x205b8f320
CHIP::ISP::AHFD_WRAP.BKA_PRE_MAP5_WR_BASE_ADDR @ 0x205b8f324
CHIP::ISP::AHFD_WRAP.BKA_PRE_MAP6_WR_BASE_ADDR @ 0x205b8f328
CHIP::ISP::AHFD_WRAP.BKA_PRE_MAP7_WR_BASE_ADDR @ 0x205b8f32c
CHIP::ISP::AHFD_WRAP.BKB_PRE_MAP1_Y_WR_BASE_ADDR @ 0x205b8f400
CHIP::ISP::AHFD_WRAP.BKB_PRE_MAP1_CR_WR_BASE_ADDR @ 0x205b8f404
CHIP::ISP::AHFD_WRAP.BKB_PRE_MAP1_CB_WR_BASE_ADDR @ 0x205b8f408
CHIP::ISP::AHFD_WRAP.BKB_PRE_MAP1_Y_WR_STRIDE @ 0x205b8f40c
CHIP::ISP::AHFD_WRAP.BKB_PRE_MAP1_CR_WR_STRIDE @ 0x205b8f410
CHIP::ISP::AHFD_WRAP.BKB_PRE_MAP1_CB_WR_STRIDE @ 0x205b8f414
CHIP::ISP::AHFD_WRAP.BKB_PRE_MAP2_WR_BASE_ADDR @ 0x205b8f418
CHIP::ISP::AHFD_WRAP.BKB_PRE_MAP3_WR_BASE_ADDR @ 0x205b8f41c
CHIP::ISP::AHFD_WRAP.BKB_PRE_MAP4_WR_BASE_ADDR @ 0x205b8f420
CHIP::ISP::AHFD_WRAP.BKB_PRE_MAP5_WR_BASE_ADDR @ 0x205b8f424
CHIP::ISP::AHFD_WRAP.BKB_PRE_MAP6_WR_BASE_ADDR @ 0x205b8f428
CHIP::ISP::AHFD_WRAP.BKB_PRE_MAP7_WR_BASE_ADDR @ 0x205b8f42c
CHIP::ISP::SISP_PL301.QOSTIDEMI_0 @ 0x205b90400
CHIP::ISP::SISP_PL301.QOSACMI_0 @ 0x205b90404
CHIP::ISP::SISP_PL301.ARCHANARBMI_0 @ 0x205b90408
CHIP::ISP::SISP_PL301.AWCHANARBMI_0 @ 0x205b9040c
CHIP::ISP::SISP_PL301.QOSTIDEMI_1 @ 0x205b90420
CHIP::ISP::SISP_PL301.QOSACMI_1 @ 0x205b90424
CHIP::ISP::SISP_PL301.ARCHANARBMI_1 @ 0x205b90428
CHIP::ISP::SISP_PL301.AWCHANARBMI_1 @ 0x205b9042c
CHIP::ISP::SISP_PL301.QOSTIDEMI_2 @ 0x205b90440
CHIP::ISP::SISP_PL301.QOSACMI_2 @ 0x205b90444
CHIP::ISP::SISP_PL301.ARCHANARBMI_2 @ 0x205b90448
CHIP::ISP::SISP_PL301.AWCHANARBMI_2 @ 0x205b9044c
CHIP::ISP::SISP_PL301.QOSTIDEMI_3 @ 0x205b90460
CHIP::ISP::SISP_PL301.QOSACMI_3 @ 0x205b90464
CHIP::ISP::SISP_PL301.ARCHANARBMI_3 @ 0x205b90468
CHIP::ISP::SISP_PL301.AWCHANARBMI_3 @ 0x205b9046c
CHIP::ISP::SISP_PL301.PCCONF0 @ 0x205b90fc0
CHIP::ISP::SISP_PL301.PCCONF1 @ 0x205b90fc4
CHIP::ISP::SISP_PL301.PCCONF2 @ 0x205b90fc8
CHIP::ISP::SISP_PL301.PCCONF3 @ 0x205b90fcc
CHIP::ISP::SISP_PL301.PCPERIPH0 @ 0x205b90fe0
CHIP::ISP::SISP_PL301.PCPERIPH1 @ 0x205b90fe4
CHIP::ISP::SISP_PL301.PCPERIPH2 @ 0x205b90fe8
CHIP::ISP::SISP_PL301.PCPERIPH3 @ 0x205b90fec
CHIP::ISP::SISP_PL301.PCID0 @ 0x205b90ff0
CHIP::ISP::SISP_PL301.PCID1 @ 0x205b90ff4
CHIP::ISP::SISP_PL301.PCID2 @ 0x205b90ff8
CHIP::ISP::SISP_PL301.PCID3 @ 0x205b90ffc
CHIP::ISP::MIPICSI2_HOSTCNTRL[0].VERSION @ 0x205b94000
CHIP::ISP::MIPICSI2_HOSTCNTRL[0].N_LANES @ 0x205b94004
CHIP::ISP::MIPICSI2_HOSTCNTRL[0].PHY_SHUTDOWNZ @ 0x205b94008
CHIP::ISP::MIPICSI2_HOSTCNTRL[0].DPHY_RSTZ @ 0x205b9400c
CHIP::ISP::MIPICSI2_HOSTCNTRL[0].CSI2_RESETN @ 0x205b94010
CHIP::ISP::MIPICSI2_HOSTCNTRL[0].PHY_STATE @ 0x205b94014
CHIP::ISP::MIPICSI2_HOSTCNTRL[0].DATA_IDS_1 @ 0x205b94018
CHIP::ISP::MIPICSI2_HOSTCNTRL[0].DATA_IDS_2 @ 0x205b9401c
CHIP::ISP::MIPICSI2_HOSTCNTRL[0].ERR1 @ 0x205b94020
CHIP::ISP::MIPICSI2_HOSTCNTRL[0].ERR2 @ 0x205b94024
CHIP::ISP::MIPICSI2_HOSTCNTRL[0].MSK1 @ 0x205b94028
CHIP::ISP::MIPICSI2_HOSTCNTRL[0].MSK2 @ 0x205b9402c
CHIP::ISP::MIPICSI2_HOSTCNTRL[0].PHY_TEST_CTRL_0 @ 0x205b94030
CHIP::ISP::MIPICSI2_HOSTCNTRL[0].PHY_TEST_CTRL_1 @ 0x205b94034
CHIP::ISP::MIPICSI2_HOSTCNTRL[1].VERSION @ 0x205b96000
CHIP::ISP::MIPICSI2_HOSTCNTRL[1].N_LANES @ 0x205b96004
CHIP::ISP::MIPICSI2_HOSTCNTRL[1].PHY_SHUTDOWNZ @ 0x205b96008
CHIP::ISP::MIPICSI2_HOSTCNTRL[1].DPHY_RSTZ @ 0x205b9600c
CHIP::ISP::MIPICSI2_HOSTCNTRL[1].CSI2_RESETN @ 0x205b96010
CHIP::ISP::MIPICSI2_HOSTCNTRL[1].PHY_STATE @ 0x205b96014
CHIP::ISP::MIPICSI2_HOSTCNTRL[1].DATA_IDS_1 @ 0x205b96018
CHIP::ISP::MIPICSI2_HOSTCNTRL[1].DATA_IDS_2 @ 0x205b9601c
CHIP::ISP::MIPICSI2_HOSTCNTRL[1].ERR1 @ 0x205b96020
CHIP::ISP::MIPICSI2_HOSTCNTRL[1].ERR2 @ 0x205b96024
CHIP::ISP::MIPICSI2_HOSTCNTRL[1].MSK1 @ 0x205b96028
CHIP::ISP::MIPICSI2_HOSTCNTRL[1].MSK2 @ 0x205b9602c
CHIP::ISP::MIPICSI2_HOSTCNTRL[1].PHY_TEST_CTRL_0 @ 0x205b96030
CHIP::ISP::MIPICSI2_HOSTCNTRL[1].PHY_TEST_CTRL_1 @ 0x205b96034
CHIP::ISP::MIPICSI2ISP[0].ENABLE @ 0x205b98000
CHIP::ISP::MIPICSI2ISP[0].LANE_SWIZZLE_CTL @ 0x205b98004
CHIP::ISP::MIPICSI2ISP[0].VCMASK @ 0x205b98008
CHIP::ISP::MIPICSI2ISP[0].IRQRR @ 0x205b9800c
CHIP::ISP::MIPICSI2ISP[0].IRQER @ 0x205b98010
CHIP::ISP::MIPICSI2ISP[0].IRQSR @ 0x205b98014
CHIP::ISP::MIPICSI2ISP[0].IRQCR @ 0x205b98018
CHIP::ISP::MIPICSI2ISP[0].ERRSTATUS @ 0x205b9801c
CHIP::ISP::MIPICSI2ISP[0].ERRSTATUSMASK @ 0x205b98020
CHIP::ISP::MIPICSI2ISP[0].PIXFORMAT @ 0x205b98024
CHIP::ISP::MIPICSI2ISP[0].SWAPCONFIG @ 0x205b98028
CHIP::ISP::MIPICSI2ISP[0].FRAMESIZE @ 0x205b9802c
CHIP::ISP::MIPICSI2ISP[0].LINENUMIN @ 0x205b98030
CHIP::ISP::MIPICSI2ISP[0].LINENUMOUT @ 0x205b98034
CHIP::ISP::MIPICSI2ISP[0].HDRSIZE @ 0x205b98038
CHIP::ISP::MIPICSI2ISP[0].NONIMGOVFLOWDISABLE @ 0x205b9803c
CHIP::ISP::MIPICSI2ISP[0].DMAENABLE @ 0x205b98040
CHIP::ISP::MIPICSI2ISP[0].NEXTADDR @ 0x205b98044
CHIP::ISP::MIPICSI2ISP[0].CURADDR @ 0x205b98048
CHIP::ISP::MIPICSI2ISP[0].AWCACHE @ 0x205b9804c
CHIP::ISP::MIPICSI2ISP[0].THRESHOLD @ 0x205b98050
CHIP::ISP::MIPICSI2ISP[0].DMACOMPCOUNT @ 0x205b98054
CHIP::ISP::MIPICSI2ISP[0].TIMINGSYNC1 @ 0x205b98058
CHIP::ISP::MIPICSI2ISP[0].TIMINGSYNC2 @ 0x205b9805c
CHIP::ISP::MIPICSI2ISP[0].TIMINGSYNC3 @ 0x205b98060
CHIP::ISP::MIPICSI2ISP[0].SPARE @ 0x205b98064
CHIP::ISP::MIPICSI2ISP[0].CSIS_NONIMG @ 0x205b98400
CHIP::ISP::MIPICSI2ISP[1].ENABLE @ 0x205b9c000
CHIP::ISP::MIPICSI2ISP[1].LANE_SWIZZLE_CTL @ 0x205b9c004
CHIP::ISP::MIPICSI2ISP[1].VCMASK @ 0x205b9c008
CHIP::ISP::MIPICSI2ISP[1].IRQRR @ 0x205b9c00c
CHIP::ISP::MIPICSI2ISP[1].IRQER @ 0x205b9c010
CHIP::ISP::MIPICSI2ISP[1].IRQSR @ 0x205b9c014
CHIP::ISP::MIPICSI2ISP[1].IRQCR @ 0x205b9c018
CHIP::ISP::MIPICSI2ISP[1].ERRSTATUS @ 0x205b9c01c
CHIP::ISP::MIPICSI2ISP[1].ERRSTATUSMASK @ 0x205b9c020
CHIP::ISP::MIPICSI2ISP[1].PIXFORMAT @ 0x205b9c024
CHIP::ISP::MIPICSI2ISP[1].SWAPCONFIG @ 0x205b9c028
CHIP::ISP::MIPICSI2ISP[1].FRAMESIZE @ 0x205b9c02c
CHIP::ISP::MIPICSI2ISP[1].LINENUMIN @ 0x205b9c030
CHIP::ISP::MIPICSI2ISP[1].LINENUMOUT @ 0x205b9c034
CHIP::ISP::MIPICSI2ISP[1].HDRSIZE @ 0x205b9c038
CHIP::ISP::MIPICSI2ISP[1].NONIMGOVFLOWDISABLE @ 0x205b9c03c
CHIP::ISP::MIPICSI2ISP[1].DMAENABLE @ 0x205b9c040
CHIP::ISP::MIPICSI2ISP[1].NEXTADDR @ 0x205b9c044
CHIP::ISP::MIPICSI2ISP[1].CURADDR @ 0x205b9c048
CHIP::ISP::MIPICSI2ISP[1].AWCACHE @ 0x205b9c04c
CHIP::ISP::MIPICSI2ISP[1].THRESHOLD @ 0x205b9c050
CHIP::ISP::MIPICSI2ISP[1].DMACOMPCOUNT @ 0x205b9c054
CHIP::ISP::MIPICSI2ISP[1].TIMINGSYNC1 @ 0x205b9c058
CHIP::ISP::MIPICSI2ISP[1].TIMINGSYNC2 @ 0x205b9c05c
CHIP::ISP::MIPICSI2ISP[1].TIMINGSYNC3 @ 0x205b9c060
CHIP::ISP::MIPICSI2ISP[1].SPARE @ 0x205b9c064
CHIP::ISP::MIPICSI2ISP[1].CSIS_NONIMG @ 0x205b9c400
CHIP::ISP::AISP.ISPCONFIG_ISPVERSION @ 0x205ba0000
CHIP::ISP::AISP.ISPCONFIG_ISPBUILDNUMBER @ 0x205ba0004
CHIP::ISP::AISP.ISPCONFIG_ISPPIPEIRQEN @ 0x205ba0008
CHIP::ISP::AISP.ISPCONFIG_ISPPIPEIRQ @ 0x205ba000c
CHIP::ISP::AISP.ISPCONFIG_SRCDONEIRQEN @ 0x205ba0010
CHIP::ISP::AISP.ISPCONFIG_SRCDONEIRQ @ 0x205ba0014
CHIP::ISP::AISP.ISPCONFIG_ISPSMMUCONFIG @ 0x205ba0018
CHIP::ISP::AISP.ISPCONFIG_AXIRERROR @ 0x205ba001c
CHIP::ISP::AISP.ISPCONFIG_AXIWERROR @ 0x205ba0020
CHIP::ISP::AISP.ISPCONFIG_AXIWERROR2 @ 0x205ba0024
CHIP::ISP::AISP.ISPCONFIG_TIMERCONFIG @ 0x205ba0028
CHIP::ISP::AISP.ISPCONFIG_TIMECODELO @ 0x205ba002c
CHIP::ISP::AISP.ISPCONFIG_TIMECODEHI @ 0x205ba0030
CHIP::ISP::AISP.ISPCONFIG_SOURCEGO @ 0x205ba0034
CHIP::ISP::AISP.ISPCONFIG_SOURCECURR @ 0x205ba0058
CHIP::ISP::AISP.ISPCONFIG_DEST @ 0x205ba007c
CHIP::ISP::AISP.ISPCONFIG_SIF0IRQEN @ 0x205ba0100
CHIP::ISP::AISP.ISPCONFIG_SIF0IRQ @ 0x205ba0104
CHIP::ISP::AISP.ISPCONFIG_SIF0IRQLINE @ 0x205ba0108
CHIP::ISP::AISP.ISPCONFIG_SIF0IRQLINEDMA @ 0x205ba010c
CHIP::ISP::AISP.ISPCONFIG_STATS0WINDOWIRQEN @ 0x205ba0110
CHIP::ISP::AISP.ISPCONFIG_STATS0DMAIRQEN @ 0x205ba0114
CHIP::ISP::AISP.ISPCONFIG_STATS0WINDOWIRQ @ 0x205ba0118
CHIP::ISP::AISP.ISPCONFIG_STATS0DMAIRQ @ 0x205ba011c
CHIP::ISP::AISP.ISPCONFIG_STATS0IRQCONFIG @ 0x205ba0120
CHIP::ISP::AISP.ISPCONFIG_STATS0LISIRQCONFIG @ 0x205ba0124
CHIP::ISP::AISP.ISPCONFIG_CLRPROCHITHIRQCONFIG @ 0x205ba0128
CHIP::ISP::AISP.ISPCONFIG_CLRPROCHITHDMAIRQEN @ 0x205ba012c
CHIP::ISP::AISP.ISPCONFIG_CLRPROCHITHDMAIRQ @ 0x205ba0130
CHIP::ISP::AISP.ISPCONFIG_STATS0AFTILEIRQCONFIG @ 0x205ba0134
CHIP::ISP::AISP.ISPCONFIG_STATS0FPNSDMALOMARKWRITES @ 0x205ba0138
CHIP::ISP::AISP.ISPCONFIG_STATS0FPNSDMAHIMARKWRITES @ 0x205ba013c
CHIP::ISP::AISP.ISPCONFIG_SIF1IRQEN @ 0x205ba0200
CHIP::ISP::AISP.ISPCONFIG_SIF1IRQ @ 0x205ba0204
CHIP::ISP::AISP.ISPCONFIG_SIF1IRQLINE @ 0x205ba0208
CHIP::ISP::AISP.ISPCONFIG_SIF1IRQLINEDMA @ 0x205ba020c
CHIP::ISP::AISP.ISPCONFIG_STATS1WINDOWIRQEN @ 0x205ba0210
CHIP::ISP::AISP.ISPCONFIG_STATS1DMAIRQEN @ 0x205ba0214
CHIP::ISP::AISP.ISPCONFIG_STATS1WINDOWIRQ @ 0x205ba0218
CHIP::ISP::AISP.ISPCONFIG_STATS1DMAIRQ @ 0x205ba021c
CHIP::ISP::AISP.ISPCONFIG_STATS1IRQCONFIG @ 0x205ba0220
CHIP::ISP::AISP.ISPCONFIG_STATS1LISIRQCONFIG @ 0x205ba0224
CHIP::ISP::AISP.ISPCONFIG_STATS1AFTILEIRQCONFIG @ 0x205ba0228
CHIP::ISP::AISP.ISPCONFIG_STATS1FPNSDMALOMARKWRITES @ 0x205ba022c
CHIP::ISP::AISP.ISPCONFIG_STATS1FPNSDMAHIMARKWRITES @ 0x205ba0230
CHIP::ISP::AISP.ISPCONFIG_DISAHBTIMEOUT @ 0x205ba0234
CHIP::ISP::AISP.ISPCONFIG_DMASTALLCNTCNTL @ 0x205ba0238
CHIP::ISP::AISP.ISPCONFIG_RDDMASTALLCNT @ 0x205ba023c
CHIP::ISP::AISP.ISPCONFIG_WRDMASTALLCNT @ 0x205ba0240
CHIP::ISP::AISP.ISPPIPESIF0_CONFIG @ 0x205ba0800
CHIP::ISP::AISP.ISPPIPESIF0_QCONFIG @ 0x205ba0804
CHIP::ISP::AISP.ISPPIPESIF0_QTHRESH @ 0x205ba0808
CHIP::ISP::AISP.ISPPIPESIF0_SENSORFMT @ 0x205ba080c
CHIP::ISP::AISP.ISPPIPESIF0_SIZE @ 0x205ba0810
CHIP::ISP::AISP.ISPPIPESIF0_REGIONSTARTXY @ 0x205ba0814
CHIP::ISP::AISP.ISPPIPESIF0_REGIONENDXY @ 0x205ba0818
CHIP::ISP::AISP.ISPPIPESIF0_BINCONFIG @ 0x205ba081c
CHIP::ISP::AISP.ISPPIPESIF0_SUBSAMPCONFIG @ 0x205ba0820
CHIP::ISP::AISP.ISPPIPESIF0_SUBSAMPOUTOFFSETXY @ 0x205ba0824
CHIP::ISP::AISP.ISPPIPESIF0_SUBSAMPOUTSIZE @ 0x205ba0828
CHIP::ISP::AISP.ISPPIPESIF0_PIXELOFFSETSCALE @ 0x205ba082c
CHIP::ISP::AISP.ISPPIPESIF0_STATSPIXELOFFSETSCALE @ 0x205ba0830
CHIP::ISP::AISP.ISPPIPESIF0_VISPIXELOFFSETSCALE @ 0x205ba0834
CHIP::ISP::AISP.ISPPIPESIF0_POSITION @ 0x205ba0838
CHIP::ISP::AISP.ISPPIPESIF0_TIMECODELO @ 0x205ba083c
CHIP::ISP::AISP.ISPPIPESIF0_TIMECODEHI @ 0x205ba0840
CHIP::ISP::AISP.ISPPIPESIF0_COUNTVSYNC @ 0x205ba0844
CHIP::ISP::AISP.ISPPIPESIF0_PDPCONFIG @ 0x205ba0848
CHIP::ISP::AISP.ISPPIPESIF0_PDPGROUPSTART @ 0x205ba0858
CHIP::ISP::AISP.ISPPIPESIF0_PDPGROUPINTERVAL @ 0x205ba0868
CHIP::ISP::AISP.ISPPIPESIF0_PDPNUMGROUPS @ 0x205ba0878
CHIP::ISP::AISP.ISPPIPESIF0_PDPNORMALSTART @ 0x205ba0888
CHIP::ISP::AISP.ISPPIPESIF0_PDPNORMALINTERVAL @ 0x205ba0898
CHIP::ISP::AISP.ISPPIPESIF0_PDPOFFSETIN @ 0x205ba08a8
CHIP::ISP::AISP.ISPPIPESIF0_PDPOFFSETOUT @ 0x205ba08ac
CHIP::ISP::AISP.ISPPIPESIF0_PDPCLIPMIN @ 0x205ba08b0
CHIP::ISP::AISP.ISPPIPESIF0_PDPCLIPMAX @ 0x205ba08b4
CHIP::ISP::AISP.ISPPIPESIF0_PDPGAININTERVAL @ 0x205ba08b8
CHIP::ISP::AISP.ISPPIPESIF0_PDPGAININTRECIP @ 0x205ba08bc
CHIP::ISP::AISP.ISPPIPESIF0_PDPGAINMEMCONFIG @ 0x205ba08c0
CHIP::ISP::AISP.ISPPIPESIF0_PDPGAINMEMVALUE @ 0x205ba08c4
CHIP::ISP::AISP.ISPPIPESIF0_PDPGAINGRIDOFFSETX @ 0x205ba08c8
CHIP::ISP::AISP.ISPPIPESIF0_PDPGAINGRIDOFFSETY @ 0x205ba08cc
CHIP::ISP::AISP.ISPPIPESIF0_PDPDMAWRITES @ 0x205ba08d0
CHIP::ISP::AISP.ISPPIPESIF0_SIFQCNTMAX @ 0x205ba08d4
CHIP::ISP::AISP.ISPPIPESIF0_SIFQCNTHISTOGRAMBIN @ 0x205ba08d8
CHIP::ISP::AISP.ISPPIPESIFDMADSTLUMA0_DMACONFIG @ 0x205ba0900
CHIP::ISP::AISP.ISPPIPESIFDMADSTLUMA0_DMABFRCONFIG @ 0x205ba0904
CHIP::ISP::AISP.ISPPIPESIFDMADSTLUMA0_DMASTTCONFIG @ 0x205ba0908
CHIP::ISP::AISP.ISPPIPESIFDMADSTLUMA0_PADCONFIG @ 0x205ba090c
CHIP::ISP::AISP.ISPPIPESIFDMADSTLUMA0_FMT @ 0x205ba0910
CHIP::ISP::AISP.ISPPIPESIFDMADSTLUMA0_BASEADDR @ 0x205ba0914
CHIP::ISP::AISP.ISPPIPESIFDMADSTLUMA0_STRIDE @ 0x205ba0918
CHIP::ISP::AISP.ISPPIPESIFDMADSTLUMA0_OFFSET @ 0x205ba091c
CHIP::ISP::AISP.ISPPIPESIFDMADSTLUMA0_SIZE @ 0x205ba0920
CHIP::ISP::AISP.ISPPIPESIFDMADSTLUMA0_PIXELOFFSETSCALE @ 0x205ba0924
CHIP::ISP::AISP.ISPPIPESIFDMADSTLUMA0_REGIONSTARTXY @ 0x205ba0928
CHIP::ISP::AISP.ISPPIPESIFDMADSTLUMA0_REGIONENDXY @ 0x205ba092c
CHIP::ISP::AISP.ISPPIPESIFDMADSTCHROMA0_DMACONFIG @ 0x205ba0930
CHIP::ISP::AISP.ISPPIPESIFDMADSTCHROMA0_DMABFRCONFIG @ 0x205ba0934
CHIP::ISP::AISP.ISPPIPESIFDMADSTCHROMA0_DMASTTCONFIG @ 0x205ba0938
CHIP::ISP::AISP.ISPPIPESIFDMADSTCHROMA0_PADCONFIG @ 0x205ba093c
CHIP::ISP::AISP.ISPPIPESIFDMADSTCHROMA0_FMT @ 0x205ba0940
CHIP::ISP::AISP.ISPPIPESIFDMADSTCHROMA0_BASEADDR @ 0x205ba0944
CHIP::ISP::AISP.ISPPIPESIFDMADSTCHROMA0_STRIDE @ 0x205ba0948
CHIP::ISP::AISP.ISPPIPESIFDMADSTCHROMA0_OFFSET @ 0x205ba094c
CHIP::ISP::AISP.ISPPIPESIFDMADSTCHROMA0_SIZE @ 0x205ba0950
CHIP::ISP::AISP.ISPPIPESIFDMADSTCHROMA0_PIXELOFFSETSCALE @ 0x205ba0954
CHIP::ISP::AISP.ISPPIPESIFDMADSTCHROMA0_REGIONSTARTXY @ 0x205ba0958
CHIP::ISP::AISP.ISPPIPESIFDMADSTCHROMA0_REGIONENDXY @ 0x205ba095c
CHIP::ISP::AISP.ISPPIPESIFSKIPDMADST0_DMACONFIG @ 0x205ba0960
CHIP::ISP::AISP.ISPPIPESIFSKIPDMADST0_DMABFRCONFIG @ 0x205ba0964
CHIP::ISP::AISP.ISPPIPESIFSKIPDMADST0_DMASTTCONFIG @ 0x205ba0968
CHIP::ISP::AISP.ISPPIPESIFSKIPDMADST0_PADCONFIG @ 0x205ba096c
CHIP::ISP::AISP.ISPPIPESIFSKIPDMADST0_FMT @ 0x205ba0970
CHIP::ISP::AISP.ISPPIPESIFSKIPDMADST0_BASEADDR @ 0x205ba0974
CHIP::ISP::AISP.ISPPIPESIFSKIPDMADST0_STRIDE @ 0x205ba0978
CHIP::ISP::AISP.ISPPIPESIFSKIPDMADST0_OFFSET @ 0x205ba097c
CHIP::ISP::AISP.ISPPIPESIFSKIPDMADST0_SIZE @ 0x205ba0980
CHIP::ISP::AISP.ISPPIPESIFSKIPDMADST0_PIXELOFFSETSCALE @ 0x205ba0984
CHIP::ISP::AISP.ISPPIPESIFSKIPDMADST0_REGIONSTARTXY @ 0x205ba0988
CHIP::ISP::AISP.ISPPIPESIFSKIPDMADST0_REGIONENDXY @ 0x205ba098c
CHIP::ISP::AISP.ISPPIPESIFPDPDMA0_DMACONFIG @ 0x205ba0990
CHIP::ISP::AISP.ISPPIPESIFPDPDMA0_DMABFRCONFIG @ 0x205ba0994
CHIP::ISP::AISP.ISPPIPESIFPDPDMA0_DMASTTCONFIG @ 0x205ba0998
CHIP::ISP::AISP.ISPPIPESIFPDPDMA0_DMASWAPCONFIG @ 0x205ba099c
CHIP::ISP::AISP.ISPPIPESIFPDPDMA0_DMABASEADDR @ 0x205ba09a0
CHIP::ISP::AISP.ISPPIPESIFDMASRC0_DMACONFIG @ 0x205ba09a8
CHIP::ISP::AISP.ISPPIPESIFDMASRC0_DMABFRCONFIG @ 0x205ba09ac
CHIP::ISP::AISP.ISPPIPESIFDMASRC0_DMASTTCONFIG @ 0x205ba09b0
CHIP::ISP::AISP.ISPPIPESIFDMASRC0_FMT @ 0x205ba09b4
CHIP::ISP::AISP.ISPPIPESIFDMASRC0_BASEADDR @ 0x205ba09b8
CHIP::ISP::AISP.ISPPIPESIFDMASRC0_STRIDE @ 0x205ba09bc
CHIP::ISP::AISP.ISPPIPESIFDMASRC0_OFFSET @ 0x205ba09c0
CHIP::ISP::AISP.ISPPIPESIFDMASRC0_SIZE @ 0x205ba09c4
CHIP::ISP::AISP.ISPPIPESIFDMASRC0_PIXELOFFSETSCALE @ 0x205ba09c8
CHIP::ISP::AISP.ISPPIPESIF1_CONFIG @ 0x205ba09d0
CHIP::ISP::AISP.ISPPIPESIF1_QCONFIG @ 0x205ba09d4
CHIP::ISP::AISP.ISPPIPESIF1_QTHRESH @ 0x205ba09d8
CHIP::ISP::AISP.ISPPIPESIF1_SENSORFMT @ 0x205ba09dc
CHIP::ISP::AISP.ISPPIPESIF1_SIZE @ 0x205ba09e0
CHIP::ISP::AISP.ISPPIPESIF1_REGIONSTARTXY @ 0x205ba09e4
CHIP::ISP::AISP.ISPPIPESIF1_REGIONENDXY @ 0x205ba09e8
CHIP::ISP::AISP.ISPPIPESIF1_BINCONFIG @ 0x205ba09ec
CHIP::ISP::AISP.ISPPIPESIF1_SUBSAMPCONFIG @ 0x205ba09f0
CHIP::ISP::AISP.ISPPIPESIF1_SUBSAMPOUTOFFSETXY @ 0x205ba09f4
CHIP::ISP::AISP.ISPPIPESIF1_SUBSAMPOUTSIZE @ 0x205ba09f8
CHIP::ISP::AISP.ISPPIPESIF1_PIXELOFFSETSCALE @ 0x205ba09fc
CHIP::ISP::AISP.ISPPIPESIF1_STATSPIXELOFFSETSCALE @ 0x205ba0a00
CHIP::ISP::AISP.ISPPIPESIF1_VISPIXELOFFSETSCALE @ 0x205ba0a04
CHIP::ISP::AISP.ISPPIPESIF1_POSITION @ 0x205ba0a08
CHIP::ISP::AISP.ISPPIPESIF1_TIMECODELO @ 0x205ba0a0c
CHIP::ISP::AISP.ISPPIPESIF1_TIMECODEHI @ 0x205ba0a10
CHIP::ISP::AISP.ISPPIPESIF1_COUNTVSYNC @ 0x205ba0a14
CHIP::ISP::AISP.ISPPIPESIF1_PDPCONFIG @ 0x205ba0a18
CHIP::ISP::AISP.ISPPIPESIF1_PDPGROUPSTART @ 0x205ba0a28
CHIP::ISP::AISP.ISPPIPESIF1_PDPGROUPINTERVAL @ 0x205ba0a38
CHIP::ISP::AISP.ISPPIPESIF1_PDPNUMGROUPS @ 0x205ba0a48
CHIP::ISP::AISP.ISPPIPESIF1_PDPNORMALSTART @ 0x205ba0a58
CHIP::ISP::AISP.ISPPIPESIF1_PDPNORMALINTERVAL @ 0x205ba0a68
CHIP::ISP::AISP.ISPPIPESIF1_PDPOFFSETIN @ 0x205ba0a78
CHIP::ISP::AISP.ISPPIPESIF1_PDPOFFSETOUT @ 0x205ba0a7c
CHIP::ISP::AISP.ISPPIPESIF1_PDPCLIPMIN @ 0x205ba0a80
CHIP::ISP::AISP.ISPPIPESIF1_PDPCLIPMAX @ 0x205ba0a84
CHIP::ISP::AISP.ISPPIPESIF1_PDPGAININTERVAL @ 0x205ba0a88
CHIP::ISP::AISP.ISPPIPESIF1_PDPGAININTRECIP @ 0x205ba0a8c
CHIP::ISP::AISP.ISPPIPESIF1_PDPGAINMEMCONFIG @ 0x205ba0a90
CHIP::ISP::AISP.ISPPIPESIF1_PDPGAINMEMVALUE @ 0x205ba0a94
CHIP::ISP::AISP.ISPPIPESIF1_PDPGAINGRIDOFFSETX @ 0x205ba0a98
CHIP::ISP::AISP.ISPPIPESIF1_PDPGAINGRIDOFFSETY @ 0x205ba0a9c
CHIP::ISP::AISP.ISPPIPESIF1_PDPDMAWRITES @ 0x205ba0aa0
CHIP::ISP::AISP.ISPPIPESIF1_SIFQCNTMAX @ 0x205ba0aa4
CHIP::ISP::AISP.ISPPIPESIF1_SIFQCNTHISTOGRAMBIN @ 0x205ba0aa8
CHIP::ISP::AISP.ISPPIPESIFDMADSTLUMA1_DMACONFIG @ 0x205ba0ad0
CHIP::ISP::AISP.ISPPIPESIFDMADSTLUMA1_DMABFRCONFIG @ 0x205ba0ad4
CHIP::ISP::AISP.ISPPIPESIFDMADSTLUMA1_DMASTTCONFIG @ 0x205ba0ad8
CHIP::ISP::AISP.ISPPIPESIFDMADSTLUMA1_PADCONFIG @ 0x205ba0adc
CHIP::ISP::AISP.ISPPIPESIFDMADSTLUMA1_FMT @ 0x205ba0ae0
CHIP::ISP::AISP.ISPPIPESIFDMADSTLUMA1_BASEADDR @ 0x205ba0ae4
CHIP::ISP::AISP.ISPPIPESIFDMADSTLUMA1_STRIDE @ 0x205ba0ae8
CHIP::ISP::AISP.ISPPIPESIFDMADSTLUMA1_OFFSET @ 0x205ba0aec
CHIP::ISP::AISP.ISPPIPESIFDMADSTLUMA1_SIZE @ 0x205ba0af0
CHIP::ISP::AISP.ISPPIPESIFDMADSTLUMA1_PIXELOFFSETSCALE @ 0x205ba0af4
CHIP::ISP::AISP.ISPPIPESIFDMADSTLUMA1_REGIONSTARTXY @ 0x205ba0af8
CHIP::ISP::AISP.ISPPIPESIFDMADSTLUMA1_REGIONENDXY @ 0x205ba0afc
CHIP::ISP::AISP.ISPPIPESIFDMADSTCHROMA1_DMACONFIG @ 0x205ba0b00
CHIP::ISP::AISP.ISPPIPESIFDMADSTCHROMA1_DMABFRCONFIG @ 0x205ba0b04
CHIP::ISP::AISP.ISPPIPESIFDMADSTCHROMA1_DMASTTCONFIG @ 0x205ba0b08
CHIP::ISP::AISP.ISPPIPESIFDMADSTCHROMA1_PADCONFIG @ 0x205ba0b0c
CHIP::ISP::AISP.ISPPIPESIFDMADSTCHROMA1_FMT @ 0x205ba0b10
CHIP::ISP::AISP.ISPPIPESIFDMADSTCHROMA1_BASEADDR @ 0x205ba0b14
CHIP::ISP::AISP.ISPPIPESIFDMADSTCHROMA1_STRIDE @ 0x205ba0b18
CHIP::ISP::AISP.ISPPIPESIFDMADSTCHROMA1_OFFSET @ 0x205ba0b1c
CHIP::ISP::AISP.ISPPIPESIFDMADSTCHROMA1_SIZE @ 0x205ba0b20
CHIP::ISP::AISP.ISPPIPESIFDMADSTCHROMA1_PIXELOFFSETSCALE @ 0x205ba0b24
CHIP::ISP::AISP.ISPPIPESIFDMADSTCHROMA1_REGIONSTARTXY @ 0x205ba0b28
CHIP::ISP::AISP.ISPPIPESIFDMADSTCHROMA1_REGIONENDXY @ 0x205ba0b2c
CHIP::ISP::AISP.ISPPIPESIFSKIPDMADST1_DMACONFIG @ 0x205ba0b30
CHIP::ISP::AISP.ISPPIPESIFSKIPDMADST1_DMABFRCONFIG @ 0x205ba0b34
CHIP::ISP::AISP.ISPPIPESIFSKIPDMADST1_DMASTTCONFIG @ 0x205ba0b38
CHIP::ISP::AISP.ISPPIPESIFSKIPDMADST1_PADCONFIG @ 0x205ba0b3c
CHIP::ISP::AISP.ISPPIPESIFSKIPDMADST1_FMT @ 0x205ba0b40
CHIP::ISP::AISP.ISPPIPESIFSKIPDMADST1_BASEADDR @ 0x205ba0b44
CHIP::ISP::AISP.ISPPIPESIFSKIPDMADST1_STRIDE @ 0x205ba0b48
CHIP::ISP::AISP.ISPPIPESIFSKIPDMADST1_OFFSET @ 0x205ba0b4c
CHIP::ISP::AISP.ISPPIPESIFSKIPDMADST1_SIZE @ 0x205ba0b50
CHIP::ISP::AISP.ISPPIPESIFSKIPDMADST1_PIXELOFFSETSCALE @ 0x205ba0b54
CHIP::ISP::AISP.ISPPIPESIFSKIPDMADST1_REGIONSTARTXY @ 0x205ba0b58
CHIP::ISP::AISP.ISPPIPESIFSKIPDMADST1_REGIONENDXY @ 0x205ba0b5c
CHIP::ISP::AISP.ISPPIPESIFPDPDMA1_DMACONFIG @ 0x205ba0b60
CHIP::ISP::AISP.ISPPIPESIFPDPDMA1_DMABFRCONFIG @ 0x205ba0b64
CHIP::ISP::AISP.ISPPIPESIFPDPDMA1_DMASTTCONFIG @ 0x205ba0b68
CHIP::ISP::AISP.ISPPIPESIFPDPDMA1_DMASWAPCONFIG @ 0x205ba0b6c
CHIP::ISP::AISP.ISPPIPESIFPDPDMA1_DMABASEADDR @ 0x205ba0b70
CHIP::ISP::AISP.ISPPIPESIFDMASRC1_DMACONFIG @ 0x205ba0b78
CHIP::ISP::AISP.ISPPIPESIFDMASRC1_DMABFRCONFIG @ 0x205ba0b7c
CHIP::ISP::AISP.ISPPIPESIFDMASRC1_DMASTTCONFIG @ 0x205ba0b80
CHIP::ISP::AISP.ISPPIPESIFDMASRC1_FMT @ 0x205ba0b84
CHIP::ISP::AISP.ISPPIPESIFDMASRC1_BASEADDR @ 0x205ba0b88
CHIP::ISP::AISP.ISPPIPESIFDMASRC1_STRIDE @ 0x205ba0b8c
CHIP::ISP::AISP.ISPPIPESIFDMASRC1_OFFSET @ 0x205ba0b90
CHIP::ISP::AISP.ISPPIPESIFDMASRC1_SIZE @ 0x205ba0b94
CHIP::ISP::AISP.ISPPIPESIFDMASRC1_PIXELOFFSETSCALE @ 0x205ba0b98
CHIP::ISP::AISP.ISPSTATSPIPE0_FIRSTPIX @ 0x205ba1000
CHIP::ISP::AISP.ISPSTATSPIPE0_STATSINQCONFIG @ 0x205ba1004
CHIP::ISP::AISP.ISPSTATSPIPE0_STATSMIDQCONFIG @ 0x205ba1008
CHIP::ISP::AISP.ISPSTATSPIPE0_STATSQTRQCONFIG @ 0x205ba100c
CHIP::ISP::AISP.ISPSTATSPIPE0_STATSPXLOUTQCONFIG @ 0x205ba1010
CHIP::ISP::AISP.ISPSTATSPIPE0_STATSMISCTILEOUTQCONFIG @ 0x205ba1014
CHIP::ISP::AISP.ISPSTATSPIPE0_STATSFPNSOUTQCONFIG @ 0x205ba1018
CHIP::ISP::AISP.ISPSTATSPIPE0_STATSLTMOUTQCONFIG @ 0x205ba101c
CHIP::ISP::AISP.ISPSTATSPIPE0_POSITION @ 0x205ba1020
CHIP::ISP::AISP.ISPSTATSPIPE0_SPARE @ 0x205ba1024
CHIP::ISP::AISP.ISPSTATSPIPESDEC0_CONFIG @ 0x205ba1040
CHIP::ISP::AISP.ISPSTATSPIPESDEC0_REGIONSTARTXY @ 0x205ba1044
CHIP::ISP::AISP.ISPSTATSPIPESDEC0_REGIONENDXY @ 0x205ba1048
CHIP::ISP::AISP.ISPSTATSPIPESDEC0_CLIPTHRES @ 0x205ba104c
CHIP::ISP::AISP.ISPSTATSPIPESLIN0_CONFIG @ 0x205ba1080
CHIP::ISP::AISP.ISPSTATSPIPESLIN0_FRMXYPTR @ 0x205ba1084
CHIP::ISP::AISP.ISPSTATSPIPESLIN0_FRMSTATE @ 0x205ba1088
CHIP::ISP::AISP.ISPSTATSPIPESLIN0_OFFSETIN @ 0x205ba108c
CHIP::ISP::AISP.ISPSTATSPIPESLIN0_OFFSETOUT @ 0x205ba109c
CHIP::ISP::AISP.ISPSTATSPIPESLIN0_CLIPCOUNTIN @ 0x205ba10ac
CHIP::ISP::AISP.ISPSTATSPIPESLIN0_CLIPCOUNTOUT @ 0x205ba10b0
CHIP::ISP::AISP.ISPSTATSPIPESLIN0_SLINMEMCONFIG @ 0x205ba10b4
CHIP::ISP::AISP.ISPSTATSPIPESLIN0_SLINMEMVALUE @ 0x205ba10b8
CHIP::ISP::AISP.ISPSTATSPIPEDPR0_CONFIG @ 0x205ba10c0
CHIP::ISP::AISP.ISPSTATSPIPEDPR0_FRMXYPTR @ 0x205ba10c4
CHIP::ISP::AISP.ISPSTATSPIPEDPR0_FRMSTATE @ 0x205ba10c8
CHIP::ISP::AISP.ISPSTATSPIPEDPR0_THD @ 0x205ba10cc
CHIP::ISP::AISP.ISPSTATSPIPEDPR0_DEFECTCOUNT @ 0x205ba10dc
CHIP::ISP::AISP.ISPSTATSPIPEBLC0_CONFIG @ 0x205ba1100
CHIP::ISP::AISP.ISPSTATSPIPEBLC0_FRMXYPTR @ 0x205ba1104
CHIP::ISP::AISP.ISPSTATSPIPEBLC0_FRMSTATE @ 0x205ba1108
CHIP::ISP::AISP.ISPSTATSPIPEBLC0_REGIONSTARTXY @ 0x205ba110c
CHIP::ISP::AISP.ISPSTATSPIPEBLC0_REGIONENDXY @ 0x205ba1110
CHIP::ISP::AISP.ISPSTATSPIPEBLC0_GAIN @ 0x205ba1114
CHIP::ISP::AISP.ISPSTATSPIPEBLC0_OFFSET1 @ 0x205ba1124
CHIP::ISP::AISP.ISPSTATSPIPEBLC0_OFFSET2 @ 0x205ba1134
CHIP::ISP::AISP.ISPSTATSPIPEBLC0_MIN @ 0x205ba1144
CHIP::ISP::AISP.ISPSTATSPIPEBLC0_MAX @ 0x205ba1154
CHIP::ISP::AISP.ISPSTATSPIPEBLC0_COUNTLOW @ 0x205ba1164
CHIP::ISP::AISP.ISPSTATSPIPEBLC0_COUNTHIGH @ 0x205ba1174
CHIP::ISP::AISP.ISPSTATSPIPELSC0_CONFIG @ 0x205ba1188
CHIP::ISP::AISP.ISPSTATSPIPELSC0_FRMXYPTR @ 0x205ba118c
CHIP::ISP::AISP.ISPSTATSPIPELSC0_FRMSTATE @ 0x205ba1190
CHIP::ISP::AISP.ISPSTATSPIPELSC0_REGIONSTARTXY @ 0x205ba1194
CHIP::ISP::AISP.ISPSTATSPIPELSC0_REGIONENDXY @ 0x205ba1198
CHIP::ISP::AISP.ISPSTATSPIPELSC0_GRIDFIRSTPIX @ 0x205ba119c
CHIP::ISP::AISP.ISPSTATSPIPELSC0_GRIDINTERVALS @ 0x205ba11a0
CHIP::ISP::AISP.ISPSTATSPIPELSC0_GRIDINTERVALRECIP @ 0x205ba11a4
CHIP::ISP::AISP.ISPSTATSPIPELSC0_GRIDSPACINGS @ 0x205ba11a8
CHIP::ISP::AISP.ISPSTATSPIPELSC0_GRIDOFFSETS @ 0x205ba11ac
CHIP::ISP::AISP.ISPSTATSPIPELSC0_STATMAXPRE @ 0x205ba11b0
CHIP::ISP::AISP.ISPSTATSPIPELSC0_STATMAXPOST @ 0x205ba11c0
CHIP::ISP::AISP.ISPSTATSPIPELSC0_STATCLIPMAXPRE @ 0x205ba11d0
CHIP::ISP::AISP.ISPSTATSPIPELSC0_STATCLIPMAXPOST @ 0x205ba11e0
CHIP::ISP::AISP.ISPSTATSPIPELSC0_STATCLIPMAXAND @ 0x205ba11f0
CHIP::ISP::AISP.ISPSTATSPIPELSCDMA0_DMACONFIG @ 0x205ba1218
CHIP::ISP::AISP.ISPSTATSPIPELSCDMA0_DMABFRCONFIG @ 0x205ba121c
CHIP::ISP::AISP.ISPSTATSPIPELSCDMA0_DMASTTCONFIG @ 0x205ba1220
CHIP::ISP::AISP.ISPSTATSPIPELSCDMA0_FMT @ 0x205ba1224
CHIP::ISP::AISP.ISPSTATSPIPELSCDMA0_DMABASEADDR @ 0x205ba1228
CHIP::ISP::AISP.ISPSTATSPIPELSCDMA0_STRIDE @ 0x205ba122c
CHIP::ISP::AISP.ISPSTATSPIPEIBLC0_CONFIG @ 0x205ba1240
CHIP::ISP::AISP.ISPSTATSPIPEIBLC0_FRMXYPTR @ 0x205ba1244
CHIP::ISP::AISP.ISPSTATSPIPEIBLC0_FRMSTATE @ 0x205ba1248
CHIP::ISP::AISP.ISPSTATSPIPEIBLC0_REGIONSTARTXY @ 0x205ba124c
CHIP::ISP::AISP.ISPSTATSPIPEIBLC0_REGIONENDXY @ 0x205ba1250
CHIP::ISP::AISP.ISPSTATSPIPEIBLC0_GAIN @ 0x205ba1254
CHIP::ISP::AISP.ISPSTATSPIPEIBLC0_OFFSET1 @ 0x205ba1264
CHIP::ISP::AISP.ISPSTATSPIPEIBLC0_OFFSET2 @ 0x205ba1274
CHIP::ISP::AISP.ISPSTATSPIPEIBLC0_MIN @ 0x205ba1284
CHIP::ISP::AISP.ISPSTATSPIPEIBLC0_MAX @ 0x205ba1294
CHIP::ISP::AISP.ISPSTATSPIPEIBLC0_COUNTLOW @ 0x205ba12a4
CHIP::ISP::AISP.ISPSTATSPIPEIBLC0_COUNTHIGH @ 0x205ba12b4
CHIP::ISP::AISP.ISPSTATS0_CONFIG @ 0x205ba12c8
CHIP::ISP::AISP.ISPSTATS0_GREENAVERAGE @ 0x205ba12cc
CHIP::ISP::AISP.ISPSTATS0_CCMCOEFF @ 0x205ba12d0
CHIP::ISP::AISP.ISPSTATS0_CCMOFFSET @ 0x205ba12f4
CHIP::ISP::AISP.ISPSTATS0_CCMMIN @ 0x205ba1300
CHIP::ISP::AISP.ISPSTATS0_CCMMAX @ 0x205ba130c
CHIP::ISP::AISP.ISPSTATS0_GAMMACONFIG @ 0x205ba1318
CHIP::ISP::AISP.ISPSTATS0_GAMMAMEMCONFIG @ 0x205ba131c
CHIP::ISP::AISP.ISPSTATS0_GAMMAMEMVALUE @ 0x205ba1320
CHIP::ISP::AISP.ISPSTATS0_CSCCONFIG @ 0x205ba1324
CHIP::ISP::AISP.ISPSTATS0_CSCCOEFF @ 0x205ba1328
CHIP::ISP::AISP.ISPSTATS0_CSCOFFSET @ 0x205ba134c
CHIP::ISP::AISP.ISPSTATS0_CSCMIN @ 0x205ba1358
CHIP::ISP::AISP.ISPSTATS0_CSCMAX @ 0x205ba1364
CHIP::ISP::AISP.ISPSTATS0_CSCCHROMASCALE @ 0x205ba1370
CHIP::ISP::AISP.ISPSTATS0_CSC2CONFIG @ 0x205ba1374
CHIP::ISP::AISP.ISPSTATS0_CSC2COEFF @ 0x205ba1378
CHIP::ISP::AISP.ISPSTATS0_CSC2OFFSET @ 0x205ba139c
CHIP::ISP::AISP.ISPSTATS0_CSC2MIN @ 0x205ba13a8
CHIP::ISP::AISP.ISPSTATS0_CSC2MAX @ 0x205ba13b4
CHIP::ISP::AISP.ISPSTATS0_CSC2CHROMASCALE @ 0x205ba13c0
CHIP::ISP::AISP.ISPSTATS0_COLORHISTCONFIG @ 0x205ba13c4
CHIP::ISP::AISP.ISPSTATS0_COLORHISTREGIONSTARTXY @ 0x205ba13c8
CHIP::ISP::AISP.ISPSTATS0_COLORHISTREGIONENDXY @ 0x205ba13cc
CHIP::ISP::AISP.ISPSTATS0_COLORHISTYTHD @ 0x205ba13d0
CHIP::ISP::AISP.ISPSTATS0_COLORHISTCOUNT @ 0x205ba1410
CHIP::ISP::AISP.ISPSTATS0_COLORHISTOFFSETC1 @ 0x205ba1454
CHIP::ISP::AISP.ISPSTATS0_COLORHISTSCALEC1 @ 0x205ba1458
CHIP::ISP::AISP.ISPSTATS0_COLORHISTOFFSETC2 @ 0x205ba145c
CHIP::ISP::AISP.ISPSTATS0_COLORHISTSCALEC2 @ 0x205ba1460
CHIP::ISP::AISP.ISPSTATS0_COLORHISTMEMCONFIG @ 0x205ba1464
CHIP::ISP::AISP.ISPSTATS0_COLORHISTMEMVALUE @ 0x205ba1468
CHIP::ISP::AISP.ISPSTATS0_PMASKCONFIG @ 0x205ba146c
CHIP::ISP::AISP.ISPSTATS0_PMASKLUMAMINMAX @ 0x205ba1470
CHIP::ISP::AISP.ISPSTATS0_PMASKOFFSETC1 @ 0x205ba1474
CHIP::ISP::AISP.ISPSTATS0_PMASKSCALEC1 @ 0x205ba1478
CHIP::ISP::AISP.ISPSTATS0_PMASKOFFSETC2 @ 0x205ba147c
CHIP::ISP::AISP.ISPSTATS0_PMASKSCALEC2 @ 0x205ba1480
CHIP::ISP::AISP.ISPSTATS0_PMASKMEMCONFIG @ 0x205ba1484
CHIP::ISP::AISP.ISPSTATS0_PMASKMEMVALUE @ 0x205ba1488
CHIP::ISP::AISP.ISPSTATS0_PFCONFIG @ 0x205ba148c
CHIP::ISP::AISP.ISPSTATS0_PFC1THD @ 0x205ba14ac
CHIP::ISP::AISP.ISPSTATS0_PFC2THD @ 0x205ba14cc
CHIP::ISP::AISP.ISPSTATS0_PFLINEDELTAC1 @ 0x205ba14ec
CHIP::ISP::AISP.ISPSTATS0_PFLINEDELTAC2 @ 0x205ba150c
CHIP::ISP::AISP.ISPSTATS0_PFLINEOFFSET @ 0x205ba152c
CHIP::ISP::AISP.ISPSTATS0_PFLINEMAX @ 0x205ba154c
CHIP::ISP::AISP.ISPSTATS0_PFLUMAMINMAX @ 0x205ba156c
CHIP::ISP::AISP.ISPSTATS0_AELUMACONFIG @ 0x205ba158c
CHIP::ISP::AISP.ISPSTATS0_AELUMAMINMAX @ 0x205ba1590
CHIP::ISP::AISP.ISPSTATS0_AWBAECONFIG @ 0x205ba1594
CHIP::ISP::AISP.ISPSTATS0_AWBAEWINDOWSTARTXY @ 0x205ba15b4
CHIP::ISP::AISP.ISPSTATS0_AWBAEWINDOWENDXY @ 0x205ba15d4
CHIP::ISP::AISP.ISPSTATS0_TILECONFIG @ 0x205ba15f4
CHIP::ISP::AISP.ISPSTATS0_TILEREGIONSTARTXY @ 0x205ba15f8
CHIP::ISP::AISP.ISPSTATS0_TILEREGIONENDXY @ 0x205ba15fc
CHIP::ISP::AISP.ISPSTATS0_TILEINTERVALS @ 0x205ba1600
CHIP::ISP::AISP.ISPSTATS0_LUMAROWSUMCONFIG @ 0x205ba1604
CHIP::ISP::AISP.ISPSTATS0_LUMAROWSUMREGIONSTARTXY @ 0x205ba1608
CHIP::ISP::AISP.ISPSTATS0_LUMAROWSUMREGIONENDXY @ 0x205ba160c
CHIP::ISP::AISP.ISPSTATS0_AFCONFIG @ 0x205ba1610
CHIP::ISP::AISP.ISPSTATS0_AFWINDOWSTARTXY @ 0x205ba1650
CHIP::ISP::AISP.ISPSTATS0_AFWINDOWENDXY @ 0x205ba1690
CHIP::ISP::AISP.ISPSTATS0_AFFILTEN @ 0x205ba16d0
CHIP::ISP::AISP.ISPSTATS0_AFFILTIIRBOUNDARY @ 0x205ba16d4
CHIP::ISP::AISP.ISPSTATS0_AFHORZFILTCOEFF @ 0x205ba16d8
CHIP::ISP::AISP.ISPSTATS0_AFCAMYCOEFFF0 @ 0x205ba1718
CHIP::ISP::AISP.ISPSTATS0_AFCAMYCOEFFF1 @ 0x205ba173c
CHIP::ISP::AISP.ISPSTATS0_AFBAYERYCSC @ 0x205ba1760
CHIP::ISP::AISP.ISPSTATS0_AFBAYERYCOEFFF0 @ 0x205ba176c
CHIP::ISP::AISP.ISPSTATS0_AFBAYERYCOEFFF1 @ 0x205ba1790
CHIP::ISP::AISP.ISPSTATS0_AFCAMYOUTPUTFUNCTION @ 0x205ba17b4
CHIP::ISP::AISP.ISPSTATS0_AFBAYERYOUTPUTFUNCTION @ 0x205ba17b8
CHIP::ISP::AISP.ISPSTATS0_AFHORZFILTTHDGR @ 0x205ba17bc
CHIP::ISP::AISP.ISPSTATS0_AFHORZFILTTHDR @ 0x205ba17c0
CHIP::ISP::AISP.ISPSTATS0_AFHORZFILTTHDB @ 0x205ba17c4
CHIP::ISP::AISP.ISPSTATS0_AFHORZFILTTHDGB @ 0x205ba17c8
CHIP::ISP::AISP.ISPSTATS0_AFBAYERYTHDF0 @ 0x205ba17cc
CHIP::ISP::AISP.ISPSTATS0_AFBAYERYTHDF1 @ 0x205ba17d0
CHIP::ISP::AISP.ISPSTATS0_AFCAMYTHDF0 @ 0x205ba17d4
CHIP::ISP::AISP.ISPSTATS0_AFCAMYTHDF1 @ 0x205ba17d8
CHIP::ISP::AISP.ISPSTATS0_AFHIIRBAYERYTHD @ 0x205ba17dc
CHIP::ISP::AISP.ISPSTATS0_HIST0CONFIG @ 0x205ba17e0
CHIP::ISP::AISP.ISPSTATS0_HIST0OFFSET @ 0x205ba17e4
CHIP::ISP::AISP.ISPSTATS0_HIST0SCALE @ 0x205ba17f0
CHIP::ISP::AISP.ISPSTATS0_HIST0REGIONSTARTXY @ 0x205ba17fc
CHIP::ISP::AISP.ISPSTATS0_HIST0REGIONENDXY @ 0x205ba1800
CHIP::ISP::AISP.ISPSTATS0_HIST0MEMCONFIG @ 0x205ba1804
CHIP::ISP::AISP.ISPSTATS0_HIST0MEMVALUE @ 0x205ba1808
CHIP::ISP::AISP.ISPSTATS0_HIST1CONFIG @ 0x205ba180c
CHIP::ISP::AISP.ISPSTATS0_HIST1OFFSET @ 0x205ba1810
CHIP::ISP::AISP.ISPSTATS0_HIST1SCALE @ 0x205ba1820
CHIP::ISP::AISP.ISPSTATS0_HIST1REGIONSTARTXY @ 0x205ba1830
CHIP::ISP::AISP.ISPSTATS0_HIST1REGIONENDXY @ 0x205ba1834
CHIP::ISP::AISP.ISPSTATS0_HIST1MEMCONFIG @ 0x205ba1838
CHIP::ISP::AISP.ISPSTATS0_HIST1MEMVALUE @ 0x205ba183c
CHIP::ISP::AISP.ISPSTATS0_CCMCOUNTLOW @ 0x205ba1880
CHIP::ISP::AISP.ISPSTATS0_CCMCOUNTHIGH @ 0x205ba1890
CHIP::ISP::AISP.ISPSTATS0_CSCCOUNTLOW @ 0x205ba18a0
CHIP::ISP::AISP.ISPSTATS0_CSCCOUNTHIGH @ 0x205ba18b0
CHIP::ISP::AISP.ISPSTATS0_CSC2COUNTLOW @ 0x205ba18c0
CHIP::ISP::AISP.ISPSTATS0_CSC2COUNTHIGH @ 0x205ba18d0
CHIP::ISP::AISP.ISPSTATS0_AFHORZCLIPTHRES @ 0x205ba18dc
CHIP::ISP::AISP.ISPSTATS0_AFCAMYFILTCLIPTHRES @ 0x205ba18ec
CHIP::ISP::AISP.ISPSTATS0_AFBAYERYFILTCLIPTHRES @ 0x205ba18f0
CHIP::ISP::AISP.ISPSTATS0_AFHIIRCOEFF @ 0x205ba18f4
CHIP::ISP::AISP.ISPSTATS0_AFTILECONFIG @ 0x205ba190c
CHIP::ISP::AISP.ISPSTATS0_AFTILEREGIONSTARTXY @ 0x205ba1910
CHIP::ISP::AISP.ISPSTATS0_AFTILEREGIONENDXY @ 0x205ba1914
CHIP::ISP::AISP.ISPSTATS0_AFTILEINTERVALS @ 0x205ba1918
CHIP::ISP::AISP.ISPSTATS0_LOCALSTATLUMACONFIG @ 0x205ba191c
CHIP::ISP::AISP.ISPSTATS0_LOCALSTATCCMCOEFF @ 0x205ba1920
CHIP::ISP::AISP.ISPSTATS0_LOCALSTATOFFSETIN @ 0x205ba1944
CHIP::ISP::AISP.ISPSTATS0_LOCALSTATOFFSETOUT @ 0x205ba1950
CHIP::ISP::AISP.ISPSTATS0_LOCALSTATMIN @ 0x205ba195c
CHIP::ISP::AISP.ISPSTATS0_LOCALSTATMAX @ 0x205ba1968
CHIP::ISP::AISP.ISPSTATS0_LOCALSTATCOUNTLOW @ 0x205ba1974
CHIP::ISP::AISP.ISPSTATS0_LOCALSTATCOUNTHIGH @ 0x205ba1980
CHIP::ISP::AISP.ISPSTATS0_COEFFAVGY @ 0x205ba198c
CHIP::ISP::AISP.ISPSTATS0_AVGYOFFSET @ 0x205ba1998
CHIP::ISP::AISP.ISPSTATS0_COEFFMAXY @ 0x205ba199c
CHIP::ISP::AISP.ISPSTATS0_WMIXMEMCONFIG @ 0x205ba19a8
CHIP::ISP::AISP.ISPSTATS0_WMIXMEMVALUE @ 0x205ba19ac
CHIP::ISP::AISP.ISPSTATS0_COEFFLOGSCALEIN @ 0x205ba19b0
CHIP::ISP::AISP.ISPSTATS0_COEFFLOGSCALEOUT @ 0x205ba19b4
CHIP::ISP::AISP.ISPSTATS0_COEFFLOGMINVAL @ 0x205ba19b8
CHIP::ISP::AISP.ISPSTATS0_COEFFLOGOFFSETIN @ 0x205ba19bc
CHIP::ISP::AISP.ISPSTATS0_COEFFLOGOFFSETOUT @ 0x205ba19c0
CHIP::ISP::AISP.ISPSTATS0_AWBAEWINDOWSTAT0LSB @ 0x205ba1a00
CHIP::ISP::AISP.ISPSTATS0_AWBAEWINDOWSTAT1LSB @ 0x205ba1a80
CHIP::ISP::AISP.ISPSTATS0_AWBAEWINDOWSTAT2LSB @ 0x205ba1b00
CHIP::ISP::AISP.ISPSTATS0_AWBAEWINDOWSTATCOUNT @ 0x205ba1b80
CHIP::ISP::AISP.ISPSTATS0_AWBAEWINDOWSTAT0MSB @ 0x205ba1c00
CHIP::ISP::AISP.ISPSTATS0_AWBAEWINDOWSTAT1MSB @ 0x205ba1c80
CHIP::ISP::AISP.ISPSTATS0_AWBAEWINDOWSTAT2MSB @ 0x205ba1d00
CHIP::ISP::AISP.ISPSTATS0_AWBAEWINDOWHORZPOS @ 0x205ba1d80
CHIP::ISP::AISP.ISPSTATS0_AWBAEWINDOWVERTPOS @ 0x205ba1e00
CHIP::ISP::AISP.ISPSTATS0_AFWINDOWSTATLSB @ 0x205ba2000
CHIP::ISP::AISP.ISPSTATS0_AFWINDOWSTATMSB @ 0x205ba2200
CHIP::ISP::AISP.ISPSTATS0_AFWINDOWSUMLSB @ 0x205ba2400
CHIP::ISP::AISP.ISPSTATS0_AFWINDOWSUMMSB @ 0x205ba2600
CHIP::ISP::AISP.ISPSTATS0_AFWINDOWSUM2LSB @ 0x205ba2800
CHIP::ISP::AISP.ISPSTATS0_AFWINDOWSUM2MSB @ 0x205ba2a00
CHIP::ISP::AISP.ISPSTATS0_AFWINDOWHIIRSUMLSB @ 0x205ba2c00
CHIP::ISP::AISP.ISPSTATS0_AFWINDOWHIIRSUMMSB @ 0x205ba2c40
CHIP::ISP::AISP.ISPSTATS0_AFWINDOWCOUNTVALPIX @ 0x205ba2c80
CHIP::ISP::AISP.ISPSTATS0_THUMBNAILCONFIG @ 0x205ba2e00
CHIP::ISP::AISP.ISPSTATS0_THUMBREGIONSTARTXY @ 0x205ba2e18
CHIP::ISP::AISP.ISPSTATS0_THUMBREGIONENDXY @ 0x205ba2e1c
CHIP::ISP::AISP.ISPSTATS0_THUMBOFFSET @ 0x205ba2e20
CHIP::ISP::AISP.ISPSTATS0_THUMBDOWNSAMPLE @ 0x205ba2e24
CHIP::ISP::AISP.ISPSTATS0_THUMBAVGRECIPNUMPIX @ 0x205ba2e28
CHIP::ISP::AISP.ISPSTATS0_LOCALHISTCONFIG @ 0x205ba2e2c
CHIP::ISP::AISP.ISPSTATS0_LOCALHISTREGIONSTARTXY @ 0x205ba2e30
CHIP::ISP::AISP.ISPSTATS0_LOCALHISTREGIONENDXY @ 0x205ba2e34
CHIP::ISP::AISP.ISPSTATS0_LOCALHISTBLOCKSIZE @ 0x205ba2e38
CHIP::ISP::AISP.ISPSTATS0_LOCALHISTOFFSET @ 0x205ba2e3c
CHIP::ISP::AISP.ISPSTATS0_LOCALHISTSCALE @ 0x205ba2e40
CHIP::ISP::AISP.ISPSTATS0_FPNSCONFIG @ 0x205ba2e44
CHIP::ISP::AISP.ISPSTATS0_FPNSREGIONSTARTXY @ 0x205ba2e48
CHIP::ISP::AISP.ISPSTATS0_FPNSREGIONENDXY @ 0x205ba2e4c
CHIP::ISP::AISP.ISPSTATS0_FPNSSTRIP @ 0x205ba2e50
CHIP::ISP::AISP.ISPSTATS0_FPNSPOSINIT @ 0x205ba2e54
CHIP::ISP::AISP.ISPSTATS0_FPNSSTEPX @ 0x205ba2e64
CHIP::ISP::AISP.ISPSTATS0_FPNSSTEPY @ 0x205ba2e74
CHIP::ISP::AISP.ISPSTATS0_FPNSFPNSIZE @ 0x205ba2e84
CHIP::ISP::AISP.ISPSTATS0_FPNSDMAWRITES @ 0x205ba2e94
CHIP::ISP::AISP.ISPSTATS0_FPNSDMAWRCOUNT @ 0x205ba2e98
CHIP::ISP::AISP.ISPSTATSDMAMISC0_DMACONFIG @ 0x205ba2ec8
CHIP::ISP::AISP.ISPSTATSDMAMISC0_DMABFRCONFIG @ 0x205ba2ecc
CHIP::ISP::AISP.ISPSTATSDMAMISC0_DMASTTCONFIG @ 0x205ba2ed0
CHIP::ISP::AISP.ISPSTATSDMAMISC0_DMASWAPCONFIG @ 0x205ba2ed4
CHIP::ISP::AISP.ISPSTATSDMAMISC0_DMABASEADDR @ 0x205ba2ed8
CHIP::ISP::AISP.ISPSTATSDMATILE0_DMACONFIG @ 0x205ba2ee0
CHIP::ISP::AISP.ISPSTATSDMATILE0_DMABFRCONFIG @ 0x205ba2ee4
CHIP::ISP::AISP.ISPSTATSDMATILE0_DMASTTCONFIG @ 0x205ba2ee8
CHIP::ISP::AISP.ISPSTATSDMATILE0_DMASWAPCONFIG @ 0x205ba2eec
CHIP::ISP::AISP.ISPSTATSDMATILE0_DMABASEADDR @ 0x205ba2ef0
CHIP::ISP::AISP.ISPSTATSDMAPXL0_DMACONFIG @ 0x205ba2ef8
CHIP::ISP::AISP.ISPSTATSDMAPXL0_DMABFRCONFIG @ 0x205ba2efc
CHIP::ISP::AISP.ISPSTATSDMAPXL0_DMASTTCONFIG @ 0x205ba2f00
CHIP::ISP::AISP.ISPSTATSDMAPXL0_PADCONFIG @ 0x205ba2f04
CHIP::ISP::AISP.ISPSTATSDMAPXL0_FMT @ 0x205ba2f08
CHIP::ISP::AISP.ISPSTATSDMAPXL0_BASEADDR @ 0x205ba2f0c
CHIP::ISP::AISP.ISPSTATSDMAPXL0_STRIDE @ 0x205ba2f10
CHIP::ISP::AISP.ISPSTATSDMAPXL0_OFFSET @ 0x205ba2f14
CHIP::ISP::AISP.ISPSTATSDMAPXL0_SIZE @ 0x205ba2f18
CHIP::ISP::AISP.ISPSTATSDMAPXL0_PIXELOFFSETSCALE @ 0x205ba2f1c
CHIP::ISP::AISP.ISPSTATSDMAPXL0_REGIONSTARTXY @ 0x205ba2f20
CHIP::ISP::AISP.ISPSTATSDMAPXL0_REGIONENDXY @ 0x205ba2f24
CHIP::ISP::AISP.ISPSTATSDMAFPNS0_DMACONFIG @ 0x205ba2f28
CHIP::ISP::AISP.ISPSTATSDMAFPNS0_DMABFRCONFIG @ 0x205ba2f2c
CHIP::ISP::AISP.ISPSTATSDMAFPNS0_DMASTTCONFIG @ 0x205ba2f30
CHIP::ISP::AISP.ISPSTATSDMAFPNS0_DMASWAPCONFIG @ 0x205ba2f34
CHIP::ISP::AISP.ISPSTATSDMAFPNS0_DMABASEADDR @ 0x205ba2f38
CHIP::ISP::AISP.ISPSTATSDMATHUMB0_DMACONFIG @ 0x205ba2f40
CHIP::ISP::AISP.ISPSTATSDMATHUMB0_DMABFRCONFIG @ 0x205ba2f44
CHIP::ISP::AISP.ISPSTATSDMATHUMB0_DMASTTCONFIG @ 0x205ba2f48
CHIP::ISP::AISP.ISPSTATSDMATHUMB0_DMASWAPCONFIG @ 0x205ba2f4c
CHIP::ISP::AISP.ISPSTATSDMATHUMB0_DMABASEADDR @ 0x205ba2f50
CHIP::ISP::AISP.ISPSTATSDMALOCALHIST0_DMACONFIG @ 0x205ba2f58
CHIP::ISP::AISP.ISPSTATSDMALOCALHIST0_DMABFRCONFIG @ 0x205ba2f5c
CHIP::ISP::AISP.ISPSTATSDMALOCALHIST0_DMASTTCONFIG @ 0x205ba2f60
CHIP::ISP::AISP.ISPSTATSDMALOCALHIST0_DMASWAPCONFIG @ 0x205ba2f64
CHIP::ISP::AISP.ISPSTATSDMALOCALHIST0_DMABASEADDR @ 0x205ba2f68
CHIP::ISP::AISP.ISPSTATSDMAAFTILE0_DMACONFIG @ 0x205ba2f70
CHIP::ISP::AISP.ISPSTATSDMAAFTILE0_DMABFRCONFIG @ 0x205ba2f74
CHIP::ISP::AISP.ISPSTATSDMAAFTILE0_DMASTTCONFIG @ 0x205ba2f78
CHIP::ISP::AISP.ISPSTATSDMAAFTILE0_DMASWAPCONFIG @ 0x205ba2f7c
CHIP::ISP::AISP.ISPSTATSDMAAFTILE0_DMABASEADDR @ 0x205ba2f80
CHIP::ISP::AISP.ISPSTATSPIPE1_FIRSTPIX @ 0x205ba3000
CHIP::ISP::AISP.ISPSTATSPIPE1_STATSINQCONFIG @ 0x205ba3004
CHIP::ISP::AISP.ISPSTATSPIPE1_STATSMIDQCONFIG @ 0x205ba3008
CHIP::ISP::AISP.ISPSTATSPIPE1_STATSQTRQCONFIG @ 0x205ba300c
CHIP::ISP::AISP.ISPSTATSPIPE1_STATSPXLOUTQCONFIG @ 0x205ba3010
CHIP::ISP::AISP.ISPSTATSPIPE1_STATSMISCTILEOUTQCONFIG @ 0x205ba3014
CHIP::ISP::AISP.ISPSTATSPIPE1_STATSFPNSOUTQCONFIG @ 0x205ba3018
CHIP::ISP::AISP.ISPSTATSPIPE1_STATSLTMOUTQCONFIG @ 0x205ba301c
CHIP::ISP::AISP.ISPSTATSPIPE1_POSITION @ 0x205ba3020
CHIP::ISP::AISP.ISPSTATSPIPE1_SPARE @ 0x205ba3024
CHIP::ISP::AISP.ISPSTATSPIPESDEC1_CONFIG @ 0x205ba3040
CHIP::ISP::AISP.ISPSTATSPIPESDEC1_REGIONSTARTXY @ 0x205ba3044
CHIP::ISP::AISP.ISPSTATSPIPESDEC1_REGIONENDXY @ 0x205ba3048
CHIP::ISP::AISP.ISPSTATSPIPESDEC1_CLIPTHRES @ 0x205ba304c
CHIP::ISP::AISP.ISPSTATSPIPESLIN1_CONFIG @ 0x205ba3080
CHIP::ISP::AISP.ISPSTATSPIPESLIN1_FRMXYPTR @ 0x205ba3084
CHIP::ISP::AISP.ISPSTATSPIPESLIN1_FRMSTATE @ 0x205ba3088
CHIP::ISP::AISP.ISPSTATSPIPESLIN1_OFFSETIN @ 0x205ba308c
CHIP::ISP::AISP.ISPSTATSPIPESLIN1_OFFSETOUT @ 0x205ba309c
CHIP::ISP::AISP.ISPSTATSPIPESLIN1_CLIPCOUNTIN @ 0x205ba30ac
CHIP::ISP::AISP.ISPSTATSPIPESLIN1_CLIPCOUNTOUT @ 0x205ba30b0
CHIP::ISP::AISP.ISPSTATSPIPESLIN1_SLINMEMCONFIG @ 0x205ba30b4
CHIP::ISP::AISP.ISPSTATSPIPESLIN1_SLINMEMVALUE @ 0x205ba30b8
CHIP::ISP::AISP.ISPSTATSPIPEDPR1_CONFIG @ 0x205ba30c0
CHIP::ISP::AISP.ISPSTATSPIPEDPR1_FRMXYPTR @ 0x205ba30c4
CHIP::ISP::AISP.ISPSTATSPIPEDPR1_FRMSTATE @ 0x205ba30c8
CHIP::ISP::AISP.ISPSTATSPIPEDPR1_THD @ 0x205ba30cc
CHIP::ISP::AISP.ISPSTATSPIPEDPR1_DEFECTCOUNT @ 0x205ba30dc
CHIP::ISP::AISP.ISPSTATSPIPEBLC1_CONFIG @ 0x205ba3100
CHIP::ISP::AISP.ISPSTATSPIPEBLC1_FRMXYPTR @ 0x205ba3104
CHIP::ISP::AISP.ISPSTATSPIPEBLC1_FRMSTATE @ 0x205ba3108
CHIP::ISP::AISP.ISPSTATSPIPEBLC1_REGIONSTARTXY @ 0x205ba310c
CHIP::ISP::AISP.ISPSTATSPIPEBLC1_REGIONENDXY @ 0x205ba3110
CHIP::ISP::AISP.ISPSTATSPIPEBLC1_GAIN @ 0x205ba3114
CHIP::ISP::AISP.ISPSTATSPIPEBLC1_OFFSET1 @ 0x205ba3124
CHIP::ISP::AISP.ISPSTATSPIPEBLC1_OFFSET2 @ 0x205ba3134
CHIP::ISP::AISP.ISPSTATSPIPEBLC1_MIN @ 0x205ba3144
CHIP::ISP::AISP.ISPSTATSPIPEBLC1_MAX @ 0x205ba3154
CHIP::ISP::AISP.ISPSTATSPIPEBLC1_COUNTLOW @ 0x205ba3164
CHIP::ISP::AISP.ISPSTATSPIPEBLC1_COUNTHIGH @ 0x205ba3174
CHIP::ISP::AISP.ISPSTATSPIPELSC1_CONFIG @ 0x205ba3188
CHIP::ISP::AISP.ISPSTATSPIPELSC1_FRMXYPTR @ 0x205ba318c
CHIP::ISP::AISP.ISPSTATSPIPELSC1_FRMSTATE @ 0x205ba3190
CHIP::ISP::AISP.ISPSTATSPIPELSC1_REGIONSTARTXY @ 0x205ba3194
CHIP::ISP::AISP.ISPSTATSPIPELSC1_REGIONENDXY @ 0x205ba3198
CHIP::ISP::AISP.ISPSTATSPIPELSC1_GRIDFIRSTPIX @ 0x205ba319c
CHIP::ISP::AISP.ISPSTATSPIPELSC1_GRIDINTERVALS @ 0x205ba31a0
CHIP::ISP::AISP.ISPSTATSPIPELSC1_GRIDINTERVALRECIP @ 0x205ba31a4
CHIP::ISP::AISP.ISPSTATSPIPELSC1_GRIDSPACINGS @ 0x205ba31a8
CHIP::ISP::AISP.ISPSTATSPIPELSC1_GRIDOFFSETS @ 0x205ba31ac
CHIP::ISP::AISP.ISPSTATSPIPELSC1_STATMAXPRE @ 0x205ba31b0
CHIP::ISP::AISP.ISPSTATSPIPELSC1_STATMAXPOST @ 0x205ba31c0
CHIP::ISP::AISP.ISPSTATSPIPELSC1_STATCLIPMAXPRE @ 0x205ba31d0
CHIP::ISP::AISP.ISPSTATSPIPELSC1_STATCLIPMAXPOST @ 0x205ba31e0
CHIP::ISP::AISP.ISPSTATSPIPELSC1_STATCLIPMAXAND @ 0x205ba31f0
CHIP::ISP::AISP.ISPSTATSPIPELSCDMA1_DMACONFIG @ 0x205ba3218
CHIP::ISP::AISP.ISPSTATSPIPELSCDMA1_DMABFRCONFIG @ 0x205ba321c
CHIP::ISP::AISP.ISPSTATSPIPELSCDMA1_DMASTTCONFIG @ 0x205ba3220
CHIP::ISP::AISP.ISPSTATSPIPELSCDMA1_FMT @ 0x205ba3224
CHIP::ISP::AISP.ISPSTATSPIPELSCDMA1_DMABASEADDR @ 0x205ba3228
CHIP::ISP::AISP.ISPSTATSPIPELSCDMA1_STRIDE @ 0x205ba322c
CHIP::ISP::AISP.ISPSTATSPIPEIBLC1_CONFIG @ 0x205ba3240
CHIP::ISP::AISP.ISPSTATSPIPEIBLC1_FRMXYPTR @ 0x205ba3244
CHIP::ISP::AISP.ISPSTATSPIPEIBLC1_FRMSTATE @ 0x205ba3248
CHIP::ISP::AISP.ISPSTATSPIPEIBLC1_REGIONSTARTXY @ 0x205ba324c
CHIP::ISP::AISP.ISPSTATSPIPEIBLC1_REGIONENDXY @ 0x205ba3250
CHIP::ISP::AISP.ISPSTATSPIPEIBLC1_GAIN @ 0x205ba3254
CHIP::ISP::AISP.ISPSTATSPIPEIBLC1_OFFSET1 @ 0x205ba3264
CHIP::ISP::AISP.ISPSTATSPIPEIBLC1_OFFSET2 @ 0x205ba3274
CHIP::ISP::AISP.ISPSTATSPIPEIBLC1_MIN @ 0x205ba3284
CHIP::ISP::AISP.ISPSTATSPIPEIBLC1_MAX @ 0x205ba3294
CHIP::ISP::AISP.ISPSTATSPIPEIBLC1_COUNTLOW @ 0x205ba32a4
CHIP::ISP::AISP.ISPSTATSPIPEIBLC1_COUNTHIGH @ 0x205ba32b4
CHIP::ISP::AISP.ISPSTATS1_CONFIG @ 0x205ba32c8
CHIP::ISP::AISP.ISPSTATS1_GREENAVERAGE @ 0x205ba32cc
CHIP::ISP::AISP.ISPSTATS1_CCMCOEFF @ 0x205ba32d0
CHIP::ISP::AISP.ISPSTATS1_CCMOFFSET @ 0x205ba32f4
CHIP::ISP::AISP.ISPSTATS1_CCMMIN @ 0x205ba3300
CHIP::ISP::AISP.ISPSTATS1_CCMMAX @ 0x205ba330c
CHIP::ISP::AISP.ISPSTATS1_GAMMACONFIG @ 0x205ba3318
CHIP::ISP::AISP.ISPSTATS1_GAMMAMEMCONFIG @ 0x205ba331c
CHIP::ISP::AISP.ISPSTATS1_GAMMAMEMVALUE @ 0x205ba3320
CHIP::ISP::AISP.ISPSTATS1_CSCCONFIG @ 0x205ba3324
CHIP::ISP::AISP.ISPSTATS1_CSCCOEFF @ 0x205ba3328
CHIP::ISP::AISP.ISPSTATS1_CSCOFFSET @ 0x205ba334c
CHIP::ISP::AISP.ISPSTATS1_CSCMIN @ 0x205ba3358
CHIP::ISP::AISP.ISPSTATS1_CSCMAX @ 0x205ba3364
CHIP::ISP::AISP.ISPSTATS1_CSCCHROMASCALE @ 0x205ba3370
CHIP::ISP::AISP.ISPSTATS1_CSC2CONFIG @ 0x205ba3374
CHIP::ISP::AISP.ISPSTATS1_CSC2COEFF @ 0x205ba3378
CHIP::ISP::AISP.ISPSTATS1_CSC2OFFSET @ 0x205ba339c
CHIP::ISP::AISP.ISPSTATS1_CSC2MIN @ 0x205ba33a8
CHIP::ISP::AISP.ISPSTATS1_CSC2MAX @ 0x205ba33b4
CHIP::ISP::AISP.ISPSTATS1_CSC2CHROMASCALE @ 0x205ba33c0
CHIP::ISP::AISP.ISPSTATS1_COLORHISTCONFIG @ 0x205ba33c4
CHIP::ISP::AISP.ISPSTATS1_COLORHISTREGIONSTARTXY @ 0x205ba33c8
CHIP::ISP::AISP.ISPSTATS1_COLORHISTREGIONENDXY @ 0x205ba33cc
CHIP::ISP::AISP.ISPSTATS1_COLORHISTYTHD @ 0x205ba33d0
CHIP::ISP::AISP.ISPSTATS1_COLORHISTCOUNT @ 0x205ba3410
CHIP::ISP::AISP.ISPSTATS1_COLORHISTOFFSETC1 @ 0x205ba3454
CHIP::ISP::AISP.ISPSTATS1_COLORHISTSCALEC1 @ 0x205ba3458
CHIP::ISP::AISP.ISPSTATS1_COLORHISTOFFSETC2 @ 0x205ba345c
CHIP::ISP::AISP.ISPSTATS1_COLORHISTSCALEC2 @ 0x205ba3460
CHIP::ISP::AISP.ISPSTATS1_COLORHISTMEMCONFIG @ 0x205ba3464
CHIP::ISP::AISP.ISPSTATS1_COLORHISTMEMVALUE @ 0x205ba3468
CHIP::ISP::AISP.ISPSTATS1_PMASKCONFIG @ 0x205ba346c
CHIP::ISP::AISP.ISPSTATS1_PMASKLUMAMINMAX @ 0x205ba3470
CHIP::ISP::AISP.ISPSTATS1_PMASKOFFSETC1 @ 0x205ba3474
CHIP::ISP::AISP.ISPSTATS1_PMASKSCALEC1 @ 0x205ba3478
CHIP::ISP::AISP.ISPSTATS1_PMASKOFFSETC2 @ 0x205ba347c
CHIP::ISP::AISP.ISPSTATS1_PMASKSCALEC2 @ 0x205ba3480
CHIP::ISP::AISP.ISPSTATS1_PMASKMEMCONFIG @ 0x205ba3484
CHIP::ISP::AISP.ISPSTATS1_PMASKMEMVALUE @ 0x205ba3488
CHIP::ISP::AISP.ISPSTATS1_PFCONFIG @ 0x205ba348c
CHIP::ISP::AISP.ISPSTATS1_PFC1THD @ 0x205ba34ac
CHIP::ISP::AISP.ISPSTATS1_PFC2THD @ 0x205ba34cc
CHIP::ISP::AISP.ISPSTATS1_PFLINEDELTAC1 @ 0x205ba34ec
CHIP::ISP::AISP.ISPSTATS1_PFLINEDELTAC2 @ 0x205ba350c
CHIP::ISP::AISP.ISPSTATS1_PFLINEOFFSET @ 0x205ba352c
CHIP::ISP::AISP.ISPSTATS1_PFLINEMAX @ 0x205ba354c
CHIP::ISP::AISP.ISPSTATS1_PFLUMAMINMAX @ 0x205ba356c
CHIP::ISP::AISP.ISPSTATS1_AELUMACONFIG @ 0x205ba358c
CHIP::ISP::AISP.ISPSTATS1_AELUMAMINMAX @ 0x205ba3590
CHIP::ISP::AISP.ISPSTATS1_AWBAECONFIG @ 0x205ba3594
CHIP::ISP::AISP.ISPSTATS1_AWBAEWINDOWSTARTXY @ 0x205ba35b4
CHIP::ISP::AISP.ISPSTATS1_AWBAEWINDOWENDXY @ 0x205ba35d4
CHIP::ISP::AISP.ISPSTATS1_TILECONFIG @ 0x205ba35f4
CHIP::ISP::AISP.ISPSTATS1_TILEREGIONSTARTXY @ 0x205ba35f8
CHIP::ISP::AISP.ISPSTATS1_TILEREGIONENDXY @ 0x205ba35fc
CHIP::ISP::AISP.ISPSTATS1_TILEINTERVALS @ 0x205ba3600
CHIP::ISP::AISP.ISPSTATS1_LUMAROWSUMCONFIG @ 0x205ba3604
CHIP::ISP::AISP.ISPSTATS1_LUMAROWSUMREGIONSTARTXY @ 0x205ba3608
CHIP::ISP::AISP.ISPSTATS1_LUMAROWSUMREGIONENDXY @ 0x205ba360c
CHIP::ISP::AISP.ISPSTATS1_AFCONFIG @ 0x205ba3610
CHIP::ISP::AISP.ISPSTATS1_AFWINDOWSTARTXY @ 0x205ba3650
CHIP::ISP::AISP.ISPSTATS1_AFWINDOWENDXY @ 0x205ba3690
CHIP::ISP::AISP.ISPSTATS1_AFFILTEN @ 0x205ba36d0
CHIP::ISP::AISP.ISPSTATS1_AFFILTIIRBOUNDARY @ 0x205ba36d4
CHIP::ISP::AISP.ISPSTATS1_AFHORZFILTCOEFF @ 0x205ba36d8
CHIP::ISP::AISP.ISPSTATS1_AFCAMYCOEFFF0 @ 0x205ba3718
CHIP::ISP::AISP.ISPSTATS1_AFCAMYCOEFFF1 @ 0x205ba373c
CHIP::ISP::AISP.ISPSTATS1_AFBAYERYCSC @ 0x205ba3760
CHIP::ISP::AISP.ISPSTATS1_AFBAYERYCOEFFF0 @ 0x205ba376c
CHIP::ISP::AISP.ISPSTATS1_AFBAYERYCOEFFF1 @ 0x205ba3790
CHIP::ISP::AISP.ISPSTATS1_AFCAMYOUTPUTFUNCTION @ 0x205ba37b4
CHIP::ISP::AISP.ISPSTATS1_AFBAYERYOUTPUTFUNCTION @ 0x205ba37b8
CHIP::ISP::AISP.ISPSTATS1_AFHORZFILTTHDGR @ 0x205ba37bc
CHIP::ISP::AISP.ISPSTATS1_AFHORZFILTTHDR @ 0x205ba37c0
CHIP::ISP::AISP.ISPSTATS1_AFHORZFILTTHDB @ 0x205ba37c4
CHIP::ISP::AISP.ISPSTATS1_AFHORZFILTTHDGB @ 0x205ba37c8
CHIP::ISP::AISP.ISPSTATS1_AFBAYERYTHDF0 @ 0x205ba37cc
CHIP::ISP::AISP.ISPSTATS1_AFBAYERYTHDF1 @ 0x205ba37d0
CHIP::ISP::AISP.ISPSTATS1_AFCAMYTHDF0 @ 0x205ba37d4
CHIP::ISP::AISP.ISPSTATS1_AFCAMYTHDF1 @ 0x205ba37d8
CHIP::ISP::AISP.ISPSTATS1_AFHIIRBAYERYTHD @ 0x205ba37dc
CHIP::ISP::AISP.ISPSTATS1_HIST0CONFIG @ 0x205ba37e0
CHIP::ISP::AISP.ISPSTATS1_HIST0OFFSET @ 0x205ba37e4
CHIP::ISP::AISP.ISPSTATS1_HIST0SCALE @ 0x205ba37f0
CHIP::ISP::AISP.ISPSTATS1_HIST0REGIONSTARTXY @ 0x205ba37fc
CHIP::ISP::AISP.ISPSTATS1_HIST0REGIONENDXY @ 0x205ba3800
CHIP::ISP::AISP.ISPSTATS1_HIST0MEMCONFIG @ 0x205ba3804
CHIP::ISP::AISP.ISPSTATS1_HIST0MEMVALUE @ 0x205ba3808
CHIP::ISP::AISP.ISPSTATS1_HIST1CONFIG @ 0x205ba380c
CHIP::ISP::AISP.ISPSTATS1_HIST1OFFSET @ 0x205ba3810
CHIP::ISP::AISP.ISPSTATS1_HIST1SCALE @ 0x205ba3820
CHIP::ISP::AISP.ISPSTATS1_HIST1REGIONSTARTXY @ 0x205ba3830
CHIP::ISP::AISP.ISPSTATS1_HIST1REGIONENDXY @ 0x205ba3834
CHIP::ISP::AISP.ISPSTATS1_HIST1MEMCONFIG @ 0x205ba3838
CHIP::ISP::AISP.ISPSTATS1_HIST1MEMVALUE @ 0x205ba383c
CHIP::ISP::AISP.ISPSTATS1_CCMCOUNTLOW @ 0x205ba3880
CHIP::ISP::AISP.ISPSTATS1_CCMCOUNTHIGH @ 0x205ba3890
CHIP::ISP::AISP.ISPSTATS1_CSCCOUNTLOW @ 0x205ba38a0
CHIP::ISP::AISP.ISPSTATS1_CSCCOUNTHIGH @ 0x205ba38b0
CHIP::ISP::AISP.ISPSTATS1_CSC2COUNTLOW @ 0x205ba38c0
CHIP::ISP::AISP.ISPSTATS1_CSC2COUNTHIGH @ 0x205ba38d0
CHIP::ISP::AISP.ISPSTATS1_AFHORZCLIPTHRES @ 0x205ba38dc
CHIP::ISP::AISP.ISPSTATS1_AFCAMYFILTCLIPTHRES @ 0x205ba38ec
CHIP::ISP::AISP.ISPSTATS1_AFBAYERYFILTCLIPTHRES @ 0x205ba38f0
CHIP::ISP::AISP.ISPSTATS1_AFHIIRCOEFF @ 0x205ba38f4
CHIP::ISP::AISP.ISPSTATS1_AFTILECONFIG @ 0x205ba390c
CHIP::ISP::AISP.ISPSTATS1_AFTILEREGIONSTARTXY @ 0x205ba3910
CHIP::ISP::AISP.ISPSTATS1_AFTILEREGIONENDXY @ 0x205ba3914
CHIP::ISP::AISP.ISPSTATS1_AFTILEINTERVALS @ 0x205ba3918
CHIP::ISP::AISP.ISPSTATS1_LOCALSTATLUMACONFIG @ 0x205ba391c
CHIP::ISP::AISP.ISPSTATS1_LOCALSTATCCMCOEFF @ 0x205ba3920
CHIP::ISP::AISP.ISPSTATS1_LOCALSTATOFFSETIN @ 0x205ba3944
CHIP::ISP::AISP.ISPSTATS1_LOCALSTATOFFSETOUT @ 0x205ba3950
CHIP::ISP::AISP.ISPSTATS1_LOCALSTATMIN @ 0x205ba395c
CHIP::ISP::AISP.ISPSTATS1_LOCALSTATMAX @ 0x205ba3968
CHIP::ISP::AISP.ISPSTATS1_LOCALSTATCOUNTLOW @ 0x205ba3974
CHIP::ISP::AISP.ISPSTATS1_LOCALSTATCOUNTHIGH @ 0x205ba3980
CHIP::ISP::AISP.ISPSTATS1_COEFFAVGY @ 0x205ba398c
CHIP::ISP::AISP.ISPSTATS1_AVGYOFFSET @ 0x205ba3998
CHIP::ISP::AISP.ISPSTATS1_COEFFMAXY @ 0x205ba399c
CHIP::ISP::AISP.ISPSTATS1_WMIXMEMCONFIG @ 0x205ba39a8
CHIP::ISP::AISP.ISPSTATS1_WMIXMEMVALUE @ 0x205ba39ac
CHIP::ISP::AISP.ISPSTATS1_COEFFLOGSCALEIN @ 0x205ba39b0
CHIP::ISP::AISP.ISPSTATS1_COEFFLOGSCALEOUT @ 0x205ba39b4
CHIP::ISP::AISP.ISPSTATS1_COEFFLOGMINVAL @ 0x205ba39b8
CHIP::ISP::AISP.ISPSTATS1_COEFFLOGOFFSETIN @ 0x205ba39bc
CHIP::ISP::AISP.ISPSTATS1_COEFFLOGOFFSETOUT @ 0x205ba39c0
CHIP::ISP::AISP.ISPSTATS1_AWBAEWINDOWSTAT0LSB @ 0x205ba3a00
CHIP::ISP::AISP.ISPSTATS1_AWBAEWINDOWSTAT1LSB @ 0x205ba3a80
CHIP::ISP::AISP.ISPSTATS1_AWBAEWINDOWSTAT2LSB @ 0x205ba3b00
CHIP::ISP::AISP.ISPSTATS1_AWBAEWINDOWSTATCOUNT @ 0x205ba3b80
CHIP::ISP::AISP.ISPSTATS1_AWBAEWINDOWSTAT0MSB @ 0x205ba3c00
CHIP::ISP::AISP.ISPSTATS1_AWBAEWINDOWSTAT1MSB @ 0x205ba3c80
CHIP::ISP::AISP.ISPSTATS1_AWBAEWINDOWSTAT2MSB @ 0x205ba3d00
CHIP::ISP::AISP.ISPSTATS1_AWBAEWINDOWHORZPOS @ 0x205ba3d80
CHIP::ISP::AISP.ISPSTATS1_AWBAEWINDOWVERTPOS @ 0x205ba3e00
CHIP::ISP::AISP.ISPSTATS1_AFWINDOWSTATLSB @ 0x205ba4000
CHIP::ISP::AISP.ISPSTATS1_AFWINDOWSTATMSB @ 0x205ba4200
CHIP::ISP::AISP.ISPSTATS1_AFWINDOWSUMLSB @ 0x205ba4400
CHIP::ISP::AISP.ISPSTATS1_AFWINDOWSUMMSB @ 0x205ba4600
CHIP::ISP::AISP.ISPSTATS1_AFWINDOWSUM2LSB @ 0x205ba4800
CHIP::ISP::AISP.ISPSTATS1_AFWINDOWSUM2MSB @ 0x205ba4a00
CHIP::ISP::AISP.ISPSTATS1_AFWINDOWHIIRSUMLSB @ 0x205ba4c00
CHIP::ISP::AISP.ISPSTATS1_AFWINDOWHIIRSUMMSB @ 0x205ba4c40
CHIP::ISP::AISP.ISPSTATS1_AFWINDOWCOUNTVALPIX @ 0x205ba4c80
CHIP::ISP::AISP.ISPSTATS1_THUMBNAILCONFIG @ 0x205ba4e00
CHIP::ISP::AISP.ISPSTATS1_THUMBREGIONSTARTXY @ 0x205ba4e18
CHIP::ISP::AISP.ISPSTATS1_THUMBREGIONENDXY @ 0x205ba4e1c
CHIP::ISP::AISP.ISPSTATS1_THUMBOFFSET @ 0x205ba4e20
CHIP::ISP::AISP.ISPSTATS1_THUMBDOWNSAMPLE @ 0x205ba4e24
CHIP::ISP::AISP.ISPSTATS1_THUMBAVGRECIPNUMPIX @ 0x205ba4e28
CHIP::ISP::AISP.ISPSTATS1_LOCALHISTCONFIG @ 0x205ba4e2c
CHIP::ISP::AISP.ISPSTATS1_LOCALHISTREGIONSTARTXY @ 0x205ba4e30
CHIP::ISP::AISP.ISPSTATS1_LOCALHISTREGIONENDXY @ 0x205ba4e34
CHIP::ISP::AISP.ISPSTATS1_LOCALHISTBLOCKSIZE @ 0x205ba4e38
CHIP::ISP::AISP.ISPSTATS1_LOCALHISTOFFSET @ 0x205ba4e3c
CHIP::ISP::AISP.ISPSTATS1_LOCALHISTSCALE @ 0x205ba4e40
CHIP::ISP::AISP.ISPSTATS1_FPNSCONFIG @ 0x205ba4e44
CHIP::ISP::AISP.ISPSTATS1_FPNSREGIONSTARTXY @ 0x205ba4e48
CHIP::ISP::AISP.ISPSTATS1_FPNSREGIONENDXY @ 0x205ba4e4c
CHIP::ISP::AISP.ISPSTATS1_FPNSSTRIP @ 0x205ba4e50
CHIP::ISP::AISP.ISPSTATS1_FPNSPOSINIT @ 0x205ba4e54
CHIP::ISP::AISP.ISPSTATS1_FPNSSTEPX @ 0x205ba4e64
CHIP::ISP::AISP.ISPSTATS1_FPNSSTEPY @ 0x205ba4e74
CHIP::ISP::AISP.ISPSTATS1_FPNSFPNSIZE @ 0x205ba4e84
CHIP::ISP::AISP.ISPSTATS1_FPNSDMAWRITES @ 0x205ba4e94
CHIP::ISP::AISP.ISPSTATS1_FPNSDMAWRCOUNT @ 0x205ba4e98
CHIP::ISP::AISP.ISPSTATSDMAMISC1_DMACONFIG @ 0x205ba4ec8
CHIP::ISP::AISP.ISPSTATSDMAMISC1_DMABFRCONFIG @ 0x205ba4ecc
CHIP::ISP::AISP.ISPSTATSDMAMISC1_DMASTTCONFIG @ 0x205ba4ed0
CHIP::ISP::AISP.ISPSTATSDMAMISC1_DMASWAPCONFIG @ 0x205ba4ed4
CHIP::ISP::AISP.ISPSTATSDMAMISC1_DMABASEADDR @ 0x205ba4ed8
CHIP::ISP::AISP.ISPSTATSDMATILE1_DMACONFIG @ 0x205ba4ee0
CHIP::ISP::AISP.ISPSTATSDMATILE1_DMABFRCONFIG @ 0x205ba4ee4
CHIP::ISP::AISP.ISPSTATSDMATILE1_DMASTTCONFIG @ 0x205ba4ee8
CHIP::ISP::AISP.ISPSTATSDMATILE1_DMASWAPCONFIG @ 0x205ba4eec
CHIP::ISP::AISP.ISPSTATSDMATILE1_DMABASEADDR @ 0x205ba4ef0
CHIP::ISP::AISP.ISPSTATSDMAPXL1_DMACONFIG @ 0x205ba4ef8
CHIP::ISP::AISP.ISPSTATSDMAPXL1_DMABFRCONFIG @ 0x205ba4efc
CHIP::ISP::AISP.ISPSTATSDMAPXL1_DMASTTCONFIG @ 0x205ba4f00
CHIP::ISP::AISP.ISPSTATSDMAPXL1_PADCONFIG @ 0x205ba4f04
CHIP::ISP::AISP.ISPSTATSDMAPXL1_FMT @ 0x205ba4f08
CHIP::ISP::AISP.ISPSTATSDMAPXL1_BASEADDR @ 0x205ba4f0c
CHIP::ISP::AISP.ISPSTATSDMAPXL1_STRIDE @ 0x205ba4f10
CHIP::ISP::AISP.ISPSTATSDMAPXL1_OFFSET @ 0x205ba4f14
CHIP::ISP::AISP.ISPSTATSDMAPXL1_SIZE @ 0x205ba4f18
CHIP::ISP::AISP.ISPSTATSDMAPXL1_PIXELOFFSETSCALE @ 0x205ba4f1c
CHIP::ISP::AISP.ISPSTATSDMAPXL1_REGIONSTARTXY @ 0x205ba4f20
CHIP::ISP::AISP.ISPSTATSDMAPXL1_REGIONENDXY @ 0x205ba4f24
CHIP::ISP::AISP.ISPSTATSDMAFPNS1_DMACONFIG @ 0x205ba4f28
CHIP::ISP::AISP.ISPSTATSDMAFPNS1_DMABFRCONFIG @ 0x205ba4f2c
CHIP::ISP::AISP.ISPSTATSDMAFPNS1_DMASTTCONFIG @ 0x205ba4f30
CHIP::ISP::AISP.ISPSTATSDMAFPNS1_DMASWAPCONFIG @ 0x205ba4f34
CHIP::ISP::AISP.ISPSTATSDMAFPNS1_DMABASEADDR @ 0x205ba4f38
CHIP::ISP::AISP.ISPSTATSDMATHUMB1_DMACONFIG @ 0x205ba4f40
CHIP::ISP::AISP.ISPSTATSDMATHUMB1_DMABFRCONFIG @ 0x205ba4f44
CHIP::ISP::AISP.ISPSTATSDMATHUMB1_DMASTTCONFIG @ 0x205ba4f48
CHIP::ISP::AISP.ISPSTATSDMATHUMB1_DMASWAPCONFIG @ 0x205ba4f4c
CHIP::ISP::AISP.ISPSTATSDMATHUMB1_DMABASEADDR @ 0x205ba4f50
CHIP::ISP::AISP.ISPSTATSDMALOCALHIST1_DMACONFIG @ 0x205ba4f58
CHIP::ISP::AISP.ISPSTATSDMALOCALHIST1_DMABFRCONFIG @ 0x205ba4f5c
CHIP::ISP::AISP.ISPSTATSDMALOCALHIST1_DMASTTCONFIG @ 0x205ba4f60
CHIP::ISP::AISP.ISPSTATSDMALOCALHIST1_DMASWAPCONFIG @ 0x205ba4f64
CHIP::ISP::AISP.ISPSTATSDMALOCALHIST1_DMABASEADDR @ 0x205ba4f68
CHIP::ISP::AISP.ISPSTATSDMAAFTILE1_DMACONFIG @ 0x205ba4f70
CHIP::ISP::AISP.ISPSTATSDMAAFTILE1_DMABFRCONFIG @ 0x205ba4f74
CHIP::ISP::AISP.ISPSTATSDMAAFTILE1_DMASTTCONFIG @ 0x205ba4f78
CHIP::ISP::AISP.ISPSTATSDMAAFTILE1_DMASWAPCONFIG @ 0x205ba4f7c
CHIP::ISP::AISP.ISPSTATSDMAAFTILE1_DMABASEADDR @ 0x205ba4f80
CHIP::ISP::AISP.RAWPROC_INQCONFIG @ 0x205ba5000
CHIP::ISP::AISP.RAWPROC_RAWINCGQCONFIG @ 0x205ba5004
CHIP::ISP::AISP.RAWPROC_RAWOUTCGQCONFIG @ 0x205ba5008
CHIP::ISP::AISP.RAWPROC_FPNRINCGQCONFIG @ 0x205ba500c
CHIP::ISP::AISP.RAWPROC_DPCINCGQCONFIG @ 0x205ba5010
CHIP::ISP::AISP.RAWPROC_DPCOUTCGQCONFIG @ 0x205ba5014
CHIP::ISP::AISP.RAWPROC_FPCOUTCGQCONFIG @ 0x205ba5018
CHIP::ISP::AISP.RAWPROC_GNUOUTCGQCONFIG @ 0x205ba501c
CHIP::ISP::AISP.RAWPROC_LSCINCGQCONFIG @ 0x205ba5020
CHIP::ISP::AISP.RAWPROC_HROUTCGQCONFIG @ 0x205ba5024
CHIP::ISP::AISP.RAWPROC_FSCLMIDCGQCONFIG @ 0x205ba5028
CHIP::ISP::AISP.RAWPROC_FSCLOUTCGQCONFIG @ 0x205ba502c
CHIP::ISP::AISP.RAWPROC_ZEROBIAS @ 0x205ba5030
CHIP::ISP::AISP.RAWPROC_FIRSTPIX @ 0x205ba5034
CHIP::ISP::AISP.RAWPROC_BAYERCRCCONFIG @ 0x205ba5038
CHIP::ISP::AISP.RAWPROC_BAYERCRCVALUE @ 0x205ba503c
CHIP::ISP::AISP.RAWPROC_RESAMPLECRCCONFIG @ 0x205ba5040
CHIP::ISP::AISP.RAWPROC_RESAMPLECRCVALUE @ 0x205ba5044
CHIP::ISP::AISP.RAWPROC_POSITION @ 0x205ba5048
CHIP::ISP::AISP.RAWPROC_SPARE @ 0x205ba504c
CHIP::ISP::AISP.RAWPROCDMASRC_DMACONFIG @ 0x205ba5080
CHIP::ISP::AISP.RAWPROCDMASRC_DMABFRCONFIG @ 0x205ba5084
CHIP::ISP::AISP.RAWPROCDMASRC_DMASTTCONFIG @ 0x205ba5088
CHIP::ISP::AISP.RAWPROCDMASRC_FMT @ 0x205ba508c
CHIP::ISP::AISP.RAWPROCDMASRC_BASEADDR @ 0x205ba5090
CHIP::ISP::AISP.RAWPROCDMASRC_STRIDE @ 0x205ba5094
CHIP::ISP::AISP.RAWPROCDMASRC_OFFSET @ 0x205ba5098
CHIP::ISP::AISP.RAWPROCDMASRC_SIZE @ 0x205ba509c
CHIP::ISP::AISP.RAWPROCDMASRC_PIXELOFFSETSCALE @ 0x205ba50a0
CHIP::ISP::AISP.RAWPROCDMADST_DMACONFIG @ 0x205ba50a8
CHIP::ISP::AISP.RAWPROCDMADST_DMABFRCONFIG @ 0x205ba50ac
CHIP::ISP::AISP.RAWPROCDMADST_DMASTTCONFIG @ 0x205ba50b0
CHIP::ISP::AISP.RAWPROCDMADST_PADCONFIG @ 0x205ba50b4
CHIP::ISP::AISP.RAWPROCDMADST_FMT @ 0x205ba50b8
CHIP::ISP::AISP.RAWPROCDMADST_BASEADDR @ 0x205ba50bc
CHIP::ISP::AISP.RAWPROCDMADST_STRIDE @ 0x205ba50c0
CHIP::ISP::AISP.RAWPROCDMADST_OFFSET @ 0x205ba50c4
CHIP::ISP::AISP.RAWPROCDMADST_SIZE @ 0x205ba50c8
CHIP::ISP::AISP.RAWPROCDMADST_PIXELOFFSETSCALE @ 0x205ba50cc
CHIP::ISP::AISP.RAWPROCDMADST_REGIONSTARTXY @ 0x205ba50d0
CHIP::ISP::AISP.RAWPROCDMADST_REGIONENDXY @ 0x205ba50d4
CHIP::ISP::AISP.RAWPROCMIDDMADST_DMACONFIG @ 0x205ba50d8
CHIP::ISP::AISP.RAWPROCMIDDMADST_DMABFRCONFIG @ 0x205ba50dc
CHIP::ISP::AISP.RAWPROCMIDDMADST_DMASTTCONFIG @ 0x205ba50e0
CHIP::ISP::AISP.RAWPROCMIDDMADST_PADCONFIG @ 0x205ba50e4
CHIP::ISP::AISP.RAWPROCMIDDMADST_FMT @ 0x205ba50e8
CHIP::ISP::AISP.RAWPROCMIDDMADST_BASEADDR @ 0x205ba50ec
CHIP::ISP::AISP.RAWPROCMIDDMADST_STRIDE @ 0x205ba50f0
CHIP::ISP::AISP.RAWPROCMIDDMADST_OFFSET @ 0x205ba50f4
CHIP::ISP::AISP.RAWPROCMIDDMADST_SIZE @ 0x205ba50f8
CHIP::ISP::AISP.RAWPROCMIDDMADST_PIXELOFFSETSCALE @ 0x205ba50fc
CHIP::ISP::AISP.RAWPROCMIDDMADST_REGIONSTARTXY @ 0x205ba5100
CHIP::ISP::AISP.RAWPROCMIDDMADST_REGIONENDXY @ 0x205ba5104
CHIP::ISP::AISP.RAWPROCSLIN_CONFIG @ 0x205ba5108
CHIP::ISP::AISP.RAWPROCSLIN_FRMXYPTR @ 0x205ba510c
CHIP::ISP::AISP.RAWPROCSLIN_FRMSTATE @ 0x205ba5110
CHIP::ISP::AISP.RAWPROCSLIN_OFFSETIN @ 0x205ba5114
CHIP::ISP::AISP.RAWPROCSLIN_OFFSETOUT @ 0x205ba5124
CHIP::ISP::AISP.RAWPROCSLIN_CLIPCOUNTIN @ 0x205ba5134
CHIP::ISP::AISP.RAWPROCSLIN_CLIPCOUNTOUT @ 0x205ba5138
CHIP::ISP::AISP.RAWPROCSLIN_SLINMEMCONFIG @ 0x205ba513c
CHIP::ISP::AISP.RAWPROCSLIN_SLINMEMVALUE @ 0x205ba5140
CHIP::ISP::AISP.RAWPROCBLC_CONFIG @ 0x205ba5148
CHIP::ISP::AISP.RAWPROCBLC_FRMXYPTR @ 0x205ba514c
CHIP::ISP::AISP.RAWPROCBLC_FRMSTATE @ 0x205ba5150
CHIP::ISP::AISP.RAWPROCBLC_REGIONSTARTXY @ 0x205ba5154
CHIP::ISP::AISP.RAWPROCBLC_REGIONENDXY @ 0x205ba5158
CHIP::ISP::AISP.RAWPROCBLC_GAIN @ 0x205ba515c
CHIP::ISP::AISP.RAWPROCBLC_OFFSET1 @ 0x205ba516c
CHIP::ISP::AISP.RAWPROCBLC_OFFSET2 @ 0x205ba517c
CHIP::ISP::AISP.RAWPROCBLC_MIN @ 0x205ba518c
CHIP::ISP::AISP.RAWPROCBLC_MAX @ 0x205ba519c
CHIP::ISP::AISP.RAWPROCBLC_COUNTLOW @ 0x205ba51ac
CHIP::ISP::AISP.RAWPROCBLC_COUNTHIGH @ 0x205ba51bc
CHIP::ISP::AISP.RAWPROCFPNR_CONFIG @ 0x205ba51d0
CHIP::ISP::AISP.RAWPROCFPNR_FRMXYPTR @ 0x205ba51d4
CHIP::ISP::AISP.RAWPROCFPNR_FRMSTATE @ 0x205ba51d8
CHIP::ISP::AISP.RAWPROCFPNR_BYPASSTHDLOW @ 0x205ba51dc
CHIP::ISP::AISP.RAWPROCFPNR_BYPASSTHDHIGH @ 0x205ba51ec
CHIP::ISP::AISP.RAWPROCFPNR_OFFSETIN @ 0x205ba51fc
CHIP::ISP::AISP.RAWPROCFPNR_OFFSETOUT @ 0x205ba520c
CHIP::ISP::AISP.RAWPROCFPNR_FRAMEOFFWIDTH @ 0x205ba521c
CHIP::ISP::AISP.RAWPROCFPNR_FRAMEGAINFRACTION @ 0x205ba5224
CHIP::ISP::AISP.RAWPROCFPNR_FRAMEOFFSETWEIGHT @ 0x205ba5228
CHIP::ISP::AISP.RAWPROCFPNR_ROWOFFWIDTH @ 0x205ba5230
CHIP::ISP::AISP.RAWPROCFPNR_ROWGAINFRACTION @ 0x205ba5238
CHIP::ISP::AISP.RAWPROCFPNR_ROWOFFSETWEIGHT @ 0x205ba523c
CHIP::ISP::AISP.RAWPROCFPNR_ROWFPNRCOLOREN @ 0x205ba5244
CHIP::ISP::AISP.RAWPROCFPNR_ROWPOSOFFSET @ 0x205ba5248
CHIP::ISP::AISP.RAWPROCFPNR_ROWPOSINIT @ 0x205ba5258
CHIP::ISP::AISP.RAWPROCFPNR_ROWPOSSTEPX @ 0x205ba5268
CHIP::ISP::AISP.RAWPROCFPNR_ROWPOSSTEPY @ 0x205ba5278
CHIP::ISP::AISP.RAWPROCFPNR_ROWFPNSIZE @ 0x205ba5288
CHIP::ISP::AISP.RAWPROCFPNR_COLOFFWIDTH @ 0x205ba5298
CHIP::ISP::AISP.RAWPROCFPNR_COLGAINFRACTION @ 0x205ba52a0
CHIP::ISP::AISP.RAWPROCFPNR_COLOFFSETWEIGHT @ 0x205ba52a4
CHIP::ISP::AISP.RAWPROCFPNR_COLFPNRCOLOREN @ 0x205ba52ac
CHIP::ISP::AISP.RAWPROCFPNR_COLPOSOFFSET @ 0x205ba52b0
CHIP::ISP::AISP.RAWPROCFPNR_COLPOSINIT @ 0x205ba52c0
CHIP::ISP::AISP.RAWPROCFPNR_COLPOSSTEPX @ 0x205ba52d0
CHIP::ISP::AISP.RAWPROCFPNR_COLPOSSTEPY @ 0x205ba52e0
CHIP::ISP::AISP.RAWPROCFPNR_COLFPNSIZE @ 0x205ba52f0
CHIP::ISP::AISP.RAWPROCFPNR_OFFSETLUTMEMCONFIG @ 0x205ba5300
CHIP::ISP::AISP.RAWPROCFPNR_OFFSETLUTMEMVALUE @ 0x205ba5304
CHIP::ISP::AISP.RAWPROCFPNR_GAINLUTMEMCONFIG @ 0x205ba5308
CHIP::ISP::AISP.RAWPROCFPNR_GAINLUTMEMVALUE @ 0x205ba530c
CHIP::ISP::AISP.RAWPROCFPNR_COLFPNMEMCONFIG @ 0x205ba5310
CHIP::ISP::AISP.RAWPROCFPNR_COLFPNMEMVALUE @ 0x205ba5314
CHIP::ISP::AISP.RAWPROCFPNR_ROWFPNMEMCONFIG @ 0x205ba5318
CHIP::ISP::AISP.RAWPROCFPNR_ROWFPNMEMVALUE @ 0x205ba531c
CHIP::ISP::AISP.RAWPROCFPNRDMASRC_DMACONFIG @ 0x205ba53b0
CHIP::ISP::AISP.RAWPROCFPNRDMASRC_DMABFRCONFIG @ 0x205ba53b4
CHIP::ISP::AISP.RAWPROCFPNRDMASRC_DMASTTCONFIG @ 0x205ba53b8
CHIP::ISP::AISP.RAWPROCFPNRDMASRC_FMT @ 0x205ba53bc
CHIP::ISP::AISP.RAWPROCFPNRDMASRC_BASEADDR @ 0x205ba53c0
CHIP::ISP::AISP.RAWPROCFPNRDMASRC_STRIDE @ 0x205ba53c4
CHIP::ISP::AISP.RAWPROCFPNRDMASRC_OFFSET @ 0x205ba53c8
CHIP::ISP::AISP.RAWPROCFPNRDMASRC_SIZE @ 0x205ba53cc
CHIP::ISP::AISP.RAWPROCFPNRDMASRC_PIXELOFFSETSCALE @ 0x205ba53d0
CHIP::ISP::AISP.RAWPROCPDC_CONFIG @ 0x205ba53d8
CHIP::ISP::AISP.RAWPROCPDC_BYPASSTHD @ 0x205ba53dc
CHIP::ISP::AISP.RAWPROCPDC_STATICFIFOSIZE @ 0x205ba53ec
CHIP::ISP::AISP.RAWPROCPDC_REGIONSTARTXY @ 0x205ba53f0
CHIP::ISP::AISP.RAWPROCPDC_REGIONENDXY @ 0x205ba53f4
CHIP::ISP::AISP.RAWPROCPDC_STATICSIZE @ 0x205ba53f8
CHIP::ISP::AISP.RAWPROCPDC_DYNAMICMAX @ 0x205ba53fc
CHIP::ISP::AISP.RAWPROCPDC_DPCCORRECTIONCOEFF @ 0x205ba5400
CHIP::ISP::AISP.RAWPROCPDC_GRAMAX @ 0x205ba5580
CHIP::ISP::AISP.RAWPROCPDC_DYNAMICTHD0MEMCONFIG @ 0x205ba5590
CHIP::ISP::AISP.RAWPROCPDC_DYNAMICTHD0MEMVALUE @ 0x205ba5594
CHIP::ISP::AISP.RAWPROCPDC_DYNAMICTHD1MEMCONFIG @ 0x205ba5598
CHIP::ISP::AISP.RAWPROCPDC_DYNAMICTHD1MEMVALUE @ 0x205ba559c
CHIP::ISP::AISP.RAWPROCPDC_DYNAMICTHD2MEMCONFIG @ 0x205ba55a0
CHIP::ISP::AISP.RAWPROCPDC_DYNAMICTHD2MEMVALUE @ 0x205ba55a4
CHIP::ISP::AISP.RAWPROCPDC_POPTHD @ 0x205ba55a8
CHIP::ISP::AISP.RAWPROCPDC_DESPTHD0MEMCONFIG @ 0x205ba55ac
CHIP::ISP::AISP.RAWPROCPDC_DESPTHD0MEMVALUE @ 0x205ba55b0
CHIP::ISP::AISP.RAWPROCPDC_DESPTHD1MEMCONFIG @ 0x205ba55b4
CHIP::ISP::AISP.RAWPROCPDC_DESPTHD1MEMVALUE @ 0x205ba55b8
CHIP::ISP::AISP.RAWPROCPDC_DESPTHD2MEMCONFIG @ 0x205ba55bc
CHIP::ISP::AISP.RAWPROCPDC_DESPTHD2MEMVALUE @ 0x205ba55c0
CHIP::ISP::AISP.RAWPROCPDC_HIGHLIGHTTHDMEMCONFIG @ 0x205ba55c4
CHIP::ISP::AISP.RAWPROCPDC_HIGHLIGHTTHDMEMVALUE @ 0x205ba55c8
CHIP::ISP::AISP.RAWPROCPDC_HIGHLIGHTMAXDEF @ 0x205ba55cc
CHIP::ISP::AISP.RAWPROCPDC_HIGHLIGHTMAXSPE @ 0x205ba55d0
CHIP::ISP::AISP.RAWPROCPDC_CONFIDENCE @ 0x205ba55d4
CHIP::ISP::AISP.RAWPROCPDC_STATICREPLACETHD @ 0x205ba55d8
CHIP::ISP::AISP.RAWPROCPDC_DYNAMICCOUNT @ 0x205ba55dc
CHIP::ISP::AISP.RAWPROCPDC_GMINOUT @ 0x205ba55ec
CHIP::ISP::AISP.RAWPROCPDC_GMINLOCATION @ 0x205ba562c
CHIP::ISP::AISP.RAWPROCPDC_PIXELOUTLOCATION @ 0x205ba566c
CHIP::ISP::AISP.RAWPROCPDC_PIXELBLOCKOUT @ 0x205ba56ac
CHIP::ISP::AISP.RAWPROCPDC_XTALKCOEFFMEMCONFIG @ 0x205ba58ac
CHIP::ISP::AISP.RAWPROCPDC_XTALKCOEFFMEMVALUE @ 0x205ba58b0
CHIP::ISP::AISP.RAWPROCPDC_XTALKSHIFT @ 0x205ba58b4
CHIP::ISP::AISP.RAWPROCPDC_XTALKCOEFFINTERVAL @ 0x205ba58b8
CHIP::ISP::AISP.RAWPROCPDC_XTALKCOEFFINTRECIP @ 0x205ba58bc
CHIP::ISP::AISP.RAWPROCPDC_XTALKGRIDOFFSETX @ 0x205ba58c0
CHIP::ISP::AISP.RAWPROCPDC_XTALKGRIDOFFSETY @ 0x205ba58c4
CHIP::ISP::AISP.RAWPROCPDC_FPFLATTHDMEMCONFIG @ 0x205ba58c8
CHIP::ISP::AISP.RAWPROCPDC_FPFLATTHDMEMVALUE @ 0x205ba58cc
CHIP::ISP::AISP.RAWPROCPDC_FPCORRECTIONCOEFF @ 0x205ba58d0
CHIP::ISP::AISP.RAWPROCPDC_FPCEDGETHD @ 0x205ba5998
CHIP::ISP::AISP.RAWPROCPDC_FPCGRADADJUSTFACTOR @ 0x205ba599c
CHIP::ISP::AISP.RAWPROCPDC_FPCWEIGHTFACTOR @ 0x205ba59a0
CHIP::ISP::AISP.RAWPROCPDC_FPREPWEIGHTFACTOR @ 0x205ba59a4
CHIP::ISP::AISP.RAWPROCPDC_FPREPWEIGHTLUT @ 0x205ba59a8
CHIP::ISP::AISP.RAWPROCPDC_PDPCONFIG @ 0x205ba59ec
CHIP::ISP::AISP.RAWPROCPDC_PDPGROUPSTART @ 0x205ba59fc
CHIP::ISP::AISP.RAWPROCPDC_PDPGROUPINTERVAL @ 0x205ba5a0c
CHIP::ISP::AISP.RAWPROCPDC_PDPNUMGROUPS @ 0x205ba5a1c
CHIP::ISP::AISP.RAWPROCPDC_PDPNORMALSTART @ 0x205ba5a2c
CHIP::ISP::AISP.RAWPROCPDC_PDPNORMALINTERVAL @ 0x205ba5a3c
CHIP::ISP::AISP.RAWPROCPDC_FPCDMAWRITES @ 0x205ba5a4c
CHIP::ISP::AISP.RAWPROCPDC_DEFECTDMACOUNT @ 0x205ba5a50
CHIP::ISP::AISP.RAWPROCPDCDMASTATIC_DMACONFIG @ 0x205ba5a54
CHIP::ISP::AISP.RAWPROCPDCDMASTATIC_DMABFRCONFIG @ 0x205ba5a58
CHIP::ISP::AISP.RAWPROCPDCDMASTATIC_DMASTTCONFIG @ 0x205ba5a5c
CHIP::ISP::AISP.RAWPROCPDCDMASTATIC_DMASWAPCONFIG @ 0x205ba5a60
CHIP::ISP::AISP.RAWPROCPDCDMASTATIC_DMABASEADDR @ 0x205ba5a64
CHIP::ISP::AISP.RAWPROCPDCDMADYNAMIC_DMACONFIG @ 0x205ba5a6c
CHIP::ISP::AISP.RAWPROCPDCDMADYNAMIC_DMABFRCONFIG @ 0x205ba5a70
CHIP::ISP::AISP.RAWPROCPDCDMADYNAMIC_DMASTTCONFIG @ 0x205ba5a74
CHIP::ISP::AISP.RAWPROCPDCDMADYNAMIC_DMASWAPCONFIG @ 0x205ba5a78
CHIP::ISP::AISP.RAWPROCPDCDMADYNAMIC_DMABASEADDR @ 0x205ba5a7c
CHIP::ISP::AISP.RAWPROCPDCDMAFPC_DMACONFIG @ 0x205ba5a84
CHIP::ISP::AISP.RAWPROCPDCDMAFPC_DMABFRCONFIG @ 0x205ba5a88
CHIP::ISP::AISP.RAWPROCPDCDMAFPC_DMASTTCONFIG @ 0x205ba5a8c
CHIP::ISP::AISP.RAWPROCPDCDMAFPC_DMASWAPCONFIG @ 0x205ba5a90
CHIP::ISP::AISP.RAWPROCPDCDMAFPC_DMABASEADDR @ 0x205ba5a94
CHIP::ISP::AISP.RAWPROCRNF_CONFIG @ 0x205ba5a9c
CHIP::ISP::AISP.RAWPROCRNF_FRMXYPTR @ 0x205ba5aa0
CHIP::ISP::AISP.RAWPROCRNF_FRMSTATE @ 0x205ba5aa4
CHIP::ISP::AISP.RAWPROCRNF_BYPASSTHD @ 0x205ba5aa8
CHIP::ISP::AISP.RAWPROCRNF_REGIONSTARTXY @ 0x205ba5ab8
CHIP::ISP::AISP.RAWPROCRNF_REGIONENDXY @ 0x205ba5abc
CHIP::ISP::AISP.RAWPROCRNF_OPTCENTER @ 0x205ba5ac0
CHIP::ISP::AISP.RAWPROCRNF_RADGAINMEMCONFIG @ 0x205ba5ac4
CHIP::ISP::AISP.RAWPROCRNF_RADGAINMEMVALUE @ 0x205ba5ac8
CHIP::ISP::AISP.RAWPROCRNF_COEFF @ 0x205ba5b00
CHIP::ISP::AISP.RAWPROCRNF_DEVINVMEM @ 0x205ba5c00
CHIP::ISP::AISP.RAWPROCRVF_CONFIG @ 0x205ba609c
CHIP::ISP::AISP.RAWPROCRVF_BLUEIIR @ 0x205ba60a0
CHIP::ISP::AISP.RAWPROCRVF_BLUEIIRMIX @ 0x205ba60b0
CHIP::ISP::AISP.RAWPROCRVF_REDIIR @ 0x205ba60b4
CHIP::ISP::AISP.RAWPROCRVF_REDIIRMIX @ 0x205ba60c4
CHIP::ISP::AISP.RAWPROCHRD_CONFIG @ 0x205ba60d0
CHIP::ISP::AISP.RAWPROCHRD_FRMXYPTR @ 0x205ba60d4
CHIP::ISP::AISP.RAWPROCHRD_FRMSTATE @ 0x205ba60d8
CHIP::ISP::AISP.RAWPROCHRD_BCFCOEFF @ 0x205ba60dc
CHIP::ISP::AISP.RAWPROCHRD_GNUADJUSTFACTOR @ 0x205ba626c
CHIP::ISP::AISP.RAWPROCHRD_GNUMAXMEMCONFIG @ 0x205ba6270
CHIP::ISP::AISP.RAWPROCHRD_GNUMAXMEMVALUE @ 0x205ba6274
CHIP::ISP::AISP.RAWPROCHRD_GNUTHUMBSIZE @ 0x205ba6278
CHIP::ISP::AISP.RAWPROCHRD_GNUTHUMBOFFSET @ 0x205ba627c
CHIP::ISP::AISP.RAWPROCHRD_GNUTHUMBDOWNSAMPLE @ 0x205ba6280
CHIP::ISP::AISP.RAWPROCHRD_GNUTHUMBAVGRECIP @ 0x205ba6284
CHIP::ISP::AISP.RAWPROCHRD_SIMDEMCOEFFBONGR @ 0x205ba6288
CHIP::ISP::AISP.RAWPROCHRD_SIMDEMCOEFFBONR @ 0x205ba6298
CHIP::ISP::AISP.RAWPROCHRD_SIMDEMCOEFFGBONR @ 0x205ba62a8
CHIP::ISP::AISP.RAWPROCHRD_SIMDEMCOEFFGRONB @ 0x205ba62b8
CHIP::ISP::AISP.RAWPROCHRD_SIMDEMCOEFFRONB @ 0x205ba62c8
CHIP::ISP::AISP.RAWPROCHRD_SIMDEMCOEFFRONGB @ 0x205ba62d8
CHIP::ISP::AISP.RAWPROCHRD_SIMDEMHFSCALE @ 0x205ba62e8
CHIP::ISP::AISP.RAWPROCHRD_BLUEHORIZFIR @ 0x205ba62ec
CHIP::ISP::AISP.RAWPROCHRD_BLUEVERTFIR @ 0x205ba62f8
CHIP::ISP::AISP.RAWPROCHRD_BLUEFIRMIX @ 0x205ba6308
CHIP::ISP::AISP.RAWPROCHRD_REDHORIZFIR @ 0x205ba630c
CHIP::ISP::AISP.RAWPROCHRD_REDVERTFIR @ 0x205ba6318
CHIP::ISP::AISP.RAWPROCHRD_REDFIRMIX @ 0x205ba6328
CHIP::ISP::AISP.RAWPROCHRDDMAGNU_DMACONFIG @ 0x205ba6338
CHIP::ISP::AISP.RAWPROCHRDDMAGNU_DMABFRCONFIG @ 0x205ba633c
CHIP::ISP::AISP.RAWPROCHRDDMAGNU_DMASTTCONFIG @ 0x205ba6340
CHIP::ISP::AISP.RAWPROCHRDDMAGNU_DMASWAPCONFIG @ 0x205ba6344
CHIP::ISP::AISP.RAWPROCHRDDMAGNU_DMABASEADDR @ 0x205ba6348
CHIP::ISP::AISP.RAWPROCLSC_CONFIG @ 0x205ba6350
CHIP::ISP::AISP.RAWPROCLSC_FRMXYPTR @ 0x205ba6354
CHIP::ISP::AISP.RAWPROCLSC_FRMSTATE @ 0x205ba6358
CHIP::ISP::AISP.RAWPROCLSC_REGIONSTARTXY @ 0x205ba635c
CHIP::ISP::AISP.RAWPROCLSC_REGIONENDXY @ 0x205ba6360
CHIP::ISP::AISP.RAWPROCLSC_GRIDFIRSTPIX @ 0x205ba6364
CHIP::ISP::AISP.RAWPROCLSC_GRIDINTERVALS @ 0x205ba6368
CHIP::ISP::AISP.RAWPROCLSC_GRIDINTERVALRECIP @ 0x205ba636c
CHIP::ISP::AISP.RAWPROCLSC_GRIDSPACINGS @ 0x205ba6370
CHIP::ISP::AISP.RAWPROCLSC_GRIDOFFSETS @ 0x205ba6374
CHIP::ISP::AISP.RAWPROCLSC_STATMAXPRE @ 0x205ba6378
CHIP::ISP::AISP.RAWPROCLSC_STATMAXPOST @ 0x205ba6388
CHIP::ISP::AISP.RAWPROCLSC_STATCLIPMAXPRE @ 0x205ba6398
CHIP::ISP::AISP.RAWPROCLSC_STATCLIPMAXPOST @ 0x205ba63a8
CHIP::ISP::AISP.RAWPROCLSC_STATCLIPMAXAND @ 0x205ba63b8
CHIP::ISP::AISP.RAWPROCLSCDMA_DMACONFIG @ 0x205ba63e0
CHIP::ISP::AISP.RAWPROCLSCDMA_DMABFRCONFIG @ 0x205ba63e4
CHIP::ISP::AISP.RAWPROCLSCDMA_DMASTTCONFIG @ 0x205ba63e8
CHIP::ISP::AISP.RAWPROCLSCDMA_FMT @ 0x205ba63ec
CHIP::ISP::AISP.RAWPROCLSCDMA_DMABASEADDR @ 0x205ba63f0
CHIP::ISP::AISP.RAWPROCLSCDMA_STRIDE @ 0x205ba63f4
CHIP::ISP::AISP.RAWPROCWBG_CONFIG @ 0x205ba6408
CHIP::ISP::AISP.RAWPROCWBG_FRMXYPTR @ 0x205ba640c
CHIP::ISP::AISP.RAWPROCWBG_FRMSTATE @ 0x205ba6410
CHIP::ISP::AISP.RAWPROCWBG_REGIONSTARTXY @ 0x205ba6414
CHIP::ISP::AISP.RAWPROCWBG_REGIONENDXY @ 0x205ba6418
CHIP::ISP::AISP.RAWPROCWBG_GAIN @ 0x205ba641c
CHIP::ISP::AISP.RAWPROCWBG_OFFSET1 @ 0x205ba642c
CHIP::ISP::AISP.RAWPROCWBG_OFFSET2 @ 0x205ba643c
CHIP::ISP::AISP.RAWPROCWBG_MIN @ 0x205ba644c
CHIP::ISP::AISP.RAWPROCWBG_MAX @ 0x205ba645c
CHIP::ISP::AISP.RAWPROCWBG_COUNTLOW @ 0x205ba646c
CHIP::ISP::AISP.RAWPROCWBG_COUNTHIGH @ 0x205ba647c
CHIP::ISP::AISP.RAWPROCHR_CONFIG @ 0x205ba6490
CHIP::ISP::AISP.RAWPROCHR_FRMXYPTR @ 0x205ba6494
CHIP::ISP::AISP.RAWPROCHR_FRMSTATE @ 0x205ba6498
CHIP::ISP::AISP.RAWPROCHR_MAXLEVEL @ 0x205ba649c
CHIP::ISP::AISP.RAWPROCHR_CLIPLEVELOFFSET @ 0x205ba64ac
CHIP::ISP::AISP.RAWPROCHR_MINRGB_R @ 0x205ba64bc
CHIP::ISP::AISP.RAWPROCHR_MINRGB_G @ 0x205ba64c8
CHIP::ISP::AISP.RAWPROCHR_MINRGB_B @ 0x205ba64d4
CHIP::ISP::AISP.RAWPROCHR_MAXRGB_R @ 0x205ba64e0
CHIP::ISP::AISP.RAWPROCHR_MAXRGB_G @ 0x205ba64ec
CHIP::ISP::AISP.RAWPROCHR_MAXRGB_B @ 0x205ba64f8
CHIP::ISP::AISP.RAWPROCHR_RECIPRGB_R @ 0x205ba6504
CHIP::ISP::AISP.RAWPROCHR_RECIPRGB_G @ 0x205ba6510
CHIP::ISP::AISP.RAWPROCHR_RECIPRGB_B @ 0x205ba651c
CHIP::ISP::AISP.RAWPROCHR_RLUTMEMCONFIG @ 0x205ba6528
CHIP::ISP::AISP.RAWPROCHR_RLUTMEMVALUE @ 0x205ba652c
CHIP::ISP::AISP.RAWPROCHR_GLUTMEMCONFIG @ 0x205ba6530
CHIP::ISP::AISP.RAWPROCHR_GLUTMEMVALUE @ 0x205ba6534
CHIP::ISP::AISP.RAWPROCHR_BLUTMEMCONFIG @ 0x205ba6538
CHIP::ISP::AISP.RAWPROCHR_BLUTMEMVALUE @ 0x205ba653c
CHIP::ISP::AISP.RAWPROCDEMOSAIC_CONFIG @ 0x205ba6590
CHIP::ISP::AISP.RAWPROCDEMOSAIC_FRMXYPTR @ 0x205ba6594
CHIP::ISP::AISP.RAWPROCDEMOSAIC_FRMSTATE @ 0x205ba6598
CHIP::ISP::AISP.RAWPROCDEMOSAIC_EDGEADAPTIVETHD @ 0x205ba659c
CHIP::ISP::AISP.RAWPROCDEMOSAIC_HFADAPTIVETHDGONR @ 0x205ba65a0
CHIP::ISP::AISP.RAWPROCDEMOSAIC_HFADAPTIVETHDGONB @ 0x205ba65a4
CHIP::ISP::AISP.RAWPROCDEMOSAIC_HFADAPTIVETHDRBONGR @ 0x205ba65a8
CHIP::ISP::AISP.RAWPROCDEMOSAIC_HFADAPTIVETHDRBONGB @ 0x205ba65ac
CHIP::ISP::AISP.RAWPROCDEMOSAIC_HFADAPTIVETHDRONB @ 0x205ba65b0
CHIP::ISP::AISP.RAWPROCDEMOSAIC_HFADAPTIVETHDBONR @ 0x205ba65b4
CHIP::ISP::AISP.RAWPROCDEMOSAIC_HFGRADDIRTHD @ 0x205ba65b8
CHIP::ISP::AISP.RAWPROCDEMOSAIC_ENERGYWEIGHTLUT @ 0x205ba65c4
CHIP::ISP::AISP.RAWPROCDEMOSAIC_GNUMAXLUT @ 0x205ba6608
CHIP::ISP::AISP.RAWPROCDEMOSAIC_THR_PLUT @ 0x205ba664c
CHIP::ISP::AISP.RAWPROCCSC_CONFIG @ 0x205ba66d0
CHIP::ISP::AISP.RAWPROCCSC_FRMXYPTR @ 0x205ba66d4
CHIP::ISP::AISP.RAWPROCCSC_FRMSTATE @ 0x205ba66d8
CHIP::ISP::AISP.RAWPROCCSC_OFFSETIN @ 0x205ba66dc
CHIP::ISP::AISP.RAWPROCCSC_COEFF @ 0x205ba66e8
CHIP::ISP::AISP.RAWPROCCSC_OFFSETOUT @ 0x205ba670c
CHIP::ISP::AISP.RAWPROCCSC_CLIPMIN @ 0x205ba6718
CHIP::ISP::AISP.RAWPROCCSC_CLIPMAX @ 0x205ba6724
CHIP::ISP::AISP.RAWPROCCSC_COUNTLOW @ 0x205ba6730
CHIP::ISP::AISP.RAWPROCCSC_COUNTHIGH @ 0x205ba673c
CHIP::ISP::AISP.RAWPROCGAMMA_CONFIG @ 0x205ba6750
CHIP::ISP::AISP.RAWPROCGAMMA_GAMMAMEMCONFIG @ 0x205ba6754
CHIP::ISP::AISP.RAWPROCGAMMA_GAMMAMEMVALUE @ 0x205ba6758
CHIP::ISP::AISP.RAWPROCCSC2_CONFIG @ 0x205ba6790
CHIP::ISP::AISP.RAWPROCCSC2_FRMXYPTR @ 0x205ba6794
CHIP::ISP::AISP.RAWPROCCSC2_FRMSTATE @ 0x205ba6798
CHIP::ISP::AISP.RAWPROCCSC2_OFFSETIN @ 0x205ba679c
CHIP::ISP::AISP.RAWPROCCSC2_COEFF @ 0x205ba67a8
CHIP::ISP::AISP.RAWPROCCSC2_OFFSETOUT @ 0x205ba67cc
CHIP::ISP::AISP.RAWPROCCSC2_CLIPMIN @ 0x205ba67d8
CHIP::ISP::AISP.RAWPROCCSC2_CLIPMAX @ 0x205ba67e4
CHIP::ISP::AISP.RAWPROCCSC2_COUNTLOW @ 0x205ba67f0
CHIP::ISP::AISP.RAWPROCCSC2_COUNTHIGH @ 0x205ba67fc
CHIP::ISP::AISP.RAWPROCFSCL_CONFIG @ 0x205ba6810
CHIP::ISP::AISP.RAWPROCFSCL_VSCLFRMXYPTR @ 0x205ba6814
CHIP::ISP::AISP.RAWPROCFSCL_VSCLFRMSTATE @ 0x205ba6818
CHIP::ISP::AISP.RAWPROCFSCL_HSCLFRMXYPTR @ 0x205ba681c
CHIP::ISP::AISP.RAWPROCFSCL_HSCLFRMSTATE @ 0x205ba6820
CHIP::ISP::AISP.RAWPROCFSCL_COEFFYHORZ @ 0x205ba6824
CHIP::ISP::AISP.RAWPROCFSCL_COEFFCHHORZ @ 0x205ba6a64
CHIP::ISP::AISP.RAWPROCFSCL_COEFFYVERT @ 0x205ba6ca4
CHIP::ISP::AISP.RAWPROCFSCL_COEFFCHVERT @ 0x205ba6ee4
CHIP::ISP::AISP.RAWPROCFSCL_OUTSIZE @ 0x205ba7124
CHIP::ISP::AISP.RAWPROCFSCL_DDAINITHORZ @ 0x205ba7128
CHIP::ISP::AISP.RAWPROCFSCL_DDAINITVERT @ 0x205ba712c
CHIP::ISP::AISP.RAWPROCFSCL_DDASTEPHORZ @ 0x205ba7130
CHIP::ISP::AISP.RAWPROCFSCL_DDASTEPVERT @ 0x205ba7134
CHIP::ISP::AISP.RAWPROCFSCL_CHROMAHDEC @ 0x205ba7138
CHIP::ISP::AISP.RAWPROCFSCL_DOTDETECTLUT @ 0x205ba7150
CHIP::ISP::AISP.RAWPROCFSCL_CSCOEFF @ 0x205ba71d4
CHIP::ISP::AISP.RAWPROCFSCL_CCGRAY @ 0x205ba7214
CHIP::ISP::AISP.RAWPROCFSCL_HFCOEFF @ 0x205ba7218
CHIP::ISP::AISP.RAWPROCFSCL_TARGETMIXMEMCONFIG @ 0x205ba723c
CHIP::ISP::AISP.RAWPROCFSCL_TARGETMIXMEMVALUE @ 0x205ba7240
CHIP::ISP::AISP.RAWPROCFSCL_TARGETMIXMEMMAX @ 0x205ba7244
CHIP::ISP::AISP.RAWPROCFSCL_HFMEMCONFIG @ 0x205ba7248
CHIP::ISP::AISP.RAWPROCFSCL_HFMEMVALUE @ 0x205ba724c
CHIP::ISP::AISP.RAWPROCFSCL_HFMEMMAX @ 0x205ba7250
CHIP::ISP::AISP.RAWPROCFSCL_LUMMEMCONFIG @ 0x205ba7254
CHIP::ISP::AISP.RAWPROCFSCL_LUMMEMVALUE @ 0x205ba7258
CHIP::ISP::AISP.RAWPROCFSCL_LUMMEMMAX @ 0x205ba725c
CHIP::ISP::AISP.RAWPROCFSCL_ORIMEMCONFIG @ 0x205ba7260
CHIP::ISP::AISP.RAWPROCFSCL_ORIMEMVALUE @ 0x205ba7264
CHIP::ISP::AISP.NOIPROC_CONFIG @ 0x205ba8000
CHIP::ISP::AISP.NOIPROC_NOIINCGQCONFIG @ 0x205ba8004
CHIP::ISP::AISP.NOIPROC_NOIOUTCGQCONFIG @ 0x205ba8008
CHIP::ISP::AISP.NOIPROC_TFREFHISYOUTCGQCONFIG @ 0x205ba800c
CHIP::ISP::AISP.NOIPROC_TFREFHISCOUTCGQCONFIG @ 0x205ba8010
CHIP::ISP::AISP.NOIPROC_NFREFHISYOUTCGQCONFIG @ 0x205ba8014
CHIP::ISP::AISP.NOIPROC_NFREFHISCOUTCGQCONFIG @ 0x205ba8018
CHIP::ISP::AISP.NOIPROC_TFMECURRINCGQCONFIG @ 0x205ba801c
CHIP::ISP::AISP.NOIPROC_TFMEDLYFRMCGQCONFIG @ 0x205ba8020
CHIP::ISP::AISP.NOIPROC_TFME2CORECURRCGQCONFIG @ 0x205ba8024
CHIP::ISP::AISP.NOIPROC_TFME2COREREFCGQCONFIG @ 0x205ba8028
CHIP::ISP::AISP.NOIPROC_TFCOREOUTCGQCONFIG @ 0x205ba802c
CHIP::ISP::AISP.NOIPROC_ZEROBIAS @ 0x205ba8030
CHIP::ISP::AISP.NOIPROC_CRCCONFIG @ 0x205ba803c
CHIP::ISP::AISP.NOIPROC_NOIPROCCRCVALUE @ 0x205ba8040
CHIP::ISP::AISP.NOIPROC_SPARE @ 0x205ba8044
CHIP::ISP::AISP.NOIPROCDMASRCLUMA_DMACONFIG @ 0x205ba8080
CHIP::ISP::AISP.NOIPROCDMASRCLUMA_DMABFRCONFIG @ 0x205ba8084
CHIP::ISP::AISP.NOIPROCDMASRCLUMA_DMASTTCONFIG @ 0x205ba8088
CHIP::ISP::AISP.NOIPROCDMASRCLUMA_FMT @ 0x205ba808c
CHIP::ISP::AISP.NOIPROCDMASRCLUMA_BASEADDR @ 0x205ba8090
CHIP::ISP::AISP.NOIPROCDMASRCLUMA_STRIDE @ 0x205ba8094
CHIP::ISP::AISP.NOIPROCDMASRCLUMA_OFFSET @ 0x205ba8098
CHIP::ISP::AISP.NOIPROCDMASRCLUMA_SIZE @ 0x205ba809c
CHIP::ISP::AISP.NOIPROCDMASRCLUMA_PIXELOFFSETSCALE @ 0x205ba80a0
CHIP::ISP::AISP.NOIPROCDMASRCCHROMA_DMACONFIG @ 0x205ba80a8
CHIP::ISP::AISP.NOIPROCDMASRCCHROMA_DMABFRCONFIG @ 0x205ba80ac
CHIP::ISP::AISP.NOIPROCDMASRCCHROMA_DMASTTCONFIG @ 0x205ba80b0
CHIP::ISP::AISP.NOIPROCDMASRCCHROMA_FMT @ 0x205ba80b4
CHIP::ISP::AISP.NOIPROCDMASRCCHROMA_BASEADDR @ 0x205ba80b8
CHIP::ISP::AISP.NOIPROCDMASRCCHROMA_STRIDE @ 0x205ba80bc
CHIP::ISP::AISP.NOIPROCDMASRCCHROMA_OFFSET @ 0x205ba80c0
CHIP::ISP::AISP.NOIPROCDMASRCCHROMA_SIZE @ 0x205ba80c4
CHIP::ISP::AISP.NOIPROCDMASRCCHROMA_PIXELOFFSETSCALE @ 0x205ba80c8
CHIP::ISP::AISP.NOIPROCVIF_CONFIG @ 0x205ba80d0
CHIP::ISP::AISP.NOIPROCVIF_FILTCOEFFS0 @ 0x205ba80d4
CHIP::ISP::AISP.NOIPROCVIF_FILTCOEFFS1 @ 0x205ba80d8
CHIP::ISP::AISP.NOIPROCCSC1_CONFIG @ 0x205ba81a8
CHIP::ISP::AISP.NOIPROCCSC1_FRMXYPTR @ 0x205ba81ac
CHIP::ISP::AISP.NOIPROCCSC1_FRMSTATE @ 0x205ba81b0
CHIP::ISP::AISP.NOIPROCCSC1_OFFSETIN @ 0x205ba81b4
CHIP::ISP::AISP.NOIPROCCSC1_COEFF @ 0x205ba81c0
CHIP::ISP::AISP.NOIPROCCSC1_OFFSETOUT @ 0x205ba81e4
CHIP::ISP::AISP.NOIPROCCSC1_CLIPMIN @ 0x205ba81f0
CHIP::ISP::AISP.NOIPROCCSC1_CLIPMAX @ 0x205ba81fc
CHIP::ISP::AISP.NOIPROCCSC1_COUNTLOW @ 0x205ba8208
CHIP::ISP::AISP.NOIPROCCSC1_COUNTHIGH @ 0x205ba8214
CHIP::ISP::AISP.NOIPROCGAMMA1_CONFIG @ 0x205ba8228
CHIP::ISP::AISP.NOIPROCGAMMA1_GAMMAMEMCONFIG @ 0x205ba822c
CHIP::ISP::AISP.NOIPROCGAMMA1_GAMMAMEMVALUE @ 0x205ba8230
CHIP::ISP::AISP.NOIPROCCSC2_CONFIG @ 0x205ba8268
CHIP::ISP::AISP.NOIPROCCSC2_FRMXYPTR @ 0x205ba826c
CHIP::ISP::AISP.NOIPROCCSC2_FRMSTATE @ 0x205ba8270
CHIP::ISP::AISP.NOIPROCCSC2_OFFSETIN @ 0x205ba8274
CHIP::ISP::AISP.NOIPROCCSC2_COEFF @ 0x205ba8280
CHIP::ISP::AISP.NOIPROCCSC2_OFFSETOUT @ 0x205ba82a4
CHIP::ISP::AISP.NOIPROCCSC2_CLIPMIN @ 0x205ba82b0
CHIP::ISP::AISP.NOIPROCCSC2_CLIPMAX @ 0x205ba82bc
CHIP::ISP::AISP.NOIPROCCSC2_COUNTLOW @ 0x205ba82c8
CHIP::ISP::AISP.NOIPROCCSC2_COUNTHIGH @ 0x205ba82d4
CHIP::ISP::AISP.NOIPROCCTF_CONFIG @ 0x205ba82e8
CHIP::ISP::AISP.NOIPROCCTF_FRMXYPTR @ 0x205ba82ec
CHIP::ISP::AISP.NOIPROCCTF_FRMSTATE @ 0x205ba82f0
CHIP::ISP::AISP.NOIPROCCTF_REGIONSTARTXY @ 0x205ba82f4
CHIP::ISP::AISP.NOIPROCCTF_REGIONENDXY @ 0x205ba82f8
CHIP::ISP::AISP.NOIPROCCTF_REGIONSTATSSTARTXY @ 0x205ba82fc
CHIP::ISP::AISP.NOIPROCCTF_REGIONSTATSENDXY @ 0x205ba8300
CHIP::ISP::AISP.NOIPROCCTF_RECIPINTX @ 0x205ba8304
CHIP::ISP::AISP.NOIPROCCTF_RECIPINTY @ 0x205ba8308
CHIP::ISP::AISP.NOIPROCCTF_SPATIALGAINMEMCONFIG @ 0x205ba830c
CHIP::ISP::AISP.NOIPROCCTF_SPATIALGAINMEMVALUE @ 0x205ba8310
CHIP::ISP::AISP.NOIPROCCTF_DTOTCOEFF @ 0x205ba8314
CHIP::ISP::AISP.NOIPROCCTF_CHROMACOEFFIN @ 0x205ba8320
CHIP::ISP::AISP.NOIPROCCTF_CHROMACOEFFOUT @ 0x205ba832c
CHIP::ISP::AISP.NOIPROCCTF_VERTFACTOR @ 0x205ba8340
CHIP::ISP::AISP.NOIPROCCTF_HORZFACTOR0 @ 0x205ba8344
CHIP::ISP::AISP.NOIPROCCTF_HORZFACTOR1 @ 0x205ba8348
CHIP::ISP::AISP.NOIPROCCTF_COEFFV2 @ 0x205ba834c
CHIP::ISP::AISP.NOIPROCCTF_COEFFV3 @ 0x205ba8350
CHIP::ISP::AISP.NOIPROCCTF_COEFFH @ 0x205ba8354
CHIP::ISP::AISP.NOIPROCCTF_MINDEN @ 0x205ba8368
CHIP::ISP::AISP.NOIPROCCTF_KMODLUT @ 0x205ba836c
CHIP::ISP::AISP.NOIPROCCTF_MOTIONMEMCONFIG @ 0x205ba83d8
CHIP::ISP::AISP.NOIPROCCTF_MOTIONMEMVALUE @ 0x205ba83dc
CHIP::ISP::AISP.NOIPROCCTF_MOTIONMEMMAX @ 0x205ba83e0
CHIP::ISP::AISP.NOIPROCCTF_MOTIONMEMBRIGHTMAX @ 0x205ba83e4
CHIP::ISP::AISP.NOIPROCCTF_MOTIONMEMCLIPCOUNT @ 0x205ba83e8
CHIP::ISP::AISP.NOIPROCCTF_NOISTDMEMCONFIG @ 0x205ba83ec
CHIP::ISP::AISP.NOIPROCCTF_NOISTDMEMVALUE @ 0x205ba83f0
CHIP::ISP::AISP.NOIPROCCTF_NOISTDCHROMAMEMCONFIG @ 0x205ba83f4
CHIP::ISP::AISP.NOIPROCCTF_NOISTDCHROMAMEMVALUE @ 0x205ba83f8
CHIP::ISP::AISP.NOIPROCCTF_DIFFATTNMEMCONFIG @ 0x205ba83fc
CHIP::ISP::AISP.NOIPROCCTF_DIFFATTNMEMVALUE @ 0x205ba8400
CHIP::ISP::AISP.NOIPROCCTF_DIFFATTNMEMMAX @ 0x205ba8404
CHIP::ISP::AISP.NOIPROCCTF_DIFFATTNCLIPCOUNT @ 0x205ba8408
CHIP::ISP::AISP.NOIPROCCTF_GAINNORMREF @ 0x205ba8414
CHIP::ISP::AISP.NOIPROCCTF_GAINNORMCUR @ 0x205ba8420
CHIP::ISP::AISP.NOIPROCCTF_OFFSETNORMREFIN @ 0x205ba842c
CHIP::ISP::AISP.NOIPROCCTF_OFFSETNORMCURIN @ 0x205ba8438
CHIP::ISP::AISP.NOIPROCCTF_OFFSETNORMREFOUT @ 0x205ba8444
CHIP::ISP::AISP.NOIPROCCTF_OFFSETNORMCUROUT @ 0x205ba8450
CHIP::ISP::AISP.NOIPROCCTF_NORMMINCLIPREF @ 0x205ba845c
CHIP::ISP::AISP.NOIPROCCTF_NORMMINCLIPCUR @ 0x205ba8468
CHIP::ISP::AISP.NOIPROCCTF_NORMMAXCLIPREF @ 0x205ba8474
CHIP::ISP::AISP.NOIPROCCTF_NORMMAXCLIPCUR @ 0x205ba8480
CHIP::ISP::AISP.NOIPROCCTF_BORDERKM @ 0x205ba848c
CHIP::ISP::AISP.NOIPROCCTF_HISTORYLUT @ 0x205ba8490
CHIP::ISP::AISP.NOIPROCCTF_QLUT @ 0x205ba84d0
CHIP::ISP::AISP.NOIPROCCTF_MEMCCONFIG @ 0x205ba850c
CHIP::ISP::AISP.NOIPROCCTF_DXINIT @ 0x205ba8510
CHIP::ISP::AISP.NOIPROCCTF_DYINIT @ 0x205ba8514
CHIP::ISP::AISP.NOIPROCCTF_MEV @ 0x205ba8518
CHIP::ISP::AISP.NOIPROCCTF_MEH @ 0x205ba851c
CHIP::ISP::AISP.NOIPROCCTF_MCV @ 0x205ba8520
CHIP::ISP::AISP.NOIPROCCTF_MCH @ 0x205ba8524
CHIP::ISP::AISP.NOIPROCCTF_ME2MC @ 0x205ba8528
CHIP::ISP::AISP.NOIPROCCTF_MEVSUPPORT @ 0x205ba852c
CHIP::ISP::AISP.NOIPROCCTF_MEREGION @ 0x205ba8530
CHIP::ISP::AISP.NOIPROCCTF_GRADTHRES @ 0x205ba8534
CHIP::ISP::AISP.NOIPROCCTF_NUMGRADTHRES @ 0x205ba8538
CHIP::ISP::AISP.NOIPROCCTF_SPREADTHRES @ 0x205ba853c
CHIP::ISP::AISP.NOIPROCCTF_MESADTHRES @ 0x205ba8540
CHIP::ISP::AISP.NOIPROCCTF_MESADCONFTHRES @ 0x205ba8544
CHIP::ISP::AISP.NOIPROCCTF_MAXDXCHANGE @ 0x205ba8548
CHIP::ISP::AISP.NOIPROCCTF_BORDERPIX @ 0x205ba854c
CHIP::ISP::AISP.NOIPROCCTF_BORDERHISTORY @ 0x205ba8558
CHIP::ISP::AISP.NOIPROCCTF_STATCONFIG @ 0x205ba855c
CHIP::ISP::AISP.NOIPROCCTF_CONFSTDFACTOR @ 0x205ba8560
CHIP::ISP::AISP.NOIPROCCTF_MOTIONSUMHI @ 0x205ba8564
CHIP::ISP::AISP.NOIPROCCTF_MOTIONSUMLO @ 0x205ba8570
CHIP::ISP::AISP.NOIPROCCTF_NOISEHISTHISTOGRAM @ 0x205ba857c
CHIP::ISP::AISP.NOIPROCCTF_MVSTATMEMCONFIG @ 0x205ba85bc
CHIP::ISP::AISP.NOIPROCCTF_MVSTATMEMVALUE @ 0x205ba85c0
CHIP::ISP::AISP.NOIPROCCTF_MCCONFMEMCONFIG @ 0x205ba85c4
CHIP::ISP::AISP.NOIPROCCTF_MCCONFMEMVALUE @ 0x205ba85c8
CHIP::ISP::AISP.NOIPROCCTFREFDMASRCLUMA_DMACONFIG @ 0x205ba86e8
CHIP::ISP::AISP.NOIPROCCTFREFDMASRCLUMA_DMABFRCONFIG @ 0x205ba86ec
CHIP::ISP::AISP.NOIPROCCTFREFDMASRCLUMA_DMASTTCONFIG @ 0x205ba86f0
CHIP::ISP::AISP.NOIPROCCTFREFDMASRCLUMA_FMT @ 0x205ba86f4
CHIP::ISP::AISP.NOIPROCCTFREFDMASRCLUMA_BASEADDR @ 0x205ba86f8
CHIP::ISP::AISP.NOIPROCCTFREFDMASRCLUMA_STRIDE @ 0x205ba86fc
CHIP::ISP::AISP.NOIPROCCTFREFDMASRCLUMA_OFFSET @ 0x205ba8700
CHIP::ISP::AISP.NOIPROCCTFREFDMASRCLUMA_SIZE @ 0x205ba8704
CHIP::ISP::AISP.NOIPROCCTFREFDMASRCLUMA_PIXELOFFSETSCALE @ 0x205ba8708
CHIP::ISP::AISP.NOIPROCCTFREFDMASRCCHROMA_DMACONFIG @ 0x205ba8710
CHIP::ISP::AISP.NOIPROCCTFREFDMASRCCHROMA_DMABFRCONFIG @ 0x205ba8714
CHIP::ISP::AISP.NOIPROCCTFREFDMASRCCHROMA_DMASTTCONFIG @ 0x205ba8718
CHIP::ISP::AISP.NOIPROCCTFREFDMASRCCHROMA_FMT @ 0x205ba871c
CHIP::ISP::AISP.NOIPROCCTFREFDMASRCCHROMA_BASEADDR @ 0x205ba8720
CHIP::ISP::AISP.NOIPROCCTFREFDMASRCCHROMA_STRIDE @ 0x205ba8724
CHIP::ISP::AISP.NOIPROCCTFREFDMASRCCHROMA_OFFSET @ 0x205ba8728
CHIP::ISP::AISP.NOIPROCCTFREFDMASRCCHROMA_SIZE @ 0x205ba872c
CHIP::ISP::AISP.NOIPROCCTFREFDMASRCCHROMA_PIXELOFFSETSCALE @ 0x205ba8730
CHIP::ISP::AISP.NOIPROCCTFOUTDMADSTLUMA_DMACONFIG @ 0x205ba8738
CHIP::ISP::AISP.NOIPROCCTFOUTDMADSTLUMA_DMABFRCONFIG @ 0x205ba873c
CHIP::ISP::AISP.NOIPROCCTFOUTDMADSTLUMA_DMASTTCONFIG @ 0x205ba8740
CHIP::ISP::AISP.NOIPROCCTFOUTDMADSTLUMA_PADCONFIG @ 0x205ba8744
CHIP::ISP::AISP.NOIPROCCTFOUTDMADSTLUMA_FMT @ 0x205ba8748
CHIP::ISP::AISP.NOIPROCCTFOUTDMADSTLUMA_BASEADDR @ 0x205ba874c
CHIP::ISP::AISP.NOIPROCCTFOUTDMADSTLUMA_STRIDE @ 0x205ba8750
CHIP::ISP::AISP.NOIPROCCTFOUTDMADSTLUMA_OFFSET @ 0x205ba8754
CHIP::ISP::AISP.NOIPROCCTFOUTDMADSTLUMA_SIZE @ 0x205ba8758
CHIP::ISP::AISP.NOIPROCCTFOUTDMADSTLUMA_PIXELOFFSETSCALE @ 0x205ba875c
CHIP::ISP::AISP.NOIPROCCTFOUTDMADSTLUMA_REGIONSTARTXY @ 0x205ba8760
CHIP::ISP::AISP.NOIPROCCTFOUTDMADSTLUMA_REGIONENDXY @ 0x205ba8764
CHIP::ISP::AISP.NOIPROCCTFOUTDMADSTCHROMA_DMACONFIG @ 0x205ba8768
CHIP::ISP::AISP.NOIPROCCTFOUTDMADSTCHROMA_DMABFRCONFIG @ 0x205ba876c
CHIP::ISP::AISP.NOIPROCCTFOUTDMADSTCHROMA_DMASTTCONFIG @ 0x205ba8770
CHIP::ISP::AISP.NOIPROCCTFOUTDMADSTCHROMA_PADCONFIG @ 0x205ba8774
CHIP::ISP::AISP.NOIPROCCTFOUTDMADSTCHROMA_FMT @ 0x205ba8778
CHIP::ISP::AISP.NOIPROCCTFOUTDMADSTCHROMA_BASEADDR @ 0x205ba877c
CHIP::ISP::AISP.NOIPROCCTFOUTDMADSTCHROMA_STRIDE @ 0x205ba8780
CHIP::ISP::AISP.NOIPROCCTFOUTDMADSTCHROMA_OFFSET @ 0x205ba8784
CHIP::ISP::AISP.NOIPROCCTFOUTDMADSTCHROMA_SIZE @ 0x205ba8788
CHIP::ISP::AISP.NOIPROCCTFOUTDMADSTCHROMA_PIXELOFFSETSCALE @ 0x205ba878c
CHIP::ISP::AISP.NOIPROCCTFOUTDMADSTCHROMA_REGIONSTARTXY @ 0x205ba8790
CHIP::ISP::AISP.NOIPROCCTFOUTDMADSTCHROMA_REGIONENDXY @ 0x205ba8794
CHIP::ISP::AISP.NOIPROCNOISTAT_CONFIG @ 0x205ba8798
CHIP::ISP::AISP.NOIPROCNOISTAT_REGIONSTARTXY @ 0x205ba879c
CHIP::ISP::AISP.NOIPROCNOISTAT_REGIONENDXY @ 0x205ba87a0
CHIP::ISP::AISP.NOIPROCNOISTAT_BLOCKSIZE @ 0x205ba87a4
CHIP::ISP::AISP.NOIPROCNOISTATDMA_DMACONFIG @ 0x205ba87b8
CHIP::ISP::AISP.NOIPROCNOISTATDMA_DMABFRCONFIG @ 0x205ba87bc
CHIP::ISP::AISP.NOIPROCNOISTATDMA_DMASTTCONFIG @ 0x205ba87c0
CHIP::ISP::AISP.NOIPROCNOISTATDMA_DMASWAPCONFIG @ 0x205ba87c4
CHIP::ISP::AISP.NOIPROCNOISTATDMA_DMABASEADDR @ 0x205ba87c8
CHIP::ISP::AISP.NOIPROCNF_CONFIG @ 0x205ba87d0
CHIP::ISP::AISP.NOIPROCNF_FRMXYPTR @ 0x205ba87d4
CHIP::ISP::AISP.NOIPROCNF_FRMSTATE @ 0x205ba87d8
CHIP::ISP::AISP.NOIPROCNF_REGIONSTARTXY @ 0x205ba87dc
CHIP::ISP::AISP.NOIPROCNF_REGIONENDXY @ 0x205ba87e0
CHIP::ISP::AISP.NOIPROCNF_STDYMEMCONFIG @ 0x205ba87e4
CHIP::ISP::AISP.NOIPROCNF_STDYMEMVALUE @ 0x205ba87e8
CHIP::ISP::AISP.NOIPROCNF_STDYMEMMAX @ 0x205ba87ec
CHIP::ISP::AISP.NOIPROCNF_CBLUTMEMCONFIG @ 0x205ba87f0
CHIP::ISP::AISP.NOIPROCNF_CBLUTMEMVALUE @ 0x205ba87f4
CHIP::ISP::AISP.NOIPROCNF_CRLUTMEMCONFIG @ 0x205ba87f8
CHIP::ISP::AISP.NOIPROCNF_CRLUTMEMVALUE @ 0x205ba87fc
CHIP::ISP::AISP.NOIPROCNF_RECIPINTX @ 0x205ba8800
CHIP::ISP::AISP.NOIPROCNF_RECIPINTY @ 0x205ba8804
CHIP::ISP::AISP.NOIPROCNF_SPATIALGAINMEMCONFIG @ 0x205ba8808
CHIP::ISP::AISP.NOIPROCNF_SPATIALGAINMEMVALUE @ 0x205ba880c
CHIP::ISP::AISP.NOIPROCNF_DOTDETECTLUT @ 0x205ba8810
CHIP::ISP::AISP.NOIPROCNF_LINCOEFF @ 0x205ba8894
CHIP::ISP::AISP.NOIPROCNF_YCOEFF @ 0x205ba88b8
CHIP::ISP::AISP.NOIPROCNF_NFPHIPARAM @ 0x205ba891c
CHIP::ISP::AISP.NOIPROCNF_SHPHIPARAM @ 0x205ba8920
CHIP::ISP::AISP.NOIPROCNF_SHPHIPARAM2 @ 0x205ba8924
CHIP::ISP::AISP.NOIPROCNF_MINDEN1 @ 0x205ba8928
CHIP::ISP::AISP.NOIPROCNF_MINDEN2 @ 0x205ba892c
CHIP::ISP::AISP.NOIPROCNF_WMEMCONFIG @ 0x205ba8930
CHIP::ISP::AISP.NOIPROCNF_WMEMVALUE @ 0x205ba8934
CHIP::ISP::AISP.NOIPROCNF_WMEMMAX @ 0x205ba8938
CHIP::ISP::AISP.NOIPROCNF_SHARPCONFIG @ 0x205ba893c
CHIP::ISP::AISP.NOIPROCNF_YSHARP0MEMCONFIG @ 0x205ba8940
CHIP::ISP::AISP.NOIPROCNF_YSHARP0MEMVALUE @ 0x205ba8944
CHIP::ISP::AISP.NOIPROCNF_YSHARP1MEMCONFIG @ 0x205ba8948
CHIP::ISP::AISP.NOIPROCNF_YSHARP1MEMVALUE @ 0x205ba894c
CHIP::ISP::AISP.NOIPROCNF_SHARPMEMMAX @ 0x205ba8950
CHIP::ISP::AISP.NOIPROCNF_CORINGTHRESMEMCONFIG @ 0x205ba8954
CHIP::ISP::AISP.NOIPROCNF_CORINGTHRESMEMVALUE @ 0x205ba8958
CHIP::ISP::AISP.NOIPROCNF_CORINGMEMMAX @ 0x205ba895c
CHIP::ISP::AISP.NOIPROCNF_MODULATIONMEMCONFIG @ 0x205ba8960
CHIP::ISP::AISP.NOIPROCNF_MODULATIONMEMVALUE @ 0x205ba8964
CHIP::ISP::AISP.NOIPROCNF_MODULATIONMEMMAX @ 0x205ba8968
CHIP::ISP::AISP.NOIPROCNF_GAINMEMCONFIG @ 0x205ba896c
CHIP::ISP::AISP.NOIPROCNF_GAINMEMVALUE @ 0x205ba8970
CHIP::ISP::AISP.NOIPROCNF_GAINMEMMAX @ 0x205ba8974
CHIP::ISP::AISP.NOIPROCNF_CNF2DCONFIG @ 0x205ba8978
CHIP::ISP::AISP.NOIPROCNF_LAMBDA2DFILT @ 0x205ba897c
CHIP::ISP::AISP.NOIPROCNF_CNFFILTCOEFF @ 0x205ba8980
CHIP::ISP::AISP.NOIPROCNF_MINCOUNT @ 0x205ba899c
CHIP::ISP::AISP.NOIPROCNF_MINCOUNT2 @ 0x205ba89a0
CHIP::ISP::AISP.NOIPROCNF_STDFACTOR2DFILT @ 0x205ba89a4
CHIP::ISP::AISP.NOIPROCNF_CNF2DCLIPMIN @ 0x205ba89a8
CHIP::ISP::AISP.NOIPROCNF_CNF2DCLIPMAX @ 0x205ba89b0
CHIP::ISP::AISP.NOIPROCNF_CHROMACOUNTLOW @ 0x205ba89b8
CHIP::ISP::AISP.NOIPROCNF_CHROMACOUNTHIGH @ 0x205ba89c0
CHIP::ISP::AISP.NOIPROCNF_CNF1DCONFIG @ 0x205ba89c8
CHIP::ISP::AISP.NOIPROCNF_CNFHORZFILTCOEFF @ 0x205ba89cc
CHIP::ISP::AISP.NOIPROCNF_LAMBDA1DVFILT @ 0x205ba89d0
CHIP::ISP::AISP.NOIPROCNF_LAMBDA1DHFILT @ 0x205ba89d4
CHIP::ISP::AISP.NOIPROCNF_MINCOUNTHORZ @ 0x205ba89d8
CHIP::ISP::AISP.NOIPROCNF_MINCOUNTHORZ2 @ 0x205ba89dc
CHIP::ISP::AISP.NOIPROCNF_MINDENVERT @ 0x205ba89e0
CHIP::ISP::AISP.NOIPROCNF_VERTFILTMEMCONFIG @ 0x205ba89e4
CHIP::ISP::AISP.NOIPROCNF_VERTFILTMEMVALUE @ 0x205ba89e8
CHIP::ISP::AISP.NOIPROCNF_VERTFILTMEMMAX @ 0x205ba89ec
CHIP::ISP::AISP.NOIPROCNF_YFILTVIIR @ 0x205ba89f0
CHIP::ISP::AISP.NOIPROCNF_STDFACTOR1DVFILT @ 0x205ba89fc
CHIP::ISP::AISP.NOIPROCNF_STDFACTOR1DHFILT @ 0x205ba8a00
CHIP::ISP::AISP.NOIPROCNF_CLIPMINFINAL @ 0x205ba8a04
CHIP::ISP::AISP.NOIPROCNF_CLIPMAXFINAL @ 0x205ba8a10
CHIP::ISP::AISP.NOIPROCNF_COUNTLOWFINAL @ 0x205ba8a1c
CHIP::ISP::AISP.NOIPROCNF_COUNTHIGHFINAL @ 0x205ba8a28
CHIP::ISP::AISP.NOIPROCCSC3_CONFIG @ 0x205ba8bd0
CHIP::ISP::AISP.NOIPROCCSC3_FRMXYPTR @ 0x205ba8bd4
CHIP::ISP::AISP.NOIPROCCSC3_FRMSTATE @ 0x205ba8bd8
CHIP::ISP::AISP.NOIPROCCSC3_OFFSETIN @ 0x205ba8bdc
CHIP::ISP::AISP.NOIPROCCSC3_COEFF @ 0x205ba8be8
CHIP::ISP::AISP.NOIPROCCSC3_OFFSETOUT @ 0x205ba8c0c
CHIP::ISP::AISP.NOIPROCCSC3_CLIPMIN @ 0x205ba8c18
CHIP::ISP::AISP.NOIPROCCSC3_CLIPMAX @ 0x205ba8c24
CHIP::ISP::AISP.NOIPROCCSC3_COUNTLOW @ 0x205ba8c30
CHIP::ISP::AISP.NOIPROCCSC3_COUNTHIGH @ 0x205ba8c3c
CHIP::ISP::AISP.NOIPROCGAMMA2_CONFIG @ 0x205ba8c50
CHIP::ISP::AISP.NOIPROCGAMMA2_GAMMAMEMCONFIG @ 0x205ba8c54
CHIP::ISP::AISP.NOIPROCGAMMA2_GAMMAMEMVALUE @ 0x205ba8c58
CHIP::ISP::AISP.NOIPROCCSC4_CONFIG @ 0x205ba8c90
CHIP::ISP::AISP.NOIPROCCSC4_FRMXYPTR @ 0x205ba8c94
CHIP::ISP::AISP.NOIPROCCSC4_FRMSTATE @ 0x205ba8c98
CHIP::ISP::AISP.NOIPROCCSC4_OFFSETIN @ 0x205ba8c9c
CHIP::ISP::AISP.NOIPROCCSC4_COEFF @ 0x205ba8ca8
CHIP::ISP::AISP.NOIPROCCSC4_OFFSETOUT @ 0x205ba8ccc
CHIP::ISP::AISP.NOIPROCCSC4_CLIPMIN @ 0x205ba8cd8
CHIP::ISP::AISP.NOIPROCCSC4_CLIPMAX @ 0x205ba8ce4
CHIP::ISP::AISP.NOIPROCCSC4_COUNTLOW @ 0x205ba8cf0
CHIP::ISP::AISP.NOIPROCCSC4_COUNTHIGH @ 0x205ba8cfc
CHIP::ISP::AISP.CLRPROC_CLRINCGQCONFIG @ 0x205ba9000
CHIP::ISP::AISP.CLRPROC_CLROUT0CGQCONFIG @ 0x205ba9004
CHIP::ISP::AISP.CLRPROC_CLROUT1CGQCONFIG @ 0x205ba9008
CHIP::ISP::AISP.CLRPROC_LTMSTATSOUTQCONFIG @ 0x205ba900c
CHIP::ISP::AISP.CLRPROC_LTMINCLKGTCONFIG @ 0x205ba9010
CHIP::ISP::AISP.CLRPROC_CRCCONFIG @ 0x205ba9014
CHIP::ISP::AISP.CLRPROC_CLRPROCCRCVALUE @ 0x205ba9018
CHIP::ISP::AISP.CLRPROC_SPARE @ 0x205ba901c
CHIP::ISP::AISP.CLRPROCLTM_CONFIG @ 0x205ba9200
CHIP::ISP::AISP.CLRPROCLTM_CONFIG2 @ 0x205ba9204
CHIP::ISP::AISP.CLRPROCLTM_LTMREGIONSTARTXY @ 0x205ba9208
CHIP::ISP::AISP.CLRPROCLTM_LTMREGIONENDXY @ 0x205ba920c
CHIP::ISP::AISP.CLRPROCLTM_COEFFAVGY @ 0x205ba9210
CHIP::ISP::AISP.CLRPROCLTM_AVGYOFFSET @ 0x205ba921c
CHIP::ISP::AISP.CLRPROCLTM_COEFFMAXY @ 0x205ba9220
CHIP::ISP::AISP.CLRPROCLTM_WMIXMEMCONFIG @ 0x205ba922c
CHIP::ISP::AISP.CLRPROCLTM_WMIXMEMVALUE @ 0x205ba9230
CHIP::ISP::AISP.CLRPROCLTM_COEFFLOGSCALEIN @ 0x205ba9234
CHIP::ISP::AISP.CLRPROCLTM_COEFFLOGSCALEOUT @ 0x205ba9238
CHIP::ISP::AISP.CLRPROCLTM_COEFFLOGMINVAL @ 0x205ba923c
CHIP::ISP::AISP.CLRPROCLTM_COEFFLOGOFFSETIN @ 0x205ba9240
CHIP::ISP::AISP.CLRPROCLTM_COEFFLOGOFFSETOUT @ 0x205ba9244
CHIP::ISP::AISP.CLRPROCLTM_COEFFEXPSCALEIN @ 0x205ba9248
CHIP::ISP::AISP.CLRPROCLTM_COEFFEXPSCALEOUT @ 0x205ba924c
CHIP::ISP::AISP.CLRPROCLTM_COEFFEXPOFFSETIN @ 0x205ba9250
CHIP::ISP::AISP.CLRPROCLTM_COEFFEXPOFFSETOUT @ 0x205ba9254
CHIP::ISP::AISP.CLRPROCLTM_LTMGRIDINTERVAL @ 0x205ba9258
CHIP::ISP::AISP.CLRPROCLTM_GRIDOFFSET @ 0x205ba925c
CHIP::ISP::AISP.CLRPROCLTM_RECIPINTERVALX @ 0x205ba9260
CHIP::ISP::AISP.CLRPROCLTM_RECIPINTERVALY @ 0x205ba9264
CHIP::ISP::AISP.CLRPROCLTM_LTCBORDERREPLICATE @ 0x205ba9268
CHIP::ISP::AISP.CLRPROCLTM_LTMGRIDSIZE @ 0x205ba926c
CHIP::ISP::AISP.CLRPROCLTM_GLOBLUTMEMCONFIG @ 0x205ba9270
CHIP::ISP::AISP.CLRPROCLTM_GLOBLUTMEMVALUE @ 0x205ba9274
CHIP::ISP::AISP.CLRPROCLTM_MINY @ 0x205ba9278
CHIP::ISP::AISP.CLRPROCLTM_BILATFILTCOEFF @ 0x205ba927c
CHIP::ISP::AISP.CLRPROCLTM_LINFILTCOEFF @ 0x205ba92a0
CHIP::ISP::AISP.CLRPROCLTM_BILATTHRES @ 0x205ba92ac
CHIP::ISP::AISP.CLRPROCLTM_MINTAPSUM @ 0x205ba92b0
CHIP::ISP::AISP.CLRPROCLTM_LOWCCMBLENDMEMCONFIG @ 0x205ba92b4
CHIP::ISP::AISP.CLRPROCLTM_LOWCCMBLENDMEMVALUE @ 0x205ba92b8
CHIP::ISP::AISP.CLRPROCLTM_HIGHCCMBLENDMEMCONFIG @ 0x205ba92bc
CHIP::ISP::AISP.CLRPROCLTM_HIGHCCMBLENDMEMVALUE @ 0x205ba92c0
CHIP::ISP::AISP.CLRPROCLTM_BLENDWEIGHTWHITEMEMCONFIG @ 0x205ba92c4
CHIP::ISP::AISP.CLRPROCLTM_BLENDWEIGHTWHITEMEMVALUE @ 0x205ba92c8
CHIP::ISP::AISP.CLRPROCLTM_TARGETVALUEWHITE @ 0x205ba92cc
CHIP::ISP::AISP.CLRPROCLTM_COMPGAINTABLEMEMCONFIG @ 0x205ba92d8
CHIP::ISP::AISP.CLRPROCLTM_COMPGAINTABLEMEMVALUE @ 0x205ba92dc
CHIP::ISP::AISP.CLRPROCLTM_COMPGAININTERVAL @ 0x205ba92e0
CHIP::ISP::AISP.CLRPROCLTM_COMPGAINRECIPINTERVALX @ 0x205ba92e4
CHIP::ISP::AISP.CLRPROCLTM_COMPGAINRECIPINTERVALY @ 0x205ba92e8
CHIP::ISP::AISP.CLRPROCLTM_COMPGAINGRIDOFFSET @ 0x205ba92ec
CHIP::ISP::AISP.CLRPROCLTM_MIDLUMINANCE @ 0x205ba92f0
CHIP::ISP::AISP.CLRPROCLTM_MIDDARKRECIPROCAL @ 0x205ba92f4
CHIP::ISP::AISP.CLRPROCLTM_MIDBRIGHTRECIPROCAL @ 0x205ba92f8
CHIP::ISP::AISP.CLRPROCLTM_MAXRGBCCM @ 0x205ba92fc
CHIP::ISP::AISP.CLRPROCLTM_MINRGBCCM @ 0x205ba9308
CHIP::ISP::AISP.CLRPROCLTM_MAXRGBGAIN @ 0x205ba9314
CHIP::ISP::AISP.CLRPROCLTM_MINRGBGAIN @ 0x205ba9320
CHIP::ISP::AISP.CLRPROCLTM_MAXGAIN @ 0x205ba932c
CHIP::ISP::AISP.CLRPROCLTM_MINGAIN @ 0x205ba9330
CHIP::ISP::AISP.CLRPROCLTM_GLOBALCCMDARK @ 0x205ba9334
CHIP::ISP::AISP.CLRPROCLTM_GLOBALCCMMID @ 0x205ba9358
CHIP::ISP::AISP.CLRPROCLTM_GLOBALCCMBRIGHT @ 0x205ba937c
CHIP::ISP::AISP.CLRPROCLTM_THUMBNAILCONFIG @ 0x205ba93a0
CHIP::ISP::AISP.CLRPROCLTM_THUMBREGIONSTARTXY @ 0x205ba93b8
CHIP::ISP::AISP.CLRPROCLTM_THUMBREGIONENDXY @ 0x205ba93bc
CHIP::ISP::AISP.CLRPROCLTM_THUMBOFFSET @ 0x205ba93c0
CHIP::ISP::AISP.CLRPROCLTM_THUMBDOWNSAMPLE @ 0x205ba93c4
CHIP::ISP::AISP.CLRPROCLTM_THUMBAVGRECIPNUMPIX @ 0x205ba93c8
CHIP::ISP::AISP.CLRPROCLTM_LOCALHISTCONFIG @ 0x205ba93cc
CHIP::ISP::AISP.CLRPROCLTM_LOCALHISTREGIONSTARTXY @ 0x205ba93d0
CHIP::ISP::AISP.CLRPROCLTM_LOCALHISTREGIONENDXY @ 0x205ba93d4
CHIP::ISP::AISP.CLRPROCLTM_LOCALHISTBLOCKSIZE @ 0x205ba93d8
CHIP::ISP::AISP.CLRPROCLTM_LOCALHISTOFFSET @ 0x205ba93dc
CHIP::ISP::AISP.CLRPROCLTM_LOCALHISTSCALE @ 0x205ba93e0
CHIP::ISP::AISP.CLRPROCLTM_GLOBCONFIG @ 0x205ba93e4
CHIP::ISP::AISP.CLRPROCLTM_GLOBOFFSET @ 0x205ba93e8
CHIP::ISP::AISP.CLRPROCLTM_GLOBSCALE @ 0x205ba93f8
CHIP::ISP::AISP.CLRPROCLTM_GLOBREGIONSTARTXY @ 0x205ba9408
CHIP::ISP::AISP.CLRPROCLTM_GLOBREGIONENDXY @ 0x205ba940c
CHIP::ISP::AISP.CLRPROCLTM_GLOBHISTMEMCONFIG @ 0x205ba9410
CHIP::ISP::AISP.CLRPROCLTM_GLOBHISTMEMVALUE @ 0x205ba9414
CHIP::ISP::AISP.CLRPROCLTMDMA_DMACONFIG @ 0x205ba9600
CHIP::ISP::AISP.CLRPROCLTMDMA_DMABFRCONFIG @ 0x205ba9604
CHIP::ISP::AISP.CLRPROCLTMDMA_DMASTTCONFIG @ 0x205ba9608
CHIP::ISP::AISP.CLRPROCLTMDMA_FMT @ 0x205ba960c
CHIP::ISP::AISP.CLRPROCLTMDMA_DMABASEADDR @ 0x205ba9610
CHIP::ISP::AISP.CLRPROCLTMDMA_STRIDE @ 0x205ba9614
CHIP::ISP::AISP.CLRPROCHITHTHUMBDMA_DMACONFIG @ 0x205ba9628
CHIP::ISP::AISP.CLRPROCHITHTHUMBDMA_DMABFRCONFIG @ 0x205ba962c
CHIP::ISP::AISP.CLRPROCHITHTHUMBDMA_DMASTTCONFIG @ 0x205ba9630
CHIP::ISP::AISP.CLRPROCHITHTHUMBDMA_DMASWAPCONFIG @ 0x205ba9634
CHIP::ISP::AISP.CLRPROCHITHTHUMBDMA_DMABASEADDR @ 0x205ba9638
CHIP::ISP::AISP.CLRPROCHITHLHISTDMA_DMACONFIG @ 0x205ba9640
CHIP::ISP::AISP.CLRPROCHITHLHISTDMA_DMABFRCONFIG @ 0x205ba9644
CHIP::ISP::AISP.CLRPROCHITHLHISTDMA_DMASTTCONFIG @ 0x205ba9648
CHIP::ISP::AISP.CLRPROCHITHLHISTDMA_DMASWAPCONFIG @ 0x205ba964c
CHIP::ISP::AISP.CLRPROCHITHLHISTDMA_DMABASEADDR @ 0x205ba9650
CHIP::ISP::AISP.CLRPROCGOC1_CONFIG @ 0x205ba9658
CHIP::ISP::AISP.CLRPROCGOC1_FRMXYPTR @ 0x205ba965c
CHIP::ISP::AISP.CLRPROCGOC1_FRMSTATE @ 0x205ba9660
CHIP::ISP::AISP.CLRPROCGOC1_GAIN @ 0x205ba9664
CHIP::ISP::AISP.CLRPROCGOC1_OFFSET1 @ 0x205ba9670
CHIP::ISP::AISP.CLRPROCGOC1_OFFSET2 @ 0x205ba967c
CHIP::ISP::AISP.CLRPROCGOC1_MIN @ 0x205ba9688
CHIP::ISP::AISP.CLRPROCGOC1_MAX @ 0x205ba9694
CHIP::ISP::AISP.CLRPROCGOC1_COUNTLOW @ 0x205ba96a0
CHIP::ISP::AISP.CLRPROCGOC1_COUNTHIGH @ 0x205ba96ac
CHIP::ISP::AISP.CLRPROCCCM_CONFIG @ 0x205ba96d8
CHIP::ISP::AISP.CLRPROCCCM_FRMXYPTR @ 0x205ba96dc
CHIP::ISP::AISP.CLRPROCCCM_FRMSTATE @ 0x205ba96e0
CHIP::ISP::AISP.CLRPROCCCM_OFFSETIN @ 0x205ba96e4
CHIP::ISP::AISP.CLRPROCCCM_COEFF @ 0x205ba96f0
CHIP::ISP::AISP.CLRPROCCCM_OFFSETOUT @ 0x205ba9714
CHIP::ISP::AISP.CLRPROCCCM_CLIPMIN @ 0x205ba9720
CHIP::ISP::AISP.CLRPROCCCM_CLIPMAX @ 0x205ba972c
CHIP::ISP::AISP.CLRPROCCCM_COUNTLOW @ 0x205ba9738
CHIP::ISP::AISP.CLRPROCCCM_COUNTHIGH @ 0x205ba9744
CHIP::ISP::AISP.CLRPROCCLUT_CONFIG @ 0x205ba9758
CHIP::ISP::AISP.CLRPROCCLUT_OFFSETIN @ 0x205ba975c
CHIP::ISP::AISP.CLRPROCCLUT_OFFSETOUT @ 0x205ba9768
CHIP::ISP::AISP.CLRPROCCLUT_CLUTMEMCONFIG @ 0x205ba9774
CHIP::ISP::AISP.CLRPROCCLUT_CLUTMEMVALUE @ 0x205ba9778
CHIP::ISP::AISP.CLRPROCCLUT_CLUTMEMVALUEBURST @ 0x205ba9780
CHIP::ISP::AISP.CLRPROCCLUT_PREGAMMAMEMCONFIG @ 0x205ba97c0
CHIP::ISP::AISP.CLRPROCCLUT_PREGAMMAMEMVALUE @ 0x205ba97c4
CHIP::ISP::AISP.CLRPROCCLUT_CLIPPRECLUT @ 0x205ba97c8
CHIP::ISP::AISP.CLRPROCCLUT_CLIPPOSTOFFSETOUT @ 0x205ba97d4
CHIP::ISP::AISP.CLRPROCGOC2_CONFIG @ 0x205ba98d8
CHIP::ISP::AISP.CLRPROCGOC2_FRMXYPTR @ 0x205ba98dc
CHIP::ISP::AISP.CLRPROCGOC2_FRMSTATE @ 0x205ba98e0
CHIP::ISP::AISP.CLRPROCGOC2_GAIN @ 0x205ba98e4
CHIP::ISP::AISP.CLRPROCGOC2_OFFSET1 @ 0x205ba98f0
CHIP::ISP::AISP.CLRPROCGOC2_OFFSET2 @ 0x205ba98fc
CHIP::ISP::AISP.CLRPROCGOC2_MIN @ 0x205ba9908
CHIP::ISP::AISP.CLRPROCGOC2_MAX @ 0x205ba9914
CHIP::ISP::AISP.CLRPROCGOC2_COUNTLOW @ 0x205ba9920
CHIP::ISP::AISP.CLRPROCGOC2_COUNTHIGH @ 0x205ba992c
CHIP::ISP::AISP.CLRPROCGAMMA_CONFIG @ 0x205ba9958
CHIP::ISP::AISP.CLRPROCGAMMA_GAMMAMEMCONFIG @ 0x205ba995c
CHIP::ISP::AISP.CLRPROCGAMMA_GAMMAMEMVALUE @ 0x205ba9960
CHIP::ISP::AISP.CLRPROCHIST_CONFIG @ 0x205ba9998
CHIP::ISP::AISP.CLRPROCHIST_HISTOFFSET @ 0x205ba999c
CHIP::ISP::AISP.CLRPROCHIST_HISTSCALE @ 0x205ba99ac
CHIP::ISP::AISP.CLRPROCHIST_HISTREGIONSTARTXY @ 0x205ba99bc
CHIP::ISP::AISP.CLRPROCHIST_HISTREGIONENDXY @ 0x205ba99c0
CHIP::ISP::AISP.CLRPROCHIST_HISTMEMCONFIG @ 0x205ba99c4
CHIP::ISP::AISP.CLRPROCHIST_HISTMEMVALUE @ 0x205ba99c8
CHIP::ISP::AISP.CLRPROCHIST_LUMCOEFF @ 0x205ba99cc
CHIP::ISP::AISP.CLRPROCCSC_CONFIG @ 0x205ba9b98
CHIP::ISP::AISP.CLRPROCCSC_FRMXYPTR @ 0x205ba9b9c
CHIP::ISP::AISP.CLRPROCCSC_FRMSTATE @ 0x205ba9ba0
CHIP::ISP::AISP.CLRPROCCSC_OFFSETIN @ 0x205ba9ba4
CHIP::ISP::AISP.CLRPROCCSC_COEFF @ 0x205ba9bb0
CHIP::ISP::AISP.CLRPROCCSC_OFFSETOUT @ 0x205ba9bd4
CHIP::ISP::AISP.CLRPROCCSC_CLIPMIN @ 0x205ba9be0
CHIP::ISP::AISP.CLRPROCCSC_CLIPMAX @ 0x205ba9bec
CHIP::ISP::AISP.CLRPROCCSC_COUNTLOW @ 0x205ba9bf8
CHIP::ISP::AISP.CLRPROCCSC_COUNTHIGH @ 0x205ba9c04
CHIP::ISP::AISP.CLRPROCCPP_CONFIG @ 0x205ba9c18
CHIP::ISP::AISP.CLRPROCCPP_FRMXYPTR @ 0x205ba9c1c
CHIP::ISP::AISP.CLRPROCCPP_FRMSTATE @ 0x205ba9c20
CHIP::ISP::AISP.CLRPROCCPP_LUMAADJMEMCONFIG @ 0x205ba9c24
CHIP::ISP::AISP.CLRPROCCPP_LUMAADJMEMVALUE @ 0x205ba9c28
CHIP::ISP::AISP.CLRPROCCPP_CHROMAOFFSET @ 0x205ba9c2c
CHIP::ISP::AISP.CLRPROCCPP_HUESATMEMCONFIG @ 0x205ba9c30
CHIP::ISP::AISP.CLRPROCCPP_HUESATMEMVALUE @ 0x205ba9c34
CHIP::ISP::AISP.CLRPROCCPP_POSTCCSCALEMEMCONFIG @ 0x205ba9c38
CHIP::ISP::AISP.CLRPROCCPP_POSTCCSCALEMEMVALUE @ 0x205ba9c3c
CHIP::ISP::AISP.CLRPROCBHST_CONFIG @ 0x205baa418
CHIP::ISP::AISP.CLRPROCBHST_HISTOFFSET @ 0x205baa41c
CHIP::ISP::AISP.CLRPROCBHST_HISTSCALE @ 0x205baa428
CHIP::ISP::AISP.CLRPROCBHST_HISTREGIONSTARTXY @ 0x205baa434
CHIP::ISP::AISP.CLRPROCBHST_HISTREGIONENDXY @ 0x205baa438
CHIP::ISP::AISP.CLRPROCBHST_HISTMEMCONFIG @ 0x205baa43c
CHIP::ISP::AISP.CLRPROCBHST_HISTMEMVALUE @ 0x205baa440
CHIP::ISP::AISP.CLRPROCHDEC_CONFIG @ 0x205baa618
CHIP::ISP::AISP.CLRPROCHDEC_FRMXYPTR @ 0x205baa61c
CHIP::ISP::AISP.CLRPROCHDEC_FRMSTATE @ 0x205baa620
CHIP::ISP::AISP.CLRPROCHDEC_COEFF @ 0x205baa624
CHIP::ISP::AISP.CLRPROCDMADSTLUMA_DMACONFIG @ 0x205baa658
CHIP::ISP::AISP.CLRPROCDMADSTLUMA_DMABFRCONFIG @ 0x205baa65c
CHIP::ISP::AISP.CLRPROCDMADSTLUMA_DMASTTCONFIG @ 0x205baa660
CHIP::ISP::AISP.CLRPROCDMADSTLUMA_PADCONFIG @ 0x205baa664
CHIP::ISP::AISP.CLRPROCDMADSTLUMA_FMT @ 0x205baa668
CHIP::ISP::AISP.CLRPROCDMADSTLUMA_BASEADDR @ 0x205baa66c
CHIP::ISP::AISP.CLRPROCDMADSTLUMA_STRIDE @ 0x205baa670
CHIP::ISP::AISP.CLRPROCDMADSTLUMA_OFFSET @ 0x205baa674
CHIP::ISP::AISP.CLRPROCDMADSTLUMA_SIZE @ 0x205baa678
CHIP::ISP::AISP.CLRPROCDMADSTLUMA_PIXELOFFSETSCALE @ 0x205baa67c
CHIP::ISP::AISP.CLRPROCDMADSTLUMA_REGIONSTARTXY @ 0x205baa680
CHIP::ISP::AISP.CLRPROCDMADSTLUMA_REGIONENDXY @ 0x205baa684
CHIP::ISP::AISP.CLRPROCDMADSTCHROMA_DMACONFIG @ 0x205baa688
CHIP::ISP::AISP.CLRPROCDMADSTCHROMA_DMABFRCONFIG @ 0x205baa68c
CHIP::ISP::AISP.CLRPROCDMADSTCHROMA_DMASTTCONFIG @ 0x205baa690
CHIP::ISP::AISP.CLRPROCDMADSTCHROMA_PADCONFIG @ 0x205baa694
CHIP::ISP::AISP.CLRPROCDMADSTCHROMA_FMT @ 0x205baa698
CHIP::ISP::AISP.CLRPROCDMADSTCHROMA_BASEADDR @ 0x205baa69c
CHIP::ISP::AISP.CLRPROCDMADSTCHROMA_STRIDE @ 0x205baa6a0
CHIP::ISP::AISP.CLRPROCDMADSTCHROMA_OFFSET @ 0x205baa6a4
CHIP::ISP::AISP.CLRPROCDMADSTCHROMA_SIZE @ 0x205baa6a8
CHIP::ISP::AISP.CLRPROCDMADSTCHROMA_PIXELOFFSETSCALE @ 0x205baa6ac
CHIP::ISP::AISP.CLRPROCDMADSTCHROMA_REGIONSTARTXY @ 0x205baa6b0
CHIP::ISP::AISP.CLRPROCDMADSTCHROMA_REGIONENDXY @ 0x205baa6b4
CHIP::ISP::AISP.BESPROC_BESINCGQCONFIG @ 0x205bab000
CHIP::ISP::AISP.BESPROC_BESOUTCGQCONFIG @ 0x205bab004
CHIP::ISP::AISP.BESPROC_BESOUTSCLSYNCCONFIG @ 0x205bab008
CHIP::ISP::AISP.BESPROC_SPARE @ 0x205bab00c
CHIP::ISP::AISP.BESPROCDMASRC_DMACONFIG @ 0x205bab200
CHIP::ISP::AISP.BESPROCDMASRC_DMABFRCONFIG @ 0x205bab204
CHIP::ISP::AISP.BESPROCDMASRC_DMASTTCONFIG @ 0x205bab208
CHIP::ISP::AISP.BESPROCDMASRC_FMT @ 0x205bab20c
CHIP::ISP::AISP.BESPROCDMASRC_BASEADDR @ 0x205bab210
CHIP::ISP::AISP.BESPROCDMASRC_STRIDE @ 0x205bab214
CHIP::ISP::AISP.BESPROCDMASRC_OFFSET @ 0x205bab218
CHIP::ISP::AISP.BESPROCDMASRC_SIZE @ 0x205bab21c
CHIP::ISP::AISP.BESPROCDMASRC_PIXELOFFSETSCALE @ 0x205bab220
CHIP::ISP::AISP.BESPROCSCL0_COEFFYHORZ @ 0x205bac000
CHIP::ISP::AISP.BESPROCSCL0_COEFFYVERT @ 0x205bac400
CHIP::ISP::AISP.BESPROCSCL0_COEFFCHHORZ @ 0x205bac800
CHIP::ISP::AISP.BESPROCSCL0_COEFFCHVERT @ 0x205bacc00
CHIP::ISP::AISP.BESPROCSCL0_CONFIG @ 0x205bace40
CHIP::ISP::AISP.BESPROCSCL0_OUTSIZE @ 0x205bace44
CHIP::ISP::AISP.BESPROCSCL0_DDAINITYHORZ @ 0x205bace48
CHIP::ISP::AISP.BESPROCSCL0_DDAINITYVERT @ 0x205bace4c
CHIP::ISP::AISP.BESPROCSCL0_DDAOFFSETCHHORZ @ 0x205bace50
CHIP::ISP::AISP.BESPROCSCL0_DDAOFFSETCHVERT @ 0x205bace54
CHIP::ISP::AISP.BESPROCSCL0_DDASTEPYHORZ @ 0x205bace58
CHIP::ISP::AISP.BESPROCSCL0_DDASTEPYVERT @ 0x205bace5c
CHIP::ISP::AISP.BESPROCSCL0_PRESCALE @ 0x205bace60
CHIP::ISP::AISP.BESPROCSCL0_OPTCENTERX0 @ 0x205bace64
CHIP::ISP::AISP.BESPROCSCL0_OPTCENTERY0 @ 0x205bace68
CHIP::ISP::AISP.BESPROCSCL0_GDMEMCONFIG @ 0x205bace6c
CHIP::ISP::AISP.BESPROCSCL0_GDMEMVALUE @ 0x205bace70
CHIP::ISP::AISP.BESPROCSCL0_WARPMEMCONFIG @ 0x205bace74
CHIP::ISP::AISP.BESPROCSCL0_WARPMEMVALUE @ 0x205bace78
CHIP::ISP::AISP.BESPROCSCL0_PREVLINEY @ 0x205bace7c
CHIP::ISP::AISP.BESPROCSCL0_LINETOLINESTEP @ 0x205bace80
CHIP::ISP::AISP.BESPROCDMADSTLUMA0_DMACONFIG @ 0x205bacf84
CHIP::ISP::AISP.BESPROCDMADSTLUMA0_DMABFRCONFIG @ 0x205bacf88
CHIP::ISP::AISP.BESPROCDMADSTLUMA0_DMASTTCONFIG @ 0x205bacf8c
CHIP::ISP::AISP.BESPROCDMADSTLUMA0_PADCONFIG @ 0x205bacf90
CHIP::ISP::AISP.BESPROCDMADSTLUMA0_FMT @ 0x205bacf94
CHIP::ISP::AISP.BESPROCDMADSTLUMA0_BASEADDR @ 0x205bacf98
CHIP::ISP::AISP.BESPROCDMADSTLUMA0_STRIDE @ 0x205bacf9c
CHIP::ISP::AISP.BESPROCDMADSTLUMA0_OFFSET @ 0x205bacfa0
CHIP::ISP::AISP.BESPROCDMADSTLUMA0_SIZE @ 0x205bacfa4
CHIP::ISP::AISP.BESPROCDMADSTLUMA0_PIXELOFFSETSCALE @ 0x205bacfa8
CHIP::ISP::AISP.BESPROCDMADSTLUMA0_REGIONSTARTXY @ 0x205bacfac
CHIP::ISP::AISP.BESPROCDMADSTLUMA0_REGIONENDXY @ 0x205bacfb0
CHIP::ISP::AISP.BESPROCDMADSTCHROMA0_DMACONFIG @ 0x205bacfb4
CHIP::ISP::AISP.BESPROCDMADSTCHROMA0_DMABFRCONFIG @ 0x205bacfb8
CHIP::ISP::AISP.BESPROCDMADSTCHROMA0_DMASTTCONFIG @ 0x205bacfbc
CHIP::ISP::AISP.BESPROCDMADSTCHROMA0_PADCONFIG @ 0x205bacfc0
CHIP::ISP::AISP.BESPROCDMADSTCHROMA0_FMT @ 0x205bacfc4
CHIP::ISP::AISP.BESPROCDMADSTCHROMA0_BASEADDR @ 0x205bacfc8
CHIP::ISP::AISP.BESPROCDMADSTCHROMA0_STRIDE @ 0x205bacfcc
CHIP::ISP::AISP.BESPROCDMADSTCHROMA0_OFFSET @ 0x205bacfd0
CHIP::ISP::AISP.BESPROCDMADSTCHROMA0_SIZE @ 0x205bacfd4
CHIP::ISP::AISP.BESPROCDMADSTCHROMA0_PIXELOFFSETSCALE @ 0x205bacfd8
CHIP::ISP::AISP.BESPROCDMADSTCHROMA0_REGIONSTARTXY @ 0x205bacfdc
CHIP::ISP::AISP.BESPROCDMADSTCHROMA0_REGIONENDXY @ 0x205bacfe0
CHIP::ISP::AISP.BESPROCSCL1_COEFFYHORZ @ 0x205bad000
CHIP::ISP::AISP.BESPROCSCL1_COEFFYVERT @ 0x205bad400
CHIP::ISP::AISP.BESPROCSCL1_COEFFCHHORZ @ 0x205bad800
CHIP::ISP::AISP.BESPROCSCL1_COEFFCHVERT @ 0x205badc00
CHIP::ISP::AISP.BESPROCSCL1_CONFIG @ 0x205bade40
CHIP::ISP::AISP.BESPROCSCL1_OUTSIZE @ 0x205bade44
CHIP::ISP::AISP.BESPROCSCL1_DDAINITYHORZ @ 0x205bade48
CHIP::ISP::AISP.BESPROCSCL1_DDAINITYVERT @ 0x205bade4c
CHIP::ISP::AISP.BESPROCSCL1_DDAOFFSETCHHORZ @ 0x205bade50
CHIP::ISP::AISP.BESPROCSCL1_DDAOFFSETCHVERT @ 0x205bade54
CHIP::ISP::AISP.BESPROCSCL1_DDASTEPYHORZ @ 0x205bade58
CHIP::ISP::AISP.BESPROCSCL1_DDASTEPYVERT @ 0x205bade5c
CHIP::ISP::AISP.BESPROCSCL1_PRESCALE @ 0x205bade60
CHIP::ISP::AISP.BESPROCSCL1_OPTCENTERX0 @ 0x205bade64
CHIP::ISP::AISP.BESPROCSCL1_OPTCENTERY0 @ 0x205bade68
CHIP::ISP::AISP.BESPROCSCL1_GDMEMCONFIG @ 0x205bade6c
CHIP::ISP::AISP.BESPROCSCL1_GDMEMVALUE @ 0x205bade70
CHIP::ISP::AISP.BESPROCSCL1_WARPMEMCONFIG @ 0x205bade74
CHIP::ISP::AISP.BESPROCSCL1_WARPMEMVALUE @ 0x205bade78
CHIP::ISP::AISP.BESPROCSCL1_PREVLINEY @ 0x205bade7c
CHIP::ISP::AISP.BESPROCSCL1_LINETOLINESTEP @ 0x205bade80
CHIP::ISP::AISP.BESPROCDMADSTLUMA1_DMACONFIG @ 0x205badf84
CHIP::ISP::AISP.BESPROCDMADSTLUMA1_DMABFRCONFIG @ 0x205badf88
CHIP::ISP::AISP.BESPROCDMADSTLUMA1_DMASTTCONFIG @ 0x205badf8c
CHIP::ISP::AISP.BESPROCDMADSTLUMA1_PADCONFIG @ 0x205badf90
CHIP::ISP::AISP.BESPROCDMADSTLUMA1_FMT @ 0x205badf94
CHIP::ISP::AISP.BESPROCDMADSTLUMA1_BASEADDR @ 0x205badf98
CHIP::ISP::AISP.BESPROCDMADSTLUMA1_STRIDE @ 0x205badf9c
CHIP::ISP::AISP.BESPROCDMADSTLUMA1_OFFSET @ 0x205badfa0
CHIP::ISP::AISP.BESPROCDMADSTLUMA1_SIZE @ 0x205badfa4
CHIP::ISP::AISP.BESPROCDMADSTLUMA1_PIXELOFFSETSCALE @ 0x205badfa8
CHIP::ISP::AISP.BESPROCDMADSTLUMA1_REGIONSTARTXY @ 0x205badfac
CHIP::ISP::AISP.BESPROCDMADSTLUMA1_REGIONENDXY @ 0x205badfb0
CHIP::ISP::AISP.BESPROCDMADSTCHROMA1_DMACONFIG @ 0x205badfb4
CHIP::ISP::AISP.BESPROCDMADSTCHROMA1_DMABFRCONFIG @ 0x205badfb8
CHIP::ISP::AISP.BESPROCDMADSTCHROMA1_DMASTTCONFIG @ 0x205badfbc
CHIP::ISP::AISP.BESPROCDMADSTCHROMA1_PADCONFIG @ 0x205badfc0
CHIP::ISP::AISP.BESPROCDMADSTCHROMA1_FMT @ 0x205badfc4
CHIP::ISP::AISP.BESPROCDMADSTCHROMA1_BASEADDR @ 0x205badfc8
CHIP::ISP::AISP.BESPROCDMADSTCHROMA1_STRIDE @ 0x205badfcc
CHIP::ISP::AISP.BESPROCDMADSTCHROMA1_OFFSET @ 0x205badfd0
CHIP::ISP::AISP.BESPROCDMADSTCHROMA1_SIZE @ 0x205badfd4
CHIP::ISP::AISP.BESPROCDMADSTCHROMA1_PIXELOFFSETSCALE @ 0x205badfd8
CHIP::ISP::AISP.BESPROCDMADSTCHROMA1_REGIONSTARTXY @ 0x205badfdc
CHIP::ISP::AISP.BESPROCDMADSTCHROMA1_REGIONENDXY @ 0x205badfe0
CHIP::ISP::AISP.ISPPIPEBE_BEIFCONFIG @ 0x205bae000
CHIP::ISP::AISP.ISPPIPEBE_BEIFTIMING1 @ 0x205bae004
CHIP::ISP::AISP.ISPPIPEBE_BEIFTIMING2 @ 0x205bae008
CHIP::ISP::AISP.ISPPIPEBE_BEIFTIMING3 @ 0x205bae00c
CHIP::ISP::AISP.ISPPIPEBE_BEIFPOSITION @ 0x205bae010
CHIP::ISP::AISP.ISPPIPEBEDMASRC_DMACONFIG @ 0x205bae100
CHIP::ISP::AISP.ISPPIPEBEDMASRC_DMABFRCONFIG @ 0x205bae104
CHIP::ISP::AISP.ISPPIPEBEDMASRC_DMASTTCONFIG @ 0x205bae108
CHIP::ISP::AISP.ISPPIPEBEDMASRC_FMT @ 0x205bae10c
CHIP::ISP::AISP.ISPPIPEBEDMASRC_BASEADDR @ 0x205bae110
CHIP::ISP::AISP.ISPPIPEBEDMASRC_STRIDE @ 0x205bae114
CHIP::ISP::AISP.ISPPIPEBEDMASRC_OFFSET @ 0x205bae118
CHIP::ISP::AISP.ISPPIPEBEDMASRC_SIZE @ 0x205bae11c
CHIP::ISP::AISP.ISPPIPEBEDMASRC_PIXELOFFSETSCALE @ 0x205bae120
CHIP::ISP::AISP.VISPROC_CONFIG @ 0x205baf000
CHIP::ISP::AISP.VISPROC_VISINCGQCONFIG @ 0x205baf004
CHIP::ISP::AISP.VISPROC_VISPREOUTCGQCONFIG @ 0x205baf008
CHIP::ISP::AISP.VISPROC_VISKEYOUTCGQCONFIG @ 0x205baf00c
CHIP::ISP::AISP.VISPROC_KEY0MIDCGQCONFIG @ 0x205baf010
CHIP::ISP::AISP.VISPROC_KEY1MIDCGQCONFIG @ 0x205baf014
CHIP::ISP::AISP.VISPROC_FIRSTPIX @ 0x205baf018
CHIP::ISP::AISP.VISPROC_SPARE @ 0x205baf01c
CHIP::ISP::AISP.VISPROCDMASRC_DMACONFIG @ 0x205baf080
CHIP::ISP::AISP.VISPROCDMASRC_DMABFRCONFIG @ 0x205baf084
CHIP::ISP::AISP.VISPROCDMASRC_DMASTTCONFIG @ 0x205baf088
CHIP::ISP::AISP.VISPROCDMASRC_FMT @ 0x205baf08c
CHIP::ISP::AISP.VISPROCDMASRC_BASEADDR @ 0x205baf090
CHIP::ISP::AISP.VISPROCDMASRC_STRIDE @ 0x205baf094
CHIP::ISP::AISP.VISPROCDMASRC_OFFSET @ 0x205baf098
CHIP::ISP::AISP.VISPROCDMASRC_SIZE @ 0x205baf09c
CHIP::ISP::AISP.VISPROCDMASRC_PIXELOFFSETSCALE @ 0x205baf0a0
CHIP::ISP::AISP.VISPROCPRE_CONFIG @ 0x205baf0a8
CHIP::ISP::AISP.VISPROCPRE_OFFSETXY @ 0x205baf0ac
CHIP::ISP::AISP.VISPROCPRE_LUMACOEFF @ 0x205baf0b0
CHIP::ISP::AISP.VISPROCDEC_CONFIG @ 0x205baf1a8
CHIP::ISP::AISP.VISPROCLUTKEY_CONFIG @ 0x205baf2a8
CHIP::ISP::AISP.VISPROCLUTKEY_GLOBLUTMEMCONFIG @ 0x205baf2ac
CHIP::ISP::AISP.VISPROCLUTKEY_GLOBLUTMEMVALUE @ 0x205baf2b0
CHIP::ISP::AISP.VISPROCKEY_CONFIG @ 0x205baf3a8
CHIP::ISP::AISP.VISPROCKEY_ACTIVESTART @ 0x205baf3ac
CHIP::ISP::AISP.VISPROCKEY_BLOCKSIZE @ 0x205baf3b0
CHIP::ISP::AISP.VISPROCKEY_THRESHOLD @ 0x205baf3b4
CHIP::ISP::AISP.VISPROCKEY_NUMKEYFOUND @ 0x205baf418
CHIP::ISP::AISP.VISPROCKEY_NUMCLIPPED @ 0x205baf47c
CHIP::ISP::AISP.VISPROCKEY_KEYOUTSHIFT @ 0x205baf480
CHIP::ISP::AISP.VISPROCKEY_KEYOUTMAX @ 0x205baf484
CHIP::ISP::AISP.VISPROCKEY_KEYLINEMAX @ 0x205baf488
CHIP::ISP::AISP.VISPROCKEY_KEYDMACOUNT @ 0x205baf48c
CHIP::ISP::AISP.VISPROCKEYOUTDMADST_DMACONFIG @ 0x205baf4a8
CHIP::ISP::AISP.VISPROCKEYOUTDMADST_DMABFRCONFIG @ 0x205baf4ac
CHIP::ISP::AISP.VISPROCKEYOUTDMADST_DMASTTCONFIG @ 0x205baf4b0
CHIP::ISP::AISP.VISPROCKEYOUTDMADST_DMASWAPCONFIG @ 0x205baf4b4
CHIP::ISP::AISP.VISPROCKEYOUTDMADST_DMABASEADDR @ 0x205baf4b8
CHIP::ISP::ISPCTRL_R1U.TIMER_CONFIG @ 0x205bc0000
CHIP::ISP::ISPCTRL_R1U.TIMER_CONTROL @ 0x205bc0004
CHIP::ISP::ISPCTRL_R1U.TIMER_TIMERVALUE @ 0x205bc0008
CHIP::ISP::ISPCTRL_R1U.TIMER_TARGET @ 0x205bc000c
CHIP::ISP::ISPCTRL_R1U.TIMER_INTERRUPT_ENABLE @ 0x205bc0010
CHIP::ISP::ISPCTRL_R1U.TIMER_INTERRUPT_STATUS @ 0x205bc0014
CHIP::ISP::ISPCTRL_R1U.GPR_GPR @ 0x205bc0100
CHIP::ISP::ISPCTRL_R1U.ICSX_ICSRR @ 0x205bc0200
CHIP::ISP::ISPCTRL_R1U.ICSX_ICSRS @ 0x205bc0204
CHIP::ISP::ISPCTRL_R1U.ICSX_ICSRX @ 0x205bc0208
CHIP::ISP::ISPCTRL_R1U.ICSX_ICSMP @ 0x205bc020c
CHIP::ISP::ISPCTRL_R1U.ICSX_ICSCP @ 0x205bc0210
CHIP::ISP::ISPCTRL_R1U.ICSX_ICSEXTCLKCTRL @ 0x205bc0214
CHIP::ISP::ISPCTRL_R1U.ICRST_ICRST @ 0x205bc0300
CHIP::ISP::ISPCTRL_R1U.ICRST_ICCLK @ 0x205bc0304
CHIP::ISP::ISPCTRL_R1U.ICRST_CPU_DBG_CLK @ 0x205bc0308
CHIP::ISP::ISPCTRL_R1U.ICRST_DYN_BCGR @ 0x205bc030c
CHIP::ISP::ISPCTRL_R1U.CRCCENTRAL_CRC_VERSION @ 0x205bc0400
CHIP::ISP::ISPCTRL_R1U.CRCCENTRAL_CRC_HW_CONFIG @ 0x205bc0404
CHIP::ISP::ISPCTRL_R1U.CRC_CRC_CONTROL @ 0x205bc0420
CHIP::ISP::ISPCTRL_R1U.CRC_CRC_AXIID @ 0x205bc0424
CHIP::ISP::ISPCTRL_R1U.CRC_CRC_AXIIDMASK @ 0x205bc0428
CHIP::ISP::ISPCTRL_R1U.CRC_CRC_START @ 0x205bc042c
CHIP::ISP::ISPCTRL_R1U.CRC_CRC_LENGTH @ 0x205bc0430
CHIP::ISP::ISPCTRL_R1U.CRC_CRC_VALUE @ 0x205bc0434
CHIP::ISP::ISPCTRL_R1U.CRC_CRC_CUR @ 0x205bc0438
CHIP::ISP::ISPCTRL_R1U.CRC_CRC_CURS @ 0x205bc043c
CHIP::ISP::ISPCTRL_R1U.M2INTR_M2ISET @ 0x205bc0500
CHIP::ISP::ISPCTRL_R1U.M2INTR_M2ICLR @ 0x205bc0504
CHIP::ISP::ISPCTRL_R1U.I2MNTR_I2MSET @ 0x205bc0508
CHIP::ISP::ISPCTRL_R1U.I2MNTR_I2MCLR @ 0x205bc050c
CHIP::ISP::ISP_KF.AKFAPB_AKF_REV @ 0x205c00000
CHIP::ISP::ISP_KF.AKFAPB_AKF_CTRL @ 0x205c00004
CHIP::ISP::ISP_KF.AKFAPB_AKF_AXI_BASE @ 0x205c00008
CHIP::ISP::ISP_KF.AKFAPB_AKF_AXI_BASE_EXT @ 0x205c00010
CHIP::ISP::ISP_KF.AKFAPB_AKF_AXI_START @ 0x205c00018
CHIP::ISP::ISP_KF.AKFAPB_AKF_AXI_START_EXT @ 0x205c00020
CHIP::ISP::ISP_KF.AKFAPB_AKF_AXI_END @ 0x205c00028
CHIP::ISP::ISP_KF.AKFAPB_AKF_AXI_END_EXT @ 0x205c00030
CHIP::ISP::ISP_KF.AKFAPB_AKF_AXI_EN @ 0x205c00038
CHIP::ISP::ISP_KF.AKFAPB_AKF_IDLE_CTRL @ 0x205c00040
CHIP::ISP::ISP_KF.AKFAPB_AKF_CPU_CTRL @ 0x205c00044
CHIP::ISP::ISP_KF.AKFAPB_AKF_IDLE_STATUS @ 0x205c00048
CHIP::ISP::ISP_KF.AKFAPB_AKF_KIC_CAP0 @ 0x205c00800
CHIP::ISP::ISP_KF.AKFAPB_AKF_KIC_CAP1 @ 0x205c00804
CHIP::ISP::ISP_KF.AKFAPB_AKF_KIC_GLB_RESET @ 0x205c00808
CHIP::ISP::ISP_KF.AKFAPB_AKF_KIC_GLB_CFG @ 0x205c0080c
CHIP::ISP::ISP_KF.AKFAPB_AKF_KIC_IACK @ 0x205c0081c
CHIP::ISP::ISP_KF.AKFAPB_AKF_KIC_SW_GEN_SET @ 0x205c00900
CHIP::ISP::ISP_KF.AKFAPB_AKF_KIC_SW_GEN_CLR @ 0x205c00980
CHIP::ISP::ISP_KF.AKFAPB_AKF_KIC_INT_MSK_SET @ 0x205c00a00
CHIP::ISP::ISP_KF.AKFAPB_AKF_KIC_INT_MSK_CLR @ 0x205c00a80
CHIP::ISP::ISP_KF.AKFAPB_AKF_KIC_HWINTMON @ 0x205c00b00
CHIP::ISP::ISP_KF.AKFAPB_AKF_KIC_MAILBOX_SET @ 0x205c00b80
CHIP::ISP::ISP_KF.AKFAPB_AKF_KIC_MAILBOX_CLR @ 0x205c00b84
CHIP::ISP::ISP_KF.AKFAPB_AKF_KIC_INBOX_CTRL @ 0x205c00b88
CHIP::ISP::ISP_KF.AKFAPB_AKF_KIC_INBOX_WR_L @ 0x205c00b90
CHIP::ISP::ISP_KF.AKFAPB_AKF_KIC_INBOX_WR_H @ 0x205c00b94
CHIP::ISP::ISP_KF.AKFAPB_AKF_KIC_INBOX_RD_L @ 0x205c00b98
CHIP::ISP::ISP_KF.AKFAPB_AKF_KIC_INBOX_RD_H @ 0x205c00b9c
CHIP::ISP::ISP_KF.AKFAPB_AKF_KIC_OUTBOX_CTRL @ 0x205c00ba0
CHIP::ISP::ISP_KF.AKFAPB_AKF_KIC_OUTBOX_WR_L @ 0x205c00bb0
CHIP::ISP::ISP_KF.AKFAPB_AKF_KIC_OUTBOX_WR_H @ 0x205c00bb4
CHIP::ISP::ISP_KF.AKFAPB_AKF_KIC_OUTBOX_RD_L @ 0x205c00bb8
CHIP::ISP::ISP_KF.AKFAPB_AKF_KIC_OUTBOX_RD_H @ 0x205c00bbc
CHIP::ISP::ISP_KF.AKFAPB_AKF_KIC_MAILBOX_EXT_SET @ 0x205c00c00
CHIP::ISP::ISP_KF.AKFAPB_AKF_KIC_MAILBOX_EXT_CLR @ 0x205c00c04
CHIP::ISP::ISP_KF.AKFAPB_AKF_AP_MAILBOX_SET @ 0x205c04000
CHIP::ISP::ISP_KF.AKFAPB_AKF_AP_MAILBOX_CLR @ 0x205c04004
CHIP::ISP::ISP_KF.AKFAPB_AKF_AP_INBOX_CTRL @ 0x205c04008
CHIP::ISP::ISP_KF.AKFAPB_AKF_AP_INBOX_WR_L @ 0x205c04010
CHIP::ISP::ISP_KF.AKFAPB_AKF_AP_INBOX_WR_H @ 0x205c04014
CHIP::ISP::ISP_KF.AKFAPB_AKF_AP_INBOX_RD_L @ 0x205c04018
CHIP::ISP::ISP_KF.AKFAPB_AKF_AP_INBOX_RD_H @ 0x205c0401c
CHIP::ISP::ISP_KF.AKFAPB_AKF_AP_OUTBOX_CTRL @ 0x205c04020
CHIP::ISP::ISP_KF.AKFAPB_AKF_AP_OUTBOX_WR_L @ 0x205c04030
CHIP::ISP::ISP_KF.AKFAPB_AKF_AP_OUTBOX_WR_H @ 0x205c04034
CHIP::ISP::ISP_KF.AKFAPB_AKF_AP_OUTBOX_RD_L @ 0x205c04038
CHIP::ISP::ISP_KF.AKFAPB_AKF_AP_OUTBOX_RD_H @ 0x205c0403c
CHIP::ISP::ISP_KF.AKFAPB_AKF_AP_IDLE_STATUS @ 0x205c04040
CHIP::ISP::ISP_KF.AKFAPB_AKF_EXT_SW_GEN_SET @ 0x205c08000
CHIP::ISP::ISP_KF.AKFAPB_AKF_EXT_SW_GEN_CLR @ 0x205c08080
CHIP::ISP::ISP_KF.AKFN_AKF_KIC_TMR_CFG @ 0x205c0c000
CHIP::ISP::ISP_KF.AKFN_AKF_KIC_TMR_START @ 0x205c0c008
CHIP::ISP::ISP_KF.AKFN_AKF_KIC_TMR_CNT @ 0x205c0c010
CHIP::ISP::ISP_KF.AKFN_AKF_KIC_TMR_ISR @ 0x205c0c018
CHIP::ISP::ISP_KF.AKFN_AKF_KIC_TMR_STATE_SET @ 0x205c0c020
CHIP::ISP::ISP_KF.AKFN_AKF_KIC_TMR_STATE_CLR @ 0x205c0c028
CHIP::ISP::ISP_KF.AKFN_AKF_KIC_GLB_TIME_BASE_LO @ 0x205c0c030
CHIP::ISP::ISP_KF.AKFN_AKF_KIC_GLB_TIME_BASE_HI @ 0x205c0c038
CHIP::ISP::ISP_KF.AKFN_AKF_EVENT_TMR @ 0x205c0c040
CHIP::ISP::ISP_KF.AKFN_AKF_EVENT_PERIOD @ 0x205c0c044
CHIP::ISP::ISP_KF.AKFN_AKF_EVENT_CTL @ 0x205c0c048
CHIP::RTBUSMUX.RTBUSMUX_REGS_ARBCFG @ 0x206000000
CHIP::RTBUSMUX.RTBUSMUX_REGS_DWRRCFG_SISP_RT @ 0x206000004
CHIP::RTBUSMUX.RTBUSMUX_REGS_DWRRCFG_SISP_BULK @ 0x206000008
CHIP::RTBUSMUX.RTBUSMUX_REGS_DWRRCFG_DISP0_RT @ 0x20600000c
CHIP::RTBUSMUX.RTBUSMUX_REGS_BW_RTR_THROTTLE_LLT @ 0x206000010
CHIP::RTBUSMUX.RTBUSMUX_REGS_BW_RTR_THROTTLE_BEF @ 0x206000014
CHIP::RTBUSMUX.RTBUSMUX_REGS_BW_RTY_THROTTLE_LLT @ 0x206000018
CHIP::RTBUSMUX.RTBUSMUX_REGS_BW_RTY_THROTTLE_BEF @ 0x20600001c
CHIP::RTBUSMUX.RTBUSMUX_REGS_TLIMIT_ENA @ 0x206000020
CHIP::RTBUSMUX.RTBUSMUX_REGS_TLIMIT_LVL0_SISP @ 0x206000024
CHIP::RTBUSMUX.RTBUSMUX_REGS_TLIMIT_LVL1_SISP @ 0x206000028
CHIP::RTBUSMUX.RTBUSMUX_REGS_TLIMIT_LVL2_SISP @ 0x20600002c
CHIP::RTBUSMUX.RTBUSMUX_REGS_TLIMIT_LVL3_SISP @ 0x206000030
CHIP::RTBUSMUX.RTBUSMUX_REGS_TLIMIT_LVL0_DISP0 @ 0x206000034
CHIP::RTBUSMUX.RTBUSMUX_REGS_TLIMIT_LVL1_DISP0 @ 0x206000038
CHIP::RTBUSMUX.RTBUSMUX_REGS_TLIMIT_LVL2_DISP0 @ 0x20600003c
CHIP::RTBUSMUX.RTBUSMUX_REGS_TLIMIT_LVL3_DISP0 @ 0x206000040
CHIP::RTBUSMUX.RTBUSMUX_REGS_SISP_CREDIT_ALLOC_0 @ 0x206000044
CHIP::RTBUSMUX.RTBUSMUX_REGS_SISP_CREDIT_ALLOC_1 @ 0x206000048
CHIP::RTBUSMUX.RTBUSMUX_REGS_DISP0_CREDIT_ALLOC @ 0x20600004c
CHIP::RTBUSMUX.RTBUSMUX_REGS_RTMUXTOP_CREDIT_ALLOC @ 0x206000050
CHIP::RTBUSMUX.RTBUSMUX_REGS_CPG_CNTL @ 0x206000054
CHIP::RTBUSMUX.RTBUSMUX_REGS_BWMGT_SISP @ 0x206000058
CHIP::RTBUSMUX.RTBUSMUX_REGS_BWMGT_DISP0 @ 0x20600005c
CHIP::DISPLAYPIPE0::AFC_AXI2AF_DISPLAY_0::AFC_AIU_DISPLAY_0.AFC_AIU_DISPLAY_0_SELF_REGS_ARBCFG @ 0x206100000
CHIP::DISPLAYPIPE0::AFC_AXI2AF_DISPLAY_0::AFC_AIU_DISPLAY_0.AFC_AIU_DISPLAY_0_SELF_REGS_DWCFG_LEG0 @ 0x206100004
CHIP::DISPLAYPIPE0::AFC_AXI2AF_DISPLAY_0::AFC_AIU_DISPLAY_0.AFC_AIU_DISPLAY_0_SELF_REGS_DWCFG_LEG1 @ 0x206100008
CHIP::DISPLAYPIPE0::AFC_AXI2AF_DISPLAY_0::AFC_AIU_DISPLAY_0.AFC_AIU_DISPLAY_0_SELF_REGS_DNRSP_CREDIT_ALLOC @ 0x20610000c
CHIP::DISPLAYPIPE0::AFC_AXI2AF_DISPLAY_0::AFC_AIU_DISPLAY_0.AFC_AIU_DISPLAY_0_SELF_REGS_PIO_CREDIT_ALLOC @ 0x206100010
CHIP::DISPLAYPIPE0::AFC_AXI2AF_DISPLAY_0::AFC_AIU_DISPLAY_0.AFC_AIU_DISPLAY_0_SELF_REGS_CPG_CNTL @ 0x206100014
CHIP::DISPLAYPIPE0::AFC_AXI2AF_DISPLAY_0::AFC_AIU_DISPLAY_0.AFC_AIU_DISPLAY_0_SELF_REGS_LIMITED_BW_THRESHOLD @ 0x206100018
CHIP::DISPLAYPIPE0::AFC_AXI2AF_DISPLAY_0::AFC_AIU_DISPLAY_0.AFC_AIU_DISPLAY_0_SELF_AW_TLIMIT_LEVEL0 @ 0x20610001c
CHIP::DISPLAYPIPE0::AFC_AXI2AF_DISPLAY_0::AFC_AIU_DISPLAY_0.AFC_AIU_DISPLAY_0_SELF_AW_TLIMIT_LEVEL1 @ 0x206100020
CHIP::DISPLAYPIPE0::AFC_AXI2AF_DISPLAY_0::AFC_AIU_DISPLAY_0.AFC_AIU_DISPLAY_0_SELF_AW_TLIMIT_LEVEL2 @ 0x206100024
CHIP::DISPLAYPIPE0::AFC_AXI2AF_DISPLAY_0::AFC_AIU_DISPLAY_0.AFC_AIU_DISPLAY_0_SELF_AW_TLIMIT_LEVEL3 @ 0x206100028
CHIP::DISPLAYPIPE0::AFC_AXI2AF_DISPLAY_0::AFC_AIU_DISPLAY_0.AFC_AIU_DISPLAY_0_SELF_AR_TLIMIT_LEVEL0 @ 0x20610002c
CHIP::DISPLAYPIPE0::AFC_AXI2AF_DISPLAY_0::AFC_AIU_DISPLAY_0.AFC_AIU_DISPLAY_0_SELF_AR_TLIMIT_LEVEL1 @ 0x206100030
CHIP::DISPLAYPIPE0::AFC_AXI2AF_DISPLAY_0::AFC_AIU_DISPLAY_0.AFC_AIU_DISPLAY_0_SELF_AR_TLIMIT_LEVEL2 @ 0x206100034
CHIP::DISPLAYPIPE0::AFC_AXI2AF_DISPLAY_0::AFC_AIU_DISPLAY_0.AFC_AIU_DISPLAY_0_SELF_AR_TLIMIT_LEVEL3 @ 0x206100038
CHIP::DISPLAYPIPE0::AFC_AXI2AF_DISPLAY_0::AFC_AIU_DISPLAY_0.AFC_AIU_DISPLAY_0_SELF_TLIMIT_OUTSTANDING @ 0x20610003c
CHIP::DISPLAYPIPE0::AFC_AXI2AF_DISPLAY_0::AFC_AIU_DISPLAY_0.AFC_AIU_MC_DISPLAY_0_REGS_MEMCACHE_DATASETID_OVERRIDE @ 0x206104000
CHIP::DISPLAYPIPE0::AFC_AXI2AF_DISPLAY_0::AFC_AIU_DISPLAY_0.AFC_AIU_MC_DISPLAY_0_REGS_MEMCACHE_HINT_OVERRIDE @ 0x206104004
CHIP::DISPLAYPIPE0::AFC_AXI2AF_DISPLAY_0::AFC_AIU_DISPLAY_0.AFC_AIU_PERF_CNTR_DISPLAY_0_AW_PERF_CNTR_CNTRL @ 0x206108000
CHIP::DISPLAYPIPE0::AFC_AXI2AF_DISPLAY_0::AFC_AIU_DISPLAY_0.AFC_AIU_PERF_CNTR_DISPLAY_0_AW_DEPTH_CNTR_STATUS @ 0x206108004
CHIP::DISPLAYPIPE0::AFC_AXI2AF_DISPLAY_0::AFC_AIU_DISPLAY_0.AFC_AIU_PERF_CNTR_DISPLAY_0_AW_LATENCY_CNTR_STATUS @ 0x206108008
CHIP::DISPLAYPIPE0::AFC_AXI2AF_DISPLAY_0::AFC_AIU_DISPLAY_0.AFC_AIU_PERF_CNTR_DISPLAY_0_AW_THROUGHPUT_CNTR_STATUS @ 0x20610800c
CHIP::DISPLAYPIPE0::AFC_AXI2AF_DISPLAY_0::AFC_AIU_DISPLAY_0.AFC_AIU_PERF_CNTR_DISPLAY_0_AR_PERF_CNTR_CNTRL @ 0x206108010
CHIP::DISPLAYPIPE0::AFC_AXI2AF_DISPLAY_0::AFC_AIU_DISPLAY_0.AFC_AIU_PERF_CNTR_DISPLAY_0_AR_DEPTH_CNTR_STATUS @ 0x206108014
CHIP::DISPLAYPIPE0::AFC_AXI2AF_DISPLAY_0::AFC_AIU_DISPLAY_0.AFC_AIU_PERF_CNTR_DISPLAY_0_AR_LATENCY_CNTR_STATUS @ 0x206108018
CHIP::DISPLAYPIPE0::AFC_AXI2AF_DISPLAY_0::AFC_AIU_DISPLAY_0.AFC_AIU_PERF_CNTR_DISPLAY_0_AR_THROUGHPUT_CNTR_STATUS @ 0x20610801c
CHIP::DISPLAYPIPE0::AFC_AXI2AF_DISPLAY_0::AFC_AIU_DISPLAY_0.AFC_AIU_PERF_CNTR_DISPLAY_0_AW_BYTE_CNTR_CNTRL @ 0x206108100
CHIP::DISPLAYPIPE0::AFC_AXI2AF_DISPLAY_0::AFC_AIU_DISPLAY_0.AFC_AIU_PERF_CNTR_DISPLAY_0_AW_BYTE_CNTR_LSB_STATUS @ 0x206108104
CHIP::DISPLAYPIPE0::AFC_AXI2AF_DISPLAY_0::AFC_AIU_DISPLAY_0.AFC_AIU_PERF_CNTR_DISPLAY_0_AW_BYTE_CNTR_MSB_STATUS @ 0x206108108
CHIP::DISPLAYPIPE0::AFC_AXI2AF_DISPLAY_0::AFC_AIU_DISPLAY_0.AFC_AIU_PERF_CNTR_DISPLAY_0_AR_BYTE_CNTR_CNTRL @ 0x20610810c
CHIP::DISPLAYPIPE0::AFC_AXI2AF_DISPLAY_0::AFC_AIU_DISPLAY_0.AFC_AIU_PERF_CNTR_DISPLAY_0_AR_BYTE_CNTR_LSB_STATUS @ 0x206108110
CHIP::DISPLAYPIPE0::AFC_AXI2AF_DISPLAY_0::AFC_AIU_DISPLAY_0.AFC_AIU_PERF_CNTR_DISPLAY_0_AR_BYTE_CNTR_MSB_STATUS @ 0x206108114
CHIP::DISPLAYPIPE0::DISP0_INTR2AXI.INTERRUPT_FILTER @ 0x206180000
CHIP::DISPLAYPIPE0::DISP0_INTR2AXI.CURRENT_STATUS @ 0x206180040
CHIP::DISPLAYPIPE0::DISP0_INTR2AXI.FORCE_UPDATE @ 0x206180080
CHIP::DISPLAYPIPE0::DISP0_INTR2AXI.IDLE @ 0x206180084
CHIP::DISPLAYPIPE0::ADP.ADPCONTROL_ADPCSPARE @ 0x206201000
CHIP::DISPLAYPIPE0::ADP.ADPCONTROL_ADPCLRROVER @ 0x206201010
CHIP::DISPLAYPIPE0::ADP.ADPCONTROL_ADPSPDSVERSION @ 0x206201014
CHIP::DISPLAYPIPE0::ADP.ADPCONTROL_ADPCVERSION @ 0x206201018
CHIP::DISPLAYPIPE0::ADP.ADPCONTROL_ADPCSTATE @ 0x20620101c
CHIP::DISPLAYPIPE0::ADP.ADPCONTROL_ADPCGO @ 0x206201020
CHIP::DISPLAYPIPE0::ADP.ADPCONTROL_ADPCRESTART @ 0x206201024
CHIP::DISPLAYPIPE0::ADP.ADPCONTROL_ADPCIRQENAB @ 0x206201028
CHIP::DISPLAYPIPE0::ADP.ADPCONTROL_ADPCIRQ @ 0x20620102c
CHIP::DISPLAYPIPE0::ADP.ADPCONTROL_ADPCFRAMESIZE @ 0x206201030
CHIP::DISPLAYPIPE0::ADP.ADPCONTROL_ADPCFRMCNT @ 0x206201034
CHIP::DISPLAYPIPE0::ADP.ADPCONTROL_ADPCENAB @ 0x206201038
CHIP::DISPLAYPIPE0::ADP.ADPCONTROL_ADPCPFSIZE @ 0x20620103c
CHIP::DISPLAYPIPE0::ADP.ADPCONTROL_ADPCPFSTAT @ 0x206201040
CHIP::DISPLAYPIPE0::ADP.ADPCONTROL_ADPCPFHEAD @ 0x206201044
CHIP::DISPLAYPIPE0::ADP.ADPCONTROL_ADPCPFMODE @ 0x206201048
CHIP::DISPLAYPIPE0::ADP.ADPCONTROL_ADPCPFFLUSH @ 0x20620104c
CHIP::DISPLAYPIPE0::ADP.ADPCONTROL_ADPCCLKCNTL @ 0x206201050
CHIP::DISPLAYPIPE0::ADP.ADPCONTROL_ADPCCLKLVL @ 0x206201054
CHIP::DISPLAYPIPE0::ADP.ADPCONTROL_ADPCQOSCFG @ 0x206201058
CHIP::DISPLAYPIPE0::ADP.ADPCONTROL_ADPCQOSYLVL @ 0x20620105c
CHIP::DISPLAYPIPE0::ADP.ADPCONTROL_ADPCQOSRLVL @ 0x206201060
CHIP::DISPLAYPIPE0::ADP.ADPCONTROL_ADPCQOSGSNAP @ 0x206201064
CHIP::DISPLAYPIPE0::ADP.ADPCONTROL_ADPCQOSYSNAP @ 0x206201068
CHIP::DISPLAYPIPE0::ADP.ADPCONTROL_ADPCQOSRSNAP @ 0x20620106c
CHIP::DISPLAYPIPE0::ADP.ADPCONTROL_ADPCQOSMINLVLSNAP @ 0x206201070
CHIP::DISPLAYPIPE0::ADP.ADPCONTROL_ADPCCRCCTRL @ 0x206201074
CHIP::DISPLAYPIPE0::ADP.ADPCONTROL_ADPCLINKDOWN @ 0x206201078
CHIP::DISPLAYPIPE0::ADP.ADPCONTROL_ADPCAFCLKGATE @ 0x20620107c
CHIP::DISPLAYPIPE0::ADP.ADPCONTROL_ADPCALTIRQENAB @ 0x206201080
CHIP::DISPLAYPIPE0::ADP.ADPCONTROL_ADPCALTIRQ @ 0x206201084
CHIP::DISPLAYPIPE0::ADP.ADPCONTROL_ADPCPFTOP @ 0x2062010c0
CHIP::DISPLAYPIPE0::ADP.ADPBLEND_ADPBSPARE @ 0x206202000
CHIP::DISPLAYPIPE0::ADP.ADPBLEND_ADPBCFG @ 0x206202020
CHIP::DISPLAYPIPE0::ADP.ADPBLEND_ADPBBACKCOLOR @ 0x206202024
CHIP::DISPLAYPIPE0::ADP.ADPBLEND_ADPBLAYCFG @ 0x206202028
CHIP::DISPLAYPIPE0::ADP.ADPBLEND_ADPBCRCDATA @ 0x206202030
CHIP::DISPLAYPIPE0::ADP.ADPBLEND_ADPBCSCCFG @ 0x206202034
CHIP::DISPLAYPIPE0::ADP.ADPBLEND_ADPBCSCINOFF @ 0x206202038
CHIP::DISPLAYPIPE0::ADP.ADPBLEND_ADPBCSCCOEF @ 0x206202044
CHIP::DISPLAYPIPE0::ADP.ADPBLEND_ADPBCSCOUTOFF @ 0x206202068
CHIP::DISPLAYPIPE0::ADP.ADPBLEND_ADPBCMCFG @ 0x206202074
CHIP::DISPLAYPIPE0::ADP.ADPBLEND_ADPBDEGAMMALINEAR @ 0x206202078
CHIP::DISPLAYPIPE0::ADP.ADPBLEND_ADPBCMCOEF @ 0x20620207c
CHIP::DISPLAYPIPE0::ADP.ADPBLEND_ADPBGAMMALINEAR_R @ 0x2062020a0
CHIP::DISPLAYPIPE0::ADP.ADPBLEND_ADPBGAMMALINEAR_G @ 0x2062020a4
CHIP::DISPLAYPIPE0::ADP.ADPBLEND_ADPBGAMMALINEAR_B @ 0x2062020a8
CHIP::DISPLAYPIPE0::ADP.ADPBLEND_ADPBOUTFIFODEPTH @ 0x2062020ac
CHIP::DISPLAYPIPE0::ADP.ADPBLEND_ADPBDEGAMMATABLE @ 0x206202200
CHIP::DISPLAYPIPE0::ADP.ADPBLEND_ADPBGAMMATABLE_R @ 0x206202800
CHIP::DISPLAYPIPE0::ADP.ADPBLEND_ADPBGAMMATABLE_G @ 0x206203000
CHIP::DISPLAYPIPE0::ADP.ADPBLEND_ADPBGAMMATABLE_B @ 0x206203800
CHIP::DISPLAYPIPE0::ADP.ADPGENPIPE_ADPGPSPARE @ 0x206204000
CHIP::DISPLAYPIPE0::ADP.ADPGENPIPE_ADPGPCFG @ 0x206204020
CHIP::DISPLAYPIPE0::ADP.ADPGENPIPE_ADPGPREQAGGR @ 0x206204024
CHIP::DISPLAYPIPE0::ADP.ADPGENPIPE_ADPGPSRCFMT @ 0x20620402c
CHIP::DISPLAYPIPE0::ADP.ADPGENPIPE_ADPGPSRCBASE @ 0x206204030
CHIP::DISPLAYPIPE0::ADP.ADPGENPIPE_ADPGPSRCSTRD @ 0x206204038
CHIP::DISPLAYPIPE0::ADP.ADPGENPIPE_ADPGPSRCXY @ 0x206204040
CHIP::DISPLAYPIPE0::ADP.ADPGENPIPE_ADPGPSRCWH @ 0x206204048
CHIP::DISPLAYPIPE0::ADP.ADPGENPIPE_ADPGPDSTXY @ 0x206204050
CHIP::DISPLAYPIPE0::ADP.ADPGENPIPE_ADPGPDSTWH @ 0x206204054
CHIP::DISPLAYPIPE0::ADP.ADPGENPIPE_ADPGPTBEDGEALPHA @ 0x206204058
CHIP::DISPLAYPIPE0::ADP.ADPGENPIPE_ADPGPLREDGEALPHA @ 0x20620405c
CHIP::DISPLAYPIPE0::ADP.ADPGENPIPE_ADPGPTCEDGEALPHA @ 0x206204060
CHIP::DISPLAYPIPE0::ADP.ADPGENPIPE_ADPGPBCEDGEALPHA @ 0x206204064
CHIP::DISPLAYPIPE0::ADP.ADPGENPIPE_ADPGPSRCCFG @ 0x206204068
CHIP::DISPLAYPIPE0::ADP.ADPGENPIPE_ADPGPSRCACTXY @ 0x20620406c
CHIP::DISPLAYPIPE0::ADP.ADPGENPIPE_ADPGPSRCACTWH @ 0x20620407c
CHIP::DISPLAYPIPE0::ADP.ADPGENPIPE_ADPGPNOISECFG @ 0x20620408c
CHIP::DISPLAYPIPE0::ADP.ADPGENPIPE_ADPGPNOISELFSR @ 0x206204090
CHIP::DISPLAYPIPE0::ADP.ADPGENPIPE_ADPGPDDAINITX @ 0x206204094
CHIP::DISPLAYPIPE0::ADP.ADPGENPIPE_ADPGPDDASTEPX @ 0x20620409c
CHIP::DISPLAYPIPE0::ADP.ADPGENPIPE_ADPGPDDAINITY @ 0x2062040a4
CHIP::DISPLAYPIPE0::ADP.ADPGENPIPE_ADPGPDDASTEPY @ 0x2062040ac
CHIP::DISPLAYPIPE0::ADP.ADPGENPIPE_ADPGPCSCCFG @ 0x2062040b4
CHIP::DISPLAYPIPE0::ADP.ADPGENPIPE_ADPGPCSCINOFF @ 0x2062040b8
CHIP::DISPLAYPIPE0::ADP.ADPGENPIPE_ADPGPCSCCOEF @ 0x2062040c4
CHIP::DISPLAYPIPE0::ADP.ADPGENPIPE_ADPGPCSCOUTOFF @ 0x2062040e8
CHIP::DISPLAYPIPE0::ADP.ADPGENPIPE_ADPGPCMCFG @ 0x2062040f4
CHIP::DISPLAYPIPE0::ADP.ADPGENPIPE_ADPGPDEGAMMALINEAR @ 0x2062040f8
CHIP::DISPLAYPIPE0::ADP.ADPGENPIPE_ADPGPCMCOEF @ 0x2062040fc
CHIP::DISPLAYPIPE0::ADP.ADPGENPIPE_ADPGPGAMMALINEAR @ 0x206204120
CHIP::DISPLAYPIPE0::ADP.ADPGENPIPE_ADPGPCRCCTRL @ 0x206204124
CHIP::DISPLAYPIPE0::ADP.ADPGENPIPE_ADPGPCRCDATA @ 0x206204128
CHIP::DISPLAYPIPE0::ADP.ADPGENPIPE_ADPGPINVDDASTEPX @ 0x20620412c
CHIP::DISPLAYPIPE0::ADP.ADPGENPIPE_ADPGPDEGAMMATABLE @ 0x206204200
CHIP::DISPLAYPIPE0::ADP.ADPGENPIPE_ADPGPGAMMATABLE @ 0x206204800
CHIP::DISPLAYPIPE0::ADP.ADPGENPIPE_ADPGPCOEFX @ 0x206205000
CHIP::DISPLAYPIPE0::ADP.ADPGENPIPE_ADPGPCOEFY @ 0x206205800
CHIP::DISPLAYPIPE0::ADP.ADPNOISE_ADPNOISEARRAY @ 0x206208000
CHIP::DISPLAYPIPE0::ADP.ADPWRITEBACK_ADPWBSPARE @ 0x206209000
CHIP::DISPLAYPIPE0::ADP.ADPWRITEBACK_ADPWBBASE @ 0x206209020
CHIP::DISPLAYPIPE0::ADP.ADPWRITEBACK_ADPWBSTRD @ 0x206209028
CHIP::DISPLAYPIPE0::ADP.ADPWRITEBACK_ADPWBCNTL @ 0x206209030
CHIP::DISPLAYPIPE0::ADP.ADPWRITEBACK_ADPWBCHROMADOWN @ 0x206209034
CHIP::DISPLAYPIPE0::ADP.ADPWRITEBACK_ADPWBLINECNT @ 0x206209038
CHIP::DISPLAYPIPE0::ADP.ADPWRITEBACK_DITHER_SKEW0 @ 0x206209040
CHIP::DISPLAYPIPE0::ADP.ADPWRITEBACK_DITHER_SKEW1 @ 0x206209044
CHIP::DISPLAYPIPE0::ADP.ADPWRITEBACK_DITHER_SKEW2 @ 0x206209048
CHIP::DISPLAYPIPE0::ADP.ADPWRITEBACK_DITHER_KERNEL @ 0x20620904c
CHIP::DISPLAYPIPE0::ADP.ADPWRITEBACK_ADPWBSTATSXY @ 0x206209050
CHIP::DISPLAYPIPE0::ADP.ADPWRITEBACK_ADPWBSTATSWH @ 0x206209054
CHIP::DISPLAYPIPE0::ADP.ADPWRITEBACK_ADPWBSTATSBASE @ 0x206209058
CHIP::DISPLAYPIPE0::DISP0_SMMU.SMMU_SMMU_CONFIG @ 0x20630000c
CHIP::DISPLAYPIPE0::DISP0_SMMU.SMMU_SMMU_ERR_STATUS @ 0x206300010
CHIP::DISPLAYPIPE0::DISP0_SMMU.SMMU_SMMU_ERR_AXI_REQ0 @ 0x206300014
CHIP::DISPLAYPIPE0::DISP0_SMMU.SMMU_SMMU_ERR_AXI_REQ1 @ 0x206300018
CHIP::DISPLAYPIPE0::DISP0_SMMU.SMMU_SMMU_ERR_ADDRESS @ 0x20630001c
CHIP::DISPLAYPIPE0::DISP0_SMMU.SMMU_SMMU_DIAG_CONFIG @ 0x206300020
CHIP::DISPLAYPIPE0::DISP0_SMMU.SMMU_SMMU_DIAG_BOGUS_ACCESS @ 0x206300024
CHIP::DISPLAYPIPE0::DISP0_SMMU.SMMU_SMMU_BYPASS_ADDR @ 0x20630002c
CHIP::DISPLAYPIPE0::DISP0_SMMU.SMMU_SMMU_ERR_STTIDX @ 0x206300030
CHIP::DISPLAYPIPE0::DISP0_SMMU.SMMU_SMMU_REQ_SCOREBOARD @ 0x206300080
CHIP::DISPLAYPIPE0::DISP0_SMMU.SMMU_SMMU_ACK_SCOREBOARD @ 0x2063000c0
CHIP::DISPLAYPIPE0::DISP0_SMMU.SMMU_SMMU_PERF_CONFIG @ 0x206301000
CHIP::DISPLAYPIPE0::DISP0_SMMU.SMMU_SMMU_CTR @ 0x206301004
CHIP::DISPLAYPIPE0::DISP0_SMMU.SMMU_SMMU_STT_PA_DATA @ 0x206302000
CHIP::DISPLAYPIPE0::DISP0_DART.DART_DART_TLB_OP @ 0x206304000
CHIP::DISPLAYPIPE0::DISP0_DART.DART_DART_TLB_TAG_DATA @ 0x206304004
CHIP::DISPLAYPIPE0::DISP0_DART.DART_DART_TLB_PA_DATA @ 0x206304008
CHIP::DISPLAYPIPE0::DISP0_DART.DART_DART_CONFIG @ 0x20630400c
CHIP::DISPLAYPIPE0::DISP0_DART.DART_DART_ERR_STATUS @ 0x206304010
CHIP::DISPLAYPIPE0::DISP0_DART.DART_DART_ERR_AXI_REQ0 @ 0x206304014
CHIP::DISPLAYPIPE0::DISP0_DART.DART_DART_ERR_AXI_REQ1 @ 0x206304018
CHIP::DISPLAYPIPE0::DISP0_DART.DART_DART_ERR_ADDRESS @ 0x20630401c
CHIP::DISPLAYPIPE0::DISP0_DART.DART_DART_DIAG_CONFIG @ 0x206304020
CHIP::DISPLAYPIPE0::DISP0_DART.DART_DART_DIAG_BOGUS_ACCESS @ 0x206304024
CHIP::DISPLAYPIPE0::DISP0_DART.DART_DART_SID_REMAP @ 0x206304028
CHIP::DISPLAYPIPE0::DISP0_DART.DART_DART_BYPASS_ADDR @ 0x20630402c
CHIP::DISPLAYPIPE0::DISP0_DART.DART_DART_FETCH_REQ_CONFIG @ 0x206304030
CHIP::DISPLAYPIPE0::DISP0_DART.DART_DART_TTBR @ 0x206304040
CHIP::DISPLAYPIPE0::DISP0_DART.DART_DART_PERF_CONFIG @ 0x206305000
CHIP::DISPLAYPIPE0::DISP0_DART.DART_TLB_MISS_CTR @ 0x206305004
CHIP::DISPLAYPIPE0::DISP0_DART.DART_TLB_WAIT_CTR @ 0x206305008
CHIP::DISPLAYPIPE0::DISP0_DART.DART_TLB_HIT_CTR @ 0x20630500c
CHIP::DISPLAYPIPE0::DISP0_DART.DART_ST_MISS_CTR @ 0x206305010
CHIP::DISPLAYPIPE0::DISP0_DART.DART_ST_WAIT_CTR @ 0x206305014
CHIP::DISPLAYPIPE0::DISP0_DART.DART_ST_HIT_CTR @ 0x206305018
CHIP::DISPLAYPIPE0::ADBE.ADBE_VERSION @ 0x206400000
CHIP::DISPLAYPIPE0::ADBE.ADBE_GENERAL_CTL @ 0x206400004
CHIP::DISPLAYPIPE0::ADBE.ADBE_VFTG_CTL @ 0x206400008
CHIP::DISPLAYPIPE0::ADBE.ADBE_ACTIVE_SIZE @ 0x20640000c
CHIP::DISPLAYPIPE0::ADBE.ADBE_FRONT_PORCH @ 0x206400010
CHIP::DISPLAYPIPE0::ADBE.ADBE_SYNC_PULSE @ 0x206400014
CHIP::DISPLAYPIPE0::ADBE.ADBE_BACK_PORCH @ 0x206400018
CHIP::DISPLAYPIPE0::ADBE.ADBE_COUNTER_STATUS @ 0x20640001c
CHIP::DISPLAYPIPE0::ADBE.ADBE_COUNTER_POSITION @ 0x206400020
CHIP::DISPLAYPIPE0::ADBE.ADBE_VBLANK_POSITION @ 0x206400024
CHIP::DISPLAYPIPE0::ADBE.ADBE_VBLANK_CLK_GATE @ 0x206400028
CHIP::DISPLAYPIPE0::ADBE.ADBE_VBLANK_BUSY @ 0x20640002c
CHIP::DISPLAYPIPE0::ADBE.ADBE_IDLE_FRAME @ 0x206400030
CHIP::DISPLAYPIPE0::ADBE.ADBE_INTERRUPT @ 0x206400034
CHIP::DISPLAYPIPE0::ADBE.ADBE_CONST_COLOR @ 0x206400038
CHIP::DISPLAYPIPE0::ADBE.ADBE_CRC_CTL @ 0x20640003c
CHIP::DISPLAYPIPE0::ADBE.ADBE_CRC_WINDOW @ 0x206400040
CHIP::DISPLAYPIPE0::ADBE.ADBE_CRC_RESULT @ 0x206400044
CHIP::DISPLAYPIPE0::ADBE.ADBE_FIFO_CONFIG @ 0x206400048
CHIP::DISPLAYPIPE0::ADBE.ADBE_FIFO_STATUS @ 0x20640004c
CHIP::DISPLAYPIPE0::ADBE.ADBE_MIDPORCH_COLOR @ 0x206400050
CHIP::DISPLAYPIPE0::ADBE.ADBE_MIDPORCH_LATENCY @ 0x206400054
CHIP::DISPLAYPIPE0::ADBE.ADBE_MIDPORCH_COUNT @ 0x206400058
CHIP::DISPLAYPIPE0::ADBE.ADBE_MIDPORCH_INSERTION @ 0x20640005c
CHIP::DISPLAYPIPE0::ADBE.ADBE_SPARE_CONFIG0 @ 0x20640007c
CHIP::DISPLAYPIPE0::ADBE.ADBE_SPARE_CONFIG1 @ 0x206400080
CHIP::DISPLAYPIPE0::ADBE.ADBE_SPARE_CONFIG2 @ 0x206400084
CHIP::DISPLAYPIPE0::ADBE.ADBE_SPARE_CONFIG3 @ 0x206400088
CHIP::DISPLAYPIPE0::ADBE.ADBE_SPARE_STATUS0 @ 0x20640008c
CHIP::DISPLAYPIPE0::ADBE.ADBE_SPARE_STATUS1 @ 0x206400090
CHIP::DISPLAYPIPE0::ADBE.ADBE_SPARE_STATUS2 @ 0x206400094
CHIP::DISPLAYPIPE0::ADBE.ADBE_SPARE_STATUS3 @ 0x206400098
CHIP::DISPLAYPIPE0::ADBE.ADBE_VBLANK_PERIOD @ 0x20640009c
CHIP::DISPLAYPIPE0::AAP.FORMAT_FORMAT_CONTROL_REG0 @ 0x206440000
CHIP::DISPLAYPIPE0::AAP.FORMAT_FORMAT_CONTROL_REG1 @ 0x206440004
CHIP::DISPLAYPIPE0::AAP.FORMAT_FORMAT_HS_POS_LSB @ 0x206440008
CHIP::DISPLAYPIPE0::AAP.FORMAT_FORMAT_HS_POS_MSB @ 0x20644000c
CHIP::DISPLAYPIPE0::AAP.FORMAT_FORMAT_FRAME_WIDTH_LSB @ 0x206440010
CHIP::DISPLAYPIPE0::AAP.FORMAT_FORMAT_FRAME_WIDTH_MSB @ 0x206440014
CHIP::DISPLAYPIPE0::AAP.FORMAT_FORMAT_FRAME_HEIGHT_LSB @ 0x206440018
CHIP::DISPLAYPIPE0::AAP.FORMAT_FORMAT_FRAME_HEIGHT_MSB @ 0x20644001c
CHIP::DISPLAYPIPE0::AAP.FORMAT_FORMAT_VS_POS_LSB @ 0x206440020
CHIP::DISPLAYPIPE0::AAP.FORMAT_FORMAT_VS_POS_MSB @ 0x206440024
CHIP::DISPLAYPIPE0::AAP.IRIDIX_IRIDIX_CONTROL_0 @ 0x206440400
CHIP::DISPLAYPIPE0::AAP.IRIDIX_IRIDIX_CONTROL_1 @ 0x206440404
CHIP::DISPLAYPIPE0::AAP.IRIDIX_IRIDIX_VARIANCE @ 0x20644040c
CHIP::DISPLAYPIPE0::AAP.IRIDIX_IRIDIX_SLOPE_MAX @ 0x206440410
CHIP::DISPLAYPIPE0::AAP.IRIDIX_IRIDIX_SLOPE_MIN @ 0x206440414
CHIP::DISPLAYPIPE0::AAP.IRIDIX_IRIDIX_BLACK_LEVEL_LSB @ 0x206440418
CHIP::DISPLAYPIPE0::AAP.IRIDIX_IRIDIX_BLACK_LEVEL_MSB @ 0x20644041c
CHIP::DISPLAYPIPE0::AAP.IRIDIX_IRIDIX_WHITE_LEVEL_LSB @ 0x206440420
CHIP::DISPLAYPIPE0::AAP.IRIDIX_IRIDIX_WHITE_LEVEL_MSB @ 0x206440424
CHIP::DISPLAYPIPE0::AAP.IRIDIX_IRIDIX_LIMIT_AMP @ 0x206440428
CHIP::DISPLAYPIPE0::AAP.IRIDIX_IRIDIX_DITHER @ 0x20644042c
CHIP::DISPLAYPIPE0::AAP.IRIDIX_IRIDIX_CONFIG_BUFFER_MODE @ 0x206440430
CHIP::DISPLAYPIPE0::AAP.IRIDIX_IRIDIX_ASYMMETRY_LUT_ADDR @ 0x206440480
CHIP::DISPLAYPIPE0::AAP.IRIDIX_IRIDIX_ASYMMETRY_LUT_WRITE_DATA_LSB @ 0x206440484
CHIP::DISPLAYPIPE0::AAP.IRIDIX_IRIDIX_ASYMMETRY_LUT_WRITE_DATA_MSB @ 0x206440488
CHIP::DISPLAYPIPE0::AAP.IRIDIX_IRIDIX_COLOR_CORRECTION_LUT_ADDR @ 0x2064404c0
CHIP::DISPLAYPIPE0::AAP.IRIDIX_IRIDIX_COLOR_CORRECTION_LUT_WRITE_DATA_LSB @ 0x2064404c4
CHIP::DISPLAYPIPE0::AAP.IRIDIX_IRIDIX_COLOR_CORRECTION_LUT_WRITE_DATA_MSB @ 0x2064404c8
CHIP::DISPLAYPIPE0::AAP.IRIDIX_IRIDIX_STRENGTH_LSB @ 0x206440500
CHIP::DISPLAYPIPE0::AAP.IRIDIX_IRIDIX_STRENGTH_MSB @ 0x206440504
CHIP::DISPLAYPIPE0::DPB.DPB_REG_CONTROL_REG @ 0x206480000
CHIP::DISPLAYPIPE0::DPB.DPB_REG_HISTOGRAM_CONTROL_REG @ 0x206480004
CHIP::DISPLAYPIPE0::DPB.DPB_REG_WINDOW_UPPER_LEFT_REG @ 0x206480008
CHIP::DISPLAYPIPE0::DPB.DPB_REG_WINDOW_BOTTOM_RIGHT_REG @ 0x20648000c
CHIP::DISPLAYPIPE0::DPB.DPB_REG_LOW_PASS_FILTER_CONTROL_REG @ 0x206480010
CHIP::DISPLAYPIPE0::DPB.DPB_REG_LOW_PASS_FILTER_CONTROL2_REG @ 0x206480014
CHIP::DISPLAYPIPE0::DPB.DPB_REG_SLOPE_CONTROL_REG @ 0x206480018
CHIP::DISPLAYPIPE0::DPB.DPB_REG_TABLE_CONTROL_REG @ 0x20648001c
CHIP::DISPLAYPIPE0::DPB.DPB_REG_DETECT_VBI_CONTROL_REG @ 0x206480020
CHIP::DISPLAYPIPE0::DPB.DPB_REG_MAX_SLOPE_CONTROL_REG @ 0x206480024
CHIP::DISPLAYPIPE0::DPB.DPB_REG_SLOPE_STATUS_REG @ 0x206480028
CHIP::DISPLAYPIPE0::DPB.DPB_REG_HISTOGRAM_BIN_STATUS_REG @ 0x20648002c
CHIP::DISPLAYPIPE0::DPB.DPB_REG_HISTOGRAM_PIXEL_CNT_STATUS_REG @ 0x206480030
CHIP::DISPLAYPIPE0::DPB.DPB_REG_BACK_LIGHT_LEVEL_STATUS_REG @ 0x206480034
CHIP::DISPLAYPIPE0::DPB.DPB_REG_FRAME_COUNTER_REG @ 0x206480038
CHIP::DISPLAYPIPE0::DPB.DPB_REG_HISTOGRAM_MIN_PIXEL_CNT_STATUS_REG @ 0x20648003c
CHIP::DISPLAYPIPE0::DPB.DPB_REG_MIN_PIXEL_REG @ 0x206480040
CHIP::DISPLAYPIPE0::DPB.DPB_REG_CLIP_PIXEL_CNT_REG @ 0x206480044
CHIP::DISPLAYPIPE0::DPB.DPB_REG_MAX_KNEE_POINT_DELTA_REG @ 0x206480048
CHIP::DISPLAYPIPE0::DPB.DPB_REG_CRC_CONTROL_REG @ 0x20648004c
CHIP::DISPLAYPIPE0::DPB.DPB_REG_CRC_WINDOW_START_REG @ 0x206480050
CHIP::DISPLAYPIPE0::DPB.DPB_REG_CRC_WINDOW_END_REG @ 0x206480054
CHIP::DISPLAYPIPE0::DPB.DPB_REG_CRC0_STATUS_REG @ 0x206480058
CHIP::DISPLAYPIPE0::DPB.DPB_REG_CRC1_STATUS_REG @ 0x20648005c
CHIP::DISPLAYPIPE0::DPB.DPB_REG_BACK_LIGHT_CONTROL_REG @ 0x206480060
CHIP::DISPLAYPIPE0::DPB.DPB_REG_INTERRUPT_CONTROL_REG @ 0x206480064
CHIP::DISPLAYPIPE0::DPB.DPB_REG_INTERRUPT_STATUS_REG @ 0x206480068
CHIP::DISPLAYPIPE0::DPB.DPB_REG_DEGAMMA_KNEE_POINT_STATUS_REG @ 0x20648006c
CHIP::DISPLAYPIPE0::DPB.DPB_REG_DEGAMMA_MAX_BRIGHT_STATUS_REG @ 0x206480070
CHIP::DISPLAYPIPE0::DPB.DPB_REG_VERSION_REG @ 0x206480074
CHIP::DISPLAYPIPE0::DPB.DPB_MEMORY_HISTOGRAMSTATS @ 0x206480400
CHIP::DISPLAYPIPE0::DPB.DPB_MEMORY_TMFRED @ 0x206481000
CHIP::DISPLAYPIPE0::DPB.DPB_MEMORY_TMFGREEN @ 0x206481400
CHIP::DISPLAYPIPE0::DPB.DPB_MEMORY_TMFBLUE @ 0x206481800
CHIP::DISPLAYPIPE0::DPB.DPB_MEMORY_PMRRED @ 0x206482000
CHIP::DISPLAYPIPE0::DPB.DPB_MEMORY_PMRGREEN @ 0x206482400
CHIP::DISPLAYPIPE0::DPB.DPB_MEMORY_PMRBLUE @ 0x206482800
CHIP::DISPLAYPIPE0::DPB.DPB_MEMORY_CGMRED @ 0x206483000
CHIP::DISPLAYPIPE0::DPB.DPB_MEMORY_CGMGREEN @ 0x206483400
CHIP::DISPLAYPIPE0::DPB.DPB_MEMORY_CGMBLUE @ 0x206483800
CHIP::DISPLAYPIPE0::DPB.DPB_MEMORY_DEGAMMARED @ 0x206484000
CHIP::DISPLAYPIPE0::DPB.DPB_MEMORY_DEGAMMAGREEN @ 0x206484400
CHIP::DISPLAYPIPE0::DPB.DPB_MEMORY_DEGAMMABLUE @ 0x206484800
CHIP::DISPLAYPIPE0::DPB.DPB_MEMORY_DEGAMMASLOPE @ 0x206484c00
CHIP::DISPLAYPIPE0::DPB.DPB_MEMORY_ENGAMMARED @ 0x206485000
CHIP::DISPLAYPIPE0::DPB.DPB_MEMORY_ENGAMMAGREEN @ 0x206485400
CHIP::DISPLAYPIPE0::DPB.DPB_MEMORY_ENGAMMABLUE @ 0x206485800
CHIP::DISPLAYPIPE0::DITHER.SPAT_TEMP_VERSION @ 0x2064c0000
CHIP::DISPLAYPIPE0::DITHER.SPAT_TEMP_METHOD @ 0x2064c0004
CHIP::DISPLAYPIPE0::DITHER.SPAT_TEMP_PHASE @ 0x2064c0008
CHIP::DISPLAYPIPE0::DITHER.SPAT_TEMP_KERNEL0 @ 0x2064c000c
CHIP::DISPLAYPIPE0::DITHER.SPAT_TEMP_KERNEL1 @ 0x2064c0010
CHIP::DISPLAYPIPE0::DITHER.SPAT_TEMP_KERNEL2 @ 0x2064c0014
CHIP::DISPLAYPIPE0::DITHER.SPAT_TEMP_KERNEL3 @ 0x2064c0018
CHIP::DISPLAYPIPE0::DITHER.SPAT_TEMP_KERNEL4 @ 0x2064c001c
CHIP::DISPLAYPIPE0::DITHER.SPAT_TEMP_KERNEL5 @ 0x2064c0020
CHIP::DISPLAYPIPE0::DITHER.SPAT_TEMP_KERNEL6 @ 0x2064c0024
CHIP::DISPLAYPIPE0::DITHER.SPAT_TEMP_KERNEL7 @ 0x2064c0028
CHIP::DISPLAYPIPE0::DITHER.SPAT_TEMP_SKEWLOC0 @ 0x2064c002c
CHIP::DISPLAYPIPE0::DITHER.SPAT_TEMP_SKEWLOC1 @ 0x2064c0030
CHIP::DISPLAYPIPE0::DITHER.SPAT_TEMP_SKEWLOC2 @ 0x2064c0034
CHIP::DISPLAYPIPE0::DITHER.SPAT_TEMP_SKEWLOC3 @ 0x2064c0038
CHIP::DISPLAYPIPE0::DITHER.SPAT_TEMP_SKEWLOC4 @ 0x2064c003c
CHIP::DISPLAYPIPE0::DITHER.SPAT_TEMP_SKEWLOC5 @ 0x2064c0040
CHIP::DISPLAYPIPE0::DITHER.SPAT_TEMP_SKEWLOC6 @ 0x2064c0044
CHIP::DISPLAYPIPE0::DITHER.SPAT_TEMP_SKEWLOC7 @ 0x2064c0048
CHIP::DISPLAYPIPE0::DITHER.SPAT_TEMP_SKEWLOC8 @ 0x2064c004c
CHIP::DISPLAYPIPE0::DITHER.SPAT_TEMP_SKEWLOC9 @ 0x2064c0050
CHIP::DISPLAYPIPE0::DITHER.SPAT_TEMP_SKEWLOC10 @ 0x2064c0054
CHIP::DISPLAYPIPE0::DITHER.SPAT_TEMP_SKEWLOC11 @ 0x2064c0058
CHIP::DISPLAYPIPE0::DITHER.SPAT_TEMP_SKEWLOC12 @ 0x2064c005c
CHIP::DISPLAYPIPE0::DITHER.SPAT_TEMP_SKEWLOC13 @ 0x2064c0060
CHIP::DISPLAYPIPE0::DITHER.SPAT_TEMP_SKEWLOC14 @ 0x2064c0064
CHIP::DISPLAYPIPE0::DITHER.SPAT_TEMP_CRC_CON @ 0x2064c0068
CHIP::DISPLAYPIPE0::DITHER.SPAT_TEMP_CRC_R @ 0x2064c006c
CHIP::DISPLAYPIPE0::DITHER.SPAT_TEMP_CRC_G @ 0x2064c0070
CHIP::DISPLAYPIPE0::DITHER.SPAT_TEMP_CRC_B @ 0x2064c0074
CHIP::DISPLAYPIPE0::DITHER.BLUE_NOISE_VERSION @ 0x2064c0080
CHIP::DISPLAYPIPE0::DITHER.BLUE_NOISE_OP_CFG @ 0x2064c0084
CHIP::DISPLAYPIPE0::DITHER.BLUE_NOISE_CONST @ 0x2064c0088
CHIP::DISPLAYPIPE0::APB_PARAM_FIFO.APB_PARAM_FIFO_VERSION @ 0x206500000
CHIP::DISPLAYPIPE0::APB_PARAM_FIFO.APB_PARAM_FIFO_CTRL @ 0x206500004
CHIP::DISPLAYPIPE0::APB_PARAM_FIFO.APB_PARAM_FIFO_ENTRIES @ 0x206500008
CHIP::DISPLAYPIPE0::APB_PARAM_FIFO.APB_PARAM_FIFO_ADDR @ 0x20650000c
CHIP::DISPLAYPIPE0::APB_PARAM_FIFO.APB_PARAM_FIFO_DATA @ 0x206500010
CHIP::DISPLAYPIPE0::APB_PARAM_FIFO.APB_PARAM_FIFO_TRIGGER @ 0x206500014
CHIP::DISPLAYPIPE0::APB_PARAM_FIFO.APB_PARAM_FIFO_DELAY @ 0x206500018
CHIP::DISPLAYPIPE0::MIPI_DSI_CORE.MIPI_DSI_CORE_VERSION @ 0x206600000
CHIP::DISPLAYPIPE0::MIPI_DSI_CORE.MIPI_DSI_CORE_PWR_UP @ 0x206600004
CHIP::DISPLAYPIPE0::MIPI_DSI_CORE.MIPI_DSI_CORE_CLKMGR_CFG @ 0x206600008
CHIP::DISPLAYPIPE0::MIPI_DSI_CORE.MIPI_DSI_CORE_DPI_VCID @ 0x20660000c
CHIP::DISPLAYPIPE0::MIPI_DSI_CORE.MIPI_DSI_CORE_DPI_COLOR_CODING @ 0x206600010
CHIP::DISPLAYPIPE0::MIPI_DSI_CORE.MIPI_DSI_CORE_DPI_CFG_POL @ 0x206600014
CHIP::DISPLAYPIPE0::MIPI_DSI_CORE.MIPI_DSI_CORE_DPI_LP_CMD_TIM @ 0x206600018
CHIP::DISPLAYPIPE0::MIPI_DSI_CORE.MIPI_DSI_CORE_PCKHDL_CFG @ 0x20660002c
CHIP::DISPLAYPIPE0::MIPI_DSI_CORE.MIPI_DSI_CORE_GEN_VCID @ 0x206600030
CHIP::DISPLAYPIPE0::MIPI_DSI_CORE.MIPI_DSI_CORE_MODE_CFG @ 0x206600034
CHIP::DISPLAYPIPE0::MIPI_DSI_CORE.MIPI_DSI_CORE_VID_MODE_CFG @ 0x206600038
CHIP::DISPLAYPIPE0::MIPI_DSI_CORE.MIPI_DSI_CORE_VID_PKT_SIZE @ 0x20660003c
CHIP::DISPLAYPIPE0::MIPI_DSI_CORE.MIPI_DSI_CORE_VID_NUM_CHUNKS @ 0x206600040
CHIP::DISPLAYPIPE0::MIPI_DSI_CORE.MIPI_DSI_CORE_VID_NULL_SIZE @ 0x206600044
CHIP::DISPLAYPIPE0::MIPI_DSI_CORE.MIPI_DSI_CORE_VID_HSA_TIME @ 0x206600048
CHIP::DISPLAYPIPE0::MIPI_DSI_CORE.MIPI_DSI_CORE_VID_HBP_TIME @ 0x20660004c
CHIP::DISPLAYPIPE0::MIPI_DSI_CORE.MIPI_DSI_CORE_VID_HLINE_TIME @ 0x206600050
CHIP::DISPLAYPIPE0::MIPI_DSI_CORE.MIPI_DSI_CORE_VID_VSA_LINES @ 0x206600054
CHIP::DISPLAYPIPE0::MIPI_DSI_CORE.MIPI_DSI_CORE_VID_VBP_LINES @ 0x206600058
CHIP::DISPLAYPIPE0::MIPI_DSI_CORE.MIPI_DSI_CORE_VID_VFP_LINES @ 0x20660005c
CHIP::DISPLAYPIPE0::MIPI_DSI_CORE.MIPI_DSI_CORE_VID_VACTIVE_LINES @ 0x206600060
CHIP::DISPLAYPIPE0::MIPI_DSI_CORE.MIPI_DSI_CORE_CMD_MODE_CFG @ 0x206600068
CHIP::DISPLAYPIPE0::MIPI_DSI_CORE.MIPI_DSI_CORE_GEN_HDR @ 0x20660006c
CHIP::DISPLAYPIPE0::MIPI_DSI_CORE.MIPI_DSI_CORE_GEN_PLD_DATA @ 0x206600070
CHIP::DISPLAYPIPE0::MIPI_DSI_CORE.MIPI_DSI_CORE_CMD_PKT_STATUS @ 0x206600074
CHIP::DISPLAYPIPE0::MIPI_DSI_CORE.MIPI_DSI_CORE_TO_CNT_CFG @ 0x206600078
CHIP::DISPLAYPIPE0::MIPI_DSI_CORE.MIPI_DSI_CORE_HS_RD_TO_CNT @ 0x20660007c
CHIP::DISPLAYPIPE0::MIPI_DSI_CORE.MIPI_DSI_CORE_LP_RD_TO_CNT @ 0x206600080
CHIP::DISPLAYPIPE0::MIPI_DSI_CORE.MIPI_DSI_CORE_HS_WR_TO_CNT @ 0x206600084
CHIP::DISPLAYPIPE0::MIPI_DSI_CORE.MIPI_DSI_CORE_LP_WR_TO_CNT @ 0x206600088
CHIP::DISPLAYPIPE0::MIPI_DSI_CORE.MIPI_DSI_CORE_BTA_TO_CNT @ 0x20660008c
CHIP::DISPLAYPIPE0::MIPI_DSI_CORE.MIPI_DSI_CORE_SDF_3D @ 0x206600090
CHIP::DISPLAYPIPE0::MIPI_DSI_CORE.MIPI_DSI_CORE_LPCLK_CTRL @ 0x206600094
CHIP::DISPLAYPIPE0::MIPI_DSI_CORE.MIPI_DSI_CORE_PHY_TMR_LPCLK_CFG @ 0x206600098
CHIP::DISPLAYPIPE0::MIPI_DSI_CORE.MIPI_DSI_CORE_PHY_TMR_CFG @ 0x20660009c
CHIP::DISPLAYPIPE0::MIPI_DSI_CORE.MIPI_DSI_CORE_PHY_RSTZ @ 0x2066000a0
CHIP::DISPLAYPIPE0::MIPI_DSI_CORE.MIPI_DSI_CORE_PHY_IF_CFG @ 0x2066000a4
CHIP::DISPLAYPIPE0::MIPI_DSI_CORE.MIPI_DSI_CORE_PHY_ULPS_CTRL @ 0x2066000a8
CHIP::DISPLAYPIPE0::MIPI_DSI_CORE.MIPI_DSI_CORE_PHY_TX_TRIGGERS @ 0x2066000ac
CHIP::DISPLAYPIPE0::MIPI_DSI_CORE.MIPI_DSI_CORE_PHY_STATUS @ 0x2066000b0
CHIP::DISPLAYPIPE0::MIPI_DSI_CORE.MIPI_DSI_CORE_PHY_TST_CTRL0 @ 0x2066000b4
CHIP::DISPLAYPIPE0::MIPI_DSI_CORE.MIPI_DSI_CORE_PHY_TST_CTRL1 @ 0x2066000b8
CHIP::DISPLAYPIPE0::MIPI_DSI_CORE.MIPI_DSI_CORE_INT_ST0 @ 0x2066000bc
CHIP::DISPLAYPIPE0::MIPI_DSI_CORE.MIPI_DSI_CORE_INT_ST1 @ 0x2066000c0
CHIP::DISPLAYPIPE0::MIPI_DSI_CORE.MIPI_DSI_CORE_INT_MSK0 @ 0x2066000c4
CHIP::DISPLAYPIPE0::MIPI_DSI_CORE.MIPI_DSI_CORE_INT_MSK1 @ 0x2066000c8
CHIP::DISPLAYPIPE0::MIPI_DSI_CORE.MIPI_DSI_CORE_VID_VBP_HS_LINES @ 0x2066000d0
CHIP::DISPLAYPIPE0::MIPI_DSI_CORE.MIPI_DSI_CORE_VID_VFP_HS_LINES @ 0x2066000d4
CHIP::DISPLAYPIPE0::MIPI_DSI_CORE.MIPI_DSI_CORE_HEXP_NPKT_CLR @ 0x206600104
CHIP::DISPLAYPIPE0::MIPI_DSI_CORE.MIPI_DSI_CORE_HEXP_NPKT_SIZE @ 0x206600108
CHIP::DISPLAYPIPE0::MIPI_DSI_TOP.MIPI_DSI_TOP_VERSION @ 0x206680000
CHIP::DISPLAYPIPE0::MIPI_DSI_TOP.MIPI_DSI_TOP_GENERAL_CTRL @ 0x206680004
CHIP::DISPLAYPIPE0::MIPI_DSI_TOP.MIPI_DSI_TOP_LANE_SWAP @ 0x206680008
CHIP::DISPLAYPIPE0::MIPI_DSI_TOP.MIPI_DSI_TOP_PIXEL_REMAP @ 0x20668000c
CHIP::DISPLAYPIPE0::MIPI_DSI_TOP.MIPI_DSI_TOP_PIXEL_SWAP @ 0x206680010
CHIP::DISPLAYPIPE0::MIPI_DSI_TOP.MIPI_DSI_TOP_TEST_COLOR @ 0x206680014
CHIP::DISPLAYPIPE0::MIPI_DSI_TOP.MIPI_DSI_TOP_VID_HSA_TIME @ 0x206680018
CHIP::DISPLAYPIPE0::MIPI_DSI_TOP.MIPI_DSI_TOP_VID_HBP_TIME @ 0x20668001c
CHIP::DISPLAYPIPE0::MIPI_DSI_TOP.MIPI_DSI_TOP_VID_HLINE_TIME @ 0x206680020
CHIP::DISPLAYPIPE0::MIPI_DSI_TOP.MIPI_DSI_TOP_AGILE_CTRL @ 0x206680024
CHIP::DISPLAYPIPE0::MIPI_DSI_TOP.MIPI_DSI_TOP_AGILE_LINECOUNT @ 0x206680028
CHIP::DISPLAYPIPE0::MIPI_DSI_TOP.MIPI_DSI_TOP_AGILE_SEQ1 @ 0x20668002c
CHIP::DISPLAYPIPE0::MIPI_DSI_TOP.MIPI_DSI_TOP_AGILE_SEQ2 @ 0x206680030
CHIP::DISPLAYPIPE0::MIPI_DSI_TOP.MIPI_DSI_TOP_PLL_CTRL @ 0x206680034
CHIP::DISPLAYPIPE0::MIPI_DSI_TOP.MIPI_DSI_TOP_PLL_PARAM @ 0x206680038
CHIP::DISPLAYPIPE0::MIPI_DSI_TOP.MIPI_DSI_TOP_PLL_PARAM_OBS @ 0x20668003c
CHIP::DISPLAYPIPE0::MIPI_DSI_TOP.MIPI_DSI_TOP_PLL_LOCK @ 0x206680040
CHIP::DISPLAYPIPE0::MIPI_DSI_TOP.MIPI_DSI_TOP_PLL_TEST @ 0x206680044
CHIP::DISPLAYPIPE0::MIPI_DSI_TOP.MIPI_DSI_TOP_BIST_CTRL @ 0x206680048
CHIP::DISPLAYPIPE0::MIPI_DSI_TOP.MIPI_DSI_TOP_HSYNC_PREDICT @ 0x20668004c
CHIP::DISPLAYPIPE0::DP_TX_CORE_INSTANCE_0.DP_TX_CORE_DP_TX_VERSION_REGISTER @ 0x206700010
CHIP::DISPLAYPIPE0::DP_TX_CORE_INSTANCE_0.DP_TX_CORE_FUNCTION_ENABLE_REGISTER_1 @ 0x206700018
CHIP::DISPLAYPIPE0::DP_TX_CORE_INSTANCE_0.DP_TX_CORE_FUNCTION_ENABLE_REGISTER_2 @ 0x20670001c
CHIP::DISPLAYPIPE0::DP_TX_CORE_INSTANCE_0.DP_TX_CORE_VIDEO_CONTROL_REGISTER_1 @ 0x206700020
CHIP::DISPLAYPIPE0::DP_TX_CORE_INSTANCE_0.DP_TX_CORE_VIDEO_CONTROL_REGISTER_2 @ 0x206700024
CHIP::DISPLAYPIPE0::DP_TX_CORE_INSTANCE_0.DP_TX_CORE_VIDEO_CONTROL_REGISTER_3 @ 0x206700028
CHIP::DISPLAYPIPE0::DP_TX_CORE_INSTANCE_0.DP_TX_CORE_VIDEO_CONTROL_REGISTER_4 @ 0x20670002c
CHIP::DISPLAYPIPE0::DP_TX_CORE_INSTANCE_0.DP_TX_CORE_VIDEO_CONTROL_REGISTER_8 @ 0x20670003c
CHIP::DISPLAYPIPE0::DP_TX_CORE_INSTANCE_0.DP_TX_CORE_VIDEO_CONTROL_REGISTER_10 @ 0x206700044
CHIP::DISPLAYPIPE0::DP_TX_CORE_INSTANCE_0.DP_TX_CORE_TOTAL_LINE_CFG_REGISTER @ 0x206700048
CHIP::DISPLAYPIPE0::DP_TX_CORE_INSTANCE_0.DP_TX_CORE_ACTIVE_LINE_CFG_REGISTER @ 0x20670004c
CHIP::DISPLAYPIPE0::DP_TX_CORE_INSTANCE_0.DP_TX_CORE_VERTICAL_FRONT_PORCH_CFG_REGISTER @ 0x206700050
CHIP::DISPLAYPIPE0::DP_TX_CORE_INSTANCE_0.DP_TX_CORE_VERTICAL_SYNC_WIDTH_CFG_REGISTER @ 0x206700054
CHIP::DISPLAYPIPE0::DP_TX_CORE_INSTANCE_0.DP_TX_CORE_VERTICAL_BACK_PORCH_CFG_REGISTER @ 0x206700058
CHIP::DISPLAYPIPE0::DP_TX_CORE_INSTANCE_0.DP_TX_CORE_TOTAL_PIXEL_CFG_REGISTER @ 0x20670005c
CHIP::DISPLAYPIPE0::DP_TX_CORE_INSTANCE_0.DP_TX_CORE_ACTIVE_PIXEL_CFG_REGISTER @ 0x206700060
CHIP::DISPLAYPIPE0::DP_TX_CORE_INSTANCE_0.DP_TX_CORE_HORIZON_FRONT_PORCH_CFG_REGISTER @ 0x206700064
CHIP::DISPLAYPIPE0::DP_TX_CORE_INSTANCE_0.DP_TX_CORE_HORIZON_SYNC_WIDTH_CFG_REGISTER @ 0x206700068
CHIP::DISPLAYPIPE0::DP_TX_CORE_INSTANCE_0.DP_TX_CORE_HORIZON_BACK_PORCH_CFG_REGISTER @ 0x20670006c
CHIP::DISPLAYPIPE0::DP_TX_CORE_INSTANCE_0.DP_TX_CORE_VIDEO_STATUS_REGISTER @ 0x20670008c
CHIP::DISPLAYPIPE0::DP_TX_CORE_INSTANCE_0.DP_TX_CORE_TOTAL_LINE_STATUS_REGISTER @ 0x206700090
CHIP::DISPLAYPIPE0::DP_TX_CORE_INSTANCE_0.DP_TX_CORE_ACTIVE_LINE_STATUS_REGISTER @ 0x206700094
CHIP::DISPLAYPIPE0::DP_TX_CORE_INSTANCE_0.DP_TX_CORE_VERTICAL_FRONT_PORCH_STATUS_REGISTER @ 0x206700098
CHIP::DISPLAYPIPE0::DP_TX_CORE_INSTANCE_0.DP_TX_CORE_VERTICAL_SYNC_WIDTH_STATUS_REGISTER @ 0x20670009c
CHIP::DISPLAYPIPE0::DP_TX_CORE_INSTANCE_0.DP_TX_CORE_VERTICAL_BACK_PORCH_STATUS_REGISTER @ 0x2067000a0
CHIP::DISPLAYPIPE0::DP_TX_CORE_INSTANCE_0.DP_TX_CORE_TOTAL_PIXEL_STATUS_REGISTER @ 0x2067000a4
CHIP::DISPLAYPIPE0::DP_TX_CORE_INSTANCE_0.DP_TX_CORE_ACTIVE_PIXEL_STATUS_REGISTER @ 0x2067000a8
CHIP::DISPLAYPIPE0::DP_TX_CORE_INSTANCE_0.DP_TX_CORE_HORIZON_FRONT_PORCH_STATUS_REGISTER @ 0x2067000ac
CHIP::DISPLAYPIPE0::DP_TX_CORE_INSTANCE_0.DP_TX_CORE_HORIZON_SYNC_WIDTH_STATUS_REGISTER @ 0x2067000b0
CHIP::DISPLAYPIPE0::DP_TX_CORE_INSTANCE_0.DP_TX_CORE_HORIZON_BACK_PORCH_STATUS_REGISTER @ 0x2067000b4
CHIP::DISPLAYPIPE0::DP_TX_CORE_INSTANCE_0.DP_TX_CORE_ADVANCED_LINK_POWER_MANAGEMENT_CONTROL_1 @ 0x206700110
CHIP::DISPLAYPIPE0::DP_TX_CORE_INSTANCE_0.DP_TX_CORE_ADVANCED_LINK_POWER_MANAGEMENT_CONTROL_2 @ 0x206700114
CHIP::DISPLAYPIPE0::DP_TX_CORE_INSTANCE_0.DP_TX_CORE_PLL_POWER_DOWN_TO_ML_WAKEUP_TIMER @ 0x206700118
CHIP::DISPLAYPIPE0::DP_TX_CORE_INSTANCE_0.DP_TX_CORE_WAIT_AUX_PHY_WAKE_ACK_TIMER_REGISTER @ 0x20670011c
CHIP::DISPLAYPIPE0::DP_TX_CORE_INSTANCE_0.DP_TX_CORE_WAKEUP_LINES_REGISTER @ 0x206700120
CHIP::DISPLAYPIPE0::DP_TX_CORE_INSTANCE_0.DP_TX_CORE_WAKEUP_CR_SYMBOLS @ 0x206700124
CHIP::DISPLAYPIPE0::DP_TX_CORE_INSTANCE_0.DP_TX_CORE_SYMBOL_LOCK_PATTERN @ 0x206700130
CHIP::DISPLAYPIPE0::DP_TX_CORE_INSTANCE_0.DP_TX_CORE_PLL_POWER_DOWN_TO_ML_WAKEUP_LINES @ 0x206700134
CHIP::DISPLAYPIPE0::DP_TX_CORE_INSTANCE_0.DP_TX_CORE_PLL_POWER_DOWN_TO_ML_WAKEUP_TIME @ 0x206700138
CHIP::DISPLAYPIPE0::DP_TX_CORE_INSTANCE_0.DP_TX_CORE_WAKEUP_F_CHANGE_M_VID_7_0 @ 0x206700140
CHIP::DISPLAYPIPE0::DP_TX_CORE_INSTANCE_0.DP_TX_CORE_WAKEUP_F_CHANGE_M_VID_15_8 @ 0x206700144
CHIP::DISPLAYPIPE0::DP_TX_CORE_INSTANCE_0.DP_TX_CORE_WAKEUP_F_CHANGE_M_VID_23_16 @ 0x206700148
CHIP::DISPLAYPIPE0::DP_TX_CORE_INSTANCE_0.DP_TX_CORE_SLEEP_STANDBY_DELAY_REGISTER @ 0x206700154
CHIP::DISPLAYPIPE0::DP_TX_CORE_INSTANCE_0.DP_TX_CORE_AVI_INFOFRAME_PACKET_DATA_BYTE_1 @ 0x2067001d0
CHIP::DISPLAYPIPE0::DP_TX_CORE_INSTANCE_0.DP_TX_CORE_AVI_INFOFRAME_PACKET_DATA_BYTE_2 @ 0x2067001d4
CHIP::DISPLAYPIPE0::DP_TX_CORE_INSTANCE_0.DP_TX_CORE_AVI_INFOFRAME_PACKET_DATA_BYTE_3 @ 0x2067001d8
CHIP::DISPLAYPIPE0::DP_TX_CORE_INSTANCE_0.DP_TX_CORE_AVI_INFOFRAME_PACKET_DATA_BYTE_4 @ 0x2067001dc
CHIP::DISPLAYPIPE0::DP_TX_CORE_INSTANCE_0.DP_TX_CORE_AVI_INFOFRAME_PACKET_DATA_BYTE_5 @ 0x2067001e0
CHIP::DISPLAYPIPE0::DP_TX_CORE_INSTANCE_0.DP_TX_CORE_AVI_INFOFRAME_PACKET_DATA_BYTE_6 @ 0x2067001e4
CHIP::DISPLAYPIPE0::DP_TX_CORE_INSTANCE_0.DP_TX_CORE_AVI_INFOFRAME_PACKET_DATA_BYTE_7 @ 0x2067001e8
CHIP::DISPLAYPIPE0::DP_TX_CORE_INSTANCE_0.DP_TX_CORE_AVI_INFOFRAME_PACKET_DATA_BYTE_8 @ 0x2067001ec
CHIP::DISPLAYPIPE0::DP_TX_CORE_INSTANCE_0.DP_TX_CORE_AVI_INFOFRAME_PACKET_DATA_BYTE_9 @ 0x2067001f0
CHIP::DISPLAYPIPE0::DP_TX_CORE_INSTANCE_0.DP_TX_CORE_AVI_INFOFRAME_PACKET_DATA_BYTE_10 @ 0x2067001f4
CHIP::DISPLAYPIPE0::DP_TX_CORE_INSTANCE_0.DP_TX_CORE_AVI_INFOFRAME_PACKET_DATA_BYTE_11 @ 0x2067001f8
CHIP::DISPLAYPIPE0::DP_TX_CORE_INSTANCE_0.DP_TX_CORE_AVI_INFOFRAME_PACKET_DATA_BYTE_12 @ 0x2067001fc
CHIP::DISPLAYPIPE0::DP_TX_CORE_INSTANCE_0.DP_TX_CORE_AVI_INFOFRAME_PACKET_DATA_BYTE_13 @ 0x206700200
CHIP::DISPLAYPIPE0::DP_TX_CORE_INSTANCE_0.DP_TX_CORE_INFOFRAME_PACKET_TYPE_CODE @ 0x206700244
CHIP::DISPLAYPIPE0::DP_TX_CORE_INSTANCE_0.DP_TX_CORE_INFOFRAME_PACKET_DATA_BYTE_1 @ 0x206700254
CHIP::DISPLAYPIPE0::DP_TX_CORE_INSTANCE_0.DP_TX_CORE_INFOFRAME_PACKET_DATA_BYTE_2 @ 0x206700258
CHIP::DISPLAYPIPE0::DP_TX_CORE_INSTANCE_0.DP_TX_CORE_INFOFRAME_PACKET_DATA_BYTE_3 @ 0x20670025c
CHIP::DISPLAYPIPE0::DP_TX_CORE_INSTANCE_0.DP_TX_CORE_INFOFRAME_PACKET_DATA_BYTE_4 @ 0x206700260
CHIP::DISPLAYPIPE0::DP_TX_CORE_INSTANCE_0.DP_TX_CORE_INFOFRAME_PACKET_DATA_BYTE_5 @ 0x206700264
CHIP::DISPLAYPIPE0::DP_TX_CORE_INSTANCE_0.DP_TX_CORE_INFOFRAME_PACKET_DATA_BYTE_6 @ 0x206700268
CHIP::DISPLAYPIPE0::DP_TX_CORE_INSTANCE_0.DP_TX_CORE_INFOFRAME_PACKET_DATA_BYTE_7 @ 0x20670026c
CHIP::DISPLAYPIPE0::DP_TX_CORE_INSTANCE_0.DP_TX_CORE_INFOFRAME_PACKET_DATA_BYTE_8 @ 0x206700270
CHIP::DISPLAYPIPE0::DP_TX_CORE_INSTANCE_0.DP_TX_CORE_INFOFRAME_PACKET_DATA_BYTE_9 @ 0x206700274
CHIP::DISPLAYPIPE0::DP_TX_CORE_INSTANCE_0.DP_TX_CORE_INFOFRAME_PACKET_DATA_BYTE_10 @ 0x206700278
CHIP::DISPLAYPIPE0::DP_TX_CORE_INSTANCE_0.DP_TX_CORE_INFOFRAME_PACKET_DATA_BYTE_11 @ 0x20670027c
CHIP::DISPLAYPIPE0::DP_TX_CORE_INSTANCE_0.DP_TX_CORE_INFOFRAME_PACKET_DATA_BYTE_12 @ 0x206700280
CHIP::DISPLAYPIPE0::DP_TX_CORE_INSTANCE_0.DP_TX_CORE_INFOFRAME_PACKET_DATA_BYTE_13 @ 0x206700284
CHIP::DISPLAYPIPE0::DP_TX_CORE_INSTANCE_0.DP_TX_CORE_INFOFRAME_PACKET_DATA_BYTE_14 @ 0x206700288
CHIP::DISPLAYPIPE0::DP_TX_CORE_INSTANCE_0.DP_TX_CORE_INFOFRAME_PACKET_DATA_BYTE_15 @ 0x20670028c
CHIP::DISPLAYPIPE0::DP_TX_CORE_INSTANCE_0.DP_TX_CORE_INFOFRAME_PACKET_DATA_BYTE_16 @ 0x206700290
CHIP::DISPLAYPIPE0::DP_TX_CORE_INSTANCE_0.DP_TX_CORE_INFOFRAME_PACKET_DATA_BYTE_17 @ 0x206700294
CHIP::DISPLAYPIPE0::DP_TX_CORE_INSTANCE_0.DP_TX_CORE_INFOFRAME_PACKET_DATA_BYTE_18 @ 0x206700298
CHIP::DISPLAYPIPE0::DP_TX_CORE_INSTANCE_0.DP_TX_CORE_INFOFRAME_PACKET_DATA_BYTE_19 @ 0x20670029c
CHIP::DISPLAYPIPE0::DP_TX_CORE_INSTANCE_0.DP_TX_CORE_INFOFRAME_PACKET_DATA_BYTE_20 @ 0x2067002a0
CHIP::DISPLAYPIPE0::DP_TX_CORE_INSTANCE_0.DP_TX_CORE_INFOFRAME_PACKET_DATA_BYTE_21 @ 0x2067002a4
CHIP::DISPLAYPIPE0::DP_TX_CORE_INSTANCE_0.DP_TX_CORE_INFOFRAME_PACKET_DATA_BYTE_22 @ 0x2067002a8
CHIP::DISPLAYPIPE0::DP_TX_CORE_INSTANCE_0.DP_TX_CORE_INFOFRAME_PACKET_DATA_BYTE_23 @ 0x2067002ac
CHIP::DISPLAYPIPE0::DP_TX_CORE_INSTANCE_0.DP_TX_CORE_INFOFRAME_PACKET_DATA_BYTE_24 @ 0x2067002b0
CHIP::DISPLAYPIPE0::DP_TX_CORE_INSTANCE_0.DP_TX_CORE_INFOFRAME_PACKET_DATA_BYTE_25 @ 0x2067002b4
CHIP::DISPLAYPIPE0::DP_TX_CORE_INSTANCE_0.DP_TX_CORE_MPEG_SOURCE_INFOFRAME_PACKET_DATA_BYTE_1 @ 0x2067002d0
CHIP::DISPLAYPIPE0::DP_TX_CORE_INSTANCE_0.DP_TX_CORE_MPEG_SOURCE_INFOFRAME_PACKET_DATA_BYTE_2 @ 0x2067002d4
CHIP::DISPLAYPIPE0::DP_TX_CORE_INSTANCE_0.DP_TX_CORE_MPEG_SOURCE_INFOFRAME_PACKET_DATA_BYTE_3 @ 0x2067002d8
CHIP::DISPLAYPIPE0::DP_TX_CORE_INSTANCE_0.DP_TX_CORE_MPEG_SOURCE_INFOFRAME_PACKET_DATA_BYTE_4 @ 0x2067002dc
CHIP::DISPLAYPIPE0::DP_TX_CORE_INSTANCE_0.DP_TX_CORE_MPEG_SOURCE_INFOFRAME_PACKET_DATA_BYTE_5 @ 0x2067002e0
CHIP::DISPLAYPIPE0::DP_TX_CORE_INSTANCE_0.DP_TX_CORE_MPEG_SOURCE_INFOFRAME_PACKET_DATA_BYTE_6 @ 0x2067002e4
CHIP::DISPLAYPIPE0::DP_TX_CORE_INSTANCE_0.DP_TX_CORE_MPEG_SOURCE_INFOFRAME_PACKET_DATA_BYTE_7 @ 0x2067002e8
CHIP::DISPLAYPIPE0::DP_TX_CORE_INSTANCE_0.DP_TX_CORE_MPEG_SOURCE_INFOFRAME_PACKET_DATA_BYTE_8 @ 0x2067002ec
CHIP::DISPLAYPIPE0::DP_TX_CORE_INSTANCE_0.DP_TX_CORE_MPEG_SOURCE_INFOFRAME_PACKET_DATA_BYTE_9 @ 0x2067002f0
CHIP::DISPLAYPIPE0::DP_TX_CORE_INSTANCE_0.DP_TX_CORE_MPEG_SOURCE_INFOFRAME_PACKET_DATA_BYTE_10 @ 0x2067002f4
CHIP::DISPLAYPIPE0::DP_TX_CORE_INSTANCE_0.DP_TX_CORE_LANE_MAP_REGISTER @ 0x20670035c
CHIP::DISPLAYPIPE0::DP_TX_CORE_INSTANCE_0.DP_TX_CORE_ANALOG_CONTROL_REGISTER_1 @ 0x206700370
CHIP::DISPLAYPIPE0::DP_TX_CORE_INSTANCE_0.DP_TX_CORE_ANALOG_CONTROL_REGISTER_2 @ 0x206700374
CHIP::DISPLAYPIPE0::DP_TX_CORE_INSTANCE_0.DP_TX_CORE_ANALOG_CONTROL_REGISTER_3 @ 0x206700378
CHIP::DISPLAYPIPE0::DP_TX_CORE_INSTANCE_0.DP_TX_CORE_PLL_FILTER_CONTROL_REGISTER_1 @ 0x20670037c
CHIP::DISPLAYPIPE0::DP_TX_CORE_INSTANCE_0.DP_TX_CORE_PLL_FILTER_CONTROL_REGISTER_2 @ 0x206700380
CHIP::DISPLAYPIPE0::DP_TX_CORE_INSTANCE_0.DP_TX_CORE_PLL_FILTER_CONTROL_REGISTER_3 @ 0x206700384
CHIP::DISPLAYPIPE0::DP_TX_CORE_INSTANCE_0.DP_TX_CORE_BIST_AUX_CH_RELATED_REGISTER @ 0x206700390
CHIP::DISPLAYPIPE0::DP_TX_CORE_INSTANCE_0.DP_TX_CORE_INTERRUPT_STATUS_REGISTER @ 0x2067003c0
CHIP::DISPLAYPIPE0::DP_TX_CORE_INSTANCE_0.DP_TX_CORE_COMMON_INTERRUPT_STATUS_REGISTER_1 @ 0x2067003c4
CHIP::DISPLAYPIPE0::DP_TX_CORE_INSTANCE_0.DP_TX_CORE_COMMON_INTERRUPT_STATUS_REGISTER_4 @ 0x2067003d0
CHIP::DISPLAYPIPE0::DP_TX_CORE_INSTANCE_0.DP_TX_CORE_DISPLAYPORT_INTERRUPT_STATUS_REGISTER @ 0x2067003dc
CHIP::DISPLAYPIPE0::DP_TX_CORE_INSTANCE_0.DP_TX_CORE_INTERRUPT_MASK_REGISTER_1 @ 0x2067003e0
CHIP::DISPLAYPIPE0::DP_TX_CORE_INSTANCE_0.DP_TX_CORE_INTERRUPT_MASK_REGISTER_4 @ 0x2067003ec
CHIP::DISPLAYPIPE0::DP_TX_CORE_INSTANCE_0.DP_TX_CORE_INTERRUPT_ENABLE_REGISTER @ 0x2067003f8
CHIP::DISPLAYPIPE0::DP_TX_CORE_INSTANCE_0.DP_TX_CORE_INTERRUPT_CONTROL_REGISTER @ 0x2067003fc
CHIP::DISPLAYPIPE0::DP_TX_CORE_INSTANCE_0.DP_TX_CORE_SYSTEM_CONTROL_REGISTER_1 @ 0x206700600
CHIP::DISPLAYPIPE0::DP_TX_CORE_INSTANCE_0.DP_TX_CORE_SYSTEM_CONTROL_REGISTER_2 @ 0x206700604
CHIP::DISPLAYPIPE0::DP_TX_CORE_INSTANCE_0.DP_TX_CORE_SYSTEM_CONTROL_REGISTER_3 @ 0x206700608
CHIP::DISPLAYPIPE0::DP_TX_CORE_INSTANCE_0.DP_TX_CORE_SYSTEM_CONTROL_REGISTER_4 @ 0x20670060c
CHIP::DISPLAYPIPE0::DP_TX_CORE_INSTANCE_0.DP_TX_CORE_DP_VIDEO_CONTROL_REGISTER @ 0x206700610
CHIP::DISPLAYPIPE0::DP_TX_CORE_INSTANCE_0.DP_TX_CORE_DP_EDP_CONTROL_REGISTER @ 0x206700614
CHIP::DISPLAYPIPE0::DP_TX_CORE_INSTANCE_0.DP_TX_CORE_LINE_STATE_DEBUG_REGISTER @ 0x206700618
CHIP::DISPLAYPIPE0::DP_TX_CORE_INSTANCE_0.DP_TX_CORE_VERTICAL_SYNC_DEBUG_COUNTER_REGISTER @ 0x20670061c
CHIP::DISPLAYPIPE0::DP_TX_CORE_INSTANCE_0.DP_TX_CORE_VERTICAL_BACK_DEBUG_COUNTER_REGISTER @ 0x206700620
CHIP::DISPLAYPIPE0::DP_TX_CORE_INSTANCE_0.DP_TX_CORE_VERTICAL_ACTIVE_DEBUG_COUNTER_REGISTER @ 0x206700624
CHIP::DISPLAYPIPE0::DP_TX_CORE_INSTANCE_0.DP_TX_CORE_VERTICAL_FRONT_DEBUG_COUNTER_REGISTER @ 0x206700628
CHIP::DISPLAYPIPE0::DP_TX_CORE_INSTANCE_0.DP_TX_CORE_PACKET_SEND_CONTROL_REGISTER @ 0x206700640
CHIP::DISPLAYPIPE0::DP_TX_CORE_INSTANCE_0.DP_TX_CORE_SCAN_LINK_CLK_SELECT_REGISTER @ 0x206700648
CHIP::DISPLAYPIPE0::DP_TX_CORE_INSTANCE_0.DP_TX_CORE_MAIN_LINK_BANDWIDTH_SETTING_REGISTER @ 0x206700680
CHIP::DISPLAYPIPE0::DP_TX_CORE_INSTANCE_0.DP_TX_CORE_MAIN_LINK_LANE_COUNT_REGISTER @ 0x206700684
CHIP::DISPLAYPIPE0::DP_TX_CORE_INSTANCE_0.DP_TX_CORE_DP_TRAINING_PATTERN_SET_REGISTER @ 0x206700688
CHIP::DISPLAYPIPE0::DP_TX_CORE_INSTANCE_0.DP_TX_CORE_DP_LANE_0_LINK_TRAINING_CONTROL_REGISTER @ 0x20670068c
CHIP::DISPLAYPIPE0::DP_TX_CORE_INSTANCE_0.DP_TX_CORE_DP_LANE_1_LINK_TRAINING_CONTROL_REGISTER @ 0x206700690
CHIP::DISPLAYPIPE0::DP_TX_CORE_INSTANCE_0.DP_TX_CORE_DP_LANE_2_LINK_TRAINING_CONTROL_REGISTER @ 0x206700694
CHIP::DISPLAYPIPE0::DP_TX_CORE_INSTANCE_0.DP_TX_CORE_DP_LANE_3_LINK_TRAINING_CONTROL_REGISTER @ 0x206700698
CHIP::DISPLAYPIPE0::DP_TX_CORE_INSTANCE_0.DP_TX_CORE_DP_DOWN_SPREADING_CONTROL_REGISTER @ 0x20670069c
CHIP::DISPLAYPIPE0::DP_TX_CORE_INSTANCE_0.DP_TX_CORE_DP_HARDWARE_TRAINING_CONTROL_REGISTER @ 0x2067006a0
CHIP::DISPLAYPIPE0::DP_TX_CORE_INSTANCE_0.DP_TX_CORE_DP_DEBUG_CONTROL_REGISTER_1 @ 0x2067006c0
CHIP::DISPLAYPIPE0::DP_TX_CORE_INSTANCE_0.DP_TX_CORE_DP_HPD_DEGLITCH_REGISTER @ 0x2067006c4
CHIP::DISPLAYPIPE0::DP_TX_CORE_INSTANCE_0.DP_TX_CORE_POLLING_PERIOD @ 0x2067006cc
CHIP::DISPLAYPIPE0::DP_TX_CORE_INSTANCE_0.DP_TX_CORE_DP_LINK_DEBUG_CONTROL_REGISTER @ 0x2067006e0
CHIP::DISPLAYPIPE0::DP_TX_CORE_INSTANCE_0.DP_TX_CORE_SINK_COUNT @ 0x2067006e4
CHIP::DISPLAYPIPE0::DP_TX_CORE_INSTANCE_0.DP_TX_CORE_IRQ_VECTOR @ 0x2067006e8
CHIP::DISPLAYPIPE0::DP_TX_CORE_INSTANCE_0.DP_TX_CORE_LANE0_AND_LANE1_STATUS @ 0x2067006ec
CHIP::DISPLAYPIPE0::DP_TX_CORE_INSTANCE_0.DP_TX_CORE_LANE2_AND_LANE3_STATUS @ 0x2067006f0
CHIP::DISPLAYPIPE0::DP_TX_CORE_INSTANCE_0.DP_TX_CORE_ALIGN_STATUS @ 0x2067006f4
CHIP::DISPLAYPIPE0::DP_TX_CORE_INSTANCE_0.DP_TX_CORE_SINK_STATUS @ 0x2067006f8
CHIP::DISPLAYPIPE0::DP_TX_CORE_INSTANCE_0.DP_TX_CORE_M_VID_CFG_REGISTER_0 @ 0x206700700
CHIP::DISPLAYPIPE0::DP_TX_CORE_INSTANCE_0.DP_TX_CORE_M_VID_CFG_REGISTER_1 @ 0x206700704
CHIP::DISPLAYPIPE0::DP_TX_CORE_INSTANCE_0.DP_TX_CORE_M_VID_CFG_REGISTER_2 @ 0x206700708
CHIP::DISPLAYPIPE0::DP_TX_CORE_INSTANCE_0.DP_TX_CORE_N_VID_CFG_REGISTER_0 @ 0x20670070c
CHIP::DISPLAYPIPE0::DP_TX_CORE_INSTANCE_0.DP_TX_CORE_N_VID_CFG_REGISTER_1 @ 0x206700710
CHIP::DISPLAYPIPE0::DP_TX_CORE_INSTANCE_0.DP_TX_CORE_N_VID_CFG_REGISTER_2 @ 0x206700714
CHIP::DISPLAYPIPE0::DP_TX_CORE_INSTANCE_0.DP_TX_CORE_M_VID_VALUE_MONITOR_REGISTER @ 0x206700718
CHIP::DISPLAYPIPE0::DP_TX_CORE_INSTANCE_0.DP_TX_CORE_DP_PLL_CONTROL_REGISTER @ 0x20670071c
CHIP::DISPLAYPIPE0::DP_TX_CORE_INSTANCE_0.DP_TX_CORE_DP_ANALOG_POWER_DOWN_REGISTER @ 0x206700720
CHIP::DISPLAYPIPE0::DP_TX_CORE_INSTANCE_0.DP_TX_CORE_DP_ANALOG_TEST_REGISTER @ 0x206700724
CHIP::DISPLAYPIPE0::DP_TX_CORE_INSTANCE_0.DP_TX_CORE_DP_SCRAMBLER_RESET_COUNTER_REGISTER @ 0x206700728
CHIP::DISPLAYPIPE0::DP_TX_CORE_INSTANCE_0.DP_TX_CORE_DP_VIDEO_DATA_FIFO_THRESHOLD_REGISTER @ 0x206700730
CHIP::DISPLAYPIPE0::DP_TX_CORE_INSTANCE_0.DP_TX_CORE_DP_GNS_CONTROL_REGISTER @ 0x206700734
CHIP::DISPLAYPIPE0::DP_TX_CORE_INSTANCE_0.DP_TX_CORE_DOWN_SPREADING_CONTROL_REGISTER_1 @ 0x206700740
CHIP::DISPLAYPIPE0::DP_TX_CORE_INSTANCE_0.DP_TX_CORE_DOWN_SPREADING_CONTROL_REGISTER_2 @ 0x206700744
CHIP::DISPLAYPIPE0::DP_TX_CORE_INSTANCE_0.DP_TX_CORE_DP_M_VID_CALCULATION_CONTROL_REGISTER @ 0x206700760
CHIP::DISPLAYPIPE0::DP_TX_CORE_INSTANCE_0.DP_TX_CORE_THRESHOLD_REGISTER_OF_M_VID_GENERATION_FILTER @ 0x206700764
CHIP::DISPLAYPIPE0::DP_TX_CORE_INSTANCE_0.DP_TX_CORE_AUX_CHANNEL_BIT_PERIOD_ADJUST_REGISTER @ 0x206700774
CHIP::DISPLAYPIPE0::DP_TX_CORE_INSTANCE_0.DP_TX_CORE_AUX_CHANNEL_LOCK_LOST_COUNTER_REGISTER @ 0x206700778
CHIP::DISPLAYPIPE0::DP_TX_CORE_INSTANCE_0.DP_TX_CORE_AUX_CHANNEL_TX_TIMER_REGISTER @ 0x20670077c
CHIP::DISPLAYPIPE0::DP_TX_CORE_INSTANCE_0.DP_TX_CORE_AUX_CHANNEL_ACCESS_STATUS_REGISTER @ 0x206700780
CHIP::DISPLAYPIPE0::DP_TX_CORE_INSTANCE_0.DP_TX_CORE_AUX_CHANNEL_ACCESS_ERROR_CODE_REGISTER @ 0x206700784
CHIP::DISPLAYPIPE0::DP_TX_CORE_INSTANCE_0.DP_TX_CORE_DP_AUX_CH_DEFER_CONTROL_REGISTER @ 0x206700788
CHIP::DISPLAYPIPE0::DP_TX_CORE_INSTANCE_0.DP_TX_CORE_DP_AUX_RX_COMMAND_REGISTER @ 0x20670078c
CHIP::DISPLAYPIPE0::DP_TX_CORE_INSTANCE_0.DP_TX_CORE_DP_BUFFER_DATA_COUNT_REGISTER @ 0x206700790
CHIP::DISPLAYPIPE0::DP_TX_CORE_INSTANCE_0.DP_TX_CORE_DP_AUX_CHANNEL_LENGTH_REGISTER @ 0x206700794
CHIP::DISPLAYPIPE0::DP_TX_CORE_INSTANCE_0.DP_TX_CORE_DP_AUX_CH_ADDRESS_REGISTER_0 @ 0x206700798
CHIP::DISPLAYPIPE0::DP_TX_CORE_INSTANCE_0.DP_TX_CORE_DP_AUX_CH_ADDRESS_REGISTER_1 @ 0x20670079c
CHIP::DISPLAYPIPE0::DP_TX_CORE_INSTANCE_0.DP_TX_CORE_DP_AUX_CH_CONTROL_REGISTER_1 @ 0x2067007a0
CHIP::DISPLAYPIPE0::DP_TX_CORE_INSTANCE_0.DP_TX_CORE_DP_AUX_CH_CONTROL_REGISTER_2 @ 0x2067007a4
CHIP::DISPLAYPIPE0::DP_TX_CORE_INSTANCE_0.DP_TX_CORE_CRC_CHECK_CONTROL @ 0x206700890
CHIP::DISPLAYPIPE0::DP_TX_CORE_INSTANCE_0.DP_TX_CORE_CRC_RESULT @ 0x206700894
CHIP::DISPLAYPIPE0::DP_TX_CORE_INSTANCE_0.DP_TX_CORE_MAIN_LINK_TEST_PATTERN @ 0x206700900
CHIP::DISPLAYPIPE0::DP_TX_CORE_INSTANCE_0.DP_TX_CORE_ERROR_INJECTION_CONTROL_1 @ 0x206700904
CHIP::DISPLAYPIPE0::DP_TX_CORE_INSTANCE_0.DP_TX_CORE_ERROR_INJECTION_CONTROL_2 @ 0x206700908
CHIP::DISPLAYPIPE0::DP_TX_CORE_INSTANCE_0.DP_TX_CORE_AUX_CH_BUFFER_DATA_0 @ 0x206700c00
CHIP::DISPLAYPIPE0::DP_TX_CORE_INSTANCE_0.DP_TX_CORE_AUX_CH_BUFFER_DATA_1 @ 0x206700c04
CHIP::DISPLAYPIPE0::DP_TX_CORE_INSTANCE_0.DP_TX_CORE_AUX_CH_BUFFER_DATA_2 @ 0x206700c08
CHIP::DISPLAYPIPE0::DP_TX_CORE_INSTANCE_0.DP_TX_CORE_AUX_CH_BUFFER_DATA_3 @ 0x206700c0c
CHIP::DISPLAYPIPE0::DP_TX_CORE_INSTANCE_0.DP_TX_CORE_AUX_CH_BUFFER_DATA_4 @ 0x206700c10
CHIP::DISPLAYPIPE0::DP_TX_CORE_INSTANCE_0.DP_TX_CORE_AUX_CH_BUFFER_DATA_5 @ 0x206700c14
CHIP::DISPLAYPIPE0::DP_TX_CORE_INSTANCE_0.DP_TX_CORE_AUX_CH_BUFFER_DATA_6 @ 0x206700c18
CHIP::DISPLAYPIPE0::DP_TX_CORE_INSTANCE_0.DP_TX_CORE_AUX_CH_BUFFER_DATA_7 @ 0x206700c1c
CHIP::DISPLAYPIPE0::DP_TX_CORE_INSTANCE_0.DP_TX_CORE_AUX_CH_BUFFER_DATA_8 @ 0x206700c20
CHIP::DISPLAYPIPE0::DP_TX_CORE_INSTANCE_0.DP_TX_CORE_AUX_CH_BUFFER_DATA_9 @ 0x206700c24
CHIP::DISPLAYPIPE0::DP_TX_CORE_INSTANCE_0.DP_TX_CORE_AUX_CH_BUFFER_DATA_10 @ 0x206700c28
CHIP::DISPLAYPIPE0::DP_TX_CORE_INSTANCE_0.DP_TX_CORE_AUX_CH_BUFFER_DATA_11 @ 0x206700c2c
CHIP::DISPLAYPIPE0::DP_TX_CORE_INSTANCE_0.DP_TX_CORE_AUX_CH_BUFFER_DATA_12 @ 0x206700c30
CHIP::DISPLAYPIPE0::DP_TX_CORE_INSTANCE_0.DP_TX_CORE_AUX_CH_BUFFER_DATA_13 @ 0x206700c34
CHIP::DISPLAYPIPE0::DP_TX_CORE_INSTANCE_0.DP_TX_CORE_AUX_CH_BUFFER_DATA_14 @ 0x206700c38
CHIP::DISPLAYPIPE0::DP_TX_CORE_INSTANCE_0.DP_TX_CORE_AUX_CH_BUFFER_DATA_15 @ 0x206700c3c
CHIP::DISPLAYPIPE0::DP_TX_CORE_INSTANCE_0.DP_TX_CORE_AUX_CH_BUFFER_DATA_16 @ 0x206700c40
CHIP::DISPLAYPIPE0::DP_TX_CORE_INSTANCE_0.DP_TX_CORE_AUX_CH_BUFFER_DATA_17 @ 0x206700c44
CHIP::DISPLAYPIPE0::DP_TX_CORE_INSTANCE_0.DP_TX_CORE_AUX_CH_BUFFER_DATA_18 @ 0x206700c48
CHIP::DISPLAYPIPE0::DP_TX_CORE_INSTANCE_0.DP_TX_CORE_AUX_CH_BUFFER_DATA_19 @ 0x206700c4c
CHIP::DISPLAYPIPE0::DP_TX_CORE_INSTANCE_0.DP_TX_CORE_AUX_CH_BUFFER_DATA_20 @ 0x206700c50
CHIP::DISPLAYPIPE0::DP_TX_CORE_INSTANCE_0.DP_TX_CORE_AUX_CH_BUFFER_DATA_21 @ 0x206700c54
CHIP::DISPLAYPIPE0::DP_TX_CORE_INSTANCE_0.DP_TX_CORE_AUX_CH_BUFFER_DATA_22 @ 0x206700c58
CHIP::DISPLAYPIPE0::DP_TX_CORE_INSTANCE_0.DP_TX_CORE_AUX_CH_BUFFER_DATA_23 @ 0x206700c5c
CHIP::DISPLAYPIPE0::DP_TX_CORE_INSTANCE_0.DP_TX_CORE_AUX_CH_BUFFER_DATA_24 @ 0x206700c60
CHIP::DISPLAYPIPE0::DP_TX_CORE_INSTANCE_0.DP_TX_CORE_AUX_CH_BUFFER_DATA_25 @ 0x206700c64
CHIP::DISPLAYPIPE0::DP_TX_CORE_INSTANCE_0.DP_TX_CORE_AUX_CH_BUFFER_DATA_26 @ 0x206700c68
CHIP::DISPLAYPIPE0::DP_TX_CORE_INSTANCE_0.DP_TX_CORE_AUX_CH_BUFFER_DATA_27 @ 0x206700c6c
CHIP::DISPLAYPIPE0::DP_TX_CORE_INSTANCE_0.DP_TX_CORE_AUX_CH_BUFFER_DATA_28 @ 0x206700c70
CHIP::DISPLAYPIPE0::DP_TX_CORE_INSTANCE_0.DP_TX_CORE_AUX_CH_BUFFER_DATA_29 @ 0x206700c74
CHIP::DISPLAYPIPE0::DP_TX_CORE_INSTANCE_0.DP_TX_CORE_AUX_CH_BUFFER_DATA_30 @ 0x206700c78
CHIP::DISPLAYPIPE0::DP_TX_CORE_INSTANCE_0.DP_TX_CORE_AUX_CH_BUFFER_DATA_31 @ 0x206700c7c
CHIP::DISPLAYPIPE0::DP_TX_CORE_INSTANCE_0.DP_TX_CORE_AUX_CH_BUFFER_DATA_32 @ 0x206700c80
CHIP::DISPLAYPIPE0::DP_TX_CORE_INSTANCE_0.DP_TX_CORE_AUX_CH_BUFFER_DATA_33 @ 0x206700c84
CHIP::DISPLAYPIPE0::DP_TX_CORE_INSTANCE_0.DP_TX_CORE_AUX_CH_BUFFER_DATA_34 @ 0x206700c88
CHIP::DISPLAYPIPE0::DP_TX_CORE_INSTANCE_0.DP_TX_CORE_AUX_CH_BUFFER_DATA_35 @ 0x206700c8c
CHIP::DISPLAYPIPE0::DP_TX_CORE_INSTANCE_0.DP_TX_CORE_AUX_CH_BUFFER_DATA_36 @ 0x206700c90
CHIP::DISPLAYPIPE0::DP_TX_CORE_INSTANCE_0.DP_TX_CORE_AUX_CH_BUFFER_DATA_37 @ 0x206700c94
CHIP::DISPLAYPIPE0::DP_TX_CORE_INSTANCE_0.DP_TX_CORE_AUX_CH_BUFFER_DATA_38 @ 0x206700c98
CHIP::DISPLAYPIPE0::DP_TX_CORE_INSTANCE_0.DP_TX_CORE_AUX_CH_BUFFER_DATA_39 @ 0x206700c9c
CHIP::DISPLAYPIPE0::DP_TX_CORE_INSTANCE_0.DP_TX_CORE_AUX_CH_BUFFER_DATA_40 @ 0x206700ca0
CHIP::DISPLAYPIPE0::DP_TX_CORE_INSTANCE_0.DP_TX_CORE_AUX_CH_BUFFER_DATA_41 @ 0x206700ca4
CHIP::DISPLAYPIPE0::DP_TX_CORE_INSTANCE_0.DP_TX_CORE_AUX_CH_BUFFER_DATA_42 @ 0x206700ca8
CHIP::DISPLAYPIPE0::DP_TX_CORE_INSTANCE_0.DP_TX_CORE_AUX_CH_BUFFER_DATA_43 @ 0x206700cac
CHIP::DISPLAYPIPE0::DP_TX_CORE_INSTANCE_0.DP_TX_CORE_AUX_CH_BUFFER_DATA_44 @ 0x206700cb0
CHIP::DISPLAYPIPE0::DP_TX_CORE_INSTANCE_0.DP_TX_CORE_AUX_CH_BUFFER_DATA_45 @ 0x206700cb4
CHIP::DISPLAYPIPE0::DP_TX_CORE_INSTANCE_0.DP_TX_CORE_AUX_CH_BUFFER_DATA_46 @ 0x206700cb8
CHIP::DISPLAYPIPE0::DP_TX_CORE_INSTANCE_0.DP_TX_CORE_AUX_CH_BUFFER_DATA_47 @ 0x206700cbc
CHIP::DISPLAYPIPE0::DP_TX_CORE_INSTANCE_0.DP_TX_CORE_AUX_CH_BUFFER_DATA_48 @ 0x206700cc0
CHIP::DISPLAYPIPE0::DP_TX_CORE_INSTANCE_0.DP_TX_CORE_AUX_CH_BUFFER_DATA_49 @ 0x206700cc4
CHIP::DISPLAYPIPE0::DP_TX_CORE_INSTANCE_0.DP_TX_CORE_AUX_CH_BUFFER_DATA_50 @ 0x206700cc8
CHIP::DISPLAYPIPE0::DP_TX_CORE_INSTANCE_0.DP_TX_CORE_AUX_CH_BUFFER_DATA_51 @ 0x206700ccc
CHIP::DISPLAYPIPE0::DP_TX_CORE_INSTANCE_0.DP_TX_CORE_AUX_CH_BUFFER_DATA_52 @ 0x206700cd0
CHIP::DISPLAYPIPE0::DP_TX_CORE_INSTANCE_0.DP_TX_CORE_AUX_CH_BUFFER_DATA_53 @ 0x206700cd4
CHIP::DISPLAYPIPE0::DP_TX_CORE_INSTANCE_0.DP_TX_CORE_AUX_CH_BUFFER_DATA_54 @ 0x206700cd8
CHIP::DISPLAYPIPE0::DP_TX_CORE_INSTANCE_0.DP_TX_CORE_AUX_CH_BUFFER_DATA_55 @ 0x206700cdc
CHIP::DISPLAYPIPE0::DP_TX_CORE_INSTANCE_0.DP_TX_CORE_AUX_CH_BUFFER_DATA_56 @ 0x206700ce0
CHIP::DISPLAYPIPE0::DP_TX_CORE_INSTANCE_0.DP_TX_CORE_AUX_CH_BUFFER_DATA_57 @ 0x206700ce4
CHIP::DISPLAYPIPE0::DP_TX_CORE_INSTANCE_0.DP_TX_CORE_AUX_CH_BUFFER_DATA_58 @ 0x206700ce8
CHIP::DISPLAYPIPE0::DP_TX_CORE_INSTANCE_0.DP_TX_CORE_AUX_CH_BUFFER_DATA_59 @ 0x206700cec
CHIP::DISPLAYPIPE0::DP_TX_CORE_INSTANCE_0.DP_TX_CORE_AUX_CH_BUFFER_DATA_60 @ 0x206700cf0
CHIP::DISPLAYPIPE0::DP_TX_CORE_INSTANCE_0.DP_TX_CORE_AUX_CH_BUFFER_DATA_61 @ 0x206700cf4
CHIP::DISPLAYPIPE0::DP_TX_CORE_INSTANCE_0.DP_TX_CORE_AUX_CH_BUFFER_DATA_62 @ 0x206700cf8
CHIP::DISPLAYPIPE0::DP_TX_CORE_INSTANCE_0.DP_TX_CORE_AUX_CH_BUFFER_DATA_63 @ 0x206700cfc
CHIP::DISPLAYPIPE0::DP_TX_CORE_INSTANCE_0.DP_TX_CORE_AUX_CH_BUFFER_DATA_64 @ 0x206700d00
CHIP::DISPLAYPIPE0::DP_TX_CORE_INSTANCE_0.DP_TX_CORE_AUX_CH_BUFFER_DATA_65 @ 0x206700d04
CHIP::DISPLAYPIPE0::DP_TX_CORE_INSTANCE_0.DP_TX_CORE_AUX_CH_BUFFER_DATA_66 @ 0x206700d08
CHIP::DISPLAYPIPE0::DP_TX_CORE_INSTANCE_0.DP_TX_CORE_AUX_CH_BUFFER_DATA_67 @ 0x206700d0c
CHIP::DISPLAYPIPE0::DP_TX_CORE_INSTANCE_0.DP_TX_CORE_AUX_CH_BUFFER_DATA_68 @ 0x206700d10
CHIP::DISPLAYPIPE0::DP_TX_CORE_INSTANCE_0.DP_TX_CORE_AUX_CH_BUFFER_DATA_69 @ 0x206700d14
CHIP::DISPLAYPIPE0::DP_TX_CORE_INSTANCE_0.DP_TX_CORE_AUX_CH_BUFFER_DATA_70 @ 0x206700d18
CHIP::DISPLAYPIPE0::DP_TX_CORE_INSTANCE_0.DP_TX_CORE_AUX_CH_BUFFER_DATA_71 @ 0x206700d1c
CHIP::DISPLAYPIPE0::DP_TX_CORE_INSTANCE_0.DP_TX_CORE_AUX_CH_BUFFER_DATA_72 @ 0x206700d20
CHIP::DISPLAYPIPE0::DP_TX_CORE_INSTANCE_0.DP_TX_CORE_AUX_CH_BUFFER_DATA_73 @ 0x206700d24
CHIP::DISPLAYPIPE0::DP_TX_CORE_INSTANCE_0.DP_TX_CORE_AUX_CH_BUFFER_DATA_74 @ 0x206700d28
CHIP::DISPLAYPIPE0::DP_TX_CORE_INSTANCE_0.DP_TX_CORE_AUX_CH_BUFFER_DATA_75 @ 0x206700d2c
CHIP::DISPLAYPIPE0::DP_TX_CORE_INSTANCE_0.DP_TX_CORE_AUX_CH_BUFFER_DATA_76 @ 0x206700d30
CHIP::DISPLAYPIPE0::DP_TX_CORE_INSTANCE_0.DP_TX_CORE_AUX_CH_BUFFER_DATA_77 @ 0x206700d34
CHIP::DISPLAYPIPE0::DP_TX_CORE_INSTANCE_0.DP_TX_CORE_AUX_CH_BUFFER_DATA_78 @ 0x206700d38
CHIP::DISPLAYPIPE0::DP_TX_CORE_INSTANCE_0.DP_TX_CORE_AUX_CH_BUFFER_DATA_79 @ 0x206700d3c
CHIP::DISPLAYPIPE0::DP_TX_CORE_INSTANCE_0.DP_TX_CORE_AUX_CH_BUFFER_DATA_80 @ 0x206700d40
CHIP::DISPLAYPIPE0::DP_TX_CORE_INSTANCE_0.DP_TX_CORE_AUX_CH_BUFFER_DATA_81 @ 0x206700d44
CHIP::DISPLAYPIPE0::DP_TX_CORE_INSTANCE_0.DP_TX_CORE_AUX_CH_BUFFER_DATA_82 @ 0x206700d48
CHIP::DISPLAYPIPE0::DP_TX_CORE_INSTANCE_0.DP_TX_CORE_AUX_CH_BUFFER_DATA_83 @ 0x206700d4c
CHIP::DISPLAYPIPE0::DP_TX_CORE_INSTANCE_0.DP_TX_CORE_AUX_CH_BUFFER_DATA_84 @ 0x206700d50
CHIP::DISPLAYPIPE0::DP_TX_CORE_INSTANCE_0.DP_TX_CORE_AUX_CH_BUFFER_DATA_85 @ 0x206700d54
CHIP::DISPLAYPIPE0::DP_TX_CORE_INSTANCE_0.DP_TX_CORE_AUX_CH_BUFFER_DATA_86 @ 0x206700d58
CHIP::DISPLAYPIPE0::DP_TX_CORE_INSTANCE_0.DP_TX_CORE_AUX_CH_BUFFER_DATA_87 @ 0x206700d5c
CHIP::DISPLAYPIPE0::DP_TX_CORE_INSTANCE_0.DP_TX_CORE_AUX_CH_BUFFER_DATA_88 @ 0x206700d60
CHIP::DISPLAYPIPE0::DP_TX_CORE_INSTANCE_0.DP_TX_CORE_AUX_CH_BUFFER_DATA_89 @ 0x206700d64
CHIP::DISPLAYPIPE0::DP_TX_CORE_INSTANCE_0.DP_TX_CORE_AUX_CH_BUFFER_DATA_90 @ 0x206700d68
CHIP::DISPLAYPIPE0::DP_TX_CORE_INSTANCE_0.DP_TX_CORE_AUX_CH_BUFFER_DATA_91 @ 0x206700d6c
CHIP::DISPLAYPIPE0::DP_TX_CORE_INSTANCE_0.DP_TX_CORE_AUX_CH_BUFFER_DATA_92 @ 0x206700d70
CHIP::DISPLAYPIPE0::DP_TX_CORE_INSTANCE_0.DP_TX_CORE_AUX_CH_BUFFER_DATA_93 @ 0x206700d74
CHIP::DISPLAYPIPE0::DP_TX_CORE_INSTANCE_0.DP_TX_CORE_AUX_CH_BUFFER_DATA_94 @ 0x206700d78
CHIP::DISPLAYPIPE0::DP_TX_CORE_INSTANCE_0.DP_TX_CORE_AUX_CH_BUFFER_DATA_95 @ 0x206700d7c
CHIP::DISPLAYPIPE0::DP_TX_CORE_INSTANCE_0.DP_TX_CORE_AUX_CH_BUFFER_DATA_96 @ 0x206700d80
CHIP::DISPLAYPIPE0::DP_TX_CORE_INSTANCE_0.DP_TX_CORE_AUX_CH_BUFFER_DATA_97 @ 0x206700d84
CHIP::DISPLAYPIPE0::DP_TX_CORE_INSTANCE_0.DP_TX_CORE_AUX_CH_BUFFER_DATA_98 @ 0x206700d88
CHIP::DISPLAYPIPE0::DP_TX_CORE_INSTANCE_0.DP_TX_CORE_AUX_CH_BUFFER_DATA_99 @ 0x206700d8c
CHIP::DISPLAYPIPE0::DP_TX_CORE_INSTANCE_0.DP_TX_CORE_AUX_CH_BUFFER_DATA_100 @ 0x206700d90
CHIP::DISPLAYPIPE0::DP_TX_CORE_INSTANCE_0.DP_TX_CORE_AUX_CH_BUFFER_DATA_101 @ 0x206700d94
CHIP::DISPLAYPIPE0::DP_TX_CORE_INSTANCE_0.DP_TX_CORE_AUX_CH_BUFFER_DATA_102 @ 0x206700d98
CHIP::DISPLAYPIPE0::DP_TX_CORE_INSTANCE_0.DP_TX_CORE_AUX_CH_BUFFER_DATA_103 @ 0x206700d9c
CHIP::DISPLAYPIPE0::DP_TX_CORE_INSTANCE_0.DP_TX_CORE_AUX_CH_BUFFER_DATA_104 @ 0x206700da0
CHIP::DISPLAYPIPE0::DP_TX_CORE_INSTANCE_0.DP_TX_CORE_AUX_CH_BUFFER_DATA_105 @ 0x206700da4
CHIP::DISPLAYPIPE0::DP_TX_CORE_INSTANCE_0.DP_TX_CORE_AUX_CH_BUFFER_DATA_106 @ 0x206700da8
CHIP::DISPLAYPIPE0::DP_TX_CORE_INSTANCE_0.DP_TX_CORE_AUX_CH_BUFFER_DATA_107 @ 0x206700dac
CHIP::DISPLAYPIPE0::DP_TX_CORE_INSTANCE_0.DP_TX_CORE_AUX_CH_BUFFER_DATA_108 @ 0x206700db0
CHIP::DISPLAYPIPE0::DP_TX_CORE_INSTANCE_0.DP_TX_CORE_AUX_CH_BUFFER_DATA_109 @ 0x206700db4
CHIP::DISPLAYPIPE0::DP_TX_CORE_INSTANCE_0.DP_TX_CORE_AUX_CH_BUFFER_DATA_110 @ 0x206700db8
CHIP::DISPLAYPIPE0::DP_TX_CORE_INSTANCE_0.DP_TX_CORE_AUX_CH_BUFFER_DATA_111 @ 0x206700dbc
CHIP::DISPLAYPIPE0::DP_TX_CORE_INSTANCE_0.DP_TX_CORE_AUX_CH_BUFFER_DATA_112 @ 0x206700dc0
CHIP::DISPLAYPIPE0::DP_TX_CORE_INSTANCE_0.DP_TX_CORE_AUX_CH_BUFFER_DATA_113 @ 0x206700dc4
CHIP::DISPLAYPIPE0::DP_TX_CORE_INSTANCE_0.DP_TX_CORE_AUX_CH_BUFFER_DATA_114 @ 0x206700dc8
CHIP::DISPLAYPIPE0::DP_TX_CORE_INSTANCE_0.DP_TX_CORE_AUX_CH_BUFFER_DATA_115 @ 0x206700dcc
CHIP::DISPLAYPIPE0::DP_TX_CORE_INSTANCE_0.DP_TX_CORE_AUX_CH_BUFFER_DATA_116 @ 0x206700dd0
CHIP::DISPLAYPIPE0::DP_TX_CORE_INSTANCE_0.DP_TX_CORE_AUX_CH_BUFFER_DATA_117 @ 0x206700dd4
CHIP::DISPLAYPIPE0::DP_TX_CORE_INSTANCE_0.DP_TX_CORE_AUX_CH_BUFFER_DATA_118 @ 0x206700dd8
CHIP::DISPLAYPIPE0::DP_TX_CORE_INSTANCE_0.DP_TX_CORE_AUX_CH_BUFFER_DATA_119 @ 0x206700ddc
CHIP::DISPLAYPIPE0::DP_TX_CORE_INSTANCE_0.DP_TX_CORE_AUX_CH_BUFFER_DATA_120 @ 0x206700de0
CHIP::DISPLAYPIPE0::DP_TX_CORE_INSTANCE_0.DP_TX_CORE_AUX_CH_BUFFER_DATA_121 @ 0x206700de4
CHIP::DISPLAYPIPE0::DP_TX_CORE_INSTANCE_0.DP_TX_CORE_AUX_CH_BUFFER_DATA_122 @ 0x206700de8
CHIP::DISPLAYPIPE0::DP_TX_CORE_INSTANCE_0.DP_TX_CORE_AUX_CH_BUFFER_DATA_123 @ 0x206700dec
CHIP::DISPLAYPIPE0::DP_TX_CORE_INSTANCE_0.DP_TX_CORE_AUX_CH_BUFFER_DATA_124 @ 0x206700df0
CHIP::DISPLAYPIPE0::DP_TX_CORE_INSTANCE_0.DP_TX_CORE_AUX_CH_BUFFER_DATA_125 @ 0x206700df4
CHIP::DISPLAYPIPE0::DP_TX_CORE_INSTANCE_0.DP_TX_CORE_AUX_CH_BUFFER_DATA_126 @ 0x206700df8
CHIP::DISPLAYPIPE0::DP_TX_CORE_INSTANCE_0.DP_TX_CORE_AUX_CH_BUFFER_DATA_127 @ 0x206700dfc
CHIP::DISPLAYPIPE0::DP_TX_CORE_INSTANCE_0.DP_TX_CORE_AUX_CH_BUFFER_DATA_128 @ 0x206700e00
CHIP::DISPLAYPIPE0::DP_TX_CORE_INSTANCE_0.DP_TX_CORE_AUX_CH_BUFFER_DATA_129 @ 0x206700e04
CHIP::DISPLAYPIPE0::DP_TX_CORE_INSTANCE_0.DP_TX_CORE_AUX_CH_BUFFER_DATA_130 @ 0x206700e08
CHIP::DISPLAYPIPE0::DP_TX_CORE_INSTANCE_0.DP_TX_CORE_AUX_CH_BUFFER_DATA_131 @ 0x206700e0c
CHIP::DISPLAYPIPE0::DP_TX_CORE_INSTANCE_0.DP_TX_CORE_AUX_CH_BUFFER_DATA_132 @ 0x206700e10
CHIP::DISPLAYPIPE0::DP_TX_CORE_INSTANCE_0.DP_TX_CORE_AUX_CH_BUFFER_DATA_133 @ 0x206700e14
CHIP::DISPLAYPIPE0::DP_TX_CORE_INSTANCE_0.DP_TX_CORE_AUX_CH_BUFFER_DATA_134 @ 0x206700e18
CHIP::DISPLAYPIPE0::DP_TX_CORE_INSTANCE_0.DP_TX_CORE_AUX_CH_BUFFER_DATA_135 @ 0x206700e1c
CHIP::DISPLAYPIPE0::DP_TX_CORE_INSTANCE_0.DP_TX_CORE_AUX_CH_BUFFER_DATA_136 @ 0x206700e20
CHIP::DISPLAYPIPE0::DP_TX_CORE_INSTANCE_0.DP_TX_CORE_AUX_CH_BUFFER_DATA_137 @ 0x206700e24
CHIP::DISPLAYPIPE0::DP_TX_CORE_INSTANCE_0.DP_TX_CORE_AUX_CH_BUFFER_DATA_138 @ 0x206700e28
CHIP::DISPLAYPIPE0::DP_TX_CORE_INSTANCE_0.DP_TX_CORE_AUX_CH_BUFFER_DATA_139 @ 0x206700e2c
CHIP::DISPLAYPIPE0::DP_TX_CORE_INSTANCE_0.DP_TX_CORE_AUX_CH_BUFFER_DATA_140 @ 0x206700e30
CHIP::DISPLAYPIPE0::DP_TX_CORE_INSTANCE_0.DP_TX_CORE_AUX_CH_BUFFER_DATA_141 @ 0x206700e34
CHIP::DISPLAYPIPE0::DP_TX_CORE_INSTANCE_0.DP_TX_CORE_AUX_CH_BUFFER_DATA_142 @ 0x206700e38
CHIP::DISPLAYPIPE0::DP_TX_CORE_INSTANCE_0.DP_TX_CORE_AUX_CH_BUFFER_DATA_143 @ 0x206700e3c
CHIP::DISPLAYPIPE0::DP_TX_CORE_INSTANCE_0.DP_TX_CORE_AUX_CH_BUFFER_DATA_144 @ 0x206700e40
CHIP::DISPLAYPIPE0::DP_TX_CORE_INSTANCE_0.DP_TX_CORE_AUX_CH_BUFFER_DATA_145 @ 0x206700e44
CHIP::DISPLAYPIPE0::DP_TX_CORE_INSTANCE_0.DP_TX_CORE_AUX_CH_BUFFER_DATA_146 @ 0x206700e48
CHIP::DISPLAYPIPE0::DP_TX_CORE_INSTANCE_0.DP_TX_CORE_AUX_CH_BUFFER_DATA_147 @ 0x206700e4c
CHIP::DISPLAYPIPE0::DP_TX_CORE_INSTANCE_0.DP_TX_CORE_AUX_CH_BUFFER_DATA_148 @ 0x206700e50
CHIP::DISPLAYPIPE0::DP_TX_CORE_INSTANCE_0.DP_TX_CORE_AUX_CH_BUFFER_DATA_149 @ 0x206700e54
CHIP::DISPLAYPIPE0::DP_TX_CORE_INSTANCE_0.DP_TX_CORE_AUX_CH_BUFFER_DATA_150 @ 0x206700e58
CHIP::DISPLAYPIPE0::DP_TX_CORE_INSTANCE_0.DP_TX_CORE_AUX_CH_BUFFER_DATA_151 @ 0x206700e5c
CHIP::DISPLAYPIPE0::DP_TX_CORE_INSTANCE_0.DP_TX_CORE_AUX_CH_BUFFER_DATA_152 @ 0x206700e60
CHIP::DISPLAYPIPE0::DP_TX_CORE_INSTANCE_0.DP_TX_CORE_AUX_CH_BUFFER_DATA_153 @ 0x206700e64
CHIP::DISPLAYPIPE0::DP_TX_CORE_INSTANCE_0.DP_TX_CORE_AUX_CH_BUFFER_DATA_154 @ 0x206700e68
CHIP::DISPLAYPIPE0::DP_TX_CORE_INSTANCE_0.DP_TX_CORE_AUX_CH_BUFFER_DATA_155 @ 0x206700e6c
CHIP::DISPLAYPIPE0::DP_TX_CORE_INSTANCE_0.DP_TX_CORE_AUX_CH_BUFFER_DATA_156 @ 0x206700e70
CHIP::DISPLAYPIPE0::DP_TX_CORE_INSTANCE_0.DP_TX_CORE_AUX_CH_BUFFER_DATA_157 @ 0x206700e74
CHIP::DISPLAYPIPE0::DP_TX_CORE_INSTANCE_0.DP_TX_CORE_AUX_CH_BUFFER_DATA_158 @ 0x206700e78
CHIP::DISPLAYPIPE0::DP_TX_CORE_INSTANCE_0.DP_TX_CORE_AUX_CH_BUFFER_DATA_159 @ 0x206700e7c
CHIP::DISPLAYPIPE0::DP_TX_CORE_INSTANCE_0.DP_TX_CORE_AUX_CH_BUFFER_DATA_160 @ 0x206700e80
CHIP::DISPLAYPIPE0::DP_TX_CORE_INSTANCE_0.DP_TX_CORE_AUX_CH_BUFFER_DATA_161 @ 0x206700e84
CHIP::DISPLAYPIPE0::DP_TX_CORE_INSTANCE_0.DP_TX_CORE_AUX_CH_BUFFER_DATA_162 @ 0x206700e88
CHIP::DISPLAYPIPE0::DP_TX_CORE_INSTANCE_0.DP_TX_CORE_AUX_CH_BUFFER_DATA_163 @ 0x206700e8c
CHIP::DISPLAYPIPE0::DP_TX_CORE_INSTANCE_0.DP_TX_CORE_AUX_CH_BUFFER_DATA_164 @ 0x206700e90
CHIP::DISPLAYPIPE0::DP_TX_CORE_INSTANCE_0.DP_TX_CORE_AUX_CH_BUFFER_DATA_165 @ 0x206700e94
CHIP::DISPLAYPIPE0::DP_TX_CORE_INSTANCE_0.DP_TX_CORE_AUX_CH_BUFFER_DATA_166 @ 0x206700e98
CHIP::DISPLAYPIPE0::DP_TX_CORE_INSTANCE_0.DP_TX_CORE_AUX_CH_BUFFER_DATA_167 @ 0x206700e9c
CHIP::DISPLAYPIPE0::DP_TX_CORE_INSTANCE_0.DP_TX_CORE_AUX_CH_BUFFER_DATA_168 @ 0x206700ea0
CHIP::DISPLAYPIPE0::DP_TX_CORE_INSTANCE_0.DP_TX_CORE_AUX_CH_BUFFER_DATA_169 @ 0x206700ea4
CHIP::DISPLAYPIPE0::DP_TX_CORE_INSTANCE_0.DP_TX_CORE_AUX_CH_BUFFER_DATA_170 @ 0x206700ea8
CHIP::DISPLAYPIPE0::DP_TX_CORE_INSTANCE_0.DP_TX_CORE_AUX_CH_BUFFER_DATA_171 @ 0x206700eac
CHIP::DISPLAYPIPE0::DP_TX_CORE_INSTANCE_0.DP_TX_CORE_AUX_CH_BUFFER_DATA_172 @ 0x206700eb0
CHIP::DISPLAYPIPE0::DP_TX_CORE_INSTANCE_0.DP_TX_CORE_AUX_CH_BUFFER_DATA_173 @ 0x206700eb4
CHIP::DISPLAYPIPE0::DP_TX_CORE_INSTANCE_0.DP_TX_CORE_AUX_CH_BUFFER_DATA_174 @ 0x206700eb8
CHIP::DISPLAYPIPE0::DP_TX_CORE_INSTANCE_0.DP_TX_CORE_AUX_CH_BUFFER_DATA_175 @ 0x206700ebc
CHIP::DISPLAYPIPE0::DP_TX_CORE_INSTANCE_0.DP_TX_CORE_AUX_CH_BUFFER_DATA_176 @ 0x206700ec0
CHIP::DISPLAYPIPE0::DP_TX_CORE_INSTANCE_0.DP_TX_CORE_AUX_CH_BUFFER_DATA_177 @ 0x206700ec4
CHIP::DISPLAYPIPE0::DP_TX_CORE_INSTANCE_0.DP_TX_CORE_AUX_CH_BUFFER_DATA_178 @ 0x206700ec8
CHIP::DISPLAYPIPE0::DP_TX_CORE_INSTANCE_0.DP_TX_CORE_AUX_CH_BUFFER_DATA_179 @ 0x206700ecc
CHIP::DISPLAYPIPE0::DP_TX_CORE_INSTANCE_0.DP_TX_CORE_AUX_CH_BUFFER_DATA_180 @ 0x206700ed0
CHIP::DISPLAYPIPE0::DP_TX_CORE_INSTANCE_0.DP_TX_CORE_AUX_CH_BUFFER_DATA_181 @ 0x206700ed4
CHIP::DISPLAYPIPE0::DP_TX_CORE_INSTANCE_0.DP_TX_CORE_AUX_CH_BUFFER_DATA_182 @ 0x206700ed8
CHIP::DISPLAYPIPE0::DP_TX_CORE_INSTANCE_0.DP_TX_CORE_AUX_CH_BUFFER_DATA_183 @ 0x206700edc
CHIP::DISPLAYPIPE0::DP_TX_CORE_INSTANCE_0.DP_TX_CORE_AUX_CH_BUFFER_DATA_184 @ 0x206700ee0
CHIP::DISPLAYPIPE0::DP_TX_CORE_INSTANCE_0.DP_TX_CORE_AUX_CH_BUFFER_DATA_185 @ 0x206700ee4
CHIP::DISPLAYPIPE0::DP_TX_CORE_INSTANCE_0.DP_TX_CORE_AUX_CH_BUFFER_DATA_186 @ 0x206700ee8
CHIP::DISPLAYPIPE0::DP_TX_CORE_INSTANCE_0.DP_TX_CORE_AUX_CH_BUFFER_DATA_187 @ 0x206700eec
CHIP::DISPLAYPIPE0::DP_TX_CORE_INSTANCE_0.DP_TX_CORE_AUX_CH_BUFFER_DATA_188 @ 0x206700ef0
CHIP::DISPLAYPIPE0::DP_TX_CORE_INSTANCE_0.DP_TX_CORE_AUX_CH_BUFFER_DATA_189 @ 0x206700ef4
CHIP::DISPLAYPIPE0::DP_TX_CORE_INSTANCE_0.DP_TX_CORE_AUX_CH_BUFFER_DATA_190 @ 0x206700ef8
CHIP::DISPLAYPIPE0::DP_TX_CORE_INSTANCE_0.DP_TX_CORE_AUX_CH_BUFFER_DATA_191 @ 0x206700efc
CHIP::DISPLAYPIPE0::DP_TX_CORE_INSTANCE_0.DP_TX_CORE_AUX_CH_BUFFER_DATA_192 @ 0x206700f00
CHIP::DISPLAYPIPE0::DP_TX_CORE_INSTANCE_0.DP_TX_CORE_AUX_CH_BUFFER_DATA_193 @ 0x206700f04
CHIP::DISPLAYPIPE0::DP_TX_CORE_INSTANCE_0.DP_TX_CORE_AUX_CH_BUFFER_DATA_194 @ 0x206700f08
CHIP::DISPLAYPIPE0::DP_TX_CORE_INSTANCE_0.DP_TX_CORE_AUX_CH_BUFFER_DATA_195 @ 0x206700f0c
CHIP::DISPLAYPIPE0::DP_TX_CORE_INSTANCE_0.DP_TX_CORE_AUX_CH_BUFFER_DATA_196 @ 0x206700f10
CHIP::DISPLAYPIPE0::DP_TX_CORE_INSTANCE_0.DP_TX_CORE_AUX_CH_BUFFER_DATA_197 @ 0x206700f14
CHIP::DISPLAYPIPE0::DP_TX_CORE_INSTANCE_0.DP_TX_CORE_AUX_CH_BUFFER_DATA_198 @ 0x206700f18
CHIP::DISPLAYPIPE0::DP_TX_CORE_INSTANCE_0.DP_TX_CORE_AUX_CH_BUFFER_DATA_199 @ 0x206700f1c
CHIP::DISPLAYPIPE0::DP_TX_CORE_INSTANCE_0.DP_TX_CORE_AUX_CH_BUFFER_DATA_200 @ 0x206700f20
CHIP::DISPLAYPIPE0::DP_TX_CORE_INSTANCE_0.DP_TX_CORE_AUX_CH_BUFFER_DATA_201 @ 0x206700f24
CHIP::DISPLAYPIPE0::DP_TX_CORE_INSTANCE_0.DP_TX_CORE_AUX_CH_BUFFER_DATA_202 @ 0x206700f28
CHIP::DISPLAYPIPE0::DP_TX_CORE_INSTANCE_0.DP_TX_CORE_AUX_CH_BUFFER_DATA_203 @ 0x206700f2c
CHIP::DISPLAYPIPE0::DP_TX_CORE_INSTANCE_0.DP_TX_CORE_AUX_CH_BUFFER_DATA_204 @ 0x206700f30
CHIP::DISPLAYPIPE0::DP_TX_CORE_INSTANCE_0.DP_TX_CORE_AUX_CH_BUFFER_DATA_205 @ 0x206700f34
CHIP::DISPLAYPIPE0::DP_TX_CORE_INSTANCE_0.DP_TX_CORE_AUX_CH_BUFFER_DATA_206 @ 0x206700f38
CHIP::DISPLAYPIPE0::DP_TX_CORE_INSTANCE_0.DP_TX_CORE_AUX_CH_BUFFER_DATA_207 @ 0x206700f3c
CHIP::DISPLAYPIPE0::DP_TX_CORE_INSTANCE_0.DP_TX_CORE_AUX_CH_BUFFER_DATA_208 @ 0x206700f40
CHIP::DISPLAYPIPE0::DP_TX_CORE_INSTANCE_0.DP_TX_CORE_AUX_CH_BUFFER_DATA_209 @ 0x206700f44
CHIP::DISPLAYPIPE0::DP_TX_CORE_INSTANCE_0.DP_TX_CORE_AUX_CH_BUFFER_DATA_210 @ 0x206700f48
CHIP::DISPLAYPIPE0::DP_TX_CORE_INSTANCE_0.DP_TX_CORE_AUX_CH_BUFFER_DATA_211 @ 0x206700f4c
CHIP::DISPLAYPIPE0::DP_TX_CORE_INSTANCE_0.DP_TX_CORE_AUX_CH_BUFFER_DATA_212 @ 0x206700f50
CHIP::DISPLAYPIPE0::DP_TX_CORE_INSTANCE_0.DP_TX_CORE_AUX_CH_BUFFER_DATA_213 @ 0x206700f54
CHIP::DISPLAYPIPE0::DP_TX_CORE_INSTANCE_0.DP_TX_CORE_AUX_CH_BUFFER_DATA_214 @ 0x206700f58
CHIP::DISPLAYPIPE0::DP_TX_CORE_INSTANCE_0.DP_TX_CORE_AUX_CH_BUFFER_DATA_215 @ 0x206700f5c
CHIP::DISPLAYPIPE0::DP_TX_CORE_INSTANCE_0.DP_TX_CORE_AUX_CH_BUFFER_DATA_216 @ 0x206700f60
CHIP::DISPLAYPIPE0::DP_TX_CORE_INSTANCE_0.DP_TX_CORE_AUX_CH_BUFFER_DATA_217 @ 0x206700f64
CHIP::DISPLAYPIPE0::DP_TX_CORE_INSTANCE_0.DP_TX_CORE_AUX_CH_BUFFER_DATA_218 @ 0x206700f68
CHIP::DISPLAYPIPE0::DP_TX_CORE_INSTANCE_0.DP_TX_CORE_AUX_CH_BUFFER_DATA_219 @ 0x206700f6c
CHIP::DISPLAYPIPE0::DP_TX_CORE_INSTANCE_0.DP_TX_CORE_AUX_CH_BUFFER_DATA_220 @ 0x206700f70
CHIP::DISPLAYPIPE0::DP_TX_CORE_INSTANCE_0.DP_TX_CORE_AUX_CH_BUFFER_DATA_221 @ 0x206700f74
CHIP::DISPLAYPIPE0::DP_TX_CORE_INSTANCE_0.DP_TX_CORE_AUX_CH_BUFFER_DATA_222 @ 0x206700f78
CHIP::DISPLAYPIPE0::DP_TX_CORE_INSTANCE_0.DP_TX_CORE_AUX_CH_BUFFER_DATA_223 @ 0x206700f7c
CHIP::DISPLAYPIPE0::DP_TX_CORE_INSTANCE_0.DP_TX_CORE_AUX_CH_BUFFER_DATA_224 @ 0x206700f80
CHIP::DISPLAYPIPE0::DP_TX_CORE_INSTANCE_0.DP_TX_CORE_AUX_CH_BUFFER_DATA_225 @ 0x206700f84
CHIP::DISPLAYPIPE0::DP_TX_CORE_INSTANCE_0.DP_TX_CORE_AUX_CH_BUFFER_DATA_226 @ 0x206700f88
CHIP::DISPLAYPIPE0::DP_TX_CORE_INSTANCE_0.DP_TX_CORE_AUX_CH_BUFFER_DATA_227 @ 0x206700f8c
CHIP::DISPLAYPIPE0::DP_TX_CORE_INSTANCE_0.DP_TX_CORE_AUX_CH_BUFFER_DATA_228 @ 0x206700f90
CHIP::DISPLAYPIPE0::DP_TX_CORE_INSTANCE_0.DP_TX_CORE_AUX_CH_BUFFER_DATA_229 @ 0x206700f94
CHIP::DISPLAYPIPE0::DP_TX_CORE_INSTANCE_0.DP_TX_CORE_AUX_CH_BUFFER_DATA_230 @ 0x206700f98
CHIP::DISPLAYPIPE0::DP_TX_CORE_INSTANCE_0.DP_TX_CORE_AUX_CH_BUFFER_DATA_231 @ 0x206700f9c
CHIP::DISPLAYPIPE0::DP_TX_CORE_INSTANCE_0.DP_TX_CORE_AUX_CH_BUFFER_DATA_232 @ 0x206700fa0
CHIP::DISPLAYPIPE0::DP_TX_CORE_INSTANCE_0.DP_TX_CORE_AUX_CH_BUFFER_DATA_233 @ 0x206700fa4
CHIP::DISPLAYPIPE0::DP_TX_CORE_INSTANCE_0.DP_TX_CORE_AUX_CH_BUFFER_DATA_234 @ 0x206700fa8
CHIP::DISPLAYPIPE0::DP_TX_CORE_INSTANCE_0.DP_TX_CORE_AUX_CH_BUFFER_DATA_235 @ 0x206700fac
CHIP::DISPLAYPIPE0::DP_TX_CORE_INSTANCE_0.DP_TX_CORE_AUX_CH_BUFFER_DATA_236 @ 0x206700fb0
CHIP::DISPLAYPIPE0::DP_TX_CORE_INSTANCE_0.DP_TX_CORE_AUX_CH_BUFFER_DATA_237 @ 0x206700fb4
CHIP::DISPLAYPIPE0::DP_TX_CORE_INSTANCE_0.DP_TX_CORE_AUX_CH_BUFFER_DATA_238 @ 0x206700fb8
CHIP::DISPLAYPIPE0::DP_TX_CORE_INSTANCE_0.DP_TX_CORE_AUX_CH_BUFFER_DATA_239 @ 0x206700fbc
CHIP::DISPLAYPIPE0::DP_TX_CORE_INSTANCE_0.DP_TX_CORE_AUX_CH_BUFFER_DATA_240 @ 0x206700fc0
CHIP::DISPLAYPIPE0::DP_TX_CORE_INSTANCE_0.DP_TX_CORE_AUX_CH_BUFFER_DATA_241 @ 0x206700fc4
CHIP::DISPLAYPIPE0::DP_TX_CORE_INSTANCE_0.DP_TX_CORE_AUX_CH_BUFFER_DATA_242 @ 0x206700fc8
CHIP::DISPLAYPIPE0::DP_TX_CORE_INSTANCE_0.DP_TX_CORE_AUX_CH_BUFFER_DATA_243 @ 0x206700fcc
CHIP::DISPLAYPIPE0::DP_TX_CORE_INSTANCE_0.DP_TX_CORE_AUX_CH_BUFFER_DATA_244 @ 0x206700fd0
CHIP::DISPLAYPIPE0::DP_TX_CORE_INSTANCE_0.DP_TX_CORE_AUX_CH_BUFFER_DATA_245 @ 0x206700fd4
CHIP::DISPLAYPIPE0::DP_TX_CORE_INSTANCE_0.DP_TX_CORE_AUX_CH_BUFFER_DATA_246 @ 0x206700fd8
CHIP::DISPLAYPIPE0::DP_TX_CORE_INSTANCE_0.DP_TX_CORE_AUX_CH_BUFFER_DATA_247 @ 0x206700fdc
CHIP::DISPLAYPIPE0::DP_TX_CORE_INSTANCE_0.DP_TX_CORE_AUX_CH_BUFFER_DATA_248 @ 0x206700fe0
CHIP::DISPLAYPIPE0::DP_TX_CORE_INSTANCE_0.DP_TX_CORE_AUX_CH_BUFFER_DATA_249 @ 0x206700fe4
CHIP::DISPLAYPIPE0::DP_TX_CORE_INSTANCE_0.DP_TX_CORE_AUX_CH_BUFFER_DATA_250 @ 0x206700fe8
CHIP::DISPLAYPIPE0::DP_TX_CORE_INSTANCE_0.DP_TX_CORE_AUX_CH_BUFFER_DATA_251 @ 0x206700fec
CHIP::DISPLAYPIPE0::DP_TX_CORE_INSTANCE_0.DP_TX_CORE_AUX_CH_BUFFER_DATA_252 @ 0x206700ff0
CHIP::DISPLAYPIPE0::DP_TX_CORE_INSTANCE_0.DP_TX_CORE_AUX_CH_BUFFER_DATA_253 @ 0x206700ff4
CHIP::DISPLAYPIPE0::DP_TX_CORE_INSTANCE_0.DP_TX_CORE_AUX_CH_BUFFER_DATA_254 @ 0x206700ff8
CHIP::DISPLAYPIPE0::DP_TX_CORE_INSTANCE_0.DP_TX_CORE_AUX_CH_BUFFER_DATA_255 @ 0x206700ffc
CHIP::DISPLAYPIPE0::DP_TX_CORE_INSTANCE_1.DP_TX_CORE_DP_TX_VERSION_REGISTER @ 0x206704010
CHIP::DISPLAYPIPE0::DP_TX_CORE_INSTANCE_1.DP_TX_CORE_FUNCTION_ENABLE_REGISTER_1 @ 0x206704018
CHIP::DISPLAYPIPE0::DP_TX_CORE_INSTANCE_1.DP_TX_CORE_FUNCTION_ENABLE_REGISTER_2 @ 0x20670401c
CHIP::DISPLAYPIPE0::DP_TX_CORE_INSTANCE_1.DP_TX_CORE_VIDEO_CONTROL_REGISTER_1 @ 0x206704020
CHIP::DISPLAYPIPE0::DP_TX_CORE_INSTANCE_1.DP_TX_CORE_VIDEO_CONTROL_REGISTER_2 @ 0x206704024
CHIP::DISPLAYPIPE0::DP_TX_CORE_INSTANCE_1.DP_TX_CORE_VIDEO_CONTROL_REGISTER_3 @ 0x206704028
CHIP::DISPLAYPIPE0::DP_TX_CORE_INSTANCE_1.DP_TX_CORE_VIDEO_CONTROL_REGISTER_4 @ 0x20670402c
CHIP::DISPLAYPIPE0::DP_TX_CORE_INSTANCE_1.DP_TX_CORE_VIDEO_CONTROL_REGISTER_8 @ 0x20670403c
CHIP::DISPLAYPIPE0::DP_TX_CORE_INSTANCE_1.DP_TX_CORE_VIDEO_CONTROL_REGISTER_10 @ 0x206704044
CHIP::DISPLAYPIPE0::DP_TX_CORE_INSTANCE_1.DP_TX_CORE_TOTAL_LINE_CFG_REGISTER @ 0x206704048
CHIP::DISPLAYPIPE0::DP_TX_CORE_INSTANCE_1.DP_TX_CORE_ACTIVE_LINE_CFG_REGISTER @ 0x20670404c
CHIP::DISPLAYPIPE0::DP_TX_CORE_INSTANCE_1.DP_TX_CORE_VERTICAL_FRONT_PORCH_CFG_REGISTER @ 0x206704050
CHIP::DISPLAYPIPE0::DP_TX_CORE_INSTANCE_1.DP_TX_CORE_VERTICAL_SYNC_WIDTH_CFG_REGISTER @ 0x206704054
CHIP::DISPLAYPIPE0::DP_TX_CORE_INSTANCE_1.DP_TX_CORE_VERTICAL_BACK_PORCH_CFG_REGISTER @ 0x206704058
CHIP::DISPLAYPIPE0::DP_TX_CORE_INSTANCE_1.DP_TX_CORE_TOTAL_PIXEL_CFG_REGISTER @ 0x20670405c
CHIP::DISPLAYPIPE0::DP_TX_CORE_INSTANCE_1.DP_TX_CORE_ACTIVE_PIXEL_CFG_REGISTER @ 0x206704060
CHIP::DISPLAYPIPE0::DP_TX_CORE_INSTANCE_1.DP_TX_CORE_HORIZON_FRONT_PORCH_CFG_REGISTER @ 0x206704064
CHIP::DISPLAYPIPE0::DP_TX_CORE_INSTANCE_1.DP_TX_CORE_HORIZON_SYNC_WIDTH_CFG_REGISTER @ 0x206704068
CHIP::DISPLAYPIPE0::DP_TX_CORE_INSTANCE_1.DP_TX_CORE_HORIZON_BACK_PORCH_CFG_REGISTER @ 0x20670406c
CHIP::DISPLAYPIPE0::DP_TX_CORE_INSTANCE_1.DP_TX_CORE_VIDEO_STATUS_REGISTER @ 0x20670408c
CHIP::DISPLAYPIPE0::DP_TX_CORE_INSTANCE_1.DP_TX_CORE_TOTAL_LINE_STATUS_REGISTER @ 0x206704090
CHIP::DISPLAYPIPE0::DP_TX_CORE_INSTANCE_1.DP_TX_CORE_ACTIVE_LINE_STATUS_REGISTER @ 0x206704094
CHIP::DISPLAYPIPE0::DP_TX_CORE_INSTANCE_1.DP_TX_CORE_VERTICAL_FRONT_PORCH_STATUS_REGISTER @ 0x206704098
CHIP::DISPLAYPIPE0::DP_TX_CORE_INSTANCE_1.DP_TX_CORE_VERTICAL_SYNC_WIDTH_STATUS_REGISTER @ 0x20670409c
CHIP::DISPLAYPIPE0::DP_TX_CORE_INSTANCE_1.DP_TX_CORE_VERTICAL_BACK_PORCH_STATUS_REGISTER @ 0x2067040a0
CHIP::DISPLAYPIPE0::DP_TX_CORE_INSTANCE_1.DP_TX_CORE_TOTAL_PIXEL_STATUS_REGISTER @ 0x2067040a4
CHIP::DISPLAYPIPE0::DP_TX_CORE_INSTANCE_1.DP_TX_CORE_ACTIVE_PIXEL_STATUS_REGISTER @ 0x2067040a8
CHIP::DISPLAYPIPE0::DP_TX_CORE_INSTANCE_1.DP_TX_CORE_HORIZON_FRONT_PORCH_STATUS_REGISTER @ 0x2067040ac
CHIP::DISPLAYPIPE0::DP_TX_CORE_INSTANCE_1.DP_TX_CORE_HORIZON_SYNC_WIDTH_STATUS_REGISTER @ 0x2067040b0
CHIP::DISPLAYPIPE0::DP_TX_CORE_INSTANCE_1.DP_TX_CORE_HORIZON_BACK_PORCH_STATUS_REGISTER @ 0x2067040b4
CHIP::DISPLAYPIPE0::DP_TX_CORE_INSTANCE_1.DP_TX_CORE_ADVANCED_LINK_POWER_MANAGEMENT_CONTROL_1 @ 0x206704110
CHIP::DISPLAYPIPE0::DP_TX_CORE_INSTANCE_1.DP_TX_CORE_ADVANCED_LINK_POWER_MANAGEMENT_CONTROL_2 @ 0x206704114
CHIP::DISPLAYPIPE0::DP_TX_CORE_INSTANCE_1.DP_TX_CORE_PLL_POWER_DOWN_TO_ML_WAKEUP_TIMER @ 0x206704118
CHIP::DISPLAYPIPE0::DP_TX_CORE_INSTANCE_1.DP_TX_CORE_WAIT_AUX_PHY_WAKE_ACK_TIMER_REGISTER @ 0x20670411c
CHIP::DISPLAYPIPE0::DP_TX_CORE_INSTANCE_1.DP_TX_CORE_WAKEUP_LINES_REGISTER @ 0x206704120
CHIP::DISPLAYPIPE0::DP_TX_CORE_INSTANCE_1.DP_TX_CORE_WAKEUP_CR_SYMBOLS @ 0x206704124
CHIP::DISPLAYPIPE0::DP_TX_CORE_INSTANCE_1.DP_TX_CORE_SYMBOL_LOCK_PATTERN @ 0x206704130
CHIP::DISPLAYPIPE0::DP_TX_CORE_INSTANCE_1.DP_TX_CORE_PLL_POWER_DOWN_TO_ML_WAKEUP_LINES @ 0x206704134
CHIP::DISPLAYPIPE0::DP_TX_CORE_INSTANCE_1.DP_TX_CORE_PLL_POWER_DOWN_TO_ML_WAKEUP_TIME @ 0x206704138
CHIP::DISPLAYPIPE0::DP_TX_CORE_INSTANCE_1.DP_TX_CORE_WAKEUP_F_CHANGE_M_VID_7_0 @ 0x206704140
CHIP::DISPLAYPIPE0::DP_TX_CORE_INSTANCE_1.DP_TX_CORE_WAKEUP_F_CHANGE_M_VID_15_8 @ 0x206704144
CHIP::DISPLAYPIPE0::DP_TX_CORE_INSTANCE_1.DP_TX_CORE_WAKEUP_F_CHANGE_M_VID_23_16 @ 0x206704148
CHIP::DISPLAYPIPE0::DP_TX_CORE_INSTANCE_1.DP_TX_CORE_SLEEP_STANDBY_DELAY_REGISTER @ 0x206704154
CHIP::DISPLAYPIPE0::DP_TX_CORE_INSTANCE_1.DP_TX_CORE_AVI_INFOFRAME_PACKET_DATA_BYTE_1 @ 0x2067041d0
CHIP::DISPLAYPIPE0::DP_TX_CORE_INSTANCE_1.DP_TX_CORE_AVI_INFOFRAME_PACKET_DATA_BYTE_2 @ 0x2067041d4
CHIP::DISPLAYPIPE0::DP_TX_CORE_INSTANCE_1.DP_TX_CORE_AVI_INFOFRAME_PACKET_DATA_BYTE_3 @ 0x2067041d8
CHIP::DISPLAYPIPE0::DP_TX_CORE_INSTANCE_1.DP_TX_CORE_AVI_INFOFRAME_PACKET_DATA_BYTE_4 @ 0x2067041dc
CHIP::DISPLAYPIPE0::DP_TX_CORE_INSTANCE_1.DP_TX_CORE_AVI_INFOFRAME_PACKET_DATA_BYTE_5 @ 0x2067041e0
CHIP::DISPLAYPIPE0::DP_TX_CORE_INSTANCE_1.DP_TX_CORE_AVI_INFOFRAME_PACKET_DATA_BYTE_6 @ 0x2067041e4
CHIP::DISPLAYPIPE0::DP_TX_CORE_INSTANCE_1.DP_TX_CORE_AVI_INFOFRAME_PACKET_DATA_BYTE_7 @ 0x2067041e8
CHIP::DISPLAYPIPE0::DP_TX_CORE_INSTANCE_1.DP_TX_CORE_AVI_INFOFRAME_PACKET_DATA_BYTE_8 @ 0x2067041ec
CHIP::DISPLAYPIPE0::DP_TX_CORE_INSTANCE_1.DP_TX_CORE_AVI_INFOFRAME_PACKET_DATA_BYTE_9 @ 0x2067041f0
CHIP::DISPLAYPIPE0::DP_TX_CORE_INSTANCE_1.DP_TX_CORE_AVI_INFOFRAME_PACKET_DATA_BYTE_10 @ 0x2067041f4
CHIP::DISPLAYPIPE0::DP_TX_CORE_INSTANCE_1.DP_TX_CORE_AVI_INFOFRAME_PACKET_DATA_BYTE_11 @ 0x2067041f8
CHIP::DISPLAYPIPE0::DP_TX_CORE_INSTANCE_1.DP_TX_CORE_AVI_INFOFRAME_PACKET_DATA_BYTE_12 @ 0x2067041fc
CHIP::DISPLAYPIPE0::DP_TX_CORE_INSTANCE_1.DP_TX_CORE_AVI_INFOFRAME_PACKET_DATA_BYTE_13 @ 0x206704200
CHIP::DISPLAYPIPE0::DP_TX_CORE_INSTANCE_1.DP_TX_CORE_INFOFRAME_PACKET_TYPE_CODE @ 0x206704244
CHIP::DISPLAYPIPE0::DP_TX_CORE_INSTANCE_1.DP_TX_CORE_INFOFRAME_PACKET_DATA_BYTE_1 @ 0x206704254
CHIP::DISPLAYPIPE0::DP_TX_CORE_INSTANCE_1.DP_TX_CORE_INFOFRAME_PACKET_DATA_BYTE_2 @ 0x206704258
CHIP::DISPLAYPIPE0::DP_TX_CORE_INSTANCE_1.DP_TX_CORE_INFOFRAME_PACKET_DATA_BYTE_3 @ 0x20670425c
CHIP::DISPLAYPIPE0::DP_TX_CORE_INSTANCE_1.DP_TX_CORE_INFOFRAME_PACKET_DATA_BYTE_4 @ 0x206704260
CHIP::DISPLAYPIPE0::DP_TX_CORE_INSTANCE_1.DP_TX_CORE_INFOFRAME_PACKET_DATA_BYTE_5 @ 0x206704264
CHIP::DISPLAYPIPE0::DP_TX_CORE_INSTANCE_1.DP_TX_CORE_INFOFRAME_PACKET_DATA_BYTE_6 @ 0x206704268
CHIP::DISPLAYPIPE0::DP_TX_CORE_INSTANCE_1.DP_TX_CORE_INFOFRAME_PACKET_DATA_BYTE_7 @ 0x20670426c
CHIP::DISPLAYPIPE0::DP_TX_CORE_INSTANCE_1.DP_TX_CORE_INFOFRAME_PACKET_DATA_BYTE_8 @ 0x206704270
CHIP::DISPLAYPIPE0::DP_TX_CORE_INSTANCE_1.DP_TX_CORE_INFOFRAME_PACKET_DATA_BYTE_9 @ 0x206704274
CHIP::DISPLAYPIPE0::DP_TX_CORE_INSTANCE_1.DP_TX_CORE_INFOFRAME_PACKET_DATA_BYTE_10 @ 0x206704278
CHIP::DISPLAYPIPE0::DP_TX_CORE_INSTANCE_1.DP_TX_CORE_INFOFRAME_PACKET_DATA_BYTE_11 @ 0x20670427c
CHIP::DISPLAYPIPE0::DP_TX_CORE_INSTANCE_1.DP_TX_CORE_INFOFRAME_PACKET_DATA_BYTE_12 @ 0x206704280
CHIP::DISPLAYPIPE0::DP_TX_CORE_INSTANCE_1.DP_TX_CORE_INFOFRAME_PACKET_DATA_BYTE_13 @ 0x206704284
CHIP::DISPLAYPIPE0::DP_TX_CORE_INSTANCE_1.DP_TX_CORE_INFOFRAME_PACKET_DATA_BYTE_14 @ 0x206704288
CHIP::DISPLAYPIPE0::DP_TX_CORE_INSTANCE_1.DP_TX_CORE_INFOFRAME_PACKET_DATA_BYTE_15 @ 0x20670428c
CHIP::DISPLAYPIPE0::DP_TX_CORE_INSTANCE_1.DP_TX_CORE_INFOFRAME_PACKET_DATA_BYTE_16 @ 0x206704290
CHIP::DISPLAYPIPE0::DP_TX_CORE_INSTANCE_1.DP_TX_CORE_INFOFRAME_PACKET_DATA_BYTE_17 @ 0x206704294
CHIP::DISPLAYPIPE0::DP_TX_CORE_INSTANCE_1.DP_TX_CORE_INFOFRAME_PACKET_DATA_BYTE_18 @ 0x206704298
CHIP::DISPLAYPIPE0::DP_TX_CORE_INSTANCE_1.DP_TX_CORE_INFOFRAME_PACKET_DATA_BYTE_19 @ 0x20670429c
CHIP::DISPLAYPIPE0::DP_TX_CORE_INSTANCE_1.DP_TX_CORE_INFOFRAME_PACKET_DATA_BYTE_20 @ 0x2067042a0
CHIP::DISPLAYPIPE0::DP_TX_CORE_INSTANCE_1.DP_TX_CORE_INFOFRAME_PACKET_DATA_BYTE_21 @ 0x2067042a4
CHIP::DISPLAYPIPE0::DP_TX_CORE_INSTANCE_1.DP_TX_CORE_INFOFRAME_PACKET_DATA_BYTE_22 @ 0x2067042a8
CHIP::DISPLAYPIPE0::DP_TX_CORE_INSTANCE_1.DP_TX_CORE_INFOFRAME_PACKET_DATA_BYTE_23 @ 0x2067042ac
CHIP::DISPLAYPIPE0::DP_TX_CORE_INSTANCE_1.DP_TX_CORE_INFOFRAME_PACKET_DATA_BYTE_24 @ 0x2067042b0
CHIP::DISPLAYPIPE0::DP_TX_CORE_INSTANCE_1.DP_TX_CORE_INFOFRAME_PACKET_DATA_BYTE_25 @ 0x2067042b4
CHIP::DISPLAYPIPE0::DP_TX_CORE_INSTANCE_1.DP_TX_CORE_MPEG_SOURCE_INFOFRAME_PACKET_DATA_BYTE_1 @ 0x2067042d0
CHIP::DISPLAYPIPE0::DP_TX_CORE_INSTANCE_1.DP_TX_CORE_MPEG_SOURCE_INFOFRAME_PACKET_DATA_BYTE_2 @ 0x2067042d4
CHIP::DISPLAYPIPE0::DP_TX_CORE_INSTANCE_1.DP_TX_CORE_MPEG_SOURCE_INFOFRAME_PACKET_DATA_BYTE_3 @ 0x2067042d8
CHIP::DISPLAYPIPE0::DP_TX_CORE_INSTANCE_1.DP_TX_CORE_MPEG_SOURCE_INFOFRAME_PACKET_DATA_BYTE_4 @ 0x2067042dc
CHIP::DISPLAYPIPE0::DP_TX_CORE_INSTANCE_1.DP_TX_CORE_MPEG_SOURCE_INFOFRAME_PACKET_DATA_BYTE_5 @ 0x2067042e0
CHIP::DISPLAYPIPE0::DP_TX_CORE_INSTANCE_1.DP_TX_CORE_MPEG_SOURCE_INFOFRAME_PACKET_DATA_BYTE_6 @ 0x2067042e4
CHIP::DISPLAYPIPE0::DP_TX_CORE_INSTANCE_1.DP_TX_CORE_MPEG_SOURCE_INFOFRAME_PACKET_DATA_BYTE_7 @ 0x2067042e8
CHIP::DISPLAYPIPE0::DP_TX_CORE_INSTANCE_1.DP_TX_CORE_MPEG_SOURCE_INFOFRAME_PACKET_DATA_BYTE_8 @ 0x2067042ec
CHIP::DISPLAYPIPE0::DP_TX_CORE_INSTANCE_1.DP_TX_CORE_MPEG_SOURCE_INFOFRAME_PACKET_DATA_BYTE_9 @ 0x2067042f0
CHIP::DISPLAYPIPE0::DP_TX_CORE_INSTANCE_1.DP_TX_CORE_MPEG_SOURCE_INFOFRAME_PACKET_DATA_BYTE_10 @ 0x2067042f4
CHIP::DISPLAYPIPE0::DP_TX_CORE_INSTANCE_1.DP_TX_CORE_LANE_MAP_REGISTER @ 0x20670435c
CHIP::DISPLAYPIPE0::DP_TX_CORE_INSTANCE_1.DP_TX_CORE_ANALOG_CONTROL_REGISTER_1 @ 0x206704370
CHIP::DISPLAYPIPE0::DP_TX_CORE_INSTANCE_1.DP_TX_CORE_ANALOG_CONTROL_REGISTER_2 @ 0x206704374
CHIP::DISPLAYPIPE0::DP_TX_CORE_INSTANCE_1.DP_TX_CORE_ANALOG_CONTROL_REGISTER_3 @ 0x206704378
CHIP::DISPLAYPIPE0::DP_TX_CORE_INSTANCE_1.DP_TX_CORE_PLL_FILTER_CONTROL_REGISTER_1 @ 0x20670437c
CHIP::DISPLAYPIPE0::DP_TX_CORE_INSTANCE_1.DP_TX_CORE_PLL_FILTER_CONTROL_REGISTER_2 @ 0x206704380
CHIP::DISPLAYPIPE0::DP_TX_CORE_INSTANCE_1.DP_TX_CORE_PLL_FILTER_CONTROL_REGISTER_3 @ 0x206704384
CHIP::DISPLAYPIPE0::DP_TX_CORE_INSTANCE_1.DP_TX_CORE_BIST_AUX_CH_RELATED_REGISTER @ 0x206704390
CHIP::DISPLAYPIPE0::DP_TX_CORE_INSTANCE_1.DP_TX_CORE_INTERRUPT_STATUS_REGISTER @ 0x2067043c0
CHIP::DISPLAYPIPE0::DP_TX_CORE_INSTANCE_1.DP_TX_CORE_COMMON_INTERRUPT_STATUS_REGISTER_1 @ 0x2067043c4
CHIP::DISPLAYPIPE0::DP_TX_CORE_INSTANCE_1.DP_TX_CORE_COMMON_INTERRUPT_STATUS_REGISTER_4 @ 0x2067043d0
CHIP::DISPLAYPIPE0::DP_TX_CORE_INSTANCE_1.DP_TX_CORE_DISPLAYPORT_INTERRUPT_STATUS_REGISTER @ 0x2067043dc
CHIP::DISPLAYPIPE0::DP_TX_CORE_INSTANCE_1.DP_TX_CORE_INTERRUPT_MASK_REGISTER_1 @ 0x2067043e0
CHIP::DISPLAYPIPE0::DP_TX_CORE_INSTANCE_1.DP_TX_CORE_INTERRUPT_MASK_REGISTER_4 @ 0x2067043ec
CHIP::DISPLAYPIPE0::DP_TX_CORE_INSTANCE_1.DP_TX_CORE_INTERRUPT_ENABLE_REGISTER @ 0x2067043f8
CHIP::DISPLAYPIPE0::DP_TX_CORE_INSTANCE_1.DP_TX_CORE_INTERRUPT_CONTROL_REGISTER @ 0x2067043fc
CHIP::DISPLAYPIPE0::DP_TX_CORE_INSTANCE_1.DP_TX_CORE_SYSTEM_CONTROL_REGISTER_1 @ 0x206704600
CHIP::DISPLAYPIPE0::DP_TX_CORE_INSTANCE_1.DP_TX_CORE_SYSTEM_CONTROL_REGISTER_2 @ 0x206704604
CHIP::DISPLAYPIPE0::DP_TX_CORE_INSTANCE_1.DP_TX_CORE_SYSTEM_CONTROL_REGISTER_3 @ 0x206704608
CHIP::DISPLAYPIPE0::DP_TX_CORE_INSTANCE_1.DP_TX_CORE_SYSTEM_CONTROL_REGISTER_4 @ 0x20670460c
CHIP::DISPLAYPIPE0::DP_TX_CORE_INSTANCE_1.DP_TX_CORE_DP_VIDEO_CONTROL_REGISTER @ 0x206704610
CHIP::DISPLAYPIPE0::DP_TX_CORE_INSTANCE_1.DP_TX_CORE_DP_EDP_CONTROL_REGISTER @ 0x206704614
CHIP::DISPLAYPIPE0::DP_TX_CORE_INSTANCE_1.DP_TX_CORE_LINE_STATE_DEBUG_REGISTER @ 0x206704618
CHIP::DISPLAYPIPE0::DP_TX_CORE_INSTANCE_1.DP_TX_CORE_VERTICAL_SYNC_DEBUG_COUNTER_REGISTER @ 0x20670461c
CHIP::DISPLAYPIPE0::DP_TX_CORE_INSTANCE_1.DP_TX_CORE_VERTICAL_BACK_DEBUG_COUNTER_REGISTER @ 0x206704620
CHIP::DISPLAYPIPE0::DP_TX_CORE_INSTANCE_1.DP_TX_CORE_VERTICAL_ACTIVE_DEBUG_COUNTER_REGISTER @ 0x206704624
CHIP::DISPLAYPIPE0::DP_TX_CORE_INSTANCE_1.DP_TX_CORE_VERTICAL_FRONT_DEBUG_COUNTER_REGISTER @ 0x206704628
CHIP::DISPLAYPIPE0::DP_TX_CORE_INSTANCE_1.DP_TX_CORE_PACKET_SEND_CONTROL_REGISTER @ 0x206704640
CHIP::DISPLAYPIPE0::DP_TX_CORE_INSTANCE_1.DP_TX_CORE_SCAN_LINK_CLK_SELECT_REGISTER @ 0x206704648
CHIP::DISPLAYPIPE0::DP_TX_CORE_INSTANCE_1.DP_TX_CORE_MAIN_LINK_BANDWIDTH_SETTING_REGISTER @ 0x206704680
CHIP::DISPLAYPIPE0::DP_TX_CORE_INSTANCE_1.DP_TX_CORE_MAIN_LINK_LANE_COUNT_REGISTER @ 0x206704684
CHIP::DISPLAYPIPE0::DP_TX_CORE_INSTANCE_1.DP_TX_CORE_DP_TRAINING_PATTERN_SET_REGISTER @ 0x206704688
CHIP::DISPLAYPIPE0::DP_TX_CORE_INSTANCE_1.DP_TX_CORE_DP_LANE_0_LINK_TRAINING_CONTROL_REGISTER @ 0x20670468c
CHIP::DISPLAYPIPE0::DP_TX_CORE_INSTANCE_1.DP_TX_CORE_DP_LANE_1_LINK_TRAINING_CONTROL_REGISTER @ 0x206704690
CHIP::DISPLAYPIPE0::DP_TX_CORE_INSTANCE_1.DP_TX_CORE_DP_LANE_2_LINK_TRAINING_CONTROL_REGISTER @ 0x206704694
CHIP::DISPLAYPIPE0::DP_TX_CORE_INSTANCE_1.DP_TX_CORE_DP_LANE_3_LINK_TRAINING_CONTROL_REGISTER @ 0x206704698
CHIP::DISPLAYPIPE0::DP_TX_CORE_INSTANCE_1.DP_TX_CORE_DP_DOWN_SPREADING_CONTROL_REGISTER @ 0x20670469c
CHIP::DISPLAYPIPE0::DP_TX_CORE_INSTANCE_1.DP_TX_CORE_DP_HARDWARE_TRAINING_CONTROL_REGISTER @ 0x2067046a0
CHIP::DISPLAYPIPE0::DP_TX_CORE_INSTANCE_1.DP_TX_CORE_DP_DEBUG_CONTROL_REGISTER_1 @ 0x2067046c0
CHIP::DISPLAYPIPE0::DP_TX_CORE_INSTANCE_1.DP_TX_CORE_DP_HPD_DEGLITCH_REGISTER @ 0x2067046c4
CHIP::DISPLAYPIPE0::DP_TX_CORE_INSTANCE_1.DP_TX_CORE_POLLING_PERIOD @ 0x2067046cc
CHIP::DISPLAYPIPE0::DP_TX_CORE_INSTANCE_1.DP_TX_CORE_DP_LINK_DEBUG_CONTROL_REGISTER @ 0x2067046e0
CHIP::DISPLAYPIPE0::DP_TX_CORE_INSTANCE_1.DP_TX_CORE_SINK_COUNT @ 0x2067046e4
CHIP::DISPLAYPIPE0::DP_TX_CORE_INSTANCE_1.DP_TX_CORE_IRQ_VECTOR @ 0x2067046e8
CHIP::DISPLAYPIPE0::DP_TX_CORE_INSTANCE_1.DP_TX_CORE_LANE0_AND_LANE1_STATUS @ 0x2067046ec
CHIP::DISPLAYPIPE0::DP_TX_CORE_INSTANCE_1.DP_TX_CORE_LANE2_AND_LANE3_STATUS @ 0x2067046f0
CHIP::DISPLAYPIPE0::DP_TX_CORE_INSTANCE_1.DP_TX_CORE_ALIGN_STATUS @ 0x2067046f4
CHIP::DISPLAYPIPE0::DP_TX_CORE_INSTANCE_1.DP_TX_CORE_SINK_STATUS @ 0x2067046f8
CHIP::DISPLAYPIPE0::DP_TX_CORE_INSTANCE_1.DP_TX_CORE_M_VID_CFG_REGISTER_0 @ 0x206704700
CHIP::DISPLAYPIPE0::DP_TX_CORE_INSTANCE_1.DP_TX_CORE_M_VID_CFG_REGISTER_1 @ 0x206704704
CHIP::DISPLAYPIPE0::DP_TX_CORE_INSTANCE_1.DP_TX_CORE_M_VID_CFG_REGISTER_2 @ 0x206704708
CHIP::DISPLAYPIPE0::DP_TX_CORE_INSTANCE_1.DP_TX_CORE_N_VID_CFG_REGISTER_0 @ 0x20670470c
CHIP::DISPLAYPIPE0::DP_TX_CORE_INSTANCE_1.DP_TX_CORE_N_VID_CFG_REGISTER_1 @ 0x206704710
CHIP::DISPLAYPIPE0::DP_TX_CORE_INSTANCE_1.DP_TX_CORE_N_VID_CFG_REGISTER_2 @ 0x206704714
CHIP::DISPLAYPIPE0::DP_TX_CORE_INSTANCE_1.DP_TX_CORE_M_VID_VALUE_MONITOR_REGISTER @ 0x206704718
CHIP::DISPLAYPIPE0::DP_TX_CORE_INSTANCE_1.DP_TX_CORE_DP_PLL_CONTROL_REGISTER @ 0x20670471c
CHIP::DISPLAYPIPE0::DP_TX_CORE_INSTANCE_1.DP_TX_CORE_DP_ANALOG_POWER_DOWN_REGISTER @ 0x206704720
CHIP::DISPLAYPIPE0::DP_TX_CORE_INSTANCE_1.DP_TX_CORE_DP_ANALOG_TEST_REGISTER @ 0x206704724
CHIP::DISPLAYPIPE0::DP_TX_CORE_INSTANCE_1.DP_TX_CORE_DP_SCRAMBLER_RESET_COUNTER_REGISTER @ 0x206704728
CHIP::DISPLAYPIPE0::DP_TX_CORE_INSTANCE_1.DP_TX_CORE_DP_VIDEO_DATA_FIFO_THRESHOLD_REGISTER @ 0x206704730
CHIP::DISPLAYPIPE0::DP_TX_CORE_INSTANCE_1.DP_TX_CORE_DP_GNS_CONTROL_REGISTER @ 0x206704734
CHIP::DISPLAYPIPE0::DP_TX_CORE_INSTANCE_1.DP_TX_CORE_DOWN_SPREADING_CONTROL_REGISTER_1 @ 0x206704740
CHIP::DISPLAYPIPE0::DP_TX_CORE_INSTANCE_1.DP_TX_CORE_DOWN_SPREADING_CONTROL_REGISTER_2 @ 0x206704744
CHIP::DISPLAYPIPE0::DP_TX_CORE_INSTANCE_1.DP_TX_CORE_DP_M_VID_CALCULATION_CONTROL_REGISTER @ 0x206704760
CHIP::DISPLAYPIPE0::DP_TX_CORE_INSTANCE_1.DP_TX_CORE_THRESHOLD_REGISTER_OF_M_VID_GENERATION_FILTER @ 0x206704764
CHIP::DISPLAYPIPE0::DP_TX_CORE_INSTANCE_1.DP_TX_CORE_AUX_CHANNEL_BIT_PERIOD_ADJUST_REGISTER @ 0x206704774
CHIP::DISPLAYPIPE0::DP_TX_CORE_INSTANCE_1.DP_TX_CORE_AUX_CHANNEL_LOCK_LOST_COUNTER_REGISTER @ 0x206704778
CHIP::DISPLAYPIPE0::DP_TX_CORE_INSTANCE_1.DP_TX_CORE_AUX_CHANNEL_TX_TIMER_REGISTER @ 0x20670477c
CHIP::DISPLAYPIPE0::DP_TX_CORE_INSTANCE_1.DP_TX_CORE_AUX_CHANNEL_ACCESS_STATUS_REGISTER @ 0x206704780
CHIP::DISPLAYPIPE0::DP_TX_CORE_INSTANCE_1.DP_TX_CORE_AUX_CHANNEL_ACCESS_ERROR_CODE_REGISTER @ 0x206704784
CHIP::DISPLAYPIPE0::DP_TX_CORE_INSTANCE_1.DP_TX_CORE_DP_AUX_CH_DEFER_CONTROL_REGISTER @ 0x206704788
CHIP::DISPLAYPIPE0::DP_TX_CORE_INSTANCE_1.DP_TX_CORE_DP_AUX_RX_COMMAND_REGISTER @ 0x20670478c
CHIP::DISPLAYPIPE0::DP_TX_CORE_INSTANCE_1.DP_TX_CORE_DP_BUFFER_DATA_COUNT_REGISTER @ 0x206704790
CHIP::DISPLAYPIPE0::DP_TX_CORE_INSTANCE_1.DP_TX_CORE_DP_AUX_CHANNEL_LENGTH_REGISTER @ 0x206704794
CHIP::DISPLAYPIPE0::DP_TX_CORE_INSTANCE_1.DP_TX_CORE_DP_AUX_CH_ADDRESS_REGISTER_0 @ 0x206704798
CHIP::DISPLAYPIPE0::DP_TX_CORE_INSTANCE_1.DP_TX_CORE_DP_AUX_CH_ADDRESS_REGISTER_1 @ 0x20670479c
CHIP::DISPLAYPIPE0::DP_TX_CORE_INSTANCE_1.DP_TX_CORE_DP_AUX_CH_CONTROL_REGISTER_1 @ 0x2067047a0
CHIP::DISPLAYPIPE0::DP_TX_CORE_INSTANCE_1.DP_TX_CORE_DP_AUX_CH_CONTROL_REGISTER_2 @ 0x2067047a4
CHIP::DISPLAYPIPE0::DP_TX_CORE_INSTANCE_1.DP_TX_CORE_CRC_CHECK_CONTROL @ 0x206704890
CHIP::DISPLAYPIPE0::DP_TX_CORE_INSTANCE_1.DP_TX_CORE_CRC_RESULT @ 0x206704894
CHIP::DISPLAYPIPE0::DP_TX_CORE_INSTANCE_1.DP_TX_CORE_MAIN_LINK_TEST_PATTERN @ 0x206704900
CHIP::DISPLAYPIPE0::DP_TX_CORE_INSTANCE_1.DP_TX_CORE_ERROR_INJECTION_CONTROL_1 @ 0x206704904
CHIP::DISPLAYPIPE0::DP_TX_CORE_INSTANCE_1.DP_TX_CORE_ERROR_INJECTION_CONTROL_2 @ 0x206704908
CHIP::DISPLAYPIPE0::DP_TX_CORE_INSTANCE_1.DP_TX_CORE_AUX_CH_BUFFER_DATA_0 @ 0x206704c00
CHIP::DISPLAYPIPE0::DP_TX_CORE_INSTANCE_1.DP_TX_CORE_AUX_CH_BUFFER_DATA_1 @ 0x206704c04
CHIP::DISPLAYPIPE0::DP_TX_CORE_INSTANCE_1.DP_TX_CORE_AUX_CH_BUFFER_DATA_2 @ 0x206704c08
CHIP::DISPLAYPIPE0::DP_TX_CORE_INSTANCE_1.DP_TX_CORE_AUX_CH_BUFFER_DATA_3 @ 0x206704c0c
CHIP::DISPLAYPIPE0::DP_TX_CORE_INSTANCE_1.DP_TX_CORE_AUX_CH_BUFFER_DATA_4 @ 0x206704c10
CHIP::DISPLAYPIPE0::DP_TX_CORE_INSTANCE_1.DP_TX_CORE_AUX_CH_BUFFER_DATA_5 @ 0x206704c14
CHIP::DISPLAYPIPE0::DP_TX_CORE_INSTANCE_1.DP_TX_CORE_AUX_CH_BUFFER_DATA_6 @ 0x206704c18
CHIP::DISPLAYPIPE0::DP_TX_CORE_INSTANCE_1.DP_TX_CORE_AUX_CH_BUFFER_DATA_7 @ 0x206704c1c
CHIP::DISPLAYPIPE0::DP_TX_CORE_INSTANCE_1.DP_TX_CORE_AUX_CH_BUFFER_DATA_8 @ 0x206704c20
CHIP::DISPLAYPIPE0::DP_TX_CORE_INSTANCE_1.DP_TX_CORE_AUX_CH_BUFFER_DATA_9 @ 0x206704c24
CHIP::DISPLAYPIPE0::DP_TX_CORE_INSTANCE_1.DP_TX_CORE_AUX_CH_BUFFER_DATA_10 @ 0x206704c28
CHIP::DISPLAYPIPE0::DP_TX_CORE_INSTANCE_1.DP_TX_CORE_AUX_CH_BUFFER_DATA_11 @ 0x206704c2c
CHIP::DISPLAYPIPE0::DP_TX_CORE_INSTANCE_1.DP_TX_CORE_AUX_CH_BUFFER_DATA_12 @ 0x206704c30
CHIP::DISPLAYPIPE0::DP_TX_CORE_INSTANCE_1.DP_TX_CORE_AUX_CH_BUFFER_DATA_13 @ 0x206704c34
CHIP::DISPLAYPIPE0::DP_TX_CORE_INSTANCE_1.DP_TX_CORE_AUX_CH_BUFFER_DATA_14 @ 0x206704c38
CHIP::DISPLAYPIPE0::DP_TX_CORE_INSTANCE_1.DP_TX_CORE_AUX_CH_BUFFER_DATA_15 @ 0x206704c3c
CHIP::DISPLAYPIPE0::DP_TX_CORE_INSTANCE_1.DP_TX_CORE_AUX_CH_BUFFER_DATA_16 @ 0x206704c40
CHIP::DISPLAYPIPE0::DP_TX_CORE_INSTANCE_1.DP_TX_CORE_AUX_CH_BUFFER_DATA_17 @ 0x206704c44
CHIP::DISPLAYPIPE0::DP_TX_CORE_INSTANCE_1.DP_TX_CORE_AUX_CH_BUFFER_DATA_18 @ 0x206704c48
CHIP::DISPLAYPIPE0::DP_TX_CORE_INSTANCE_1.DP_TX_CORE_AUX_CH_BUFFER_DATA_19 @ 0x206704c4c
CHIP::DISPLAYPIPE0::DP_TX_CORE_INSTANCE_1.DP_TX_CORE_AUX_CH_BUFFER_DATA_20 @ 0x206704c50
CHIP::DISPLAYPIPE0::DP_TX_CORE_INSTANCE_1.DP_TX_CORE_AUX_CH_BUFFER_DATA_21 @ 0x206704c54
CHIP::DISPLAYPIPE0::DP_TX_CORE_INSTANCE_1.DP_TX_CORE_AUX_CH_BUFFER_DATA_22 @ 0x206704c58
CHIP::DISPLAYPIPE0::DP_TX_CORE_INSTANCE_1.DP_TX_CORE_AUX_CH_BUFFER_DATA_23 @ 0x206704c5c
CHIP::DISPLAYPIPE0::DP_TX_CORE_INSTANCE_1.DP_TX_CORE_AUX_CH_BUFFER_DATA_24 @ 0x206704c60
CHIP::DISPLAYPIPE0::DP_TX_CORE_INSTANCE_1.DP_TX_CORE_AUX_CH_BUFFER_DATA_25 @ 0x206704c64
CHIP::DISPLAYPIPE0::DP_TX_CORE_INSTANCE_1.DP_TX_CORE_AUX_CH_BUFFER_DATA_26 @ 0x206704c68
CHIP::DISPLAYPIPE0::DP_TX_CORE_INSTANCE_1.DP_TX_CORE_AUX_CH_BUFFER_DATA_27 @ 0x206704c6c
CHIP::DISPLAYPIPE0::DP_TX_CORE_INSTANCE_1.DP_TX_CORE_AUX_CH_BUFFER_DATA_28 @ 0x206704c70
CHIP::DISPLAYPIPE0::DP_TX_CORE_INSTANCE_1.DP_TX_CORE_AUX_CH_BUFFER_DATA_29 @ 0x206704c74
CHIP::DISPLAYPIPE0::DP_TX_CORE_INSTANCE_1.DP_TX_CORE_AUX_CH_BUFFER_DATA_30 @ 0x206704c78
CHIP::DISPLAYPIPE0::DP_TX_CORE_INSTANCE_1.DP_TX_CORE_AUX_CH_BUFFER_DATA_31 @ 0x206704c7c
CHIP::DISPLAYPIPE0::DP_TX_CORE_INSTANCE_1.DP_TX_CORE_AUX_CH_BUFFER_DATA_32 @ 0x206704c80
CHIP::DISPLAYPIPE0::DP_TX_CORE_INSTANCE_1.DP_TX_CORE_AUX_CH_BUFFER_DATA_33 @ 0x206704c84
CHIP::DISPLAYPIPE0::DP_TX_CORE_INSTANCE_1.DP_TX_CORE_AUX_CH_BUFFER_DATA_34 @ 0x206704c88
CHIP::DISPLAYPIPE0::DP_TX_CORE_INSTANCE_1.DP_TX_CORE_AUX_CH_BUFFER_DATA_35 @ 0x206704c8c
CHIP::DISPLAYPIPE0::DP_TX_CORE_INSTANCE_1.DP_TX_CORE_AUX_CH_BUFFER_DATA_36 @ 0x206704c90
CHIP::DISPLAYPIPE0::DP_TX_CORE_INSTANCE_1.DP_TX_CORE_AUX_CH_BUFFER_DATA_37 @ 0x206704c94
CHIP::DISPLAYPIPE0::DP_TX_CORE_INSTANCE_1.DP_TX_CORE_AUX_CH_BUFFER_DATA_38 @ 0x206704c98
CHIP::DISPLAYPIPE0::DP_TX_CORE_INSTANCE_1.DP_TX_CORE_AUX_CH_BUFFER_DATA_39 @ 0x206704c9c
CHIP::DISPLAYPIPE0::DP_TX_CORE_INSTANCE_1.DP_TX_CORE_AUX_CH_BUFFER_DATA_40 @ 0x206704ca0
CHIP::DISPLAYPIPE0::DP_TX_CORE_INSTANCE_1.DP_TX_CORE_AUX_CH_BUFFER_DATA_41 @ 0x206704ca4
CHIP::DISPLAYPIPE0::DP_TX_CORE_INSTANCE_1.DP_TX_CORE_AUX_CH_BUFFER_DATA_42 @ 0x206704ca8
CHIP::DISPLAYPIPE0::DP_TX_CORE_INSTANCE_1.DP_TX_CORE_AUX_CH_BUFFER_DATA_43 @ 0x206704cac
CHIP::DISPLAYPIPE0::DP_TX_CORE_INSTANCE_1.DP_TX_CORE_AUX_CH_BUFFER_DATA_44 @ 0x206704cb0
CHIP::DISPLAYPIPE0::DP_TX_CORE_INSTANCE_1.DP_TX_CORE_AUX_CH_BUFFER_DATA_45 @ 0x206704cb4
CHIP::DISPLAYPIPE0::DP_TX_CORE_INSTANCE_1.DP_TX_CORE_AUX_CH_BUFFER_DATA_46 @ 0x206704cb8
CHIP::DISPLAYPIPE0::DP_TX_CORE_INSTANCE_1.DP_TX_CORE_AUX_CH_BUFFER_DATA_47 @ 0x206704cbc
CHIP::DISPLAYPIPE0::DP_TX_CORE_INSTANCE_1.DP_TX_CORE_AUX_CH_BUFFER_DATA_48 @ 0x206704cc0
CHIP::DISPLAYPIPE0::DP_TX_CORE_INSTANCE_1.DP_TX_CORE_AUX_CH_BUFFER_DATA_49 @ 0x206704cc4
CHIP::DISPLAYPIPE0::DP_TX_CORE_INSTANCE_1.DP_TX_CORE_AUX_CH_BUFFER_DATA_50 @ 0x206704cc8
CHIP::DISPLAYPIPE0::DP_TX_CORE_INSTANCE_1.DP_TX_CORE_AUX_CH_BUFFER_DATA_51 @ 0x206704ccc
CHIP::DISPLAYPIPE0::DP_TX_CORE_INSTANCE_1.DP_TX_CORE_AUX_CH_BUFFER_DATA_52 @ 0x206704cd0
CHIP::DISPLAYPIPE0::DP_TX_CORE_INSTANCE_1.DP_TX_CORE_AUX_CH_BUFFER_DATA_53 @ 0x206704cd4
CHIP::DISPLAYPIPE0::DP_TX_CORE_INSTANCE_1.DP_TX_CORE_AUX_CH_BUFFER_DATA_54 @ 0x206704cd8
CHIP::DISPLAYPIPE0::DP_TX_CORE_INSTANCE_1.DP_TX_CORE_AUX_CH_BUFFER_DATA_55 @ 0x206704cdc
CHIP::DISPLAYPIPE0::DP_TX_CORE_INSTANCE_1.DP_TX_CORE_AUX_CH_BUFFER_DATA_56 @ 0x206704ce0
CHIP::DISPLAYPIPE0::DP_TX_CORE_INSTANCE_1.DP_TX_CORE_AUX_CH_BUFFER_DATA_57 @ 0x206704ce4
CHIP::DISPLAYPIPE0::DP_TX_CORE_INSTANCE_1.DP_TX_CORE_AUX_CH_BUFFER_DATA_58 @ 0x206704ce8
CHIP::DISPLAYPIPE0::DP_TX_CORE_INSTANCE_1.DP_TX_CORE_AUX_CH_BUFFER_DATA_59 @ 0x206704cec
CHIP::DISPLAYPIPE0::DP_TX_CORE_INSTANCE_1.DP_TX_CORE_AUX_CH_BUFFER_DATA_60 @ 0x206704cf0
CHIP::DISPLAYPIPE0::DP_TX_CORE_INSTANCE_1.DP_TX_CORE_AUX_CH_BUFFER_DATA_61 @ 0x206704cf4
CHIP::DISPLAYPIPE0::DP_TX_CORE_INSTANCE_1.DP_TX_CORE_AUX_CH_BUFFER_DATA_62 @ 0x206704cf8
CHIP::DISPLAYPIPE0::DP_TX_CORE_INSTANCE_1.DP_TX_CORE_AUX_CH_BUFFER_DATA_63 @ 0x206704cfc
CHIP::DISPLAYPIPE0::DP_TX_CORE_INSTANCE_1.DP_TX_CORE_AUX_CH_BUFFER_DATA_64 @ 0x206704d00
CHIP::DISPLAYPIPE0::DP_TX_CORE_INSTANCE_1.DP_TX_CORE_AUX_CH_BUFFER_DATA_65 @ 0x206704d04
CHIP::DISPLAYPIPE0::DP_TX_CORE_INSTANCE_1.DP_TX_CORE_AUX_CH_BUFFER_DATA_66 @ 0x206704d08
CHIP::DISPLAYPIPE0::DP_TX_CORE_INSTANCE_1.DP_TX_CORE_AUX_CH_BUFFER_DATA_67 @ 0x206704d0c
CHIP::DISPLAYPIPE0::DP_TX_CORE_INSTANCE_1.DP_TX_CORE_AUX_CH_BUFFER_DATA_68 @ 0x206704d10
CHIP::DISPLAYPIPE0::DP_TX_CORE_INSTANCE_1.DP_TX_CORE_AUX_CH_BUFFER_DATA_69 @ 0x206704d14
CHIP::DISPLAYPIPE0::DP_TX_CORE_INSTANCE_1.DP_TX_CORE_AUX_CH_BUFFER_DATA_70 @ 0x206704d18
CHIP::DISPLAYPIPE0::DP_TX_CORE_INSTANCE_1.DP_TX_CORE_AUX_CH_BUFFER_DATA_71 @ 0x206704d1c
CHIP::DISPLAYPIPE0::DP_TX_CORE_INSTANCE_1.DP_TX_CORE_AUX_CH_BUFFER_DATA_72 @ 0x206704d20
CHIP::DISPLAYPIPE0::DP_TX_CORE_INSTANCE_1.DP_TX_CORE_AUX_CH_BUFFER_DATA_73 @ 0x206704d24
CHIP::DISPLAYPIPE0::DP_TX_CORE_INSTANCE_1.DP_TX_CORE_AUX_CH_BUFFER_DATA_74 @ 0x206704d28
CHIP::DISPLAYPIPE0::DP_TX_CORE_INSTANCE_1.DP_TX_CORE_AUX_CH_BUFFER_DATA_75 @ 0x206704d2c
CHIP::DISPLAYPIPE0::DP_TX_CORE_INSTANCE_1.DP_TX_CORE_AUX_CH_BUFFER_DATA_76 @ 0x206704d30
CHIP::DISPLAYPIPE0::DP_TX_CORE_INSTANCE_1.DP_TX_CORE_AUX_CH_BUFFER_DATA_77 @ 0x206704d34
CHIP::DISPLAYPIPE0::DP_TX_CORE_INSTANCE_1.DP_TX_CORE_AUX_CH_BUFFER_DATA_78 @ 0x206704d38
CHIP::DISPLAYPIPE0::DP_TX_CORE_INSTANCE_1.DP_TX_CORE_AUX_CH_BUFFER_DATA_79 @ 0x206704d3c
CHIP::DISPLAYPIPE0::DP_TX_CORE_INSTANCE_1.DP_TX_CORE_AUX_CH_BUFFER_DATA_80 @ 0x206704d40
CHIP::DISPLAYPIPE0::DP_TX_CORE_INSTANCE_1.DP_TX_CORE_AUX_CH_BUFFER_DATA_81 @ 0x206704d44
CHIP::DISPLAYPIPE0::DP_TX_CORE_INSTANCE_1.DP_TX_CORE_AUX_CH_BUFFER_DATA_82 @ 0x206704d48
CHIP::DISPLAYPIPE0::DP_TX_CORE_INSTANCE_1.DP_TX_CORE_AUX_CH_BUFFER_DATA_83 @ 0x206704d4c
CHIP::DISPLAYPIPE0::DP_TX_CORE_INSTANCE_1.DP_TX_CORE_AUX_CH_BUFFER_DATA_84 @ 0x206704d50
CHIP::DISPLAYPIPE0::DP_TX_CORE_INSTANCE_1.DP_TX_CORE_AUX_CH_BUFFER_DATA_85 @ 0x206704d54
CHIP::DISPLAYPIPE0::DP_TX_CORE_INSTANCE_1.DP_TX_CORE_AUX_CH_BUFFER_DATA_86 @ 0x206704d58
CHIP::DISPLAYPIPE0::DP_TX_CORE_INSTANCE_1.DP_TX_CORE_AUX_CH_BUFFER_DATA_87 @ 0x206704d5c
CHIP::DISPLAYPIPE0::DP_TX_CORE_INSTANCE_1.DP_TX_CORE_AUX_CH_BUFFER_DATA_88 @ 0x206704d60
CHIP::DISPLAYPIPE0::DP_TX_CORE_INSTANCE_1.DP_TX_CORE_AUX_CH_BUFFER_DATA_89 @ 0x206704d64
CHIP::DISPLAYPIPE0::DP_TX_CORE_INSTANCE_1.DP_TX_CORE_AUX_CH_BUFFER_DATA_90 @ 0x206704d68
CHIP::DISPLAYPIPE0::DP_TX_CORE_INSTANCE_1.DP_TX_CORE_AUX_CH_BUFFER_DATA_91 @ 0x206704d6c
CHIP::DISPLAYPIPE0::DP_TX_CORE_INSTANCE_1.DP_TX_CORE_AUX_CH_BUFFER_DATA_92 @ 0x206704d70
CHIP::DISPLAYPIPE0::DP_TX_CORE_INSTANCE_1.DP_TX_CORE_AUX_CH_BUFFER_DATA_93 @ 0x206704d74
CHIP::DISPLAYPIPE0::DP_TX_CORE_INSTANCE_1.DP_TX_CORE_AUX_CH_BUFFER_DATA_94 @ 0x206704d78
CHIP::DISPLAYPIPE0::DP_TX_CORE_INSTANCE_1.DP_TX_CORE_AUX_CH_BUFFER_DATA_95 @ 0x206704d7c
CHIP::DISPLAYPIPE0::DP_TX_CORE_INSTANCE_1.DP_TX_CORE_AUX_CH_BUFFER_DATA_96 @ 0x206704d80
CHIP::DISPLAYPIPE0::DP_TX_CORE_INSTANCE_1.DP_TX_CORE_AUX_CH_BUFFER_DATA_97 @ 0x206704d84
CHIP::DISPLAYPIPE0::DP_TX_CORE_INSTANCE_1.DP_TX_CORE_AUX_CH_BUFFER_DATA_98 @ 0x206704d88
CHIP::DISPLAYPIPE0::DP_TX_CORE_INSTANCE_1.DP_TX_CORE_AUX_CH_BUFFER_DATA_99 @ 0x206704d8c
CHIP::DISPLAYPIPE0::DP_TX_CORE_INSTANCE_1.DP_TX_CORE_AUX_CH_BUFFER_DATA_100 @ 0x206704d90
CHIP::DISPLAYPIPE0::DP_TX_CORE_INSTANCE_1.DP_TX_CORE_AUX_CH_BUFFER_DATA_101 @ 0x206704d94
CHIP::DISPLAYPIPE0::DP_TX_CORE_INSTANCE_1.DP_TX_CORE_AUX_CH_BUFFER_DATA_102 @ 0x206704d98
CHIP::DISPLAYPIPE0::DP_TX_CORE_INSTANCE_1.DP_TX_CORE_AUX_CH_BUFFER_DATA_103 @ 0x206704d9c
CHIP::DISPLAYPIPE0::DP_TX_CORE_INSTANCE_1.DP_TX_CORE_AUX_CH_BUFFER_DATA_104 @ 0x206704da0
CHIP::DISPLAYPIPE0::DP_TX_CORE_INSTANCE_1.DP_TX_CORE_AUX_CH_BUFFER_DATA_105 @ 0x206704da4
CHIP::DISPLAYPIPE0::DP_TX_CORE_INSTANCE_1.DP_TX_CORE_AUX_CH_BUFFER_DATA_106 @ 0x206704da8
CHIP::DISPLAYPIPE0::DP_TX_CORE_INSTANCE_1.DP_TX_CORE_AUX_CH_BUFFER_DATA_107 @ 0x206704dac
CHIP::DISPLAYPIPE0::DP_TX_CORE_INSTANCE_1.DP_TX_CORE_AUX_CH_BUFFER_DATA_108 @ 0x206704db0
CHIP::DISPLAYPIPE0::DP_TX_CORE_INSTANCE_1.DP_TX_CORE_AUX_CH_BUFFER_DATA_109 @ 0x206704db4
CHIP::DISPLAYPIPE0::DP_TX_CORE_INSTANCE_1.DP_TX_CORE_AUX_CH_BUFFER_DATA_110 @ 0x206704db8
CHIP::DISPLAYPIPE0::DP_TX_CORE_INSTANCE_1.DP_TX_CORE_AUX_CH_BUFFER_DATA_111 @ 0x206704dbc
CHIP::DISPLAYPIPE0::DP_TX_CORE_INSTANCE_1.DP_TX_CORE_AUX_CH_BUFFER_DATA_112 @ 0x206704dc0
CHIP::DISPLAYPIPE0::DP_TX_CORE_INSTANCE_1.DP_TX_CORE_AUX_CH_BUFFER_DATA_113 @ 0x206704dc4
CHIP::DISPLAYPIPE0::DP_TX_CORE_INSTANCE_1.DP_TX_CORE_AUX_CH_BUFFER_DATA_114 @ 0x206704dc8
CHIP::DISPLAYPIPE0::DP_TX_CORE_INSTANCE_1.DP_TX_CORE_AUX_CH_BUFFER_DATA_115 @ 0x206704dcc
CHIP::DISPLAYPIPE0::DP_TX_CORE_INSTANCE_1.DP_TX_CORE_AUX_CH_BUFFER_DATA_116 @ 0x206704dd0
CHIP::DISPLAYPIPE0::DP_TX_CORE_INSTANCE_1.DP_TX_CORE_AUX_CH_BUFFER_DATA_117 @ 0x206704dd4
CHIP::DISPLAYPIPE0::DP_TX_CORE_INSTANCE_1.DP_TX_CORE_AUX_CH_BUFFER_DATA_118 @ 0x206704dd8
CHIP::DISPLAYPIPE0::DP_TX_CORE_INSTANCE_1.DP_TX_CORE_AUX_CH_BUFFER_DATA_119 @ 0x206704ddc
CHIP::DISPLAYPIPE0::DP_TX_CORE_INSTANCE_1.DP_TX_CORE_AUX_CH_BUFFER_DATA_120 @ 0x206704de0
CHIP::DISPLAYPIPE0::DP_TX_CORE_INSTANCE_1.DP_TX_CORE_AUX_CH_BUFFER_DATA_121 @ 0x206704de4
CHIP::DISPLAYPIPE0::DP_TX_CORE_INSTANCE_1.DP_TX_CORE_AUX_CH_BUFFER_DATA_122 @ 0x206704de8
CHIP::DISPLAYPIPE0::DP_TX_CORE_INSTANCE_1.DP_TX_CORE_AUX_CH_BUFFER_DATA_123 @ 0x206704dec
CHIP::DISPLAYPIPE0::DP_TX_CORE_INSTANCE_1.DP_TX_CORE_AUX_CH_BUFFER_DATA_124 @ 0x206704df0
CHIP::DISPLAYPIPE0::DP_TX_CORE_INSTANCE_1.DP_TX_CORE_AUX_CH_BUFFER_DATA_125 @ 0x206704df4
CHIP::DISPLAYPIPE0::DP_TX_CORE_INSTANCE_1.DP_TX_CORE_AUX_CH_BUFFER_DATA_126 @ 0x206704df8
CHIP::DISPLAYPIPE0::DP_TX_CORE_INSTANCE_1.DP_TX_CORE_AUX_CH_BUFFER_DATA_127 @ 0x206704dfc
CHIP::DISPLAYPIPE0::DP_TX_CORE_INSTANCE_1.DP_TX_CORE_AUX_CH_BUFFER_DATA_128 @ 0x206704e00
CHIP::DISPLAYPIPE0::DP_TX_CORE_INSTANCE_1.DP_TX_CORE_AUX_CH_BUFFER_DATA_129 @ 0x206704e04
CHIP::DISPLAYPIPE0::DP_TX_CORE_INSTANCE_1.DP_TX_CORE_AUX_CH_BUFFER_DATA_130 @ 0x206704e08
CHIP::DISPLAYPIPE0::DP_TX_CORE_INSTANCE_1.DP_TX_CORE_AUX_CH_BUFFER_DATA_131 @ 0x206704e0c
CHIP::DISPLAYPIPE0::DP_TX_CORE_INSTANCE_1.DP_TX_CORE_AUX_CH_BUFFER_DATA_132 @ 0x206704e10
CHIP::DISPLAYPIPE0::DP_TX_CORE_INSTANCE_1.DP_TX_CORE_AUX_CH_BUFFER_DATA_133 @ 0x206704e14
CHIP::DISPLAYPIPE0::DP_TX_CORE_INSTANCE_1.DP_TX_CORE_AUX_CH_BUFFER_DATA_134 @ 0x206704e18
CHIP::DISPLAYPIPE0::DP_TX_CORE_INSTANCE_1.DP_TX_CORE_AUX_CH_BUFFER_DATA_135 @ 0x206704e1c
CHIP::DISPLAYPIPE0::DP_TX_CORE_INSTANCE_1.DP_TX_CORE_AUX_CH_BUFFER_DATA_136 @ 0x206704e20
CHIP::DISPLAYPIPE0::DP_TX_CORE_INSTANCE_1.DP_TX_CORE_AUX_CH_BUFFER_DATA_137 @ 0x206704e24
CHIP::DISPLAYPIPE0::DP_TX_CORE_INSTANCE_1.DP_TX_CORE_AUX_CH_BUFFER_DATA_138 @ 0x206704e28
CHIP::DISPLAYPIPE0::DP_TX_CORE_INSTANCE_1.DP_TX_CORE_AUX_CH_BUFFER_DATA_139 @ 0x206704e2c
CHIP::DISPLAYPIPE0::DP_TX_CORE_INSTANCE_1.DP_TX_CORE_AUX_CH_BUFFER_DATA_140 @ 0x206704e30
CHIP::DISPLAYPIPE0::DP_TX_CORE_INSTANCE_1.DP_TX_CORE_AUX_CH_BUFFER_DATA_141 @ 0x206704e34
CHIP::DISPLAYPIPE0::DP_TX_CORE_INSTANCE_1.DP_TX_CORE_AUX_CH_BUFFER_DATA_142 @ 0x206704e38
CHIP::DISPLAYPIPE0::DP_TX_CORE_INSTANCE_1.DP_TX_CORE_AUX_CH_BUFFER_DATA_143 @ 0x206704e3c
CHIP::DISPLAYPIPE0::DP_TX_CORE_INSTANCE_1.DP_TX_CORE_AUX_CH_BUFFER_DATA_144 @ 0x206704e40
CHIP::DISPLAYPIPE0::DP_TX_CORE_INSTANCE_1.DP_TX_CORE_AUX_CH_BUFFER_DATA_145 @ 0x206704e44
CHIP::DISPLAYPIPE0::DP_TX_CORE_INSTANCE_1.DP_TX_CORE_AUX_CH_BUFFER_DATA_146 @ 0x206704e48
CHIP::DISPLAYPIPE0::DP_TX_CORE_INSTANCE_1.DP_TX_CORE_AUX_CH_BUFFER_DATA_147 @ 0x206704e4c
CHIP::DISPLAYPIPE0::DP_TX_CORE_INSTANCE_1.DP_TX_CORE_AUX_CH_BUFFER_DATA_148 @ 0x206704e50
CHIP::DISPLAYPIPE0::DP_TX_CORE_INSTANCE_1.DP_TX_CORE_AUX_CH_BUFFER_DATA_149 @ 0x206704e54
CHIP::DISPLAYPIPE0::DP_TX_CORE_INSTANCE_1.DP_TX_CORE_AUX_CH_BUFFER_DATA_150 @ 0x206704e58
CHIP::DISPLAYPIPE0::DP_TX_CORE_INSTANCE_1.DP_TX_CORE_AUX_CH_BUFFER_DATA_151 @ 0x206704e5c
CHIP::DISPLAYPIPE0::DP_TX_CORE_INSTANCE_1.DP_TX_CORE_AUX_CH_BUFFER_DATA_152 @ 0x206704e60
CHIP::DISPLAYPIPE0::DP_TX_CORE_INSTANCE_1.DP_TX_CORE_AUX_CH_BUFFER_DATA_153 @ 0x206704e64
CHIP::DISPLAYPIPE0::DP_TX_CORE_INSTANCE_1.DP_TX_CORE_AUX_CH_BUFFER_DATA_154 @ 0x206704e68
CHIP::DISPLAYPIPE0::DP_TX_CORE_INSTANCE_1.DP_TX_CORE_AUX_CH_BUFFER_DATA_155 @ 0x206704e6c
CHIP::DISPLAYPIPE0::DP_TX_CORE_INSTANCE_1.DP_TX_CORE_AUX_CH_BUFFER_DATA_156 @ 0x206704e70
CHIP::DISPLAYPIPE0::DP_TX_CORE_INSTANCE_1.DP_TX_CORE_AUX_CH_BUFFER_DATA_157 @ 0x206704e74
CHIP::DISPLAYPIPE0::DP_TX_CORE_INSTANCE_1.DP_TX_CORE_AUX_CH_BUFFER_DATA_158 @ 0x206704e78
CHIP::DISPLAYPIPE0::DP_TX_CORE_INSTANCE_1.DP_TX_CORE_AUX_CH_BUFFER_DATA_159 @ 0x206704e7c
CHIP::DISPLAYPIPE0::DP_TX_CORE_INSTANCE_1.DP_TX_CORE_AUX_CH_BUFFER_DATA_160 @ 0x206704e80
CHIP::DISPLAYPIPE0::DP_TX_CORE_INSTANCE_1.DP_TX_CORE_AUX_CH_BUFFER_DATA_161 @ 0x206704e84
CHIP::DISPLAYPIPE0::DP_TX_CORE_INSTANCE_1.DP_TX_CORE_AUX_CH_BUFFER_DATA_162 @ 0x206704e88
CHIP::DISPLAYPIPE0::DP_TX_CORE_INSTANCE_1.DP_TX_CORE_AUX_CH_BUFFER_DATA_163 @ 0x206704e8c
CHIP::DISPLAYPIPE0::DP_TX_CORE_INSTANCE_1.DP_TX_CORE_AUX_CH_BUFFER_DATA_164 @ 0x206704e90
CHIP::DISPLAYPIPE0::DP_TX_CORE_INSTANCE_1.DP_TX_CORE_AUX_CH_BUFFER_DATA_165 @ 0x206704e94
CHIP::DISPLAYPIPE0::DP_TX_CORE_INSTANCE_1.DP_TX_CORE_AUX_CH_BUFFER_DATA_166 @ 0x206704e98
CHIP::DISPLAYPIPE0::DP_TX_CORE_INSTANCE_1.DP_TX_CORE_AUX_CH_BUFFER_DATA_167 @ 0x206704e9c
CHIP::DISPLAYPIPE0::DP_TX_CORE_INSTANCE_1.DP_TX_CORE_AUX_CH_BUFFER_DATA_168 @ 0x206704ea0
CHIP::DISPLAYPIPE0::DP_TX_CORE_INSTANCE_1.DP_TX_CORE_AUX_CH_BUFFER_DATA_169 @ 0x206704ea4
CHIP::DISPLAYPIPE0::DP_TX_CORE_INSTANCE_1.DP_TX_CORE_AUX_CH_BUFFER_DATA_170 @ 0x206704ea8
CHIP::DISPLAYPIPE0::DP_TX_CORE_INSTANCE_1.DP_TX_CORE_AUX_CH_BUFFER_DATA_171 @ 0x206704eac
CHIP::DISPLAYPIPE0::DP_TX_CORE_INSTANCE_1.DP_TX_CORE_AUX_CH_BUFFER_DATA_172 @ 0x206704eb0
CHIP::DISPLAYPIPE0::DP_TX_CORE_INSTANCE_1.DP_TX_CORE_AUX_CH_BUFFER_DATA_173 @ 0x206704eb4
CHIP::DISPLAYPIPE0::DP_TX_CORE_INSTANCE_1.DP_TX_CORE_AUX_CH_BUFFER_DATA_174 @ 0x206704eb8
CHIP::DISPLAYPIPE0::DP_TX_CORE_INSTANCE_1.DP_TX_CORE_AUX_CH_BUFFER_DATA_175 @ 0x206704ebc
CHIP::DISPLAYPIPE0::DP_TX_CORE_INSTANCE_1.DP_TX_CORE_AUX_CH_BUFFER_DATA_176 @ 0x206704ec0
CHIP::DISPLAYPIPE0::DP_TX_CORE_INSTANCE_1.DP_TX_CORE_AUX_CH_BUFFER_DATA_177 @ 0x206704ec4
CHIP::DISPLAYPIPE0::DP_TX_CORE_INSTANCE_1.DP_TX_CORE_AUX_CH_BUFFER_DATA_178 @ 0x206704ec8
CHIP::DISPLAYPIPE0::DP_TX_CORE_INSTANCE_1.DP_TX_CORE_AUX_CH_BUFFER_DATA_179 @ 0x206704ecc
CHIP::DISPLAYPIPE0::DP_TX_CORE_INSTANCE_1.DP_TX_CORE_AUX_CH_BUFFER_DATA_180 @ 0x206704ed0
CHIP::DISPLAYPIPE0::DP_TX_CORE_INSTANCE_1.DP_TX_CORE_AUX_CH_BUFFER_DATA_181 @ 0x206704ed4
CHIP::DISPLAYPIPE0::DP_TX_CORE_INSTANCE_1.DP_TX_CORE_AUX_CH_BUFFER_DATA_182 @ 0x206704ed8
CHIP::DISPLAYPIPE0::DP_TX_CORE_INSTANCE_1.DP_TX_CORE_AUX_CH_BUFFER_DATA_183 @ 0x206704edc
CHIP::DISPLAYPIPE0::DP_TX_CORE_INSTANCE_1.DP_TX_CORE_AUX_CH_BUFFER_DATA_184 @ 0x206704ee0
CHIP::DISPLAYPIPE0::DP_TX_CORE_INSTANCE_1.DP_TX_CORE_AUX_CH_BUFFER_DATA_185 @ 0x206704ee4
CHIP::DISPLAYPIPE0::DP_TX_CORE_INSTANCE_1.DP_TX_CORE_AUX_CH_BUFFER_DATA_186 @ 0x206704ee8
CHIP::DISPLAYPIPE0::DP_TX_CORE_INSTANCE_1.DP_TX_CORE_AUX_CH_BUFFER_DATA_187 @ 0x206704eec
CHIP::DISPLAYPIPE0::DP_TX_CORE_INSTANCE_1.DP_TX_CORE_AUX_CH_BUFFER_DATA_188 @ 0x206704ef0
CHIP::DISPLAYPIPE0::DP_TX_CORE_INSTANCE_1.DP_TX_CORE_AUX_CH_BUFFER_DATA_189 @ 0x206704ef4
CHIP::DISPLAYPIPE0::DP_TX_CORE_INSTANCE_1.DP_TX_CORE_AUX_CH_BUFFER_DATA_190 @ 0x206704ef8
CHIP::DISPLAYPIPE0::DP_TX_CORE_INSTANCE_1.DP_TX_CORE_AUX_CH_BUFFER_DATA_191 @ 0x206704efc
CHIP::DISPLAYPIPE0::DP_TX_CORE_INSTANCE_1.DP_TX_CORE_AUX_CH_BUFFER_DATA_192 @ 0x206704f00
CHIP::DISPLAYPIPE0::DP_TX_CORE_INSTANCE_1.DP_TX_CORE_AUX_CH_BUFFER_DATA_193 @ 0x206704f04
CHIP::DISPLAYPIPE0::DP_TX_CORE_INSTANCE_1.DP_TX_CORE_AUX_CH_BUFFER_DATA_194 @ 0x206704f08
CHIP::DISPLAYPIPE0::DP_TX_CORE_INSTANCE_1.DP_TX_CORE_AUX_CH_BUFFER_DATA_195 @ 0x206704f0c
CHIP::DISPLAYPIPE0::DP_TX_CORE_INSTANCE_1.DP_TX_CORE_AUX_CH_BUFFER_DATA_196 @ 0x206704f10
CHIP::DISPLAYPIPE0::DP_TX_CORE_INSTANCE_1.DP_TX_CORE_AUX_CH_BUFFER_DATA_197 @ 0x206704f14
CHIP::DISPLAYPIPE0::DP_TX_CORE_INSTANCE_1.DP_TX_CORE_AUX_CH_BUFFER_DATA_198 @ 0x206704f18
CHIP::DISPLAYPIPE0::DP_TX_CORE_INSTANCE_1.DP_TX_CORE_AUX_CH_BUFFER_DATA_199 @ 0x206704f1c
CHIP::DISPLAYPIPE0::DP_TX_CORE_INSTANCE_1.DP_TX_CORE_AUX_CH_BUFFER_DATA_200 @ 0x206704f20
CHIP::DISPLAYPIPE0::DP_TX_CORE_INSTANCE_1.DP_TX_CORE_AUX_CH_BUFFER_DATA_201 @ 0x206704f24
CHIP::DISPLAYPIPE0::DP_TX_CORE_INSTANCE_1.DP_TX_CORE_AUX_CH_BUFFER_DATA_202 @ 0x206704f28
CHIP::DISPLAYPIPE0::DP_TX_CORE_INSTANCE_1.DP_TX_CORE_AUX_CH_BUFFER_DATA_203 @ 0x206704f2c
CHIP::DISPLAYPIPE0::DP_TX_CORE_INSTANCE_1.DP_TX_CORE_AUX_CH_BUFFER_DATA_204 @ 0x206704f30
CHIP::DISPLAYPIPE0::DP_TX_CORE_INSTANCE_1.DP_TX_CORE_AUX_CH_BUFFER_DATA_205 @ 0x206704f34
CHIP::DISPLAYPIPE0::DP_TX_CORE_INSTANCE_1.DP_TX_CORE_AUX_CH_BUFFER_DATA_206 @ 0x206704f38
CHIP::DISPLAYPIPE0::DP_TX_CORE_INSTANCE_1.DP_TX_CORE_AUX_CH_BUFFER_DATA_207 @ 0x206704f3c
CHIP::DISPLAYPIPE0::DP_TX_CORE_INSTANCE_1.DP_TX_CORE_AUX_CH_BUFFER_DATA_208 @ 0x206704f40
CHIP::DISPLAYPIPE0::DP_TX_CORE_INSTANCE_1.DP_TX_CORE_AUX_CH_BUFFER_DATA_209 @ 0x206704f44
CHIP::DISPLAYPIPE0::DP_TX_CORE_INSTANCE_1.DP_TX_CORE_AUX_CH_BUFFER_DATA_210 @ 0x206704f48
CHIP::DISPLAYPIPE0::DP_TX_CORE_INSTANCE_1.DP_TX_CORE_AUX_CH_BUFFER_DATA_211 @ 0x206704f4c
CHIP::DISPLAYPIPE0::DP_TX_CORE_INSTANCE_1.DP_TX_CORE_AUX_CH_BUFFER_DATA_212 @ 0x206704f50
CHIP::DISPLAYPIPE0::DP_TX_CORE_INSTANCE_1.DP_TX_CORE_AUX_CH_BUFFER_DATA_213 @ 0x206704f54
CHIP::DISPLAYPIPE0::DP_TX_CORE_INSTANCE_1.DP_TX_CORE_AUX_CH_BUFFER_DATA_214 @ 0x206704f58
CHIP::DISPLAYPIPE0::DP_TX_CORE_INSTANCE_1.DP_TX_CORE_AUX_CH_BUFFER_DATA_215 @ 0x206704f5c
CHIP::DISPLAYPIPE0::DP_TX_CORE_INSTANCE_1.DP_TX_CORE_AUX_CH_BUFFER_DATA_216 @ 0x206704f60
CHIP::DISPLAYPIPE0::DP_TX_CORE_INSTANCE_1.DP_TX_CORE_AUX_CH_BUFFER_DATA_217 @ 0x206704f64
CHIP::DISPLAYPIPE0::DP_TX_CORE_INSTANCE_1.DP_TX_CORE_AUX_CH_BUFFER_DATA_218 @ 0x206704f68
CHIP::DISPLAYPIPE0::DP_TX_CORE_INSTANCE_1.DP_TX_CORE_AUX_CH_BUFFER_DATA_219 @ 0x206704f6c
CHIP::DISPLAYPIPE0::DP_TX_CORE_INSTANCE_1.DP_TX_CORE_AUX_CH_BUFFER_DATA_220 @ 0x206704f70
CHIP::DISPLAYPIPE0::DP_TX_CORE_INSTANCE_1.DP_TX_CORE_AUX_CH_BUFFER_DATA_221 @ 0x206704f74
CHIP::DISPLAYPIPE0::DP_TX_CORE_INSTANCE_1.DP_TX_CORE_AUX_CH_BUFFER_DATA_222 @ 0x206704f78
CHIP::DISPLAYPIPE0::DP_TX_CORE_INSTANCE_1.DP_TX_CORE_AUX_CH_BUFFER_DATA_223 @ 0x206704f7c
CHIP::DISPLAYPIPE0::DP_TX_CORE_INSTANCE_1.DP_TX_CORE_AUX_CH_BUFFER_DATA_224 @ 0x206704f80
CHIP::DISPLAYPIPE0::DP_TX_CORE_INSTANCE_1.DP_TX_CORE_AUX_CH_BUFFER_DATA_225 @ 0x206704f84
CHIP::DISPLAYPIPE0::DP_TX_CORE_INSTANCE_1.DP_TX_CORE_AUX_CH_BUFFER_DATA_226 @ 0x206704f88
CHIP::DISPLAYPIPE0::DP_TX_CORE_INSTANCE_1.DP_TX_CORE_AUX_CH_BUFFER_DATA_227 @ 0x206704f8c
CHIP::DISPLAYPIPE0::DP_TX_CORE_INSTANCE_1.DP_TX_CORE_AUX_CH_BUFFER_DATA_228 @ 0x206704f90
CHIP::DISPLAYPIPE0::DP_TX_CORE_INSTANCE_1.DP_TX_CORE_AUX_CH_BUFFER_DATA_229 @ 0x206704f94
CHIP::DISPLAYPIPE0::DP_TX_CORE_INSTANCE_1.DP_TX_CORE_AUX_CH_BUFFER_DATA_230 @ 0x206704f98
CHIP::DISPLAYPIPE0::DP_TX_CORE_INSTANCE_1.DP_TX_CORE_AUX_CH_BUFFER_DATA_231 @ 0x206704f9c
CHIP::DISPLAYPIPE0::DP_TX_CORE_INSTANCE_1.DP_TX_CORE_AUX_CH_BUFFER_DATA_232 @ 0x206704fa0
CHIP::DISPLAYPIPE0::DP_TX_CORE_INSTANCE_1.DP_TX_CORE_AUX_CH_BUFFER_DATA_233 @ 0x206704fa4
CHIP::DISPLAYPIPE0::DP_TX_CORE_INSTANCE_1.DP_TX_CORE_AUX_CH_BUFFER_DATA_234 @ 0x206704fa8
CHIP::DISPLAYPIPE0::DP_TX_CORE_INSTANCE_1.DP_TX_CORE_AUX_CH_BUFFER_DATA_235 @ 0x206704fac
CHIP::DISPLAYPIPE0::DP_TX_CORE_INSTANCE_1.DP_TX_CORE_AUX_CH_BUFFER_DATA_236 @ 0x206704fb0
CHIP::DISPLAYPIPE0::DP_TX_CORE_INSTANCE_1.DP_TX_CORE_AUX_CH_BUFFER_DATA_237 @ 0x206704fb4
CHIP::DISPLAYPIPE0::DP_TX_CORE_INSTANCE_1.DP_TX_CORE_AUX_CH_BUFFER_DATA_238 @ 0x206704fb8
CHIP::DISPLAYPIPE0::DP_TX_CORE_INSTANCE_1.DP_TX_CORE_AUX_CH_BUFFER_DATA_239 @ 0x206704fbc
CHIP::DISPLAYPIPE0::DP_TX_CORE_INSTANCE_1.DP_TX_CORE_AUX_CH_BUFFER_DATA_240 @ 0x206704fc0
CHIP::DISPLAYPIPE0::DP_TX_CORE_INSTANCE_1.DP_TX_CORE_AUX_CH_BUFFER_DATA_241 @ 0x206704fc4
CHIP::DISPLAYPIPE0::DP_TX_CORE_INSTANCE_1.DP_TX_CORE_AUX_CH_BUFFER_DATA_242 @ 0x206704fc8
CHIP::DISPLAYPIPE0::DP_TX_CORE_INSTANCE_1.DP_TX_CORE_AUX_CH_BUFFER_DATA_243 @ 0x206704fcc
CHIP::DISPLAYPIPE0::DP_TX_CORE_INSTANCE_1.DP_TX_CORE_AUX_CH_BUFFER_DATA_244 @ 0x206704fd0
CHIP::DISPLAYPIPE0::DP_TX_CORE_INSTANCE_1.DP_TX_CORE_AUX_CH_BUFFER_DATA_245 @ 0x206704fd4
CHIP::DISPLAYPIPE0::DP_TX_CORE_INSTANCE_1.DP_TX_CORE_AUX_CH_BUFFER_DATA_246 @ 0x206704fd8
CHIP::DISPLAYPIPE0::DP_TX_CORE_INSTANCE_1.DP_TX_CORE_AUX_CH_BUFFER_DATA_247 @ 0x206704fdc
CHIP::DISPLAYPIPE0::DP_TX_CORE_INSTANCE_1.DP_TX_CORE_AUX_CH_BUFFER_DATA_248 @ 0x206704fe0
CHIP::DISPLAYPIPE0::DP_TX_CORE_INSTANCE_1.DP_TX_CORE_AUX_CH_BUFFER_DATA_249 @ 0x206704fe4
CHIP::DISPLAYPIPE0::DP_TX_CORE_INSTANCE_1.DP_TX_CORE_AUX_CH_BUFFER_DATA_250 @ 0x206704fe8
CHIP::DISPLAYPIPE0::DP_TX_CORE_INSTANCE_1.DP_TX_CORE_AUX_CH_BUFFER_DATA_251 @ 0x206704fec
CHIP::DISPLAYPIPE0::DP_TX_CORE_INSTANCE_1.DP_TX_CORE_AUX_CH_BUFFER_DATA_252 @ 0x206704ff0
CHIP::DISPLAYPIPE0::DP_TX_CORE_INSTANCE_1.DP_TX_CORE_AUX_CH_BUFFER_DATA_253 @ 0x206704ff4
CHIP::DISPLAYPIPE0::DP_TX_CORE_INSTANCE_1.DP_TX_CORE_AUX_CH_BUFFER_DATA_254 @ 0x206704ff8
CHIP::DISPLAYPIPE0::DP_TX_CORE_INSTANCE_1.DP_TX_CORE_AUX_CH_BUFFER_DATA_255 @ 0x206704ffc
CHIP::DISPLAYPIPE0::DP_TX_CORE_INSTANCE_2.DP_TX_CORE_DP_TX_VERSION_REGISTER @ 0x206708010
CHIP::DISPLAYPIPE0::DP_TX_CORE_INSTANCE_2.DP_TX_CORE_FUNCTION_ENABLE_REGISTER_1 @ 0x206708018
CHIP::DISPLAYPIPE0::DP_TX_CORE_INSTANCE_2.DP_TX_CORE_FUNCTION_ENABLE_REGISTER_2 @ 0x20670801c
CHIP::DISPLAYPIPE0::DP_TX_CORE_INSTANCE_2.DP_TX_CORE_VIDEO_CONTROL_REGISTER_1 @ 0x206708020
CHIP::DISPLAYPIPE0::DP_TX_CORE_INSTANCE_2.DP_TX_CORE_VIDEO_CONTROL_REGISTER_2 @ 0x206708024
CHIP::DISPLAYPIPE0::DP_TX_CORE_INSTANCE_2.DP_TX_CORE_VIDEO_CONTROL_REGISTER_3 @ 0x206708028
CHIP::DISPLAYPIPE0::DP_TX_CORE_INSTANCE_2.DP_TX_CORE_VIDEO_CONTROL_REGISTER_4 @ 0x20670802c
CHIP::DISPLAYPIPE0::DP_TX_CORE_INSTANCE_2.DP_TX_CORE_VIDEO_CONTROL_REGISTER_8 @ 0x20670803c
CHIP::DISPLAYPIPE0::DP_TX_CORE_INSTANCE_2.DP_TX_CORE_VIDEO_CONTROL_REGISTER_10 @ 0x206708044
CHIP::DISPLAYPIPE0::DP_TX_CORE_INSTANCE_2.DP_TX_CORE_TOTAL_LINE_CFG_REGISTER @ 0x206708048
CHIP::DISPLAYPIPE0::DP_TX_CORE_INSTANCE_2.DP_TX_CORE_ACTIVE_LINE_CFG_REGISTER @ 0x20670804c
CHIP::DISPLAYPIPE0::DP_TX_CORE_INSTANCE_2.DP_TX_CORE_VERTICAL_FRONT_PORCH_CFG_REGISTER @ 0x206708050
CHIP::DISPLAYPIPE0::DP_TX_CORE_INSTANCE_2.DP_TX_CORE_VERTICAL_SYNC_WIDTH_CFG_REGISTER @ 0x206708054
CHIP::DISPLAYPIPE0::DP_TX_CORE_INSTANCE_2.DP_TX_CORE_VERTICAL_BACK_PORCH_CFG_REGISTER @ 0x206708058
CHIP::DISPLAYPIPE0::DP_TX_CORE_INSTANCE_2.DP_TX_CORE_TOTAL_PIXEL_CFG_REGISTER @ 0x20670805c
CHIP::DISPLAYPIPE0::DP_TX_CORE_INSTANCE_2.DP_TX_CORE_ACTIVE_PIXEL_CFG_REGISTER @ 0x206708060
CHIP::DISPLAYPIPE0::DP_TX_CORE_INSTANCE_2.DP_TX_CORE_HORIZON_FRONT_PORCH_CFG_REGISTER @ 0x206708064
CHIP::DISPLAYPIPE0::DP_TX_CORE_INSTANCE_2.DP_TX_CORE_HORIZON_SYNC_WIDTH_CFG_REGISTER @ 0x206708068
CHIP::DISPLAYPIPE0::DP_TX_CORE_INSTANCE_2.DP_TX_CORE_HORIZON_BACK_PORCH_CFG_REGISTER @ 0x20670806c
CHIP::DISPLAYPIPE0::DP_TX_CORE_INSTANCE_2.DP_TX_CORE_VIDEO_STATUS_REGISTER @ 0x20670808c
CHIP::DISPLAYPIPE0::DP_TX_CORE_INSTANCE_2.DP_TX_CORE_TOTAL_LINE_STATUS_REGISTER @ 0x206708090
CHIP::DISPLAYPIPE0::DP_TX_CORE_INSTANCE_2.DP_TX_CORE_ACTIVE_LINE_STATUS_REGISTER @ 0x206708094
CHIP::DISPLAYPIPE0::DP_TX_CORE_INSTANCE_2.DP_TX_CORE_VERTICAL_FRONT_PORCH_STATUS_REGISTER @ 0x206708098
CHIP::DISPLAYPIPE0::DP_TX_CORE_INSTANCE_2.DP_TX_CORE_VERTICAL_SYNC_WIDTH_STATUS_REGISTER @ 0x20670809c
CHIP::DISPLAYPIPE0::DP_TX_CORE_INSTANCE_2.DP_TX_CORE_VERTICAL_BACK_PORCH_STATUS_REGISTER @ 0x2067080a0
CHIP::DISPLAYPIPE0::DP_TX_CORE_INSTANCE_2.DP_TX_CORE_TOTAL_PIXEL_STATUS_REGISTER @ 0x2067080a4
CHIP::DISPLAYPIPE0::DP_TX_CORE_INSTANCE_2.DP_TX_CORE_ACTIVE_PIXEL_STATUS_REGISTER @ 0x2067080a8
CHIP::DISPLAYPIPE0::DP_TX_CORE_INSTANCE_2.DP_TX_CORE_HORIZON_FRONT_PORCH_STATUS_REGISTER @ 0x2067080ac
CHIP::DISPLAYPIPE0::DP_TX_CORE_INSTANCE_2.DP_TX_CORE_HORIZON_SYNC_WIDTH_STATUS_REGISTER @ 0x2067080b0
CHIP::DISPLAYPIPE0::DP_TX_CORE_INSTANCE_2.DP_TX_CORE_HORIZON_BACK_PORCH_STATUS_REGISTER @ 0x2067080b4
CHIP::DISPLAYPIPE0::DP_TX_CORE_INSTANCE_2.DP_TX_CORE_ADVANCED_LINK_POWER_MANAGEMENT_CONTROL_1 @ 0x206708110
CHIP::DISPLAYPIPE0::DP_TX_CORE_INSTANCE_2.DP_TX_CORE_ADVANCED_LINK_POWER_MANAGEMENT_CONTROL_2 @ 0x206708114
CHIP::DISPLAYPIPE0::DP_TX_CORE_INSTANCE_2.DP_TX_CORE_PLL_POWER_DOWN_TO_ML_WAKEUP_TIMER @ 0x206708118
CHIP::DISPLAYPIPE0::DP_TX_CORE_INSTANCE_2.DP_TX_CORE_WAIT_AUX_PHY_WAKE_ACK_TIMER_REGISTER @ 0x20670811c
CHIP::DISPLAYPIPE0::DP_TX_CORE_INSTANCE_2.DP_TX_CORE_WAKEUP_LINES_REGISTER @ 0x206708120
CHIP::DISPLAYPIPE0::DP_TX_CORE_INSTANCE_2.DP_TX_CORE_WAKEUP_CR_SYMBOLS @ 0x206708124
CHIP::DISPLAYPIPE0::DP_TX_CORE_INSTANCE_2.DP_TX_CORE_SYMBOL_LOCK_PATTERN @ 0x206708130
CHIP::DISPLAYPIPE0::DP_TX_CORE_INSTANCE_2.DP_TX_CORE_PLL_POWER_DOWN_TO_ML_WAKEUP_LINES @ 0x206708134
CHIP::DISPLAYPIPE0::DP_TX_CORE_INSTANCE_2.DP_TX_CORE_PLL_POWER_DOWN_TO_ML_WAKEUP_TIME @ 0x206708138
CHIP::DISPLAYPIPE0::DP_TX_CORE_INSTANCE_2.DP_TX_CORE_WAKEUP_F_CHANGE_M_VID_7_0 @ 0x206708140
CHIP::DISPLAYPIPE0::DP_TX_CORE_INSTANCE_2.DP_TX_CORE_WAKEUP_F_CHANGE_M_VID_15_8 @ 0x206708144
CHIP::DISPLAYPIPE0::DP_TX_CORE_INSTANCE_2.DP_TX_CORE_WAKEUP_F_CHANGE_M_VID_23_16 @ 0x206708148
CHIP::DISPLAYPIPE0::DP_TX_CORE_INSTANCE_2.DP_TX_CORE_SLEEP_STANDBY_DELAY_REGISTER @ 0x206708154
CHIP::DISPLAYPIPE0::DP_TX_CORE_INSTANCE_2.DP_TX_CORE_AVI_INFOFRAME_PACKET_DATA_BYTE_1 @ 0x2067081d0
CHIP::DISPLAYPIPE0::DP_TX_CORE_INSTANCE_2.DP_TX_CORE_AVI_INFOFRAME_PACKET_DATA_BYTE_2 @ 0x2067081d4
CHIP::DISPLAYPIPE0::DP_TX_CORE_INSTANCE_2.DP_TX_CORE_AVI_INFOFRAME_PACKET_DATA_BYTE_3 @ 0x2067081d8
CHIP::DISPLAYPIPE0::DP_TX_CORE_INSTANCE_2.DP_TX_CORE_AVI_INFOFRAME_PACKET_DATA_BYTE_4 @ 0x2067081dc
CHIP::DISPLAYPIPE0::DP_TX_CORE_INSTANCE_2.DP_TX_CORE_AVI_INFOFRAME_PACKET_DATA_BYTE_5 @ 0x2067081e0
CHIP::DISPLAYPIPE0::DP_TX_CORE_INSTANCE_2.DP_TX_CORE_AVI_INFOFRAME_PACKET_DATA_BYTE_6 @ 0x2067081e4
CHIP::DISPLAYPIPE0::DP_TX_CORE_INSTANCE_2.DP_TX_CORE_AVI_INFOFRAME_PACKET_DATA_BYTE_7 @ 0x2067081e8
CHIP::DISPLAYPIPE0::DP_TX_CORE_INSTANCE_2.DP_TX_CORE_AVI_INFOFRAME_PACKET_DATA_BYTE_8 @ 0x2067081ec
CHIP::DISPLAYPIPE0::DP_TX_CORE_INSTANCE_2.DP_TX_CORE_AVI_INFOFRAME_PACKET_DATA_BYTE_9 @ 0x2067081f0
CHIP::DISPLAYPIPE0::DP_TX_CORE_INSTANCE_2.DP_TX_CORE_AVI_INFOFRAME_PACKET_DATA_BYTE_10 @ 0x2067081f4
CHIP::DISPLAYPIPE0::DP_TX_CORE_INSTANCE_2.DP_TX_CORE_AVI_INFOFRAME_PACKET_DATA_BYTE_11 @ 0x2067081f8
CHIP::DISPLAYPIPE0::DP_TX_CORE_INSTANCE_2.DP_TX_CORE_AVI_INFOFRAME_PACKET_DATA_BYTE_12 @ 0x2067081fc
CHIP::DISPLAYPIPE0::DP_TX_CORE_INSTANCE_2.DP_TX_CORE_AVI_INFOFRAME_PACKET_DATA_BYTE_13 @ 0x206708200
CHIP::DISPLAYPIPE0::DP_TX_CORE_INSTANCE_2.DP_TX_CORE_INFOFRAME_PACKET_TYPE_CODE @ 0x206708244
CHIP::DISPLAYPIPE0::DP_TX_CORE_INSTANCE_2.DP_TX_CORE_INFOFRAME_PACKET_DATA_BYTE_1 @ 0x206708254
CHIP::DISPLAYPIPE0::DP_TX_CORE_INSTANCE_2.DP_TX_CORE_INFOFRAME_PACKET_DATA_BYTE_2 @ 0x206708258
CHIP::DISPLAYPIPE0::DP_TX_CORE_INSTANCE_2.DP_TX_CORE_INFOFRAME_PACKET_DATA_BYTE_3 @ 0x20670825c
CHIP::DISPLAYPIPE0::DP_TX_CORE_INSTANCE_2.DP_TX_CORE_INFOFRAME_PACKET_DATA_BYTE_4 @ 0x206708260
CHIP::DISPLAYPIPE0::DP_TX_CORE_INSTANCE_2.DP_TX_CORE_INFOFRAME_PACKET_DATA_BYTE_5 @ 0x206708264
CHIP::DISPLAYPIPE0::DP_TX_CORE_INSTANCE_2.DP_TX_CORE_INFOFRAME_PACKET_DATA_BYTE_6 @ 0x206708268
CHIP::DISPLAYPIPE0::DP_TX_CORE_INSTANCE_2.DP_TX_CORE_INFOFRAME_PACKET_DATA_BYTE_7 @ 0x20670826c
CHIP::DISPLAYPIPE0::DP_TX_CORE_INSTANCE_2.DP_TX_CORE_INFOFRAME_PACKET_DATA_BYTE_8 @ 0x206708270
CHIP::DISPLAYPIPE0::DP_TX_CORE_INSTANCE_2.DP_TX_CORE_INFOFRAME_PACKET_DATA_BYTE_9 @ 0x206708274
CHIP::DISPLAYPIPE0::DP_TX_CORE_INSTANCE_2.DP_TX_CORE_INFOFRAME_PACKET_DATA_BYTE_10 @ 0x206708278
CHIP::DISPLAYPIPE0::DP_TX_CORE_INSTANCE_2.DP_TX_CORE_INFOFRAME_PACKET_DATA_BYTE_11 @ 0x20670827c
CHIP::DISPLAYPIPE0::DP_TX_CORE_INSTANCE_2.DP_TX_CORE_INFOFRAME_PACKET_DATA_BYTE_12 @ 0x206708280
CHIP::DISPLAYPIPE0::DP_TX_CORE_INSTANCE_2.DP_TX_CORE_INFOFRAME_PACKET_DATA_BYTE_13 @ 0x206708284
CHIP::DISPLAYPIPE0::DP_TX_CORE_INSTANCE_2.DP_TX_CORE_INFOFRAME_PACKET_DATA_BYTE_14 @ 0x206708288
CHIP::DISPLAYPIPE0::DP_TX_CORE_INSTANCE_2.DP_TX_CORE_INFOFRAME_PACKET_DATA_BYTE_15 @ 0x20670828c
CHIP::DISPLAYPIPE0::DP_TX_CORE_INSTANCE_2.DP_TX_CORE_INFOFRAME_PACKET_DATA_BYTE_16 @ 0x206708290
CHIP::DISPLAYPIPE0::DP_TX_CORE_INSTANCE_2.DP_TX_CORE_INFOFRAME_PACKET_DATA_BYTE_17 @ 0x206708294
CHIP::DISPLAYPIPE0::DP_TX_CORE_INSTANCE_2.DP_TX_CORE_INFOFRAME_PACKET_DATA_BYTE_18 @ 0x206708298
CHIP::DISPLAYPIPE0::DP_TX_CORE_INSTANCE_2.DP_TX_CORE_INFOFRAME_PACKET_DATA_BYTE_19 @ 0x20670829c
CHIP::DISPLAYPIPE0::DP_TX_CORE_INSTANCE_2.DP_TX_CORE_INFOFRAME_PACKET_DATA_BYTE_20 @ 0x2067082a0
CHIP::DISPLAYPIPE0::DP_TX_CORE_INSTANCE_2.DP_TX_CORE_INFOFRAME_PACKET_DATA_BYTE_21 @ 0x2067082a4
CHIP::DISPLAYPIPE0::DP_TX_CORE_INSTANCE_2.DP_TX_CORE_INFOFRAME_PACKET_DATA_BYTE_22 @ 0x2067082a8
CHIP::DISPLAYPIPE0::DP_TX_CORE_INSTANCE_2.DP_TX_CORE_INFOFRAME_PACKET_DATA_BYTE_23 @ 0x2067082ac
CHIP::DISPLAYPIPE0::DP_TX_CORE_INSTANCE_2.DP_TX_CORE_INFOFRAME_PACKET_DATA_BYTE_24 @ 0x2067082b0
CHIP::DISPLAYPIPE0::DP_TX_CORE_INSTANCE_2.DP_TX_CORE_INFOFRAME_PACKET_DATA_BYTE_25 @ 0x2067082b4
CHIP::DISPLAYPIPE0::DP_TX_CORE_INSTANCE_2.DP_TX_CORE_MPEG_SOURCE_INFOFRAME_PACKET_DATA_BYTE_1 @ 0x2067082d0
CHIP::DISPLAYPIPE0::DP_TX_CORE_INSTANCE_2.DP_TX_CORE_MPEG_SOURCE_INFOFRAME_PACKET_DATA_BYTE_2 @ 0x2067082d4
CHIP::DISPLAYPIPE0::DP_TX_CORE_INSTANCE_2.DP_TX_CORE_MPEG_SOURCE_INFOFRAME_PACKET_DATA_BYTE_3 @ 0x2067082d8
CHIP::DISPLAYPIPE0::DP_TX_CORE_INSTANCE_2.DP_TX_CORE_MPEG_SOURCE_INFOFRAME_PACKET_DATA_BYTE_4 @ 0x2067082dc
CHIP::DISPLAYPIPE0::DP_TX_CORE_INSTANCE_2.DP_TX_CORE_MPEG_SOURCE_INFOFRAME_PACKET_DATA_BYTE_5 @ 0x2067082e0
CHIP::DISPLAYPIPE0::DP_TX_CORE_INSTANCE_2.DP_TX_CORE_MPEG_SOURCE_INFOFRAME_PACKET_DATA_BYTE_6 @ 0x2067082e4
CHIP::DISPLAYPIPE0::DP_TX_CORE_INSTANCE_2.DP_TX_CORE_MPEG_SOURCE_INFOFRAME_PACKET_DATA_BYTE_7 @ 0x2067082e8
CHIP::DISPLAYPIPE0::DP_TX_CORE_INSTANCE_2.DP_TX_CORE_MPEG_SOURCE_INFOFRAME_PACKET_DATA_BYTE_8 @ 0x2067082ec
CHIP::DISPLAYPIPE0::DP_TX_CORE_INSTANCE_2.DP_TX_CORE_MPEG_SOURCE_INFOFRAME_PACKET_DATA_BYTE_9 @ 0x2067082f0
CHIP::DISPLAYPIPE0::DP_TX_CORE_INSTANCE_2.DP_TX_CORE_MPEG_SOURCE_INFOFRAME_PACKET_DATA_BYTE_10 @ 0x2067082f4
CHIP::DISPLAYPIPE0::DP_TX_CORE_INSTANCE_2.DP_TX_CORE_LANE_MAP_REGISTER @ 0x20670835c
CHIP::DISPLAYPIPE0::DP_TX_CORE_INSTANCE_2.DP_TX_CORE_ANALOG_CONTROL_REGISTER_1 @ 0x206708370
CHIP::DISPLAYPIPE0::DP_TX_CORE_INSTANCE_2.DP_TX_CORE_ANALOG_CONTROL_REGISTER_2 @ 0x206708374
CHIP::DISPLAYPIPE0::DP_TX_CORE_INSTANCE_2.DP_TX_CORE_ANALOG_CONTROL_REGISTER_3 @ 0x206708378
CHIP::DISPLAYPIPE0::DP_TX_CORE_INSTANCE_2.DP_TX_CORE_PLL_FILTER_CONTROL_REGISTER_1 @ 0x20670837c
CHIP::DISPLAYPIPE0::DP_TX_CORE_INSTANCE_2.DP_TX_CORE_PLL_FILTER_CONTROL_REGISTER_2 @ 0x206708380
CHIP::DISPLAYPIPE0::DP_TX_CORE_INSTANCE_2.DP_TX_CORE_PLL_FILTER_CONTROL_REGISTER_3 @ 0x206708384
CHIP::DISPLAYPIPE0::DP_TX_CORE_INSTANCE_2.DP_TX_CORE_BIST_AUX_CH_RELATED_REGISTER @ 0x206708390
CHIP::DISPLAYPIPE0::DP_TX_CORE_INSTANCE_2.DP_TX_CORE_INTERRUPT_STATUS_REGISTER @ 0x2067083c0
CHIP::DISPLAYPIPE0::DP_TX_CORE_INSTANCE_2.DP_TX_CORE_COMMON_INTERRUPT_STATUS_REGISTER_1 @ 0x2067083c4
CHIP::DISPLAYPIPE0::DP_TX_CORE_INSTANCE_2.DP_TX_CORE_COMMON_INTERRUPT_STATUS_REGISTER_4 @ 0x2067083d0
CHIP::DISPLAYPIPE0::DP_TX_CORE_INSTANCE_2.DP_TX_CORE_DISPLAYPORT_INTERRUPT_STATUS_REGISTER @ 0x2067083dc
CHIP::DISPLAYPIPE0::DP_TX_CORE_INSTANCE_2.DP_TX_CORE_INTERRUPT_MASK_REGISTER_1 @ 0x2067083e0
CHIP::DISPLAYPIPE0::DP_TX_CORE_INSTANCE_2.DP_TX_CORE_INTERRUPT_MASK_REGISTER_4 @ 0x2067083ec
CHIP::DISPLAYPIPE0::DP_TX_CORE_INSTANCE_2.DP_TX_CORE_INTERRUPT_ENABLE_REGISTER @ 0x2067083f8
CHIP::DISPLAYPIPE0::DP_TX_CORE_INSTANCE_2.DP_TX_CORE_INTERRUPT_CONTROL_REGISTER @ 0x2067083fc
CHIP::DISPLAYPIPE0::DP_TX_CORE_INSTANCE_2.DP_TX_CORE_SYSTEM_CONTROL_REGISTER_1 @ 0x206708600
CHIP::DISPLAYPIPE0::DP_TX_CORE_INSTANCE_2.DP_TX_CORE_SYSTEM_CONTROL_REGISTER_2 @ 0x206708604
CHIP::DISPLAYPIPE0::DP_TX_CORE_INSTANCE_2.DP_TX_CORE_SYSTEM_CONTROL_REGISTER_3 @ 0x206708608
CHIP::DISPLAYPIPE0::DP_TX_CORE_INSTANCE_2.DP_TX_CORE_SYSTEM_CONTROL_REGISTER_4 @ 0x20670860c
CHIP::DISPLAYPIPE0::DP_TX_CORE_INSTANCE_2.DP_TX_CORE_DP_VIDEO_CONTROL_REGISTER @ 0x206708610
CHIP::DISPLAYPIPE0::DP_TX_CORE_INSTANCE_2.DP_TX_CORE_DP_EDP_CONTROL_REGISTER @ 0x206708614
CHIP::DISPLAYPIPE0::DP_TX_CORE_INSTANCE_2.DP_TX_CORE_LINE_STATE_DEBUG_REGISTER @ 0x206708618
CHIP::DISPLAYPIPE0::DP_TX_CORE_INSTANCE_2.DP_TX_CORE_VERTICAL_SYNC_DEBUG_COUNTER_REGISTER @ 0x20670861c
CHIP::DISPLAYPIPE0::DP_TX_CORE_INSTANCE_2.DP_TX_CORE_VERTICAL_BACK_DEBUG_COUNTER_REGISTER @ 0x206708620
CHIP::DISPLAYPIPE0::DP_TX_CORE_INSTANCE_2.DP_TX_CORE_VERTICAL_ACTIVE_DEBUG_COUNTER_REGISTER @ 0x206708624
CHIP::DISPLAYPIPE0::DP_TX_CORE_INSTANCE_2.DP_TX_CORE_VERTICAL_FRONT_DEBUG_COUNTER_REGISTER @ 0x206708628
CHIP::DISPLAYPIPE0::DP_TX_CORE_INSTANCE_2.DP_TX_CORE_PACKET_SEND_CONTROL_REGISTER @ 0x206708640
CHIP::DISPLAYPIPE0::DP_TX_CORE_INSTANCE_2.DP_TX_CORE_SCAN_LINK_CLK_SELECT_REGISTER @ 0x206708648
CHIP::DISPLAYPIPE0::DP_TX_CORE_INSTANCE_2.DP_TX_CORE_MAIN_LINK_BANDWIDTH_SETTING_REGISTER @ 0x206708680
CHIP::DISPLAYPIPE0::DP_TX_CORE_INSTANCE_2.DP_TX_CORE_MAIN_LINK_LANE_COUNT_REGISTER @ 0x206708684
CHIP::DISPLAYPIPE0::DP_TX_CORE_INSTANCE_2.DP_TX_CORE_DP_TRAINING_PATTERN_SET_REGISTER @ 0x206708688
CHIP::DISPLAYPIPE0::DP_TX_CORE_INSTANCE_2.DP_TX_CORE_DP_LANE_0_LINK_TRAINING_CONTROL_REGISTER @ 0x20670868c
CHIP::DISPLAYPIPE0::DP_TX_CORE_INSTANCE_2.DP_TX_CORE_DP_LANE_1_LINK_TRAINING_CONTROL_REGISTER @ 0x206708690
CHIP::DISPLAYPIPE0::DP_TX_CORE_INSTANCE_2.DP_TX_CORE_DP_LANE_2_LINK_TRAINING_CONTROL_REGISTER @ 0x206708694
CHIP::DISPLAYPIPE0::DP_TX_CORE_INSTANCE_2.DP_TX_CORE_DP_LANE_3_LINK_TRAINING_CONTROL_REGISTER @ 0x206708698
CHIP::DISPLAYPIPE0::DP_TX_CORE_INSTANCE_2.DP_TX_CORE_DP_DOWN_SPREADING_CONTROL_REGISTER @ 0x20670869c
CHIP::DISPLAYPIPE0::DP_TX_CORE_INSTANCE_2.DP_TX_CORE_DP_HARDWARE_TRAINING_CONTROL_REGISTER @ 0x2067086a0
CHIP::DISPLAYPIPE0::DP_TX_CORE_INSTANCE_2.DP_TX_CORE_DP_DEBUG_CONTROL_REGISTER_1 @ 0x2067086c0
CHIP::DISPLAYPIPE0::DP_TX_CORE_INSTANCE_2.DP_TX_CORE_DP_HPD_DEGLITCH_REGISTER @ 0x2067086c4
CHIP::DISPLAYPIPE0::DP_TX_CORE_INSTANCE_2.DP_TX_CORE_POLLING_PERIOD @ 0x2067086cc
CHIP::DISPLAYPIPE0::DP_TX_CORE_INSTANCE_2.DP_TX_CORE_DP_LINK_DEBUG_CONTROL_REGISTER @ 0x2067086e0
CHIP::DISPLAYPIPE0::DP_TX_CORE_INSTANCE_2.DP_TX_CORE_SINK_COUNT @ 0x2067086e4
CHIP::DISPLAYPIPE0::DP_TX_CORE_INSTANCE_2.DP_TX_CORE_IRQ_VECTOR @ 0x2067086e8
CHIP::DISPLAYPIPE0::DP_TX_CORE_INSTANCE_2.DP_TX_CORE_LANE0_AND_LANE1_STATUS @ 0x2067086ec
CHIP::DISPLAYPIPE0::DP_TX_CORE_INSTANCE_2.DP_TX_CORE_LANE2_AND_LANE3_STATUS @ 0x2067086f0
CHIP::DISPLAYPIPE0::DP_TX_CORE_INSTANCE_2.DP_TX_CORE_ALIGN_STATUS @ 0x2067086f4
CHIP::DISPLAYPIPE0::DP_TX_CORE_INSTANCE_2.DP_TX_CORE_SINK_STATUS @ 0x2067086f8
CHIP::DISPLAYPIPE0::DP_TX_CORE_INSTANCE_2.DP_TX_CORE_M_VID_CFG_REGISTER_0 @ 0x206708700
CHIP::DISPLAYPIPE0::DP_TX_CORE_INSTANCE_2.DP_TX_CORE_M_VID_CFG_REGISTER_1 @ 0x206708704
CHIP::DISPLAYPIPE0::DP_TX_CORE_INSTANCE_2.DP_TX_CORE_M_VID_CFG_REGISTER_2 @ 0x206708708
CHIP::DISPLAYPIPE0::DP_TX_CORE_INSTANCE_2.DP_TX_CORE_N_VID_CFG_REGISTER_0 @ 0x20670870c
CHIP::DISPLAYPIPE0::DP_TX_CORE_INSTANCE_2.DP_TX_CORE_N_VID_CFG_REGISTER_1 @ 0x206708710
CHIP::DISPLAYPIPE0::DP_TX_CORE_INSTANCE_2.DP_TX_CORE_N_VID_CFG_REGISTER_2 @ 0x206708714
CHIP::DISPLAYPIPE0::DP_TX_CORE_INSTANCE_2.DP_TX_CORE_M_VID_VALUE_MONITOR_REGISTER @ 0x206708718
CHIP::DISPLAYPIPE0::DP_TX_CORE_INSTANCE_2.DP_TX_CORE_DP_PLL_CONTROL_REGISTER @ 0x20670871c
CHIP::DISPLAYPIPE0::DP_TX_CORE_INSTANCE_2.DP_TX_CORE_DP_ANALOG_POWER_DOWN_REGISTER @ 0x206708720
CHIP::DISPLAYPIPE0::DP_TX_CORE_INSTANCE_2.DP_TX_CORE_DP_ANALOG_TEST_REGISTER @ 0x206708724
CHIP::DISPLAYPIPE0::DP_TX_CORE_INSTANCE_2.DP_TX_CORE_DP_SCRAMBLER_RESET_COUNTER_REGISTER @ 0x206708728
CHIP::DISPLAYPIPE0::DP_TX_CORE_INSTANCE_2.DP_TX_CORE_DP_VIDEO_DATA_FIFO_THRESHOLD_REGISTER @ 0x206708730
CHIP::DISPLAYPIPE0::DP_TX_CORE_INSTANCE_2.DP_TX_CORE_DP_GNS_CONTROL_REGISTER @ 0x206708734
CHIP::DISPLAYPIPE0::DP_TX_CORE_INSTANCE_2.DP_TX_CORE_DOWN_SPREADING_CONTROL_REGISTER_1 @ 0x206708740
CHIP::DISPLAYPIPE0::DP_TX_CORE_INSTANCE_2.DP_TX_CORE_DOWN_SPREADING_CONTROL_REGISTER_2 @ 0x206708744
CHIP::DISPLAYPIPE0::DP_TX_CORE_INSTANCE_2.DP_TX_CORE_DP_M_VID_CALCULATION_CONTROL_REGISTER @ 0x206708760
CHIP::DISPLAYPIPE0::DP_TX_CORE_INSTANCE_2.DP_TX_CORE_THRESHOLD_REGISTER_OF_M_VID_GENERATION_FILTER @ 0x206708764
CHIP::DISPLAYPIPE0::DP_TX_CORE_INSTANCE_2.DP_TX_CORE_AUX_CHANNEL_BIT_PERIOD_ADJUST_REGISTER @ 0x206708774
CHIP::DISPLAYPIPE0::DP_TX_CORE_INSTANCE_2.DP_TX_CORE_AUX_CHANNEL_LOCK_LOST_COUNTER_REGISTER @ 0x206708778
CHIP::DISPLAYPIPE0::DP_TX_CORE_INSTANCE_2.DP_TX_CORE_AUX_CHANNEL_TX_TIMER_REGISTER @ 0x20670877c
CHIP::DISPLAYPIPE0::DP_TX_CORE_INSTANCE_2.DP_TX_CORE_AUX_CHANNEL_ACCESS_STATUS_REGISTER @ 0x206708780
CHIP::DISPLAYPIPE0::DP_TX_CORE_INSTANCE_2.DP_TX_CORE_AUX_CHANNEL_ACCESS_ERROR_CODE_REGISTER @ 0x206708784
CHIP::DISPLAYPIPE0::DP_TX_CORE_INSTANCE_2.DP_TX_CORE_DP_AUX_CH_DEFER_CONTROL_REGISTER @ 0x206708788
CHIP::DISPLAYPIPE0::DP_TX_CORE_INSTANCE_2.DP_TX_CORE_DP_AUX_RX_COMMAND_REGISTER @ 0x20670878c
CHIP::DISPLAYPIPE0::DP_TX_CORE_INSTANCE_2.DP_TX_CORE_DP_BUFFER_DATA_COUNT_REGISTER @ 0x206708790
CHIP::DISPLAYPIPE0::DP_TX_CORE_INSTANCE_2.DP_TX_CORE_DP_AUX_CHANNEL_LENGTH_REGISTER @ 0x206708794
CHIP::DISPLAYPIPE0::DP_TX_CORE_INSTANCE_2.DP_TX_CORE_DP_AUX_CH_ADDRESS_REGISTER_0 @ 0x206708798
CHIP::DISPLAYPIPE0::DP_TX_CORE_INSTANCE_2.DP_TX_CORE_DP_AUX_CH_ADDRESS_REGISTER_1 @ 0x20670879c
CHIP::DISPLAYPIPE0::DP_TX_CORE_INSTANCE_2.DP_TX_CORE_DP_AUX_CH_CONTROL_REGISTER_1 @ 0x2067087a0
CHIP::DISPLAYPIPE0::DP_TX_CORE_INSTANCE_2.DP_TX_CORE_DP_AUX_CH_CONTROL_REGISTER_2 @ 0x2067087a4
CHIP::DISPLAYPIPE0::DP_TX_CORE_INSTANCE_2.DP_TX_CORE_CRC_CHECK_CONTROL @ 0x206708890
CHIP::DISPLAYPIPE0::DP_TX_CORE_INSTANCE_2.DP_TX_CORE_CRC_RESULT @ 0x206708894
CHIP::DISPLAYPIPE0::DP_TX_CORE_INSTANCE_2.DP_TX_CORE_MAIN_LINK_TEST_PATTERN @ 0x206708900
CHIP::DISPLAYPIPE0::DP_TX_CORE_INSTANCE_2.DP_TX_CORE_ERROR_INJECTION_CONTROL_1 @ 0x206708904
CHIP::DISPLAYPIPE0::DP_TX_CORE_INSTANCE_2.DP_TX_CORE_ERROR_INJECTION_CONTROL_2 @ 0x206708908
CHIP::DISPLAYPIPE0::DP_TX_CORE_INSTANCE_2.DP_TX_CORE_AUX_CH_BUFFER_DATA_0 @ 0x206708c00
CHIP::DISPLAYPIPE0::DP_TX_CORE_INSTANCE_2.DP_TX_CORE_AUX_CH_BUFFER_DATA_1 @ 0x206708c04
CHIP::DISPLAYPIPE0::DP_TX_CORE_INSTANCE_2.DP_TX_CORE_AUX_CH_BUFFER_DATA_2 @ 0x206708c08
CHIP::DISPLAYPIPE0::DP_TX_CORE_INSTANCE_2.DP_TX_CORE_AUX_CH_BUFFER_DATA_3 @ 0x206708c0c
CHIP::DISPLAYPIPE0::DP_TX_CORE_INSTANCE_2.DP_TX_CORE_AUX_CH_BUFFER_DATA_4 @ 0x206708c10
CHIP::DISPLAYPIPE0::DP_TX_CORE_INSTANCE_2.DP_TX_CORE_AUX_CH_BUFFER_DATA_5 @ 0x206708c14
CHIP::DISPLAYPIPE0::DP_TX_CORE_INSTANCE_2.DP_TX_CORE_AUX_CH_BUFFER_DATA_6 @ 0x206708c18
CHIP::DISPLAYPIPE0::DP_TX_CORE_INSTANCE_2.DP_TX_CORE_AUX_CH_BUFFER_DATA_7 @ 0x206708c1c
CHIP::DISPLAYPIPE0::DP_TX_CORE_INSTANCE_2.DP_TX_CORE_AUX_CH_BUFFER_DATA_8 @ 0x206708c20
CHIP::DISPLAYPIPE0::DP_TX_CORE_INSTANCE_2.DP_TX_CORE_AUX_CH_BUFFER_DATA_9 @ 0x206708c24
CHIP::DISPLAYPIPE0::DP_TX_CORE_INSTANCE_2.DP_TX_CORE_AUX_CH_BUFFER_DATA_10 @ 0x206708c28
CHIP::DISPLAYPIPE0::DP_TX_CORE_INSTANCE_2.DP_TX_CORE_AUX_CH_BUFFER_DATA_11 @ 0x206708c2c
CHIP::DISPLAYPIPE0::DP_TX_CORE_INSTANCE_2.DP_TX_CORE_AUX_CH_BUFFER_DATA_12 @ 0x206708c30
CHIP::DISPLAYPIPE0::DP_TX_CORE_INSTANCE_2.DP_TX_CORE_AUX_CH_BUFFER_DATA_13 @ 0x206708c34
CHIP::DISPLAYPIPE0::DP_TX_CORE_INSTANCE_2.DP_TX_CORE_AUX_CH_BUFFER_DATA_14 @ 0x206708c38
CHIP::DISPLAYPIPE0::DP_TX_CORE_INSTANCE_2.DP_TX_CORE_AUX_CH_BUFFER_DATA_15 @ 0x206708c3c
CHIP::DISPLAYPIPE0::DP_TX_CORE_INSTANCE_2.DP_TX_CORE_AUX_CH_BUFFER_DATA_16 @ 0x206708c40
CHIP::DISPLAYPIPE0::DP_TX_CORE_INSTANCE_2.DP_TX_CORE_AUX_CH_BUFFER_DATA_17 @ 0x206708c44
CHIP::DISPLAYPIPE0::DP_TX_CORE_INSTANCE_2.DP_TX_CORE_AUX_CH_BUFFER_DATA_18 @ 0x206708c48
CHIP::DISPLAYPIPE0::DP_TX_CORE_INSTANCE_2.DP_TX_CORE_AUX_CH_BUFFER_DATA_19 @ 0x206708c4c
CHIP::DISPLAYPIPE0::DP_TX_CORE_INSTANCE_2.DP_TX_CORE_AUX_CH_BUFFER_DATA_20 @ 0x206708c50
CHIP::DISPLAYPIPE0::DP_TX_CORE_INSTANCE_2.DP_TX_CORE_AUX_CH_BUFFER_DATA_21 @ 0x206708c54
CHIP::DISPLAYPIPE0::DP_TX_CORE_INSTANCE_2.DP_TX_CORE_AUX_CH_BUFFER_DATA_22 @ 0x206708c58
CHIP::DISPLAYPIPE0::DP_TX_CORE_INSTANCE_2.DP_TX_CORE_AUX_CH_BUFFER_DATA_23 @ 0x206708c5c
CHIP::DISPLAYPIPE0::DP_TX_CORE_INSTANCE_2.DP_TX_CORE_AUX_CH_BUFFER_DATA_24 @ 0x206708c60
CHIP::DISPLAYPIPE0::DP_TX_CORE_INSTANCE_2.DP_TX_CORE_AUX_CH_BUFFER_DATA_25 @ 0x206708c64
CHIP::DISPLAYPIPE0::DP_TX_CORE_INSTANCE_2.DP_TX_CORE_AUX_CH_BUFFER_DATA_26 @ 0x206708c68
CHIP::DISPLAYPIPE0::DP_TX_CORE_INSTANCE_2.DP_TX_CORE_AUX_CH_BUFFER_DATA_27 @ 0x206708c6c
CHIP::DISPLAYPIPE0::DP_TX_CORE_INSTANCE_2.DP_TX_CORE_AUX_CH_BUFFER_DATA_28 @ 0x206708c70
CHIP::DISPLAYPIPE0::DP_TX_CORE_INSTANCE_2.DP_TX_CORE_AUX_CH_BUFFER_DATA_29 @ 0x206708c74
CHIP::DISPLAYPIPE0::DP_TX_CORE_INSTANCE_2.DP_TX_CORE_AUX_CH_BUFFER_DATA_30 @ 0x206708c78
CHIP::DISPLAYPIPE0::DP_TX_CORE_INSTANCE_2.DP_TX_CORE_AUX_CH_BUFFER_DATA_31 @ 0x206708c7c
CHIP::DISPLAYPIPE0::DP_TX_CORE_INSTANCE_2.DP_TX_CORE_AUX_CH_BUFFER_DATA_32 @ 0x206708c80
CHIP::DISPLAYPIPE0::DP_TX_CORE_INSTANCE_2.DP_TX_CORE_AUX_CH_BUFFER_DATA_33 @ 0x206708c84
CHIP::DISPLAYPIPE0::DP_TX_CORE_INSTANCE_2.DP_TX_CORE_AUX_CH_BUFFER_DATA_34 @ 0x206708c88
CHIP::DISPLAYPIPE0::DP_TX_CORE_INSTANCE_2.DP_TX_CORE_AUX_CH_BUFFER_DATA_35 @ 0x206708c8c
CHIP::DISPLAYPIPE0::DP_TX_CORE_INSTANCE_2.DP_TX_CORE_AUX_CH_BUFFER_DATA_36 @ 0x206708c90
CHIP::DISPLAYPIPE0::DP_TX_CORE_INSTANCE_2.DP_TX_CORE_AUX_CH_BUFFER_DATA_37 @ 0x206708c94
CHIP::DISPLAYPIPE0::DP_TX_CORE_INSTANCE_2.DP_TX_CORE_AUX_CH_BUFFER_DATA_38 @ 0x206708c98
CHIP::DISPLAYPIPE0::DP_TX_CORE_INSTANCE_2.DP_TX_CORE_AUX_CH_BUFFER_DATA_39 @ 0x206708c9c
CHIP::DISPLAYPIPE0::DP_TX_CORE_INSTANCE_2.DP_TX_CORE_AUX_CH_BUFFER_DATA_40 @ 0x206708ca0
CHIP::DISPLAYPIPE0::DP_TX_CORE_INSTANCE_2.DP_TX_CORE_AUX_CH_BUFFER_DATA_41 @ 0x206708ca4
CHIP::DISPLAYPIPE0::DP_TX_CORE_INSTANCE_2.DP_TX_CORE_AUX_CH_BUFFER_DATA_42 @ 0x206708ca8
CHIP::DISPLAYPIPE0::DP_TX_CORE_INSTANCE_2.DP_TX_CORE_AUX_CH_BUFFER_DATA_43 @ 0x206708cac
CHIP::DISPLAYPIPE0::DP_TX_CORE_INSTANCE_2.DP_TX_CORE_AUX_CH_BUFFER_DATA_44 @ 0x206708cb0
CHIP::DISPLAYPIPE0::DP_TX_CORE_INSTANCE_2.DP_TX_CORE_AUX_CH_BUFFER_DATA_45 @ 0x206708cb4
CHIP::DISPLAYPIPE0::DP_TX_CORE_INSTANCE_2.DP_TX_CORE_AUX_CH_BUFFER_DATA_46 @ 0x206708cb8
CHIP::DISPLAYPIPE0::DP_TX_CORE_INSTANCE_2.DP_TX_CORE_AUX_CH_BUFFER_DATA_47 @ 0x206708cbc
CHIP::DISPLAYPIPE0::DP_TX_CORE_INSTANCE_2.DP_TX_CORE_AUX_CH_BUFFER_DATA_48 @ 0x206708cc0
CHIP::DISPLAYPIPE0::DP_TX_CORE_INSTANCE_2.DP_TX_CORE_AUX_CH_BUFFER_DATA_49 @ 0x206708cc4
CHIP::DISPLAYPIPE0::DP_TX_CORE_INSTANCE_2.DP_TX_CORE_AUX_CH_BUFFER_DATA_50 @ 0x206708cc8
CHIP::DISPLAYPIPE0::DP_TX_CORE_INSTANCE_2.DP_TX_CORE_AUX_CH_BUFFER_DATA_51 @ 0x206708ccc
CHIP::DISPLAYPIPE0::DP_TX_CORE_INSTANCE_2.DP_TX_CORE_AUX_CH_BUFFER_DATA_52 @ 0x206708cd0
CHIP::DISPLAYPIPE0::DP_TX_CORE_INSTANCE_2.DP_TX_CORE_AUX_CH_BUFFER_DATA_53 @ 0x206708cd4
CHIP::DISPLAYPIPE0::DP_TX_CORE_INSTANCE_2.DP_TX_CORE_AUX_CH_BUFFER_DATA_54 @ 0x206708cd8
CHIP::DISPLAYPIPE0::DP_TX_CORE_INSTANCE_2.DP_TX_CORE_AUX_CH_BUFFER_DATA_55 @ 0x206708cdc
CHIP::DISPLAYPIPE0::DP_TX_CORE_INSTANCE_2.DP_TX_CORE_AUX_CH_BUFFER_DATA_56 @ 0x206708ce0
CHIP::DISPLAYPIPE0::DP_TX_CORE_INSTANCE_2.DP_TX_CORE_AUX_CH_BUFFER_DATA_57 @ 0x206708ce4
CHIP::DISPLAYPIPE0::DP_TX_CORE_INSTANCE_2.DP_TX_CORE_AUX_CH_BUFFER_DATA_58 @ 0x206708ce8
CHIP::DISPLAYPIPE0::DP_TX_CORE_INSTANCE_2.DP_TX_CORE_AUX_CH_BUFFER_DATA_59 @ 0x206708cec
CHIP::DISPLAYPIPE0::DP_TX_CORE_INSTANCE_2.DP_TX_CORE_AUX_CH_BUFFER_DATA_60 @ 0x206708cf0
CHIP::DISPLAYPIPE0::DP_TX_CORE_INSTANCE_2.DP_TX_CORE_AUX_CH_BUFFER_DATA_61 @ 0x206708cf4
CHIP::DISPLAYPIPE0::DP_TX_CORE_INSTANCE_2.DP_TX_CORE_AUX_CH_BUFFER_DATA_62 @ 0x206708cf8
CHIP::DISPLAYPIPE0::DP_TX_CORE_INSTANCE_2.DP_TX_CORE_AUX_CH_BUFFER_DATA_63 @ 0x206708cfc
CHIP::DISPLAYPIPE0::DP_TX_CORE_INSTANCE_2.DP_TX_CORE_AUX_CH_BUFFER_DATA_64 @ 0x206708d00
CHIP::DISPLAYPIPE0::DP_TX_CORE_INSTANCE_2.DP_TX_CORE_AUX_CH_BUFFER_DATA_65 @ 0x206708d04
CHIP::DISPLAYPIPE0::DP_TX_CORE_INSTANCE_2.DP_TX_CORE_AUX_CH_BUFFER_DATA_66 @ 0x206708d08
CHIP::DISPLAYPIPE0::DP_TX_CORE_INSTANCE_2.DP_TX_CORE_AUX_CH_BUFFER_DATA_67 @ 0x206708d0c
CHIP::DISPLAYPIPE0::DP_TX_CORE_INSTANCE_2.DP_TX_CORE_AUX_CH_BUFFER_DATA_68 @ 0x206708d10
CHIP::DISPLAYPIPE0::DP_TX_CORE_INSTANCE_2.DP_TX_CORE_AUX_CH_BUFFER_DATA_69 @ 0x206708d14
CHIP::DISPLAYPIPE0::DP_TX_CORE_INSTANCE_2.DP_TX_CORE_AUX_CH_BUFFER_DATA_70 @ 0x206708d18
CHIP::DISPLAYPIPE0::DP_TX_CORE_INSTANCE_2.DP_TX_CORE_AUX_CH_BUFFER_DATA_71 @ 0x206708d1c
CHIP::DISPLAYPIPE0::DP_TX_CORE_INSTANCE_2.DP_TX_CORE_AUX_CH_BUFFER_DATA_72 @ 0x206708d20
CHIP::DISPLAYPIPE0::DP_TX_CORE_INSTANCE_2.DP_TX_CORE_AUX_CH_BUFFER_DATA_73 @ 0x206708d24
CHIP::DISPLAYPIPE0::DP_TX_CORE_INSTANCE_2.DP_TX_CORE_AUX_CH_BUFFER_DATA_74 @ 0x206708d28
CHIP::DISPLAYPIPE0::DP_TX_CORE_INSTANCE_2.DP_TX_CORE_AUX_CH_BUFFER_DATA_75 @ 0x206708d2c
CHIP::DISPLAYPIPE0::DP_TX_CORE_INSTANCE_2.DP_TX_CORE_AUX_CH_BUFFER_DATA_76 @ 0x206708d30
CHIP::DISPLAYPIPE0::DP_TX_CORE_INSTANCE_2.DP_TX_CORE_AUX_CH_BUFFER_DATA_77 @ 0x206708d34
CHIP::DISPLAYPIPE0::DP_TX_CORE_INSTANCE_2.DP_TX_CORE_AUX_CH_BUFFER_DATA_78 @ 0x206708d38
CHIP::DISPLAYPIPE0::DP_TX_CORE_INSTANCE_2.DP_TX_CORE_AUX_CH_BUFFER_DATA_79 @ 0x206708d3c
CHIP::DISPLAYPIPE0::DP_TX_CORE_INSTANCE_2.DP_TX_CORE_AUX_CH_BUFFER_DATA_80 @ 0x206708d40
CHIP::DISPLAYPIPE0::DP_TX_CORE_INSTANCE_2.DP_TX_CORE_AUX_CH_BUFFER_DATA_81 @ 0x206708d44
CHIP::DISPLAYPIPE0::DP_TX_CORE_INSTANCE_2.DP_TX_CORE_AUX_CH_BUFFER_DATA_82 @ 0x206708d48
CHIP::DISPLAYPIPE0::DP_TX_CORE_INSTANCE_2.DP_TX_CORE_AUX_CH_BUFFER_DATA_83 @ 0x206708d4c
CHIP::DISPLAYPIPE0::DP_TX_CORE_INSTANCE_2.DP_TX_CORE_AUX_CH_BUFFER_DATA_84 @ 0x206708d50
CHIP::DISPLAYPIPE0::DP_TX_CORE_INSTANCE_2.DP_TX_CORE_AUX_CH_BUFFER_DATA_85 @ 0x206708d54
CHIP::DISPLAYPIPE0::DP_TX_CORE_INSTANCE_2.DP_TX_CORE_AUX_CH_BUFFER_DATA_86 @ 0x206708d58
CHIP::DISPLAYPIPE0::DP_TX_CORE_INSTANCE_2.DP_TX_CORE_AUX_CH_BUFFER_DATA_87 @ 0x206708d5c
CHIP::DISPLAYPIPE0::DP_TX_CORE_INSTANCE_2.DP_TX_CORE_AUX_CH_BUFFER_DATA_88 @ 0x206708d60
CHIP::DISPLAYPIPE0::DP_TX_CORE_INSTANCE_2.DP_TX_CORE_AUX_CH_BUFFER_DATA_89 @ 0x206708d64
CHIP::DISPLAYPIPE0::DP_TX_CORE_INSTANCE_2.DP_TX_CORE_AUX_CH_BUFFER_DATA_90 @ 0x206708d68
CHIP::DISPLAYPIPE0::DP_TX_CORE_INSTANCE_2.DP_TX_CORE_AUX_CH_BUFFER_DATA_91 @ 0x206708d6c
CHIP::DISPLAYPIPE0::DP_TX_CORE_INSTANCE_2.DP_TX_CORE_AUX_CH_BUFFER_DATA_92 @ 0x206708d70
CHIP::DISPLAYPIPE0::DP_TX_CORE_INSTANCE_2.DP_TX_CORE_AUX_CH_BUFFER_DATA_93 @ 0x206708d74
CHIP::DISPLAYPIPE0::DP_TX_CORE_INSTANCE_2.DP_TX_CORE_AUX_CH_BUFFER_DATA_94 @ 0x206708d78
CHIP::DISPLAYPIPE0::DP_TX_CORE_INSTANCE_2.DP_TX_CORE_AUX_CH_BUFFER_DATA_95 @ 0x206708d7c
CHIP::DISPLAYPIPE0::DP_TX_CORE_INSTANCE_2.DP_TX_CORE_AUX_CH_BUFFER_DATA_96 @ 0x206708d80
CHIP::DISPLAYPIPE0::DP_TX_CORE_INSTANCE_2.DP_TX_CORE_AUX_CH_BUFFER_DATA_97 @ 0x206708d84
CHIP::DISPLAYPIPE0::DP_TX_CORE_INSTANCE_2.DP_TX_CORE_AUX_CH_BUFFER_DATA_98 @ 0x206708d88
CHIP::DISPLAYPIPE0::DP_TX_CORE_INSTANCE_2.DP_TX_CORE_AUX_CH_BUFFER_DATA_99 @ 0x206708d8c
CHIP::DISPLAYPIPE0::DP_TX_CORE_INSTANCE_2.DP_TX_CORE_AUX_CH_BUFFER_DATA_100 @ 0x206708d90
CHIP::DISPLAYPIPE0::DP_TX_CORE_INSTANCE_2.DP_TX_CORE_AUX_CH_BUFFER_DATA_101 @ 0x206708d94
CHIP::DISPLAYPIPE0::DP_TX_CORE_INSTANCE_2.DP_TX_CORE_AUX_CH_BUFFER_DATA_102 @ 0x206708d98
CHIP::DISPLAYPIPE0::DP_TX_CORE_INSTANCE_2.DP_TX_CORE_AUX_CH_BUFFER_DATA_103 @ 0x206708d9c
CHIP::DISPLAYPIPE0::DP_TX_CORE_INSTANCE_2.DP_TX_CORE_AUX_CH_BUFFER_DATA_104 @ 0x206708da0
CHIP::DISPLAYPIPE0::DP_TX_CORE_INSTANCE_2.DP_TX_CORE_AUX_CH_BUFFER_DATA_105 @ 0x206708da4
CHIP::DISPLAYPIPE0::DP_TX_CORE_INSTANCE_2.DP_TX_CORE_AUX_CH_BUFFER_DATA_106 @ 0x206708da8
CHIP::DISPLAYPIPE0::DP_TX_CORE_INSTANCE_2.DP_TX_CORE_AUX_CH_BUFFER_DATA_107 @ 0x206708dac
CHIP::DISPLAYPIPE0::DP_TX_CORE_INSTANCE_2.DP_TX_CORE_AUX_CH_BUFFER_DATA_108 @ 0x206708db0
CHIP::DISPLAYPIPE0::DP_TX_CORE_INSTANCE_2.DP_TX_CORE_AUX_CH_BUFFER_DATA_109 @ 0x206708db4
CHIP::DISPLAYPIPE0::DP_TX_CORE_INSTANCE_2.DP_TX_CORE_AUX_CH_BUFFER_DATA_110 @ 0x206708db8
CHIP::DISPLAYPIPE0::DP_TX_CORE_INSTANCE_2.DP_TX_CORE_AUX_CH_BUFFER_DATA_111 @ 0x206708dbc
CHIP::DISPLAYPIPE0::DP_TX_CORE_INSTANCE_2.DP_TX_CORE_AUX_CH_BUFFER_DATA_112 @ 0x206708dc0
CHIP::DISPLAYPIPE0::DP_TX_CORE_INSTANCE_2.DP_TX_CORE_AUX_CH_BUFFER_DATA_113 @ 0x206708dc4
CHIP::DISPLAYPIPE0::DP_TX_CORE_INSTANCE_2.DP_TX_CORE_AUX_CH_BUFFER_DATA_114 @ 0x206708dc8
CHIP::DISPLAYPIPE0::DP_TX_CORE_INSTANCE_2.DP_TX_CORE_AUX_CH_BUFFER_DATA_115 @ 0x206708dcc
CHIP::DISPLAYPIPE0::DP_TX_CORE_INSTANCE_2.DP_TX_CORE_AUX_CH_BUFFER_DATA_116 @ 0x206708dd0
CHIP::DISPLAYPIPE0::DP_TX_CORE_INSTANCE_2.DP_TX_CORE_AUX_CH_BUFFER_DATA_117 @ 0x206708dd4
CHIP::DISPLAYPIPE0::DP_TX_CORE_INSTANCE_2.DP_TX_CORE_AUX_CH_BUFFER_DATA_118 @ 0x206708dd8
CHIP::DISPLAYPIPE0::DP_TX_CORE_INSTANCE_2.DP_TX_CORE_AUX_CH_BUFFER_DATA_119 @ 0x206708ddc
CHIP::DISPLAYPIPE0::DP_TX_CORE_INSTANCE_2.DP_TX_CORE_AUX_CH_BUFFER_DATA_120 @ 0x206708de0
CHIP::DISPLAYPIPE0::DP_TX_CORE_INSTANCE_2.DP_TX_CORE_AUX_CH_BUFFER_DATA_121 @ 0x206708de4
CHIP::DISPLAYPIPE0::DP_TX_CORE_INSTANCE_2.DP_TX_CORE_AUX_CH_BUFFER_DATA_122 @ 0x206708de8
CHIP::DISPLAYPIPE0::DP_TX_CORE_INSTANCE_2.DP_TX_CORE_AUX_CH_BUFFER_DATA_123 @ 0x206708dec
CHIP::DISPLAYPIPE0::DP_TX_CORE_INSTANCE_2.DP_TX_CORE_AUX_CH_BUFFER_DATA_124 @ 0x206708df0
CHIP::DISPLAYPIPE0::DP_TX_CORE_INSTANCE_2.DP_TX_CORE_AUX_CH_BUFFER_DATA_125 @ 0x206708df4
CHIP::DISPLAYPIPE0::DP_TX_CORE_INSTANCE_2.DP_TX_CORE_AUX_CH_BUFFER_DATA_126 @ 0x206708df8
CHIP::DISPLAYPIPE0::DP_TX_CORE_INSTANCE_2.DP_TX_CORE_AUX_CH_BUFFER_DATA_127 @ 0x206708dfc
CHIP::DISPLAYPIPE0::DP_TX_CORE_INSTANCE_2.DP_TX_CORE_AUX_CH_BUFFER_DATA_128 @ 0x206708e00
CHIP::DISPLAYPIPE0::DP_TX_CORE_INSTANCE_2.DP_TX_CORE_AUX_CH_BUFFER_DATA_129 @ 0x206708e04
CHIP::DISPLAYPIPE0::DP_TX_CORE_INSTANCE_2.DP_TX_CORE_AUX_CH_BUFFER_DATA_130 @ 0x206708e08
CHIP::DISPLAYPIPE0::DP_TX_CORE_INSTANCE_2.DP_TX_CORE_AUX_CH_BUFFER_DATA_131 @ 0x206708e0c
CHIP::DISPLAYPIPE0::DP_TX_CORE_INSTANCE_2.DP_TX_CORE_AUX_CH_BUFFER_DATA_132 @ 0x206708e10
CHIP::DISPLAYPIPE0::DP_TX_CORE_INSTANCE_2.DP_TX_CORE_AUX_CH_BUFFER_DATA_133 @ 0x206708e14
CHIP::DISPLAYPIPE0::DP_TX_CORE_INSTANCE_2.DP_TX_CORE_AUX_CH_BUFFER_DATA_134 @ 0x206708e18
CHIP::DISPLAYPIPE0::DP_TX_CORE_INSTANCE_2.DP_TX_CORE_AUX_CH_BUFFER_DATA_135 @ 0x206708e1c
CHIP::DISPLAYPIPE0::DP_TX_CORE_INSTANCE_2.DP_TX_CORE_AUX_CH_BUFFER_DATA_136 @ 0x206708e20
CHIP::DISPLAYPIPE0::DP_TX_CORE_INSTANCE_2.DP_TX_CORE_AUX_CH_BUFFER_DATA_137 @ 0x206708e24
CHIP::DISPLAYPIPE0::DP_TX_CORE_INSTANCE_2.DP_TX_CORE_AUX_CH_BUFFER_DATA_138 @ 0x206708e28
CHIP::DISPLAYPIPE0::DP_TX_CORE_INSTANCE_2.DP_TX_CORE_AUX_CH_BUFFER_DATA_139 @ 0x206708e2c
CHIP::DISPLAYPIPE0::DP_TX_CORE_INSTANCE_2.DP_TX_CORE_AUX_CH_BUFFER_DATA_140 @ 0x206708e30
CHIP::DISPLAYPIPE0::DP_TX_CORE_INSTANCE_2.DP_TX_CORE_AUX_CH_BUFFER_DATA_141 @ 0x206708e34
CHIP::DISPLAYPIPE0::DP_TX_CORE_INSTANCE_2.DP_TX_CORE_AUX_CH_BUFFER_DATA_142 @ 0x206708e38
CHIP::DISPLAYPIPE0::DP_TX_CORE_INSTANCE_2.DP_TX_CORE_AUX_CH_BUFFER_DATA_143 @ 0x206708e3c
CHIP::DISPLAYPIPE0::DP_TX_CORE_INSTANCE_2.DP_TX_CORE_AUX_CH_BUFFER_DATA_144 @ 0x206708e40
CHIP::DISPLAYPIPE0::DP_TX_CORE_INSTANCE_2.DP_TX_CORE_AUX_CH_BUFFER_DATA_145 @ 0x206708e44
CHIP::DISPLAYPIPE0::DP_TX_CORE_INSTANCE_2.DP_TX_CORE_AUX_CH_BUFFER_DATA_146 @ 0x206708e48
CHIP::DISPLAYPIPE0::DP_TX_CORE_INSTANCE_2.DP_TX_CORE_AUX_CH_BUFFER_DATA_147 @ 0x206708e4c
CHIP::DISPLAYPIPE0::DP_TX_CORE_INSTANCE_2.DP_TX_CORE_AUX_CH_BUFFER_DATA_148 @ 0x206708e50
CHIP::DISPLAYPIPE0::DP_TX_CORE_INSTANCE_2.DP_TX_CORE_AUX_CH_BUFFER_DATA_149 @ 0x206708e54
CHIP::DISPLAYPIPE0::DP_TX_CORE_INSTANCE_2.DP_TX_CORE_AUX_CH_BUFFER_DATA_150 @ 0x206708e58
CHIP::DISPLAYPIPE0::DP_TX_CORE_INSTANCE_2.DP_TX_CORE_AUX_CH_BUFFER_DATA_151 @ 0x206708e5c
CHIP::DISPLAYPIPE0::DP_TX_CORE_INSTANCE_2.DP_TX_CORE_AUX_CH_BUFFER_DATA_152 @ 0x206708e60
CHIP::DISPLAYPIPE0::DP_TX_CORE_INSTANCE_2.DP_TX_CORE_AUX_CH_BUFFER_DATA_153 @ 0x206708e64
CHIP::DISPLAYPIPE0::DP_TX_CORE_INSTANCE_2.DP_TX_CORE_AUX_CH_BUFFER_DATA_154 @ 0x206708e68
CHIP::DISPLAYPIPE0::DP_TX_CORE_INSTANCE_2.DP_TX_CORE_AUX_CH_BUFFER_DATA_155 @ 0x206708e6c
CHIP::DISPLAYPIPE0::DP_TX_CORE_INSTANCE_2.DP_TX_CORE_AUX_CH_BUFFER_DATA_156 @ 0x206708e70
CHIP::DISPLAYPIPE0::DP_TX_CORE_INSTANCE_2.DP_TX_CORE_AUX_CH_BUFFER_DATA_157 @ 0x206708e74
CHIP::DISPLAYPIPE0::DP_TX_CORE_INSTANCE_2.DP_TX_CORE_AUX_CH_BUFFER_DATA_158 @ 0x206708e78
CHIP::DISPLAYPIPE0::DP_TX_CORE_INSTANCE_2.DP_TX_CORE_AUX_CH_BUFFER_DATA_159 @ 0x206708e7c
CHIP::DISPLAYPIPE0::DP_TX_CORE_INSTANCE_2.DP_TX_CORE_AUX_CH_BUFFER_DATA_160 @ 0x206708e80
CHIP::DISPLAYPIPE0::DP_TX_CORE_INSTANCE_2.DP_TX_CORE_AUX_CH_BUFFER_DATA_161 @ 0x206708e84
CHIP::DISPLAYPIPE0::DP_TX_CORE_INSTANCE_2.DP_TX_CORE_AUX_CH_BUFFER_DATA_162 @ 0x206708e88
CHIP::DISPLAYPIPE0::DP_TX_CORE_INSTANCE_2.DP_TX_CORE_AUX_CH_BUFFER_DATA_163 @ 0x206708e8c
CHIP::DISPLAYPIPE0::DP_TX_CORE_INSTANCE_2.DP_TX_CORE_AUX_CH_BUFFER_DATA_164 @ 0x206708e90
CHIP::DISPLAYPIPE0::DP_TX_CORE_INSTANCE_2.DP_TX_CORE_AUX_CH_BUFFER_DATA_165 @ 0x206708e94
CHIP::DISPLAYPIPE0::DP_TX_CORE_INSTANCE_2.DP_TX_CORE_AUX_CH_BUFFER_DATA_166 @ 0x206708e98
CHIP::DISPLAYPIPE0::DP_TX_CORE_INSTANCE_2.DP_TX_CORE_AUX_CH_BUFFER_DATA_167 @ 0x206708e9c
CHIP::DISPLAYPIPE0::DP_TX_CORE_INSTANCE_2.DP_TX_CORE_AUX_CH_BUFFER_DATA_168 @ 0x206708ea0
CHIP::DISPLAYPIPE0::DP_TX_CORE_INSTANCE_2.DP_TX_CORE_AUX_CH_BUFFER_DATA_169 @ 0x206708ea4
CHIP::DISPLAYPIPE0::DP_TX_CORE_INSTANCE_2.DP_TX_CORE_AUX_CH_BUFFER_DATA_170 @ 0x206708ea8
CHIP::DISPLAYPIPE0::DP_TX_CORE_INSTANCE_2.DP_TX_CORE_AUX_CH_BUFFER_DATA_171 @ 0x206708eac
CHIP::DISPLAYPIPE0::DP_TX_CORE_INSTANCE_2.DP_TX_CORE_AUX_CH_BUFFER_DATA_172 @ 0x206708eb0
CHIP::DISPLAYPIPE0::DP_TX_CORE_INSTANCE_2.DP_TX_CORE_AUX_CH_BUFFER_DATA_173 @ 0x206708eb4
CHIP::DISPLAYPIPE0::DP_TX_CORE_INSTANCE_2.DP_TX_CORE_AUX_CH_BUFFER_DATA_174 @ 0x206708eb8
CHIP::DISPLAYPIPE0::DP_TX_CORE_INSTANCE_2.DP_TX_CORE_AUX_CH_BUFFER_DATA_175 @ 0x206708ebc
CHIP::DISPLAYPIPE0::DP_TX_CORE_INSTANCE_2.DP_TX_CORE_AUX_CH_BUFFER_DATA_176 @ 0x206708ec0
CHIP::DISPLAYPIPE0::DP_TX_CORE_INSTANCE_2.DP_TX_CORE_AUX_CH_BUFFER_DATA_177 @ 0x206708ec4
CHIP::DISPLAYPIPE0::DP_TX_CORE_INSTANCE_2.DP_TX_CORE_AUX_CH_BUFFER_DATA_178 @ 0x206708ec8
CHIP::DISPLAYPIPE0::DP_TX_CORE_INSTANCE_2.DP_TX_CORE_AUX_CH_BUFFER_DATA_179 @ 0x206708ecc
CHIP::DISPLAYPIPE0::DP_TX_CORE_INSTANCE_2.DP_TX_CORE_AUX_CH_BUFFER_DATA_180 @ 0x206708ed0
CHIP::DISPLAYPIPE0::DP_TX_CORE_INSTANCE_2.DP_TX_CORE_AUX_CH_BUFFER_DATA_181 @ 0x206708ed4
CHIP::DISPLAYPIPE0::DP_TX_CORE_INSTANCE_2.DP_TX_CORE_AUX_CH_BUFFER_DATA_182 @ 0x206708ed8
CHIP::DISPLAYPIPE0::DP_TX_CORE_INSTANCE_2.DP_TX_CORE_AUX_CH_BUFFER_DATA_183 @ 0x206708edc
CHIP::DISPLAYPIPE0::DP_TX_CORE_INSTANCE_2.DP_TX_CORE_AUX_CH_BUFFER_DATA_184 @ 0x206708ee0
CHIP::DISPLAYPIPE0::DP_TX_CORE_INSTANCE_2.DP_TX_CORE_AUX_CH_BUFFER_DATA_185 @ 0x206708ee4
CHIP::DISPLAYPIPE0::DP_TX_CORE_INSTANCE_2.DP_TX_CORE_AUX_CH_BUFFER_DATA_186 @ 0x206708ee8
CHIP::DISPLAYPIPE0::DP_TX_CORE_INSTANCE_2.DP_TX_CORE_AUX_CH_BUFFER_DATA_187 @ 0x206708eec
CHIP::DISPLAYPIPE0::DP_TX_CORE_INSTANCE_2.DP_TX_CORE_AUX_CH_BUFFER_DATA_188 @ 0x206708ef0
CHIP::DISPLAYPIPE0::DP_TX_CORE_INSTANCE_2.DP_TX_CORE_AUX_CH_BUFFER_DATA_189 @ 0x206708ef4
CHIP::DISPLAYPIPE0::DP_TX_CORE_INSTANCE_2.DP_TX_CORE_AUX_CH_BUFFER_DATA_190 @ 0x206708ef8
CHIP::DISPLAYPIPE0::DP_TX_CORE_INSTANCE_2.DP_TX_CORE_AUX_CH_BUFFER_DATA_191 @ 0x206708efc
CHIP::DISPLAYPIPE0::DP_TX_CORE_INSTANCE_2.DP_TX_CORE_AUX_CH_BUFFER_DATA_192 @ 0x206708f00
CHIP::DISPLAYPIPE0::DP_TX_CORE_INSTANCE_2.DP_TX_CORE_AUX_CH_BUFFER_DATA_193 @ 0x206708f04
CHIP::DISPLAYPIPE0::DP_TX_CORE_INSTANCE_2.DP_TX_CORE_AUX_CH_BUFFER_DATA_194 @ 0x206708f08
CHIP::DISPLAYPIPE0::DP_TX_CORE_INSTANCE_2.DP_TX_CORE_AUX_CH_BUFFER_DATA_195 @ 0x206708f0c
CHIP::DISPLAYPIPE0::DP_TX_CORE_INSTANCE_2.DP_TX_CORE_AUX_CH_BUFFER_DATA_196 @ 0x206708f10
CHIP::DISPLAYPIPE0::DP_TX_CORE_INSTANCE_2.DP_TX_CORE_AUX_CH_BUFFER_DATA_197 @ 0x206708f14
CHIP::DISPLAYPIPE0::DP_TX_CORE_INSTANCE_2.DP_TX_CORE_AUX_CH_BUFFER_DATA_198 @ 0x206708f18
CHIP::DISPLAYPIPE0::DP_TX_CORE_INSTANCE_2.DP_TX_CORE_AUX_CH_BUFFER_DATA_199 @ 0x206708f1c
CHIP::DISPLAYPIPE0::DP_TX_CORE_INSTANCE_2.DP_TX_CORE_AUX_CH_BUFFER_DATA_200 @ 0x206708f20
CHIP::DISPLAYPIPE0::DP_TX_CORE_INSTANCE_2.DP_TX_CORE_AUX_CH_BUFFER_DATA_201 @ 0x206708f24
CHIP::DISPLAYPIPE0::DP_TX_CORE_INSTANCE_2.DP_TX_CORE_AUX_CH_BUFFER_DATA_202 @ 0x206708f28
CHIP::DISPLAYPIPE0::DP_TX_CORE_INSTANCE_2.DP_TX_CORE_AUX_CH_BUFFER_DATA_203 @ 0x206708f2c
CHIP::DISPLAYPIPE0::DP_TX_CORE_INSTANCE_2.DP_TX_CORE_AUX_CH_BUFFER_DATA_204 @ 0x206708f30
CHIP::DISPLAYPIPE0::DP_TX_CORE_INSTANCE_2.DP_TX_CORE_AUX_CH_BUFFER_DATA_205 @ 0x206708f34
CHIP::DISPLAYPIPE0::DP_TX_CORE_INSTANCE_2.DP_TX_CORE_AUX_CH_BUFFER_DATA_206 @ 0x206708f38
CHIP::DISPLAYPIPE0::DP_TX_CORE_INSTANCE_2.DP_TX_CORE_AUX_CH_BUFFER_DATA_207 @ 0x206708f3c
CHIP::DISPLAYPIPE0::DP_TX_CORE_INSTANCE_2.DP_TX_CORE_AUX_CH_BUFFER_DATA_208 @ 0x206708f40
CHIP::DISPLAYPIPE0::DP_TX_CORE_INSTANCE_2.DP_TX_CORE_AUX_CH_BUFFER_DATA_209 @ 0x206708f44
CHIP::DISPLAYPIPE0::DP_TX_CORE_INSTANCE_2.DP_TX_CORE_AUX_CH_BUFFER_DATA_210 @ 0x206708f48
CHIP::DISPLAYPIPE0::DP_TX_CORE_INSTANCE_2.DP_TX_CORE_AUX_CH_BUFFER_DATA_211 @ 0x206708f4c
CHIP::DISPLAYPIPE0::DP_TX_CORE_INSTANCE_2.DP_TX_CORE_AUX_CH_BUFFER_DATA_212 @ 0x206708f50
CHIP::DISPLAYPIPE0::DP_TX_CORE_INSTANCE_2.DP_TX_CORE_AUX_CH_BUFFER_DATA_213 @ 0x206708f54
CHIP::DISPLAYPIPE0::DP_TX_CORE_INSTANCE_2.DP_TX_CORE_AUX_CH_BUFFER_DATA_214 @ 0x206708f58
CHIP::DISPLAYPIPE0::DP_TX_CORE_INSTANCE_2.DP_TX_CORE_AUX_CH_BUFFER_DATA_215 @ 0x206708f5c
CHIP::DISPLAYPIPE0::DP_TX_CORE_INSTANCE_2.DP_TX_CORE_AUX_CH_BUFFER_DATA_216 @ 0x206708f60
CHIP::DISPLAYPIPE0::DP_TX_CORE_INSTANCE_2.DP_TX_CORE_AUX_CH_BUFFER_DATA_217 @ 0x206708f64
CHIP::DISPLAYPIPE0::DP_TX_CORE_INSTANCE_2.DP_TX_CORE_AUX_CH_BUFFER_DATA_218 @ 0x206708f68
CHIP::DISPLAYPIPE0::DP_TX_CORE_INSTANCE_2.DP_TX_CORE_AUX_CH_BUFFER_DATA_219 @ 0x206708f6c
CHIP::DISPLAYPIPE0::DP_TX_CORE_INSTANCE_2.DP_TX_CORE_AUX_CH_BUFFER_DATA_220 @ 0x206708f70
CHIP::DISPLAYPIPE0::DP_TX_CORE_INSTANCE_2.DP_TX_CORE_AUX_CH_BUFFER_DATA_221 @ 0x206708f74
CHIP::DISPLAYPIPE0::DP_TX_CORE_INSTANCE_2.DP_TX_CORE_AUX_CH_BUFFER_DATA_222 @ 0x206708f78
CHIP::DISPLAYPIPE0::DP_TX_CORE_INSTANCE_2.DP_TX_CORE_AUX_CH_BUFFER_DATA_223 @ 0x206708f7c
CHIP::DISPLAYPIPE0::DP_TX_CORE_INSTANCE_2.DP_TX_CORE_AUX_CH_BUFFER_DATA_224 @ 0x206708f80
CHIP::DISPLAYPIPE0::DP_TX_CORE_INSTANCE_2.DP_TX_CORE_AUX_CH_BUFFER_DATA_225 @ 0x206708f84
CHIP::DISPLAYPIPE0::DP_TX_CORE_INSTANCE_2.DP_TX_CORE_AUX_CH_BUFFER_DATA_226 @ 0x206708f88
CHIP::DISPLAYPIPE0::DP_TX_CORE_INSTANCE_2.DP_TX_CORE_AUX_CH_BUFFER_DATA_227 @ 0x206708f8c
CHIP::DISPLAYPIPE0::DP_TX_CORE_INSTANCE_2.DP_TX_CORE_AUX_CH_BUFFER_DATA_228 @ 0x206708f90
CHIP::DISPLAYPIPE0::DP_TX_CORE_INSTANCE_2.DP_TX_CORE_AUX_CH_BUFFER_DATA_229 @ 0x206708f94
CHIP::DISPLAYPIPE0::DP_TX_CORE_INSTANCE_2.DP_TX_CORE_AUX_CH_BUFFER_DATA_230 @ 0x206708f98
CHIP::DISPLAYPIPE0::DP_TX_CORE_INSTANCE_2.DP_TX_CORE_AUX_CH_BUFFER_DATA_231 @ 0x206708f9c
CHIP::DISPLAYPIPE0::DP_TX_CORE_INSTANCE_2.DP_TX_CORE_AUX_CH_BUFFER_DATA_232 @ 0x206708fa0
CHIP::DISPLAYPIPE0::DP_TX_CORE_INSTANCE_2.DP_TX_CORE_AUX_CH_BUFFER_DATA_233 @ 0x206708fa4
CHIP::DISPLAYPIPE0::DP_TX_CORE_INSTANCE_2.DP_TX_CORE_AUX_CH_BUFFER_DATA_234 @ 0x206708fa8
CHIP::DISPLAYPIPE0::DP_TX_CORE_INSTANCE_2.DP_TX_CORE_AUX_CH_BUFFER_DATA_235 @ 0x206708fac
CHIP::DISPLAYPIPE0::DP_TX_CORE_INSTANCE_2.DP_TX_CORE_AUX_CH_BUFFER_DATA_236 @ 0x206708fb0
CHIP::DISPLAYPIPE0::DP_TX_CORE_INSTANCE_2.DP_TX_CORE_AUX_CH_BUFFER_DATA_237 @ 0x206708fb4
CHIP::DISPLAYPIPE0::DP_TX_CORE_INSTANCE_2.DP_TX_CORE_AUX_CH_BUFFER_DATA_238 @ 0x206708fb8
CHIP::DISPLAYPIPE0::DP_TX_CORE_INSTANCE_2.DP_TX_CORE_AUX_CH_BUFFER_DATA_239 @ 0x206708fbc
CHIP::DISPLAYPIPE0::DP_TX_CORE_INSTANCE_2.DP_TX_CORE_AUX_CH_BUFFER_DATA_240 @ 0x206708fc0
CHIP::DISPLAYPIPE0::DP_TX_CORE_INSTANCE_2.DP_TX_CORE_AUX_CH_BUFFER_DATA_241 @ 0x206708fc4
CHIP::DISPLAYPIPE0::DP_TX_CORE_INSTANCE_2.DP_TX_CORE_AUX_CH_BUFFER_DATA_242 @ 0x206708fc8
CHIP::DISPLAYPIPE0::DP_TX_CORE_INSTANCE_2.DP_TX_CORE_AUX_CH_BUFFER_DATA_243 @ 0x206708fcc
CHIP::DISPLAYPIPE0::DP_TX_CORE_INSTANCE_2.DP_TX_CORE_AUX_CH_BUFFER_DATA_244 @ 0x206708fd0
CHIP::DISPLAYPIPE0::DP_TX_CORE_INSTANCE_2.DP_TX_CORE_AUX_CH_BUFFER_DATA_245 @ 0x206708fd4
CHIP::DISPLAYPIPE0::DP_TX_CORE_INSTANCE_2.DP_TX_CORE_AUX_CH_BUFFER_DATA_246 @ 0x206708fd8
CHIP::DISPLAYPIPE0::DP_TX_CORE_INSTANCE_2.DP_TX_CORE_AUX_CH_BUFFER_DATA_247 @ 0x206708fdc
CHIP::DISPLAYPIPE0::DP_TX_CORE_INSTANCE_2.DP_TX_CORE_AUX_CH_BUFFER_DATA_248 @ 0x206708fe0
CHIP::DISPLAYPIPE0::DP_TX_CORE_INSTANCE_2.DP_TX_CORE_AUX_CH_BUFFER_DATA_249 @ 0x206708fe4
CHIP::DISPLAYPIPE0::DP_TX_CORE_INSTANCE_2.DP_TX_CORE_AUX_CH_BUFFER_DATA_250 @ 0x206708fe8
CHIP::DISPLAYPIPE0::DP_TX_CORE_INSTANCE_2.DP_TX_CORE_AUX_CH_BUFFER_DATA_251 @ 0x206708fec
CHIP::DISPLAYPIPE0::DP_TX_CORE_INSTANCE_2.DP_TX_CORE_AUX_CH_BUFFER_DATA_252 @ 0x206708ff0
CHIP::DISPLAYPIPE0::DP_TX_CORE_INSTANCE_2.DP_TX_CORE_AUX_CH_BUFFER_DATA_253 @ 0x206708ff4
CHIP::DISPLAYPIPE0::DP_TX_CORE_INSTANCE_2.DP_TX_CORE_AUX_CH_BUFFER_DATA_254 @ 0x206708ff8
CHIP::DISPLAYPIPE0::DP_TX_CORE_INSTANCE_2.DP_TX_CORE_AUX_CH_BUFFER_DATA_255 @ 0x206708ffc
CHIP::DISPLAYPIPE0::DP_TX_TOP.LPDP_GEN_VERSION @ 0x206780000
CHIP::DISPLAYPIPE0::DP_TX_TOP.LPDP_GEN_SEQ_0 @ 0x206780004
CHIP::DISPLAYPIPE0::DP_TX_TOP.LPDP_GEN_SEQ_1 @ 0x206780008
CHIP::DISPLAYPIPE0::DP_TX_TOP.LPDP_GEN_SEQ_2 @ 0x20678000c
CHIP::DISPLAYPIPE0::DP_TX_TOP.LPDP_GEN_SEQ_3 @ 0x206780010
CHIP::DISPLAYPIPE0::DP_TX_TOP.LPDP_GEN_SEQ_4 @ 0x206780014
CHIP::DISPLAYPIPE0::DP_TX_TOP.LPDP_GEN_SEQ_5 @ 0x206780018
CHIP::DISPLAYPIPE0::DP_TX_TOP.LPDP_GEN_LINE_COUNTER @ 0x20678001c
CHIP::DISPLAYPIPE0::DP_TX_TOP.LPDP_GEN_DISPLAY_SPLIT @ 0x206780020
CHIP::DISPLAYPIPE0::DP_TX_TOP.LPDP_GEN_SPARE_CONFIG @ 0x206780024
CHIP::DISPLAYPIPE0::DP_TX_TOP.LPDP_GEN_SPARE_STATUS @ 0x206780028
CHIP::DISPLAYPIPE0::DP_TX_TOP.LPDP_PHY_GEN_CTRL @ 0x206780100
CHIP::DISPLAYPIPE0::DP_TX_TOP.LPDP_PHY_LANE_0 @ 0x206780104
CHIP::DISPLAYPIPE0::DP_TX_TOP.LPDP_PHY_LANE_1 @ 0x206780108
CHIP::DISPLAYPIPE0::DP_TX_TOP.LPDP_PHY_LANE_2 @ 0x20678010c
CHIP::DISPLAYPIPE0::DP_TX_TOP.LPDP_PHY_LANE_3 @ 0x206780110
CHIP::DISPLAYPIPE0::DP_TX_TOP.LPDP_PHY_PRBS_0 @ 0x206780114
CHIP::DISPLAYPIPE0::DP_TX_TOP.LPDP_PHY_PRBS_1 @ 0x206780118
CHIP::DISPLAYPIPE0::DP_TX_TOP.LPDP_PHY_PRBS_2 @ 0x20678011c
CHIP::DISPLAYPIPE0::DP_TX_TOP.LPDP_PHY_PRBS_3 @ 0x206780120
CHIP::DISPLAYPIPE0::DP_TX_TOP.LPDP_PHY_PRBS_ERR @ 0x206780124
CHIP::DISPLAYPIPE0::DP_TX_TOP.LPDP_PHY_TEST @ 0x206780128
CHIP::DISPLAYPIPE0::DP_TX_TOP.LPDP_PHY_BIST @ 0x20678012c
CHIP::DISPLAYPIPE0::DP_TX_TOP.LPDP_PHY_CAL @ 0x206780130
CHIP::DISPLAYPIPE0::DP_TX_TOP.LPDP_PHY_CAL_PD @ 0x206780134
CHIP::DISPLAYPIPE0::DP_TX_TOP.LPDP_PHY_CAL_PU @ 0x206780138
CHIP::DISPLAYPIPE0::DP_TX_TOP.LPDP_PHY_CAL_TX @ 0x20678013c
CHIP::DISPLAYPIPE0::DP_TX_TOP.LPDP_PHY_AUX_CTRL @ 0x206780140
CHIP::DISPLAYPIPE0::DP_TX_TOP.LPDP_PHY_AUX_DRIVER @ 0x206780144
CHIP::DISPLAYPIPE0::DP_TX_TOP.LPDP_PHY_CLK_CTRL @ 0x206780148
CHIP::DISPLAYPIPE0::DP_TX_TOP.LPDP_PHY_CLK_LDO_CTRL @ 0x20678014c
CHIP::DISPLAYPIPE0::DP_TX_TOP.LPDP_PHY_PRE_LDO_CTRL @ 0x206780150
CHIP::DISPLAYPIPE0::DP_TX_TOP.LPDP_PHY_POST_LDO_CTRL @ 0x206780154
CHIP::DISPLAYPIPE0::DP_TX_TOP.LPDP_PHY_AUX_LDO_CTRL @ 0x206780158
CHIP::DISPLAYPIPE0::DP_TX_TOP.LPDP_PHY_DE_CTRL @ 0x20678015c
CHIP::DISPLAYPIPE0::DP_TX_TOP.LPDP_PHY_RESERVED @ 0x206780160
CHIP::DISPLAYPIPE0::DP_TX_TOP.LPDP_PLL_GEN @ 0x206780180
CHIP::DISPLAYPIPE0::DP_TX_TOP.LPDP_PLL_CLK @ 0x206780184
CHIP::DISPLAYPIPE0::DP_TX_TOP.LPDP_PLL_IDIV @ 0x206780188
CHIP::DISPLAYPIPE0::DP_TX_TOP.LPDP_PLL_CP @ 0x20678018c
CHIP::DISPLAYPIPE0::DP_TX_TOP.LPDP_PLL_LOCK @ 0x206780190
CHIP::DISPLAYPIPE0::DP_TX_TOP.LPDP_PLL_VCO @ 0x206780194
CHIP::DISPLAYPIPE0::DP_TX_TOP.LPDP_PLL_SDM @ 0x206780198
CHIP::DISPLAYPIPE0::DP_TX_TOP.LPDP_PLL_SSC @ 0x20678019c
CHIP::DISPLAYPIPE0::DP_TX_TOP.LPDP_PLL_FMC @ 0x2067801a0
CHIP::DISPLAYPIPE0::DP_TX_TOP.LPDP_PLL_SEL @ 0x2067801a4
CHIP::DISPLAYPIPE0::DP_TX_TOP.LPDP_PLL_SPARE @ 0x2067801a8
CHIP::MEDIABUSMUX.MEDIABUSMUX_REGS_ARBCFG @ 0x207000000
CHIP::MEDIABUSMUX.MEDIABUSMUX_REGS_DWRRCFG_JPEG_BULK @ 0x207000004
CHIP::MEDIABUSMUX.MEDIABUSMUX_REGS_DWRRCFG_MSR_BULK @ 0x207000008
CHIP::MEDIABUSMUX.MEDIABUSMUX_REGS_DWRRCFG_AVE_LLT @ 0x20700000c
CHIP::MEDIABUSMUX.MEDIABUSMUX_REGS_DWRRCFG_AVE_BULK @ 0x207000010
CHIP::MEDIABUSMUX.MEDIABUSMUX_REGS_DWRRCFG_VXD_LLT @ 0x207000014
CHIP::MEDIABUSMUX.MEDIABUSMUX_REGS_DWRRCFG_VXD_BULK @ 0x207000018
CHIP::MEDIABUSMUX.MEDIABUSMUX_REGS_BW_RTR_THROTTLE_LLT @ 0x20700001c
CHIP::MEDIABUSMUX.MEDIABUSMUX_REGS_BW_RTR_THROTTLE_BEF @ 0x207000020
CHIP::MEDIABUSMUX.MEDIABUSMUX_REGS_BW_RTY_THROTTLE_LLT @ 0x207000024
CHIP::MEDIABUSMUX.MEDIABUSMUX_REGS_BW_RTY_THROTTLE_BEF @ 0x207000028
CHIP::MEDIABUSMUX.MEDIABUSMUX_REGS_TLIMIT_ENA @ 0x20700002c
CHIP::MEDIABUSMUX.MEDIABUSMUX_REGS_TLIMIT_LVL0_AVE @ 0x207000030
CHIP::MEDIABUSMUX.MEDIABUSMUX_REGS_TLIMIT_LVL1_AVE @ 0x207000034
CHIP::MEDIABUSMUX.MEDIABUSMUX_REGS_TLIMIT_LVL2_AVE @ 0x207000038
CHIP::MEDIABUSMUX.MEDIABUSMUX_REGS_TLIMIT_LVL3_AVE @ 0x20700003c
CHIP::MEDIABUSMUX.MEDIABUSMUX_REGS_TLIMIT_LVL0_VXD @ 0x207000040
CHIP::MEDIABUSMUX.MEDIABUSMUX_REGS_TLIMIT_LVL1_VXD @ 0x207000044
CHIP::MEDIABUSMUX.MEDIABUSMUX_REGS_TLIMIT_LVL2_VXD @ 0x207000048
CHIP::MEDIABUSMUX.MEDIABUSMUX_REGS_TLIMIT_LVL3_VXD @ 0x20700004c
CHIP::MEDIABUSMUX.MEDIABUSMUX_REGS_JPEG_CREDIT_ALLOC @ 0x207000050
CHIP::MEDIABUSMUX.MEDIABUSMUX_REGS_MSR_CREDIT_ALLOC @ 0x207000054
CHIP::MEDIABUSMUX.MEDIABUSMUX_REGS_AVE_CREDIT_ALLOC_0 @ 0x207000058
CHIP::MEDIABUSMUX.MEDIABUSMUX_REGS_AVE_CREDIT_ALLOC_1 @ 0x20700005c
CHIP::MEDIABUSMUX.MEDIABUSMUX_REGS_VXD_CREDIT_ALLOC_0 @ 0x207000060
CHIP::MEDIABUSMUX.MEDIABUSMUX_REGS_VXD_CREDIT_ALLOC_1 @ 0x207000064
CHIP::MEDIABUSMUX.MEDIABUSMUX_REGS_MEDIAMUXTOP_CREDIT_ALLOC @ 0x207000068
CHIP::MEDIABUSMUX.MEDIABUSMUX_REGS_CPG_CNTL @ 0x20700006c
CHIP::MEDIABUSMUX.MEDIABUSMUX_REGS_BWMGT_AVE @ 0x207000070
CHIP::MEDIABUSMUX.MEDIABUSMUX_REGS_BWMGT_VXD @ 0x207000074
CHIP::MEDIA::MSR_AXI2AF::MSR_AFC_AIU.MSR_AFC_AIU_SELF_REGS_ARBCFG @ 0x207800000
CHIP::MEDIA::MSR_AXI2AF::MSR_AFC_AIU.MSR_AFC_AIU_SELF_REGS_DWCFG_LEG0 @ 0x207800004
CHIP::MEDIA::MSR_AXI2AF::MSR_AFC_AIU.MSR_AFC_AIU_SELF_REGS_DWCFG_LEG1 @ 0x207800008
CHIP::MEDIA::MSR_AXI2AF::MSR_AFC_AIU.MSR_AFC_AIU_SELF_REGS_DNRSP_CREDIT_ALLOC @ 0x20780000c
CHIP::MEDIA::MSR_AXI2AF::MSR_AFC_AIU.MSR_AFC_AIU_SELF_REGS_PIO_CREDIT_ALLOC @ 0x207800010
CHIP::MEDIA::MSR_AXI2AF::MSR_AFC_AIU.MSR_AFC_AIU_SELF_REGS_CPG_CNTL @ 0x207800014
CHIP::MEDIA::MSR_AXI2AF::MSR_AFC_AIU.MSR_AFC_AIU_SELF_REGS_LIMITED_BW_THRESHOLD @ 0x207800018
CHIP::MEDIA::MSR_AXI2AF::MSR_AFC_AIU.MSR_AFC_AIU_SELF_AW_TLIMIT_LEVEL0 @ 0x20780001c
CHIP::MEDIA::MSR_AXI2AF::MSR_AFC_AIU.MSR_AFC_AIU_SELF_AW_TLIMIT_LEVEL1 @ 0x207800020
CHIP::MEDIA::MSR_AXI2AF::MSR_AFC_AIU.MSR_AFC_AIU_SELF_AW_TLIMIT_LEVEL2 @ 0x207800024
CHIP::MEDIA::MSR_AXI2AF::MSR_AFC_AIU.MSR_AFC_AIU_SELF_AW_TLIMIT_LEVEL3 @ 0x207800028
CHIP::MEDIA::MSR_AXI2AF::MSR_AFC_AIU.MSR_AFC_AIU_SELF_AR_TLIMIT_LEVEL0 @ 0x20780002c
CHIP::MEDIA::MSR_AXI2AF::MSR_AFC_AIU.MSR_AFC_AIU_SELF_AR_TLIMIT_LEVEL1 @ 0x207800030
CHIP::MEDIA::MSR_AXI2AF::MSR_AFC_AIU.MSR_AFC_AIU_SELF_AR_TLIMIT_LEVEL2 @ 0x207800034
CHIP::MEDIA::MSR_AXI2AF::MSR_AFC_AIU.MSR_AFC_AIU_SELF_AR_TLIMIT_LEVEL3 @ 0x207800038
CHIP::MEDIA::MSR_AXI2AF::MSR_AFC_AIU.MSR_AFC_AIU_SELF_TLIMIT_OUTSTANDING @ 0x20780003c
CHIP::MEDIA::MSR_AXI2AF::MSR_AFC_AIU.MSR_AFC_AIU_MC_REGS_MEMCACHE_DATASETID_OVERRIDE @ 0x207804000
CHIP::MEDIA::MSR_AXI2AF::MSR_AFC_AIU.MSR_AFC_AIU_MC_REGS_MEMCACHE_HINT_OVERRIDE @ 0x207804004
CHIP::MEDIA::MSR_AXI2AF::MSR_AFC_AIU.MSR_AFC_AIU_PERF_CNTR_AW_PERF_CNTR_CNTRL @ 0x207808000
CHIP::MEDIA::MSR_AXI2AF::MSR_AFC_AIU.MSR_AFC_AIU_PERF_CNTR_AW_DEPTH_CNTR_STATUS @ 0x207808004
CHIP::MEDIA::MSR_AXI2AF::MSR_AFC_AIU.MSR_AFC_AIU_PERF_CNTR_AW_LATENCY_CNTR_STATUS @ 0x207808008
CHIP::MEDIA::MSR_AXI2AF::MSR_AFC_AIU.MSR_AFC_AIU_PERF_CNTR_AW_THROUGHPUT_CNTR_STATUS @ 0x20780800c
CHIP::MEDIA::MSR_AXI2AF::MSR_AFC_AIU.MSR_AFC_AIU_PERF_CNTR_AR_PERF_CNTR_CNTRL @ 0x207808010
CHIP::MEDIA::MSR_AXI2AF::MSR_AFC_AIU.MSR_AFC_AIU_PERF_CNTR_AR_DEPTH_CNTR_STATUS @ 0x207808014
CHIP::MEDIA::MSR_AXI2AF::MSR_AFC_AIU.MSR_AFC_AIU_PERF_CNTR_AR_LATENCY_CNTR_STATUS @ 0x207808018
CHIP::MEDIA::MSR_AXI2AF::MSR_AFC_AIU.MSR_AFC_AIU_PERF_CNTR_AR_THROUGHPUT_CNTR_STATUS @ 0x20780801c
CHIP::MEDIA::MSR_AXI2AF::MSR_AFC_AIU.MSR_AFC_AIU_PERF_CNTR_AW_BYTE_CNTR_CNTRL @ 0x207808100
CHIP::MEDIA::MSR_AXI2AF::MSR_AFC_AIU.MSR_AFC_AIU_PERF_CNTR_AW_BYTE_CNTR_LSB_STATUS @ 0x207808104
CHIP::MEDIA::MSR_AXI2AF::MSR_AFC_AIU.MSR_AFC_AIU_PERF_CNTR_AW_BYTE_CNTR_MSB_STATUS @ 0x207808108
CHIP::MEDIA::MSR_AXI2AF::MSR_AFC_AIU.MSR_AFC_AIU_PERF_CNTR_AR_BYTE_CNTR_CNTRL @ 0x20780810c
CHIP::MEDIA::MSR_AXI2AF::MSR_AFC_AIU.MSR_AFC_AIU_PERF_CNTR_AR_BYTE_CNTR_LSB_STATUS @ 0x207808110
CHIP::MEDIA::MSR_AXI2AF::MSR_AFC_AIU.MSR_AFC_AIU_PERF_CNTR_AR_BYTE_CNTR_MSB_STATUS @ 0x207808114
CHIP::MEDIA::MSR_TOP::MSR.GLBL_MSRVERSION @ 0x207900000
CHIP::MEDIA::MSR_TOP::MSR.GLBL_RESET @ 0x207900004
CHIP::MEDIA::MSR_TOP::MSR.GLBL_DEBUG @ 0x207900008
CHIP::MEDIA::MSR_TOP::MSR.GLBL_STATUS @ 0x20790000c
CHIP::MEDIA::MSR_TOP::MSR.GLBL_RESUME @ 0x207900010
CHIP::MEDIA::MSR_TOP::MSR.GLBL_SFIFOTHRESH @ 0x207900014
CHIP::MEDIA::MSR_TOP::MSR.GLBL_SFIFOSTATUS @ 0x207900018
CHIP::MEDIA::MSR_TOP::MSR.GLBL_IRQEN @ 0x20790001c
CHIP::MEDIA::MSR_TOP::MSR.GLBL_IRQSTS @ 0x207900020
CHIP::MEDIA::MSR_TOP::MSR.GLBL_FRAMECNT @ 0x207900024
CHIP::MEDIA::MSR_TOP::MSR.GLBL_RDADDR0 @ 0x207900028
CHIP::MEDIA::MSR_TOP::MSR.GLBL_RDADDR1 @ 0x20790002c
CHIP::MEDIA::MSR_TOP::MSR.GLBL_RDPFADDR0 @ 0x207900030
CHIP::MEDIA::MSR_TOP::MSR.GLBL_RDPFADDR1 @ 0x207900034
CHIP::MEDIA::MSR_TOP::MSR.GLBL_WRADDR0 @ 0x207900038
CHIP::MEDIA::MSR_TOP::MSR.GLBL_WRADDR1 @ 0x20790003c
CHIP::MEDIA::MSR_TOP::MSR.GLBL_WRPFADDR0 @ 0x207900040
CHIP::MEDIA::MSR_TOP::MSR.GLBL_WRPFADDR1 @ 0x207900044
CHIP::MEDIA::MSR_TOP::MSR.GLBL_SPARE @ 0x207900048
CHIP::MEDIA::MSR_TOP::MSR.CTRL_START @ 0x207900080
CHIP::MEDIA::MSR_TOP::MSR.CTRL_STOP @ 0x207900084
CHIP::MEDIA::MSR_TOP::MSR.CTRL_LMCLAMP @ 0x207900088
CHIP::MEDIA::MSR_TOP::MSR.CTRL_CHCLAMP @ 0x20790008c
CHIP::MEDIA::MSR_TOP::MSR.CTRL_ALPHA @ 0x207900090
CHIP::MEDIA::MSR_TOP::MSR.CTRL_CHINT @ 0x207900094
CHIP::MEDIA::MSR_TOP::MSR.CTRL_TIMEOUT @ 0x207900098
CHIP::MEDIA::MSR_TOP::MSR.CTRL_DBGSTS @ 0x20790009c
CHIP::MEDIA::MSR_TOP::MSR.CTRL_MISC @ 0x2079000a0
CHIP::MEDIA::MSR_TOP::MSR.CTRL_TTLCOUNT @ 0x2079000a4
CHIP::MEDIA::MSR_TOP::MSR.CTRL_STARTCOUNT @ 0x2079000a8
CHIP::MEDIA::MSR_TOP::MSR.CTRL_STOPCOUNT @ 0x2079000ac
CHIP::MEDIA::MSR_TOP::MSR.CTRL_TTLLAT @ 0x2079000b0
CHIP::MEDIA::MSR_TOP::MSR.CTRL_TTLFETCH @ 0x2079000b4
CHIP::MEDIA::MSR_TOP::MSR.CTRL_MAXLAT @ 0x2079000b8
CHIP::MEDIA::MSR_TOP::MSR.CTRL_MINLAT @ 0x2079000bc
CHIP::MEDIA::MSR_TOP::MSR.CTRL_TTLPIXRD @ 0x2079000c0
CHIP::MEDIA::MSR_TOP::MSR.CTRL_TTLSTALL @ 0x2079000c4
CHIP::MEDIA::MSR_TOP::MSR.CTRL_RSTALL @ 0x2079000c8
CHIP::MEDIA::MSR_TOP::MSR.CTRL_WSTALL @ 0x2079000cc
CHIP::MEDIA::MSR_TOP::MSR.CTRL_ARID_A @ 0x2079000d0
CHIP::MEDIA::MSR_TOP::MSR.CTRL_ARID_B @ 0x2079000d4
CHIP::MEDIA::MSR_TOP::MSR.CTRL_AWID_A @ 0x2079000d8
CHIP::MEDIA::MSR_TOP::MSR.CTRL_AWID_B @ 0x2079000dc
CHIP::MEDIA::MSR_TOP::MSR.CTRL_SPARE @ 0x2079000e0
CHIP::MEDIA::MSR_TOP::MSR.RDMA_CFG @ 0x207900100
CHIP::MEDIA::MSR_TOP::MSR.RDMA_LMBA @ 0x207900104
CHIP::MEDIA::MSR_TOP::MSR.RDMA_CHBA @ 0x207900108
CHIP::MEDIA::MSR_TOP::MSR.RDMA_LMSTR @ 0x20790010c
CHIP::MEDIA::MSR_TOP::MSR.RDMA_CHSTR @ 0x207900110
CHIP::MEDIA::MSR_TOP::MSR.RDMA_LMPOS @ 0x207900114
CHIP::MEDIA::MSR_TOP::MSR.RDMA_CHPOS @ 0x207900118
CHIP::MEDIA::MSR_TOP::MSR.RDMA_LMPA @ 0x20790011c
CHIP::MEDIA::MSR_TOP::MSR.RDMA_CHPA @ 0x207900120
CHIP::MEDIA::MSR_TOP::MSR.RDMA_SWZ @ 0x207900124
CHIP::MEDIA::MSR_TOP::MSR.RDMA_SIZE @ 0x207900128
CHIP::MEDIA::MSR_TOP::MSR.WDMA_CFG @ 0x207900200
CHIP::MEDIA::MSR_TOP::MSR.WDMA_LMBA @ 0x207900204
CHIP::MEDIA::MSR_TOP::MSR.WDMA_CHBA @ 0x207900208
CHIP::MEDIA::MSR_TOP::MSR.WDMA_LMSTR @ 0x20790020c
CHIP::MEDIA::MSR_TOP::MSR.WDMA_CHSTR @ 0x207900210
CHIP::MEDIA::MSR_TOP::MSR.WDMA_LMPOS @ 0x207900214
CHIP::MEDIA::MSR_TOP::MSR.WDMA_CHPOS @ 0x207900218
CHIP::MEDIA::MSR_TOP::MSR.WDMA_LMPA @ 0x20790021c
CHIP::MEDIA::MSR_TOP::MSR.WDMA_CHPA @ 0x207900220
CHIP::MEDIA::MSR_TOP::MSR.WDMA_SWZ @ 0x207900224
CHIP::MEDIA::MSR_TOP::MSR.WDMA_SIZE @ 0x207900228
CHIP::MEDIA::MSR_TOP::MSR.ROT_CFG @ 0x207900300
CHIP::MEDIA::MSR_TOP::MSR.CSC_CFG @ 0x207900600
CHIP::MEDIA::MSR_TOP::MSR.CSC_IOFFSET @ 0x207900604
CHIP::MEDIA::MSR_TOP::MSR.CSC_COEFF @ 0x207900610
CHIP::MEDIA::MSR_TOP::MSR.CSC_OOFFSET @ 0x207900634
CHIP::MEDIA::MSR_TOP::MSR.CHDWN_CFG @ 0x207900900
CHIP::MEDIA::MSR_TOP::MSR.DITHER_CFG @ 0x207900a00
CHIP::MEDIA::MSR_TOP::MSR.DITHER_SKEWLOC @ 0x207900a04
CHIP::MEDIA::MSR_TOP::MSR.DITHER_KERNEL00 @ 0x207900a40
CHIP::MEDIA::MSR_TOP::MSR.DITHER_KERNEL01 @ 0x207900a44
CHIP::MEDIA::MSR_TOP::MSR.DITHER_KERNEL02 @ 0x207900a48
CHIP::MEDIA::MSR_TOP::MSR.DITHER_KERNEL03 @ 0x207900a4c
CHIP::MEDIA::MSR_TOP::MSR.DITHER_KERNEL04 @ 0x207900a50
CHIP::MEDIA::MSR_TOP::MSR.DITHER_KERNEL05 @ 0x207900a54
CHIP::MEDIA::MSR_TOP::MSR.DITHER_KERNEL06 @ 0x207900a58
CHIP::MEDIA::MSR_TOP::MSR.DITHER_KERNEL07 @ 0x207900a5c
CHIP::MEDIA::MSR_TOP::MSR.DITHER_KERNEL08 @ 0x207900a60
CHIP::MEDIA::MSR_TOP::MSR.DITHER_KERNEL09 @ 0x207900a64
CHIP::MEDIA::MSR_TOP::MSR.DITHER_KERNEL10 @ 0x207900a68
CHIP::MEDIA::MSR_TOP::MSR.DITHER_KERNEL11 @ 0x207900a6c
CHIP::MEDIA::MSR_TOP::MSR.DITHER_KERNEL12 @ 0x207900a70
CHIP::MEDIA::MSR_TOP::MSR.DITHER_KERNEL13 @ 0x207900a74
CHIP::MEDIA::MSR_TOP::MSR.DITHER_KERNEL14 @ 0x207900a78
CHIP::MEDIA::MSR_TOP::MSR.DITHER_KERNEL15 @ 0x207900a7c
CHIP::MEDIA::MSR_TOP::MSR.PIXFMT_PIXIOFF @ 0x207900b00
CHIP::MEDIA::MSR_TOP::MSR.PIXFMT_PIXIDIV @ 0x207900b04
CHIP::MEDIA::MSR_TOP::MSR.PIXFMT_PIXOOFF @ 0x207900b08
CHIP::MEDIA::MSR_TOP::MSR.PIXFMT_PIXOMUL @ 0x207900b0c
CHIP::MEDIA::MSR_TOP::MSR.CHKSM_CKSMCTRL @ 0x207900c00
CHIP::MEDIA::MSR_TOP::MSR.CHKSM_CKSMFETCH @ 0x207900c04
CHIP::MEDIA::MSR_TOP::MSR.CHKSM_CKSMHSCAL @ 0x207900c08
CHIP::MEDIA::MSR_TOP::MSR.CHKSM_CKSMCSCPRECM @ 0x207900c0c
CHIP::MEDIA::MSR_TOP::MSR.CHKSM_CKSMCM @ 0x207900c10
CHIP::MEDIA::MSR_TOP::MSR.CHKSM_CKSMCSCPOSTCM @ 0x207900c14
CHIP::MEDIA::MSR_TOP::MSR.CHKSM_CKSMNORM @ 0x207900c18
CHIP::MEDIA::MSR_TOP::MSR.CHKSM_CKSMCSC @ 0x207900c1c
CHIP::MEDIA::MSR_TOP::MSR.CHKSM_CKSMCHDS @ 0x207900c20
CHIP::MEDIA::MSR_TOP::MSR.CHKSM_CKSMRFMT @ 0x207900c24
CHIP::MEDIA::MSR_TOP::MSR.CHKSM_CKSMDITH @ 0x207900c28
CHIP::MEDIA::MSR_TOP::MSR.VSCALE_CFG @ 0x207901000
CHIP::MEDIA::MSR_TOP::MSR.VSCALE_LMDDAINIT @ 0x207901004
CHIP::MEDIA::MSR_TOP::MSR.VSCALE_CHDDAINIT @ 0x207901008
CHIP::MEDIA::MSR_TOP::MSR.VSCALE_LMDDASTEP @ 0x20790100c
CHIP::MEDIA::MSR_TOP::MSR.VSCALE_CHDDASTEP @ 0x207901010
CHIP::MEDIA::MSR_TOP::MSR.VSCALE_COEFF @ 0x207901400
CHIP::MEDIA::MSR_TOP::MSR.HSCALE_CFG @ 0x207902000
CHIP::MEDIA::MSR_TOP::MSR.HSCALE_LMDDAINIT @ 0x207902004
CHIP::MEDIA::MSR_TOP::MSR.HSCALE_CHDDAINIT @ 0x207902008
CHIP::MEDIA::MSR_TOP::MSR.HSCALE_LMDDASTEP @ 0x20790200c
CHIP::MEDIA::MSR_TOP::MSR.HSCALE_CHDDASTEP @ 0x207902010
CHIP::MEDIA::MSR_TOP::MSR.HSCALE_COEFF @ 0x207902400
CHIP::MEDIA::MSR_TOP::MSR.DEST_STATSCTRL @ 0x207903000
CHIP::MEDIA::MSR_TOP::MSR.DEST_STATSXY @ 0x207903004
CHIP::MEDIA::MSR_TOP::MSR.DEST_STATSXYCH @ 0x207903008
CHIP::MEDIA::MSR_TOP::MSR.DEST_STATSWH @ 0x20790300c
CHIP::MEDIA::MSR_TOP::MSR.DEST_STATSWHCH @ 0x207903010
CHIP::MEDIA::MSR_TOP::MSR.DEST_STATSBIN @ 0x207903014
CHIP::MEDIA::MSR_TOP::MSR.DEST_BFILLCTRL @ 0x207903034
CHIP::MEDIA::MSR_TOP::MSR.DEST_BFILLXY @ 0x207903038
CHIP::MEDIA::MSR_TOP::MSR.DEST_BFILLCH @ 0x20790303c
CHIP::MEDIA::MSR_TOP::MSR.DEST_HISTOGRAM_R @ 0x207903100
CHIP::MEDIA::MSR_TOP::MSR.DEST_HISTOGRAM_G @ 0x207903200
CHIP::MEDIA::MSR_TOP::MSR.DEST_HISTOGRAM_B @ 0x207903300
CHIP::MEDIA::MSR_TOP::MSR.CM_MSRCMCFG @ 0x207903400
CHIP::MEDIA::MSR_TOP::MSR.CM_MSRDEGAMMALINEAR @ 0x207903404
CHIP::MEDIA::MSR_TOP::MSR.CM_MSRCMCOEF @ 0x207903408
CHIP::MEDIA::MSR_TOP::MSR.CM_MSRGAMMALINEAR @ 0x20790342c
CHIP::MEDIA::MSR_TOP::MSR.CSCPRECM_CFG @ 0x207903500
CHIP::MEDIA::MSR_TOP::MSR.CSCPRECM_IOFFSET @ 0x207903504
CHIP::MEDIA::MSR_TOP::MSR.CSCPRECM_COEFF @ 0x207903510
CHIP::MEDIA::MSR_TOP::MSR.CSCPRECM_OOFFSET @ 0x207903534
CHIP::MEDIA::MSR_TOP::MSR.CSCPOSTCM_CFG @ 0x207903600
CHIP::MEDIA::MSR_TOP::MSR.CSCPOSTCM_IOFFSET @ 0x207903604
CHIP::MEDIA::MSR_TOP::MSR.CSCPOSTCM_COEFF @ 0x207903610
CHIP::MEDIA::MSR_TOP::MSR.CSCPOSTCM_OOFFSET @ 0x207903634
CHIP::MEDIA::MSR_TOP::MSR.CMDGT_MSRDEGAMMATABLE @ 0x207903700
CHIP::MEDIA::MSR_TOP::MSR.CMGT_MSRGAMMATABLE @ 0x207903800
CHIP::MEDIA::MSR_TOP::MSR_SMMU.SMMU_SMMU_CONFIG @ 0x20790400c
CHIP::MEDIA::MSR_TOP::MSR_SMMU.SMMU_SMMU_ERR_STATUS @ 0x207904010
CHIP::MEDIA::MSR_TOP::MSR_SMMU.SMMU_SMMU_ERR_AXI_REQ0 @ 0x207904014
CHIP::MEDIA::MSR_TOP::MSR_SMMU.SMMU_SMMU_ERR_AXI_REQ1 @ 0x207904018
CHIP::MEDIA::MSR_TOP::MSR_SMMU.SMMU_SMMU_ERR_ADDRESS @ 0x20790401c
CHIP::MEDIA::MSR_TOP::MSR_SMMU.SMMU_SMMU_DIAG_CONFIG @ 0x207904020
CHIP::MEDIA::MSR_TOP::MSR_SMMU.SMMU_SMMU_DIAG_BOGUS_ACCESS @ 0x207904024
CHIP::MEDIA::MSR_TOP::MSR_SMMU.SMMU_SMMU_BYPASS_ADDR @ 0x20790402c
CHIP::MEDIA::MSR_TOP::MSR_SMMU.SMMU_SMMU_ERR_STTIDX @ 0x207904030
CHIP::MEDIA::MSR_TOP::MSR_SMMU.SMMU_SMMU_REQ_SCOREBOARD @ 0x207904080
CHIP::MEDIA::MSR_TOP::MSR_SMMU.SMMU_SMMU_ACK_SCOREBOARD @ 0x2079040c0
CHIP::MEDIA::MSR_TOP::MSR_SMMU.SMMU_SMMU_PERF_CONFIG @ 0x207905000
CHIP::MEDIA::MSR_TOP::MSR_SMMU.SMMU_SMMU_CTR @ 0x207905004
CHIP::MEDIA::MSR_TOP::MSR_SMMU.SMMU_SMMU_STT_PA_DATA @ 0x207906000
CHIP::MEDIA::MSR_TOP::MSR_SMMU_DART.DART_DART_TLB_OP @ 0x207908000
CHIP::MEDIA::MSR_TOP::MSR_SMMU_DART.DART_DART_TLB_TAG_DATA @ 0x207908004
CHIP::MEDIA::MSR_TOP::MSR_SMMU_DART.DART_DART_TLB_PA_DATA @ 0x207908008
CHIP::MEDIA::MSR_TOP::MSR_SMMU_DART.DART_DART_CONFIG @ 0x20790800c
CHIP::MEDIA::MSR_TOP::MSR_SMMU_DART.DART_DART_ERR_STATUS @ 0x207908010
CHIP::MEDIA::MSR_TOP::MSR_SMMU_DART.DART_DART_ERR_AXI_REQ0 @ 0x207908014
CHIP::MEDIA::MSR_TOP::MSR_SMMU_DART.DART_DART_ERR_AXI_REQ1 @ 0x207908018
CHIP::MEDIA::MSR_TOP::MSR_SMMU_DART.DART_DART_ERR_ADDRESS @ 0x20790801c
CHIP::MEDIA::MSR_TOP::MSR_SMMU_DART.DART_DART_DIAG_CONFIG @ 0x207908020
CHIP::MEDIA::MSR_TOP::MSR_SMMU_DART.DART_DART_DIAG_BOGUS_ACCESS @ 0x207908024
CHIP::MEDIA::MSR_TOP::MSR_SMMU_DART.DART_DART_SID_REMAP @ 0x207908028
CHIP::MEDIA::MSR_TOP::MSR_SMMU_DART.DART_DART_BYPASS_ADDR @ 0x20790802c
CHIP::MEDIA::MSR_TOP::MSR_SMMU_DART.DART_DART_FETCH_REQ_CONFIG @ 0x207908030
CHIP::MEDIA::MSR_TOP::MSR_SMMU_DART.DART_DART_TTBR @ 0x207908040
CHIP::MEDIA::MSR_TOP::MSR_SMMU_DART.DART_DART_PERF_CONFIG @ 0x207909000
CHIP::MEDIA::MSR_TOP::MSR_SMMU_DART.DART_TLB_MISS_CTR @ 0x207909004
CHIP::MEDIA::MSR_TOP::MSR_SMMU_DART.DART_TLB_WAIT_CTR @ 0x207909008
CHIP::MEDIA::MSR_TOP::MSR_SMMU_DART.DART_TLB_HIT_CTR @ 0x20790900c
CHIP::MEDIA::MSR_TOP::MSR_SMMU_DART.DART_ST_MISS_CTR @ 0x207909010
CHIP::MEDIA::MSR_TOP::MSR_SMMU_DART.DART_ST_WAIT_CTR @ 0x207909014
CHIP::MEDIA::MSR_TOP::MSR_SMMU_DART.DART_ST_HIT_CTR @ 0x207909018
CHIP::MEDIA::MSR_INTR2AXI.INTERRUPT_FILTER_0 @ 0x20790c000
CHIP::MEDIA::MSR_INTR2AXI.CURRENT_STATUS_0 @ 0x20790c040
CHIP::MEDIA::MSR_INTR2AXI.FORCE_UPDATE @ 0x20790c080
CHIP::MEDIA::MSR_INTR2AXI.IDLE @ 0x20790c084
CHIP::MEDIA::AJPEG_AXI2AF::JPEG_AFC_AIU.JPEG_AFC_AIU_SELF_REGS_ARBCFG @ 0x207a00000
CHIP::MEDIA::AJPEG_AXI2AF::JPEG_AFC_AIU.JPEG_AFC_AIU_SELF_REGS_DWCFG_LEG0 @ 0x207a00004
CHIP::MEDIA::AJPEG_AXI2AF::JPEG_AFC_AIU.JPEG_AFC_AIU_SELF_REGS_DWCFG_LEG1 @ 0x207a00008
CHIP::MEDIA::AJPEG_AXI2AF::JPEG_AFC_AIU.JPEG_AFC_AIU_SELF_REGS_DNRSP_CREDIT_ALLOC @ 0x207a0000c
CHIP::MEDIA::AJPEG_AXI2AF::JPEG_AFC_AIU.JPEG_AFC_AIU_SELF_REGS_PIO_CREDIT_ALLOC @ 0x207a00010
CHIP::MEDIA::AJPEG_AXI2AF::JPEG_AFC_AIU.JPEG_AFC_AIU_SELF_REGS_CPG_CNTL @ 0x207a00014
CHIP::MEDIA::AJPEG_AXI2AF::JPEG_AFC_AIU.JPEG_AFC_AIU_SELF_REGS_LIMITED_BW_THRESHOLD @ 0x207a00018
CHIP::MEDIA::AJPEG_AXI2AF::JPEG_AFC_AIU.JPEG_AFC_AIU_SELF_AW_TLIMIT_LEVEL0 @ 0x207a0001c
CHIP::MEDIA::AJPEG_AXI2AF::JPEG_AFC_AIU.JPEG_AFC_AIU_SELF_AW_TLIMIT_LEVEL1 @ 0x207a00020
CHIP::MEDIA::AJPEG_AXI2AF::JPEG_AFC_AIU.JPEG_AFC_AIU_SELF_AW_TLIMIT_LEVEL2 @ 0x207a00024
CHIP::MEDIA::AJPEG_AXI2AF::JPEG_AFC_AIU.JPEG_AFC_AIU_SELF_AW_TLIMIT_LEVEL3 @ 0x207a00028
CHIP::MEDIA::AJPEG_AXI2AF::JPEG_AFC_AIU.JPEG_AFC_AIU_SELF_AR_TLIMIT_LEVEL0 @ 0x207a0002c
CHIP::MEDIA::AJPEG_AXI2AF::JPEG_AFC_AIU.JPEG_AFC_AIU_SELF_AR_TLIMIT_LEVEL1 @ 0x207a00030
CHIP::MEDIA::AJPEG_AXI2AF::JPEG_AFC_AIU.JPEG_AFC_AIU_SELF_AR_TLIMIT_LEVEL2 @ 0x207a00034
CHIP::MEDIA::AJPEG_AXI2AF::JPEG_AFC_AIU.JPEG_AFC_AIU_SELF_AR_TLIMIT_LEVEL3 @ 0x207a00038
CHIP::MEDIA::AJPEG_AXI2AF::JPEG_AFC_AIU.JPEG_AFC_AIU_SELF_TLIMIT_OUTSTANDING @ 0x207a0003c
CHIP::MEDIA::AJPEG_AXI2AF::JPEG_AFC_AIU.JPEG_AFC_AIU_MC_REGS_MEMCACHE_DATASETID_OVERRIDE @ 0x207a04000
CHIP::MEDIA::AJPEG_AXI2AF::JPEG_AFC_AIU.JPEG_AFC_AIU_MC_REGS_MEMCACHE_HINT_OVERRIDE @ 0x207a04004
CHIP::MEDIA::AJPEG_AXI2AF::JPEG_AFC_AIU.JPEG_AFC_AIU_PERF_CNTR_AW_PERF_CNTR_CNTRL @ 0x207a08000
CHIP::MEDIA::AJPEG_AXI2AF::JPEG_AFC_AIU.JPEG_AFC_AIU_PERF_CNTR_AW_DEPTH_CNTR_STATUS @ 0x207a08004
CHIP::MEDIA::AJPEG_AXI2AF::JPEG_AFC_AIU.JPEG_AFC_AIU_PERF_CNTR_AW_LATENCY_CNTR_STATUS @ 0x207a08008
CHIP::MEDIA::AJPEG_AXI2AF::JPEG_AFC_AIU.JPEG_AFC_AIU_PERF_CNTR_AW_THROUGHPUT_CNTR_STATUS @ 0x207a0800c
CHIP::MEDIA::AJPEG_AXI2AF::JPEG_AFC_AIU.JPEG_AFC_AIU_PERF_CNTR_AR_PERF_CNTR_CNTRL @ 0x207a08010
CHIP::MEDIA::AJPEG_AXI2AF::JPEG_AFC_AIU.JPEG_AFC_AIU_PERF_CNTR_AR_DEPTH_CNTR_STATUS @ 0x207a08014
CHIP::MEDIA::AJPEG_AXI2AF::JPEG_AFC_AIU.JPEG_AFC_AIU_PERF_CNTR_AR_LATENCY_CNTR_STATUS @ 0x207a08018
CHIP::MEDIA::AJPEG_AXI2AF::JPEG_AFC_AIU.JPEG_AFC_AIU_PERF_CNTR_AR_THROUGHPUT_CNTR_STATUS @ 0x207a0801c
CHIP::MEDIA::AJPEG_AXI2AF::JPEG_AFC_AIU.JPEG_AFC_AIU_PERF_CNTR_AW_BYTE_CNTR_CNTRL @ 0x207a08100
CHIP::MEDIA::AJPEG_AXI2AF::JPEG_AFC_AIU.JPEG_AFC_AIU_PERF_CNTR_AW_BYTE_CNTR_LSB_STATUS @ 0x207a08104
CHIP::MEDIA::AJPEG_AXI2AF::JPEG_AFC_AIU.JPEG_AFC_AIU_PERF_CNTR_AW_BYTE_CNTR_MSB_STATUS @ 0x207a08108
CHIP::MEDIA::AJPEG_AXI2AF::JPEG_AFC_AIU.JPEG_AFC_AIU_PERF_CNTR_AR_BYTE_CNTR_CNTRL @ 0x207a0810c
CHIP::MEDIA::AJPEG_AXI2AF::JPEG_AFC_AIU.JPEG_AFC_AIU_PERF_CNTR_AR_BYTE_CNTR_LSB_STATUS @ 0x207a08110
CHIP::MEDIA::AJPEG_AXI2AF::JPEG_AFC_AIU.JPEG_AFC_AIU_PERF_CNTR_AR_BYTE_CNTR_MSB_STATUS @ 0x207a08114
CHIP::MEDIA::AJPEG_TOP::AJPEG_WRAP.WRAP_JW_MAIN_RUN @ 0x207b00000
CHIP::MEDIA::AJPEG_TOP::AJPEG_WRAP.WRAP_JW_DELAY_WRITE_RUN @ 0x207b00004
CHIP::MEDIA::AJPEG_TOP::AJPEG_WRAP.WRAP_JW_MAIN_CTL @ 0x207b00008
CHIP::MEDIA::AJPEG_TOP::AJPEG_WRAP.WRAP_JW_DBG_STATUS @ 0x207b0000c
CHIP::MEDIA::AJPEG_TOP::AJPEG_WRAP.WRAP_JW_DBG_RDCNV @ 0x207b00010
CHIP::MEDIA::AJPEG_TOP::AJPEG_WRAP.WRAP_JW_DBG_WRCNV @ 0x207b00014
CHIP::MEDIA::AJPEG_TOP::AJPEG_WRAP.WRAP_JW_FIFO_STATUS @ 0x207b00018
CHIP::MEDIA::AJPEG_TOP::AJPEG_WRAP.WRAP_JW_ERROR_CAUSE @ 0x207b0001c
CHIP::MEDIA::AJPEG_TOP::AJPEG_WRAP.WRAP_JW_INTR_MASK @ 0x207b00020
CHIP::MEDIA::AJPEG_TOP::AJPEG_WRAP.WRAP_JW_MASKED_ERROR_CAUSE @ 0x207b00024
CHIP::MEDIA::AJPEG_TOP::AJPEG_WRAP.WRAP_JW_JPG_CODEC_MODE @ 0x207b00028
CHIP::MEDIA::AJPEG_TOP::AJPEG_WRAP.WRAP_JW_JPG_ENCODE1_DECODE0 @ 0x207b0002c
CHIP::MEDIA::AJPEG_TOP::AJPEG_WRAP.WRAP_JW_JPG_IP_BYPASS @ 0x207b00030
CHIP::MEDIA::AJPEG_TOP::AJPEG_WRAP.WRAP_JW_READ_BITS1_IMAGE0 @ 0x207b00034
CHIP::MEDIA::AJPEG_TOP::AJPEG_WRAP.WRAP_JW_WRITE_BITS1_IMAGE0 @ 0x207b00038
CHIP::MEDIA::AJPEG_TOP::AJPEG_WRAP.WRAP_JW_MBRAM_WR_AVG_UV_HORZ @ 0x207b0003c
CHIP::MEDIA::AJPEG_TOP::AJPEG_WRAP.WRAP_JW_MBRAM_WR_DECM_UV_HORZ @ 0x207b00040
CHIP::MEDIA::AJPEG_TOP::AJPEG_WRAP.WRAP_JW_MBRAM_WR_AVG_UV_VERT @ 0x207b00044
CHIP::MEDIA::AJPEG_TOP::AJPEG_WRAP.WRAP_JW_MBRAM_WR_DECM_UV_VERT @ 0x207b00048
CHIP::MEDIA::AJPEG_TOP::AJPEG_WRAP.WRAP_JW_MBRAM_RD_RESMP_UV_HORZ2 @ 0x207b0004c
CHIP::MEDIA::AJPEG_TOP::AJPEG_WRAP.WRAP_JW_MBRAM_RD_RESMP_UV_HORZ4 @ 0x207b00050
CHIP::MEDIA::AJPEG_TOP::AJPEG_WRAP.WRAP_JW_MBRAM_RD_RESMP_UV_VERT @ 0x207b00054
CHIP::MEDIA::AJPEG_TOP::AJPEG_WRAP.WRAP_JW_MEMIMAGE_2_PLANE @ 0x207b00058
CHIP::MEDIA::AJPEG_TOP::AJPEG_WRAP.WRAP_JW_MEMIMAGE_MB_PER_LINE @ 0x207b0005c
CHIP::MEDIA::AJPEG_TOP::AJPEG_WRAP.WRAP_JW_MEMIMAGE_MBLINES_PER_IMAGE @ 0x207b00060
CHIP::MEDIA::AJPEG_TOP::AJPEG_WRAP.WRAP_JW_MEMIMAGE_P0_MAX_X_BYTES @ 0x207b00064
CHIP::MEDIA::AJPEG_TOP::AJPEG_WRAP.WRAP_JW_MEMIMAGE_P0_MAX_Y_LINES @ 0x207b00068
CHIP::MEDIA::AJPEG_TOP::AJPEG_WRAP.WRAP_JW_MEMIMAGE_P0_MB_X_CNT @ 0x207b0006c
CHIP::MEDIA::AJPEG_TOP::AJPEG_WRAP.WRAP_JW_MEMIMAGE_P0_MB_Y_CNT @ 0x207b00070
CHIP::MEDIA::AJPEG_TOP::AJPEG_WRAP.WRAP_JW_MEMIMAGE_P0_LINE_STRIDE @ 0x207b00074
CHIP::MEDIA::AJPEG_TOP::AJPEG_WRAP.WRAP_JW_MEMIMAGE_P1_MAX_X_BYTES @ 0x207b00078
CHIP::MEDIA::AJPEG_TOP::AJPEG_WRAP.WRAP_JW_MEMIMAGE_P1_MAX_Y_LINES @ 0x207b0007c
CHIP::MEDIA::AJPEG_TOP::AJPEG_WRAP.WRAP_JW_MEMIMAGE_P1_MB_X_CNT @ 0x207b00080
CHIP::MEDIA::AJPEG_TOP::AJPEG_WRAP.WRAP_JW_MEMIMAGE_P1_MB_Y_CNT @ 0x207b00084
CHIP::MEDIA::AJPEG_TOP::AJPEG_WRAP.WRAP_JW_MEMIMAGE_P1_LINE_STRIDE @ 0x207b00088
CHIP::MEDIA::AJPEG_TOP::AJPEG_WRAP.WRAP_JW_RDDMA_P0_ADR_BASE @ 0x207b0008c
CHIP::MEDIA::AJPEG_TOP::AJPEG_WRAP.WRAP_JW_RDDMA_P1_ADR_BASE @ 0x207b00090
CHIP::MEDIA::AJPEG_TOP::AJPEG_WRAP.WRAP_JW_RDDMA_MBIX_OFFS @ 0x207b00094
CHIP::MEDIA::AJPEG_TOP::AJPEG_WRAP.WRAP_JW_RDDMA_MBIX_OFFS_MIN @ 0x207b00098
CHIP::MEDIA::AJPEG_TOP::AJPEG_WRAP.WRAP_JW_RDDMA_LAST_ADR @ 0x207b0009c
CHIP::MEDIA::AJPEG_TOP::AJPEG_WRAP.WRAP_JW_WRDMA_P0_ADR_BASE @ 0x207b000a0
CHIP::MEDIA::AJPEG_TOP::AJPEG_WRAP.WRAP_JW_WRDMA_P1_ADR_BASE @ 0x207b000a4
CHIP::MEDIA::AJPEG_TOP::AJPEG_WRAP.WRAP_JW_WRDMA_LAST_ADR @ 0x207b000a8
CHIP::MEDIA::AJPEG_TOP::AJPEG_WRAP.WRAP_JW_MXMULT_0_0_COEFF @ 0x207b000ac
CHIP::MEDIA::AJPEG_TOP::AJPEG_WRAP.WRAP_JW_MXMULT_0_1_COEFF @ 0x207b000b0
CHIP::MEDIA::AJPEG_TOP::AJPEG_WRAP.WRAP_JW_MXMULT_0_2_COEFF @ 0x207b000b4
CHIP::MEDIA::AJPEG_TOP::AJPEG_WRAP.WRAP_JW_MXMULT_1_0_COEFF @ 0x207b000b8
CHIP::MEDIA::AJPEG_TOP::AJPEG_WRAP.WRAP_JW_MXMULT_1_1_COEFF @ 0x207b000bc
CHIP::MEDIA::AJPEG_TOP::AJPEG_WRAP.WRAP_JW_MXMULT_1_2_COEFF @ 0x207b000c0
CHIP::MEDIA::AJPEG_TOP::AJPEG_WRAP.WRAP_JW_MXMULT_2_0_COEFF @ 0x207b000c4
CHIP::MEDIA::AJPEG_TOP::AJPEG_WRAP.WRAP_JW_MXMULT_2_1_COEFF @ 0x207b000c8
CHIP::MEDIA::AJPEG_TOP::AJPEG_WRAP.WRAP_JW_MXMULT_2_2_COEFF @ 0x207b000cc
CHIP::MEDIA::AJPEG_TOP::AJPEG_WRAP.WRAP_JW_MXMULT_Y_OFFS @ 0x207b000d0
CHIP::MEDIA::AJPEG_TOP::AJPEG_WRAP.WRAP_JW_MXMULT_UV_OFFS @ 0x207b000d4
CHIP::MEDIA::AJPEG_TOP::AJPEG_WRAP.WRAP_JW_DITHER_SKEWTHRS_85_0 @ 0x207b000d8
CHIP::MEDIA::AJPEG_TOP::AJPEG_WRAP.WRAP_JW_DITHER_SKEWTHRS_85_1 @ 0x207b000dc
CHIP::MEDIA::AJPEG_TOP::AJPEG_WRAP.WRAP_JW_DITHER_SKEWTHRS_85_2 @ 0x207b000e0
CHIP::MEDIA::AJPEG_TOP::AJPEG_WRAP.WRAP_JW_DITHER_SKEWTHRS_85_3 @ 0x207b000e4
CHIP::MEDIA::AJPEG_TOP::AJPEG_WRAP.WRAP_JW_DITHER_SKEWTHRS_85_4 @ 0x207b000e8
CHIP::MEDIA::AJPEG_TOP::AJPEG_WRAP.WRAP_JW_DITHER_SKEWTHRS_85_5 @ 0x207b000ec
CHIP::MEDIA::AJPEG_TOP::AJPEG_WRAP.WRAP_JW_DITHER_SKEWTHRS_85_6 @ 0x207b000f0
CHIP::MEDIA::AJPEG_TOP::AJPEG_WRAP.WRAP_JW_DITHER_SKEWTHRS_86_0 @ 0x207b000f4
CHIP::MEDIA::AJPEG_TOP::AJPEG_WRAP.WRAP_JW_DITHER_SKEWTHRS_86_1 @ 0x207b000f8
CHIP::MEDIA::AJPEG_TOP::AJPEG_WRAP.WRAP_JW_DITHER_SKEWTHRS_86_2 @ 0x207b000fc
CHIP::MEDIA::AJPEG_TOP::AJPEG_WRAP.WRAP_JW_RDCNV_UNPACK_MODE @ 0x207b00100
CHIP::MEDIA::AJPEG_TOP::AJPEG_WRAP.WRAP_JW_RDCNV_SWAP_IX_YR @ 0x207b00104
CHIP::MEDIA::AJPEG_TOP::AJPEG_WRAP.WRAP_JW_RDCNV_SWAP_IX_UG @ 0x207b00108
CHIP::MEDIA::AJPEG_TOP::AJPEG_WRAP.WRAP_JW_RDCNV_SWAP_IX_VB @ 0x207b0010c
CHIP::MEDIA::AJPEG_TOP::AJPEG_WRAP.WRAP_JW_RDCNV_SWAP_IX_Y2 @ 0x207b00110
CHIP::MEDIA::AJPEG_TOP::AJPEG_WRAP.WRAP_JW_RDCNV_EN_RGB2YUV @ 0x207b00114
CHIP::MEDIA::AJPEG_TOP::AJPEG_WRAP.WRAP_JW_AXI_READ_EN_PREFETCH @ 0x207b00118
CHIP::MEDIA::AJPEG_TOP::AJPEG_WRAP.WRAP_JW_AXI_WRITE_EN_PREFETCH @ 0x207b0011c
CHIP::MEDIA::AJPEG_TOP::AJPEG_WRAP.WRAP_JW_AXI_READ_TILED @ 0x207b00120
CHIP::MEDIA::AJPEG_TOP::AJPEG_WRAP.WRAP_JW_AXI_WRITE_TILED @ 0x207b00124
CHIP::MEDIA::AJPEG_TOP::AJPEG_WRAP.WRAP_JW_AXI_TILE_P0_STRIDE_BITS @ 0x207b00128
CHIP::MEDIA::AJPEG_TOP::AJPEG_WRAP.WRAP_JW_AXI_TILE_P1_STRIDE_BITS @ 0x207b0012c
CHIP::MEDIA::AJPEG_TOP::AJPEG_WRAP.WRAP_JW_WRCNV_JPGIP_MB_PER_LINE @ 0x207b00130
CHIP::MEDIA::AJPEG_TOP::AJPEG_WRAP.WRAP_JW_WRCNV_JPGIP_MBLINES_PER_IMAGE @ 0x207b00134
CHIP::MEDIA::AJPEG_TOP::AJPEG_WRAP.WRAP_JW_WRCNV_JPGIP_P0_LAST_MB_WIDTH @ 0x207b00138
CHIP::MEDIA::AJPEG_TOP::AJPEG_WRAP.WRAP_JW_WRCNV_JPGIP_P0_LAST_MB_HEIGHT @ 0x207b0013c
CHIP::MEDIA::AJPEG_TOP::AJPEG_WRAP.WRAP_JW_WRCNV_JPGIP_P1_LAST_MB_WIDTH @ 0x207b00140
CHIP::MEDIA::AJPEG_TOP::AJPEG_WRAP.WRAP_JW_WRCNV_JPGIP_P1_LAST_MB_HEIGHT @ 0x207b00144
CHIP::MEDIA::AJPEG_TOP::AJPEG_WRAP.WRAP_JW_WRCNV_DOWNSCALE @ 0x207b00148
CHIP::MEDIA::AJPEG_TOP::AJPEG_WRAP.WRAP_JW_WRCNV_DEST_MODE @ 0x207b0014c
CHIP::MEDIA::AJPEG_TOP::AJPEG_WRAP.WRAP_JW_WRCNV_422_MODE @ 0x207b00150
CHIP::MEDIA::AJPEG_TOP::AJPEG_WRAP.WRAP_JW_WRCNV_RGB32_MODE @ 0x207b00154
CHIP::MEDIA::AJPEG_TOP::AJPEG_WRAP.WRAP_JW_WRCNV_RGB32_AVAL @ 0x207b00158
CHIP::MEDIA::AJPEG_TOP::AJPEG_WRAP.WRAP_JW_WRCNV_DECIMATE_VERT @ 0x207b0015c
CHIP::MEDIA::AJPEG_TOP::AJPEG_WRAP.WRAP_JW_CRC_ENABLE @ 0x207b00160
CHIP::MEDIA::AJPEG_TOP::AJPEG_WRAP.WRAP_JW_CRC_RDDMA_OUT @ 0x207b00164
CHIP::MEDIA::AJPEG_TOP::AJPEG_WRAP.WRAP_JW_CRC_RDCNV_OUT @ 0x207b00168
CHIP::MEDIA::AJPEG_TOP::AJPEG_WRAP.WRAP_JW_CRC_WRDMA_OUT @ 0x207b0016c
CHIP::MEDIA::AJPEG_TOP::AJPEG_WRAP.WRAP_JW_CRC_WRCNV_OUT @ 0x207b00170
CHIP::MEDIA::AJPEG_TOP::AJPEG_WRAP.WRAP_JW_CRC_CODEC_OUT @ 0x207b00174
CHIP::MEDIA::AJPEG_TOP::AJPEG_WRAP.WRAP_JW_PERF_TOTAL_WRAP_CLKS @ 0x207b00178
CHIP::MEDIA::AJPEG_TOP::AJPEG_WRAP.WRAP_JW_PERF_RDDMA_MEMSTALL @ 0x207b0017c
CHIP::MEDIA::AJPEG_TOP::AJPEG_WRAP.WRAP_JW_PERF_WRDMA_MEMSTALL @ 0x207b00180
CHIP::MEDIA::AJPEG_TOP::AJPEG_WRAP.WRAP_JW_ERROR_TIMEOUT @ 0x207b00184
CHIP::MEDIA::AJPEG_TOP::AJPEG_WRAP.WRAP_JW_VERSION_NUM @ 0x207b00188
CHIP::MEDIA::AJPEG_TOP::AJPEG_WRAP.WRAP_JW_MEMIMAGE_YUV10_MODE_P0 @ 0x207b0018c
CHIP::MEDIA::AJPEG_TOP::AJPEG_WRAP.WRAP_JW_MEMIMAGE_YUV10_MODE_P1 @ 0x207b00190
CHIP::MEDIA::AJPEG_TOP::AJPEG_WRAP.WRAP_JW_AXI_ARCACHE @ 0x207b00194
CHIP::MEDIA::AJPEG_TOP::AJPEG_WRAP.WRAP_JW_AXI_AWCACHE @ 0x207b00198
CHIP::MEDIA::AJPEG_TOP::AJPEG_WRAP.WRAP_JW_EN_EOI_INSERTION @ 0x207b0019c
CHIP::MEDIA::AJPEG_TOP::AJPEG_WRAP.SH_IP_JW_PROCESS_MODE @ 0x207b01000
CHIP::MEDIA::AJPEG_TOP::AJPEG_WRAP.SH_IP_JW_COMMAND @ 0x207b01004
CHIP::MEDIA::AJPEG_TOP::AJPEG_WRAP.SH_IP_JW_OPERATIONAL_STATE @ 0x207b01008
CHIP::MEDIA::AJPEG_TOP::AJPEG_WRAP.SH_IP_JW_Q_TABLE_NO @ 0x207b0100c
CHIP::MEDIA::AJPEG_TOP::AJPEG_WRAP.SH_IP_JW_HUFFMAN_TABLE_NO @ 0x207b01010
CHIP::MEDIA::AJPEG_TOP::AJPEG_WRAP.SH_IP_JW_DRI_VALUE @ 0x207b01014
CHIP::MEDIA::AJPEG_TOP::AJPEG_WRAP.SH_IP_JW_IMAGE_SIZE_Y @ 0x207b01018
CHIP::MEDIA::AJPEG_TOP::AJPEG_WRAP.SH_IP_JW_IMAGE_SIZE_X @ 0x207b0101c
CHIP::MEDIA::AJPEG_TOP::AJPEG_WRAP.SH_IP_JW_COUNTER @ 0x207b01020
CHIP::MEDIA::AJPEG_TOP::AJPEG_WRAP.SH_IP_JW_FILE_FORMAT_SETTING @ 0x207b01024
CHIP::MEDIA::AJPEG_TOP::AJPEG_WRAP.SH_IP_JW_INTERRUPT_SETTING @ 0x207b01028
CHIP::MEDIA::AJPEG_TOP::AJPEG_WRAP.SH_IP_JW_INTERRUPT_STATUS @ 0x207b0102c
CHIP::MEDIA::AJPEG_TOP::AJPEG_WRAP.SH_IP_JW_DECOMPRESSION_ERROR_CODE @ 0x207b01030
CHIP::MEDIA::AJPEG_TOP::AJPEG_WRAP.SH_IP_JW_CORRECTION_PROCESSING_STATUS @ 0x207b01034
CHIP::MEDIA::AJPEG_TOP::AJPEG_WRAP.SH_IP_JW_RESTART @ 0x207b01038
CHIP::MEDIA::AJPEG_TOP::AJPEG_WRAP.SH_IP_JW_DNL_VALUE @ 0x207b0103c
CHIP::MEDIA::AJPEG_TOP::AJPEG_WRAP.SH_IP_JW_DEBUG @ 0x207b01080
CHIP::MEDIA::AJPEG_TOP::AJPEG_WRAP.SH_IP_JW_Q_TABLE0_0 @ 0x207b01100
CHIP::MEDIA::AJPEG_TOP::AJPEG_WRAP.SH_IP_JW_Q_TABLE0_1 @ 0x207b01104
CHIP::MEDIA::AJPEG_TOP::AJPEG_WRAP.SH_IP_JW_Q_TABLE0_2 @ 0x207b01108
CHIP::MEDIA::AJPEG_TOP::AJPEG_WRAP.SH_IP_JW_Q_TABLE0_3 @ 0x207b0110c
CHIP::MEDIA::AJPEG_TOP::AJPEG_WRAP.SH_IP_JW_Q_TABLE0_4 @ 0x207b01110
CHIP::MEDIA::AJPEG_TOP::AJPEG_WRAP.SH_IP_JW_Q_TABLE0_5 @ 0x207b01114
CHIP::MEDIA::AJPEG_TOP::AJPEG_WRAP.SH_IP_JW_Q_TABLE0_6 @ 0x207b01118
CHIP::MEDIA::AJPEG_TOP::AJPEG_WRAP.SH_IP_JW_Q_TABLE0_7 @ 0x207b0111c
CHIP::MEDIA::AJPEG_TOP::AJPEG_WRAP.SH_IP_JW_Q_TABLE0_8 @ 0x207b01120
CHIP::MEDIA::AJPEG_TOP::AJPEG_WRAP.SH_IP_JW_Q_TABLE0_9 @ 0x207b01124
CHIP::MEDIA::AJPEG_TOP::AJPEG_WRAP.SH_IP_JW_Q_TABLE0_10 @ 0x207b01128
CHIP::MEDIA::AJPEG_TOP::AJPEG_WRAP.SH_IP_JW_Q_TABLE0_11 @ 0x207b0112c
CHIP::MEDIA::AJPEG_TOP::AJPEG_WRAP.SH_IP_JW_Q_TABLE0_12 @ 0x207b01130
CHIP::MEDIA::AJPEG_TOP::AJPEG_WRAP.SH_IP_JW_Q_TABLE0_13 @ 0x207b01134
CHIP::MEDIA::AJPEG_TOP::AJPEG_WRAP.SH_IP_JW_Q_TABLE0_14 @ 0x207b01138
CHIP::MEDIA::AJPEG_TOP::AJPEG_WRAP.SH_IP_JW_Q_TABLE0_15 @ 0x207b0113c
CHIP::MEDIA::AJPEG_TOP::AJPEG_WRAP.SH_IP_JW_Q_TABLE1_0 @ 0x207b01140
CHIP::MEDIA::AJPEG_TOP::AJPEG_WRAP.SH_IP_JW_Q_TABLE1_1 @ 0x207b01144
CHIP::MEDIA::AJPEG_TOP::AJPEG_WRAP.SH_IP_JW_Q_TABLE1_2 @ 0x207b01148
CHIP::MEDIA::AJPEG_TOP::AJPEG_WRAP.SH_IP_JW_Q_TABLE1_3 @ 0x207b0114c
CHIP::MEDIA::AJPEG_TOP::AJPEG_WRAP.SH_IP_JW_Q_TABLE1_4 @ 0x207b01150
CHIP::MEDIA::AJPEG_TOP::AJPEG_WRAP.SH_IP_JW_Q_TABLE1_5 @ 0x207b01154
CHIP::MEDIA::AJPEG_TOP::AJPEG_WRAP.SH_IP_JW_Q_TABLE1_6 @ 0x207b01158
CHIP::MEDIA::AJPEG_TOP::AJPEG_WRAP.SH_IP_JW_Q_TABLE1_7 @ 0x207b0115c
CHIP::MEDIA::AJPEG_TOP::AJPEG_WRAP.SH_IP_JW_Q_TABLE1_8 @ 0x207b01160
CHIP::MEDIA::AJPEG_TOP::AJPEG_WRAP.SH_IP_JW_Q_TABLE1_9 @ 0x207b01164
CHIP::MEDIA::AJPEG_TOP::AJPEG_WRAP.SH_IP_JW_Q_TABLE1_10 @ 0x207b01168
CHIP::MEDIA::AJPEG_TOP::AJPEG_WRAP.SH_IP_JW_Q_TABLE1_11 @ 0x207b0116c
CHIP::MEDIA::AJPEG_TOP::AJPEG_WRAP.SH_IP_JW_Q_TABLE1_12 @ 0x207b01170
CHIP::MEDIA::AJPEG_TOP::AJPEG_WRAP.SH_IP_JW_Q_TABLE1_13 @ 0x207b01174
CHIP::MEDIA::AJPEG_TOP::AJPEG_WRAP.SH_IP_JW_Q_TABLE1_14 @ 0x207b01178
CHIP::MEDIA::AJPEG_TOP::AJPEG_WRAP.SH_IP_JW_Q_TABLE1_15 @ 0x207b0117c
CHIP::MEDIA::AJPEG_TOP::AJPEG_WRAP.SH_IP_JW_Q_TABLE2_0 @ 0x207b01180
CHIP::MEDIA::AJPEG_TOP::AJPEG_WRAP.SH_IP_JW_Q_TABLE2_1 @ 0x207b01184
CHIP::MEDIA::AJPEG_TOP::AJPEG_WRAP.SH_IP_JW_Q_TABLE2_2 @ 0x207b01188
CHIP::MEDIA::AJPEG_TOP::AJPEG_WRAP.SH_IP_JW_Q_TABLE2_3 @ 0x207b0118c
CHIP::MEDIA::AJPEG_TOP::AJPEG_WRAP.SH_IP_JW_Q_TABLE2_4 @ 0x207b01190
CHIP::MEDIA::AJPEG_TOP::AJPEG_WRAP.SH_IP_JW_Q_TABLE2_5 @ 0x207b01194
CHIP::MEDIA::AJPEG_TOP::AJPEG_WRAP.SH_IP_JW_Q_TABLE2_6 @ 0x207b01198
CHIP::MEDIA::AJPEG_TOP::AJPEG_WRAP.SH_IP_JW_Q_TABLE2_7 @ 0x207b0119c
CHIP::MEDIA::AJPEG_TOP::AJPEG_WRAP.SH_IP_JW_Q_TABLE2_8 @ 0x207b011a0
CHIP::MEDIA::AJPEG_TOP::AJPEG_WRAP.SH_IP_JW_Q_TABLE2_9 @ 0x207b011a4
CHIP::MEDIA::AJPEG_TOP::AJPEG_WRAP.SH_IP_JW_Q_TABLE2_10 @ 0x207b011a8
CHIP::MEDIA::AJPEG_TOP::AJPEG_WRAP.SH_IP_JW_Q_TABLE2_11 @ 0x207b011ac
CHIP::MEDIA::AJPEG_TOP::AJPEG_WRAP.SH_IP_JW_Q_TABLE2_12 @ 0x207b011b0
CHIP::MEDIA::AJPEG_TOP::AJPEG_WRAP.SH_IP_JW_Q_TABLE2_13 @ 0x207b011b4
CHIP::MEDIA::AJPEG_TOP::AJPEG_WRAP.SH_IP_JW_Q_TABLE2_14 @ 0x207b011b8
CHIP::MEDIA::AJPEG_TOP::AJPEG_WRAP.SH_IP_JW_Q_TABLE2_15 @ 0x207b011bc
CHIP::MEDIA::AJPEG_TOP::AJPEG_WRAP.SH_IP_JW_Q_TABLE3_0 @ 0x207b011c0
CHIP::MEDIA::AJPEG_TOP::AJPEG_WRAP.SH_IP_JW_Q_TABLE3_1 @ 0x207b011c4
CHIP::MEDIA::AJPEG_TOP::AJPEG_WRAP.SH_IP_JW_Q_TABLE3_2 @ 0x207b011c8
CHIP::MEDIA::AJPEG_TOP::AJPEG_WRAP.SH_IP_JW_Q_TABLE3_3 @ 0x207b011cc
CHIP::MEDIA::AJPEG_TOP::AJPEG_WRAP.SH_IP_JW_Q_TABLE3_4 @ 0x207b011d0
CHIP::MEDIA::AJPEG_TOP::AJPEG_WRAP.SH_IP_JW_Q_TABLE3_5 @ 0x207b011d4
CHIP::MEDIA::AJPEG_TOP::AJPEG_WRAP.SH_IP_JW_Q_TABLE3_6 @ 0x207b011d8
CHIP::MEDIA::AJPEG_TOP::AJPEG_WRAP.SH_IP_JW_Q_TABLE3_7 @ 0x207b011dc
CHIP::MEDIA::AJPEG_TOP::AJPEG_WRAP.SH_IP_JW_Q_TABLE3_8 @ 0x207b011e0
CHIP::MEDIA::AJPEG_TOP::AJPEG_WRAP.SH_IP_JW_Q_TABLE3_9 @ 0x207b011e4
CHIP::MEDIA::AJPEG_TOP::AJPEG_WRAP.SH_IP_JW_Q_TABLE3_10 @ 0x207b011e8
CHIP::MEDIA::AJPEG_TOP::AJPEG_WRAP.SH_IP_JW_Q_TABLE3_11 @ 0x207b011ec
CHIP::MEDIA::AJPEG_TOP::AJPEG_WRAP.SH_IP_JW_Q_TABLE3_12 @ 0x207b011f0
CHIP::MEDIA::AJPEG_TOP::AJPEG_WRAP.SH_IP_JW_Q_TABLE3_13 @ 0x207b011f4
CHIP::MEDIA::AJPEG_TOP::AJPEG_WRAP.SH_IP_JW_Q_TABLE3_14 @ 0x207b011f8
CHIP::MEDIA::AJPEG_TOP::AJPEG_WRAP.SH_IP_JW_Q_TABLE3_15 @ 0x207b011fc
CHIP::MEDIA::AJPEG_TOP::AJPEG_WRAP.SH_IP_JW_DC_HUF_TABLE0_0 @ 0x207b01200
CHIP::MEDIA::AJPEG_TOP::AJPEG_WRAP.SH_IP_JW_DC_HUF_TABLE0_1 @ 0x207b01204
CHIP::MEDIA::AJPEG_TOP::AJPEG_WRAP.SH_IP_JW_DC_HUF_TABLE0_2 @ 0x207b01208
CHIP::MEDIA::AJPEG_TOP::AJPEG_WRAP.SH_IP_JW_DC_HUF_TABLE0_3 @ 0x207b0120c
CHIP::MEDIA::AJPEG_TOP::AJPEG_WRAP.SH_IP_JW_DC_HUF_TABLE0_4 @ 0x207b01210
CHIP::MEDIA::AJPEG_TOP::AJPEG_WRAP.SH_IP_JW_DC_HUF_TABLE0_5 @ 0x207b01214
CHIP::MEDIA::AJPEG_TOP::AJPEG_WRAP.SH_IP_JW_DC_HUF_TABLE0_6 @ 0x207b01218
CHIP::MEDIA::AJPEG_TOP::AJPEG_WRAP.SH_IP_JW_AC_HUF_TABLE0_7 @ 0x207b01220
CHIP::MEDIA::AJPEG_TOP::AJPEG_WRAP.SH_IP_JW_AC_HUF_TABLE0_8 @ 0x207b01224
CHIP::MEDIA::AJPEG_TOP::AJPEG_WRAP.SH_IP_JW_AC_HUF_TABLE0_9 @ 0x207b01228
CHIP::MEDIA::AJPEG_TOP::AJPEG_WRAP.SH_IP_JW_AC_HUF_TABLE0_10 @ 0x207b0122c
CHIP::MEDIA::AJPEG_TOP::AJPEG_WRAP.SH_IP_JW_AC_HUF_TABLE0_11 @ 0x207b01230
CHIP::MEDIA::AJPEG_TOP::AJPEG_WRAP.SH_IP_JW_AC_HUF_TABLE0_12 @ 0x207b01234
CHIP::MEDIA::AJPEG_TOP::AJPEG_WRAP.SH_IP_JW_AC_HUF_TABLE0_13 @ 0x207b01238
CHIP::MEDIA::AJPEG_TOP::AJPEG_WRAP.SH_IP_JW_AC_HUF_TABLE0_14 @ 0x207b0123c
CHIP::MEDIA::AJPEG_TOP::AJPEG_WRAP.SH_IP_JW_AC_HUF_TABLE0_15 @ 0x207b01240
CHIP::MEDIA::AJPEG_TOP::AJPEG_WRAP.SH_IP_JW_AC_HUF_TABLE0_16 @ 0x207b01244
CHIP::MEDIA::AJPEG_TOP::AJPEG_WRAP.SH_IP_JW_AC_HUF_TABLE0_17 @ 0x207b01248
CHIP::MEDIA::AJPEG_TOP::AJPEG_WRAP.SH_IP_JW_AC_HUF_TABLE0_18 @ 0x207b0124c
CHIP::MEDIA::AJPEG_TOP::AJPEG_WRAP.SH_IP_JW_AC_HUF_TABLE0_19 @ 0x207b01250
CHIP::MEDIA::AJPEG_TOP::AJPEG_WRAP.SH_IP_JW_AC_HUF_TABLE0_20 @ 0x207b01254
CHIP::MEDIA::AJPEG_TOP::AJPEG_WRAP.SH_IP_JW_AC_HUF_TABLE0_21 @ 0x207b01258
CHIP::MEDIA::AJPEG_TOP::AJPEG_WRAP.SH_IP_JW_AC_HUF_TABLE0_22 @ 0x207b0125c
CHIP::MEDIA::AJPEG_TOP::AJPEG_WRAP.SH_IP_JW_AC_HUF_TABLE0_23 @ 0x207b01260
CHIP::MEDIA::AJPEG_TOP::AJPEG_WRAP.SH_IP_JW_AC_HUF_TABLE0_24 @ 0x207b01264
CHIP::MEDIA::AJPEG_TOP::AJPEG_WRAP.SH_IP_JW_AC_HUF_TABLE0_25 @ 0x207b01268
CHIP::MEDIA::AJPEG_TOP::AJPEG_WRAP.SH_IP_JW_AC_HUF_TABLE0_26 @ 0x207b0126c
CHIP::MEDIA::AJPEG_TOP::AJPEG_WRAP.SH_IP_JW_AC_HUF_TABLE0_27 @ 0x207b01270
CHIP::MEDIA::AJPEG_TOP::AJPEG_WRAP.SH_IP_JW_AC_HUF_TABLE0_28 @ 0x207b01274
CHIP::MEDIA::AJPEG_TOP::AJPEG_WRAP.SH_IP_JW_AC_HUF_TABLE0_29 @ 0x207b01278
CHIP::MEDIA::AJPEG_TOP::AJPEG_WRAP.SH_IP_JW_AC_HUF_TABLE0_30 @ 0x207b0127c
CHIP::MEDIA::AJPEG_TOP::AJPEG_WRAP.SH_IP_JW_AC_HUF_TABLE0_31 @ 0x207b01280
CHIP::MEDIA::AJPEG_TOP::AJPEG_WRAP.SH_IP_JW_AC_HUF_TABLE0_32 @ 0x207b01284
CHIP::MEDIA::AJPEG_TOP::AJPEG_WRAP.SH_IP_JW_AC_HUF_TABLE0_33 @ 0x207b01288
CHIP::MEDIA::AJPEG_TOP::AJPEG_WRAP.SH_IP_JW_AC_HUF_TABLE0_34 @ 0x207b0128c
CHIP::MEDIA::AJPEG_TOP::AJPEG_WRAP.SH_IP_JW_AC_HUF_TABLE0_35 @ 0x207b01290
CHIP::MEDIA::AJPEG_TOP::AJPEG_WRAP.SH_IP_JW_AC_HUF_TABLE0_36 @ 0x207b01294
CHIP::MEDIA::AJPEG_TOP::AJPEG_WRAP.SH_IP_JW_AC_HUF_TABLE0_37 @ 0x207b01298
CHIP::MEDIA::AJPEG_TOP::AJPEG_WRAP.SH_IP_JW_AC_HUF_TABLE0_38 @ 0x207b0129c
CHIP::MEDIA::AJPEG_TOP::AJPEG_WRAP.SH_IP_JW_AC_HUF_TABLE0_39 @ 0x207b012a0
CHIP::MEDIA::AJPEG_TOP::AJPEG_WRAP.SH_IP_JW_AC_HUF_TABLE0_40 @ 0x207b012a4
CHIP::MEDIA::AJPEG_TOP::AJPEG_WRAP.SH_IP_JW_AC_HUF_TABLE0_41 @ 0x207b012a8
CHIP::MEDIA::AJPEG_TOP::AJPEG_WRAP.SH_IP_JW_AC_HUF_TABLE0_42 @ 0x207b012ac
CHIP::MEDIA::AJPEG_TOP::AJPEG_WRAP.SH_IP_JW_AC_HUF_TABLE0_43 @ 0x207b012b0
CHIP::MEDIA::AJPEG_TOP::AJPEG_WRAP.SH_IP_JW_AC_HUF_TABLE0_44 @ 0x207b012b4
CHIP::MEDIA::AJPEG_TOP::AJPEG_WRAP.SH_IP_JW_AC_HUF_TABLE0_45 @ 0x207b012b8
CHIP::MEDIA::AJPEG_TOP::AJPEG_WRAP.SH_IP_JW_AC_HUF_TABLE0_46 @ 0x207b012bc
CHIP::MEDIA::AJPEG_TOP::AJPEG_WRAP.SH_IP_JW_AC_HUF_TABLE0_47 @ 0x207b012c0
CHIP::MEDIA::AJPEG_TOP::AJPEG_WRAP.SH_IP_JW_AC_HUF_TABLE0_48 @ 0x207b012c4
CHIP::MEDIA::AJPEG_TOP::AJPEG_WRAP.SH_IP_JW_AC_HUF_TABLE0_49 @ 0x207b012c8
CHIP::MEDIA::AJPEG_TOP::AJPEG_WRAP.SH_IP_JW_AC_HUF_TABLE0_50 @ 0x207b012cc
CHIP::MEDIA::AJPEG_TOP::AJPEG_WRAP.SH_IP_JW_AC_HUF_TABLE0_51 @ 0x207b012d0
CHIP::MEDIA::AJPEG_TOP::AJPEG_WRAP.SH_IP_JW_DC_HUF_TABLE1_0 @ 0x207b01300
CHIP::MEDIA::AJPEG_TOP::AJPEG_WRAP.SH_IP_JW_DC_HUF_TABLE1_1 @ 0x207b01304
CHIP::MEDIA::AJPEG_TOP::AJPEG_WRAP.SH_IP_JW_DC_HUF_TABLE1_2 @ 0x207b01308
CHIP::MEDIA::AJPEG_TOP::AJPEG_WRAP.SH_IP_JW_DC_HUF_TABLE1_3 @ 0x207b0130c
CHIP::MEDIA::AJPEG_TOP::AJPEG_WRAP.SH_IP_JW_DC_HUF_TABLE1_4 @ 0x207b01310
CHIP::MEDIA::AJPEG_TOP::AJPEG_WRAP.SH_IP_JW_DC_HUF_TABLE1_5 @ 0x207b01314
CHIP::MEDIA::AJPEG_TOP::AJPEG_WRAP.SH_IP_JW_DC_HUF_TABLE1_6 @ 0x207b01318
CHIP::MEDIA::AJPEG_TOP::AJPEG_WRAP.SH_IP_JW_AC_HUF_TABLE1_7 @ 0x207b01320
CHIP::MEDIA::AJPEG_TOP::AJPEG_WRAP.SH_IP_JW_AC_HUF_TABLE1_8 @ 0x207b01324
CHIP::MEDIA::AJPEG_TOP::AJPEG_WRAP.SH_IP_JW_AC_HUF_TABLE1_9 @ 0x207b01328
CHIP::MEDIA::AJPEG_TOP::AJPEG_WRAP.SH_IP_JW_AC_HUF_TABLE1_10 @ 0x207b0132c
CHIP::MEDIA::AJPEG_TOP::AJPEG_WRAP.SH_IP_JW_AC_HUF_TABLE1_11 @ 0x207b01330
CHIP::MEDIA::AJPEG_TOP::AJPEG_WRAP.SH_IP_JW_AC_HUF_TABLE1_12 @ 0x207b01334
CHIP::MEDIA::AJPEG_TOP::AJPEG_WRAP.SH_IP_JW_AC_HUF_TABLE1_13 @ 0x207b01338
CHIP::MEDIA::AJPEG_TOP::AJPEG_WRAP.SH_IP_JW_AC_HUF_TABLE1_14 @ 0x207b0133c
CHIP::MEDIA::AJPEG_TOP::AJPEG_WRAP.SH_IP_JW_AC_HUF_TABLE1_15 @ 0x207b01340
CHIP::MEDIA::AJPEG_TOP::AJPEG_WRAP.SH_IP_JW_AC_HUF_TABLE1_16 @ 0x207b01344
CHIP::MEDIA::AJPEG_TOP::AJPEG_WRAP.SH_IP_JW_AC_HUF_TABLE1_17 @ 0x207b01348
CHIP::MEDIA::AJPEG_TOP::AJPEG_WRAP.SH_IP_JW_AC_HUF_TABLE1_18 @ 0x207b0134c
CHIP::MEDIA::AJPEG_TOP::AJPEG_WRAP.SH_IP_JW_AC_HUF_TABLE1_19 @ 0x207b01350
CHIP::MEDIA::AJPEG_TOP::AJPEG_WRAP.SH_IP_JW_AC_HUF_TABLE1_20 @ 0x207b01354
CHIP::MEDIA::AJPEG_TOP::AJPEG_WRAP.SH_IP_JW_AC_HUF_TABLE1_21 @ 0x207b01358
CHIP::MEDIA::AJPEG_TOP::AJPEG_WRAP.SH_IP_JW_AC_HUF_TABLE1_22 @ 0x207b0135c
CHIP::MEDIA::AJPEG_TOP::AJPEG_WRAP.SH_IP_JW_AC_HUF_TABLE1_23 @ 0x207b01360
CHIP::MEDIA::AJPEG_TOP::AJPEG_WRAP.SH_IP_JW_AC_HUF_TABLE1_24 @ 0x207b01364
CHIP::MEDIA::AJPEG_TOP::AJPEG_WRAP.SH_IP_JW_AC_HUF_TABLE1_25 @ 0x207b01368
CHIP::MEDIA::AJPEG_TOP::AJPEG_WRAP.SH_IP_JW_AC_HUF_TABLE1_26 @ 0x207b0136c
CHIP::MEDIA::AJPEG_TOP::AJPEG_WRAP.SH_IP_JW_AC_HUF_TABLE1_27 @ 0x207b01370
CHIP::MEDIA::AJPEG_TOP::AJPEG_WRAP.SH_IP_JW_AC_HUF_TABLE1_28 @ 0x207b01374
CHIP::MEDIA::AJPEG_TOP::AJPEG_WRAP.SH_IP_JW_AC_HUF_TABLE1_29 @ 0x207b01378
CHIP::MEDIA::AJPEG_TOP::AJPEG_WRAP.SH_IP_JW_AC_HUF_TABLE1_30 @ 0x207b0137c
CHIP::MEDIA::AJPEG_TOP::AJPEG_WRAP.SH_IP_JW_AC_HUF_TABLE1_31 @ 0x207b01380
CHIP::MEDIA::AJPEG_TOP::AJPEG_WRAP.SH_IP_JW_AC_HUF_TABLE1_32 @ 0x207b01384
CHIP::MEDIA::AJPEG_TOP::AJPEG_WRAP.SH_IP_JW_AC_HUF_TABLE1_33 @ 0x207b01388
CHIP::MEDIA::AJPEG_TOP::AJPEG_WRAP.SH_IP_JW_AC_HUF_TABLE1_34 @ 0x207b0138c
CHIP::MEDIA::AJPEG_TOP::AJPEG_WRAP.SH_IP_JW_AC_HUF_TABLE1_35 @ 0x207b01390
CHIP::MEDIA::AJPEG_TOP::AJPEG_WRAP.SH_IP_JW_AC_HUF_TABLE1_36 @ 0x207b01394
CHIP::MEDIA::AJPEG_TOP::AJPEG_WRAP.SH_IP_JW_AC_HUF_TABLE1_37 @ 0x207b01398
CHIP::MEDIA::AJPEG_TOP::AJPEG_WRAP.SH_IP_JW_AC_HUF_TABLE1_38 @ 0x207b0139c
CHIP::MEDIA::AJPEG_TOP::AJPEG_WRAP.SH_IP_JW_AC_HUF_TABLE1_39 @ 0x207b013a0
CHIP::MEDIA::AJPEG_TOP::AJPEG_WRAP.SH_IP_JW_AC_HUF_TABLE1_40 @ 0x207b013a4
CHIP::MEDIA::AJPEG_TOP::AJPEG_WRAP.SH_IP_JW_AC_HUF_TABLE1_41 @ 0x207b013a8
CHIP::MEDIA::AJPEG_TOP::AJPEG_WRAP.SH_IP_JW_AC_HUF_TABLE1_42 @ 0x207b013ac
CHIP::MEDIA::AJPEG_TOP::AJPEG_WRAP.SH_IP_JW_AC_HUF_TABLE1_43 @ 0x207b013b0
CHIP::MEDIA::AJPEG_TOP::AJPEG_WRAP.SH_IP_JW_AC_HUF_TABLE1_44 @ 0x207b013b4
CHIP::MEDIA::AJPEG_TOP::AJPEG_WRAP.SH_IP_JW_AC_HUF_TABLE1_45 @ 0x207b013b8
CHIP::MEDIA::AJPEG_TOP::AJPEG_WRAP.SH_IP_JW_AC_HUF_TABLE1_46 @ 0x207b013bc
CHIP::MEDIA::AJPEG_TOP::AJPEG_WRAP.SH_IP_JW_AC_HUF_TABLE1_47 @ 0x207b013c0
CHIP::MEDIA::AJPEG_TOP::AJPEG_WRAP.SH_IP_JW_AC_HUF_TABLE1_48 @ 0x207b013c4
CHIP::MEDIA::AJPEG_TOP::AJPEG_WRAP.SH_IP_JW_AC_HUF_TABLE1_49 @ 0x207b013c8
CHIP::MEDIA::AJPEG_TOP::AJPEG_WRAP.SH_IP_JW_AC_HUF_TABLE1_50 @ 0x207b013cc
CHIP::MEDIA::AJPEG_TOP::AJPEG_WRAP.SH_IP_JW_AC_HUF_TABLE1_51 @ 0x207b013d0
CHIP::MEDIA::AJPEG_TOP::AJPEG_DART.DART_DART_TLB_OP @ 0x207b04000
CHIP::MEDIA::AJPEG_TOP::AJPEG_DART.DART_DART_TLB_TAG_DATA @ 0x207b04004
CHIP::MEDIA::AJPEG_TOP::AJPEG_DART.DART_DART_TLB_PA_DATA @ 0x207b04008
CHIP::MEDIA::AJPEG_TOP::AJPEG_DART.DART_DART_CONFIG @ 0x207b0400c
CHIP::MEDIA::AJPEG_TOP::AJPEG_DART.DART_DART_ERR_STATUS @ 0x207b04010
CHIP::MEDIA::AJPEG_TOP::AJPEG_DART.DART_DART_ERR_AXI_REQ0 @ 0x207b04014
CHIP::MEDIA::AJPEG_TOP::AJPEG_DART.DART_DART_ERR_AXI_REQ1 @ 0x207b04018
CHIP::MEDIA::AJPEG_TOP::AJPEG_DART.DART_DART_ERR_ADDRESS @ 0x207b0401c
CHIP::MEDIA::AJPEG_TOP::AJPEG_DART.DART_DART_DIAG_CONFIG @ 0x207b04020
CHIP::MEDIA::AJPEG_TOP::AJPEG_DART.DART_DART_DIAG_BOGUS_ACCESS @ 0x207b04024
CHIP::MEDIA::AJPEG_TOP::AJPEG_DART.DART_DART_SID_REMAP @ 0x207b04028
CHIP::MEDIA::AJPEG_TOP::AJPEG_DART.DART_DART_BYPASS_ADDR @ 0x207b0402c
CHIP::MEDIA::AJPEG_TOP::AJPEG_DART.DART_DART_FETCH_REQ_CONFIG @ 0x207b04030
CHIP::MEDIA::AJPEG_TOP::AJPEG_DART.DART_DART_TTBR @ 0x207b04040
CHIP::MEDIA::AJPEG_TOP::AJPEG_DART.DART_DART_PERF_CONFIG @ 0x207b05000
CHIP::MEDIA::AJPEG_TOP::AJPEG_DART.DART_TLB_MISS_CTR @ 0x207b05004
CHIP::MEDIA::AJPEG_TOP::AJPEG_DART.DART_TLB_WAIT_CTR @ 0x207b05008
CHIP::MEDIA::AJPEG_TOP::AJPEG_DART.DART_TLB_HIT_CTR @ 0x207b0500c
CHIP::MEDIA::AJPEG_TOP::AJPEG_DART.DART_ST_MISS_CTR @ 0x207b05010
CHIP::MEDIA::AJPEG_TOP::AJPEG_DART.DART_ST_WAIT_CTR @ 0x207b05014
CHIP::MEDIA::AJPEG_TOP::AJPEG_DART.DART_ST_HIT_CTR @ 0x207b05018
CHIP::MEDIA::JPG_INTR2AXI.INTERRUPT_FILTER_0 @ 0x207b08000
CHIP::MEDIA::JPG_INTR2AXI.CURRENT_STATUS_0 @ 0x207b08040
CHIP::MEDIA::JPG_INTR2AXI.FORCE_UPDATE @ 0x207b08080
CHIP::MEDIA::JPG_INTR2AXI.IDLE @ 0x207b08084
CHIP::MEDIA::SVE::AVE_AXI2AF::AFC_AIU_VENC_DUAL.AFC_AIU_VENC_DUAL_SELF_REGS_ARBCFG @ 0x207c00000
CHIP::MEDIA::SVE::AVE_AXI2AF::AFC_AIU_VENC_DUAL.AFC_AIU_VENC_DUAL_SELF_REGS_DWCFG_LEG0 @ 0x207c00004
CHIP::MEDIA::SVE::AVE_AXI2AF::AFC_AIU_VENC_DUAL.AFC_AIU_VENC_DUAL_SELF_REGS_DWCFG_LEG1 @ 0x207c00008
CHIP::MEDIA::SVE::AVE_AXI2AF::AFC_AIU_VENC_DUAL.AFC_AIU_VENC_DUAL_SELF_REGS_DWCFG_LEG2 @ 0x207c0000c
CHIP::MEDIA::SVE::AVE_AXI2AF::AFC_AIU_VENC_DUAL.AFC_AIU_VENC_DUAL_SELF_REGS_DWCFG_LEG3 @ 0x207c00010
CHIP::MEDIA::SVE::AVE_AXI2AF::AFC_AIU_VENC_DUAL.AFC_AIU_VENC_DUAL_SELF_REGS_DNRSP_CREDIT_ALLOC @ 0x207c00014
CHIP::MEDIA::SVE::AVE_AXI2AF::AFC_AIU_VENC_DUAL.AFC_AIU_VENC_DUAL_SELF_REGS_PIO_CREDIT_ALLOC @ 0x207c00018
CHIP::MEDIA::SVE::AVE_AXI2AF::AFC_AIU_VENC_DUAL.AFC_AIU_VENC_DUAL_SELF_REGS_CPG_CNTL @ 0x207c0001c
CHIP::MEDIA::SVE::AVE_AXI2AF::AFC_AIU_VENC_DUAL.AFC_AIU_VENC_DUAL_SELF_REGS_LIMITED_BW_THRESHOLD @ 0x207c00020
CHIP::MEDIA::SVE::AVE_AXI2AF::AFC_AIU_VENC_DUAL.AFC_AIU_VENC_DUAL_SELF_AW0_TLIMIT_LEVEL0 @ 0x207c00024
CHIP::MEDIA::SVE::AVE_AXI2AF::AFC_AIU_VENC_DUAL.AFC_AIU_VENC_DUAL_SELF_AW0_TLIMIT_LEVEL1 @ 0x207c00028
CHIP::MEDIA::SVE::AVE_AXI2AF::AFC_AIU_VENC_DUAL.AFC_AIU_VENC_DUAL_SELF_AW0_TLIMIT_LEVEL2 @ 0x207c0002c
CHIP::MEDIA::SVE::AVE_AXI2AF::AFC_AIU_VENC_DUAL.AFC_AIU_VENC_DUAL_SELF_AW0_TLIMIT_LEVEL3 @ 0x207c00030
CHIP::MEDIA::SVE::AVE_AXI2AF::AFC_AIU_VENC_DUAL.AFC_AIU_VENC_DUAL_SELF_AR0_TLIMIT_LEVEL0 @ 0x207c00034
CHIP::MEDIA::SVE::AVE_AXI2AF::AFC_AIU_VENC_DUAL.AFC_AIU_VENC_DUAL_SELF_AR0_TLIMIT_LEVEL1 @ 0x207c00038
CHIP::MEDIA::SVE::AVE_AXI2AF::AFC_AIU_VENC_DUAL.AFC_AIU_VENC_DUAL_SELF_AR0_TLIMIT_LEVEL2 @ 0x207c0003c
CHIP::MEDIA::SVE::AVE_AXI2AF::AFC_AIU_VENC_DUAL.AFC_AIU_VENC_DUAL_SELF_AR0_TLIMIT_LEVEL3 @ 0x207c00040
CHIP::MEDIA::SVE::AVE_AXI2AF::AFC_AIU_VENC_DUAL.AFC_AIU_VENC_DUAL_SELF_TLIMIT0_OUTSTANDING @ 0x207c00044
CHIP::MEDIA::SVE::AVE_AXI2AF::AFC_AIU_VENC_DUAL.AFC_AIU_VENC_DUAL_SELF_AW1_TLIMIT_LEVEL0 @ 0x207c00048
CHIP::MEDIA::SVE::AVE_AXI2AF::AFC_AIU_VENC_DUAL.AFC_AIU_VENC_DUAL_SELF_AW1_TLIMIT_LEVEL1 @ 0x207c0004c
CHIP::MEDIA::SVE::AVE_AXI2AF::AFC_AIU_VENC_DUAL.AFC_AIU_VENC_DUAL_SELF_AW1_TLIMIT_LEVEL2 @ 0x207c00050
CHIP::MEDIA::SVE::AVE_AXI2AF::AFC_AIU_VENC_DUAL.AFC_AIU_VENC_DUAL_SELF_AW1_TLIMIT_LEVEL3 @ 0x207c00054
CHIP::MEDIA::SVE::AVE_AXI2AF::AFC_AIU_VENC_DUAL.AFC_AIU_VENC_DUAL_SELF_AR1_TLIMIT_LEVEL0 @ 0x207c00058
CHIP::MEDIA::SVE::AVE_AXI2AF::AFC_AIU_VENC_DUAL.AFC_AIU_VENC_DUAL_SELF_AR1_TLIMIT_LEVEL1 @ 0x207c0005c
CHIP::MEDIA::SVE::AVE_AXI2AF::AFC_AIU_VENC_DUAL.AFC_AIU_VENC_DUAL_SELF_AR1_TLIMIT_LEVEL2 @ 0x207c00060
CHIP::MEDIA::SVE::AVE_AXI2AF::AFC_AIU_VENC_DUAL.AFC_AIU_VENC_DUAL_SELF_AR1_TLIMIT_LEVEL3 @ 0x207c00064
CHIP::MEDIA::SVE::AVE_AXI2AF::AFC_AIU_VENC_DUAL.AFC_AIU_VENC_DUAL_SELF_TLIMIT1_OUTSTANDING @ 0x207c00068
CHIP::MEDIA::SVE::AVE_AXI2AF::AFC_AIU_VENC_DUAL.AFC_AIU_MC_VENC_DUAL_REGS_MEMCACHE_DATASETID_OVERRIDE_MASTER0 @ 0x207c04000
CHIP::MEDIA::SVE::AVE_AXI2AF::AFC_AIU_VENC_DUAL.AFC_AIU_MC_VENC_DUAL_REGS_MEMCACHE_HINT_OVERRIDE_MASTER0 @ 0x207c04004
CHIP::MEDIA::SVE::AVE_AXI2AF::AFC_AIU_VENC_DUAL.AFC_AIU_MC_VENC_DUAL_REGS_MEMCACHE_DATASETID_OVERRIDE_MASTER1 @ 0x207c04008
CHIP::MEDIA::SVE::AVE_AXI2AF::AFC_AIU_VENC_DUAL.AFC_AIU_MC_VENC_DUAL_REGS_MEMCACHE_HINT_OVERRIDE_MASTER1 @ 0x207c0400c
CHIP::MEDIA::SVE::AVE_AXI2AF::AFC_AIU_VENC_DUAL.AFC_AIU_PERF_CNTR_VENC_DUAL_AW0_PERF_CNTR_CNTRL @ 0x207c08000
CHIP::MEDIA::SVE::AVE_AXI2AF::AFC_AIU_VENC_DUAL.AFC_AIU_PERF_CNTR_VENC_DUAL_AW0_DEPTH_CNTR_STATUS @ 0x207c08004
CHIP::MEDIA::SVE::AVE_AXI2AF::AFC_AIU_VENC_DUAL.AFC_AIU_PERF_CNTR_VENC_DUAL_AW0_LATENCY_CNTR_STATUS @ 0x207c08008
CHIP::MEDIA::SVE::AVE_AXI2AF::AFC_AIU_VENC_DUAL.AFC_AIU_PERF_CNTR_VENC_DUAL_AW0_THROUGHPUT_CNTR_STATUS @ 0x207c0800c
CHIP::MEDIA::SVE::AVE_AXI2AF::AFC_AIU_VENC_DUAL.AFC_AIU_PERF_CNTR_VENC_DUAL_AR0_PERF_CNTR_CNTRL @ 0x207c08010
CHIP::MEDIA::SVE::AVE_AXI2AF::AFC_AIU_VENC_DUAL.AFC_AIU_PERF_CNTR_VENC_DUAL_AR0_DEPTH_CNTR_STATUS @ 0x207c08014
CHIP::MEDIA::SVE::AVE_AXI2AF::AFC_AIU_VENC_DUAL.AFC_AIU_PERF_CNTR_VENC_DUAL_AR0_LATENCY_CNTR_STATUS @ 0x207c08018
CHIP::MEDIA::SVE::AVE_AXI2AF::AFC_AIU_VENC_DUAL.AFC_AIU_PERF_CNTR_VENC_DUAL_AR0_THROUGHPUT_CNTR_STATUS @ 0x207c0801c
CHIP::MEDIA::SVE::AVE_AXI2AF::AFC_AIU_VENC_DUAL.AFC_AIU_PERF_CNTR_VENC_DUAL_AW1_PERF_CNTR_CNTRL @ 0x207c08020
CHIP::MEDIA::SVE::AVE_AXI2AF::AFC_AIU_VENC_DUAL.AFC_AIU_PERF_CNTR_VENC_DUAL_AW1_DEPTH_CNTR_STATUS @ 0x207c08024
CHIP::MEDIA::SVE::AVE_AXI2AF::AFC_AIU_VENC_DUAL.AFC_AIU_PERF_CNTR_VENC_DUAL_AW1_LATENCY_CNTR_STATUS @ 0x207c08028
CHIP::MEDIA::SVE::AVE_AXI2AF::AFC_AIU_VENC_DUAL.AFC_AIU_PERF_CNTR_VENC_DUAL_AW1_THROUGHPUT_CNTR_STATUS @ 0x207c0802c
CHIP::MEDIA::SVE::AVE_AXI2AF::AFC_AIU_VENC_DUAL.AFC_AIU_PERF_CNTR_VENC_DUAL_AR1_PERF_CNTR_CNTRL @ 0x207c08030
CHIP::MEDIA::SVE::AVE_AXI2AF::AFC_AIU_VENC_DUAL.AFC_AIU_PERF_CNTR_VENC_DUAL_AR1_DEPTH_CNTR_STATUS @ 0x207c08034
CHIP::MEDIA::SVE::AVE_AXI2AF::AFC_AIU_VENC_DUAL.AFC_AIU_PERF_CNTR_VENC_DUAL_AR1_LATENCY_CNTR_STATUS @ 0x207c08038
CHIP::MEDIA::SVE::AVE_AXI2AF::AFC_AIU_VENC_DUAL.AFC_AIU_PERF_CNTR_VENC_DUAL_AR1_THROUGHPUT_CNTR_STATUS @ 0x207c0803c
CHIP::MEDIA::SVE::AVE_AXI2AF::AFC_AIU_VENC_DUAL.AFC_AIU_PERF_CNTR_VENC_DUAL_AW_BYTE_CNTR_CNTRL @ 0x207c08100
CHIP::MEDIA::SVE::AVE_AXI2AF::AFC_AIU_VENC_DUAL.AFC_AIU_PERF_CNTR_VENC_DUAL_AW_BYTE_CNTR_LSB_STATUS @ 0x207c08104
CHIP::MEDIA::SVE::AVE_AXI2AF::AFC_AIU_VENC_DUAL.AFC_AIU_PERF_CNTR_VENC_DUAL_AW_BYTE_CNTR_MSB_STATUS @ 0x207c08108
CHIP::MEDIA::SVE::AVE_AXI2AF::AFC_AIU_VENC_DUAL.AFC_AIU_PERF_CNTR_VENC_DUAL_AR_BYTE_CNTR_CNTRL @ 0x207c0810c
CHIP::MEDIA::SVE::AVE_AXI2AF::AFC_AIU_VENC_DUAL.AFC_AIU_PERF_CNTR_VENC_DUAL_AR_BYTE_CNTR_LSB_STATUS @ 0x207c08110
CHIP::MEDIA::SVE::AVE_AXI2AF::AFC_AIU_VENC_DUAL.AFC_AIU_PERF_CNTR_VENC_DUAL_AR_BYTE_CNTR_MSB_STATUS @ 0x207c08114
CHIP::MEDIA::SVE::VENC_INTR2AXI.INTERRUPT_FILTER_0 @ 0x207c10000
CHIP::MEDIA::SVE::VENC_INTR2AXI.CURRENT_STATUS_0 @ 0x207c10040
CHIP::MEDIA::SVE::VENC_INTR2AXI.FORCE_UPDATE @ 0x207c10080
CHIP::MEDIA::SVE::VENC_INTR2AXI.IDLE @ 0x207c10084
CHIP::MEDIA::SVE::AVE_SMMU.SMMU_SMMU_CONFIG @ 0x207c2000c
CHIP::MEDIA::SVE::AVE_SMMU.SMMU_SMMU_ERR_STATUS @ 0x207c20010
CHIP::MEDIA::SVE::AVE_SMMU.SMMU_SMMU_ERR_AXI_REQ0 @ 0x207c20014
CHIP::MEDIA::SVE::AVE_SMMU.SMMU_SMMU_ERR_AXI_REQ1 @ 0x207c20018
CHIP::MEDIA::SVE::AVE_SMMU.SMMU_SMMU_ERR_ADDRESS @ 0x207c2001c
CHIP::MEDIA::SVE::AVE_SMMU.SMMU_SMMU_DIAG_CONFIG @ 0x207c20020
CHIP::MEDIA::SVE::AVE_SMMU.SMMU_SMMU_DIAG_BOGUS_ACCESS @ 0x207c20024
CHIP::MEDIA::SVE::AVE_SMMU.SMMU_SMMU_BYPASS_ADDR @ 0x207c2002c
CHIP::MEDIA::SVE::AVE_SMMU.SMMU_SMMU_ERR_STTIDX @ 0x207c20030
CHIP::MEDIA::SVE::AVE_SMMU.SMMU_SMMU_REQ_SCOREBOARD @ 0x207c20080
CHIP::MEDIA::SVE::AVE_SMMU.SMMU_SMMU_ACK_SCOREBOARD @ 0x207c200c0
CHIP::MEDIA::SVE::AVE_SMMU.SMMU_SMMU_PERF_CONFIG @ 0x207c21000
CHIP::MEDIA::SVE::AVE_SMMU.SMMU_SMMU_CTR @ 0x207c21004
CHIP::MEDIA::SVE::AVE_SMMU.SMMU_SMMU_STT_PA_DATA @ 0x207c22000
CHIP::MEDIA::SVE::AVE_SMMU_DART.DART_DART_TLB_OP @ 0x207c30000
CHIP::MEDIA::SVE::AVE_SMMU_DART.DART_DART_TLB_TAG_DATA @ 0x207c30004
CHIP::MEDIA::SVE::AVE_SMMU_DART.DART_DART_TLB_PA_DATA @ 0x207c30008
CHIP::MEDIA::SVE::AVE_SMMU_DART.DART_DART_CONFIG @ 0x207c3000c
CHIP::MEDIA::SVE::AVE_SMMU_DART.DART_DART_ERR_STATUS @ 0x207c30010
CHIP::MEDIA::SVE::AVE_SMMU_DART.DART_DART_ERR_AXI_REQ0 @ 0x207c30014
CHIP::MEDIA::SVE::AVE_SMMU_DART.DART_DART_ERR_AXI_REQ1 @ 0x207c30018
CHIP::MEDIA::SVE::AVE_SMMU_DART.DART_DART_ERR_ADDRESS @ 0x207c3001c
CHIP::MEDIA::SVE::AVE_SMMU_DART.DART_DART_DIAG_CONFIG @ 0x207c30020
CHIP::MEDIA::SVE::AVE_SMMU_DART.DART_DART_DIAG_BOGUS_ACCESS @ 0x207c30024
CHIP::MEDIA::SVE::AVE_SMMU_DART.DART_DART_SID_REMAP @ 0x207c30028
CHIP::MEDIA::SVE::AVE_SMMU_DART.DART_DART_BYPASS_ADDR @ 0x207c3002c
CHIP::MEDIA::SVE::AVE_SMMU_DART.DART_DART_FETCH_REQ_CONFIG @ 0x207c30030
CHIP::MEDIA::SVE::AVE_SMMU_DART.DART_DART_TTBR @ 0x207c30040
CHIP::MEDIA::SVE::AVE_SMMU_DART.DART_DART_PERF_CONFIG @ 0x207c31000
CHIP::MEDIA::SVE::AVE_SMMU_DART.DART_TLB_MISS_CTR @ 0x207c31004
CHIP::MEDIA::SVE::AVE_SMMU_DART.DART_TLB_WAIT_CTR @ 0x207c31008
CHIP::MEDIA::SVE::AVE_SMMU_DART.DART_TLB_HIT_CTR @ 0x207c3100c
CHIP::MEDIA::SVE::AVE_SMMU_DART.DART_ST_MISS_CTR @ 0x207c31010
CHIP::MEDIA::SVE::AVE_SMMU_DART.DART_ST_WAIT_CTR @ 0x207c31014
CHIP::MEDIA::SVE::AVE_SMMU_DART.DART_ST_HIT_CTR @ 0x207c31018
CHIP::MEDIA::SVE::SVE_PL301.QOSTIDEMI_0 @ 0x207c40400
CHIP::MEDIA::SVE::SVE_PL301.QOSACMI_0 @ 0x207c40404
CHIP::MEDIA::SVE::SVE_PL301.ARCHANARBMI_0 @ 0x207c40408
CHIP::MEDIA::SVE::SVE_PL301.AWCHANARBMI_0 @ 0x207c4040c
CHIP::MEDIA::SVE::SVE_PL301.QOSTIDEMI_1 @ 0x207c40420
CHIP::MEDIA::SVE::SVE_PL301.QOSACMI_1 @ 0x207c40424
CHIP::MEDIA::SVE::SVE_PL301.ARCHANARBMI_1 @ 0x207c40428
CHIP::MEDIA::SVE::SVE_PL301.AWCHANARBMI_1 @ 0x207c4042c
CHIP::MEDIA::SVE::SVE_PL301.PCCONF0 @ 0x207c40fc0
CHIP::MEDIA::SVE::SVE_PL301.PCCONF1 @ 0x207c40fc4
CHIP::MEDIA::SVE::SVE_PL301.PCCONF2 @ 0x207c40fc8
CHIP::MEDIA::SVE::SVE_PL301.PCCONF3 @ 0x207c40fcc
CHIP::MEDIA::SVE::SVE_PL301.PCPERIPH0 @ 0x207c40fe0
CHIP::MEDIA::SVE::SVE_PL301.PCPERIPH1 @ 0x207c40fe4
CHIP::MEDIA::SVE::SVE_PL301.PCPERIPH2 @ 0x207c40fe8
CHIP::MEDIA::SVE::SVE_PL301.PCPERIPH3 @ 0x207c40fec
CHIP::MEDIA::SVE::SVE_PL301.PCID0 @ 0x207c40ff0
CHIP::MEDIA::SVE::SVE_PL301.PCID1 @ 0x207c40ff4
CHIP::MEDIA::SVE::SVE_PL301.PCID2 @ 0x207c40ff8
CHIP::MEDIA::SVE::SVE_PL301.PCID3 @ 0x207c40ffc
CHIP::MEDIA::SVE::SVEDBG.DUMMY @ 0x207c50000
CHIP::MEDIA::SVE::AVE_KF.AKFAPB_AKF_REV @ 0x207c80000
CHIP::MEDIA::SVE::AVE_KF.AKFAPB_AKF_CTRL @ 0x207c80004
CHIP::MEDIA::SVE::AVE_KF.AKFAPB_AKF_AXI_BASE @ 0x207c80008
CHIP::MEDIA::SVE::AVE_KF.AKFAPB_AKF_AXI_BASE_EXT @ 0x207c80010
CHIP::MEDIA::SVE::AVE_KF.AKFAPB_AKF_AXI_START @ 0x207c80018
CHIP::MEDIA::SVE::AVE_KF.AKFAPB_AKF_AXI_START_EXT @ 0x207c80020
CHIP::MEDIA::SVE::AVE_KF.AKFAPB_AKF_AXI_END @ 0x207c80028
CHIP::MEDIA::SVE::AVE_KF.AKFAPB_AKF_AXI_END_EXT @ 0x207c80030
CHIP::MEDIA::SVE::AVE_KF.AKFAPB_AKF_AXI_EN @ 0x207c80038
CHIP::MEDIA::SVE::AVE_KF.AKFAPB_AKF_IDLE_CTRL @ 0x207c80040
CHIP::MEDIA::SVE::AVE_KF.AKFAPB_AKF_CPU_CTRL @ 0x207c80044
CHIP::MEDIA::SVE::AVE_KF.AKFAPB_AKF_IDLE_STATUS @ 0x207c80048
CHIP::MEDIA::SVE::AVE_KF.AKFAPB_AKF_KIC_CAP0 @ 0x207c80800
CHIP::MEDIA::SVE::AVE_KF.AKFAPB_AKF_KIC_CAP1 @ 0x207c80804
CHIP::MEDIA::SVE::AVE_KF.AKFAPB_AKF_KIC_GLB_RESET @ 0x207c80808
CHIP::MEDIA::SVE::AVE_KF.AKFAPB_AKF_KIC_GLB_CFG @ 0x207c8080c
CHIP::MEDIA::SVE::AVE_KF.AKFAPB_AKF_KIC_IACK @ 0x207c8081c
CHIP::MEDIA::SVE::AVE_KF.AKFAPB_AKF_KIC_SW_GEN_SET @ 0x207c80900
CHIP::MEDIA::SVE::AVE_KF.AKFAPB_AKF_KIC_SW_GEN_CLR @ 0x207c80980
CHIP::MEDIA::SVE::AVE_KF.AKFAPB_AKF_KIC_INT_MSK_SET @ 0x207c80a00
CHIP::MEDIA::SVE::AVE_KF.AKFAPB_AKF_KIC_INT_MSK_CLR @ 0x207c80a80
CHIP::MEDIA::SVE::AVE_KF.AKFAPB_AKF_KIC_HWINTMON @ 0x207c80b00
CHIP::MEDIA::SVE::AVE_KF.AKFAPB_AKF_KIC_MAILBOX_SET @ 0x207c80b80
CHIP::MEDIA::SVE::AVE_KF.AKFAPB_AKF_KIC_MAILBOX_CLR @ 0x207c80b84
CHIP::MEDIA::SVE::AVE_KF.AKFAPB_AKF_KIC_INBOX_CTRL @ 0x207c80b88
CHIP::MEDIA::SVE::AVE_KF.AKFAPB_AKF_KIC_INBOX_WR_L @ 0x207c80b90
CHIP::MEDIA::SVE::AVE_KF.AKFAPB_AKF_KIC_INBOX_WR_H @ 0x207c80b94
CHIP::MEDIA::SVE::AVE_KF.AKFAPB_AKF_KIC_INBOX_RD_L @ 0x207c80b98
CHIP::MEDIA::SVE::AVE_KF.AKFAPB_AKF_KIC_INBOX_RD_H @ 0x207c80b9c
CHIP::MEDIA::SVE::AVE_KF.AKFAPB_AKF_KIC_OUTBOX_CTRL @ 0x207c80ba0
CHIP::MEDIA::SVE::AVE_KF.AKFAPB_AKF_KIC_OUTBOX_WR_L @ 0x207c80bb0
CHIP::MEDIA::SVE::AVE_KF.AKFAPB_AKF_KIC_OUTBOX_WR_H @ 0x207c80bb4
CHIP::MEDIA::SVE::AVE_KF.AKFAPB_AKF_KIC_OUTBOX_RD_L @ 0x207c80bb8
CHIP::MEDIA::SVE::AVE_KF.AKFAPB_AKF_KIC_OUTBOX_RD_H @ 0x207c80bbc
CHIP::MEDIA::SVE::AVE_KF.AKFAPB_AKF_KIC_MAILBOX_EXT_SET @ 0x207c80c00
CHIP::MEDIA::SVE::AVE_KF.AKFAPB_AKF_KIC_MAILBOX_EXT_CLR @ 0x207c80c04
CHIP::MEDIA::SVE::AVE_KF.AKFAPB_AKF_AP_MAILBOX_SET @ 0x207c84000
CHIP::MEDIA::SVE::AVE_KF.AKFAPB_AKF_AP_MAILBOX_CLR @ 0x207c84004
CHIP::MEDIA::SVE::AVE_KF.AKFAPB_AKF_AP_INBOX_CTRL @ 0x207c84008
CHIP::MEDIA::SVE::AVE_KF.AKFAPB_AKF_AP_INBOX_WR_L @ 0x207c84010
CHIP::MEDIA::SVE::AVE_KF.AKFAPB_AKF_AP_INBOX_WR_H @ 0x207c84014
CHIP::MEDIA::SVE::AVE_KF.AKFAPB_AKF_AP_INBOX_RD_L @ 0x207c84018
CHIP::MEDIA::SVE::AVE_KF.AKFAPB_AKF_AP_INBOX_RD_H @ 0x207c8401c
CHIP::MEDIA::SVE::AVE_KF.AKFAPB_AKF_AP_OUTBOX_CTRL @ 0x207c84020
CHIP::MEDIA::SVE::AVE_KF.AKFAPB_AKF_AP_OUTBOX_WR_L @ 0x207c84030
CHIP::MEDIA::SVE::AVE_KF.AKFAPB_AKF_AP_OUTBOX_WR_H @ 0x207c84034
CHIP::MEDIA::SVE::AVE_KF.AKFAPB_AKF_AP_OUTBOX_RD_L @ 0x207c84038
CHIP::MEDIA::SVE::AVE_KF.AKFAPB_AKF_AP_OUTBOX_RD_H @ 0x207c8403c
CHIP::MEDIA::SVE::AVE_KF.AKFAPB_AKF_AP_IDLE_STATUS @ 0x207c84040
CHIP::MEDIA::SVE::AVE_KF.AKFAPB_AKF_EXT_SW_GEN_SET @ 0x207c88000
CHIP::MEDIA::SVE::AVE_KF.AKFAPB_AKF_EXT_SW_GEN_CLR @ 0x207c88080
CHIP::MEDIA::SVE::AVE_KF.AKFN_AKF_KIC_TMR_CFG @ 0x207c8c000
CHIP::MEDIA::SVE::AVE_KF.AKFN_AKF_KIC_TMR_START @ 0x207c8c008
CHIP::MEDIA::SVE::AVE_KF.AKFN_AKF_KIC_TMR_CNT @ 0x207c8c010
CHIP::MEDIA::SVE::AVE_KF.AKFN_AKF_KIC_TMR_ISR @ 0x207c8c018
CHIP::MEDIA::SVE::AVE_KF.AKFN_AKF_KIC_TMR_STATE_SET @ 0x207c8c020
CHIP::MEDIA::SVE::AVE_KF.AKFN_AKF_KIC_TMR_STATE_CLR @ 0x207c8c028
CHIP::MEDIA::SVE::AVE_KF.AKFN_AKF_KIC_GLB_TIME_BASE_LO @ 0x207c8c030
CHIP::MEDIA::SVE::AVE_KF.AKFN_AKF_KIC_GLB_TIME_BASE_HI @ 0x207c8c038
CHIP::MEDIA::SVE::AVE_KF.AKFN_AKF_EVENT_TMR @ 0x207c8c040
CHIP::MEDIA::SVE::AVE_KF.AKFN_AKF_EVENT_PERIOD @ 0x207c8c044
CHIP::MEDIA::SVE::AVE_KF.AKFN_AKF_EVENT_CTL @ 0x207c8c048
CHIP::MEDIA::SVE::AVE_KF_DBG::AKF_CPU.DUMMY @ 0x207ca0000
CHIP::MEDIA::SVE::AVE_KF_DBG::AKF_CTI[0].DUMMY @ 0x207ca4000
CHIP::MEDIA::SVE::AVE_KF_DBG::AKF_CTI[1].DUMMY @ 0x207ca8000
CHIP::MEDIA::SVE::AVE_KF_DBG::AKF_ETM.DUMMY @ 0x207cac000
CHIP::MEDIA::SVE::AVE_KF_DBG::AKF_ETB.DUMMY @ 0x207cb0000
CHIP::MEDIA::SVE::SVECTRL.SVE_CTRL_ICRST @ 0x207cc0000
CHIP::MEDIA::SVE::SVECTRL.SVE_CTRL_DISP @ 0x207cc0004
CHIP::MEDIA::SVE::SVECTRL.SVE_CTRL_AVEIRQER @ 0x207cc0008
CHIP::MEDIA::SVE::SVECTRL.SVE_CTRL_IRQSR @ 0x207cc000c
CHIP::MEDIA::SVE::SVECTRL.SVE_CTRL_IRQCR @ 0x207cc0014
CHIP::MEDIA::SVE::SVECTRL.SVE_CTRL_SCRATCH @ 0x207cc001c
CHIP::MEDIA::SVE::SVECTRL.SVE_CTRL_IDLE @ 0x207cc003c
CHIP::MEDIA::SVE::SVECTRL.SVE_CTRL_MISC @ 0x207cc0040
CHIP::MEDIA::SVE::AVE.AVECONFIG_AVEVERSION @ 0x207d00000
CHIP::MEDIA::SVE::AVE.AVECONFIG_AVEBUILDNUMBER @ 0x207d00004
CHIP::MEDIA::SVE::AVE.AVECONFIG_MBSRCDMAGO @ 0x207d00008
CHIP::MEDIA::SVE::AVE.AVECONFIG_RDDMATRANSCODEGO @ 0x207d0000c
CHIP::MEDIA::SVE::AVE.AVECONFIG_MBSRCDMASTOP @ 0x207d00010
CHIP::MEDIA::SVE::AVE.AVECONFIG_AFCACHEHINT @ 0x207d00014
CHIP::MEDIA::SVE::AVE.AVECONFIG_AVEIRQEN @ 0x207d00018
CHIP::MEDIA::SVE::AVE.AVECONFIG_AVEIRQ @ 0x207d0001c
CHIP::MEDIA::SVE::AVE.AVECONFIG_AXIRERROR @ 0x207d00020
CHIP::MEDIA::SVE::AVE.AVECONFIG_CLOCKGATEENABLE @ 0x207d00024
CHIP::MEDIA::SVE::AVE.AVECONFIG_SPARE @ 0x207d00028
CHIP::MEDIA::SVE::AVE.AVEGLOBAL_AVEPIPECONFIG @ 0x207d0a000
CHIP::MEDIA::SVE::AVE.AVEGLOBAL_PICSIZEINMBS @ 0x207d0a004
CHIP::MEDIA::SVE::AVE.AVEGLOBAL_MBPOSINIT @ 0x207d0a008
CHIP::MEDIA::SVE::AVE.AVEGLOBAL_CONTEXTHEIGHT @ 0x207d0a00c
CHIP::MEDIA::SVE::AVE.AVEGLOBAL_SPS @ 0x207d0a010
CHIP::MEDIA::SVE::AVE.AVEGLOBAL_PPS @ 0x207d0a014
CHIP::MEDIA::SVE::AVE.AVEGLOBAL_SLICEHEADER @ 0x207d0a018
CHIP::MEDIA::SVE::AVE.AVEGLOBAL_SKIPDIRECTENABLE @ 0x207d0a01c
CHIP::MEDIA::SVE::AVE.AVEGLOBAL_MEREFIDXMAPPING @ 0x207d0a020
CHIP::MEDIA::SVE::AVE.AVEGLOBAL_WEIGHTEDPREDICTION @ 0x207d0a030
CHIP::MEDIA::SVE::AVE.RDDMAMBSRCLUMA_DMACONFIG @ 0x207d10000
CHIP::MEDIA::SVE::AVE.RDDMAMBSRCLUMA_DMABFRCONFIG @ 0x207d10004
CHIP::MEDIA::SVE::AVE.RDDMAMBSRCLUMA_DMASTTCONFIG @ 0x207d10008
CHIP::MEDIA::SVE::AVE.RDDMAMBSRCLUMA_SWAPCONFIG @ 0x207d1000c
CHIP::MEDIA::SVE::AVE.RDDMAMBSRCLUMA_BASEADDR @ 0x207d10010
CHIP::MEDIA::SVE::AVE.RDDMAMBSRCLUMA_STRIDE @ 0x207d10014
CHIP::MEDIA::SVE::AVE.RDDMAMBSRCLUMA_OFFSET @ 0x207d10018
CHIP::MEDIA::SVE::AVE.RDDMAMBSRCLUMA_MBPOS @ 0x207d1001c
CHIP::MEDIA::SVE::AVE.RDDMAMBSRCLUMA_DMASTATUS @ 0x207d10020
CHIP::MEDIA::SVE::AVE.RDDMAMBSRCLUMA_CLOCKGATEENABLE @ 0x207d10024
CHIP::MEDIA::SVE::AVE.RDDMAMBSRCLUMA_CREDITCOUNT @ 0x207d10028
CHIP::MEDIA::SVE::AVE.RDDMAMBSRCLUMA_SPARE @ 0x207d1002c
CHIP::MEDIA::SVE::AVE.RDDMAMBSRCCHROMA_DMACONFIG @ 0x207d10040
CHIP::MEDIA::SVE::AVE.RDDMAMBSRCCHROMA_DMABFRCONFIG @ 0x207d10044
CHIP::MEDIA::SVE::AVE.RDDMAMBSRCCHROMA_DMASTTCONFIG @ 0x207d10048
CHIP::MEDIA::SVE::AVE.RDDMAMBSRCCHROMA_SWAPCONFIG @ 0x207d1004c
CHIP::MEDIA::SVE::AVE.RDDMAMBSRCCHROMA_BASEADDR @ 0x207d10050
CHIP::MEDIA::SVE::AVE.RDDMAMBSRCCHROMA_STRIDE @ 0x207d10054
CHIP::MEDIA::SVE::AVE.RDDMAMBSRCCHROMA_OFFSET @ 0x207d10058
CHIP::MEDIA::SVE::AVE.RDDMAMBSRCCHROMA_MBPOS @ 0x207d1005c
CHIP::MEDIA::SVE::AVE.RDDMAMBSRCCHROMA_DMASTATUS @ 0x207d10060
CHIP::MEDIA::SVE::AVE.RDDMAMBSRCCHROMA_CLOCKGATEENABLE @ 0x207d10064
CHIP::MEDIA::SVE::AVE.RDDMAMBSRCCHROMA_SPARE @ 0x207d10068
CHIP::MEDIA::SVE::AVE.RDDMAREFLUMA_DMACONFIG @ 0x207d10080
CHIP::MEDIA::SVE::AVE.RDDMAREFLUMA_DMABFRCONFIG @ 0x207d10084
CHIP::MEDIA::SVE::AVE.RDDMAREFLUMA_DMASTTCONFIG @ 0x207d10088
CHIP::MEDIA::SVE::AVE.RDDMAREFLUMA_SWAPCONFIG @ 0x207d1008c
CHIP::MEDIA::SVE::AVE.RDDMAREFLUMA_BASEADDR @ 0x207d10090
CHIP::MEDIA::SVE::AVE.RDDMAREFLUMA_STRIDE @ 0x207d10094
CHIP::MEDIA::SVE::AVE.RDDMAREFLUMA_MBPOS @ 0x207d10098
CHIP::MEDIA::SVE::AVE.RDDMAREFLUMA_DMASTATUS @ 0x207d1009c
CHIP::MEDIA::SVE::AVE.RDDMAREFLUMA_CLOCKGATEENABLE @ 0x207d100a0
CHIP::MEDIA::SVE::AVE.RDDMAREFLUMA_SPARE @ 0x207d100a4
CHIP::MEDIA::SVE::AVE.RDDMAREFCHROMA_DMACONFIG @ 0x207d10280
CHIP::MEDIA::SVE::AVE.RDDMAREFCHROMA_DMABFRCONFIG @ 0x207d10284
CHIP::MEDIA::SVE::AVE.RDDMAREFCHROMA_DMASTTCONFIG @ 0x207d10288
CHIP::MEDIA::SVE::AVE.RDDMAREFCHROMA_SWAPCONFIG @ 0x207d1028c
CHIP::MEDIA::SVE::AVE.RDDMAREFCHROMA_BASEADDR @ 0x207d10290
CHIP::MEDIA::SVE::AVE.RDDMAREFCHROMA_STRIDE @ 0x207d10294
CHIP::MEDIA::SVE::AVE.RDDMAREFCHROMA_MBPOS @ 0x207d10298
CHIP::MEDIA::SVE::AVE.RDDMAREFCHROMA_DMASTATUS @ 0x207d1029c
CHIP::MEDIA::SVE::AVE.RDDMAREFCHROMA_CLOCKGATEENABLE @ 0x207d102a0
CHIP::MEDIA::SVE::AVE.RDDMAREFCHROMA_SPARE @ 0x207d102a4
CHIP::MEDIA::SVE::AVE.RDDMATRANSCODE_DMACONFIG @ 0x207d10380
CHIP::MEDIA::SVE::AVE.RDDMATRANSCODE_DMABFRCONFIG @ 0x207d10384
CHIP::MEDIA::SVE::AVE.RDDMATRANSCODE_DMASTTCONFIG @ 0x207d10388
CHIP::MEDIA::SVE::AVE.RDDMATRANSCODE_SWAPCONFIG @ 0x207d1038c
CHIP::MEDIA::SVE::AVE.RDDMATRANSCODE_BASEADDR @ 0x207d10390
CHIP::MEDIA::SVE::AVE.RDDMATRANSCODE_BFRSIZE @ 0x207d10394
CHIP::MEDIA::SVE::AVE.RDDMATRANSCODE_BFRCREDIT @ 0x207d10398
CHIP::MEDIA::SVE::AVE.RDDMATRANSCODE_BFROFFSET @ 0x207d103a0
CHIP::MEDIA::SVE::AVE.RDDMATRANSCODE_DMASTATUS @ 0x207d103a8
CHIP::MEDIA::SVE::AVE.RDDMATRANSCODE_CLOCKGATEENABLE @ 0x207d103ac
CHIP::MEDIA::SVE::AVE.RDDMACOLOINFO_DMACONFIG @ 0x207d10480
CHIP::MEDIA::SVE::AVE.RDDMACOLOINFO_DMABFRCONFIG @ 0x207d10484
CHIP::MEDIA::SVE::AVE.RDDMACOLOINFO_DMASTTCONFIG @ 0x207d10488
CHIP::MEDIA::SVE::AVE.RDDMACOLOINFO_SWAPCONFIG @ 0x207d1048c
CHIP::MEDIA::SVE::AVE.RDDMACOLOINFO_BASEADDR @ 0x207d10490
CHIP::MEDIA::SVE::AVE.RDDMACOLOINFO_BFRSIZE @ 0x207d10494
CHIP::MEDIA::SVE::AVE.RDDMACOLOINFO_BFRCREDIT @ 0x207d10498
CHIP::MEDIA::SVE::AVE.RDDMACOLOINFO_BFROFFSET @ 0x207d1049c
CHIP::MEDIA::SVE::AVE.RDDMACOLOINFO_DMASTATUS @ 0x207d104a0
CHIP::MEDIA::SVE::AVE.RDDMACOLOINFO_CLOCKGATEENABLE @ 0x207d104a4
CHIP::MEDIA::SVE::AVE.RDDMACOLOINFO_CREDITCOUNT @ 0x207d104a8
CHIP::MEDIA::SVE::AVE.RDDMACOLOINFO_SPARE @ 0x207d104ac
CHIP::MEDIA::SVE::AVE.RDDMANEIGHBORINFO_DMACONFIG @ 0x207d104c0
CHIP::MEDIA::SVE::AVE.RDDMANEIGHBORINFO_DMABFRCONFIG @ 0x207d104c4
CHIP::MEDIA::SVE::AVE.RDDMANEIGHBORINFO_DMASTTCONFIG @ 0x207d104c8
CHIP::MEDIA::SVE::AVE.RDDMANEIGHBORINFO_SWAPCONFIG @ 0x207d104cc
CHIP::MEDIA::SVE::AVE.RDDMANEIGHBORINFO_BASEADDR @ 0x207d104d0
CHIP::MEDIA::SVE::AVE.RDDMANEIGHBORINFO_BFRSIZE @ 0x207d104d4
CHIP::MEDIA::SVE::AVE.RDDMANEIGHBORINFO_BFRCREDIT @ 0x207d104d8
CHIP::MEDIA::SVE::AVE.RDDMANEIGHBORINFO_BFROFFSET @ 0x207d104dc
CHIP::MEDIA::SVE::AVE.RDDMANEIGHBORINFO_DMASTATUS @ 0x207d104e0
CHIP::MEDIA::SVE::AVE.RDDMANEIGHBORINFO_CLOCKGATEENABLE @ 0x207d104e4
CHIP::MEDIA::SVE::AVE.RDDMANEIGHBORINFO_CREDITCOUNT @ 0x207d104e8
CHIP::MEDIA::SVE::AVE.RDDMANEIGHBORINFO_SPARE @ 0x207d104ec
CHIP::MEDIA::SVE::AVE.RDDMANEIGHBORPIXELS_DMACONFIG @ 0x207d10500
CHIP::MEDIA::SVE::AVE.RDDMANEIGHBORPIXELS_DMABFRCONFIG @ 0x207d10504
CHIP::MEDIA::SVE::AVE.RDDMANEIGHBORPIXELS_DMASTTCONFIG @ 0x207d10508
CHIP::MEDIA::SVE::AVE.RDDMANEIGHBORPIXELS_SWAPCONFIG @ 0x207d1050c
CHIP::MEDIA::SVE::AVE.RDDMANEIGHBORPIXELS_BASEADDR @ 0x207d10510
CHIP::MEDIA::SVE::AVE.RDDMANEIGHBORPIXELS_BFRSIZE @ 0x207d10514
CHIP::MEDIA::SVE::AVE.RDDMANEIGHBORPIXELS_BFRCREDIT @ 0x207d10518
CHIP::MEDIA::SVE::AVE.RDDMANEIGHBORPIXELS_BFROFFSET @ 0x207d1051c
CHIP::MEDIA::SVE::AVE.RDDMANEIGHBORPIXELS_DMASTATUS @ 0x207d10520
CHIP::MEDIA::SVE::AVE.RDDMANEIGHBORPIXELS_CLOCKGATEENABLE @ 0x207d10524
CHIP::MEDIA::SVE::AVE.RDDMANEIGHBORPIXELS_SPARE @ 0x207d10528
CHIP::MEDIA::SVE::AVE.RDDMAMBINPUTFWDATA_DMACONFIG @ 0x207d10540
CHIP::MEDIA::SVE::AVE.RDDMAMBINPUTFWDATA_DMABFRCONFIG @ 0x207d10544
CHIP::MEDIA::SVE::AVE.RDDMAMBINPUTFWDATA_DMASTTCONFIG @ 0x207d10548
CHIP::MEDIA::SVE::AVE.RDDMAMBINPUTFWDATA_SWAPCONFIG @ 0x207d1054c
CHIP::MEDIA::SVE::AVE.RDDMAMBINPUTFWDATA_BASEADDR @ 0x207d10550
CHIP::MEDIA::SVE::AVE.RDDMAMBINPUTFWDATA_BFRSIZE @ 0x207d10554
CHIP::MEDIA::SVE::AVE.RDDMAMBINPUTFWDATA_BFRCREDIT @ 0x207d10558
CHIP::MEDIA::SVE::AVE.RDDMAMBINPUTFWDATA_BFROFFSET @ 0x207d1055c
CHIP::MEDIA::SVE::AVE.RDDMAMBINPUTFWDATA_BFRCREDITSIZE @ 0x207d10560
CHIP::MEDIA::SVE::AVE.RDDMAMBINPUTFWDATA_DMASTATUS @ 0x207d10564
CHIP::MEDIA::SVE::AVE.RDDMAMBINPUTFWDATA_CLOCKGATEENABLE @ 0x207d10568
CHIP::MEDIA::SVE::AVE.RDDMAMBINPUTFWDATA_CREDITCOUNT @ 0x207d1056c
CHIP::MEDIA::SVE::AVE.RDDMAMBINPUTFWDATA_SPARE @ 0x207d10570
CHIP::MEDIA::SVE::AVE.RDDMANEIGHBORTRANSCODE_DMACONFIG @ 0x207d10580
CHIP::MEDIA::SVE::AVE.RDDMANEIGHBORTRANSCODE_DMABFRCONFIG @ 0x207d10584
CHIP::MEDIA::SVE::AVE.RDDMANEIGHBORTRANSCODE_DMASTTCONFIG @ 0x207d10588
CHIP::MEDIA::SVE::AVE.RDDMANEIGHBORTRANSCODE_SWAPCONFIG @ 0x207d1058c
CHIP::MEDIA::SVE::AVE.RDDMANEIGHBORTRANSCODE_BASEADDR @ 0x207d10590
CHIP::MEDIA::SVE::AVE.RDDMANEIGHBORTRANSCODE_BFRSIZE @ 0x207d10594
CHIP::MEDIA::SVE::AVE.RDDMANEIGHBORTRANSCODE_BFRCREDIT @ 0x207d10598
CHIP::MEDIA::SVE::AVE.RDDMANEIGHBORTRANSCODE_BFROFFSET @ 0x207d1059c
CHIP::MEDIA::SVE::AVE.RDDMANEIGHBORTRANSCODE_DMASTATUS @ 0x207d105a0
CHIP::MEDIA::SVE::AVE.RDDMANEIGHBORTRANSCODE_CLOCKGATEENABLE @ 0x207d105a4
CHIP::MEDIA::SVE::AVE.RDDMANEIGHBORTRANSCODE_SPARE @ 0x207d105a8
CHIP::MEDIA::SVE::AVE.WRDMACONFIG_AFCACHEHINT @ 0x207d20000
CHIP::MEDIA::SVE::AVE.WRDMACONFIG_AXIWERROR @ 0x207d20004
CHIP::MEDIA::SVE::AVE.WRDMACONFIG_SPARE @ 0x207d20008
CHIP::MEDIA::SVE::AVE.WRDMADEBLOCKLUMA_DMACONFIG @ 0x207d20100
CHIP::MEDIA::SVE::AVE.WRDMADEBLOCKLUMA_DMABFRCONFIG @ 0x207d20104
CHIP::MEDIA::SVE::AVE.WRDMADEBLOCKLUMA_DMASTTCONFIG @ 0x207d20108
CHIP::MEDIA::SVE::AVE.WRDMADEBLOCKLUMA_SWAPCONFIG @ 0x207d2010c
CHIP::MEDIA::SVE::AVE.WRDMADEBLOCKLUMA_BASEADDR @ 0x207d20110
CHIP::MEDIA::SVE::AVE.WRDMADEBLOCKLUMA_STRIDE @ 0x207d20114
CHIP::MEDIA::SVE::AVE.WRDMADEBLOCKLUMA_MBPOS @ 0x207d20118
CHIP::MEDIA::SVE::AVE.WRDMADEBLOCKLUMA_DMASTATUS @ 0x207d2011c
CHIP::MEDIA::SVE::AVE.WRDMADEBLOCKLUMA_CLOCKGATEENABLE @ 0x207d20120
CHIP::MEDIA::SVE::AVE.WRDMADEBLOCKLUMA_SPARE @ 0x207d20124
CHIP::MEDIA::SVE::AVE.WRDMADEBLOCKCHROMA_DMACONFIG @ 0x207d20140
CHIP::MEDIA::SVE::AVE.WRDMADEBLOCKCHROMA_DMABFRCONFIG @ 0x207d20144
CHIP::MEDIA::SVE::AVE.WRDMADEBLOCKCHROMA_DMASTTCONFIG @ 0x207d20148
CHIP::MEDIA::SVE::AVE.WRDMADEBLOCKCHROMA_SWAPCONFIG @ 0x207d2014c
CHIP::MEDIA::SVE::AVE.WRDMADEBLOCKCHROMA_BASEADDR @ 0x207d20150
CHIP::MEDIA::SVE::AVE.WRDMADEBLOCKCHROMA_STRIDE @ 0x207d20154
CHIP::MEDIA::SVE::AVE.WRDMADEBLOCKCHROMA_MBPOS @ 0x207d20158
CHIP::MEDIA::SVE::AVE.WRDMADEBLOCKCHROMA_DMASTATUS @ 0x207d2015c
CHIP::MEDIA::SVE::AVE.WRDMADEBLOCKCHROMA_CLOCKGATEENABLE @ 0x207d20160
CHIP::MEDIA::SVE::AVE.WRDMADEBLOCKCHROMA_SPARE @ 0x207d20164
CHIP::MEDIA::SVE::AVE.WRDMACOLOINFO_DMACONFIG @ 0x207d20180
CHIP::MEDIA::SVE::AVE.WRDMACOLOINFO_DMABFRCONFIG @ 0x207d20184
CHIP::MEDIA::SVE::AVE.WRDMACOLOINFO_DMASTTCONFIG @ 0x207d20188
CHIP::MEDIA::SVE::AVE.WRDMACOLOINFO_SWAPCONFIG @ 0x207d2018c
CHIP::MEDIA::SVE::AVE.WRDMACOLOINFO_BASEADDR @ 0x207d20190
CHIP::MEDIA::SVE::AVE.WRDMACOLOINFO_BFRSIZE @ 0x207d20194
CHIP::MEDIA::SVE::AVE.WRDMACOLOINFO_BFRCREDIT @ 0x207d20198
CHIP::MEDIA::SVE::AVE.WRDMACOLOINFO_BFROFFSET @ 0x207d2019c
CHIP::MEDIA::SVE::AVE.WRDMACOLOINFO_DMASTATUS @ 0x207d201a0
CHIP::MEDIA::SVE::AVE.WRDMACOLOINFO_CLOCKGATEENABLE @ 0x207d201a4
CHIP::MEDIA::SVE::AVE.WRDMACOLOINFO_DEBUGCRC @ 0x207d201a8
CHIP::MEDIA::SVE::AVE.WRDMACOLOINFO_SPARE @ 0x207d201ac
CHIP::MEDIA::SVE::AVE.WRDMACAVLC_DMACONFIG @ 0x207d201c0
CHIP::MEDIA::SVE::AVE.WRDMACAVLC_DMABFRCONFIG @ 0x207d201c4
CHIP::MEDIA::SVE::AVE.WRDMACAVLC_DMASTTCONFIG @ 0x207d201c8
CHIP::MEDIA::SVE::AVE.WRDMACAVLC_SWAPCONFIG @ 0x207d201cc
CHIP::MEDIA::SVE::AVE.WRDMACAVLC_BASEADDR @ 0x207d201d0
CHIP::MEDIA::SVE::AVE.WRDMACAVLC_BFRSIZE @ 0x207d201d4
CHIP::MEDIA::SVE::AVE.WRDMACAVLC_BFRCREDIT @ 0x207d201d8
CHIP::MEDIA::SVE::AVE.WRDMACAVLC_BFROFFSET @ 0x207d201e0
CHIP::MEDIA::SVE::AVE.WRDMACAVLC_DMASTATUS @ 0x207d201e8
CHIP::MEDIA::SVE::AVE.WRDMACAVLC_DEBUGCRC @ 0x207d201ec
CHIP::MEDIA::SVE::AVE.WRDMACAVLC_CLOCKGATEENABLE @ 0x207d201f0
CHIP::MEDIA::SVE::AVE.WRDMATRANSCODE_DMACONFIG @ 0x207d202c0
CHIP::MEDIA::SVE::AVE.WRDMATRANSCODE_DMABFRCONFIG @ 0x207d202c4
CHIP::MEDIA::SVE::AVE.WRDMATRANSCODE_DMASTTCONFIG @ 0x207d202c8
CHIP::MEDIA::SVE::AVE.WRDMATRANSCODE_SWAPCONFIG @ 0x207d202cc
CHIP::MEDIA::SVE::AVE.WRDMATRANSCODE_BASEADDR @ 0x207d202d0
CHIP::MEDIA::SVE::AVE.WRDMATRANSCODE_BFRSIZE @ 0x207d202d4
CHIP::MEDIA::SVE::AVE.WRDMATRANSCODE_BFRCREDIT @ 0x207d202d8
CHIP::MEDIA::SVE::AVE.WRDMATRANSCODE_BFROFFSET @ 0x207d202dc
CHIP::MEDIA::SVE::AVE.WRDMATRANSCODE_DMASTATUS @ 0x207d202e0
CHIP::MEDIA::SVE::AVE.WRDMATRANSCODE_DEBUGCRC @ 0x207d202e4
CHIP::MEDIA::SVE::AVE.WRDMATRANSCODE_CLOCKGATEENABLE @ 0x207d202e8
CHIP::MEDIA::SVE::AVE.WRDMATRANSCODE_SPARE @ 0x207d202ec
CHIP::MEDIA::SVE::AVE.WRDMANEIGHBORINFO_DMACONFIG @ 0x207d20300
CHIP::MEDIA::SVE::AVE.WRDMANEIGHBORINFO_DMABFRCONFIG @ 0x207d20304
CHIP::MEDIA::SVE::AVE.WRDMANEIGHBORINFO_DMASTTCONFIG @ 0x207d20308
CHIP::MEDIA::SVE::AVE.WRDMANEIGHBORINFO_SWAPCONFIG @ 0x207d2030c
CHIP::MEDIA::SVE::AVE.WRDMANEIGHBORINFO_BASEADDR @ 0x207d20310
CHIP::MEDIA::SVE::AVE.WRDMANEIGHBORINFO_BFRSIZE @ 0x207d20314
CHIP::MEDIA::SVE::AVE.WRDMANEIGHBORINFO_BFRCREDIT @ 0x207d20318
CHIP::MEDIA::SVE::AVE.WRDMANEIGHBORINFO_BFROFFSET @ 0x207d2031c
CHIP::MEDIA::SVE::AVE.WRDMANEIGHBORINFO_DMASTATUS @ 0x207d20320
CHIP::MEDIA::SVE::AVE.WRDMANEIGHBORINFO_DEBUGCRC @ 0x207d20324
CHIP::MEDIA::SVE::AVE.WRDMANEIGHBORINFO_CLOCKGATEENABLE @ 0x207d20328
CHIP::MEDIA::SVE::AVE.WRDMANEIGHBORINFO_SPARE @ 0x207d2032c
CHIP::MEDIA::SVE::AVE.WRDMANEIGHBORPIXELS_DMACONFIG @ 0x207d20340
CHIP::MEDIA::SVE::AVE.WRDMANEIGHBORPIXELS_DMABFRCONFIG @ 0x207d20344
CHIP::MEDIA::SVE::AVE.WRDMANEIGHBORPIXELS_DMASTTCONFIG @ 0x207d20348
CHIP::MEDIA::SVE::AVE.WRDMANEIGHBORPIXELS_SWAPCONFIG @ 0x207d2034c
CHIP::MEDIA::SVE::AVE.WRDMANEIGHBORPIXELS_BASEADDR @ 0x207d20350
CHIP::MEDIA::SVE::AVE.WRDMANEIGHBORPIXELS_BFRSIZE @ 0x207d20354
CHIP::MEDIA::SVE::AVE.WRDMANEIGHBORPIXELS_BFRCREDIT @ 0x207d20358
CHIP::MEDIA::SVE::AVE.WRDMANEIGHBORPIXELS_BFROFFSET @ 0x207d2035c
CHIP::MEDIA::SVE::AVE.WRDMANEIGHBORPIXELS_DMASTATUS @ 0x207d20360
CHIP::MEDIA::SVE::AVE.WRDMANEIGHBORPIXELS_DEBUGCRC @ 0x207d20364
CHIP::MEDIA::SVE::AVE.WRDMANEIGHBORPIXELS_CLOCKGATEENABLE @ 0x207d20368
CHIP::MEDIA::SVE::AVE.WRDMANEIGHBORPIXELS_SPARE @ 0x207d2036c
CHIP::MEDIA::SVE::AVE.WRDMANEIGHBORTRANSCODE_DMACONFIG @ 0x207d20380
CHIP::MEDIA::SVE::AVE.WRDMANEIGHBORTRANSCODE_DMABFRCONFIG @ 0x207d20384
CHIP::MEDIA::SVE::AVE.WRDMANEIGHBORTRANSCODE_DMASTTCONFIG @ 0x207d20388
CHIP::MEDIA::SVE::AVE.WRDMANEIGHBORTRANSCODE_SWAPCONFIG @ 0x207d2038c
CHIP::MEDIA::SVE::AVE.WRDMANEIGHBORTRANSCODE_BASEADDR @ 0x207d20390
CHIP::MEDIA::SVE::AVE.WRDMANEIGHBORTRANSCODE_BFRSIZE @ 0x207d20394
CHIP::MEDIA::SVE::AVE.WRDMANEIGHBORTRANSCODE_BFRCREDIT @ 0x207d20398
CHIP::MEDIA::SVE::AVE.WRDMANEIGHBORTRANSCODE_BFROFFSET @ 0x207d2039c
CHIP::MEDIA::SVE::AVE.WRDMANEIGHBORTRANSCODE_DMASTATUS @ 0x207d203a0
CHIP::MEDIA::SVE::AVE.WRDMANEIGHBORTRANSCODE_DEBUGCRC @ 0x207d203a4
CHIP::MEDIA::SVE::AVE.WRDMANEIGHBORTRANSCODE_CLOCKGATEENABLE @ 0x207d203a8
CHIP::MEDIA::SVE::AVE.WRDMANEIGHBORTRANSCODE_SPARE @ 0x207d203ac
CHIP::MEDIA::SVE::AVE.WRDMACAVLCFWDATA_DMACONFIG @ 0x207d203c0
CHIP::MEDIA::SVE::AVE.WRDMACAVLCFWDATA_DMABFRCONFIG @ 0x207d203c4
CHIP::MEDIA::SVE::AVE.WRDMACAVLCFWDATA_DMASTTCONFIG @ 0x207d203c8
CHIP::MEDIA::SVE::AVE.WRDMACAVLCFWDATA_SWAPCONFIG @ 0x207d203cc
CHIP::MEDIA::SVE::AVE.WRDMACAVLCFWDATA_BASEADDR @ 0x207d203d0
CHIP::MEDIA::SVE::AVE.WRDMACAVLCFWDATA_BFRSIZE @ 0x207d203d4
CHIP::MEDIA::SVE::AVE.WRDMACAVLCFWDATA_BFRCREDIT @ 0x207d203d8
CHIP::MEDIA::SVE::AVE.WRDMACAVLCFWDATA_BFROFFSET @ 0x207d203dc
CHIP::MEDIA::SVE::AVE.WRDMACAVLCFWDATA_DMASTATUS @ 0x207d203e0
CHIP::MEDIA::SVE::AVE.WRDMACAVLCFWDATA_DEBUGCRC @ 0x207d203e4
CHIP::MEDIA::SVE::AVE.WRDMACAVLCFWDATA_CLOCKGATEENABLE @ 0x207d203e8
CHIP::MEDIA::SVE::AVE.WRDMACAVLCFWDATA_SPARE @ 0x207d203ec
CHIP::MEDIA::SVE::AVE.WRDMACONFIGGLOBALS_AVEPIPECONFIG @ 0x207d2a000
CHIP::MEDIA::SVE::AVE.WRDMACONFIGGLOBALS_PICSIZEINMBS @ 0x207d2a004
CHIP::MEDIA::SVE::AVE.WRDMACONFIGGLOBALS_MBPOSINIT @ 0x207d2a008
CHIP::MEDIA::SVE::AVE.WRDMACONFIGGLOBALS_CONTEXTHEIGHT @ 0x207d2a00c
CHIP::MEDIA::SVE::AVE.WRDMACONFIGGLOBALS_SPS @ 0x207d2a010
CHIP::MEDIA::SVE::AVE.WRDMACONFIGGLOBALS_PPS @ 0x207d2a014
CHIP::MEDIA::SVE::AVE.WRDMACONFIGGLOBALS_SLICEHEADER @ 0x207d2a018
CHIP::MEDIA::SVE::AVE.WRDMACONFIGGLOBALS_SKIPDIRECTENABLE @ 0x207d2a01c
CHIP::MEDIA::SVE::AVE.WRDMACONFIGGLOBALS_MEREFIDXMAPPING @ 0x207d2a020
CHIP::MEDIA::SVE::AVE.WRDMACONFIGGLOBALS_WEIGHTEDPREDICTION @ 0x207d2a030
CHIP::MEDIA::SVE::AVE.MBINPUTIMEM_IMEM @ 0x207d30000
CHIP::MEDIA::SVE::AVE.MBINPUTDMEM_DMEM @ 0x207d31000
CHIP::MEDIA::SVE::AVE.MBINPUTMCPU_VERSION @ 0x207d32000
CHIP::MEDIA::SVE::AVE.MBINPUTMCPU_MCPUID @ 0x207d32004
CHIP::MEDIA::SVE::AVE.MBINPUTMCPU_CTRL @ 0x207d32008
CHIP::MEDIA::SVE::AVE.MBINPUTMCPU_MCPUIRQEN @ 0x207d3200c
CHIP::MEDIA::SVE::AVE.MBINPUTMCPU_KFIRQEN @ 0x207d32010
CHIP::MEDIA::SVE::AVE.MBINPUTMCPU_MCPUIRQ @ 0x207d32014
CHIP::MEDIA::SVE::AVE.MBINPUTMCPU_INBOXCTRL @ 0x207d32018
CHIP::MEDIA::SVE::AVE.MBINPUTMCPU_INBOXWRITE @ 0x207d3201c
CHIP::MEDIA::SVE::AVE.MBINPUTMCPU_INBOXREAD @ 0x207d32020
CHIP::MEDIA::SVE::AVE.MBINPUTMCPU_OUTBOXCTRL @ 0x207d32024
CHIP::MEDIA::SVE::AVE.MBINPUTMCPU_OUTBOXWRITE @ 0x207d32028
CHIP::MEDIA::SVE::AVE.MBINPUTMCPU_OUTBOXREAD @ 0x207d3202c
CHIP::MEDIA::SVE::AVE.MBINPUTMCPU_TIMER0CTRL @ 0x207d32030
CHIP::MEDIA::SVE::AVE.MBINPUTMCPU_TIMER0 @ 0x207d32034
CHIP::MEDIA::SVE::AVE.MBINPUTMCPU_TIMER1CTRL @ 0x207d32038
CHIP::MEDIA::SVE::AVE.MBINPUTMCPU_TIMER1 @ 0x207d3203c
CHIP::MEDIA::SVE::AVE.MBINPUTMCPU_FWDMSRC @ 0x207d32040
CHIP::MEDIA::SVE::AVE.MBINPUTMCPU_FWDMDEST @ 0x207d32044
CHIP::MEDIA::SVE::AVE.MBINPUTMCPU_FWDMCTRL @ 0x207d32048
CHIP::MEDIA::SVE::AVE.MBINPUTMCPU_DEBUGMISC @ 0x207d3204c
CHIP::MEDIA::SVE::AVE.MBINPUTDMAFWDATA_FWDATA @ 0x207d33000
CHIP::MEDIA::SVE::AVE.MBINPUTCAVLCFWDATA_FWDATA @ 0x207d34000
CHIP::MEDIA::SVE::AVE.MBINPUTMBSRC_MB_IN @ 0x207d35000
CHIP::MEDIA::SVE::AVE.MBINPUTDMAINFO_MBPOS @ 0x207d35300
CHIP::MEDIA::SVE::AVE.MBINPUTCAVLCRESULTS_MBPOS @ 0x207d36000
CHIP::MEDIA::SVE::AVE.MBINPUTCAVLCRESULTS_BESTMODE @ 0x207d36004
CHIP::MEDIA::SVE::AVE.MBINPUTCAVLCRESULTS_INTRAPREDMODE0 @ 0x207d36008
CHIP::MEDIA::SVE::AVE.MBINPUTCAVLCRESULTS_INTRAPREDMODE1 @ 0x207d3600c
CHIP::MEDIA::SVE::AVE.MBINPUTCAVLCRESULTS_INTRAPREDMODE2 @ 0x207d36010
CHIP::MEDIA::SVE::AVE.MBINPUTCAVLCRESULTS_INTRAPREDSYNTAX0 @ 0x207d36014
CHIP::MEDIA::SVE::AVE.MBINPUTCAVLCRESULTS_INTRAPREDSYNTAX1 @ 0x207d36018
CHIP::MEDIA::SVE::AVE.MBINPUTCAVLCRESULTS_INTRAPREDSYNTAX2 @ 0x207d3601c
CHIP::MEDIA::SVE::AVE.MBINPUTCAVLCRESULTS_INTRA4X4RESULTS @ 0x207d36020
CHIP::MEDIA::SVE::AVE.MBINPUTCAVLCRESULTS_INTRA8X8RESULTS @ 0x207d36024
CHIP::MEDIA::SVE::AVE.MBINPUTCAVLCRESULTS_INTRA16X16RESULTS @ 0x207d36028
CHIP::MEDIA::SVE::AVE.MBINPUTCAVLCRESULTS_SUBMBTYPE @ 0x207d3602c
CHIP::MEDIA::SVE::AVE.MBINPUTCAVLCRESULTS_MOTIONVECTOR @ 0x207d36030
CHIP::MEDIA::SVE::AVE.MBINPUTCAVLCRESULTS_MOTIONVECTORDIFFERENCE @ 0x207d360b0
CHIP::MEDIA::SVE::AVE.MBINPUTCAVLCRESULTS_SKIPMOTIONVECTOR @ 0x207d36130
CHIP::MEDIA::SVE::AVE.MBINPUTCAVLCRESULTS_BESTINTRARESULT @ 0x207d36134
CHIP::MEDIA::SVE::AVE.MBINPUTCAVLCRESULTS_BESTINTERRESULT @ 0x207d36138
CHIP::MEDIA::SVE::AVE.MBINPUTCAVLCRESULTS_QUANTIZATIONPARAMETER @ 0x207d3613c
CHIP::MEDIA::SVE::AVE.MBINPUTCAVLCRESULTS_CODEDBLOCKPATTERN @ 0x207d36140
CHIP::MEDIA::SVE::AVE.MBINPUTCAVLCRESULTS_CODEDBLOCK4X4LUMA @ 0x207d36144
CHIP::MEDIA::SVE::AVE.MBINPUTCAVLCRESULTS_SSDLUMA @ 0x207d36148
CHIP::MEDIA::SVE::AVE.MBINPUTCAVLCRESULTS_SSDCHROMA @ 0x207d3614c
CHIP::MEDIA::SVE::AVE.MBINPUTCAVLCRESULTS_BITS @ 0x207d36154
CHIP::MEDIA::SVE::AVE.MBINPUTCONFIGGLOBALS_AVEPIPECONFIG @ 0x207d3a000
CHIP::MEDIA::SVE::AVE.MBINPUTCONFIGGLOBALS_PICSIZEINMBS @ 0x207d3a004
CHIP::MEDIA::SVE::AVE.MBINPUTCONFIGGLOBALS_MBPOSINIT @ 0x207d3a008
CHIP::MEDIA::SVE::AVE.MBINPUTCONFIGGLOBALS_CONTEXTHEIGHT @ 0x207d3a00c
CHIP::MEDIA::SVE::AVE.MBINPUTCONFIGGLOBALS_SPS @ 0x207d3a010
CHIP::MEDIA::SVE::AVE.MBINPUTCONFIGGLOBALS_PPS @ 0x207d3a014
CHIP::MEDIA::SVE::AVE.MBINPUTCONFIGGLOBALS_SLICEHEADER @ 0x207d3a018
CHIP::MEDIA::SVE::AVE.MBINPUTCONFIGGLOBALS_SKIPDIRECTENABLE @ 0x207d3a01c
CHIP::MEDIA::SVE::AVE.MBINPUTCONFIGGLOBALS_MEREFIDXMAPPING @ 0x207d3a020
CHIP::MEDIA::SVE::AVE.MBINPUTCONFIGGLOBALS_WEIGHTEDPREDICTION @ 0x207d3a030
CHIP::MEDIA::SVE::AVE.MBINPUTCONFIG_SOURCEGO @ 0x207d3a080
CHIP::MEDIA::SVE::AVE.MBINPUTCONFIG_UPDATERESULTS @ 0x207d3a084
CHIP::MEDIA::SVE::AVE.MBINPUTCONFIG_MBINQPOP @ 0x207d3a088
CHIP::MEDIA::SVE::AVE.MBINPUTCONFIG_CVERESULTSPOP @ 0x207d3a08c
CHIP::MEDIA::SVE::AVE.MBINPUTCONFIG_TRIGGERDEPTH @ 0x207d3a090
CHIP::MEDIA::SVE::AVE.MBINPUTCONFIG_MBPOS @ 0x207d3a094
CHIP::MEDIA::SVE::AVE.MBINPUTCONFIG_CONFIGURATION @ 0x207d3a098
CHIP::MEDIA::SVE::AVE.MBINPUTCONFIG_PIXSUMTOTAL @ 0x207d3a09c
CHIP::MEDIA::SVE::AVE.MBINPUTCONFIG_PIXSUM2TOTALMSB @ 0x207d3a0a8
CHIP::MEDIA::SVE::AVE.MBINPUTCONFIG_PIXSUM2TOTALLSB @ 0x207d3a0b4
CHIP::MEDIA::SVE::AVE.MBINPUTCONFIG_GRADIENTHTOTAL @ 0x207d3a0c0
CHIP::MEDIA::SVE::AVE.MBINPUTCONFIG_GRADIENTVTOTAL @ 0x207d3a0c4
CHIP::MEDIA::SVE::AVE.MBINPUTCONFIG_GRADIENTHISTTOTAL @ 0x207d3a0c8
CHIP::MEDIA::SVE::AVE.MBINPUTCONFIG_MBFIFOPUSH @ 0x207d3a108
CHIP::MEDIA::SVE::AVE.MBINPUTCONFIG_MBFIFOPOP @ 0x207d3a10c
CHIP::MEDIA::SVE::AVE.MBINPUTCONFIG_MBFIFOREADY @ 0x207d3a110
CHIP::MEDIA::SVE::AVE.MBINPUTCONFIG_CLOCKGATEENABLE @ 0x207d3a114
CHIP::MEDIA::SVE::AVE.MBINPUTCONFIG_CREDITCOUNT @ 0x207d3a118
CHIP::MEDIA::SVE::AVE.MBINPUTCONFIG_SPARE @ 0x207d3a11c
CHIP::MEDIA::SVE::AVE.MBINPUTRESULTS_MBPOS @ 0x207d3b000
CHIP::MEDIA::SVE::AVE.MBINPUTRESULTS_PIXSUM @ 0x207d3b004
CHIP::MEDIA::SVE::AVE.MBINPUTRESULTS_PIXSUM2 @ 0x207d3b010
CHIP::MEDIA::SVE::AVE.MBINPUTRESULTS_GRADIENTH @ 0x207d3b01c
CHIP::MEDIA::SVE::AVE.MBINPUTRESULTS_GRADIENTV @ 0x207d3b020
CHIP::MEDIA::SVE::AVE.MBINPUTRESULTS_GRADIENTHIST @ 0x207d3b024
CHIP::MEDIA::SVE::AVE.MBINPUTM3CPUDWT_DUMMY @ 0x207d3c000
CHIP::MEDIA::SVE::AVE.MBINPUTM3CPUFPB_DUMMY @ 0x207d3d000
CHIP::MEDIA::SVE::AVE.MBINPUTM3CPUSCS_DUMMY @ 0x207d3e000
CHIP::MEDIA::SVE::AVE.INTRAESTIMEM_IMEM @ 0x207d40000
CHIP::MEDIA::SVE::AVE.INTRAESTDMEM_DMEM @ 0x207d41000
CHIP::MEDIA::SVE::AVE.INTRAESTMCPU_VERSION @ 0x207d42000
CHIP::MEDIA::SVE::AVE.INTRAESTMCPU_MCPUID @ 0x207d42004
CHIP::MEDIA::SVE::AVE.INTRAESTMCPU_CTRL @ 0x207d42008
CHIP::MEDIA::SVE::AVE.INTRAESTMCPU_MCPUIRQEN @ 0x207d4200c
CHIP::MEDIA::SVE::AVE.INTRAESTMCPU_KFIRQEN @ 0x207d42010
CHIP::MEDIA::SVE::AVE.INTRAESTMCPU_MCPUIRQ @ 0x207d42014
CHIP::MEDIA::SVE::AVE.INTRAESTMCPU_INBOXCTRL @ 0x207d42018
CHIP::MEDIA::SVE::AVE.INTRAESTMCPU_INBOXWRITE @ 0x207d4201c
CHIP::MEDIA::SVE::AVE.INTRAESTMCPU_INBOXREAD @ 0x207d42020
CHIP::MEDIA::SVE::AVE.INTRAESTMCPU_OUTBOXCTRL @ 0x207d42024
CHIP::MEDIA::SVE::AVE.INTRAESTMCPU_OUTBOXWRITE @ 0x207d42028
CHIP::MEDIA::SVE::AVE.INTRAESTMCPU_OUTBOXREAD @ 0x207d4202c
CHIP::MEDIA::SVE::AVE.INTRAESTMCPU_TIMER0CTRL @ 0x207d42030
CHIP::MEDIA::SVE::AVE.INTRAESTMCPU_TIMER0 @ 0x207d42034
CHIP::MEDIA::SVE::AVE.INTRAESTMCPU_TIMER1CTRL @ 0x207d42038
CHIP::MEDIA::SVE::AVE.INTRAESTMCPU_TIMER1 @ 0x207d4203c
CHIP::MEDIA::SVE::AVE.INTRAESTMCPU_FWDMSRC @ 0x207d42040
CHIP::MEDIA::SVE::AVE.INTRAESTMCPU_FWDMDEST @ 0x207d42044
CHIP::MEDIA::SVE::AVE.INTRAESTMCPU_FWDMCTRL @ 0x207d42048
CHIP::MEDIA::SVE::AVE.INTRAESTMCPU_DEBUGMISC @ 0x207d4204c
CHIP::MEDIA::SVE::AVE.INTRAESTFWDATA_FWDATA @ 0x207d43000
CHIP::MEDIA::SVE::AVE.INTRAESTMBSRC_MB_IN @ 0x207d44000
CHIP::MEDIA::SVE::AVE.INTRAESTMBINRESULTS_MBPOS @ 0x207d44300
CHIP::MEDIA::SVE::AVE.INTRAESTMBINRESULTS_PIXSUM @ 0x207d44304
CHIP::MEDIA::SVE::AVE.INTRAESTMBINRESULTS_PIXSUM2 @ 0x207d44310
CHIP::MEDIA::SVE::AVE.INTRAESTMBINRESULTS_GRADIENTH @ 0x207d4431c
CHIP::MEDIA::SVE::AVE.INTRAESTMBINRESULTS_GRADIENTV @ 0x207d44320
CHIP::MEDIA::SVE::AVE.INTRAESTMBINRESULTS_GRADIENTHIST @ 0x207d44324
CHIP::MEDIA::SVE::AVE.INTRAESTRECONLRESULTS_MBPOS @ 0x207d45000
CHIP::MEDIA::SVE::AVE.INTRAESTRECONLRESULTS_BESTMODE @ 0x207d45004
CHIP::MEDIA::SVE::AVE.INTRAESTRECONLRESULTS_RECONLPIXELS @ 0x207d45008
CHIP::MEDIA::SVE::AVE.INTRAESTNEIGHBORDATA_MBPOS @ 0x207d46000
CHIP::MEDIA::SVE::AVE.INTRAESTNEIGHBORDATA_BESTMODE @ 0x207d46004
CHIP::MEDIA::SVE::AVE.INTRAESTNEIGHBORDATA_QUANTIZATIONPARAMETER @ 0x207d46008
CHIP::MEDIA::SVE::AVE.INTRAESTNEIGHBORDATA_INTRAPREDMODE @ 0x207d4600c
CHIP::MEDIA::SVE::AVE.INTRAESTNEIGHBORDATA_MOTIONVECTOR @ 0x207d46010
CHIP::MEDIA::SVE::AVE.INTRAESTNEIGHBORDATA_TOTALCOEFF @ 0x207d46030
CHIP::MEDIA::SVE::AVE.INTRAESTNEIGHBORDATA_CODEDBLOCK4X4LUMA @ 0x207d4603c
CHIP::MEDIA::SVE::AVE.INTRAESTNEIGHBORDATA_RECONPIXELS @ 0x207d46040
CHIP::MEDIA::SVE::AVE.INTRAESTNEIGHBORDATA_DEBLOCKPIXELS @ 0x207d46070
CHIP::MEDIA::SVE::AVE.INTRAESTCONFIGGLOBALS_AVEPIPECONFIG @ 0x207d4a000
CHIP::MEDIA::SVE::AVE.INTRAESTCONFIGGLOBALS_PICSIZEINMBS @ 0x207d4a004
CHIP::MEDIA::SVE::AVE.INTRAESTCONFIGGLOBALS_MBPOSINIT @ 0x207d4a008
CHIP::MEDIA::SVE::AVE.INTRAESTCONFIGGLOBALS_CONTEXTHEIGHT @ 0x207d4a00c
CHIP::MEDIA::SVE::AVE.INTRAESTCONFIGGLOBALS_SPS @ 0x207d4a010
CHIP::MEDIA::SVE::AVE.INTRAESTCONFIGGLOBALS_PPS @ 0x207d4a014
CHIP::MEDIA::SVE::AVE.INTRAESTCONFIGGLOBALS_SLICEHEADER @ 0x207d4a018
CHIP::MEDIA::SVE::AVE.INTRAESTCONFIGGLOBALS_SKIPDIRECTENABLE @ 0x207d4a01c
CHIP::MEDIA::SVE::AVE.INTRAESTCONFIGGLOBALS_MEREFIDXMAPPING @ 0x207d4a020
CHIP::MEDIA::SVE::AVE.INTRAESTCONFIGGLOBALS_WEIGHTEDPREDICTION @ 0x207d4a030
CHIP::MEDIA::SVE::AVE.INTRAESTCONFIG_SOURCEGO @ 0x207d4a080
CHIP::MEDIA::SVE::AVE.INTRAESTCONFIG_UPDATERESULTS @ 0x207d4a084
CHIP::MEDIA::SVE::AVE.INTRAESTCONFIG_SCALINGLIST4X4 @ 0x207d4a088
CHIP::MEDIA::SVE::AVE.INTRAESTCONFIG_SCALINGLIST8X8 @ 0x207d4a0c8
CHIP::MEDIA::SVE::AVE.INTRAESTCONFIG_QP @ 0x207d4a1c8
CHIP::MEDIA::SVE::AVE.INTRAESTCONFIG_LAMBDA @ 0x207d4a1cc
CHIP::MEDIA::SVE::AVE.INTRAESTCONFIG_OFFSETSCALEINTRA @ 0x207d4a1d0
CHIP::MEDIA::SVE::AVE.INTRAESTCONFIG_OFFSETSCALE4X4 @ 0x207d4a1dc
CHIP::MEDIA::SVE::AVE.INTRAESTCONFIG_OFFSETSCALE8X8 @ 0x207d4a200
CHIP::MEDIA::SVE::AVE.INTRAESTCONFIG_OFFSETSCALE16X16 @ 0x207d4a224
CHIP::MEDIA::SVE::AVE.INTRAESTCONFIG_LUMARO4X4 @ 0x207d4a234
CHIP::MEDIA::SVE::AVE.INTRAESTCONFIG_LUMARO8X8 @ 0x207d4a238
CHIP::MEDIA::SVE::AVE.INTRAESTCONFIG_LUMARO16X16 @ 0x207d4a23c
CHIP::MEDIA::SVE::AVE.INTRAESTCONFIG_COEFFCANCEL4X4 @ 0x207d4a240
CHIP::MEDIA::SVE::AVE.INTRAESTCONFIG_COEFFCANCEL8X8 @ 0x207d4a244
CHIP::MEDIA::SVE::AVE.INTRAESTCONFIG_COEFFCOST4X4 @ 0x207d4a248
CHIP::MEDIA::SVE::AVE.INTRAESTCONFIG_COEFFCOST8X8 @ 0x207d4a288
CHIP::MEDIA::SVE::AVE.INTRAESTCONFIG_MBFIFOPUSH @ 0x207d4a388
CHIP::MEDIA::SVE::AVE.INTRAESTCONFIG_MBFIFOPOP @ 0x207d4a38c
CHIP::MEDIA::SVE::AVE.INTRAESTCONFIG_MBFIFOREADY @ 0x207d4a390
CHIP::MEDIA::SVE::AVE.INTRAESTCONFIG_CLOCKGATEENABLE @ 0x207d4a394
CHIP::MEDIA::SVE::AVE.INTRAESTCONFIG_CREDITCOUNT @ 0x207d4a398
CHIP::MEDIA::SVE::AVE.INTRAESTCONFIG_SPARE @ 0x207d4a39c
CHIP::MEDIA::SVE::AVE.INTRAESTRESULTS_MBPOS @ 0x207d4b000
CHIP::MEDIA::SVE::AVE.INTRAESTRESULTS_BESTMODE @ 0x207d4b004
CHIP::MEDIA::SVE::AVE.INTRAESTRESULTS_INTRAPREDMODE0 @ 0x207d4b008
CHIP::MEDIA::SVE::AVE.INTRAESTRESULTS_INTRAPREDMODE1 @ 0x207d4b00c
CHIP::MEDIA::SVE::AVE.INTRAESTRESULTS_INTRAPREDMODE2 @ 0x207d4b010
CHIP::MEDIA::SVE::AVE.INTRAESTRESULTS_INTRAPREDSYNTAX0 @ 0x207d4b014
CHIP::MEDIA::SVE::AVE.INTRAESTRESULTS_INTRAPREDSYNTAX1 @ 0x207d4b018
CHIP::MEDIA::SVE::AVE.INTRAESTRESULTS_INTRAPREDSYNTAX2 @ 0x207d4b01c
CHIP::MEDIA::SVE::AVE.INTRAESTRESULTS_INTRA4X4RESULTS @ 0x207d4b020
CHIP::MEDIA::SVE::AVE.INTRAESTRESULTS_INTRA8X8RESULTS @ 0x207d4b024
CHIP::MEDIA::SVE::AVE.INTRAESTRESULTS_INTRA16X16RESULTS @ 0x207d4b028
CHIP::MEDIA::SVE::AVE.INTRAESTM3CPUDWT_DUMMY @ 0x207d4c000
CHIP::MEDIA::SVE::AVE.INTRAESTM3CPUFPB_DUMMY @ 0x207d4d000
CHIP::MEDIA::SVE::AVE.INTRAESTM3CPUSCS_DUMMY @ 0x207d4e000
CHIP::MEDIA::SVE::AVE.MOTIONESTIMEM_IMEM @ 0x207d50000
CHIP::MEDIA::SVE::AVE.MOTIONESTDMEM_DMEM @ 0x207d51000
CHIP::MEDIA::SVE::AVE.MOTIONESTMCPU_VERSION @ 0x207d52000
CHIP::MEDIA::SVE::AVE.MOTIONESTMCPU_MCPUID @ 0x207d52004
CHIP::MEDIA::SVE::AVE.MOTIONESTMCPU_CTRL @ 0x207d52008
CHIP::MEDIA::SVE::AVE.MOTIONESTMCPU_MCPUIRQEN @ 0x207d5200c
CHIP::MEDIA::SVE::AVE.MOTIONESTMCPU_KFIRQEN @ 0x207d52010
CHIP::MEDIA::SVE::AVE.MOTIONESTMCPU_MCPUIRQ @ 0x207d52014
CHIP::MEDIA::SVE::AVE.MOTIONESTMCPU_INBOXCTRL @ 0x207d52018
CHIP::MEDIA::SVE::AVE.MOTIONESTMCPU_INBOXWRITE @ 0x207d5201c
CHIP::MEDIA::SVE::AVE.MOTIONESTMCPU_INBOXREAD @ 0x207d52020
CHIP::MEDIA::SVE::AVE.MOTIONESTMCPU_OUTBOXCTRL @ 0x207d52024
CHIP::MEDIA::SVE::AVE.MOTIONESTMCPU_OUTBOXWRITE @ 0x207d52028
CHIP::MEDIA::SVE::AVE.MOTIONESTMCPU_OUTBOXREAD @ 0x207d5202c
CHIP::MEDIA::SVE::AVE.MOTIONESTMCPU_TIMER0CTRL @ 0x207d52030
CHIP::MEDIA::SVE::AVE.MOTIONESTMCPU_TIMER0 @ 0x207d52034
CHIP::MEDIA::SVE::AVE.MOTIONESTMCPU_TIMER1CTRL @ 0x207d52038
CHIP::MEDIA::SVE::AVE.MOTIONESTMCPU_TIMER1 @ 0x207d5203c
CHIP::MEDIA::SVE::AVE.MOTIONESTMCPU_FWDMSRC @ 0x207d52040
CHIP::MEDIA::SVE::AVE.MOTIONESTMCPU_FWDMDEST @ 0x207d52044
CHIP::MEDIA::SVE::AVE.MOTIONESTMCPU_FWDMCTRL @ 0x207d52048
CHIP::MEDIA::SVE::AVE.MOTIONESTMCPU_DEBUGMISC @ 0x207d5204c
CHIP::MEDIA::SVE::AVE.MOTIONESTFWDATA_FWDATA @ 0x207d53000
CHIP::MEDIA::SVE::AVE.MOTIONESTMBSRC_MB_IN @ 0x207d54000
CHIP::MEDIA::SVE::AVE.MOTIONESTMBINRESULTS_MBPOS @ 0x207d54100
CHIP::MEDIA::SVE::AVE.MOTIONESTMBINRESULTS_PIXSUM @ 0x207d54104
CHIP::MEDIA::SVE::AVE.MOTIONESTMBINRESULTS_PIXSUM2 @ 0x207d54110
CHIP::MEDIA::SVE::AVE.MOTIONESTMBINRESULTS_GRADIENTH @ 0x207d5411c
CHIP::MEDIA::SVE::AVE.MOTIONESTMBINRESULTS_GRADIENTV @ 0x207d54120
CHIP::MEDIA::SVE::AVE.MOTIONESTMBINRESULTS_GRADIENTHIST @ 0x207d54124
CHIP::MEDIA::SVE::AVE.MOTIONESTCOLODATA_MOTIONVECTOR @ 0x207d55000
CHIP::MEDIA::SVE::AVE.MOTIONESTMDMVPRED_MBPOS @ 0x207d56000
CHIP::MEDIA::SVE::AVE.MOTIONESTMDMVPRED_SKIPMV @ 0x207d56004
CHIP::MEDIA::SVE::AVE.MOTIONESTMDMVPRED_SPATIALDIRECTMV @ 0x207d56008
CHIP::MEDIA::SVE::AVE.MOTIONESTMDMVPRED_MVPRED @ 0x207d56010
CHIP::MEDIA::SVE::AVE.MECONFIGGLOBALS_AVEPIPECONFIG @ 0x207d5a000
CHIP::MEDIA::SVE::AVE.MECONFIGGLOBALS_PICSIZEINMBS @ 0x207d5a004
CHIP::MEDIA::SVE::AVE.MECONFIGGLOBALS_MBPOSINIT @ 0x207d5a008
CHIP::MEDIA::SVE::AVE.MECONFIGGLOBALS_CONTEXTHEIGHT @ 0x207d5a00c
CHIP::MEDIA::SVE::AVE.MECONFIGGLOBALS_SPS @ 0x207d5a010
CHIP::MEDIA::SVE::AVE.MECONFIGGLOBALS_PPS @ 0x207d5a014
CHIP::MEDIA::SVE::AVE.MECONFIGGLOBALS_SLICEHEADER @ 0x207d5a018
CHIP::MEDIA::SVE::AVE.MECONFIGGLOBALS_SKIPDIRECTENABLE @ 0x207d5a01c
CHIP::MEDIA::SVE::AVE.MECONFIGGLOBALS_MEREFIDXMAPPING @ 0x207d5a020
CHIP::MEDIA::SVE::AVE.MECONFIGGLOBALS_WEIGHTEDPREDICTION @ 0x207d5a030
CHIP::MEDIA::SVE::AVE.METOPCONFIG_SOURCEGO @ 0x207d5a080
CHIP::MEDIA::SVE::AVE.METOPCONFIG_UPDATERESULTS @ 0x207d5a084
CHIP::MEDIA::SVE::AVE.METOPCONFIG_DISTSCALEFACTOR @ 0x207d5a088
CHIP::MEDIA::SVE::AVE.METOPCONFIG_MAPCOLTOLIST0 @ 0x207d5a108
CHIP::MEDIA::SVE::AVE.METOPCONFIG_MEIDXMAPPINGL0 @ 0x207d5a188
CHIP::MEDIA::SVE::AVE.METOPCONFIG_MEIDXMAPPINGL1 @ 0x207d5a1c8
CHIP::MEDIA::SVE::AVE.METOPCONFIG_SKIPTHD @ 0x207d5a1cc
CHIP::MEDIA::SVE::AVE.METOPCONFIG_MEBYPASSTHD @ 0x207d5a1d0
CHIP::MEDIA::SVE::AVE.METOPCONFIG_MBFIFOPUSH @ 0x207d5a1d4
CHIP::MEDIA::SVE::AVE.METOPCONFIG_MBFIFOPOP @ 0x207d5a1d8
CHIP::MEDIA::SVE::AVE.METOPCONFIG_MBFIFOREADY @ 0x207d5a1dc
CHIP::MEDIA::SVE::AVE.METOPCONFIG_CLOCKGATEENABLE @ 0x207d5a1e0
CHIP::MEDIA::SVE::AVE.METOPCONFIG_CREDITCOUNT @ 0x207d5a1e4
CHIP::MEDIA::SVE::AVE.METOPCONFIG_SPARE @ 0x207d5a1e8
CHIP::MEDIA::SVE::AVE.MEREFCONFIG_CONFIGURATION @ 0x207d5b000
CHIP::MEDIA::SVE::AVE.MEREFCONFIG_WEIGHTEDPREDICTIONINV @ 0x207d5b004
CHIP::MEDIA::SVE::AVE.MEREFCONFIG_MVCANDIDATES @ 0x207d5b008
CHIP::MEDIA::SVE::AVE.MEREFCONFIG_LOWRESLAMBDA @ 0x207d5b028
CHIP::MEDIA::SVE::AVE.MEREFCONFIG_FULLPELLAMBDA @ 0x207d5b02c
CHIP::MEDIA::SVE::AVE.MEREFCONFIG_SUBPELLAMBDA @ 0x207d5b038
CHIP::MEDIA::SVE::AVE.MEREFCONFIG_CREDITCOUNT @ 0x207d5b04c
CHIP::MEDIA::SVE::AVE.MEREFCONFIG_SPARE @ 0x207d5b050
CHIP::MEDIA::SVE::AVE.MOTIONESTM3CPUDWT_DUMMY @ 0x207d5c000
CHIP::MEDIA::SVE::AVE.MOTIONESTM3CPUFPB_DUMMY @ 0x207d5d000
CHIP::MEDIA::SVE::AVE.MOTIONESTM3CPUSCS_DUMMY @ 0x207d5e000
CHIP::MEDIA::SVE::AVE.MODEDECISIONIMEM_IMEM @ 0x207d60000
CHIP::MEDIA::SVE::AVE.MODEDECISIONDMEM_DMEM @ 0x207d61000
CHIP::MEDIA::SVE::AVE.MODEDECISIONMCPU_VERSION @ 0x207d62000
CHIP::MEDIA::SVE::AVE.MODEDECISIONMCPU_MCPUID @ 0x207d62004
CHIP::MEDIA::SVE::AVE.MODEDECISIONMCPU_CTRL @ 0x207d62008
CHIP::MEDIA::SVE::AVE.MODEDECISIONMCPU_MCPUIRQEN @ 0x207d6200c
CHIP::MEDIA::SVE::AVE.MODEDECISIONMCPU_KFIRQEN @ 0x207d62010
CHIP::MEDIA::SVE::AVE.MODEDECISIONMCPU_MCPUIRQ @ 0x207d62014
CHIP::MEDIA::SVE::AVE.MODEDECISIONMCPU_INBOXCTRL @ 0x207d62018
CHIP::MEDIA::SVE::AVE.MODEDECISIONMCPU_INBOXWRITE @ 0x207d6201c
CHIP::MEDIA::SVE::AVE.MODEDECISIONMCPU_INBOXREAD @ 0x207d62020
CHIP::MEDIA::SVE::AVE.MODEDECISIONMCPU_OUTBOXCTRL @ 0x207d62024
CHIP::MEDIA::SVE::AVE.MODEDECISIONMCPU_OUTBOXWRITE @ 0x207d62028
CHIP::MEDIA::SVE::AVE.MODEDECISIONMCPU_OUTBOXREAD @ 0x207d6202c
CHIP::MEDIA::SVE::AVE.MODEDECISIONMCPU_TIMER0CTRL @ 0x207d62030
CHIP::MEDIA::SVE::AVE.MODEDECISIONMCPU_TIMER0 @ 0x207d62034
CHIP::MEDIA::SVE::AVE.MODEDECISIONMCPU_TIMER1CTRL @ 0x207d62038
CHIP::MEDIA::SVE::AVE.MODEDECISIONMCPU_TIMER1 @ 0x207d6203c
CHIP::MEDIA::SVE::AVE.MODEDECISIONMCPU_FWDMSRC @ 0x207d62040
CHIP::MEDIA::SVE::AVE.MODEDECISIONMCPU_FWDMDEST @ 0x207d62044
CHIP::MEDIA::SVE::AVE.MODEDECISIONMCPU_FWDMCTRL @ 0x207d62048
CHIP::MEDIA::SVE::AVE.MODEDECISIONMCPU_DEBUGMISC @ 0x207d6204c
CHIP::MEDIA::SVE::AVE.MODEDECISIONFWDATA_FWDATA @ 0x207d63000
CHIP::MEDIA::SVE::AVE.MODEDECISIONMBSRC_MB_IN @ 0x207d64000
CHIP::MEDIA::SVE::AVE.MODEDECISIONNEIGHBORDATA_MBPOS @ 0x207d64300
CHIP::MEDIA::SVE::AVE.MODEDECISIONNEIGHBORDATA_BESTMODE @ 0x207d64304
CHIP::MEDIA::SVE::AVE.MODEDECISIONNEIGHBORDATA_QUANTIZATIONPARAMETER @ 0x207d64308
CHIP::MEDIA::SVE::AVE.MODEDECISIONNEIGHBORDATA_INTRAPREDMODE @ 0x207d6430c
CHIP::MEDIA::SVE::AVE.MODEDECISIONNEIGHBORDATA_MOTIONVECTOR @ 0x207d64310
CHIP::MEDIA::SVE::AVE.MODEDECISIONNEIGHBORDATA_TOTALCOEFF @ 0x207d64330
CHIP::MEDIA::SVE::AVE.MODEDECISIONNEIGHBORDATA_CODEDBLOCK4X4LUMA @ 0x207d6433c
CHIP::MEDIA::SVE::AVE.MODEDECISIONNEIGHBORDATA_RECONPIXELS @ 0x207d64340
CHIP::MEDIA::SVE::AVE.MODEDECISIONNEIGHBORDATA_DEBLOCKPIXELS @ 0x207d64370
CHIP::MEDIA::SVE::AVE.MODEDECISIONIERESULTS_MBPOS @ 0x207d64430
CHIP::MEDIA::SVE::AVE.MODEDECISIONIERESULTS_BESTMODE @ 0x207d64434
CHIP::MEDIA::SVE::AVE.MODEDECISIONIERESULTS_INTRAPREDMODE0 @ 0x207d64438
CHIP::MEDIA::SVE::AVE.MODEDECISIONIERESULTS_INTRAPREDMODE1 @ 0x207d6443c
CHIP::MEDIA::SVE::AVE.MODEDECISIONIERESULTS_INTRAPREDMODE2 @ 0x207d64440
CHIP::MEDIA::SVE::AVE.MODEDECISIONIERESULTS_INTRAPREDSYNTAX0 @ 0x207d64444
CHIP::MEDIA::SVE::AVE.MODEDECISIONIERESULTS_INTRAPREDSYNTAX1 @ 0x207d64448
CHIP::MEDIA::SVE::AVE.MODEDECISIONIERESULTS_INTRAPREDSYNTAX2 @ 0x207d6444c
CHIP::MEDIA::SVE::AVE.MODEDECISIONIERESULTS_INTRA4X4RESULTS @ 0x207d64450
CHIP::MEDIA::SVE::AVE.MODEDECISIONIERESULTS_INTRA8X8RESULTS @ 0x207d64454
CHIP::MEDIA::SVE::AVE.MODEDECISIONIERESULTS_INTRA16X16RESULTS @ 0x207d64458
CHIP::MEDIA::SVE::AVE.MODEDECISIONDMRESULTS_MBRESULTS @ 0x207d65000
CHIP::MEDIA::SVE::AVE.MODEDECISIONDMRESULTS_SATDRESULT8X8 @ 0x207d65004
CHIP::MEDIA::SVE::AVE.MODEDECISIONDMRESULTS_SKIPMVD @ 0x207d6500c
CHIP::MEDIA::SVE::AVE.MODEDECISIONDMRESULTS_MVRESULT4X4 @ 0x207d65010
CHIP::MEDIA::SVE::AVE.MODEDECISIONMERESULT_MVRESULT4X4 @ 0x207d66000
CHIP::MEDIA::SVE::AVE.MODEDECISIONMERESULT_SATDRESULT4X4 @ 0x207d66040
CHIP::MEDIA::SVE::AVE.MODEDECISIONMERESULT_MVRESULT4X8 @ 0x207d66060
CHIP::MEDIA::SVE::AVE.MODEDECISIONMERESULT_SATDRESULT4X8 @ 0x207d66080
CHIP::MEDIA::SVE::AVE.MODEDECISIONMERESULT_MVRESULT8X4 @ 0x207d66090
CHIP::MEDIA::SVE::AVE.MODEDECISIONMERESULT_SATDRESULT8X4 @ 0x207d660b0
CHIP::MEDIA::SVE::AVE.MODEDECISIONMERESULT_MVRESULT8X8 @ 0x207d660c0
CHIP::MEDIA::SVE::AVE.MODEDECISIONMERESULT_SATDRESULT8X8 @ 0x207d660d0
CHIP::MEDIA::SVE::AVE.MODEDECISIONMERESULT_MVRESULT8X16 @ 0x207d660d8
CHIP::MEDIA::SVE::AVE.MODEDECISIONMERESULT_SATDRESULT8X16 @ 0x207d660e0
CHIP::MEDIA::SVE::AVE.MODEDECISIONMERESULT_MVRESULT16X8 @ 0x207d660e4
CHIP::MEDIA::SVE::AVE.MODEDECISIONMERESULT_SATDRESULT16X8 @ 0x207d660ec
CHIP::MEDIA::SVE::AVE.MODEDECISIONMERESULT_MVRESULT16X16 @ 0x207d660f0
CHIP::MEDIA::SVE::AVE.MODEDECISIONMERESULT_SATDRESULT16X16 @ 0x207d660f4
CHIP::MEDIA::SVE::AVE.MODEDECISIONCONFIGGLOBALS_AVEPIPECONFIG @ 0x207d6a000
CHIP::MEDIA::SVE::AVE.MODEDECISIONCONFIGGLOBALS_PICSIZEINMBS @ 0x207d6a004
CHIP::MEDIA::SVE::AVE.MODEDECISIONCONFIGGLOBALS_MBPOSINIT @ 0x207d6a008
CHIP::MEDIA::SVE::AVE.MODEDECISIONCONFIGGLOBALS_CONTEXTHEIGHT @ 0x207d6a00c
CHIP::MEDIA::SVE::AVE.MODEDECISIONCONFIGGLOBALS_SPS @ 0x207d6a010
CHIP::MEDIA::SVE::AVE.MODEDECISIONCONFIGGLOBALS_PPS @ 0x207d6a014
CHIP::MEDIA::SVE::AVE.MODEDECISIONCONFIGGLOBALS_SLICEHEADER @ 0x207d6a018
CHIP::MEDIA::SVE::AVE.MODEDECISIONCONFIGGLOBALS_SKIPDIRECTENABLE @ 0x207d6a01c
CHIP::MEDIA::SVE::AVE.MODEDECISIONCONFIGGLOBALS_MEREFIDXMAPPING @ 0x207d6a020
CHIP::MEDIA::SVE::AVE.MODEDECISIONCONFIGGLOBALS_WEIGHTEDPREDICTION @ 0x207d6a030
CHIP::MEDIA::SVE::AVE.MODEDECISIONCONFIG_SOURCEGO @ 0x207d6a080
CHIP::MEDIA::SVE::AVE.MODEDECISIONCONFIG_UPDATERESULTS @ 0x207d6a084
CHIP::MEDIA::SVE::AVE.MODEDECISIONCONFIG_MESSDSCALING @ 0x207d6a088
CHIP::MEDIA::SVE::AVE.MODEDECISIONCONFIG_MESATDSCALING @ 0x207d6a08c
CHIP::MEDIA::SVE::AVE.MODEDECISIONCONFIG_LAMBDA @ 0x207d6a09c
CHIP::MEDIA::SVE::AVE.MODEDECISIONCONFIG_OFFSETSCALE @ 0x207d6a0a4
CHIP::MEDIA::SVE::AVE.MODEDECISIONCONFIG_MBFIFOPUSH @ 0x207d6a108
CHIP::MEDIA::SVE::AVE.MODEDECISIONCONFIG_MBFIFOPOP @ 0x207d6a10c
CHIP::MEDIA::SVE::AVE.MODEDECISIONCONFIG_MBFIFOREADY @ 0x207d6a110
CHIP::MEDIA::SVE::AVE.MODEDECISIONCONFIG_CLOCKGATEENABLE @ 0x207d6a114
CHIP::MEDIA::SVE::AVE.MODEDECISIONCONFIG_CREDITCOUNT @ 0x207d6a118
CHIP::MEDIA::SVE::AVE.MODEDECISIONCONFIG_SPARE @ 0x207d6a11c
CHIP::MEDIA::SVE::AVE.MODEDECISIONRESULTS_MBPOS @ 0x207d6b000
CHIP::MEDIA::SVE::AVE.MODEDECISIONRESULTS_BESTMODE @ 0x207d6b004
CHIP::MEDIA::SVE::AVE.MODEDECISIONRESULTS_INTRAPREDMODE0 @ 0x207d6b008
CHIP::MEDIA::SVE::AVE.MODEDECISIONRESULTS_INTRAPREDMODE1 @ 0x207d6b00c
CHIP::MEDIA::SVE::AVE.MODEDECISIONRESULTS_INTRAPREDMODE2 @ 0x207d6b010
CHIP::MEDIA::SVE::AVE.MODEDECISIONRESULTS_INTRAPREDSYNTAX0 @ 0x207d6b014
CHIP::MEDIA::SVE::AVE.MODEDECISIONRESULTS_INTRAPREDSYNTAX1 @ 0x207d6b018
CHIP::MEDIA::SVE::AVE.MODEDECISIONRESULTS_INTRAPREDSYNTAX2 @ 0x207d6b01c
CHIP::MEDIA::SVE::AVE.MODEDECISIONRESULTS_INTRA4X4RESULTS @ 0x207d6b020
CHIP::MEDIA::SVE::AVE.MODEDECISIONRESULTS_INTRA8X8RESULTS @ 0x207d6b024
CHIP::MEDIA::SVE::AVE.MODEDECISIONRESULTS_INTRA16X16RESULTS @ 0x207d6b028
CHIP::MEDIA::SVE::AVE.MODEDECISIONRESULTS_SUBMBTYPE @ 0x207d6b02c
CHIP::MEDIA::SVE::AVE.MODEDECISIONRESULTS_MOTIONVECTOR @ 0x207d6b030
CHIP::MEDIA::SVE::AVE.MODEDECISIONRESULTS_MOTIONVECTORDIFFERENCE @ 0x207d6b0b0
CHIP::MEDIA::SVE::AVE.MODEDECISIONRESULTS_SKIPMOTIONVECTOR @ 0x207d6b130
CHIP::MEDIA::SVE::AVE.MODEDECISIONRESULTS_BESTINTRARESULT @ 0x207d6b134
CHIP::MEDIA::SVE::AVE.MODEDECISIONRESULTS_BESTINTERRESULT @ 0x207d6b138
CHIP::MEDIA::SVE::AVE.MODEDECISIONRESULTS_SKIPMOTIONVECTORDIFFERENCE @ 0x207d6b13c
CHIP::MEDIA::SVE::AVE.MODEDECISIONM3CPUDWT_DUMMY @ 0x207d6c000
CHIP::MEDIA::SVE::AVE.MODEDECISIONM3CPUFPB_DUMMY @ 0x207d6d000
CHIP::MEDIA::SVE::AVE.MODEDECISIONM3CPUSCS_DUMMY @ 0x207d6e000
CHIP::MEDIA::SVE::AVE.MOTIONCOMPLMBSRC_MB_IN @ 0x207d70000
CHIP::MEDIA::SVE::AVE.MOTIONCOMPLNEIGHBORDATA_MBPOS @ 0x207d70300
CHIP::MEDIA::SVE::AVE.MOTIONCOMPLNEIGHBORDATA_BESTMODE @ 0x207d70304
CHIP::MEDIA::SVE::AVE.MOTIONCOMPLNEIGHBORDATA_QUANTIZATIONPARAMETER @ 0x207d70308
CHIP::MEDIA::SVE::AVE.MOTIONCOMPLNEIGHBORDATA_INTRAPREDMODE @ 0x207d7030c
CHIP::MEDIA::SVE::AVE.MOTIONCOMPLNEIGHBORDATA_MOTIONVECTOR @ 0x207d70310
CHIP::MEDIA::SVE::AVE.MOTIONCOMPLNEIGHBORDATA_TOTALCOEFF @ 0x207d70330
CHIP::MEDIA::SVE::AVE.MOTIONCOMPLNEIGHBORDATA_CODEDBLOCK4X4LUMA @ 0x207d7033c
CHIP::MEDIA::SVE::AVE.MOTIONCOMPLNEIGHBORDATA_RECONPIXELS @ 0x207d70340
CHIP::MEDIA::SVE::AVE.MOTIONCOMPLNEIGHBORDATA_DEBLOCKPIXELS @ 0x207d70370
CHIP::MEDIA::SVE::AVE.MOTIONCOMPLMDRESULTS_MBPOS @ 0x207d70430
CHIP::MEDIA::SVE::AVE.MOTIONCOMPLMDRESULTS_BESTMODE @ 0x207d70434
CHIP::MEDIA::SVE::AVE.MOTIONCOMPLMDRESULTS_INTRAPREDMODE0 @ 0x207d70438
CHIP::MEDIA::SVE::AVE.MOTIONCOMPLMDRESULTS_INTRAPREDMODE1 @ 0x207d7043c
CHIP::MEDIA::SVE::AVE.MOTIONCOMPLMDRESULTS_INTRAPREDMODE2 @ 0x207d70440
CHIP::MEDIA::SVE::AVE.MOTIONCOMPLMDRESULTS_INTRAPREDSYNTAX0 @ 0x207d70444
CHIP::MEDIA::SVE::AVE.MOTIONCOMPLMDRESULTS_INTRAPREDSYNTAX1 @ 0x207d70448
CHIP::MEDIA::SVE::AVE.MOTIONCOMPLMDRESULTS_INTRAPREDSYNTAX2 @ 0x207d7044c
CHIP::MEDIA::SVE::AVE.MOTIONCOMPLMDRESULTS_INTRA4X4RESULTS @ 0x207d70450
CHIP::MEDIA::SVE::AVE.MOTIONCOMPLMDRESULTS_INTRA8X8RESULTS @ 0x207d70454
CHIP::MEDIA::SVE::AVE.MOTIONCOMPLMDRESULTS_INTRA16X16RESULTS @ 0x207d70458
CHIP::MEDIA::SVE::AVE.MOTIONCOMPLMDRESULTS_SUBMBTYPE @ 0x207d7045c
CHIP::MEDIA::SVE::AVE.MOTIONCOMPLMDRESULTS_MOTIONVECTOR @ 0x207d70460
CHIP::MEDIA::SVE::AVE.MOTIONCOMPLMDRESULTS_MOTIONVECTORDIFFERENCE @ 0x207d704e0
CHIP::MEDIA::SVE::AVE.MOTIONCOMPLMDRESULTS_SKIPMOTIONVECTOR @ 0x207d70560
CHIP::MEDIA::SVE::AVE.MOTIONCOMPLMDRESULTS_BESTINTRARESULT @ 0x207d70564
CHIP::MEDIA::SVE::AVE.MOTIONCOMPLMDRESULTS_BESTINTERRESULT @ 0x207d70568
CHIP::MEDIA::SVE::AVE.MOTIONCOMPLMDRESULTS_SKIPMOTIONVECTORDIFFERENCE @ 0x207d7056c
CHIP::MEDIA::SVE::AVE.MOTIONCOMPLCONFIGGLOBALS_AVEPIPECONFIG @ 0x207d7a000
CHIP::MEDIA::SVE::AVE.MOTIONCOMPLCONFIGGLOBALS_PICSIZEINMBS @ 0x207d7a004
CHIP::MEDIA::SVE::AVE.MOTIONCOMPLCONFIGGLOBALS_MBPOSINIT @ 0x207d7a008
CHIP::MEDIA::SVE::AVE.MOTIONCOMPLCONFIGGLOBALS_CONTEXTHEIGHT @ 0x207d7a00c
CHIP::MEDIA::SVE::AVE.MOTIONCOMPLCONFIGGLOBALS_SPS @ 0x207d7a010
CHIP::MEDIA::SVE::AVE.MOTIONCOMPLCONFIGGLOBALS_PPS @ 0x207d7a014
CHIP::MEDIA::SVE::AVE.MOTIONCOMPLCONFIGGLOBALS_SLICEHEADER @ 0x207d7a018
CHIP::MEDIA::SVE::AVE.MOTIONCOMPLCONFIGGLOBALS_SKIPDIRECTENABLE @ 0x207d7a01c
CHIP::MEDIA::SVE::AVE.MOTIONCOMPLCONFIGGLOBALS_MEREFIDXMAPPING @ 0x207d7a020
CHIP::MEDIA::SVE::AVE.MOTIONCOMPLCONFIGGLOBALS_WEIGHTEDPREDICTION @ 0x207d7a030
CHIP::MEDIA::SVE::AVE.MOTIONCOMPLCONFIG_SOURCEGO @ 0x207d7a080
CHIP::MEDIA::SVE::AVE.MOTIONCOMPLCONFIG_PUIRQEN @ 0x207d7a084
CHIP::MEDIA::SVE::AVE.MOTIONCOMPLCONFIG_PUIRQ @ 0x207d7a088
CHIP::MEDIA::SVE::AVE.MOTIONCOMPLCONFIG_MBFIFOPUSH @ 0x207d7a08c
CHIP::MEDIA::SVE::AVE.MOTIONCOMPLCONFIG_MBFIFOPOP @ 0x207d7a090
CHIP::MEDIA::SVE::AVE.MOTIONCOMPLCONFIG_MBFIFOREADY @ 0x207d7a094
CHIP::MEDIA::SVE::AVE.MOTIONCOMPLCONFIG_CLOCKGATEENABLE @ 0x207d7a098
CHIP::MEDIA::SVE::AVE.MOTIONCOMPLCONFIG_CREDITCOUNT @ 0x207d7a09c
CHIP::MEDIA::SVE::AVE.MOTIONCOMPLCONFIG_SPARE @ 0x207d7a0a0
CHIP::MEDIA::SVE::AVE.RECONLIMEM_IMEM @ 0x207d80000
CHIP::MEDIA::SVE::AVE.RECONLDMEM_DMEM @ 0x207d81000
CHIP::MEDIA::SVE::AVE.RECONLMCPU_VERSION @ 0x207d82000
CHIP::MEDIA::SVE::AVE.RECONLMCPU_MCPUID @ 0x207d82004
CHIP::MEDIA::SVE::AVE.RECONLMCPU_CTRL @ 0x207d82008
CHIP::MEDIA::SVE::AVE.RECONLMCPU_MCPUIRQEN @ 0x207d8200c
CHIP::MEDIA::SVE::AVE.RECONLMCPU_KFIRQEN @ 0x207d82010
CHIP::MEDIA::SVE::AVE.RECONLMCPU_MCPUIRQ @ 0x207d82014
CHIP::MEDIA::SVE::AVE.RECONLMCPU_INBOXCTRL @ 0x207d82018
CHIP::MEDIA::SVE::AVE.RECONLMCPU_INBOXWRITE @ 0x207d8201c
CHIP::MEDIA::SVE::AVE.RECONLMCPU_INBOXREAD @ 0x207d82020
CHIP::MEDIA::SVE::AVE.RECONLMCPU_OUTBOXCTRL @ 0x207d82024
CHIP::MEDIA::SVE::AVE.RECONLMCPU_OUTBOXWRITE @ 0x207d82028
CHIP::MEDIA::SVE::AVE.RECONLMCPU_OUTBOXREAD @ 0x207d8202c
CHIP::MEDIA::SVE::AVE.RECONLMCPU_TIMER0CTRL @ 0x207d82030
CHIP::MEDIA::SVE::AVE.RECONLMCPU_TIMER0 @ 0x207d82034
CHIP::MEDIA::SVE::AVE.RECONLMCPU_TIMER1CTRL @ 0x207d82038
CHIP::MEDIA::SVE::AVE.RECONLMCPU_TIMER1 @ 0x207d8203c
CHIP::MEDIA::SVE::AVE.RECONLMCPU_FWDMSRC @ 0x207d82040
CHIP::MEDIA::SVE::AVE.RECONLMCPU_FWDMDEST @ 0x207d82044
CHIP::MEDIA::SVE::AVE.RECONLMCPU_FWDMCTRL @ 0x207d82048
CHIP::MEDIA::SVE::AVE.RECONLMCPU_DEBUGMISC @ 0x207d8204c
CHIP::MEDIA::SVE::AVE.RECONLFWDATA_FWDATA @ 0x207d83000
CHIP::MEDIA::SVE::AVE.RECONLMBSRC_MB_IN @ 0x207d84000
CHIP::MEDIA::SVE::AVE.RECONLNEIGHBORDATA_MBPOS @ 0x207d84300
CHIP::MEDIA::SVE::AVE.RECONLNEIGHBORDATA_BESTMODE @ 0x207d84304
CHIP::MEDIA::SVE::AVE.RECONLNEIGHBORDATA_QUANTIZATIONPARAMETER @ 0x207d84308
CHIP::MEDIA::SVE::AVE.RECONLNEIGHBORDATA_INTRAPREDMODE @ 0x207d8430c
CHIP::MEDIA::SVE::AVE.RECONLNEIGHBORDATA_MOTIONVECTOR @ 0x207d84310
CHIP::MEDIA::SVE::AVE.RECONLNEIGHBORDATA_TOTALCOEFF @ 0x207d84330
CHIP::MEDIA::SVE::AVE.RECONLNEIGHBORDATA_CODEDBLOCK4X4LUMA @ 0x207d8433c
CHIP::MEDIA::SVE::AVE.RECONLNEIGHBORDATA_RECONPIXELS @ 0x207d84340
CHIP::MEDIA::SVE::AVE.RECONLNEIGHBORDATA_DEBLOCKPIXELS @ 0x207d84370
CHIP::MEDIA::SVE::AVE.RECONLMDRESULTS_MBPOS @ 0x207d84430
CHIP::MEDIA::SVE::AVE.RECONLMDRESULTS_BESTMODE @ 0x207d84434
CHIP::MEDIA::SVE::AVE.RECONLMDRESULTS_INTRAPREDMODE0 @ 0x207d84438
CHIP::MEDIA::SVE::AVE.RECONLMDRESULTS_INTRAPREDMODE1 @ 0x207d8443c
CHIP::MEDIA::SVE::AVE.RECONLMDRESULTS_INTRAPREDMODE2 @ 0x207d84440
CHIP::MEDIA::SVE::AVE.RECONLMDRESULTS_INTRAPREDSYNTAX0 @ 0x207d84444
CHIP::MEDIA::SVE::AVE.RECONLMDRESULTS_INTRAPREDSYNTAX1 @ 0x207d84448
CHIP::MEDIA::SVE::AVE.RECONLMDRESULTS_INTRAPREDSYNTAX2 @ 0x207d8444c
CHIP::MEDIA::SVE::AVE.RECONLMDRESULTS_INTRA4X4RESULTS @ 0x207d84450
CHIP::MEDIA::SVE::AVE.RECONLMDRESULTS_INTRA8X8RESULTS @ 0x207d84454
CHIP::MEDIA::SVE::AVE.RECONLMDRESULTS_INTRA16X16RESULTS @ 0x207d84458
CHIP::MEDIA::SVE::AVE.RECONLMDRESULTS_SUBMBTYPE @ 0x207d8445c
CHIP::MEDIA::SVE::AVE.RECONLMDRESULTS_MOTIONVECTOR @ 0x207d84460
CHIP::MEDIA::SVE::AVE.RECONLMDRESULTS_MOTIONVECTORDIFFERENCE @ 0x207d844e0
CHIP::MEDIA::SVE::AVE.RECONLMDRESULTS_SKIPMOTIONVECTOR @ 0x207d84560
CHIP::MEDIA::SVE::AVE.RECONLMDRESULTS_BESTINTRARESULT @ 0x207d84564
CHIP::MEDIA::SVE::AVE.RECONLMDRESULTS_BESTINTERRESULT @ 0x207d84568
CHIP::MEDIA::SVE::AVE.RECONLMDRESULTS_SKIPMOTIONVECTORDIFFERENCE @ 0x207d8456c
CHIP::MEDIA::SVE::AVE.RECONLMBPREDL_MB_REF_L @ 0x207d84580
CHIP::MEDIA::SVE::AVE.RECONLCONFIGGLOBALS_AVEPIPECONFIG @ 0x207d8a000
CHIP::MEDIA::SVE::AVE.RECONLCONFIGGLOBALS_PICSIZEINMBS @ 0x207d8a004
CHIP::MEDIA::SVE::AVE.RECONLCONFIGGLOBALS_MBPOSINIT @ 0x207d8a008
CHIP::MEDIA::SVE::AVE.RECONLCONFIGGLOBALS_CONTEXTHEIGHT @ 0x207d8a00c
CHIP::MEDIA::SVE::AVE.RECONLCONFIGGLOBALS_SPS @ 0x207d8a010
CHIP::MEDIA::SVE::AVE.RECONLCONFIGGLOBALS_PPS @ 0x207d8a014
CHIP::MEDIA::SVE::AVE.RECONLCONFIGGLOBALS_SLICEHEADER @ 0x207d8a018
CHIP::MEDIA::SVE::AVE.RECONLCONFIGGLOBALS_SKIPDIRECTENABLE @ 0x207d8a01c
CHIP::MEDIA::SVE::AVE.RECONLCONFIGGLOBALS_MEREFIDXMAPPING @ 0x207d8a020
CHIP::MEDIA::SVE::AVE.RECONLCONFIGGLOBALS_WEIGHTEDPREDICTION @ 0x207d8a030
CHIP::MEDIA::SVE::AVE.RECONLCONFIG_SOURCEGO @ 0x207d8a080
CHIP::MEDIA::SVE::AVE.RECONLCONFIG_UPDATERESULTS @ 0x207d8a084
CHIP::MEDIA::SVE::AVE.RECONLCONFIG_TRANSFORMSIZE @ 0x207d8a088
CHIP::MEDIA::SVE::AVE.RECONLCONFIG_SKIPMODE @ 0x207d8a08c
CHIP::MEDIA::SVE::AVE.RECONLCONFIG_QP @ 0x207d8a090
CHIP::MEDIA::SVE::AVE.RECONLCONFIG_LAMBDA @ 0x207d8a094
CHIP::MEDIA::SVE::AVE.RECONLCONFIG_OFFSETSCALE @ 0x207d8a098
CHIP::MEDIA::SVE::AVE.RECONLCONFIG_SCALINGLIST4X4 @ 0x207d8a0a0
CHIP::MEDIA::SVE::AVE.RECONLCONFIG_SCALINGLIST8X8 @ 0x207d8a120
CHIP::MEDIA::SVE::AVE.RECONLCONFIG_LUMARO4X4 @ 0x207d8a320
CHIP::MEDIA::SVE::AVE.RECONLCONFIG_LUMARO8X8 @ 0x207d8a328
CHIP::MEDIA::SVE::AVE.RECONLCONFIG_LUMARO16X16 @ 0x207d8a330
CHIP::MEDIA::SVE::AVE.RECONLCONFIG_COEFFCANCEL4X4 @ 0x207d8a334
CHIP::MEDIA::SVE::AVE.RECONLCONFIG_COEFFCANCEL8X8 @ 0x207d8a340
CHIP::MEDIA::SVE::AVE.RECONLCONFIG_COEFFCOST4X4 @ 0x207d8a34c
CHIP::MEDIA::SVE::AVE.RECONLCONFIG_COEFFCOST8X8 @ 0x207d8a38c
CHIP::MEDIA::SVE::AVE.RECONLCONFIG_MBFIFOPUSH @ 0x207d8a48c
CHIP::MEDIA::SVE::AVE.RECONLCONFIG_MBFIFOPOP @ 0x207d8a490
CHIP::MEDIA::SVE::AVE.RECONLCONFIG_MBFIFOREADY @ 0x207d8a494
CHIP::MEDIA::SVE::AVE.RECONLCONFIG_CLOCKGATEENABLE @ 0x207d8a498
CHIP::MEDIA::SVE::AVE.RECONLCONFIG_CREDITCOUNT @ 0x207d8a49c
CHIP::MEDIA::SVE::AVE.RECONLCONFIG_SPARE @ 0x207d8a4a0
CHIP::MEDIA::SVE::AVE.RECONLRESULTS_MBPOS @ 0x207d8b000
CHIP::MEDIA::SVE::AVE.RECONLRESULTS_BESTMODE @ 0x207d8b004
CHIP::MEDIA::SVE::AVE.RECONLRESULTS_INTRAPREDMODE0 @ 0x207d8b008
CHIP::MEDIA::SVE::AVE.RECONLRESULTS_INTRAPREDMODE1 @ 0x207d8b00c
CHIP::MEDIA::SVE::AVE.RECONLRESULTS_INTRAPREDMODE2 @ 0x207d8b010
CHIP::MEDIA::SVE::AVE.RECONLRESULTS_INTRAPREDSYNTAX0 @ 0x207d8b014
CHIP::MEDIA::SVE::AVE.RECONLRESULTS_INTRAPREDSYNTAX1 @ 0x207d8b018
CHIP::MEDIA::SVE::AVE.RECONLRESULTS_INTRAPREDSYNTAX2 @ 0x207d8b01c
CHIP::MEDIA::SVE::AVE.RECONLRESULTS_INTRA4X4RESULTS @ 0x207d8b020
CHIP::MEDIA::SVE::AVE.RECONLRESULTS_INTRA8X8RESULTS @ 0x207d8b024
CHIP::MEDIA::SVE::AVE.RECONLRESULTS_INTRA16X16RESULTS @ 0x207d8b028
CHIP::MEDIA::SVE::AVE.RECONLRESULTS_SUBMBTYPE @ 0x207d8b02c
CHIP::MEDIA::SVE::AVE.RECONLRESULTS_MOTIONVECTOR @ 0x207d8b030
CHIP::MEDIA::SVE::AVE.RECONLRESULTS_MOTIONVECTORDIFFERENCE @ 0x207d8b0b0
CHIP::MEDIA::SVE::AVE.RECONLRESULTS_SKIPMOTIONVECTOR @ 0x207d8b130
CHIP::MEDIA::SVE::AVE.RECONLRESULTS_BESTINTRARESULT @ 0x207d8b134
CHIP::MEDIA::SVE::AVE.RECONLRESULTS_BESTINTERRESULT @ 0x207d8b138
CHIP::MEDIA::SVE::AVE.RECONLRESULTS_QUANTIZATIONPARAMETER @ 0x207d8b13c
CHIP::MEDIA::SVE::AVE.RECONLRESULTS_CODEDBLOCKPATTERN @ 0x207d8b140
CHIP::MEDIA::SVE::AVE.RECONLRESULTS_CODEDBLOCK4X4LUMA @ 0x207d8b144
CHIP::MEDIA::SVE::AVE.RECONLRESULTS_SSDLUMA @ 0x207d8b148
CHIP::MEDIA::SVE::AVE.RECONLUMAM3CPUDWT_DUMMY @ 0x207d8c000
CHIP::MEDIA::SVE::AVE.RECONLUMAM3CPUFPB_DUMMY @ 0x207d8d000
CHIP::MEDIA::SVE::AVE.RECONLUMAM3CPUSCS_DUMMY @ 0x207d8e000
CHIP::MEDIA::SVE::AVE.MOTIONCOMPCMBSRCC_MB_IN @ 0x207d90000
CHIP::MEDIA::SVE::AVE.MOTIONCOMPCNEIGHBORDATA_MBPOS @ 0x207d90200
CHIP::MEDIA::SVE::AVE.MOTIONCOMPCNEIGHBORDATA_BESTMODE @ 0x207d90204
CHIP::MEDIA::SVE::AVE.MOTIONCOMPCNEIGHBORDATA_QUANTIZATIONPARAMETER @ 0x207d90208
CHIP::MEDIA::SVE::AVE.MOTIONCOMPCNEIGHBORDATA_INTRAPREDMODE @ 0x207d9020c
CHIP::MEDIA::SVE::AVE.MOTIONCOMPCNEIGHBORDATA_MOTIONVECTOR @ 0x207d90210
CHIP::MEDIA::SVE::AVE.MOTIONCOMPCNEIGHBORDATA_TOTALCOEFF @ 0x207d90230
CHIP::MEDIA::SVE::AVE.MOTIONCOMPCNEIGHBORDATA_CODEDBLOCK4X4LUMA @ 0x207d9023c
CHIP::MEDIA::SVE::AVE.MOTIONCOMPCNEIGHBORDATA_RECONPIXELS @ 0x207d90240
CHIP::MEDIA::SVE::AVE.MOTIONCOMPCNEIGHBORDATA_DEBLOCKPIXELS @ 0x207d90270
CHIP::MEDIA::SVE::AVE.MOTIONCOMPCMBRECONL_MB_IN @ 0x207d90330
CHIP::MEDIA::SVE::AVE.MOTIONCOMPCMBCOEFFL_MB_COEFF @ 0x207d90430
CHIP::MEDIA::SVE::AVE.MOTIONCOMPCRECONLRESULTS_MBPOS @ 0x207d90630
CHIP::MEDIA::SVE::AVE.MOTIONCOMPCRECONLRESULTS_BESTMODE @ 0x207d90634
CHIP::MEDIA::SVE::AVE.MOTIONCOMPCRECONLRESULTS_INTRAPREDMODE0 @ 0x207d90638
CHIP::MEDIA::SVE::AVE.MOTIONCOMPCRECONLRESULTS_INTRAPREDMODE1 @ 0x207d9063c
CHIP::MEDIA::SVE::AVE.MOTIONCOMPCRECONLRESULTS_INTRAPREDMODE2 @ 0x207d90640
CHIP::MEDIA::SVE::AVE.MOTIONCOMPCRECONLRESULTS_INTRAPREDSYNTAX0 @ 0x207d90644
CHIP::MEDIA::SVE::AVE.MOTIONCOMPCRECONLRESULTS_INTRAPREDSYNTAX1 @ 0x207d90648
CHIP::MEDIA::SVE::AVE.MOTIONCOMPCRECONLRESULTS_INTRAPREDSYNTAX2 @ 0x207d9064c
CHIP::MEDIA::SVE::AVE.MOTIONCOMPCRECONLRESULTS_INTRA4X4RESULTS @ 0x207d90650
CHIP::MEDIA::SVE::AVE.MOTIONCOMPCRECONLRESULTS_INTRA8X8RESULTS @ 0x207d90654
CHIP::MEDIA::SVE::AVE.MOTIONCOMPCRECONLRESULTS_INTRA16X16RESULTS @ 0x207d90658
CHIP::MEDIA::SVE::AVE.MOTIONCOMPCRECONLRESULTS_SUBMBTYPE @ 0x207d9065c
CHIP::MEDIA::SVE::AVE.MOTIONCOMPCRECONLRESULTS_MOTIONVECTOR @ 0x207d90660
CHIP::MEDIA::SVE::AVE.MOTIONCOMPCRECONLRESULTS_MOTIONVECTORDIFFERENCE @ 0x207d906e0
CHIP::MEDIA::SVE::AVE.MOTIONCOMPCRECONLRESULTS_SKIPMOTIONVECTOR @ 0x207d90760
CHIP::MEDIA::SVE::AVE.MOTIONCOMPCRECONLRESULTS_BESTINTRARESULT @ 0x207d90764
CHIP::MEDIA::SVE::AVE.MOTIONCOMPCRECONLRESULTS_BESTINTERRESULT @ 0x207d90768
CHIP::MEDIA::SVE::AVE.MOTIONCOMPCRECONLRESULTS_QUANTIZATIONPARAMETER @ 0x207d9076c
CHIP::MEDIA::SVE::AVE.MOTIONCOMPCRECONLRESULTS_CODEDBLOCKPATTERN @ 0x207d90770
CHIP::MEDIA::SVE::AVE.MOTIONCOMPCRECONLRESULTS_CODEDBLOCK4X4LUMA @ 0x207d90774
CHIP::MEDIA::SVE::AVE.MOTIONCOMPCRECONLRESULTS_SSDLUMA @ 0x207d90778
CHIP::MEDIA::SVE::AVE.MOTIONCOMPCMDRESULTS_MBPOS @ 0x207d91000
CHIP::MEDIA::SVE::AVE.MOTIONCOMPCMDRESULTS_BESTMODE @ 0x207d91004
CHIP::MEDIA::SVE::AVE.MOTIONCOMPCMDRESULTS_SUBMBTYPE @ 0x207d91008
CHIP::MEDIA::SVE::AVE.MOTIONCOMPCMDRESULTS_MOTIONVECTOR @ 0x207d91010
CHIP::MEDIA::SVE::AVE.MOTIONCOMPCCONFIGGLOBALS_AVEPIPECONFIG @ 0x207d9a000
CHIP::MEDIA::SVE::AVE.MOTIONCOMPCCONFIGGLOBALS_PICSIZEINMBS @ 0x207d9a004
CHIP::MEDIA::SVE::AVE.MOTIONCOMPCCONFIGGLOBALS_MBPOSINIT @ 0x207d9a008
CHIP::MEDIA::SVE::AVE.MOTIONCOMPCCONFIGGLOBALS_CONTEXTHEIGHT @ 0x207d9a00c
CHIP::MEDIA::SVE::AVE.MOTIONCOMPCCONFIGGLOBALS_SPS @ 0x207d9a010
CHIP::MEDIA::SVE::AVE.MOTIONCOMPCCONFIGGLOBALS_PPS @ 0x207d9a014
CHIP::MEDIA::SVE::AVE.MOTIONCOMPCCONFIGGLOBALS_SLICEHEADER @ 0x207d9a018
CHIP::MEDIA::SVE::AVE.MOTIONCOMPCCONFIGGLOBALS_SKIPDIRECTENABLE @ 0x207d9a01c
CHIP::MEDIA::SVE::AVE.MOTIONCOMPCCONFIGGLOBALS_MEREFIDXMAPPING @ 0x207d9a020
CHIP::MEDIA::SVE::AVE.MOTIONCOMPCCONFIGGLOBALS_WEIGHTEDPREDICTION @ 0x207d9a030
CHIP::MEDIA::SVE::AVE.MOTIONCOMPCCONFIG_SOURCEGO @ 0x207d9a080
CHIP::MEDIA::SVE::AVE.MOTIONCOMPCCONFIG_PUIRQEN @ 0x207d9a084
CHIP::MEDIA::SVE::AVE.MOTIONCOMPCCONFIG_PUIRQ @ 0x207d9a088
CHIP::MEDIA::SVE::AVE.MOTIONCOMPCCONFIG_CACHECONFIG @ 0x207d9a08c
CHIP::MEDIA::SVE::AVE.MOTIONCOMPCCONFIG_DEBUGCACHECONFIG @ 0x207d9a090
CHIP::MEDIA::SVE::AVE.MOTIONCOMPCCONFIG_DEBUGCACHETAGRD @ 0x207d9a094
CHIP::MEDIA::SVE::AVE.MOTIONCOMPCCONFIG_DEBUGCACHEDATARD @ 0x207d9a098
CHIP::MEDIA::SVE::AVE.MOTIONCOMPCCONFIG_DEBUGCACHETAGWR @ 0x207d9a0a8
CHIP::MEDIA::SVE::AVE.MOTIONCOMPCCONFIG_DEBUGCACHEDATAWR @ 0x207d9a0ac
CHIP::MEDIA::SVE::AVE.MOTIONCOMPCCONFIG_DEBUGCACHECTL @ 0x207d9a0bc
CHIP::MEDIA::SVE::AVE.MOTIONCOMPCCONFIG_CACHEMISSCNT @ 0x207d9a0c0
CHIP::MEDIA::SVE::AVE.MOTIONCOMPCCONFIG_CACHEACCESSCNT @ 0x207d9a0c4
CHIP::MEDIA::SVE::AVE.MOTIONCOMPCCONFIG_MBFIFOPUSH @ 0x207d9a0c8
CHIP::MEDIA::SVE::AVE.MOTIONCOMPCCONFIG_MBFIFOPOP @ 0x207d9a0cc
CHIP::MEDIA::SVE::AVE.MOTIONCOMPCCONFIG_MBFIFOREADY @ 0x207d9a0d0
CHIP::MEDIA::SVE::AVE.MOTIONCOMPCCONFIG_CLOCKGATEENABLE @ 0x207d9a0d4
CHIP::MEDIA::SVE::AVE.MOTIONCOMPCCONFIG_CREDITCOUNT @ 0x207d9a0d8
CHIP::MEDIA::SVE::AVE.MOTIONCOMPCCONFIG_SPARE @ 0x207d9a0dc
CHIP::MEDIA::SVE::AVE.RECONCIMEM_IMEM @ 0x207da0000
CHIP::MEDIA::SVE::AVE.RECONCDMEM_DMEM @ 0x207da1000
CHIP::MEDIA::SVE::AVE.RECONCMCPU_VERSION @ 0x207da2000
CHIP::MEDIA::SVE::AVE.RECONCMCPU_MCPUID @ 0x207da2004
CHIP::MEDIA::SVE::AVE.RECONCMCPU_CTRL @ 0x207da2008
CHIP::MEDIA::SVE::AVE.RECONCMCPU_MCPUIRQEN @ 0x207da200c
CHIP::MEDIA::SVE::AVE.RECONCMCPU_KFIRQEN @ 0x207da2010
CHIP::MEDIA::SVE::AVE.RECONCMCPU_MCPUIRQ @ 0x207da2014
CHIP::MEDIA::SVE::AVE.RECONCMCPU_INBOXCTRL @ 0x207da2018
CHIP::MEDIA::SVE::AVE.RECONCMCPU_INBOXWRITE @ 0x207da201c
CHIP::MEDIA::SVE::AVE.RECONCMCPU_INBOXREAD @ 0x207da2020
CHIP::MEDIA::SVE::AVE.RECONCMCPU_OUTBOXCTRL @ 0x207da2024
CHIP::MEDIA::SVE::AVE.RECONCMCPU_OUTBOXWRITE @ 0x207da2028
CHIP::MEDIA::SVE::AVE.RECONCMCPU_OUTBOXREAD @ 0x207da202c
CHIP::MEDIA::SVE::AVE.RECONCMCPU_TIMER0CTRL @ 0x207da2030
CHIP::MEDIA::SVE::AVE.RECONCMCPU_TIMER0 @ 0x207da2034
CHIP::MEDIA::SVE::AVE.RECONCMCPU_TIMER1CTRL @ 0x207da2038
CHIP::MEDIA::SVE::AVE.RECONCMCPU_TIMER1 @ 0x207da203c
CHIP::MEDIA::SVE::AVE.RECONCMCPU_FWDMSRC @ 0x207da2040
CHIP::MEDIA::SVE::AVE.RECONCMCPU_FWDMDEST @ 0x207da2044
CHIP::MEDIA::SVE::AVE.RECONCMCPU_FWDMCTRL @ 0x207da2048
CHIP::MEDIA::SVE::AVE.RECONCMCPU_DEBUGMISC @ 0x207da204c
CHIP::MEDIA::SVE::AVE.RECONCFWDATA_FWDATA @ 0x207da3000
CHIP::MEDIA::SVE::AVE.RECONCMBSRCC_MB_IN @ 0x207da4000
CHIP::MEDIA::SVE::AVE.RECONCNEIGHBORDATA_MBPOS @ 0x207da4200
CHIP::MEDIA::SVE::AVE.RECONCNEIGHBORDATA_BESTMODE @ 0x207da4204
CHIP::MEDIA::SVE::AVE.RECONCNEIGHBORDATA_QUANTIZATIONPARAMETER @ 0x207da4208
CHIP::MEDIA::SVE::AVE.RECONCNEIGHBORDATA_INTRAPREDMODE @ 0x207da420c
CHIP::MEDIA::SVE::AVE.RECONCNEIGHBORDATA_MOTIONVECTOR @ 0x207da4210
CHIP::MEDIA::SVE::AVE.RECONCNEIGHBORDATA_TOTALCOEFF @ 0x207da4230
CHIP::MEDIA::SVE::AVE.RECONCNEIGHBORDATA_CODEDBLOCK4X4LUMA @ 0x207da423c
CHIP::MEDIA::SVE::AVE.RECONCNEIGHBORDATA_RECONPIXELS @ 0x207da4240
CHIP::MEDIA::SVE::AVE.RECONCNEIGHBORDATA_DEBLOCKPIXELS @ 0x207da4270
CHIP::MEDIA::SVE::AVE.RECONCMBPREDC_MB_REF_C @ 0x207da4330
CHIP::MEDIA::SVE::AVE.RECONCMBRECONL_MB_IN @ 0x207da4530
CHIP::MEDIA::SVE::AVE.RECONCMBCOEFFL_MB_COEFF @ 0x207da4630
CHIP::MEDIA::SVE::AVE.RECONCRECONLRESULTS_MBPOS @ 0x207da4830
CHIP::MEDIA::SVE::AVE.RECONCRECONLRESULTS_BESTMODE @ 0x207da4834
CHIP::MEDIA::SVE::AVE.RECONCRECONLRESULTS_INTRAPREDMODE0 @ 0x207da4838
CHIP::MEDIA::SVE::AVE.RECONCRECONLRESULTS_INTRAPREDMODE1 @ 0x207da483c
CHIP::MEDIA::SVE::AVE.RECONCRECONLRESULTS_INTRAPREDMODE2 @ 0x207da4840
CHIP::MEDIA::SVE::AVE.RECONCRECONLRESULTS_INTRAPREDSYNTAX0 @ 0x207da4844
CHIP::MEDIA::SVE::AVE.RECONCRECONLRESULTS_INTRAPREDSYNTAX1 @ 0x207da4848
CHIP::MEDIA::SVE::AVE.RECONCRECONLRESULTS_INTRAPREDSYNTAX2 @ 0x207da484c
CHIP::MEDIA::SVE::AVE.RECONCRECONLRESULTS_INTRA4X4RESULTS @ 0x207da4850
CHIP::MEDIA::SVE::AVE.RECONCRECONLRESULTS_INTRA8X8RESULTS @ 0x207da4854
CHIP::MEDIA::SVE::AVE.RECONCRECONLRESULTS_INTRA16X16RESULTS @ 0x207da4858
CHIP::MEDIA::SVE::AVE.RECONCRECONLRESULTS_SUBMBTYPE @ 0x207da485c
CHIP::MEDIA::SVE::AVE.RECONCRECONLRESULTS_MOTIONVECTOR @ 0x207da4860
CHIP::MEDIA::SVE::AVE.RECONCRECONLRESULTS_MOTIONVECTORDIFFERENCE @ 0x207da48e0
CHIP::MEDIA::SVE::AVE.RECONCRECONLRESULTS_SKIPMOTIONVECTOR @ 0x207da4960
CHIP::MEDIA::SVE::AVE.RECONCRECONLRESULTS_BESTINTRARESULT @ 0x207da4964
CHIP::MEDIA::SVE::AVE.RECONCRECONLRESULTS_BESTINTERRESULT @ 0x207da4968
CHIP::MEDIA::SVE::AVE.RECONCRECONLRESULTS_QUANTIZATIONPARAMETER @ 0x207da496c
CHIP::MEDIA::SVE::AVE.RECONCRECONLRESULTS_CODEDBLOCKPATTERN @ 0x207da4970
CHIP::MEDIA::SVE::AVE.RECONCRECONLRESULTS_CODEDBLOCK4X4LUMA @ 0x207da4974
CHIP::MEDIA::SVE::AVE.RECONCRECONLRESULTS_SSDLUMA @ 0x207da4978
CHIP::MEDIA::SVE::AVE.RECONCCONFIGGLOBALS_AVEPIPECONFIG @ 0x207daa000
CHIP::MEDIA::SVE::AVE.RECONCCONFIGGLOBALS_PICSIZEINMBS @ 0x207daa004
CHIP::MEDIA::SVE::AVE.RECONCCONFIGGLOBALS_MBPOSINIT @ 0x207daa008
CHIP::MEDIA::SVE::AVE.RECONCCONFIGGLOBALS_CONTEXTHEIGHT @ 0x207daa00c
CHIP::MEDIA::SVE::AVE.RECONCCONFIGGLOBALS_SPS @ 0x207daa010
CHIP::MEDIA::SVE::AVE.RECONCCONFIGGLOBALS_PPS @ 0x207daa014
CHIP::MEDIA::SVE::AVE.RECONCCONFIGGLOBALS_SLICEHEADER @ 0x207daa018
CHIP::MEDIA::SVE::AVE.RECONCCONFIGGLOBALS_SKIPDIRECTENABLE @ 0x207daa01c
CHIP::MEDIA::SVE::AVE.RECONCCONFIGGLOBALS_MEREFIDXMAPPING @ 0x207daa020
CHIP::MEDIA::SVE::AVE.RECONCCONFIGGLOBALS_WEIGHTEDPREDICTION @ 0x207daa030
CHIP::MEDIA::SVE::AVE.RECONCCONFIG_SOURCEGO @ 0x207daa080
CHIP::MEDIA::SVE::AVE.RECONCCONFIG_UPDATERESULTS @ 0x207daa084
CHIP::MEDIA::SVE::AVE.RECONCCONFIG_RECONCCONFIG @ 0x207daa088
CHIP::MEDIA::SVE::AVE.RECONCCONFIG_SKIPMODE @ 0x207daa08c
CHIP::MEDIA::SVE::AVE.RECONCCONFIG_LAMBDA @ 0x207daa090
CHIP::MEDIA::SVE::AVE.RECONCCONFIG_OFFSETSCALECHROMA @ 0x207daa094
CHIP::MEDIA::SVE::AVE.RECONCCONFIG_SCALINGLIST4X4 @ 0x207daa0a4
CHIP::MEDIA::SVE::AVE.RECONCCONFIG_SCALINGLIST8X8 @ 0x207daa1a4
CHIP::MEDIA::SVE::AVE.RECONCCONFIG_LUMARO4X4 @ 0x207daa5a4
CHIP::MEDIA::SVE::AVE.RECONCCONFIG_LUMARO8X8 @ 0x207daa5ac
CHIP::MEDIA::SVE::AVE.RECONCCONFIG_LUMARO16X16 @ 0x207daa5b4
CHIP::MEDIA::SVE::AVE.RECONCCONFIG_CHROMARO @ 0x207daa5b8
CHIP::MEDIA::SVE::AVE.RECONCCONFIG_COEFFCANCEL4X4 @ 0x207daa5c0
CHIP::MEDIA::SVE::AVE.RECONCCONFIG_COEFFCANCEL8X8 @ 0x207daa5cc
CHIP::MEDIA::SVE::AVE.RECONCCONFIG_COEFFCOST4X4 @ 0x207daa5d8
CHIP::MEDIA::SVE::AVE.RECONCCONFIG_COEFFCOST8X8 @ 0x207daa618
CHIP::MEDIA::SVE::AVE.RECONCCONFIG_MBFIFOPUSH @ 0x207daa718
CHIP::MEDIA::SVE::AVE.RECONCCONFIG_MBFIFOPOP @ 0x207daa71c
CHIP::MEDIA::SVE::AVE.RECONCCONFIG_MBFIFOREADY @ 0x207daa720
CHIP::MEDIA::SVE::AVE.RECONCCONFIG_CLOCKGATEENABLE @ 0x207daa724
CHIP::MEDIA::SVE::AVE.RECONCCONFIG_CREDITCOUNT @ 0x207daa728
CHIP::MEDIA::SVE::AVE.RECONCCONFIG_SPARE @ 0x207daa72c
CHIP::MEDIA::SVE::AVE.RECONCRESULTS_MBPOS @ 0x207dab000
CHIP::MEDIA::SVE::AVE.RECONCRESULTS_BESTMODE @ 0x207dab004
CHIP::MEDIA::SVE::AVE.RECONCRESULTS_INTRAPREDMODE0 @ 0x207dab008
CHIP::MEDIA::SVE::AVE.RECONCRESULTS_INTRAPREDMODE1 @ 0x207dab00c
CHIP::MEDIA::SVE::AVE.RECONCRESULTS_INTRAPREDMODE2 @ 0x207dab010
CHIP::MEDIA::SVE::AVE.RECONCRESULTS_INTRAPREDSYNTAX0 @ 0x207dab014
CHIP::MEDIA::SVE::AVE.RECONCRESULTS_INTRAPREDSYNTAX1 @ 0x207dab018
CHIP::MEDIA::SVE::AVE.RECONCRESULTS_INTRAPREDSYNTAX2 @ 0x207dab01c
CHIP::MEDIA::SVE::AVE.RECONCRESULTS_INTRA4X4RESULTS @ 0x207dab020
CHIP::MEDIA::SVE::AVE.RECONCRESULTS_INTRA8X8RESULTS @ 0x207dab024
CHIP::MEDIA::SVE::AVE.RECONCRESULTS_INTRA16X16RESULTS @ 0x207dab028
CHIP::MEDIA::SVE::AVE.RECONCRESULTS_SUBMBTYPE @ 0x207dab02c
CHIP::MEDIA::SVE::AVE.RECONCRESULTS_MOTIONVECTOR @ 0x207dab030
CHIP::MEDIA::SVE::AVE.RECONCRESULTS_MOTIONVECTORDIFFERENCE @ 0x207dab0b0
CHIP::MEDIA::SVE::AVE.RECONCRESULTS_SKIPMOTIONVECTOR @ 0x207dab130
CHIP::MEDIA::SVE::AVE.RECONCRESULTS_BESTINTRARESULT @ 0x207dab134
CHIP::MEDIA::SVE::AVE.RECONCRESULTS_BESTINTERRESULT @ 0x207dab138
CHIP::MEDIA::SVE::AVE.RECONCRESULTS_QUANTIZATIONPARAMETER @ 0x207dab13c
CHIP::MEDIA::SVE::AVE.RECONCRESULTS_CODEDBLOCKPATTERN @ 0x207dab140
CHIP::MEDIA::SVE::AVE.RECONCRESULTS_CODEDBLOCK4X4LUMA @ 0x207dab144
CHIP::MEDIA::SVE::AVE.RECONCRESULTS_SSDLUMA @ 0x207dab148
CHIP::MEDIA::SVE::AVE.RECONCRESULTS_SSDCHROMA @ 0x207dab14c
CHIP::MEDIA::SVE::AVE.RECONCHROMAM3CPUDWT_DUMMY @ 0x207dac000
CHIP::MEDIA::SVE::AVE.RECONCHROMAM3CPUFPB_DUMMY @ 0x207dad000
CHIP::MEDIA::SVE::AVE.RECONCHROMAM3CPUSCS_DUMMY @ 0x207dae000
CHIP::MEDIA::SVE::AVE.DEBLOCKRECONINL_MB_IN @ 0x207db0000
CHIP::MEDIA::SVE::AVE.DEBLOCKRECONINC_MB_IN @ 0x207db0100
CHIP::MEDIA::SVE::AVE.DEBLOCKNEIGHBORDATA_MBPOS @ 0x207db0300
CHIP::MEDIA::SVE::AVE.DEBLOCKNEIGHBORDATA_BESTMODE @ 0x207db0304
CHIP::MEDIA::SVE::AVE.DEBLOCKNEIGHBORDATA_QUANTIZATIONPARAMETER @ 0x207db0308
CHIP::MEDIA::SVE::AVE.DEBLOCKNEIGHBORDATA_INTRAPREDMODE @ 0x207db030c
CHIP::MEDIA::SVE::AVE.DEBLOCKNEIGHBORDATA_MOTIONVECTOR @ 0x207db0310
CHIP::MEDIA::SVE::AVE.DEBLOCKNEIGHBORDATA_TOTALCOEFF @ 0x207db0330
CHIP::MEDIA::SVE::AVE.DEBLOCKNEIGHBORDATA_CODEDBLOCK4X4LUMA @ 0x207db033c
CHIP::MEDIA::SVE::AVE.DEBLOCKNEIGHBORDATA_RECONPIXELS @ 0x207db0340
CHIP::MEDIA::SVE::AVE.DEBLOCKNEIGHBORDATA_DEBLOCKPIXELS @ 0x207db0370
CHIP::MEDIA::SVE::AVE.DEBLOCKRECONCRESULTS_MBPOS @ 0x207db0430
CHIP::MEDIA::SVE::AVE.DEBLOCKRECONCRESULTS_BESTMODE @ 0x207db0434
CHIP::MEDIA::SVE::AVE.DEBLOCKRECONCRESULTS_INTRAPREDMODE0 @ 0x207db0438
CHIP::MEDIA::SVE::AVE.DEBLOCKRECONCRESULTS_INTRAPREDMODE1 @ 0x207db043c
CHIP::MEDIA::SVE::AVE.DEBLOCKRECONCRESULTS_INTRAPREDMODE2 @ 0x207db0440
CHIP::MEDIA::SVE::AVE.DEBLOCKRECONCRESULTS_INTRAPREDSYNTAX0 @ 0x207db0444
CHIP::MEDIA::SVE::AVE.DEBLOCKRECONCRESULTS_INTRAPREDSYNTAX1 @ 0x207db0448
CHIP::MEDIA::SVE::AVE.DEBLOCKRECONCRESULTS_INTRAPREDSYNTAX2 @ 0x207db044c
CHIP::MEDIA::SVE::AVE.DEBLOCKRECONCRESULTS_INTRA4X4RESULTS @ 0x207db0450
CHIP::MEDIA::SVE::AVE.DEBLOCKRECONCRESULTS_INTRA8X8RESULTS @ 0x207db0454
CHIP::MEDIA::SVE::AVE.DEBLOCKRECONCRESULTS_INTRA16X16RESULTS @ 0x207db0458
CHIP::MEDIA::SVE::AVE.DEBLOCKRECONCRESULTS_SUBMBTYPE @ 0x207db045c
CHIP::MEDIA::SVE::AVE.DEBLOCKRECONCRESULTS_MOTIONVECTOR @ 0x207db0460
CHIP::MEDIA::SVE::AVE.DEBLOCKRECONCRESULTS_MOTIONVECTORDIFFERENCE @ 0x207db04e0
CHIP::MEDIA::SVE::AVE.DEBLOCKRECONCRESULTS_SKIPMOTIONVECTOR @ 0x207db0560
CHIP::MEDIA::SVE::AVE.DEBLOCKRECONCRESULTS_BESTINTRARESULT @ 0x207db0564
CHIP::MEDIA::SVE::AVE.DEBLOCKRECONCRESULTS_BESTINTERRESULT @ 0x207db0568
CHIP::MEDIA::SVE::AVE.DEBLOCKRECONCRESULTS_QUANTIZATIONPARAMETER @ 0x207db056c
CHIP::MEDIA::SVE::AVE.DEBLOCKRECONCRESULTS_CODEDBLOCKPATTERN @ 0x207db0570
CHIP::MEDIA::SVE::AVE.DEBLOCKRECONCRESULTS_CODEDBLOCK4X4LUMA @ 0x207db0574
CHIP::MEDIA::SVE::AVE.DEBLOCKRECONCRESULTS_SSDLUMA @ 0x207db0578
CHIP::MEDIA::SVE::AVE.DEBLOCKRECONCRESULTS_SSDCHROMA @ 0x207db057c
CHIP::MEDIA::SVE::AVE.DEBLOCKCONFIGGLOBALS_AVEPIPECONFIG @ 0x207dba000
CHIP::MEDIA::SVE::AVE.DEBLOCKCONFIGGLOBALS_PICSIZEINMBS @ 0x207dba004
CHIP::MEDIA::SVE::AVE.DEBLOCKCONFIGGLOBALS_MBPOSINIT @ 0x207dba008
CHIP::MEDIA::SVE::AVE.DEBLOCKCONFIGGLOBALS_CONTEXTHEIGHT @ 0x207dba00c
CHIP::MEDIA::SVE::AVE.DEBLOCKCONFIGGLOBALS_SPS @ 0x207dba010
CHIP::MEDIA::SVE::AVE.DEBLOCKCONFIGGLOBALS_PPS @ 0x207dba014
CHIP::MEDIA::SVE::AVE.DEBLOCKCONFIGGLOBALS_SLICEHEADER @ 0x207dba018
CHIP::MEDIA::SVE::AVE.DEBLOCKCONFIGGLOBALS_SKIPDIRECTENABLE @ 0x207dba01c
CHIP::MEDIA::SVE::AVE.DEBLOCKCONFIGGLOBALS_MEREFIDXMAPPING @ 0x207dba020
CHIP::MEDIA::SVE::AVE.DEBLOCKCONFIGGLOBALS_WEIGHTEDPREDICTION @ 0x207dba030
CHIP::MEDIA::SVE::AVE.DEBLOCKCONFIG_SOURCEGO @ 0x207dba080
CHIP::MEDIA::SVE::AVE.DEBLOCKCONFIG_UPDATERESULTS @ 0x207dba084
CHIP::MEDIA::SVE::AVE.DEBLOCKCONFIG_PUIRQEN @ 0x207dba088
CHIP::MEDIA::SVE::AVE.DEBLOCKCONFIG_PUIRQ @ 0x207dba08c
CHIP::MEDIA::SVE::AVE.DEBLOCKCONFIG_DEBLOCKCONFIG @ 0x207dba090
CHIP::MEDIA::SVE::AVE.DEBLOCKCONFIG_DEBLOCKCONTROL @ 0x207dba094
CHIP::MEDIA::SVE::AVE.DEBLOCKCONFIG_DEBLOCKMEIDXMAPPING @ 0x207dba098
CHIP::MEDIA::SVE::AVE.DEBLOCKCONFIG_DEBUGCRC @ 0x207dba0b8
CHIP::MEDIA::SVE::AVE.DEBLOCKCONFIG_MBFIFOPUSH @ 0x207dba0c0
CHIP::MEDIA::SVE::AVE.DEBLOCKCONFIG_MBFIFOPOP @ 0x207dba0c4
CHIP::MEDIA::SVE::AVE.DEBLOCKCONFIG_MBFIFOREADY @ 0x207dba0c8
CHIP::MEDIA::SVE::AVE.DEBLOCKCONFIG_CLOCKGATEENABLE @ 0x207dba0cc
CHIP::MEDIA::SVE::AVE.DEBLOCKCONFIG_SPARE @ 0x207dba0d0
CHIP::MEDIA::SVE::AVE.CAVLCIMEM_IMEM @ 0x207dc0000
CHIP::MEDIA::SVE::AVE.CAVLCDMEM_DMEM @ 0x207dc1000
CHIP::MEDIA::SVE::AVE.CAVLCMCPU_VERSION @ 0x207dc2000
CHIP::MEDIA::SVE::AVE.CAVLCMCPU_MCPUID @ 0x207dc2004
CHIP::MEDIA::SVE::AVE.CAVLCMCPU_CTRL @ 0x207dc2008
CHIP::MEDIA::SVE::AVE.CAVLCMCPU_MCPUIRQEN @ 0x207dc200c
CHIP::MEDIA::SVE::AVE.CAVLCMCPU_KFIRQEN @ 0x207dc2010
CHIP::MEDIA::SVE::AVE.CAVLCMCPU_MCPUIRQ @ 0x207dc2014
CHIP::MEDIA::SVE::AVE.CAVLCMCPU_INBOXCTRL @ 0x207dc2018
CHIP::MEDIA::SVE::AVE.CAVLCMCPU_INBOXWRITE @ 0x207dc201c
CHIP::MEDIA::SVE::AVE.CAVLCMCPU_INBOXREAD @ 0x207dc2020
CHIP::MEDIA::SVE::AVE.CAVLCMCPU_OUTBOXCTRL @ 0x207dc2024
CHIP::MEDIA::SVE::AVE.CAVLCMCPU_OUTBOXWRITE @ 0x207dc2028
CHIP::MEDIA::SVE::AVE.CAVLCMCPU_OUTBOXREAD @ 0x207dc202c
CHIP::MEDIA::SVE::AVE.CAVLCMCPU_TIMER0CTRL @ 0x207dc2030
CHIP::MEDIA::SVE::AVE.CAVLCMCPU_TIMER0 @ 0x207dc2034
CHIP::MEDIA::SVE::AVE.CAVLCMCPU_TIMER1CTRL @ 0x207dc2038
CHIP::MEDIA::SVE::AVE.CAVLCMCPU_TIMER1 @ 0x207dc203c
CHIP::MEDIA::SVE::AVE.CAVLCMCPU_FWDMSRC @ 0x207dc2040
CHIP::MEDIA::SVE::AVE.CAVLCMCPU_FWDMDEST @ 0x207dc2044
CHIP::MEDIA::SVE::AVE.CAVLCMCPU_FWDMCTRL @ 0x207dc2048
CHIP::MEDIA::SVE::AVE.CAVLCMCPU_DEBUGMISC @ 0x207dc204c
CHIP::MEDIA::SVE::AVE.CAVLCFWDATA_FWDATA @ 0x207dc3000
CHIP::MEDIA::SVE::AVE.CAVLCCOEFFINL_MB_COEFF @ 0x207dc4000
CHIP::MEDIA::SVE::AVE.CAVLCCOEFFINC_MB_COEFF @ 0x207dc4200
CHIP::MEDIA::SVE::AVE.CAVLCNEIGHBORDATA_MBPOS @ 0x207dc4600
CHIP::MEDIA::SVE::AVE.CAVLCNEIGHBORDATA_BESTMODE @ 0x207dc4604
CHIP::MEDIA::SVE::AVE.CAVLCNEIGHBORDATA_QUANTIZATIONPARAMETER @ 0x207dc4608
CHIP::MEDIA::SVE::AVE.CAVLCNEIGHBORDATA_INTRAPREDMODE @ 0x207dc460c
CHIP::MEDIA::SVE::AVE.CAVLCNEIGHBORDATA_MOTIONVECTOR @ 0x207dc4610
CHIP::MEDIA::SVE::AVE.CAVLCNEIGHBORDATA_TOTALCOEFF @ 0x207dc4630
CHIP::MEDIA::SVE::AVE.CAVLCNEIGHBORDATA_CODEDBLOCK4X4LUMA @ 0x207dc463c
CHIP::MEDIA::SVE::AVE.CAVLCNEIGHBORDATA_RECONPIXELS @ 0x207dc4640
CHIP::MEDIA::SVE::AVE.CAVLCNEIGHBORDATA_DEBLOCKPIXELS @ 0x207dc4670
CHIP::MEDIA::SVE::AVE.CAVLCRECONCRESULTS_MBPOS @ 0x207dc4730
CHIP::MEDIA::SVE::AVE.CAVLCRECONCRESULTS_BESTMODE @ 0x207dc4734
CHIP::MEDIA::SVE::AVE.CAVLCRECONCRESULTS_INTRAPREDMODE0 @ 0x207dc4738
CHIP::MEDIA::SVE::AVE.CAVLCRECONCRESULTS_INTRAPREDMODE1 @ 0x207dc473c
CHIP::MEDIA::SVE::AVE.CAVLCRECONCRESULTS_INTRAPREDMODE2 @ 0x207dc4740
CHIP::MEDIA::SVE::AVE.CAVLCRECONCRESULTS_INTRAPREDSYNTAX0 @ 0x207dc4744
CHIP::MEDIA::SVE::AVE.CAVLCRECONCRESULTS_INTRAPREDSYNTAX1 @ 0x207dc4748
CHIP::MEDIA::SVE::AVE.CAVLCRECONCRESULTS_INTRAPREDSYNTAX2 @ 0x207dc474c
CHIP::MEDIA::SVE::AVE.CAVLCRECONCRESULTS_INTRA4X4RESULTS @ 0x207dc4750
CHIP::MEDIA::SVE::AVE.CAVLCRECONCRESULTS_INTRA8X8RESULTS @ 0x207dc4754
CHIP::MEDIA::SVE::AVE.CAVLCRECONCRESULTS_INTRA16X16RESULTS @ 0x207dc4758
CHIP::MEDIA::SVE::AVE.CAVLCRECONCRESULTS_SUBMBTYPE @ 0x207dc475c
CHIP::MEDIA::SVE::AVE.CAVLCRECONCRESULTS_MOTIONVECTOR @ 0x207dc4760
CHIP::MEDIA::SVE::AVE.CAVLCRECONCRESULTS_MOTIONVECTORDIFFERENCE @ 0x207dc47e0
CHIP::MEDIA::SVE::AVE.CAVLCRECONCRESULTS_SKIPMOTIONVECTOR @ 0x207dc4860
CHIP::MEDIA::SVE::AVE.CAVLCRECONCRESULTS_BESTINTRARESULT @ 0x207dc4864
CHIP::MEDIA::SVE::AVE.CAVLCRECONCRESULTS_BESTINTERRESULT @ 0x207dc4868
CHIP::MEDIA::SVE::AVE.CAVLCRECONCRESULTS_QUANTIZATIONPARAMETER @ 0x207dc486c
CHIP::MEDIA::SVE::AVE.CAVLCRECONCRESULTS_CODEDBLOCKPATTERN @ 0x207dc4870
CHIP::MEDIA::SVE::AVE.CAVLCRECONCRESULTS_CODEDBLOCK4X4LUMA @ 0x207dc4874
CHIP::MEDIA::SVE::AVE.CAVLCRECONCRESULTS_SSDLUMA @ 0x207dc4878
CHIP::MEDIA::SVE::AVE.CAVLCRECONCRESULTS_SSDCHROMA @ 0x207dc487c
CHIP::MEDIA::SVE::AVE.CAVLCCONFIGGLOBALS_AVEPIPECONFIG @ 0x207dca000
CHIP::MEDIA::SVE::AVE.CAVLCCONFIGGLOBALS_PICSIZEINMBS @ 0x207dca004
CHIP::MEDIA::SVE::AVE.CAVLCCONFIGGLOBALS_MBPOSINIT @ 0x207dca008
CHIP::MEDIA::SVE::AVE.CAVLCCONFIGGLOBALS_CONTEXTHEIGHT @ 0x207dca00c
CHIP::MEDIA::SVE::AVE.CAVLCCONFIGGLOBALS_SPS @ 0x207dca010
CHIP::MEDIA::SVE::AVE.CAVLCCONFIGGLOBALS_PPS @ 0x207dca014
CHIP::MEDIA::SVE::AVE.CAVLCCONFIGGLOBALS_SLICEHEADER @ 0x207dca018
CHIP::MEDIA::SVE::AVE.CAVLCCONFIGGLOBALS_SKIPDIRECTENABLE @ 0x207dca01c
CHIP::MEDIA::SVE::AVE.CAVLCCONFIGGLOBALS_MEREFIDXMAPPING @ 0x207dca020
CHIP::MEDIA::SVE::AVE.CAVLCCONFIGGLOBALS_WEIGHTEDPREDICTION @ 0x207dca030
CHIP::MEDIA::SVE::AVE.CAVLCCONFIG_SOURCEGO @ 0x207dca080
CHIP::MEDIA::SVE::AVE.CAVLCCONFIG_UPDATERESULTS @ 0x207dca084
CHIP::MEDIA::SVE::AVE.CAVLCCONFIG_CAVLCCONFIG @ 0x207dca088
CHIP::MEDIA::SVE::AVE.CAVLCCONFIG_INITQP @ 0x207dca08c
CHIP::MEDIA::SVE::AVE.CAVLCCONFIG_SWDATACONFIG @ 0x207dca09c
CHIP::MEDIA::SVE::AVE.CAVLCCONFIG_SWDATA @ 0x207dca0a0
CHIP::MEDIA::SVE::AVE.CAVLCCONFIG_BITBUFFERSTATE @ 0x207dca0e0
CHIP::MEDIA::SVE::AVE.CAVLCCONFIG_BYTECOUNT @ 0x207dca0f0
CHIP::MEDIA::SVE::AVE.CAVLCCONFIG_MBFIFOPUSH @ 0x207dca100
CHIP::MEDIA::SVE::AVE.CAVLCCONFIG_MBFIFOPOP @ 0x207dca104
CHIP::MEDIA::SVE::AVE.CAVLCCONFIG_MBFIFOREADY @ 0x207dca108
CHIP::MEDIA::SVE::AVE.CAVLCCONFIG_CLOCKGATEENABLE @ 0x207dca10c
CHIP::MEDIA::SVE::AVE.CAVLCCONFIG_CREDITCOUNT @ 0x207dca110
CHIP::MEDIA::SVE::AVE.CAVLCCONFIG_SPARE @ 0x207dca114
CHIP::MEDIA::SVE::AVE.CAVLCRESULTS_MBPOS @ 0x207dcb000
CHIP::MEDIA::SVE::AVE.CAVLCRESULTS_BESTMODE @ 0x207dcb004
CHIP::MEDIA::SVE::AVE.CAVLCRESULTS_INTRAPREDMODE0 @ 0x207dcb008
CHIP::MEDIA::SVE::AVE.CAVLCRESULTS_INTRAPREDMODE1 @ 0x207dcb00c
CHIP::MEDIA::SVE::AVE.CAVLCRESULTS_INTRAPREDMODE2 @ 0x207dcb010
CHIP::MEDIA::SVE::AVE.CAVLCRESULTS_INTRAPREDSYNTAX0 @ 0x207dcb014
CHIP::MEDIA::SVE::AVE.CAVLCRESULTS_INTRAPREDSYNTAX1 @ 0x207dcb018
CHIP::MEDIA::SVE::AVE.CAVLCRESULTS_INTRAPREDSYNTAX2 @ 0x207dcb01c
CHIP::MEDIA::SVE::AVE.CAVLCRESULTS_INTRA4X4RESULTS @ 0x207dcb020
CHIP::MEDIA::SVE::AVE.CAVLCRESULTS_INTRA8X8RESULTS @ 0x207dcb024
CHIP::MEDIA::SVE::AVE.CAVLCRESULTS_INTRA16X16RESULTS @ 0x207dcb028
CHIP::MEDIA::SVE::AVE.CAVLCRESULTS_SUBMBTYPE @ 0x207dcb02c
CHIP::MEDIA::SVE::AVE.CAVLCRESULTS_MOTIONVECTOR @ 0x207dcb030
CHIP::MEDIA::SVE::AVE.CAVLCRESULTS_MOTIONVECTORDIFFERENCE @ 0x207dcb0b0
CHIP::MEDIA::SVE::AVE.CAVLCRESULTS_SKIPMOTIONVECTOR @ 0x207dcb130
CHIP::MEDIA::SVE::AVE.CAVLCRESULTS_BESTINTRARESULT @ 0x207dcb134
CHIP::MEDIA::SVE::AVE.CAVLCRESULTS_BESTINTERRESULT @ 0x207dcb138
CHIP::MEDIA::SVE::AVE.CAVLCRESULTS_QUANTIZATIONPARAMETER @ 0x207dcb13c
CHIP::MEDIA::SVE::AVE.CAVLCRESULTS_CODEDBLOCKPATTERN @ 0x207dcb140
CHIP::MEDIA::SVE::AVE.CAVLCRESULTS_CODEDBLOCK4X4LUMA @ 0x207dcb144
CHIP::MEDIA::SVE::AVE.CAVLCRESULTS_SSDLUMA @ 0x207dcb148
CHIP::MEDIA::SVE::AVE.CAVLCRESULTS_SSDCHROMA @ 0x207dcb14c
CHIP::MEDIA::SVE::AVE.CAVLCRESULTS_BITS @ 0x207dcb154
CHIP::MEDIA::SVE::AVE.CAVLCM3CPUDWT_DUMMY @ 0x207dcc000
CHIP::MEDIA::SVE::AVE.CAVLCM3CPUFPB_DUMMY @ 0x207dcd000
CHIP::MEDIA::SVE::AVE.CAVLCM3CPUSCS_DUMMY @ 0x207dce000
CHIP::MEDIA::SVE::AVE.TRANSCODECVDRESULTS_MB_COEFF @ 0x207dd1000
CHIP::MEDIA::SVE::AVE.TRANSCODECVDRESULTS_SIGNIFICANTCOEFFFLAGYDC @ 0x207dd1600
CHIP::MEDIA::SVE::AVE.TRANSCODECVDRESULTS_SIGNIFICANTCOEFFFLAGYAC @ 0x207dd1610
CHIP::MEDIA::SVE::AVE.TRANSCODECVDRESULTS_LASTSIGNIFICANTCOEFFYAC0 @ 0x207dd1630
CHIP::MEDIA::SVE::AVE.TRANSCODECVDRESULTS_LASTSIGNIFICANTCOEFFYAC1 @ 0x207dd1634
CHIP::MEDIA::SVE::AVE.TRANSCODECVDRESULTS_SIGNIFICANTCOEFFFLAGCBDC @ 0x207dd1640
CHIP::MEDIA::SVE::AVE.TRANSCODECVDRESULTS_SIGNIFICANTCOEFFFLAGCBAC @ 0x207dd1650
CHIP::MEDIA::SVE::AVE.TRANSCODECVDRESULTS_LASTSIGNIFICANTCOEFFCBAC0 @ 0x207dd1670
CHIP::MEDIA::SVE::AVE.TRANSCODECVDRESULTS_LASTSIGNIFICANTCOEFFCBAC1 @ 0x207dd1674
CHIP::MEDIA::SVE::AVE.TRANSCODECVDRESULTS_SIGNIFICANTCOEFFFLAGCRDC @ 0x207dd1680
CHIP::MEDIA::SVE::AVE.TRANSCODECVDRESULTS_SIGNIFICANTCOEFFFLAGCRAC @ 0x207dd1690
CHIP::MEDIA::SVE::AVE.TRANSCODECVDRESULTS_LASTSIGNIFICANTCOEFFCRAC0 @ 0x207dd16b0
CHIP::MEDIA::SVE::AVE.TRANSCODECVDRESULTS_LASTSIGNIFICANTCOEFFCRAC1 @ 0x207dd16b4
CHIP::MEDIA::SVE::AVE.TRANSCODECVDRESULTS_MBHEADER @ 0x207dd16c0
CHIP::MEDIA::SVE::AVE.TRANSCODECVDRESULTS_SUBMBTYPE @ 0x207dd16c4
CHIP::MEDIA::SVE::AVE.TRANSCODECVDRESULTS_INTRAPREDSYNTAX0 @ 0x207dd16c8
CHIP::MEDIA::SVE::AVE.TRANSCODECVDRESULTS_INTRAPREDSYNTAX1 @ 0x207dd16cc
CHIP::MEDIA::SVE::AVE.TRANSCODECVDRESULTS_INTRAPREDSYNTAX2 @ 0x207dd16d0
CHIP::MEDIA::SVE::AVE.TRANSCODECVDRESULTS_REFIDX @ 0x207dd16d4
CHIP::MEDIA::SVE::AVE.TRANSCODECVDRESULTS_MOTIONVECTORDIFFERENCE @ 0x207dd16d8
CHIP::MEDIA::SVE::AVE.TRANSCODENEIGHBORDATA_MBPOS @ 0x207dd1760
CHIP::MEDIA::SVE::AVE.TRANSCODENEIGHBORDATA_TOTALCOEFF @ 0x207dd1764
CHIP::MEDIA::SVE::AVE.TRANSCODENEIGHBORDATA_MBHEADER @ 0x207dd1770
CHIP::MEDIA::SVE::AVE.TRANSCODENEIGHBORDATA_CODEDBLOCKFLAGS @ 0x207dd1774
CHIP::MEDIA::SVE::AVE.TRANSCODENEIGHBORDATA_MOTIONVECTOR @ 0x207dd1778
CHIP::MEDIA::SVE::AVE.TRANSCODECONFIGGLOBALS_AVEPIPECONFIG @ 0x207dda000
CHIP::MEDIA::SVE::AVE.TRANSCODECONFIGGLOBALS_PICSIZEINMBS @ 0x207dda004
CHIP::MEDIA::SVE::AVE.TRANSCODECONFIGGLOBALS_MBPOSINIT @ 0x207dda008
CHIP::MEDIA::SVE::AVE.TRANSCODECONFIGGLOBALS_CONTEXTHEIGHT @ 0x207dda00c
CHIP::MEDIA::SVE::AVE.TRANSCODECONFIGGLOBALS_SPS @ 0x207dda010
CHIP::MEDIA::SVE::AVE.TRANSCODECONFIGGLOBALS_PPS @ 0x207dda014
CHIP::MEDIA::SVE::AVE.TRANSCODECONFIGGLOBALS_SLICEHEADER @ 0x207dda018
CHIP::MEDIA::SVE::AVE.TRANSCODECONFIGGLOBALS_SKIPDIRECTENABLE @ 0x207dda01c
CHIP::MEDIA::SVE::AVE.TRANSCODECONFIGGLOBALS_MEREFIDXMAPPING @ 0x207dda020
CHIP::MEDIA::SVE::AVE.TRANSCODECONFIGGLOBALS_WEIGHTEDPREDICTION @ 0x207dda030
CHIP::MEDIA::SVE::AVE.TRANSCODECONFIG_SOURCEGO @ 0x207dda080
CHIP::MEDIA::SVE::AVE.TRANSCODECONFIG_UPDATERESULTS @ 0x207dda084
CHIP::MEDIA::SVE::AVE.TRANSCODECONFIG_PUIRQEN @ 0x207dda088
CHIP::MEDIA::SVE::AVE.TRANSCODECONFIG_PUIRQ @ 0x207dda08c
CHIP::MEDIA::SVE::AVE.TRANSCODECONFIG_MODE @ 0x207dda090
CHIP::MEDIA::SVE::AVE.TRANSCODECONFIG_BITREADCOUNT @ 0x207dda094
CHIP::MEDIA::SVE::AVE.TRANSCODECONFIG_BITWRITECOUNT @ 0x207dda098
CHIP::MEDIA::SVE::AVE.TRANSCODECONFIG_BINCOUNTSINNALUNITS @ 0x207dda09c
CHIP::MEDIA::SVE::AVE.TRANSCODECONFIG_REGULARBINCOUNT @ 0x207dda0a0
CHIP::MEDIA::SVE::AVE.TRANSCODECONFIG_CTXCACHEMISSCOUNT @ 0x207dda0a4
CHIP::MEDIA::SVE::AVE.TRANSCODECONFIG_BINPROCESSINGCYCLES @ 0x207dda0a8
CHIP::MEDIA::SVE::AVE.TRANSCODECONFIG_ERRORCODE @ 0x207dda0ac
CHIP::MEDIA::SVE::AVE.TRANSCODECONFIG_ERRORVALUE @ 0x207dda0b0
CHIP::MEDIA::SVE::AVE.TRANSCODECONFIG_SHPOSQUEUE @ 0x207dda0b4
CHIP::MEDIA::SVE::AVE.TRANSCODECONFIG_SHPOSSIZE @ 0x207dda0f4
CHIP::MEDIA::SVE::AVE.TRANSCODECONFIG_SHPOSCOUNT @ 0x207dda0f8
CHIP::MEDIA::SVE::AVE.TRANSCODECONFIG_MBFIFOPUSH @ 0x207dda0fc
CHIP::MEDIA::SVE::AVE.TRANSCODECONFIG_MBFIFOPOP @ 0x207dda100
CHIP::MEDIA::SVE::AVE.TRANSCODECONFIG_MBFIFOREADY @ 0x207dda104
CHIP::MEDIA::SVE::AVE.TRANSCODECONFIG_CLOCKGATEENABLEBSH @ 0x207dda108
CHIP::MEDIA::SVE::AVE.TRANSCODECONFIG_CLOCKGATEENABLEXC @ 0x207dda10c
CHIP::MEDIA::SVE::AVE.TRANSCODECONFIG_CREDITCOUNT @ 0x207dda110
CHIP::MEDIA::SVE::AVE.TRANSCODECONFIG_SPARE @ 0x207dda114
CHIP::MEDIA::VDEC_IMGV42AF::VDEC_AFC_AIU_IMG4.AFC_AIU_IMG4_SELF_REGS_ARBCFG @ 0x207e00000
CHIP::MEDIA::VDEC_IMGV42AF::VDEC_AFC_AIU_IMG4.AFC_AIU_IMG4_SELF_REGS_DWCFG_LEG0 @ 0x207e00004
CHIP::MEDIA::VDEC_IMGV42AF::VDEC_AFC_AIU_IMG4.AFC_AIU_IMG4_SELF_REGS_DWCFG_LEG1 @ 0x207e00008
CHIP::MEDIA::VDEC_IMGV42AF::VDEC_AFC_AIU_IMG4.AFC_AIU_IMG4_SELF_REGS_DNRSP_CREDIT_ALLOC @ 0x207e0000c
CHIP::MEDIA::VDEC_IMGV42AF::VDEC_AFC_AIU_IMG4.AFC_AIU_IMG4_SELF_REGS_PIO_CREDIT_ALLOC @ 0x207e00010
CHIP::MEDIA::VDEC_IMGV42AF::VDEC_AFC_AIU_IMG4.AFC_AIU_IMG4_SELF_REGS_CPG_CNTL @ 0x207e00014
CHIP::MEDIA::VDEC_IMGV42AF::VDEC_AFC_AIU_IMG4.AFC_AIU_IMG4_SELF_REGS_LIMITED_BW_THRESHOLD @ 0x207e00018
CHIP::MEDIA::VDEC_IMGV42AF::VDEC_AFC_AIU_IMG4.AFC_AIU_PERF_CNTR_IMG4_AW_PERF_CNTR_CNTRL @ 0x207e04000
CHIP::MEDIA::VDEC_IMGV42AF::VDEC_AFC_AIU_IMG4.AFC_AIU_PERF_CNTR_IMG4_AW_DEPTH_CNTR_STATUS @ 0x207e04004
CHIP::MEDIA::VDEC_IMGV42AF::VDEC_AFC_AIU_IMG4.AFC_AIU_PERF_CNTR_IMG4_AW_LATENCY_CNTR_STATUS @ 0x207e04008
CHIP::MEDIA::VDEC_IMGV42AF::VDEC_AFC_AIU_IMG4.AFC_AIU_PERF_CNTR_IMG4_AW_THROUGHPUT_CNTR_STATUS @ 0x207e0400c
CHIP::MEDIA::VDEC_IMGV42AF::VDEC_AFC_AIU_IMG4.AFC_AIU_PERF_CNTR_IMG4_AR_PERF_CNTR_CNTRL @ 0x207e04010
CHIP::MEDIA::VDEC_IMGV42AF::VDEC_AFC_AIU_IMG4.AFC_AIU_PERF_CNTR_IMG4_AR_DEPTH_CNTR_STATUS @ 0x207e04014
CHIP::MEDIA::VDEC_IMGV42AF::VDEC_AFC_AIU_IMG4.AFC_AIU_PERF_CNTR_IMG4_AR_LATENCY_CNTR_STATUS @ 0x207e04018
CHIP::MEDIA::VDEC_IMGV42AF::VDEC_AFC_AIU_IMG4.AFC_AIU_PERF_CNTR_IMG4_AR_THROUGHPUT_CNTR_STATUS @ 0x207e0401c
CHIP::MEDIA::VDEC_IMGV42AF::VDEC_AFC_AIU_IMG4.AFC_AIU_PERF_CNTR_IMG4_AW_BYTE_CNTR_CNTRL @ 0x207e04100
CHIP::MEDIA::VDEC_IMGV42AF::VDEC_AFC_AIU_IMG4.AFC_AIU_PERF_CNTR_IMG4_AW_BYTE_CNTR_LSB_STATUS @ 0x207e04104
CHIP::MEDIA::VDEC_IMGV42AF::VDEC_AFC_AIU_IMG4.AFC_AIU_PERF_CNTR_IMG4_AW_BYTE_CNTR_MSB_STATUS @ 0x207e04108
CHIP::MEDIA::VDEC_IMGV42AF::VDEC_AFC_AIU_IMG4.AFC_AIU_PERF_CNTR_IMG4_AR_BYTE_CNTR_CNTRL @ 0x207e0410c
CHIP::MEDIA::VDEC_IMGV42AF::VDEC_AFC_AIU_IMG4.AFC_AIU_PERF_CNTR_IMG4_AR_BYTE_CNTR_LSB_STATUS @ 0x207e04110
CHIP::MEDIA::VDEC_IMGV42AF::VDEC_AFC_AIU_IMG4.AFC_AIU_PERF_CNTR_IMG4_AR_BYTE_CNTR_MSB_STATUS @ 0x207e04114
CHIP::MEDIA::VDEC_IMGV42AF::VDEC_IMG4_CACHE_OVERRIDE.IMG4_CACHE_OVERRIDE_WR_CACHE_HINT_00 @ 0x207e80000
CHIP::MEDIA::VDEC_IMGV42AF::VDEC_IMG4_CACHE_OVERRIDE.IMG4_CACHE_OVERRIDE_WR_CACHE_HINT_01 @ 0x207e80004
CHIP::MEDIA::VDEC_IMGV42AF::VDEC_IMG4_CACHE_OVERRIDE.IMG4_CACHE_OVERRIDE_WR_CACHE_HINT_10 @ 0x207e80008
CHIP::MEDIA::VDEC_IMGV42AF::VDEC_IMG4_CACHE_OVERRIDE.IMG4_CACHE_OVERRIDE_WR_CACHE_HINT_11 @ 0x207e8000c
CHIP::MEDIA::VDEC_IMGV42AF::VDEC_IMG4_CACHE_OVERRIDE.IMG4_CACHE_OVERRIDE_RD_CACHE_HINT_00 @ 0x207e80010
CHIP::MEDIA::VDEC_IMGV42AF::VDEC_IMG4_CACHE_OVERRIDE.IMG4_CACHE_OVERRIDE_RD_CACHE_HINT_01 @ 0x207e80014
CHIP::MEDIA::VDEC_IMGV42AF::VDEC_IMG4_CACHE_OVERRIDE.IMG4_CACHE_OVERRIDE_RD_CACHE_HINT_10 @ 0x207e80018
CHIP::MEDIA::VDEC_IMGV42AF::VDEC_IMG4_CACHE_OVERRIDE.IMG4_CACHE_OVERRIDE_RD_CACHE_HINT_11 @ 0x207e8001c
CHIP::MEDIA::VDEC_IMGV42AF::VDEC_IMG4_CACHE_OVERRIDE.IMG4_CACHE_OVERRIDE_WR_DATA_SET_ID_00 @ 0x207e80020
CHIP::MEDIA::VDEC_IMGV42AF::VDEC_IMG4_CACHE_OVERRIDE.IMG4_CACHE_OVERRIDE_WR_DATA_SET_ID_01 @ 0x207e80024
CHIP::MEDIA::VDEC_IMGV42AF::VDEC_IMG4_CACHE_OVERRIDE.IMG4_CACHE_OVERRIDE_WR_DATA_SET_ID_10 @ 0x207e80028
CHIP::MEDIA::VDEC_IMGV42AF::VDEC_IMG4_CACHE_OVERRIDE.IMG4_CACHE_OVERRIDE_WR_DATA_SET_ID_11 @ 0x207e8002c
CHIP::MEDIA::VDEC_IMGV42AF::VDEC_IMG4_CACHE_OVERRIDE.IMG4_CACHE_OVERRIDE_RD_DATA_SET_ID_00 @ 0x207e80030
CHIP::MEDIA::VDEC_IMGV42AF::VDEC_IMG4_CACHE_OVERRIDE.IMG4_CACHE_OVERRIDE_RD_DATA_SET_ID_01 @ 0x207e80034
CHIP::MEDIA::VDEC_IMGV42AF::VDEC_IMG4_CACHE_OVERRIDE.IMG4_CACHE_OVERRIDE_RD_DATA_SET_ID_10 @ 0x207e80038
CHIP::MEDIA::VDEC_IMGV42AF::VDEC_IMG4_CACHE_OVERRIDE.IMG4_CACHE_OVERRIDE_RD_DATA_SET_ID_11 @ 0x207e8003c
CHIP::MEDIA::VDEC_IMGV42AF::VDEC_IMG4_CACHE_OVERRIDE.IMG4_CACHE_OVERRIDE_BRIDGE_STATUS @ 0x207e80040
CHIP::MEDIA::VDEC_IMGV42AF::VDEC_IMG4_CACHE_OVERRIDE.IMG4_CACHE_OVERRIDE_RESERVED_0 @ 0x207e80044
CHIP::MEDIA::VDEC_IMGV42AF::VDEC_IMG4_CACHE_OVERRIDE.IMG4_CACHE_OVERRIDE_FENCE_CONFIG @ 0x207e80048
CHIP::MEDIA::VDEC_IMG_CFG.MTX_CORE_CR_MTX_ENABLE @ 0x207f00000
CHIP::MEDIA::VDEC_IMG_CFG.MTX_CORE_CR_MTX_STATUS @ 0x207f00008
CHIP::MEDIA::VDEC_IMG_CFG.MTX_CORE_CR_MTX_KICK @ 0x207f00080
CHIP::MEDIA::VDEC_IMG_CFG.MTX_CORE_CR_MTX_KICKI @ 0x207f00088
CHIP::MEDIA::VDEC_IMG_CFG.MTX_CORE_CR_MTX_FAULT0 @ 0x207f00090
CHIP::MEDIA::VDEC_IMG_CFG.MTX_CORE_CR_MTX_REGISTER_READ_WRITE_DATA @ 0x207f000f8
CHIP::MEDIA::VDEC_IMG_CFG.MTX_CORE_CR_MTX_REGISTER_READ_WRITE_REQUEST @ 0x207f000fc
CHIP::MEDIA::VDEC_IMG_CFG.MTX_CORE_CR_MTX_RAM_ACCESS_DATA_EXCHANGE @ 0x207f00100
CHIP::MEDIA::VDEC_IMG_CFG.MTX_CORE_CR_MTX_RAM_ACCESS_DATA_TRANSFER @ 0x207f00104
CHIP::MEDIA::VDEC_IMG_CFG.MTX_CORE_CR_MTX_RAM_ACCESS_CONTROL @ 0x207f00108
CHIP::MEDIA::VDEC_IMG_CFG.MTX_CORE_CR_MTX_RAM_ACCESS_STATUS @ 0x207f0010c
CHIP::MEDIA::VDEC_IMG_CFG.MTX_CORE_CR_MTX_SOFT_RESET @ 0x207f00200
CHIP::MEDIA::VDEC_IMG_CFG.MTX_CORE_CR_MTX_SYSC_TIMERDIV @ 0x207f00208
CHIP::MEDIA::VDEC_IMG_CFG.MTX_CORE_CR_MTX_SYSC_CDMAC @ 0x207f00340
CHIP::MEDIA::VDEC_IMG_CFG.MTX_CORE_CR_MTX_SYSC_CDMAA @ 0x207f00344
CHIP::MEDIA::VDEC_IMG_CFG.MTX_CORE_CR_MTX_SYSC_CDMAS0 @ 0x207f00348
CHIP::MEDIA::VDEC_IMG_CFG.MTX_CORE_CR_MTX_SYSC_CDMAS1 @ 0x207f0034c
CHIP::MEDIA::VDEC_IMG_CFG.MTX_CORE_CR_MTX_SYSC_CDMAT @ 0x207f00350
CHIP::MEDIA::VDEC_IMG_CFG.PVDEC_CORE_CR_PVDEC_SOFT_RESET @ 0x207f00400
CHIP::MEDIA::VDEC_IMG_CFG.PVDEC_CORE_CR_PVDEC_HOST_INTERRUPT_STATUS @ 0x207f00410
CHIP::MEDIA::VDEC_IMG_CFG.PVDEC_CORE_CR_PVDEC_INTERRUPT_CLEAR @ 0x207f00414
CHIP::MEDIA::VDEC_IMG_CFG.PVDEC_CORE_CR_PVDEC_HOST_INTERRUPT_ENABLE @ 0x207f00418
CHIP::MEDIA::VDEC_IMG_CFG.PVDEC_CORE_CR_PVDEC_PROC1_INTERRUPT_STATUS @ 0x207f00420
CHIP::MEDIA::VDEC_IMG_CFG.PVDEC_CORE_CR_PVDEC_PROC1_INTERRUPT_ENABLE @ 0x207f00428
CHIP::MEDIA::VDEC_IMG_CFG.PVDEC_CORE_CR_PVDEC_PROC2_INTERRUPT_STATUS @ 0x207f00430
CHIP::MEDIA::VDEC_IMG_CFG.PVDEC_CORE_CR_PVDEC_PROC2_INTERRUPT_ENABLE @ 0x207f00438
CHIP::MEDIA::VDEC_IMG_CFG.PVDEC_CORE_CR_PVDEC_MAN_CLK_ENABLE @ 0x207f00440
CHIP::MEDIA::VDEC_IMG_CFG.PVDEC_CORE_CR_PVDEC_AUTO_CLK_ENABLE @ 0x207f00444
CHIP::MEDIA::VDEC_IMG_CFG.PVDEC_CORE_CR_PVDEC_PROC_MONITOR_ENABLE @ 0x207f00448
CHIP::MEDIA::VDEC_IMG_CFG.PVDEC_CORE_CR_PVDEC_HOST_PIPE_SELECT @ 0x207f00460
CHIP::MEDIA::VDEC_IMG_CFG.PVDEC_CORE_CR_PVDEC_PROC_PIPE_SELECT @ 0x207f00464
CHIP::MEDIA::VDEC_IMG_CFG.PVDEC_CORE_CR_PVDEC_TIMEOUT_CTRL @ 0x207f00470
CHIP::MEDIA::VDEC_IMG_CFG.PVDEC_CORE_CR_SYS_PVDEC_WDT_CONTROL @ 0x207f00480
CHIP::MEDIA::VDEC_IMG_CFG.PVDEC_CORE_CR_SYS_PVDEC_WDTIMER @ 0x207f00484
CHIP::MEDIA::VDEC_IMG_CFG.PVDEC_CORE_CR_PVDEC_REQ_PRIORITY @ 0x207f00490
CHIP::MEDIA::VDEC_IMG_CFG.PVDEC_CORE_CR_PROC_DEBUG @ 0x207f00500
CHIP::MEDIA::VDEC_IMG_CFG.PVDEC_CORE_CR_PROC_DMAC_CONTROL @ 0x207f00504
CHIP::MEDIA::VDEC_IMG_CFG.PVDEC_CORE_CR_PVDEC_RTM_STATUS @ 0x207f00600
CHIP::MEDIA::VDEC_IMG_CFG.PVDEC_CORE_CR_PVDEC_RTM_SELECT @ 0x207f00604
CHIP::MEDIA::VDEC_IMG_CFG.PVDEC_CORE_CR_PVDEC_INTERNAL @ 0x207f00608
CHIP::MEDIA::VDEC_IMG_CFG.PVDEC_CORE_CR_PVDEC_CORE_ID @ 0x207f00630
CHIP::MEDIA::VDEC_IMG_CFG.PVDEC_CORE_CR_PVDEC_CORE_REV @ 0x207f00640
CHIP::MEDIA::VDEC_IMG_CFG.PVDEC_CORE_CR_PVDEC_RSVD0 @ 0x207f00670
CHIP::MEDIA::VDEC_IMG_CFG.IMG_VIDEO_BUS4_MMU_MMU_CONTROL0 @ 0x207f01000
CHIP::MEDIA::VDEC_IMG_CFG.IMG_VIDEO_BUS4_MMU_MMU_CONTROL1 @ 0x207f01008
CHIP::MEDIA::VDEC_IMG_CFG.IMG_VIDEO_BUS4_MMU_MMU_BANK_INDEX @ 0x207f01010
CHIP::MEDIA::VDEC_IMG_CFG.IMG_VIDEO_BUS4_MMU_REQUEST_PRIORITY_ENABLE @ 0x207f01018
CHIP::MEDIA::VDEC_IMG_CFG.IMG_VIDEO_BUS4_MMU_REQUEST_LIMITED_THROUGHPUT @ 0x207f0101c
CHIP::MEDIA::VDEC_IMG_CFG.IMG_VIDEO_BUS4_MMU_MMU_DIR_BASE_ADDR_00 @ 0x207f01020
CHIP::MEDIA::VDEC_IMG_CFG.IMG_VIDEO_BUS4_MMU_MMU_DIR_BASE_ADDR_01 @ 0x207f01024
CHIP::MEDIA::VDEC_IMG_CFG.IMG_VIDEO_BUS4_MMU_MMU_DIR_BASE_ADDR_02 @ 0x207f01028
CHIP::MEDIA::VDEC_IMG_CFG.IMG_VIDEO_BUS4_MMU_MMU_DIR_BASE_ADDR_03 @ 0x207f0102c
CHIP::MEDIA::VDEC_IMG_CFG.IMG_VIDEO_BUS4_MMU_MMU_TILE_CFG_00 @ 0x207f01040
CHIP::MEDIA::VDEC_IMG_CFG.IMG_VIDEO_BUS4_MMU_MMU_TILE_CFG_01 @ 0x207f01044
CHIP::MEDIA::VDEC_IMG_CFG.IMG_VIDEO_BUS4_MMU_MMU_TILE_CFG_02 @ 0x207f01048
CHIP::MEDIA::VDEC_IMG_CFG.IMG_VIDEO_BUS4_MMU_MMU_TILE_CFG_03 @ 0x207f0104c
CHIP::MEDIA::VDEC_IMG_CFG.IMG_VIDEO_BUS4_MMU_MMU_TILE_MIN_ADDR_00 @ 0x207f01050
CHIP::MEDIA::VDEC_IMG_CFG.IMG_VIDEO_BUS4_MMU_MMU_TILE_MIN_ADDR_01 @ 0x207f01054
CHIP::MEDIA::VDEC_IMG_CFG.IMG_VIDEO_BUS4_MMU_MMU_TILE_MIN_ADDR_02 @ 0x207f01058
CHIP::MEDIA::VDEC_IMG_CFG.IMG_VIDEO_BUS4_MMU_MMU_TILE_MIN_ADDR_03 @ 0x207f0105c
CHIP::MEDIA::VDEC_IMG_CFG.IMG_VIDEO_BUS4_MMU_MMU_TILE_MAX_ADDR_00 @ 0x207f01060
CHIP::MEDIA::VDEC_IMG_CFG.IMG_VIDEO_BUS4_MMU_MMU_TILE_MAX_ADDR_01 @ 0x207f01064
CHIP::MEDIA::VDEC_IMG_CFG.IMG_VIDEO_BUS4_MMU_MMU_TILE_MAX_ADDR_02 @ 0x207f01068
CHIP::MEDIA::VDEC_IMG_CFG.IMG_VIDEO_BUS4_MMU_MMU_TILE_MAX_ADDR_03 @ 0x207f0106c
CHIP::MEDIA::VDEC_IMG_CFG.IMG_VIDEO_BUS4_MMU_MMU_ADDRESS_CONTROL @ 0x207f01070
CHIP::MEDIA::VDEC_IMG_CFG.IMG_VIDEO_BUS4_MMU_MMU_CONFIG0 @ 0x207f01080
CHIP::MEDIA::VDEC_IMG_CFG.IMG_VIDEO_BUS4_MMU_MMU_CONFIG1 @ 0x207f01084
CHIP::MEDIA::VDEC_IMG_CFG.IMG_VIDEO_BUS4_MMU_MMU_STATUS0 @ 0x207f01088
CHIP::MEDIA::VDEC_IMG_CFG.IMG_VIDEO_BUS4_MMU_MMU_STATUS1 @ 0x207f0108c
CHIP::MEDIA::VDEC_IMG_CFG.IMG_VIDEO_BUS4_MMU_MMU_MEM_REQ @ 0x207f01090
CHIP::MEDIA::VDEC_IMG_CFG.IMG_VIDEO_BUS4_MMU_MMU_FAULT_SELECT @ 0x207f010a0
CHIP::MEDIA::VDEC_IMG_CFG.IMG_VIDEO_BUS4_MMU_PROTOCOL_FAULT @ 0x207f010a8
CHIP::MEDIA::VDEC_IMG_CFG.IMG_VIDEO_BUS4_MMU_TOTAL_READ_REQ @ 0x207f01100
CHIP::MEDIA::VDEC_IMG_CFG.IMG_VIDEO_BUS4_MMU_TOTAL_WRITE_REQ @ 0x207f01104
CHIP::MEDIA::VDEC_IMG_CFG.IMG_VIDEO_BUS4_MMU_READS_LESS_64_REQ @ 0x207f01108
CHIP::MEDIA::VDEC_IMG_CFG.IMG_VIDEO_BUS4_MMU_WRITES_LESS_64_REQ @ 0x207f0110c
CHIP::MEDIA::VDEC_IMG_CFG.IMG_VIDEO_BUS4_MMU_EXT_CMD_STALL @ 0x207f01120
CHIP::MEDIA::VDEC_IMG_CFG.IMG_VIDEO_BUS4_MMU_WRITE_REQ_STALL @ 0x207f01124
CHIP::MEDIA::VDEC_IMG_CFG.IMG_VIDEO_BUS4_MMU_MMU_MISS_STALL @ 0x207f01128
CHIP::MEDIA::VDEC_IMG_CFG.IMG_VIDEO_BUS4_MMU_ADDRESS_STALL @ 0x207f0112c
CHIP::MEDIA::VDEC_IMG_CFG.IMG_VIDEO_BUS4_MMU_TAG_STALL @ 0x207f01130
CHIP::MEDIA::VDEC_IMG_CFG.IMG_VIDEO_BUS4_MMU_PEAK_READ_OUTSTANDING @ 0x207f01140
CHIP::MEDIA::VDEC_IMG_CFG.IMG_VIDEO_BUS4_MMU_AVERAGE_READ_LATENCY @ 0x207f01144
CHIP::MEDIA::VDEC_IMG_CFG.IMG_VIDEO_BUS4_MMU_STATISTICS_CONTROL @ 0x207f01160
CHIP::MEDIA::VDEC_IMG_CFG.IMG_VIDEO_BUS4_MMU_MMU_VERSION @ 0x207f011d0
CHIP::MEDIA::VDEC_IMG_CFG.PVDEC_ENTROPY_CR_ENTROPY_INTERRUPT_STATUS @ 0x207f03008
CHIP::MEDIA::VDEC_IMG_CFG.PVDEC_ENTROPY_CR_ENTROPY_INTERRUPT_CLEAR @ 0x207f0300c
CHIP::MEDIA::VDEC_IMG_CFG.PVDEC_ENTROPY_CR_ENTROPY_HOST_INTERRUPT_ENABLE @ 0x207f03010
CHIP::MEDIA::VDEC_IMG_CFG.PVDEC_ENTROPY_CR_ENTROPY_PROC1_INTERRUPT_ENABLE @ 0x207f03014
CHIP::MEDIA::VDEC_IMG_CFG.PVDEC_ENTROPY_CR_ENTROPY_PROC2_INTERRUPT_ENABLE @ 0x207f03018
CHIP::MEDIA::VDEC_IMG_CFG.PVDEC_ENTROPY_CR_ENTROPY_WDT_CONTROL @ 0x207f03030
CHIP::MEDIA::VDEC_IMG_CFG.PVDEC_ENTROPY_CR_ENTROPY_WDTIMER @ 0x207f03034
CHIP::MEDIA::VDEC_IMG_CFG.PVDEC_ENTROPY_CR_ENTROPY_WDT_COMPAREMATCH @ 0x207f03038
CHIP::MEDIA::VDEC_IMG_CFG.PVDEC_ENTROPY_CR_ENTROPY_SHIFTREG_SELECT @ 0x207f0303c
CHIP::MEDIA::VDEC_IMG_CFG.PVDEC_ENTROPY_CR_ENTROPY_SHIFTREG_CONTROL_00 @ 0x207f03040
CHIP::MEDIA::VDEC_IMG_CFG.PVDEC_ENTROPY_CR_ENTROPY_SHIFTREG_BYTE_COUNT_00 @ 0x207f03044
CHIP::MEDIA::VDEC_IMG_CFG.PVDEC_ENTROPY_CR_ENTROPY_SHIFTREG_STREAMIN_00 @ 0x207f03048
CHIP::MEDIA::VDEC_IMG_CFG.PVDEC_ENTROPY_CR_ENTROPY_SHIFTREG_EMULATION_COUNT_00 @ 0x207f0304c
CHIP::MEDIA::VDEC_IMG_CFG.PVDEC_ENTROPY_CR_ENTROPY_SHIFTREG_CONTROL_01 @ 0x207f03050
CHIP::MEDIA::VDEC_IMG_CFG.PVDEC_ENTROPY_CR_ENTROPY_SHIFTREG_BYTE_COUNT_01 @ 0x207f03054
CHIP::MEDIA::VDEC_IMG_CFG.PVDEC_ENTROPY_CR_ENTROPY_SHIFTREG_STREAMIN_01 @ 0x207f03058
CHIP::MEDIA::VDEC_IMG_CFG.PVDEC_ENTROPY_CR_ENTROPY_SHIFTREG_EMULATION_COUNT_01 @ 0x207f0305c
CHIP::MEDIA::VDEC_IMG_CFG.PVDEC_ENTROPY_CR_ENTROPY_SHIFTREG_COPRO_RESP_MSWRD @ 0x207f03060
CHIP::MEDIA::VDEC_IMG_CFG.PVDEC_ENTROPY_CR_ENTROPY_SHIFTREG_COPRO_RESP_LSWRD @ 0x207f03064
CHIP::MEDIA::VDEC_IMG_CFG.PVDEC_ENTROPY_CR_ENTROPY_SHIFTREG_COPRO_CMD_MSWRD @ 0x207f03068
CHIP::MEDIA::VDEC_IMG_CFG.PVDEC_ENTROPY_CR_ENTROPY_GENC_CONTROL @ 0x207f03080
CHIP::MEDIA::VDEC_IMG_CFG.PVDEC_ENTROPY_CR_ENTROPY_SLICE_PARAMETER_ADDRESS @ 0x207f03090
CHIP::MEDIA::VDEC_IMG_CFG.PVDEC_ENTROPY_CR_ENTROPY_SLICE_PARAMETER_SIZE @ 0x207f03094
CHIP::MEDIA::VDEC_IMG_CFG.PVDEC_ENTROPY_CR_GENC_FRAGMENT_BASE_ADDRESS @ 0x207f03098
CHIP::MEDIA::VDEC_IMG_CFG.PVDEC_ENTROPY_CR_ENTROPY_CODEC @ 0x207f030a0
CHIP::MEDIA::VDEC_IMG_CFG.PVDEC_ENTROPY_CR_ENTROPY_CODED_PICTURE_SIZE @ 0x207f030a8
CHIP::MEDIA::VDEC_IMG_CFG.PVDEC_ENTROPY_CR_ENTROPY_SLICE_START @ 0x207f030b0
CHIP::MEDIA::VDEC_IMG_CFG.PVDEC_ENTROPY_CR_ENTROPY_SLICE_END @ 0x207f030b4
CHIP::MEDIA::VDEC_IMG_CFG.PVDEC_ENTROPY_CR_ENTROPY_STATUS @ 0x207f030b8
CHIP::MEDIA::VDEC_IMG_CFG.PVDEC_ENTROPY_CR_ENTROPY_LAST_MB @ 0x207f030bc
CHIP::MEDIA::VDEC_IMG_CFG.PVDEC_ENTROPY_CR_ENTROPY_PIPE_CONFIG @ 0x207f030c0
CHIP::MEDIA::VDEC_IMG_CFG.PVDEC_ENTROPY_CR_GENC_BUFFER_SIZE_00 @ 0x207f03100
CHIP::MEDIA::VDEC_IMG_CFG.PVDEC_ENTROPY_CR_GENC_BUFFER_SIZE_01 @ 0x207f03104
CHIP::MEDIA::VDEC_IMG_CFG.PVDEC_ENTROPY_CR_GENC_BUFFER_SIZE_02 @ 0x207f03108
CHIP::MEDIA::VDEC_IMG_CFG.PVDEC_ENTROPY_CR_GENC_BUFFER_SIZE_03 @ 0x207f0310c
CHIP::MEDIA::VDEC_IMG_CFG.PVDEC_ENTROPY_CR_GENC_BUFFER_BASE_ADDRESS_00 @ 0x207f03110
CHIP::MEDIA::VDEC_IMG_CFG.PVDEC_ENTROPY_CR_GENC_BUFFER_BASE_ADDRESS_01 @ 0x207f03114
CHIP::MEDIA::VDEC_IMG_CFG.PVDEC_ENTROPY_CR_GENC_BUFFER_BASE_ADDRESS_02 @ 0x207f03118
CHIP::MEDIA::VDEC_IMG_CFG.PVDEC_ENTROPY_CR_GENC_BUFFER_BASE_ADDRESS_03 @ 0x207f0311c
CHIP::MEDIA::VDEC_IMG_CFG.PVDEC_ENTROPY_CR_GENC_BUFFER_WRITE_POINTER_00 @ 0x207f03120
CHIP::MEDIA::VDEC_IMG_CFG.PVDEC_ENTROPY_CR_GENC_BUFFER_WRITE_POINTER_01 @ 0x207f03124
CHIP::MEDIA::VDEC_IMG_CFG.PVDEC_ENTROPY_CR_GENC_BUFFER_WRITE_POINTER_02 @ 0x207f03128
CHIP::MEDIA::VDEC_IMG_CFG.PVDEC_ENTROPY_CR_GENC_BUFFER_WRITE_POINTER_03 @ 0x207f0312c
CHIP::MEDIA::VDEC_IMG_CFG.PVDEC_ENTROPY_CR_GENC_BUFFER_READ_POINTER_00 @ 0x207f03130
CHIP::MEDIA::VDEC_IMG_CFG.PVDEC_ENTROPY_CR_GENC_BUFFER_READ_POINTER_01 @ 0x207f03134
CHIP::MEDIA::VDEC_IMG_CFG.PVDEC_ENTROPY_CR_GENC_BUFFER_READ_POINTER_02 @ 0x207f03138
CHIP::MEDIA::VDEC_IMG_CFG.PVDEC_ENTROPY_CR_GENC_BUFFER_READ_POINTER_03 @ 0x207f0313c
CHIP::MEDIA::VDEC_IMG_CFG.PVDEC_ENTROPY_CR_GENC_CONTEXT0 @ 0x207f03180
CHIP::MEDIA::VDEC_IMG_CFG.PVDEC_ENTROPY_CR_GENC_CONTEXT1 @ 0x207f03184
CHIP::MEDIA::VDEC_IMG_CFG.PVDEC_ENTROPY_CR_GENC_BUFFER_SIGNATURE_00 @ 0x207f031c0
CHIP::MEDIA::VDEC_IMG_CFG.PVDEC_ENTROPY_CR_GENC_BUFFER_SIGNATURE_01 @ 0x207f031c4
CHIP::MEDIA::VDEC_IMG_CFG.PVDEC_ENTROPY_CR_GENC_BUFFER_SIGNATURE_02 @ 0x207f031c8
CHIP::MEDIA::VDEC_IMG_CFG.PVDEC_ENTROPY_CR_GENC_BUFFER_SIGNATURE_03 @ 0x207f031cc
CHIP::MEDIA::VDEC_IMG_CFG.PVDEC_ENTROPY_CR_GENC_FRAGMENT_SIGNATURE @ 0x207f031d0
CHIP::MEDIA::VDEC_IMG_CFG.PVDEC_ENTROPY_CR_GENC_ENGINE_OUTPUT_SIGNATURE @ 0x207f031e0
CHIP::MEDIA::VDEC_IMG_CFG.PVDEC_ENTROPY_CR_SIGNATURE_INIT @ 0x207f031fc
CHIP::MEDIA::VDEC_IMG_CFG.PVDEC_ENTROPY_HEVC_CR_HEVC_SPS_PARAM_0 @ 0x207f03400
CHIP::MEDIA::VDEC_IMG_CFG.PVDEC_ENTROPY_HEVC_CR_HEVC_SPS_PARAM_1 @ 0x207f03404
CHIP::MEDIA::VDEC_IMG_CFG.PVDEC_ENTROPY_HEVC_CR_HEVC_PPS_PARAM_0 @ 0x207f03408
CHIP::MEDIA::VDEC_IMG_CFG.PVDEC_ENTROPY_HEVC_CR_HEVC_INDEPENDENT_SLICE_START @ 0x207f03410
CHIP::MEDIA::VDEC_IMG_CFG.PVDEC_ENTROPY_HEVC_CR_HEVC_SLICE_PARAM_0 @ 0x207f03414
CHIP::MEDIA::VDEC_IMG_CFG.PVDEC_ENTROPY_HEVC_CR_HEVC_TILE_LEFT_POINTER_0 @ 0x207f03420
CHIP::MEDIA::VDEC_IMG_CFG.PVDEC_ENTROPY_HEVC_CR_HEVC_TILE_LEFT_POINTER_1 @ 0x207f03424
CHIP::MEDIA::VDEC_IMG_CFG.PVDEC_ENTROPY_HEVC_CR_HEVC_TILE_COLUMN_BOUNDARY_00 @ 0x207f03440
CHIP::MEDIA::VDEC_IMG_CFG.PVDEC_ENTROPY_HEVC_CR_HEVC_TILE_COLUMN_BOUNDARY_01 @ 0x207f03444
CHIP::MEDIA::VDEC_IMG_CFG.PVDEC_ENTROPY_HEVC_CR_HEVC_TILE_COLUMN_BOUNDARY_02 @ 0x207f03448
CHIP::MEDIA::VDEC_IMG_CFG.PVDEC_ENTROPY_HEVC_CR_HEVC_TILE_COLUMN_BOUNDARY_03 @ 0x207f0344c
CHIP::MEDIA::VDEC_IMG_CFG.PVDEC_ENTROPY_HEVC_CR_HEVC_TILE_COLUMN_BOUNDARY_04 @ 0x207f03450
CHIP::MEDIA::VDEC_IMG_CFG.PVDEC_ENTROPY_HEVC_CR_HEVC_TILE_COLUMN_BOUNDARY_05 @ 0x207f03454
CHIP::MEDIA::VDEC_IMG_CFG.PVDEC_ENTROPY_HEVC_CR_HEVC_TILE_COLUMN_BOUNDARY_06 @ 0x207f03458
CHIP::MEDIA::VDEC_IMG_CFG.PVDEC_ENTROPY_HEVC_CR_HEVC_TILE_COLUMN_BOUNDARY_07 @ 0x207f0345c
CHIP::MEDIA::VDEC_IMG_CFG.PVDEC_ENTROPY_HEVC_CR_HEVC_TILE_COLUMN_BOUNDARY_08 @ 0x207f03460
CHIP::MEDIA::VDEC_IMG_CFG.PVDEC_ENTROPY_HEVC_CR_HEVC_TILE_COLUMN_BOUNDARY_09 @ 0x207f03464
CHIP::MEDIA::VDEC_IMG_CFG.PVDEC_ENTROPY_HEVC_CR_HEVC_TILE_COLUMN_BOUNDARY_10 @ 0x207f03468
CHIP::MEDIA::VDEC_IMG_CFG.PVDEC_ENTROPY_HEVC_CR_HEVC_TILE_COLUMN_BOUNDARY_11 @ 0x207f0346c
CHIP::MEDIA::VDEC_IMG_CFG.PVDEC_ENTROPY_HEVC_CR_HEVC_TILE_ROW_BOUNDARY_00 @ 0x207f03480
CHIP::MEDIA::VDEC_IMG_CFG.PVDEC_ENTROPY_HEVC_CR_HEVC_TILE_ROW_BOUNDARY_01 @ 0x207f03484
CHIP::MEDIA::VDEC_IMG_CFG.PVDEC_ENTROPY_HEVC_CR_HEVC_TILE_ROW_BOUNDARY_02 @ 0x207f03488
CHIP::MEDIA::VDEC_IMG_CFG.PVDEC_ENTROPY_HEVC_CR_HEVC_TILE_ROW_BOUNDARY_03 @ 0x207f0348c
CHIP::MEDIA::VDEC_IMG_CFG.PVDEC_ENTROPY_HEVC_CR_HEVC_TILE_ROW_BOUNDARY_04 @ 0x207f03490
CHIP::MEDIA::VDEC_IMG_CFG.PVDEC_ENTROPY_HEVC_CR_HEVC_TILE_ROW_BOUNDARY_05 @ 0x207f03494
CHIP::MEDIA::VDEC_IMG_CFG.PVDEC_ENTROPY_HEVC_CR_HEVC_TILE_ROW_BOUNDARY_06 @ 0x207f03498
CHIP::MEDIA::VDEC_IMG_CFG.PVDEC_ENTROPY_HEVC_CR_HEVC_TILE_ROW_BOUNDARY_07 @ 0x207f0349c
CHIP::MEDIA::VDEC_IMG_CFG.PVDEC_ENTROPY_HEVC_CR_HEVC_TILE_ROW_BOUNDARY_08 @ 0x207f034a0
CHIP::MEDIA::VDEC_IMG_CFG.PVDEC_ENTROPY_HEVC_CR_HEVC_TILE_ROW_BOUNDARY_09 @ 0x207f034a4
CHIP::MEDIA::VDEC_IMG_CFG.PVDEC_ENTROPY_HEVC_CR_HEVC_TILE_ROW_BOUNDARY_10 @ 0x207f034a8
CHIP::MEDIA::VDEC_IMG_CFG.PVDEC_ENTROPY_HEVC_CR_HEVC_TILE_ROW_BOUNDARY_11 @ 0x207f034ac
CHIP::MEDIA::VDEC_IMG_CFG.PVDEC_ENTROPY_HEVC_CR_HEVC_GENC_TILE_OFFSET @ 0x207f034c0
CHIP::MEDIA::VDEC_IMG_CFG.PVDEC_PIXEL_CR_PIXEL_SOFT_RESET @ 0x207f04000
CHIP::MEDIA::VDEC_IMG_CFG.PVDEC_PIXEL_CR_PIXEL_INTERRUPT_STATUS @ 0x207f04008
CHIP::MEDIA::VDEC_IMG_CFG.PVDEC_PIXEL_CR_PIXEL_INTERRUPT_CLEAR @ 0x207f0400c
CHIP::MEDIA::VDEC_IMG_CFG.PVDEC_PIXEL_CR_PIXEL_HOST_INTERRUPT_ENABLE @ 0x207f04010
CHIP::MEDIA::VDEC_IMG_CFG.PVDEC_PIXEL_CR_PIXEL_PROC1_INTERRUPT_ENABLE @ 0x207f04014
CHIP::MEDIA::VDEC_IMG_CFG.PVDEC_PIXEL_CR_PIXEL_PROC2_INTERRUPT_ENABLE @ 0x207f04018
CHIP::MEDIA::VDEC_IMG_CFG.PVDEC_PIXEL_CR_PIXEL_MAN_CLK_ENABLE @ 0x207f04020
CHIP::MEDIA::VDEC_IMG_CFG.PVDEC_PIXEL_CR_PIXEL_AUTO_CLK_ENABLE @ 0x207f04028
CHIP::MEDIA::VDEC_IMG_CFG.PVDEC_PIXEL_CR_PIXEL_CLK_STATUS @ 0x207f04030
CHIP::MEDIA::VDEC_IMG_CFG.PVDEC_PIXEL_CR_MSVDX_VEC_RENDEC_SPACE @ 0x207f04040
CHIP::MEDIA::VDEC_IMG_CFG.PVDEC_PIXEL_CR_PIXEL_DMAC_STREAM_INTERRUPT_ENABLE @ 0x207f04050
CHIP::MEDIA::VDEC_IMG_CFG.PVDEC_PIXEL_CR_PIXEL_DMAC_STREAM_STATUS @ 0x207f04054
CHIP::MEDIA::VDEC_IMG_CFG.PVDEC_PIXEL_CR_MSVDX_FE_WDT_CONTROL @ 0x207f04060
CHIP::MEDIA::VDEC_IMG_CFG.PVDEC_PIXEL_CR_MSVDX_FE_WDTIMER @ 0x207f04064
CHIP::MEDIA::VDEC_IMG_CFG.PVDEC_PIXEL_CR_MSVDX_FE_WDT_COMPAREMATCH @ 0x207f04068
CHIP::MEDIA::VDEC_IMG_CFG.PVDEC_PIXEL_CR_BE_WDT_CONTROL @ 0x207f04070
CHIP::MEDIA::VDEC_IMG_CFG.PVDEC_PIXEL_CR_BE_WDTIMER @ 0x207f04074
CHIP::MEDIA::VDEC_IMG_CFG.PVDEC_PIXEL_CR_BE_WDT_COMPAREMATCH @ 0x207f04078
CHIP::MEDIA::VDEC_IMG_CFG.PVDEC_PIXEL_CR_PVDEC_COMMAND_SPACE @ 0x207f04080
CHIP::MEDIA::VDEC_IMG_CFG.PVDEC_PIXEL_CR_PVDEC_COMMAND_BUFFER_CTRL @ 0x207f04084
CHIP::MEDIA::VDEC_IMG_CFG.PVDEC_PIXEL_CR_PIXEL_PIPE_CONFIG @ 0x207f040c0
CHIP::MEDIA::VDEC_IMG_CFG.PVDEC_PIXEL_CR_PIXEL_MISC_CONFIG @ 0x207f040c4
CHIP::MEDIA::VDEC_IMG_CFG.PVDEC_PIXEL_CR_VDMC_VDEB_COMMAND_SIGNATURE @ 0x207f040e0
CHIP::MEDIA::VDEC_IMG_CFG.PVDEC_PIXEL_CR_PIXEL_SIGNATURE_INIT @ 0x207f040f0
CHIP::MEDIA::VDEC_IMG_CFG.PVDEC_PIXEL_CR_PIXEL_MEMORY_DEBUG2 @ 0x207f040fc
CHIP::MEDIA::VDEC_IMG_CFG.PVDEC_VEC_BE_CR_VEC_BE_CONTROL @ 0x207f05000
CHIP::MEDIA::VDEC_IMG_CFG.PVDEC_VEC_BE_CR_VEC_BE_MULTIPIPE_OPERATION @ 0x207f05004
CHIP::MEDIA::VDEC_IMG_CFG.PVDEC_VEC_BE_CR_VEC_BE_CODED_PICTURE_SIZE @ 0x207f05010
CHIP::MEDIA::VDEC_IMG_CFG.PVDEC_VEC_BE_CR_VEC_BE_STATUS @ 0x207f05018
CHIP::MEDIA::VDEC_IMG_CFG.PVDEC_VEC_BE_CR_MEM_TO_REG_BASE_ADDRESS @ 0x207f05020
CHIP::MEDIA::VDEC_IMG_CFG.PVDEC_VEC_BE_CR_MEM_TO_REG_CONTROL @ 0x207f05024
CHIP::MEDIA::VDEC_IMG_CFG.PVDEC_VEC_BE_CR_GENC_FRAGMENT_BASE_ADDRESS @ 0x207f05030
CHIP::MEDIA::VDEC_IMG_CFG.PVDEC_VEC_BE_CR_GENC_BUFFER_SIZE_00 @ 0x207f05040
CHIP::MEDIA::VDEC_IMG_CFG.PVDEC_VEC_BE_CR_GENC_BUFFER_SIZE_01 @ 0x207f05044
CHIP::MEDIA::VDEC_IMG_CFG.PVDEC_VEC_BE_CR_GENC_BUFFER_SIZE_02 @ 0x207f05048
CHIP::MEDIA::VDEC_IMG_CFG.PVDEC_VEC_BE_CR_GENC_BUFFER_SIZE_03 @ 0x207f0504c
CHIP::MEDIA::VDEC_IMG_CFG.PVDEC_VEC_BE_CR_GENC_BUFFER_BASE_ADDRESS_00 @ 0x207f05050
CHIP::MEDIA::VDEC_IMG_CFG.PVDEC_VEC_BE_CR_GENC_BUFFER_BASE_ADDRESS_01 @ 0x207f05054
CHIP::MEDIA::VDEC_IMG_CFG.PVDEC_VEC_BE_CR_GENC_BUFFER_BASE_ADDRESS_02 @ 0x207f05058
CHIP::MEDIA::VDEC_IMG_CFG.PVDEC_VEC_BE_CR_GENC_BUFFER_BASE_ADDRESS_03 @ 0x207f0505c
CHIP::MEDIA::VDEC_IMG_CFG.PVDEC_VEC_BE_CR_GENC_BUFFER_READ_POINTER_00 @ 0x207f05060
CHIP::MEDIA::VDEC_IMG_CFG.PVDEC_VEC_BE_CR_GENC_BUFFER_READ_POINTER_01 @ 0x207f05064
CHIP::MEDIA::VDEC_IMG_CFG.PVDEC_VEC_BE_CR_GENC_BUFFER_READ_POINTER_02 @ 0x207f05068
CHIP::MEDIA::VDEC_IMG_CFG.PVDEC_VEC_BE_CR_GENC_BUFFER_READ_POINTER_03 @ 0x207f0506c
CHIP::MEDIA::VDEC_IMG_CFG.PVDEC_VEC_BE_CR_GENC_CONTEXT0 @ 0x207f05080
CHIP::MEDIA::VDEC_IMG_CFG.PVDEC_VEC_BE_CR_GENC_CONTEXT1 @ 0x207f05084
CHIP::MEDIA::VDEC_IMG_CFG.PVDEC_VEC_BE_CR_ABOVE_PARAM_BASE_ADDRESS @ 0x207f050c0
CHIP::MEDIA::VDEC_IMG_CFG.PVDEC_VEC_BE_CR_GENC_BUFFER_SIGNATURE_00 @ 0x207f05180
CHIP::MEDIA::VDEC_IMG_CFG.PVDEC_VEC_BE_CR_GENC_BUFFER_SIGNATURE_01 @ 0x207f05184
CHIP::MEDIA::VDEC_IMG_CFG.PVDEC_VEC_BE_CR_GENC_BUFFER_SIGNATURE_02 @ 0x207f05188
CHIP::MEDIA::VDEC_IMG_CFG.PVDEC_VEC_BE_CR_GENC_BUFFER_SIGNATURE_03 @ 0x207f0518c
CHIP::MEDIA::VDEC_IMG_CFG.PVDEC_VEC_BE_CR_GENC_FRAGMENT_SIGNATURE @ 0x207f05190
CHIP::MEDIA::VDEC_IMG_CFG.PVDEC_VEC_BE_CR_SLICE_STRUCTURE_SIGNATURE @ 0x207f05194
CHIP::MEDIA::VDEC_IMG_CFG.PVDEC_VEC_BE_CR_MEM_STRUCTURE_SIGNATURE @ 0x207f05198
CHIP::MEDIA::VDEC_IMG_CFG.PVDEC_VEC_BE_CR_DECODE_TO_COMMAND_PRIME_SIGNATURE @ 0x207f051a0
CHIP::MEDIA::VDEC_IMG_CFG.PVDEC_VEC_BE_CR_DECODE_TO_COMMAND_SECOND_SIGNATURE @ 0x207f051a4
CHIP::MEDIA::VDEC_IMG_CFG.PVDEC_VEC_BE_CR_DECODE_TO_RESIDUAL_PRIME_SIGNATURE @ 0x207f051a8
CHIP::MEDIA::VDEC_IMG_CFG.PVDEC_VEC_BE_CR_DECODE_TO_RESIDUAL_SECOND_SIGNATURE @ 0x207f051ac
CHIP::MEDIA::VDEC_IMG_CFG.PVDEC_VEC_BE_CR_COMMAND_ABOVE_READ_SIGNATURE @ 0x207f051b0
CHIP::MEDIA::VDEC_IMG_CFG.PVDEC_VEC_BE_CR_COMMAND_ABOVE_WRITE_SIGNATURE @ 0x207f051b4
CHIP::MEDIA::VDEC_IMG_CFG.PVDEC_VEC_BE_CR_TEMPORAL_READ_SIGNATURE @ 0x207f051b8
CHIP::MEDIA::VDEC_IMG_CFG.PVDEC_VEC_BE_CR_TEMPORAL_WRITE_SIGNATURE @ 0x207f051bc
CHIP::MEDIA::VDEC_IMG_CFG.PVDEC_VEC_BE_CR_COMMAND_OUTPUT_SIGNATURE @ 0x207f051c0
CHIP::MEDIA::VDEC_IMG_CFG.PVDEC_VEC_BE_CR_RESIDUAL_OUTPUT_SIGNATURE @ 0x207f051c4
CHIP::MEDIA::VDEC_IMG_CFG.PVDEC_VEC_BE_CR_GENC_DATA_REQ_SIGNATURE_00 @ 0x207f051d0
CHIP::MEDIA::VDEC_IMG_CFG.PVDEC_VEC_BE_CR_GENC_DATA_REQ_SIGNATURE_01 @ 0x207f051d4
CHIP::MEDIA::VDEC_IMG_CFG.PVDEC_VEC_BE_CR_GENC_DATA_REQ_SIGNATURE_02 @ 0x207f051d8
CHIP::MEDIA::VDEC_IMG_CFG.PVDEC_VEC_BE_CR_GENC_DATA_REQ_SIGNATURE_03 @ 0x207f051dc
CHIP::MEDIA::VDEC_IMG_CFG.PVDEC_VEC_BE_CR_GENC_FRAGMENT_REQ_SIGNATURE @ 0x207f051e0
CHIP::MEDIA::VDEC_IMG_CFG.PVDEC_VEC_BE_CR_SLICE_STRUCTURE_REQ_SIGNATURE @ 0x207f051e4
CHIP::MEDIA::VDEC_IMG_CFG.PVDEC_VEC_BE_CR_MEM_STRUCTURE_REQ_SIGNATURE @ 0x207f051e8
CHIP::MEDIA::VDEC_IMG_CFG.PVDEC_VEC_BE_GDEC_SYS_WR_CRC @ 0x207f051ec
CHIP::MEDIA::VDEC_IMG_CFG.PVDEC_VEC_BE_CR_SIGNATURE_INIT @ 0x207f051fc
CHIP::MEDIA::VDEC_IMG_CFG.PVDEC_VEC_BE_HEVC_CR_HEVC_SPS_PARAM_0 @ 0x207f05400
CHIP::MEDIA::VDEC_IMG_CFG.PVDEC_VEC_BE_HEVC_CR_HEVC_SPS_PARAM_1 @ 0x207f05404
CHIP::MEDIA::VDEC_IMG_CFG.PVDEC_VEC_BE_HEVC_CR_HEVC_PPS_PARAM_0 @ 0x207f05408
CHIP::MEDIA::VDEC_IMG_CFG.PVDEC_VEC_BE_HEVC_CR_HEVC_PPS_PARAM_1 @ 0x207f0540c
CHIP::MEDIA::VDEC_IMG_CFG.PVDEC_VEC_BE_HEVC_CR_HEVC_TEMPORAL_IN_BASE_ADDRESS @ 0x207f05430
CHIP::MEDIA::VDEC_IMG_CFG.PVDEC_VEC_BE_HEVC_CR_HEVC_TEMPORAL_OUT_BASE_ADDRESS @ 0x207f05434
CHIP::MEDIA::VDEC_IMG_CFG.PVDEC_VEC_BE_HEVC_CR_HEVC_DPB_LONGTERM @ 0x207f05438
CHIP::MEDIA::VDEC_IMG_CFG.PVDEC_VEC_BE_HEVC_CR_HEVC_COL_DPB_LONGTERM @ 0x207f0543c
CHIP::MEDIA::VDEC_IMG_CFG.PVDEC_VEC_BE_HEVC_CR_HEVC_DPB_PIC_ORDER_DIFF_00 @ 0x207f05440
CHIP::MEDIA::VDEC_IMG_CFG.PVDEC_VEC_BE_HEVC_CR_HEVC_DPB_PIC_ORDER_DIFF_01 @ 0x207f05444
CHIP::MEDIA::VDEC_IMG_CFG.PVDEC_VEC_BE_HEVC_CR_HEVC_DPB_PIC_ORDER_DIFF_02 @ 0x207f05448
CHIP::MEDIA::VDEC_IMG_CFG.PVDEC_VEC_BE_HEVC_CR_HEVC_DPB_PIC_ORDER_DIFF_03 @ 0x207f0544c
CHIP::MEDIA::VDEC_IMG_CFG.PVDEC_VEC_BE_HEVC_CR_HEVC_COL_DPB_PIC_ORDER_DIFF_00 @ 0x207f05450
CHIP::MEDIA::VDEC_IMG_CFG.PVDEC_VEC_BE_HEVC_CR_HEVC_COL_DPB_PIC_ORDER_DIFF_01 @ 0x207f05454
CHIP::MEDIA::VDEC_IMG_CFG.PVDEC_VEC_BE_HEVC_CR_HEVC_COL_DPB_PIC_ORDER_DIFF_02 @ 0x207f05458
CHIP::MEDIA::VDEC_IMG_CFG.PVDEC_VEC_BE_HEVC_CR_HEVC_COL_DPB_PIC_ORDER_DIFF_03 @ 0x207f0545c
CHIP::MEDIA::VDEC_IMG_CFG.PVDEC_VEC_BE_HEVC_CR_HEVC_TILE_COLUMN_BOUNDARY_00 @ 0x207f05480
CHIP::MEDIA::VDEC_IMG_CFG.PVDEC_VEC_BE_HEVC_CR_HEVC_TILE_COLUMN_BOUNDARY_01 @ 0x207f05484
CHIP::MEDIA::VDEC_IMG_CFG.PVDEC_VEC_BE_HEVC_CR_HEVC_TILE_COLUMN_BOUNDARY_02 @ 0x207f05488
CHIP::MEDIA::VDEC_IMG_CFG.PVDEC_VEC_BE_HEVC_CR_HEVC_TILE_COLUMN_BOUNDARY_03 @ 0x207f0548c
CHIP::MEDIA::VDEC_IMG_CFG.PVDEC_VEC_BE_HEVC_CR_HEVC_TILE_COLUMN_BOUNDARY_04 @ 0x207f05490
CHIP::MEDIA::VDEC_IMG_CFG.PVDEC_VEC_BE_HEVC_CR_HEVC_TILE_COLUMN_BOUNDARY_05 @ 0x207f05494
CHIP::MEDIA::VDEC_IMG_CFG.PVDEC_VEC_BE_HEVC_CR_HEVC_TILE_COLUMN_BOUNDARY_06 @ 0x207f05498
CHIP::MEDIA::VDEC_IMG_CFG.PVDEC_VEC_BE_HEVC_CR_HEVC_TILE_COLUMN_BOUNDARY_07 @ 0x207f0549c
CHIP::MEDIA::VDEC_IMG_CFG.PVDEC_VEC_BE_HEVC_CR_HEVC_TILE_COLUMN_BOUNDARY_08 @ 0x207f054a0
CHIP::MEDIA::VDEC_IMG_CFG.PVDEC_VEC_BE_HEVC_CR_HEVC_TILE_COLUMN_BOUNDARY_09 @ 0x207f054a4
CHIP::MEDIA::VDEC_IMG_CFG.PVDEC_VEC_BE_HEVC_CR_HEVC_TILE_COLUMN_BOUNDARY_10 @ 0x207f054a8
CHIP::MEDIA::VDEC_IMG_CFG.PVDEC_VEC_BE_HEVC_CR_HEVC_TILE_COLUMN_BOUNDARY_11 @ 0x207f054ac
CHIP::MEDIA::VDEC_IMG_CFG.PVDEC_VEC_BE_HEVC_CR_HEVC_TILE_ROW_BOUNDARY_00 @ 0x207f054c0
CHIP::MEDIA::VDEC_IMG_CFG.PVDEC_VEC_BE_HEVC_CR_HEVC_TILE_ROW_BOUNDARY_01 @ 0x207f054c4
CHIP::MEDIA::VDEC_IMG_CFG.PVDEC_VEC_BE_HEVC_CR_HEVC_TILE_ROW_BOUNDARY_02 @ 0x207f054c8
CHIP::MEDIA::VDEC_IMG_CFG.PVDEC_VEC_BE_HEVC_CR_HEVC_TILE_ROW_BOUNDARY_03 @ 0x207f054cc
CHIP::MEDIA::VDEC_IMG_CFG.PVDEC_VEC_BE_HEVC_CR_HEVC_TILE_ROW_BOUNDARY_04 @ 0x207f054d0
CHIP::MEDIA::VDEC_IMG_CFG.PVDEC_VEC_BE_HEVC_CR_HEVC_TILE_ROW_BOUNDARY_05 @ 0x207f054d4
CHIP::MEDIA::VDEC_IMG_CFG.PVDEC_VEC_BE_HEVC_CR_HEVC_TILE_ROW_BOUNDARY_06 @ 0x207f054d8
CHIP::MEDIA::VDEC_IMG_CFG.PVDEC_VEC_BE_HEVC_CR_HEVC_TILE_ROW_BOUNDARY_07 @ 0x207f054dc
CHIP::MEDIA::VDEC_IMG_CFG.PVDEC_VEC_BE_HEVC_CR_HEVC_TILE_ROW_BOUNDARY_08 @ 0x207f054e0
CHIP::MEDIA::VDEC_IMG_CFG.PVDEC_VEC_BE_HEVC_CR_HEVC_TILE_ROW_BOUNDARY_09 @ 0x207f054e4
CHIP::MEDIA::VDEC_IMG_CFG.PVDEC_VEC_BE_HEVC_CR_HEVC_TILE_ROW_BOUNDARY_10 @ 0x207f054e8
CHIP::MEDIA::VDEC_IMG_CFG.PVDEC_VEC_BE_HEVC_CR_HEVC_TILE_ROW_BOUNDARY_11 @ 0x207f054ec
CHIP::MEDIA::VDEC_IMG_CFG.PVDEC_VEC_BE_HEVC_CR_HEVC_SLICE_PARAM_0_00 @ 0x207f05500
CHIP::MEDIA::VDEC_IMG_CFG.PVDEC_VEC_BE_HEVC_CR_HEVC_SLICE_PARAM_1_00 @ 0x207f05504
CHIP::MEDIA::VDEC_IMG_CFG.PVDEC_VEC_BE_HEVC_CR_HEVC_SLICE_PARAM_2_00 @ 0x207f05508
CHIP::MEDIA::VDEC_IMG_CFG.PVDEC_VEC_BE_HEVC_CR_HEVC_SLICE_LIST0_0_3_00 @ 0x207f05520
CHIP::MEDIA::VDEC_IMG_CFG.PVDEC_VEC_BE_HEVC_CR_HEVC_SLICE_LIST0_4_7_00 @ 0x207f05524
CHIP::MEDIA::VDEC_IMG_CFG.PVDEC_VEC_BE_HEVC_CR_HEVC_SLICE_LIST0_8_11_00 @ 0x207f05528
CHIP::MEDIA::VDEC_IMG_CFG.PVDEC_VEC_BE_HEVC_CR_HEVC_SLICE_LIST0_12_15_00 @ 0x207f0552c
CHIP::MEDIA::VDEC_IMG_CFG.PVDEC_VEC_BE_HEVC_CR_HEVC_SLICE_LIST1_0_3_00 @ 0x207f05530
CHIP::MEDIA::VDEC_IMG_CFG.PVDEC_VEC_BE_HEVC_CR_HEVC_SLICE_LIST1_4_7_00 @ 0x207f05534
CHIP::MEDIA::VDEC_IMG_CFG.PVDEC_VEC_BE_HEVC_CR_HEVC_SLICE_LIST1_8_11_00 @ 0x207f05538
CHIP::MEDIA::VDEC_IMG_CFG.PVDEC_VEC_BE_HEVC_CR_HEVC_SLICE_LIST1_12_15_00 @ 0x207f0553c
CHIP::MEDIA::VDEC_IMG_CFG.PVDEC_VEC_BE_HEVC_CR_HEVC_SLICE_PARAM_0_01 @ 0x207f05540
CHIP::MEDIA::VDEC_IMG_CFG.PVDEC_VEC_BE_HEVC_CR_HEVC_SLICE_PARAM_1_01 @ 0x207f05544
CHIP::MEDIA::VDEC_IMG_CFG.PVDEC_VEC_BE_HEVC_CR_HEVC_SLICE_PARAM_2_01 @ 0x207f05548
CHIP::MEDIA::VDEC_IMG_CFG.PVDEC_VEC_BE_HEVC_CR_HEVC_SLICE_LIST0_0_3_01 @ 0x207f05560
CHIP::MEDIA::VDEC_IMG_CFG.PVDEC_VEC_BE_HEVC_CR_HEVC_SLICE_LIST0_4_7_01 @ 0x207f05564
CHIP::MEDIA::VDEC_IMG_CFG.PVDEC_VEC_BE_HEVC_CR_HEVC_SLICE_LIST0_8_11_01 @ 0x207f05568
CHIP::MEDIA::VDEC_IMG_CFG.PVDEC_VEC_BE_HEVC_CR_HEVC_SLICE_LIST0_12_15_01 @ 0x207f0556c
CHIP::MEDIA::VDEC_IMG_CFG.PVDEC_VEC_BE_HEVC_CR_HEVC_SLICE_LIST1_0_3_01 @ 0x207f05570
CHIP::MEDIA::VDEC_IMG_CFG.PVDEC_VEC_BE_HEVC_CR_HEVC_SLICE_LIST1_4_7_01 @ 0x207f05574
CHIP::MEDIA::VDEC_IMG_CFG.PVDEC_VEC_BE_HEVC_CR_HEVC_SLICE_LIST1_8_11_01 @ 0x207f05578
CHIP::MEDIA::VDEC_IMG_CFG.PVDEC_VEC_BE_HEVC_CR_HEVC_SLICE_LIST1_12_15_01 @ 0x207f0557c
CHIP::MEDIA::VDEC_IMG_CFG.PVDEC_VEC_BE_HEVC_CR_HEVC_SLICE_PARAM_0_02 @ 0x207f05580
CHIP::MEDIA::VDEC_IMG_CFG.PVDEC_VEC_BE_HEVC_CR_HEVC_SLICE_PARAM_1_02 @ 0x207f05584
CHIP::MEDIA::VDEC_IMG_CFG.PVDEC_VEC_BE_HEVC_CR_HEVC_SLICE_PARAM_2_02 @ 0x207f05588
CHIP::MEDIA::VDEC_IMG_CFG.PVDEC_VEC_BE_HEVC_CR_HEVC_SLICE_LIST0_0_3_02 @ 0x207f055a0
CHIP::MEDIA::VDEC_IMG_CFG.PVDEC_VEC_BE_HEVC_CR_HEVC_SLICE_LIST0_4_7_02 @ 0x207f055a4
CHIP::MEDIA::VDEC_IMG_CFG.PVDEC_VEC_BE_HEVC_CR_HEVC_SLICE_LIST0_8_11_02 @ 0x207f055a8
CHIP::MEDIA::VDEC_IMG_CFG.PVDEC_VEC_BE_HEVC_CR_HEVC_SLICE_LIST0_12_15_02 @ 0x207f055ac
CHIP::MEDIA::VDEC_IMG_CFG.PVDEC_VEC_BE_HEVC_CR_HEVC_SLICE_LIST1_0_3_02 @ 0x207f055b0
CHIP::MEDIA::VDEC_IMG_CFG.PVDEC_VEC_BE_HEVC_CR_HEVC_SLICE_LIST1_4_7_02 @ 0x207f055b4
CHIP::MEDIA::VDEC_IMG_CFG.PVDEC_VEC_BE_HEVC_CR_HEVC_SLICE_LIST1_8_11_02 @ 0x207f055b8
CHIP::MEDIA::VDEC_IMG_CFG.PVDEC_VEC_BE_HEVC_CR_HEVC_SLICE_LIST1_12_15_02 @ 0x207f055bc
CHIP::MEDIA::VDEC_IMG_CFG.PVDEC_VEC_BE_HEVC_CR_HEVC_SLICE_PARAM_0_03 @ 0x207f055c0
CHIP::MEDIA::VDEC_IMG_CFG.PVDEC_VEC_BE_HEVC_CR_HEVC_SLICE_PARAM_1_03 @ 0x207f055c4
CHIP::MEDIA::VDEC_IMG_CFG.PVDEC_VEC_BE_HEVC_CR_HEVC_SLICE_PARAM_2_03 @ 0x207f055c8
CHIP::MEDIA::VDEC_IMG_CFG.PVDEC_VEC_BE_HEVC_CR_HEVC_SLICE_LIST0_0_3_03 @ 0x207f055e0
CHIP::MEDIA::VDEC_IMG_CFG.PVDEC_VEC_BE_HEVC_CR_HEVC_SLICE_LIST0_4_7_03 @ 0x207f055e4
CHIP::MEDIA::VDEC_IMG_CFG.PVDEC_VEC_BE_HEVC_CR_HEVC_SLICE_LIST0_8_11_03 @ 0x207f055e8
CHIP::MEDIA::VDEC_IMG_CFG.PVDEC_VEC_BE_HEVC_CR_HEVC_SLICE_LIST0_12_15_03 @ 0x207f055ec
CHIP::MEDIA::VDEC_IMG_CFG.PVDEC_VEC_BE_HEVC_CR_HEVC_SLICE_LIST1_0_3_03 @ 0x207f055f0
CHIP::MEDIA::VDEC_IMG_CFG.PVDEC_VEC_BE_HEVC_CR_HEVC_SLICE_LIST1_4_7_03 @ 0x207f055f4
CHIP::MEDIA::VDEC_IMG_CFG.PVDEC_VEC_BE_HEVC_CR_HEVC_SLICE_LIST1_8_11_03 @ 0x207f055f8
CHIP::MEDIA::VDEC_IMG_CFG.PVDEC_VEC_BE_HEVC_CR_HEVC_SLICE_LIST1_12_15_03 @ 0x207f055fc
CHIP::MEDIA::VDEC_IMG_CFG.MSVDX_VEC_CR_VEC_CONTROL @ 0x207f06000
CHIP::MEDIA::VDEC_IMG_CFG.MSVDX_VEC_CR_VEC_MULTICORE_OPERATION_MODE @ 0x207f06004
CHIP::MEDIA::VDEC_IMG_CFG.MSVDX_VEC_CR_VEC_COPRO_TARGET @ 0x207f06008
CHIP::MEDIA::VDEC_IMG_CFG.MSVDX_VEC_CR_VEC_ENTDEC_FE_CONTROL @ 0x207f0600c
CHIP::MEDIA::VDEC_IMG_CFG.MSVDX_VEC_CR_VEC_ENTDEC_BE_CONTROL @ 0x207f06010
CHIP::MEDIA::VDEC_IMG_CFG.MSVDX_VEC_CR_VEC_SHIFTREG_SELECT @ 0x207f06014
CHIP::MEDIA::VDEC_IMG_CFG.MSVDX_VEC_CR_VEC_SHIFTREG_CONTROL_00 @ 0x207f06018
CHIP::MEDIA::VDEC_IMG_CFG.MSVDX_VEC_CR_VEC_SHIFTREG_BYTE_COUNT_00 @ 0x207f0601c
CHIP::MEDIA::VDEC_IMG_CFG.MSVDX_VEC_CR_VEC_SHIFTREG_STREAMIN_00 @ 0x207f06020
CHIP::MEDIA::VDEC_IMG_CFG.MSVDX_VEC_CR_VEC_MPEG4_PATTERN_00 @ 0x207f06024
CHIP::MEDIA::VDEC_IMG_CFG.MSVDX_VEC_CR_VEC_SHIFTREG_CONTROL_01 @ 0x207f06028
CHIP::MEDIA::VDEC_IMG_CFG.MSVDX_VEC_CR_VEC_SHIFTREG_BYTE_COUNT_01 @ 0x207f0602c
CHIP::MEDIA::VDEC_IMG_CFG.MSVDX_VEC_CR_VEC_SHIFTREG_STREAMIN_01 @ 0x207f06030
CHIP::MEDIA::VDEC_IMG_CFG.MSVDX_VEC_CR_VEC_MPEG4_PATTERN_01 @ 0x207f06034
CHIP::MEDIA::VDEC_IMG_CFG.MSVDX_VEC_CR_VEC_SHIFTREG_CONTROL_02 @ 0x207f06038
CHIP::MEDIA::VDEC_IMG_CFG.MSVDX_VEC_CR_VEC_SHIFTREG_BYTE_COUNT_02 @ 0x207f0603c
CHIP::MEDIA::VDEC_IMG_CFG.MSVDX_VEC_CR_VEC_SHIFTREG_STREAMIN_02 @ 0x207f06040
CHIP::MEDIA::VDEC_IMG_CFG.MSVDX_VEC_CR_VEC_MPEG4_PATTERN_02 @ 0x207f06044
CHIP::MEDIA::VDEC_IMG_CFG.MSVDX_VEC_CR_VEC_SHIFTREG_CONTROL_03 @ 0x207f06048
CHIP::MEDIA::VDEC_IMG_CFG.MSVDX_VEC_CR_VEC_SHIFTREG_BYTE_COUNT_03 @ 0x207f0604c
CHIP::MEDIA::VDEC_IMG_CFG.MSVDX_VEC_CR_VEC_SHIFTREG_STREAMIN_03 @ 0x207f06050
CHIP::MEDIA::VDEC_IMG_CFG.MSVDX_VEC_CR_VEC_MPEG4_PATTERN_03 @ 0x207f06054
CHIP::MEDIA::VDEC_IMG_CFG.MSVDX_VEC_CR_VEC_SHIFTREG_COPRO_RESP_MSWRD @ 0x207f0605c
CHIP::MEDIA::VDEC_IMG_CFG.MSVDX_VEC_CR_VEC_SHIFTREG_COPRO_RESP_LSWRD @ 0x207f06060
CHIP::MEDIA::VDEC_IMG_CFG.MSVDX_VEC_CR_VEC_SHIFTREG_COPRO_CMD_MSWRD @ 0x207f06064
CHIP::MEDIA::VDEC_IMG_CFG.MSVDX_VEC_CR_VEC_RENDEC_CONTROL0 @ 0x207f06068
CHIP::MEDIA::VDEC_IMG_CFG.MSVDX_VEC_CR_VEC_RENDEC_CONTROL1 @ 0x207f0606c
CHIP::MEDIA::VDEC_IMG_CFG.MSVDX_VEC_CR_VEC_RENDEC_BUFFER_SIZE @ 0x207f06070
CHIP::MEDIA::VDEC_IMG_CFG.MSVDX_VEC_CR_VEC_RENDEC_BASE_ADDR0 @ 0x207f06074
CHIP::MEDIA::VDEC_IMG_CFG.MSVDX_VEC_CR_VEC_RENDEC_BASE_ADDR1 @ 0x207f06078
CHIP::MEDIA::VDEC_IMG_CFG.MSVDX_VEC_CR_VEC_RENDEC_WRITE_ADDR0 @ 0x207f0607c
CHIP::MEDIA::VDEC_IMG_CFG.MSVDX_VEC_CR_VEC_RENDEC_WRITE_ADDR1 @ 0x207f06080
CHIP::MEDIA::VDEC_IMG_CFG.MSVDX_VEC_CR_VEC_RENDEC_READ_ADDR0 @ 0x207f06084
CHIP::MEDIA::VDEC_IMG_CFG.MSVDX_VEC_CR_VEC_RENDEC_READ_ADDR1 @ 0x207f06088
CHIP::MEDIA::VDEC_IMG_CFG.MSVDX_VEC_CR_VEC_RENDEC_DATA_SIZE0 @ 0x207f0608c
CHIP::MEDIA::VDEC_IMG_CFG.MSVDX_VEC_CR_VEC_RENDEC_DATA_SIZE1 @ 0x207f06090
CHIP::MEDIA::VDEC_IMG_CFG.MSVDX_VEC_CR_VEC_RENDEC_WRITE_DATA @ 0x207f06094
CHIP::MEDIA::VDEC_IMG_CFG.MSVDX_VEC_CR_VEC_RENDEC_READ_DATA @ 0x207f06098
CHIP::MEDIA::VDEC_IMG_CFG.MSVDX_VEC_CR_VEC_RENDEC_STATUS @ 0x207f0609c
CHIP::MEDIA::VDEC_IMG_CFG.MSVDX_VEC_CR_VEC_RENDEC_SLICE_COUNT @ 0x207f060a0
CHIP::MEDIA::VDEC_IMG_CFG.MSVDX_VEC_CR_VEC_BOOL_INIT @ 0x207f060a4
CHIP::MEDIA::VDEC_IMG_CFG.MSVDX_VEC_CR_VEC_BOOL_CTRL @ 0x207f060a8
CHIP::MEDIA::VDEC_IMG_CFG.MSVDX_VEC_CR_VEC_ENTDEC_INFORMATION @ 0x207f060ac
CHIP::MEDIA::VDEC_IMG_CFG.MSVDX_VEC_CR_VEC_BOOL_COMMAND @ 0x207f060b0
CHIP::MEDIA::VDEC_IMG_CFG.MSVDX_VEC_CR_VEC_BOOL_RESULT @ 0x207f060b4
CHIP::MEDIA::VDEC_IMG_CFG.MSVDX_VEC_CR_VEC_DIRECT_MODE_CONTROL @ 0x207f060b8
CHIP::MEDIA::VDEC_IMG_CFG.MSVDX_VEC_CR_VEC_DIRECT_MODE_DATA0 @ 0x207f060bc
CHIP::MEDIA::VDEC_IMG_CFG.MSVDX_VEC_CR_VEC_COMMAND_SIGNATURE @ 0x207f060c0
CHIP::MEDIA::VDEC_IMG_CFG.MSVDX_VEC_CR_VEC_IXFORM_SIGNATURE @ 0x207f060c4
CHIP::MEDIA::VDEC_IMG_CFG.MSVDX_VEC_CR_VEC_ISCAN_MBPARAMS0 @ 0x207f060c8
CHIP::MEDIA::VDEC_IMG_CFG.MSVDX_VEC_CR_VEC_IQ_MBPARAMS0 @ 0x207f060cc
CHIP::MEDIA::VDEC_IMG_CFG.MSVDX_VEC_CR_VEC_IQ_MBPARAMS1 @ 0x207f060d0
CHIP::MEDIA::VDEC_IMG_CFG.MSVDX_VEC_CR_VEC_VLR_COMMANDS_BUF_POINTER @ 0x207f060d8
CHIP::MEDIA::VDEC_IMG_CFG.MSVDX_VEC_CR_VEC_CIRC_BUFF_BASE_ADDR @ 0x207f060dc
CHIP::MEDIA::VDEC_IMG_CFG.MSVDX_VEC_CR_VEC_SGM_BITPLANE_BASE_ADDR @ 0x207f060e0
CHIP::MEDIA::VDEC_IMG_CFG.MSVDX_VEC_CR_VEC_VLR_COMMANDS_STORE @ 0x207f060e4
CHIP::MEDIA::VDEC_IMG_CFG.MSVDX_VEC_CR_VEC_VLR_COMMANDS_NUM @ 0x207f060e8
CHIP::MEDIA::VDEC_IMG_CFG.MSVDX_VEC_CR_VEC_VLC_TABLE_ADDR0 @ 0x207f060ec
CHIP::MEDIA::VDEC_IMG_CFG.MSVDX_VEC_CR_VEC_VLC_TABLE_ADDR1 @ 0x207f060f0
CHIP::MEDIA::VDEC_IMG_CFG.MSVDX_VEC_CR_VEC_VLC_TABLE_ADDR2 @ 0x207f060f4
CHIP::MEDIA::VDEC_IMG_CFG.MSVDX_VEC_CR_VEC_VLC_TABLE_ADDR3 @ 0x207f060f8
CHIP::MEDIA::VDEC_IMG_CFG.MSVDX_VEC_CR_VEC_VLC_TABLE_ADDR4 @ 0x207f060fc
CHIP::MEDIA::VDEC_IMG_CFG.MSVDX_VEC_CR_VEC_VLC_TABLE_ADDR5 @ 0x207f06100
CHIP::MEDIA::VDEC_IMG_CFG.MSVDX_VEC_CR_VEC_VLC_TABLE_ADDR6 @ 0x207f06104
CHIP::MEDIA::VDEC_IMG_CFG.MSVDX_VEC_CR_VEC_VLC_TABLE_ADDR7 @ 0x207f06108
CHIP::MEDIA::VDEC_IMG_CFG.MSVDX_VEC_CR_VEC_VLC_TABLE_ADDR8 @ 0x207f0610c
CHIP::MEDIA::VDEC_IMG_CFG.MSVDX_VEC_CR_VEC_VLC_TABLE_ADDR9 @ 0x207f06110
CHIP::MEDIA::VDEC_IMG_CFG.MSVDX_VEC_CR_VEC_VLC_TABLE_ADDR10 @ 0x207f06114
CHIP::MEDIA::VDEC_IMG_CFG.MSVDX_VEC_CR_VEC_VLC_TABLE_ADDR11 @ 0x207f06118
CHIP::MEDIA::VDEC_IMG_CFG.MSVDX_VEC_CR_VEC_VLC_TABLE_ADDR12 @ 0x207f0611c
CHIP::MEDIA::VDEC_IMG_CFG.MSVDX_VEC_CR_VEC_VLC_TABLE_ADDR13 @ 0x207f06120
CHIP::MEDIA::VDEC_IMG_CFG.MSVDX_VEC_CR_VEC_VLC_TABLE_ADDR14 @ 0x207f06124
CHIP::MEDIA::VDEC_IMG_CFG.MSVDX_VEC_CR_VEC_VLC_TABLE_ADDR15 @ 0x207f06128
CHIP::MEDIA::VDEC_IMG_CFG.MSVDX_VEC_CR_VEC_VLC_TABLE_INITIAL_WIDTH0 @ 0x207f0612c
CHIP::MEDIA::VDEC_IMG_CFG.MSVDX_VEC_CR_VEC_VLC_TABLE_INITIAL_WIDTH1 @ 0x207f06130
CHIP::MEDIA::VDEC_IMG_CFG.MSVDX_VEC_CR_VEC_VLC_TABLE_INITIAL_WIDTH2 @ 0x207f06134
CHIP::MEDIA::VDEC_IMG_CFG.MSVDX_VEC_CR_VEC_VLC_TABLE_INITIAL_WIDTH3 @ 0x207f06138
CHIP::MEDIA::VDEC_IMG_CFG.MSVDX_VEC_CR_VEC_VLC_TABLE_INITIAL_OPCODE0 @ 0x207f0613c
CHIP::MEDIA::VDEC_IMG_CFG.MSVDX_VEC_CR_VEC_VLC_TABLE_INITIAL_OPCODE1 @ 0x207f06140
CHIP::MEDIA::VDEC_IMG_CFG.MSVDX_VEC_CR_VEC_VLC_TABLE_INITIAL_OPCODE2 @ 0x207f06144
CHIP::MEDIA::VDEC_IMG_CFG.MSVDX_VEC_CR_VEC_RENDEC_CONTEXT0 @ 0x207f06150
CHIP::MEDIA::VDEC_IMG_CFG.MSVDX_VEC_CR_VEC_RENDEC_CONTEXT1 @ 0x207f06154
CHIP::MEDIA::VDEC_IMG_CFG.MSVDX_VEC_CR_VEC_RENDEC_CONTEXT2 @ 0x207f06158
CHIP::MEDIA::VDEC_IMG_CFG.MSVDX_VEC_CR_VEC_RENDEC_CONTEXT3 @ 0x207f0615c
CHIP::MEDIA::VDEC_IMG_CFG.MSVDX_VEC_CR_VEC_RENDEC_CONTEXT4 @ 0x207f06160
CHIP::MEDIA::VDEC_IMG_CFG.MSVDX_VEC_CR_VEC_RENDEC_CONTEXT5 @ 0x207f06164
CHIP::MEDIA::VDEC_IMG_CFG.MSVDX_VEC_CR_STREAM_ID @ 0x207f06168
CHIP::MEDIA::VDEC_IMG_CFG.MSVDX_VEC_CR_STREAM_COUNTER @ 0x207f0616c
CHIP::MEDIA::VDEC_IMG_CFG.MSVDX_VEC_CR_SR_ACTIVE_CYCLES @ 0x207f06170
CHIP::MEDIA::VDEC_IMG_CFG.MSVDX_VEC_CR_SR_INACTIVE_CYCLES @ 0x207f06174
CHIP::MEDIA::VDEC_IMG_CFG.MSVDX_VEC_CR_SR_BITS_CONSUMED @ 0x207f06178
CHIP::MEDIA::VDEC_IMG_CFG.MSVDX_VEC_CR_VEC_CONTROL_2 @ 0x207f0617c
CHIP::MEDIA::VDEC_IMG_CFG.MSVDX_VEC_CR_VEC_BE_ENTDEC_SYNC @ 0x207f06180
CHIP::MEDIA::VDEC_IMG_CFG.MSVDX_VEC_CR_VEC_RENDEC_INPUT_SIGNATURE @ 0x207f06188
CHIP::MEDIA::VDEC_IMG_CFG.MSVDX_VEC_CR_VEC_RENDEC_OUTPUT_SIGNATURE @ 0x207f0618c
CHIP::MEDIA::VDEC_IMG_CFG.MSVDX_VEC_CR_VEC_RENDEC_BUFFER_SIZE_2 @ 0x207f06190
CHIP::MEDIA::VDEC_IMG_CFG.MSVDX_VEC_CR_VEC_RENDEC_BASE_ADDR0_2 @ 0x207f06194
CHIP::MEDIA::VDEC_IMG_CFG.MSVDX_VEC_CR_VEC_RENDEC_BASE_ADDR1_2 @ 0x207f06198
CHIP::MEDIA::VDEC_IMG_CFG.MSVDX_VEC_CR_VEC_RENDEC_WRITE_ADDR0_2 @ 0x207f0619c
CHIP::MEDIA::VDEC_IMG_CFG.MSVDX_VEC_CR_VEC_RENDEC_WRITE_ADDR1_2 @ 0x207f061a0
CHIP::MEDIA::VDEC_IMG_CFG.MSVDX_VEC_CR_VEC_RENDEC_READ_ADDR0_2 @ 0x207f061a4
CHIP::MEDIA::VDEC_IMG_CFG.MSVDX_VEC_CR_VEC_RENDEC_READ_ADDR1_2 @ 0x207f061a8
CHIP::MEDIA::VDEC_IMG_CFG.MSVDX_VEC_CR_VEC_RENDEC_DATA_SIZE0_2 @ 0x207f061ac
CHIP::MEDIA::VDEC_IMG_CFG.MSVDX_VEC_CR_VEC_RENDEC_DATA_SIZE1_2 @ 0x207f061b0
CHIP::MEDIA::VDEC_IMG_CFG.MSVDX_VEC_CR_VEC_RENDEC_SLICE_COUNT_2 @ 0x207f061b4
CHIP::MEDIA::VDEC_IMG_CFG.MSVDX_VEC_CR_VEC_ENTDEC_INFROMATION_2 @ 0x207f061bc
CHIP::MEDIA::VDEC_IMG_CFG.MSVDX_VEC_CR_VEC_VLC_TABLE_ADDR16 @ 0x207f061c0
CHIP::MEDIA::VDEC_IMG_CFG.MSVDX_VEC_CR_VEC_VLC_TABLE_ADDR17 @ 0x207f061c4
CHIP::MEDIA::VDEC_IMG_CFG.MSVDX_VEC_CR_VEC_VLC_TABLE_ADDR18 @ 0x207f061c8
CHIP::MEDIA::VDEC_IMG_CFG.MSVDX_VEC_CR_VEC_SHIFTREG_EMULATION_COUNT_00 @ 0x207f061d0
CHIP::MEDIA::VDEC_IMG_CFG.MSVDX_VEC_CR_VEC_SHIFTREG_EMULATION_COUNT_01 @ 0x207f061d4
CHIP::MEDIA::VDEC_IMG_CFG.MSVDX_VEC_CR_VEC_SHIFTREG_EMULATION_COUNT_02 @ 0x207f061d8
CHIP::MEDIA::VDEC_IMG_CFG.MSVDX_VEC_CR_VEC_SHIFTREG_EMULATION_COUNT_03 @ 0x207f061dc
CHIP::MEDIA::VDEC_IMG_CFG.MSVDX_VEC_H264_CR_VEC_H264_FE_SPS0 @ 0x207f06200
CHIP::MEDIA::VDEC_IMG_CFG.MSVDX_VEC_H264_CR_VEC_H264_FE_PPS0 @ 0x207f06204
CHIP::MEDIA::VDEC_IMG_CFG.MSVDX_VEC_H264_CR_VEC_H264_FE_CUR_PIC0 @ 0x207f06208
CHIP::MEDIA::VDEC_IMG_CFG.MSVDX_VEC_H264_CR_VEC_H264_FE_SLICE0 @ 0x207f0620c
CHIP::MEDIA::VDEC_IMG_CFG.MSVDX_VEC_H264_CR_VEC_H264_FE_SLICE1 @ 0x207f06210
CHIP::MEDIA::VDEC_IMG_CFG.MSVDX_VEC_H264_CR_VEC_H264_FE_BASE_ADDR_SGM @ 0x207f06214
CHIP::MEDIA::VDEC_IMG_CFG.MSVDX_VEC_H264_CR_VEC_H264_FE_SLICE2 @ 0x207f06218
CHIP::MEDIA::VDEC_IMG_CFG.MSVDX_VEC_H264_CR_VEC_H264_FE_SPARE0 @ 0x207f0621c
CHIP::MEDIA::VDEC_IMG_CFG.MSVDX_VEC_H264_CR_VEC_H264_FE_SPARE1 @ 0x207f06220
CHIP::MEDIA::VDEC_IMG_CFG.MSVDX_VEC_H264_CR_VEC_H264_FE_SPARE2 @ 0x207f06224
CHIP::MEDIA::VDEC_IMG_CFG.MSVDX_VEC_H264_CR_VEC_H264_FE_SPARE_N_00 @ 0x207f06230
CHIP::MEDIA::VDEC_IMG_CFG.MSVDX_VEC_H264_CR_VEC_H264_FE_SPARE_N_01 @ 0x207f06234
CHIP::MEDIA::VDEC_IMG_CFG.MSVDX_VEC_H264_CR_VEC_H264_FE_SPARE_N_02 @ 0x207f06238
CHIP::MEDIA::VDEC_IMG_CFG.MSVDX_VEC_H264_CR_VEC_H264_FE_SPARE_N_03 @ 0x207f0623c
CHIP::MEDIA::VDEC_IMG_CFG.MSVDX_VEC_H264_CR_VEC_H264_FE_SPARE_N_04 @ 0x207f06240
CHIP::MEDIA::VDEC_IMG_CFG.MSVDX_VEC_H264_CR_VEC_H264_FE_SPARE_N_05 @ 0x207f06244
CHIP::MEDIA::VDEC_IMG_CFG.MSVDX_VEC_H264_CR_VEC_H264_FE_SPARE_N_06 @ 0x207f06248
CHIP::MEDIA::VDEC_IMG_CFG.MSVDX_VEC_H264_CR_VEC_H264_FE_SPARE_N_07 @ 0x207f0624c
CHIP::MEDIA::VDEC_IMG_CFG.MSVDX_VEC_H264_CR_VEC_H264_BE_FOC0 @ 0x207f06250
CHIP::MEDIA::VDEC_IMG_CFG.MSVDX_VEC_H264_CR_VEC_H264_BE_FOC1 @ 0x207f06254
CHIP::MEDIA::VDEC_IMG_CFG.MSVDX_VEC_H264_CR_VEC_H264_BE_TOP_FOC_00 @ 0x207f06258
CHIP::MEDIA::VDEC_IMG_CFG.MSVDX_VEC_H264_CR_VEC_H264_BE_BOT_FOC_00 @ 0x207f0625c
CHIP::MEDIA::VDEC_IMG_CFG.MSVDX_VEC_H264_CR_VEC_H264_BE_TOP_FOC_01 @ 0x207f06260
CHIP::MEDIA::VDEC_IMG_CFG.MSVDX_VEC_H264_CR_VEC_H264_BE_BOT_FOC_01 @ 0x207f06264
CHIP::MEDIA::VDEC_IMG_CFG.MSVDX_VEC_H264_CR_VEC_H264_BE_TOP_FOC_02 @ 0x207f06268
CHIP::MEDIA::VDEC_IMG_CFG.MSVDX_VEC_H264_CR_VEC_H264_BE_BOT_FOC_02 @ 0x207f0626c
CHIP::MEDIA::VDEC_IMG_CFG.MSVDX_VEC_H264_CR_VEC_H264_BE_TOP_FOC_03 @ 0x207f06270
CHIP::MEDIA::VDEC_IMG_CFG.MSVDX_VEC_H264_CR_VEC_H264_BE_BOT_FOC_03 @ 0x207f06274
CHIP::MEDIA::VDEC_IMG_CFG.MSVDX_VEC_H264_CR_VEC_H264_BE_TOP_FOC_04 @ 0x207f06278
CHIP::MEDIA::VDEC_IMG_CFG.MSVDX_VEC_H264_CR_VEC_H264_BE_BOT_FOC_04 @ 0x207f0627c
CHIP::MEDIA::VDEC_IMG_CFG.MSVDX_VEC_H264_CR_VEC_H264_BE_TOP_FOC_05 @ 0x207f06280
CHIP::MEDIA::VDEC_IMG_CFG.MSVDX_VEC_H264_CR_VEC_H264_BE_BOT_FOC_05 @ 0x207f06284
CHIP::MEDIA::VDEC_IMG_CFG.MSVDX_VEC_H264_CR_VEC_H264_BE_TOP_FOC_06 @ 0x207f06288
CHIP::MEDIA::VDEC_IMG_CFG.MSVDX_VEC_H264_CR_VEC_H264_BE_BOT_FOC_06 @ 0x207f0628c
CHIP::MEDIA::VDEC_IMG_CFG.MSVDX_VEC_H264_CR_VEC_H264_BE_TOP_FOC_07 @ 0x207f06290
CHIP::MEDIA::VDEC_IMG_CFG.MSVDX_VEC_H264_CR_VEC_H264_BE_BOT_FOC_07 @ 0x207f06294
CHIP::MEDIA::VDEC_IMG_CFG.MSVDX_VEC_H264_CR_VEC_H264_BE_TOP_FOC_08 @ 0x207f06298
CHIP::MEDIA::VDEC_IMG_CFG.MSVDX_VEC_H264_CR_VEC_H264_BE_BOT_FOC_08 @ 0x207f0629c
CHIP::MEDIA::VDEC_IMG_CFG.MSVDX_VEC_H264_CR_VEC_H264_BE_TOP_FOC_09 @ 0x207f062a0
CHIP::MEDIA::VDEC_IMG_CFG.MSVDX_VEC_H264_CR_VEC_H264_BE_BOT_FOC_09 @ 0x207f062a4
CHIP::MEDIA::VDEC_IMG_CFG.MSVDX_VEC_H264_CR_VEC_H264_BE_TOP_FOC_10 @ 0x207f062a8
CHIP::MEDIA::VDEC_IMG_CFG.MSVDX_VEC_H264_CR_VEC_H264_BE_BOT_FOC_10 @ 0x207f062ac
CHIP::MEDIA::VDEC_IMG_CFG.MSVDX_VEC_H264_CR_VEC_H264_BE_TOP_FOC_11 @ 0x207f062b0
CHIP::MEDIA::VDEC_IMG_CFG.MSVDX_VEC_H264_CR_VEC_H264_BE_BOT_FOC_11 @ 0x207f062b4
CHIP::MEDIA::VDEC_IMG_CFG.MSVDX_VEC_H264_CR_VEC_H264_BE_TOP_FOC_12 @ 0x207f062b8
CHIP::MEDIA::VDEC_IMG_CFG.MSVDX_VEC_H264_CR_VEC_H264_BE_BOT_FOC_12 @ 0x207f062bc
CHIP::MEDIA::VDEC_IMG_CFG.MSVDX_VEC_H264_CR_VEC_H264_BE_TOP_FOC_13 @ 0x207f062c0
CHIP::MEDIA::VDEC_IMG_CFG.MSVDX_VEC_H264_CR_VEC_H264_BE_BOT_FOC_13 @ 0x207f062c4
CHIP::MEDIA::VDEC_IMG_CFG.MSVDX_VEC_H264_CR_VEC_H264_BE_TOP_FOC_14 @ 0x207f062c8
CHIP::MEDIA::VDEC_IMG_CFG.MSVDX_VEC_H264_CR_VEC_H264_BE_BOT_FOC_14 @ 0x207f062cc
CHIP::MEDIA::VDEC_IMG_CFG.MSVDX_VEC_H264_CR_VEC_H264_BE_TOP_FOC_15 @ 0x207f062d0
CHIP::MEDIA::VDEC_IMG_CFG.MSVDX_VEC_H264_CR_VEC_H264_BE_BOT_FOC_15 @ 0x207f062d4
CHIP::MEDIA::VDEC_IMG_CFG.MSVDX_VEC_H264_CR_VEC_H264_BE_SPS0 @ 0x207f062d8
CHIP::MEDIA::VDEC_IMG_CFG.MSVDX_VEC_H264_CR_VEC_H264_BE_PPS0 @ 0x207f062dc
CHIP::MEDIA::VDEC_IMG_CFG.MSVDX_VEC_H264_CR_VEC_H264_BE_CUR_PIC0 @ 0x207f062e0
CHIP::MEDIA::VDEC_IMG_CFG.MSVDX_VEC_H264_CR_VEC_H264_BE_SLICE0 @ 0x207f062e4
CHIP::MEDIA::VDEC_IMG_CFG.MSVDX_VEC_H264_CR_VEC_H264_BE_SLICE1 @ 0x207f062e8
CHIP::MEDIA::VDEC_IMG_CFG.MSVDX_VEC_H264_CR_VEC_H264_BE_BASE_ADDR_CUR_PIC @ 0x207f062ec
CHIP::MEDIA::VDEC_IMG_CFG.MSVDX_VEC_H264_CR_VEC_H264_BE_REF0 @ 0x207f062f0
CHIP::MEDIA::VDEC_IMG_CFG.MSVDX_VEC_H264_CR_VEC_H264_BE_COL_PIC0 @ 0x207f062f4
CHIP::MEDIA::VDEC_IMG_CFG.MSVDX_VEC_H264_CR_VEC_H264_BE_BASE_ADDR_COL_PIC @ 0x207f062f8
CHIP::MEDIA::VDEC_IMG_CFG.MSVDX_VEC_H264_CR_VEC_H264_BE_LIST0_INVERSE_00 @ 0x207f062fc
CHIP::MEDIA::VDEC_IMG_CFG.MSVDX_VEC_H264_CR_VEC_H264_BE_LIST0_INVERSE_01 @ 0x207f06300
CHIP::MEDIA::VDEC_IMG_CFG.MSVDX_VEC_H264_CR_VEC_H264_BE_LIST0_INVERSE_02 @ 0x207f06304
CHIP::MEDIA::VDEC_IMG_CFG.MSVDX_VEC_H264_CR_VEC_H264_BE_LIST0_INVERSE_03 @ 0x207f06308
CHIP::MEDIA::VDEC_IMG_CFG.MSVDX_VEC_H264_CR_VEC_H264_BE_LIST0_INVERSE_04 @ 0x207f0630c
CHIP::MEDIA::VDEC_IMG_CFG.MSVDX_VEC_H264_CR_VEC_H264_BE_LIST0_INVERSE_05 @ 0x207f06310
CHIP::MEDIA::VDEC_IMG_CFG.MSVDX_VEC_H264_CR_VEC_H264_BE_LIST0_INVERSE_06 @ 0x207f06314
CHIP::MEDIA::VDEC_IMG_CFG.MSVDX_VEC_H264_CR_VEC_H264_BE_LIST0_INVERSE_07 @ 0x207f06318
CHIP::MEDIA::VDEC_IMG_CFG.MSVDX_VEC_H264_CR_VEC_H264_BE_LIST1_00 @ 0x207f0631c
CHIP::MEDIA::VDEC_IMG_CFG.MSVDX_VEC_H264_CR_VEC_H264_BE_LIST1_01 @ 0x207f06320
CHIP::MEDIA::VDEC_IMG_CFG.MSVDX_VEC_H264_CR_VEC_H264_BE_LIST1_02 @ 0x207f06324
CHIP::MEDIA::VDEC_IMG_CFG.MSVDX_VEC_H264_CR_VEC_H264_BE_LIST1_03 @ 0x207f06328
CHIP::MEDIA::VDEC_IMG_CFG.MSVDX_VEC_H264_CR_VEC_H264_BE_LIST1_04 @ 0x207f0632c
CHIP::MEDIA::VDEC_IMG_CFG.MSVDX_VEC_H264_CR_VEC_H264_BE_LIST1_05 @ 0x207f06330
CHIP::MEDIA::VDEC_IMG_CFG.MSVDX_VEC_H264_CR_VEC_H264_BE_LIST1_06 @ 0x207f06334
CHIP::MEDIA::VDEC_IMG_CFG.MSVDX_VEC_H264_CR_VEC_H264_BE_LIST1_07 @ 0x207f06338
CHIP::MEDIA::VDEC_IMG_CFG.MSVDX_VEC_H264_CR_VEC_H264_BE_LIST0_00 @ 0x207f0633c
CHIP::MEDIA::VDEC_IMG_CFG.MSVDX_VEC_H264_CR_VEC_H264_BE_LIST0_01 @ 0x207f06340
CHIP::MEDIA::VDEC_IMG_CFG.MSVDX_VEC_H264_CR_VEC_H264_BE_LIST0_02 @ 0x207f06344
CHIP::MEDIA::VDEC_IMG_CFG.MSVDX_VEC_H264_CR_VEC_H264_BE_LIST0_03 @ 0x207f06348
CHIP::MEDIA::VDEC_IMG_CFG.MSVDX_VEC_H264_CR_VEC_H264_BE_LIST0_04 @ 0x207f0634c
CHIP::MEDIA::VDEC_IMG_CFG.MSVDX_VEC_H264_CR_VEC_H264_BE_LIST0_05 @ 0x207f06350
CHIP::MEDIA::VDEC_IMG_CFG.MSVDX_VEC_H264_CR_VEC_H264_BE_LIST0_06 @ 0x207f06354
CHIP::MEDIA::VDEC_IMG_CFG.MSVDX_VEC_H264_CR_VEC_H264_BE_LIST0_07 @ 0x207f06358
CHIP::MEDIA::VDEC_IMG_CFG.MSVDX_VEC_H264_CR_VEC_H264_BE_INTRA_8X8 @ 0x207f0635c
CHIP::MEDIA::VDEC_IMG_CFG.MSVDX_VEC_MPEG4_CR_VEC_MPEG4_FE_SPS0 @ 0x207f06600
CHIP::MEDIA::VDEC_IMG_CFG.MSVDX_VEC_MPEG4_CR_VEC_MPEG4_FE_VOP_SPS0 @ 0x207f06604
CHIP::MEDIA::VDEC_IMG_CFG.MSVDX_VEC_MPEG4_CR_VEC_MPEG4_FE_VOP_PPS0 @ 0x207f06608
CHIP::MEDIA::VDEC_IMG_CFG.MSVDX_VEC_MPEG4_CR_VEC_MPEG4_FE_PICSH_PPS0 @ 0x207f0660c
CHIP::MEDIA::VDEC_IMG_CFG.MSVDX_VEC_MPEG4_CR_VEC_MPEG4_FE_SLICE0 @ 0x207f06610
CHIP::MEDIA::VDEC_IMG_CFG.MSVDX_VEC_MPEG4_CR_VEC_MPEG4_FE_PARSER_VLR_BASE_ADDR @ 0x207f06614
CHIP::MEDIA::VDEC_IMG_CFG.MSVDX_VEC_MPEG4_CR_VEC_MPEG4_FE_DATAPARTITION0_BASE_ADDR @ 0x207f06618
CHIP::MEDIA::VDEC_IMG_CFG.MSVDX_VEC_MPEG4_CR_VEC_MPEG4_FE_DATAPARTITION1_BASE_ADDR @ 0x207f0661c
CHIP::MEDIA::VDEC_IMG_CFG.MSVDX_VEC_MPEG4_CR_VEC_MPEG4_FE_DATAPARTITION_VLR_BASE_ADDR @ 0x207f06620
CHIP::MEDIA::VDEC_IMG_CFG.MSVDX_VEC_MPEG4_CR_VEC_MPEG4_BE_SPS0 @ 0x207f06650
CHIP::MEDIA::VDEC_IMG_CFG.MSVDX_VEC_MPEG4_CR_VEC_MPEG4_BE_SPS1 @ 0x207f06654
CHIP::MEDIA::VDEC_IMG_CFG.MSVDX_VEC_MPEG4_CR_VEC_MPEG4_BE_VOP_SPS0 @ 0x207f06658
CHIP::MEDIA::VDEC_IMG_CFG.MSVDX_VEC_MPEG4_CR_VEC_MPEG4_BE_VOP_SPS1 @ 0x207f0665c
CHIP::MEDIA::VDEC_IMG_CFG.MSVDX_VEC_MPEG4_CR_VEC_MPEG4_BE_VOP_PPS0 @ 0x207f06660
CHIP::MEDIA::VDEC_IMG_CFG.MSVDX_VEC_MPEG4_CR_VEC_MPEG4_BE_PICSH_PPS0 @ 0x207f06664
CHIP::MEDIA::VDEC_IMG_CFG.MSVDX_VEC_MPEG4_CR_VEC_MPEG4_BE_GMC_X @ 0x207f06668
CHIP::MEDIA::VDEC_IMG_CFG.MSVDX_VEC_MPEG4_CR_VEC_MPEG4_BE_GMC_Y @ 0x207f0666c
CHIP::MEDIA::VDEC_IMG_CFG.MSVDX_VEC_MPEG4_CR_VEC_MPEG4_BE_SLICE0 @ 0x207f06670
CHIP::MEDIA::VDEC_IMG_CFG.MSVDX_VEC_MPEG4_CR_VEC_MPEG4_BE_VOP_TRB @ 0x207f06674
CHIP::MEDIA::VDEC_IMG_CFG.MSVDX_VEC_MPEG4_CR_VEC_MPEG4_BE_VOP_TRD @ 0x207f06678
CHIP::MEDIA::VDEC_IMG_CFG.MSVDX_VEC_MPEG4_CR_VEC_MPEG4_BE_DATAPARTITION0_BASE_ADDR @ 0x207f066e4
CHIP::MEDIA::VDEC_IMG_CFG.MSVDX_VEC_MPEG4_CR_VEC_MPEG4_BE_DATAPARTITION1_BASE_ADDR @ 0x207f066e8
CHIP::MEDIA::VDEC_IMG_CFG.MSVDX_VEC_MPEG4_CR_VEC_MPEG4_BE_PARAM_BASE_ADDR @ 0x207f066ec
CHIP::MEDIA::VDEC_IMG_CFG.MSVDX_VEC_MPEG4_CR_VEC_MPEG4_BE_DATAPARTITION_VLR_BASE_ADDR @ 0x207f066f0
CHIP::MEDIA::VDEC_IMG_CFG.MSVDX_VEC_MPEG4_CR_VEC_MPEG4_BE_COLPARAM_BASE_ADDR @ 0x207f066f8
CHIP::MEDIA::VDEC_IMG_CFG.MSVDX_VEC_AVS_CR_VEC_AVS_FE_PIC0 @ 0x207f06700
CHIP::MEDIA::VDEC_IMG_CFG.MSVDX_VEC_AVS_CR_VEC_AVS_FE_PIC1 @ 0x207f06704
CHIP::MEDIA::VDEC_IMG_CFG.MSVDX_VEC_AVS_CR_VEC_AVS_FE_PIC2 @ 0x207f06708
CHIP::MEDIA::VDEC_IMG_CFG.MSVDX_VEC_AVS_CR_VEC_AVS_FE_SLICE0 @ 0x207f06710
CHIP::MEDIA::VDEC_IMG_CFG.MSVDX_VEC_AVS_CR_VEC_AVS_BE_PIC0 @ 0x207f06750
CHIP::MEDIA::VDEC_IMG_CFG.MSVDX_VEC_AVS_CR_VEC_AVS_BE_PIC1 @ 0x207f06754
CHIP::MEDIA::VDEC_IMG_CFG.MSVDX_VEC_AVS_CR_VEC_AVS_BE_PIC2 @ 0x207f06758
CHIP::MEDIA::VDEC_IMG_CFG.MSVDX_VEC_AVS_CR_VEC_AVS_BE_DIST_REF1_0 @ 0x207f0675c
CHIP::MEDIA::VDEC_IMG_CFG.MSVDX_VEC_AVS_CR_VEC_AVS_BE_DIST_REF2_3 @ 0x207f06760
CHIP::MEDIA::VDEC_IMG_CFG.MSVDX_VEC_AVS_CR_VEC_AVS_BE_DIST_CURR @ 0x207f06764
CHIP::MEDIA::VDEC_IMG_CFG.MSVDX_VEC_AVS_CR_VEC_AVS_BE_DIST_BW_REF1_0 @ 0x207f06768
CHIP::MEDIA::VDEC_IMG_CFG.MSVDX_VEC_AVS_CR_VEC_AVS_BE_DIST_BW_REF3_2 @ 0x207f0676c
CHIP::MEDIA::VDEC_IMG_CFG.MSVDX_VEC_AVS_CR_VEC_AVS_BE_PIC_STRUCT @ 0x207f06770
CHIP::MEDIA::VDEC_IMG_CFG.MSVDX_VEC_AVS_CR_VEC_AVS_BE_SLICE0 @ 0x207f06774
CHIP::MEDIA::VDEC_IMG_CFG.MSVDX_VEC_AVS_CR_VEC_AVS_BE_SLICE1 @ 0x207f06778
CHIP::MEDIA::VDEC_IMG_CFG.MSVDX_VEC_AVS_CR_VEC_AVS_BE_BASE_ADDR_CUR_PIC @ 0x207f067ec
CHIP::MEDIA::VDEC_IMG_CFG.MSVDX_VEC_AVS_CR_VEC_AVS_BE_BASE_ADDR_COL_PIC @ 0x207f067f8
CHIP::MEDIA::VDEC_IMG_CFG.MSVDX_VDMC_CR_VDMC_REFERENCE_CACHE_SIGNATURE @ 0x207f06800
CHIP::MEDIA::VDEC_IMG_CFG.MSVDX_VDMC_CR_VDMC_REFERENCE_CACHE_EFFICIENCY @ 0x207f06804
CHIP::MEDIA::VDEC_IMG_CFG.MSVDX_VDMC_CR_VDMC_2D_FILTER_PIPELINE_SIGNATURE @ 0x207f06808
CHIP::MEDIA::VDEC_IMG_CFG.MSVDX_VDMC_CR_VDMC_PIXEL_RECONSTRUCTION_SIGNATURE @ 0x207f0680c
CHIP::MEDIA::VDEC_IMG_CFG.MSVDX_VDMC_CR_VDMC_ERROR_STATUS @ 0x207f06810
CHIP::MEDIA::VDEC_IMG_CFG.MSVDX_VDMC_CR_VDMC_ENAB_INTERRUPT @ 0x207f06814
CHIP::MEDIA::VDEC_IMG_CFG.MSVDX_VDMC_CR_VDMC_CLR_STATUS @ 0x207f06818
CHIP::MEDIA::VDEC_IMG_CFG.MSVDX_VDMC_CR_VDMC_2D_FILTER_PIPELINE_DIRECT_INSERT_DATA @ 0x207f06820
CHIP::MEDIA::VDEC_IMG_CFG.MSVDX_VDMC_CR_VDMC_2D_FILTER_PIPELINE_DIRECT_INSERT_CONTROL @ 0x207f06824
CHIP::MEDIA::VDEC_IMG_CFG.MSVDX_VDMC_CR_VDMC_PIXEL_RECONSTRUCTION_DIRECT_INSERT_DATA @ 0x207f06828
CHIP::MEDIA::VDEC_IMG_CFG.MSVDX_VDMC_CR_VDMC_PIXEL_RECONSTRUCTION_DIRECT_INSERT_CONTROL @ 0x207f0682c
CHIP::MEDIA::VDEC_IMG_CFG.MSVDX_VDMC_CR_VDMC_RESIDUAL_DIRECT_INSERT_DATA @ 0x207f06830
CHIP::MEDIA::VDEC_IMG_CFG.MSVDX_VDMC_CR_VDMC_RESIDUAL_DIRECT_INSERT_CONTROL @ 0x207f06834
CHIP::MEDIA::VDEC_IMG_CFG.MSVDX_VDMC_CR_VDMC_LUMA_ERROR_BASE_ADDR @ 0x207f06840
CHIP::MEDIA::VDEC_IMG_CFG.MSVDX_VDMC_CR_VDMC_CHROMA_ERROR_BASE_ADDR @ 0x207f06844
CHIP::MEDIA::VDEC_IMG_CFG.MSVDX_VDMC_CR_VDMC_MACROBLOCK_NUMBER @ 0x207f06848
CHIP::MEDIA::VDEC_IMG_CFG.MSVDX_VDMC_CR_VDMC_ERROR_FLUSH_CTRL @ 0x207f0684c
CHIP::MEDIA::VDEC_IMG_CFG.MSVDX_VDMC_CR_VDMC_MCU_SIGNATURE @ 0x207f06850
CHIP::MEDIA::VDEC_IMG_CFG.MSVDX_VDMC_CR_VDMC_RES_BUFFER_WRITES @ 0x207f06854
CHIP::MEDIA::VDEC_IMG_CFG.MSVDX_VDEB_CR_VDEB_OPERATING_MODE @ 0x207f06900
CHIP::MEDIA::VDEC_IMG_CFG.MSVDX_VDEB_CR_VDEB_PREFETCH_FIFO @ 0x207f06904
CHIP::MEDIA::VDEC_IMG_CFG.MSVDX_VDEB_CR_VDEB_SYS_MEM_RDATA_SIGNATURE @ 0x207f0690c
CHIP::MEDIA::VDEC_IMG_CFG.MSVDX_VDEB_CR_VDEB_SYS_MEM_ADDR_SIGNATURE @ 0x207f06910
CHIP::MEDIA::VDEC_IMG_CFG.MSVDX_VDEB_CR_VDEB_SYS_MEM_WDATA_SIGNATURE @ 0x207f06914
CHIP::MEDIA::VDEC_IMG_CFG.MSVDX_VDEB_CR_VDEB_VIRTUAL_FIFO_CONTROL @ 0x207f06918
CHIP::MEDIA::VDEC_IMG_CFG.MSVDX_VDEB_CR_VDEB_VIRTUAL_FIFO_ACCUM @ 0x207f0691c
CHIP::MEDIA::VDEC_IMG_CFG.MSVDX_VDEB_CR_VDEB_RECON_BUF_STATUS @ 0x207f06920
CHIP::MEDIA::VDEC_IMG_CFG.MSVDX_VDEB_CR_VDEB_PARAMS_STORE_STATUS @ 0x207f06924
CHIP::MEDIA::VDEC_IMG_CFG.MSVDX_VDEB_CR_VDEB_SLICE_INTERRUPT_COUNT @ 0x207f06928
CHIP::MEDIA::VDEC_IMG_CFG.MSVDX_VDEB_CR_VDEB_BLOCK_MEM_DIAGNOSTICS @ 0x207f06930
CHIP::MEDIA::VDEC_IMG_CFG.MSVDX_VDEB_CR_VDEB_PARAMS_DIAGNOSTICS @ 0x207f06934
CHIP::MEDIA::VDEC_IMG_CFG.MSVDX_VDEB_CR_VDEB_FILTER_DIAGNOSTICS @ 0x207f06938
CHIP::MEDIA::VDEC_IMG_CFG.MSVDX_VDEB_CR_VDEB_MAIN_DIAGNOSTICS @ 0x207f0693c
CHIP::MEDIA::VDEC_IMG_CFG.MSVDX_VDEB_CR_VDEB_BURSTB_ADDR_SIGNATURE @ 0x207f06940
CHIP::MEDIA::VDEC_IMG_CFG.MSVDX_VDEB_CR_VDEB_BURSTB_WDATA_SIGNATURE @ 0x207f06944
CHIP::MEDIA::VDEC_IMG_CFG.MSVDX_VDEB_CR_VDEB_SCALE_ADDR_SIGNATURE @ 0x207f06948
CHIP::MEDIA::VDEC_IMG_CFG.MSVDX_VDEB_CR_VDEB_SCALE_WDATA_SIGNATURE @ 0x207f0694c
CHIP::MEDIA::VDEC_IMG_CFG.MSVDX_VDEB_CR_VDEB_MULTICORE_DIAGNOSTICS @ 0x207f06950
CHIP::MEDIA::VDEC_IMG_CFG.MSVDX_VDEB_CR_VDEB_HEVC_CHECKSUM_LUMA @ 0x207f06960
CHIP::MEDIA::VDEC_IMG_CFG.MSVDX_VDEB_CR_VDEB_HEVC_CHECKSUM_CB @ 0x207f06964
CHIP::MEDIA::VDEC_IMG_CFG.MSVDX_VDEB_CR_VDEB_HEVC_CHECKSUM_CR @ 0x207f06968
CHIP::MEDIA::VDEC_IMG_CFG.DMAC_DMAC_SETUP @ 0x207f06a00
CHIP::MEDIA::VDEC_IMG_CFG.MSVDX_CMDS_DISPLAY_PICTURE_SIZE @ 0x207f07000
CHIP::MEDIA::VDEC_IMG_CFG.MSVDX_CMDS_CODED_PICTURE_SIZE @ 0x207f07004
CHIP::MEDIA::VDEC_IMG_CFG.MSVDX_CMDS_OPERATING_MODE @ 0x207f07008
CHIP::MEDIA::VDEC_IMG_CFG.MSVDX_CMDS_LUMA_RECONSTRUCTED_PICTURE_BASE_ADDRESSES @ 0x207f0700c
CHIP::MEDIA::VDEC_IMG_CFG.MSVDX_CMDS_CHROMA_RECONSTRUCTED_PICTURE_BASE_ADDRESSES @ 0x207f07010
CHIP::MEDIA::VDEC_IMG_CFG.MSVDX_CMDS_AUX_MSB_BUFFER_BASE_ADDRESSES @ 0x207f07014
CHIP::MEDIA::VDEC_IMG_CFG.MSVDX_CMDS_INTRA_BUFFER_BASE_ADDRESS @ 0x207f07018
CHIP::MEDIA::VDEC_IMG_CFG.MSVDX_CMDS_MC_CACHE_CONFIGURATION @ 0x207f0701c
CHIP::MEDIA::VDEC_IMG_CFG.MSVDX_CMDS_VC1_INTENSITY_COMPENSATION_PARAMETER @ 0x207f07020
CHIP::MEDIA::VDEC_IMG_CFG.MSVDX_CMDS_H264_WEIGHTED_FACTOR_DENOMINATOR @ 0x207f07024
CHIP::MEDIA::VDEC_IMG_CFG.MSVDX_CMDS_VC1_LUMA_RANGE_MAPPING_BASE_ADDRESS @ 0x207f07028
CHIP::MEDIA::VDEC_IMG_CFG.MSVDX_CMDS_VC1_CHROMA_RANGE_MAPPING_BASE_ADDRESS @ 0x207f0702c
CHIP::MEDIA::VDEC_IMG_CFG.MSVDX_CMDS_VC1_RANGE_MAPPING_FLAGS @ 0x207f07030
CHIP::MEDIA::VDEC_IMG_CFG.MSVDX_CMDS_VC1_INTENSITY_COMPENSATION_BACKWARD @ 0x207f07034
CHIP::MEDIA::VDEC_IMG_CFG.MSVDX_CMDS_VC1_INTENSITY_COMPENSATION_PREVIOUS_BOTTOM @ 0x207f07038
CHIP::MEDIA::VDEC_IMG_CFG.MSVDX_CMDS_ALTERNATIVE_OUTPUT_PICTURE_ROTATION @ 0x207f0703c
CHIP::MEDIA::VDEC_IMG_CFG.MSVDX_CMDS_EXTENDED_ROW_STRIDE @ 0x207f07040
CHIP::MEDIA::VDEC_IMG_CFG.MSVDX_CMDS_RPR_PICTURE_SIZE @ 0x207f0704c
CHIP::MEDIA::VDEC_IMG_CFG.MSVDX_CMDS_SCALED_DISPLAY_SIZE @ 0x207f07050
CHIP::MEDIA::VDEC_IMG_CFG.MSVDX_CMDS_HORIZONTAL_SCALE_CONTROL @ 0x207f07054
CHIP::MEDIA::VDEC_IMG_CFG.MSVDX_CMDS_VERTICAL_SCALE_CONTROL @ 0x207f07058
CHIP::MEDIA::VDEC_IMG_CFG.MSVDX_CMDS_VP6_FILTER_SELECT @ 0x207f0705c
CHIP::MEDIA::VDEC_IMG_CFG.MSVDX_CMDS_HORIZONTAL_LUMA_COEFFICIENTS_00 @ 0x207f07060
CHIP::MEDIA::VDEC_IMG_CFG.MSVDX_CMDS_HORIZONTAL_LUMA_COEFFICIENTS_01 @ 0x207f07064
CHIP::MEDIA::VDEC_IMG_CFG.MSVDX_CMDS_HORIZONTAL_LUMA_COEFFICIENTS_02 @ 0x207f07068
CHIP::MEDIA::VDEC_IMG_CFG.MSVDX_CMDS_HORIZONTAL_LUMA_COEFFICIENTS_03 @ 0x207f0706c
CHIP::MEDIA::VDEC_IMG_CFG.MSVDX_CMDS_VERTICAL_LUMA_COEFFICIENTS_00 @ 0x207f07070
CHIP::MEDIA::VDEC_IMG_CFG.MSVDX_CMDS_VERTICAL_LUMA_COEFFICIENTS_01 @ 0x207f07074
CHIP::MEDIA::VDEC_IMG_CFG.MSVDX_CMDS_VERTICAL_LUMA_COEFFICIENTS_02 @ 0x207f07078
CHIP::MEDIA::VDEC_IMG_CFG.MSVDX_CMDS_VERTICAL_LUMA_COEFFICIENTS_03 @ 0x207f0707c
CHIP::MEDIA::VDEC_IMG_CFG.MSVDX_CMDS_HORIZONTAL_CHROMA_COEFFICIENTS_00 @ 0x207f07080
CHIP::MEDIA::VDEC_IMG_CFG.MSVDX_CMDS_HORIZONTAL_CHROMA_COEFFICIENTS_01 @ 0x207f07084
CHIP::MEDIA::VDEC_IMG_CFG.MSVDX_CMDS_HORIZONTAL_CHROMA_COEFFICIENTS_02 @ 0x207f07088
CHIP::MEDIA::VDEC_IMG_CFG.MSVDX_CMDS_HORIZONTAL_CHROMA_COEFFICIENTS_03 @ 0x207f0708c
CHIP::MEDIA::VDEC_IMG_CFG.MSVDX_CMDS_VERTICAL_CHROMA_COEFFICIENTS_00 @ 0x207f07090
CHIP::MEDIA::VDEC_IMG_CFG.MSVDX_CMDS_VERTICAL_CHROMA_COEFFICIENTS_01 @ 0x207f07094
CHIP::MEDIA::VDEC_IMG_CFG.MSVDX_CMDS_VERTICAL_CHROMA_COEFFICIENTS_02 @ 0x207f07098
CHIP::MEDIA::VDEC_IMG_CFG.MSVDX_CMDS_VERTICAL_CHROMA_COEFFICIENTS_03 @ 0x207f0709c
CHIP::MEDIA::VDEC_IMG_CFG.MSVDX_CMDS_PVDEC_OPERATING_MODE @ 0x207f070a0
CHIP::MEDIA::VDEC_IMG_CFG.MSVDX_CMDS_HEVC_CHROMA_QP_OFFSET @ 0x207f070a4
CHIP::MEDIA::VDEC_IMG_CFG.MSVDX_CMDS_PVDEC_DISPLAY_PICTURE_SIZE @ 0x207f070b0
CHIP::MEDIA::VDEC_IMG_CFG.MSVDX_CMDS_PVDEC_CODED_PICTURE_SIZE @ 0x207f070b4
CHIP::MEDIA::VDEC_IMG_CFG.MSVDX_CMDS_PVDEC_SCALED_DISPLAY_SIZE @ 0x207f070b8
CHIP::MEDIA::VDEC_IMG_CFG.MSVDX_CMDS_CHROMA2_REFERENCE_PICTURE_BASE_ADDRESSES_00 @ 0x207f070c0
CHIP::MEDIA::VDEC_IMG_CFG.MSVDX_CMDS_CHROMA2_REFERENCE_PICTURE_BASE_ADDRESSES_01 @ 0x207f070c4
CHIP::MEDIA::VDEC_IMG_CFG.MSVDX_CMDS_CHROMA2_REFERENCE_PICTURE_BASE_ADDRESSES_02 @ 0x207f070c8
CHIP::MEDIA::VDEC_IMG_CFG.MSVDX_CMDS_CHROMA2_REFERENCE_PICTURE_BASE_ADDRESSES_03 @ 0x207f070cc
CHIP::MEDIA::VDEC_IMG_CFG.MSVDX_CMDS_CHROMA2_REFERENCE_PICTURE_BASE_ADDRESSES_04 @ 0x207f070d0
CHIP::MEDIA::VDEC_IMG_CFG.MSVDX_CMDS_CHROMA2_REFERENCE_PICTURE_BASE_ADDRESSES_05 @ 0x207f070d4
CHIP::MEDIA::VDEC_IMG_CFG.MSVDX_CMDS_CHROMA2_REFERENCE_PICTURE_BASE_ADDRESSES_06 @ 0x207f070d8
CHIP::MEDIA::VDEC_IMG_CFG.MSVDX_CMDS_CHROMA2_REFERENCE_PICTURE_BASE_ADDRESSES_07 @ 0x207f070dc
CHIP::MEDIA::VDEC_IMG_CFG.MSVDX_CMDS_CHROMA2_REFERENCE_PICTURE_BASE_ADDRESSES_08 @ 0x207f070e0
CHIP::MEDIA::VDEC_IMG_CFG.MSVDX_CMDS_CHROMA2_REFERENCE_PICTURE_BASE_ADDRESSES_09 @ 0x207f070e4
CHIP::MEDIA::VDEC_IMG_CFG.MSVDX_CMDS_CHROMA2_REFERENCE_PICTURE_BASE_ADDRESSES_10 @ 0x207f070e8
CHIP::MEDIA::VDEC_IMG_CFG.MSVDX_CMDS_CHROMA2_REFERENCE_PICTURE_BASE_ADDRESSES_11 @ 0x207f070ec
CHIP::MEDIA::VDEC_IMG_CFG.MSVDX_CMDS_CHROMA2_REFERENCE_PICTURE_BASE_ADDRESSES_12 @ 0x207f070f0
CHIP::MEDIA::VDEC_IMG_CFG.MSVDX_CMDS_CHROMA2_REFERENCE_PICTURE_BASE_ADDRESSES_13 @ 0x207f070f4
CHIP::MEDIA::VDEC_IMG_CFG.MSVDX_CMDS_CHROMA2_REFERENCE_PICTURE_BASE_ADDRESSES_14 @ 0x207f070f8
CHIP::MEDIA::VDEC_IMG_CFG.MSVDX_CMDS_CHROMA2_REFERENCE_PICTURE_BASE_ADDRESSES_15 @ 0x207f070fc
CHIP::MEDIA::VDEC_IMG_CFG.MSVDX_CMDS_REFERENCE_PICTURE_BASE_ADDRESSES_00 @ 0x207f07100
CHIP::MEDIA::VDEC_IMG_CFG.MSVDX_CMDS_REFERENCE_PICTURE_BASE_ADDRESSES_01 @ 0x207f07104
CHIP::MEDIA::VDEC_IMG_CFG.MSVDX_CMDS_REFERENCE_PICTURE_BASE_ADDRESSES_02 @ 0x207f07108
CHIP::MEDIA::VDEC_IMG_CFG.MSVDX_CMDS_REFERENCE_PICTURE_BASE_ADDRESSES_03 @ 0x207f0710c
CHIP::MEDIA::VDEC_IMG_CFG.MSVDX_CMDS_REFERENCE_PICTURE_BASE_ADDRESSES_04 @ 0x207f07110
CHIP::MEDIA::VDEC_IMG_CFG.MSVDX_CMDS_REFERENCE_PICTURE_BASE_ADDRESSES_05 @ 0x207f07114
CHIP::MEDIA::VDEC_IMG_CFG.MSVDX_CMDS_REFERENCE_PICTURE_BASE_ADDRESSES_06 @ 0x207f07118
CHIP::MEDIA::VDEC_IMG_CFG.MSVDX_CMDS_REFERENCE_PICTURE_BASE_ADDRESSES_07 @ 0x207f0711c
CHIP::MEDIA::VDEC_IMG_CFG.MSVDX_CMDS_REFERENCE_PICTURE_BASE_ADDRESSES_08 @ 0x207f07120
CHIP::MEDIA::VDEC_IMG_CFG.MSVDX_CMDS_REFERENCE_PICTURE_BASE_ADDRESSES_09 @ 0x207f07124
CHIP::MEDIA::VDEC_IMG_CFG.MSVDX_CMDS_REFERENCE_PICTURE_BASE_ADDRESSES_10 @ 0x207f07128
CHIP::MEDIA::VDEC_IMG_CFG.MSVDX_CMDS_REFERENCE_PICTURE_BASE_ADDRESSES_11 @ 0x207f0712c
CHIP::MEDIA::VDEC_IMG_CFG.MSVDX_CMDS_REFERENCE_PICTURE_BASE_ADDRESSES_12 @ 0x207f07130
CHIP::MEDIA::VDEC_IMG_CFG.MSVDX_CMDS_REFERENCE_PICTURE_BASE_ADDRESSES_13 @ 0x207f07134
CHIP::MEDIA::VDEC_IMG_CFG.MSVDX_CMDS_REFERENCE_PICTURE_BASE_ADDRESSES_14 @ 0x207f07138
CHIP::MEDIA::VDEC_IMG_CFG.MSVDX_CMDS_REFERENCE_PICTURE_BASE_ADDRESSES_15 @ 0x207f0713c
CHIP::MEDIA::VDEC_IMG_CFG.MSVDX_CMDS_REFERENCE_PICTURE_BASE_ADDRESSES_16 @ 0x207f07140
CHIP::MEDIA::VDEC_IMG_CFG.MSVDX_CMDS_REFERENCE_PICTURE_BASE_ADDRESSES_17 @ 0x207f07144
CHIP::MEDIA::VDEC_IMG_CFG.MSVDX_CMDS_REFERENCE_PICTURE_BASE_ADDRESSES_18 @ 0x207f07148
CHIP::MEDIA::VDEC_IMG_CFG.MSVDX_CMDS_REFERENCE_PICTURE_BASE_ADDRESSES_19 @ 0x207f0714c
CHIP::MEDIA::VDEC_IMG_CFG.MSVDX_CMDS_REFERENCE_PICTURE_BASE_ADDRESSES_20 @ 0x207f07150
CHIP::MEDIA::VDEC_IMG_CFG.MSVDX_CMDS_REFERENCE_PICTURE_BASE_ADDRESSES_21 @ 0x207f07154
CHIP::MEDIA::VDEC_IMG_CFG.MSVDX_CMDS_REFERENCE_PICTURE_BASE_ADDRESSES_22 @ 0x207f07158
CHIP::MEDIA::VDEC_IMG_CFG.MSVDX_CMDS_REFERENCE_PICTURE_BASE_ADDRESSES_23 @ 0x207f0715c
CHIP::MEDIA::VDEC_IMG_CFG.MSVDX_CMDS_REFERENCE_PICTURE_BASE_ADDRESSES_24 @ 0x207f07160
CHIP::MEDIA::VDEC_IMG_CFG.MSVDX_CMDS_REFERENCE_PICTURE_BASE_ADDRESSES_25 @ 0x207f07164
CHIP::MEDIA::VDEC_IMG_CFG.MSVDX_CMDS_REFERENCE_PICTURE_BASE_ADDRESSES_26 @ 0x207f07168
CHIP::MEDIA::VDEC_IMG_CFG.MSVDX_CMDS_REFERENCE_PICTURE_BASE_ADDRESSES_27 @ 0x207f0716c
CHIP::MEDIA::VDEC_IMG_CFG.MSVDX_CMDS_REFERENCE_PICTURE_BASE_ADDRESSES_28 @ 0x207f07170
CHIP::MEDIA::VDEC_IMG_CFG.MSVDX_CMDS_REFERENCE_PICTURE_BASE_ADDRESSES_29 @ 0x207f07174
CHIP::MEDIA::VDEC_IMG_CFG.MSVDX_CMDS_REFERENCE_PICTURE_BASE_ADDRESSES_30 @ 0x207f07178
CHIP::MEDIA::VDEC_IMG_CFG.MSVDX_CMDS_REFERENCE_PICTURE_BASE_ADDRESSES_31 @ 0x207f0717c
CHIP::MEDIA::VDEC_IMG_CFG.MSVDX_CMDS_RPR_AX_INITIAL @ 0x207f07180
CHIP::MEDIA::VDEC_IMG_CFG.MSVDX_CMDS_RPR_AX_INCREMENT @ 0x207f07184
CHIP::MEDIA::VDEC_IMG_CFG.MSVDX_CMDS_RPR_AY_INITIAL @ 0x207f07188
CHIP::MEDIA::VDEC_IMG_CFG.MSVDX_CMDS_RPR_AY_INCREMENT @ 0x207f0718c
CHIP::MEDIA::VDEC_IMG_CFG.MSVDX_CMDS_SCALE_LUMA_POS @ 0x207f07190
CHIP::MEDIA::VDEC_IMG_CFG.MSVDX_CMDS_SCALE_HORIZONTAL_LUMA_ACCUM @ 0x207f07194
CHIP::MEDIA::VDEC_IMG_CFG.MSVDX_CMDS_SCALE_VERTICAL_LUMA_ACCUM @ 0x207f07198
CHIP::MEDIA::VDEC_IMG_CFG.MSVDX_CMDS_SCALE_CHROMA_POS @ 0x207f0719c
CHIP::MEDIA::VDEC_IMG_CFG.MSVDX_CMDS_SCALE_HORIZONTAL_CHROMA_ACCUM @ 0x207f071a0
CHIP::MEDIA::VDEC_IMG_CFG.MSVDX_CMDS_SCALE_VERTICAL_CHROMA_ACCUM @ 0x207f071a4
CHIP::MEDIA::VDEC_IMG_CFG.MSVDX_CMDS_EXT_OP_MODE @ 0x207f071a8
CHIP::MEDIA::VDEC_IMG_CFG.MSVDX_CMDS_CHROMA_ROW_STRIDE @ 0x207f071ac
CHIP::MEDIA::VDEC_IMG_CFG.MSVDX_CMDS_CHROMA2_RECONSTRUCTED_PICTURE_BASE_ADDRESSES @ 0x207f071b0
CHIP::MEDIA::VDEC_IMG_CFG.MSVDX_CMDS_ALTERNATIVE_OUTPUT_CONTROL @ 0x207f071b4
CHIP::MEDIA::VDEC_IMG_CFG.MSVDX_CMDS_SCALE_OUTPUT_SIZE @ 0x207f071b8
CHIP::MEDIA::VDEC_IMG_CFG.MSVDX_CMDS_SCALE_HORIZONTAL_CHROMA @ 0x207f071bc
CHIP::MEDIA::VDEC_IMG_CFG.MSVDX_CMDS_SCALE_VERTICAL_CHROMA @ 0x207f071c0
CHIP::MEDIA::VDEC_IMG_CFG.MSVDX_CMDS_CHROMA2_ALTERNATIVE_PICTURE_BASE_ADDRESS @ 0x207f071c4
CHIP::MEDIA::VDEC_IMG_CFG.MSVDX_CMDS_MULTICORE_OPERATING_MODE @ 0x207f071e8
CHIP::MEDIA::VDEC_IMG_CFG.MSVDX_CMDS_AUX_LINE_BUFFER_BASE_ADDRESS @ 0x207f071ec
CHIP::MEDIA::VDEC_IMG_CFG.MSVDX_CMDS_VP8_LOOP_FILTER_CONTROL @ 0x207f071f0
CHIP::MEDIA::VDEC_IMG_CFG.MSVDX_CMDS_VP8_LOOP_FILTER_BASELINE_LEVEL @ 0x207f071f4
CHIP::MEDIA::VDEC_IMG_CFG.MSVDX_CMDS_VP8_LOOP_FILTER_REFERENCE_DELTAS @ 0x207f071f8
CHIP::MEDIA::VDEC_IMG_CFG.MSVDX_CMDS_VP8_LOOP_FILTER_MODE_DELTAS @ 0x207f071fc
CHIP::MEDIA::VDEC_IMG_CFG.MSVDX_CMDS_H264_WEIGHTED_FACTORS_A_00 @ 0x207f07200
CHIP::MEDIA::VDEC_IMG_CFG.MSVDX_CMDS_H264_WEIGHTED_FACTORS_A_01 @ 0x207f07204
CHIP::MEDIA::VDEC_IMG_CFG.MSVDX_CMDS_H264_WEIGHTED_FACTORS_A_02 @ 0x207f07208
CHIP::MEDIA::VDEC_IMG_CFG.MSVDX_CMDS_H264_WEIGHTED_FACTORS_A_03 @ 0x207f0720c
CHIP::MEDIA::VDEC_IMG_CFG.MSVDX_CMDS_H264_WEIGHTED_FACTORS_A_04 @ 0x207f07210
CHIP::MEDIA::VDEC_IMG_CFG.MSVDX_CMDS_H264_WEIGHTED_FACTORS_A_05 @ 0x207f07214
CHIP::MEDIA::VDEC_IMG_CFG.MSVDX_CMDS_H264_WEIGHTED_FACTORS_A_06 @ 0x207f07218
CHIP::MEDIA::VDEC_IMG_CFG.MSVDX_CMDS_H264_WEIGHTED_FACTORS_A_07 @ 0x207f0721c
CHIP::MEDIA::VDEC_IMG_CFG.MSVDX_CMDS_H264_WEIGHTED_FACTORS_A_08 @ 0x207f07220
CHIP::MEDIA::VDEC_IMG_CFG.MSVDX_CMDS_H264_WEIGHTED_FACTORS_A_09 @ 0x207f07224
CHIP::MEDIA::VDEC_IMG_CFG.MSVDX_CMDS_H264_WEIGHTED_FACTORS_A_10 @ 0x207f07228
CHIP::MEDIA::VDEC_IMG_CFG.MSVDX_CMDS_H264_WEIGHTED_FACTORS_A_11 @ 0x207f0722c
CHIP::MEDIA::VDEC_IMG_CFG.MSVDX_CMDS_H264_WEIGHTED_FACTORS_A_12 @ 0x207f07230
CHIP::MEDIA::VDEC_IMG_CFG.MSVDX_CMDS_H264_WEIGHTED_FACTORS_A_13 @ 0x207f07234
CHIP::MEDIA::VDEC_IMG_CFG.MSVDX_CMDS_H264_WEIGHTED_FACTORS_A_14 @ 0x207f07238
CHIP::MEDIA::VDEC_IMG_CFG.MSVDX_CMDS_H264_WEIGHTED_FACTORS_A_15 @ 0x207f0723c
CHIP::MEDIA::VDEC_IMG_CFG.MSVDX_CMDS_H264_WEIGHTED_FACTORS_A_16 @ 0x207f07240
CHIP::MEDIA::VDEC_IMG_CFG.MSVDX_CMDS_H264_WEIGHTED_FACTORS_A_17 @ 0x207f07244
CHIP::MEDIA::VDEC_IMG_CFG.MSVDX_CMDS_H264_WEIGHTED_FACTORS_A_18 @ 0x207f07248
CHIP::MEDIA::VDEC_IMG_CFG.MSVDX_CMDS_H264_WEIGHTED_FACTORS_A_19 @ 0x207f0724c
CHIP::MEDIA::VDEC_IMG_CFG.MSVDX_CMDS_H264_WEIGHTED_FACTORS_A_20 @ 0x207f07250
CHIP::MEDIA::VDEC_IMG_CFG.MSVDX_CMDS_H264_WEIGHTED_FACTORS_A_21 @ 0x207f07254
CHIP::MEDIA::VDEC_IMG_CFG.MSVDX_CMDS_H264_WEIGHTED_FACTORS_A_22 @ 0x207f07258
CHIP::MEDIA::VDEC_IMG_CFG.MSVDX_CMDS_H264_WEIGHTED_FACTORS_A_23 @ 0x207f0725c
CHIP::MEDIA::VDEC_IMG_CFG.MSVDX_CMDS_H264_WEIGHTED_FACTORS_A_24 @ 0x207f07260
CHIP::MEDIA::VDEC_IMG_CFG.MSVDX_CMDS_H264_WEIGHTED_FACTORS_A_25 @ 0x207f07264
CHIP::MEDIA::VDEC_IMG_CFG.MSVDX_CMDS_H264_WEIGHTED_FACTORS_A_26 @ 0x207f07268
CHIP::MEDIA::VDEC_IMG_CFG.MSVDX_CMDS_H264_WEIGHTED_FACTORS_A_27 @ 0x207f0726c
CHIP::MEDIA::VDEC_IMG_CFG.MSVDX_CMDS_H264_WEIGHTED_FACTORS_A_28 @ 0x207f07270
CHIP::MEDIA::VDEC_IMG_CFG.MSVDX_CMDS_H264_WEIGHTED_FACTORS_A_29 @ 0x207f07274
CHIP::MEDIA::VDEC_IMG_CFG.MSVDX_CMDS_H264_WEIGHTED_FACTORS_A_30 @ 0x207f07278
CHIP::MEDIA::VDEC_IMG_CFG.MSVDX_CMDS_H264_WEIGHTED_FACTORS_A_31 @ 0x207f0727c
CHIP::MEDIA::VDEC_IMG_CFG.MSVDX_CMDS_H264_WEIGHTED_OFFSET_A_00 @ 0x207f07280
CHIP::MEDIA::VDEC_IMG_CFG.MSVDX_CMDS_H264_WEIGHTED_OFFSET_A_01 @ 0x207f07284
CHIP::MEDIA::VDEC_IMG_CFG.MSVDX_CMDS_H264_WEIGHTED_OFFSET_A_02 @ 0x207f07288
CHIP::MEDIA::VDEC_IMG_CFG.MSVDX_CMDS_H264_WEIGHTED_OFFSET_A_03 @ 0x207f0728c
CHIP::MEDIA::VDEC_IMG_CFG.MSVDX_CMDS_H264_WEIGHTED_OFFSET_A_04 @ 0x207f07290
CHIP::MEDIA::VDEC_IMG_CFG.MSVDX_CMDS_H264_WEIGHTED_OFFSET_A_05 @ 0x207f07294
CHIP::MEDIA::VDEC_IMG_CFG.MSVDX_CMDS_H264_WEIGHTED_OFFSET_A_06 @ 0x207f07298
CHIP::MEDIA::VDEC_IMG_CFG.MSVDX_CMDS_H264_WEIGHTED_OFFSET_A_07 @ 0x207f0729c
CHIP::MEDIA::VDEC_IMG_CFG.MSVDX_CMDS_H264_WEIGHTED_OFFSET_A_08 @ 0x207f072a0
CHIP::MEDIA::VDEC_IMG_CFG.MSVDX_CMDS_H264_WEIGHTED_OFFSET_A_09 @ 0x207f072a4
CHIP::MEDIA::VDEC_IMG_CFG.MSVDX_CMDS_H264_WEIGHTED_OFFSET_A_10 @ 0x207f072a8
CHIP::MEDIA::VDEC_IMG_CFG.MSVDX_CMDS_H264_WEIGHTED_OFFSET_A_11 @ 0x207f072ac
CHIP::MEDIA::VDEC_IMG_CFG.MSVDX_CMDS_H264_WEIGHTED_OFFSET_A_12 @ 0x207f072b0
CHIP::MEDIA::VDEC_IMG_CFG.MSVDX_CMDS_H264_WEIGHTED_OFFSET_A_13 @ 0x207f072b4
CHIP::MEDIA::VDEC_IMG_CFG.MSVDX_CMDS_H264_WEIGHTED_OFFSET_A_14 @ 0x207f072b8
CHIP::MEDIA::VDEC_IMG_CFG.MSVDX_CMDS_H264_WEIGHTED_OFFSET_A_15 @ 0x207f072bc
CHIP::MEDIA::VDEC_IMG_CFG.MSVDX_CMDS_H264_WEIGHTED_OFFSET_A_16 @ 0x207f072c0
CHIP::MEDIA::VDEC_IMG_CFG.MSVDX_CMDS_H264_WEIGHTED_OFFSET_A_17 @ 0x207f072c4
CHIP::MEDIA::VDEC_IMG_CFG.MSVDX_CMDS_H264_WEIGHTED_OFFSET_A_18 @ 0x207f072c8
CHIP::MEDIA::VDEC_IMG_CFG.MSVDX_CMDS_H264_WEIGHTED_OFFSET_A_19 @ 0x207f072cc
CHIP::MEDIA::VDEC_IMG_CFG.MSVDX_CMDS_H264_WEIGHTED_OFFSET_A_20 @ 0x207f072d0
CHIP::MEDIA::VDEC_IMG_CFG.MSVDX_CMDS_H264_WEIGHTED_OFFSET_A_21 @ 0x207f072d4
CHIP::MEDIA::VDEC_IMG_CFG.MSVDX_CMDS_H264_WEIGHTED_OFFSET_A_22 @ 0x207f072d8
CHIP::MEDIA::VDEC_IMG_CFG.MSVDX_CMDS_H264_WEIGHTED_OFFSET_A_23 @ 0x207f072dc
CHIP::MEDIA::VDEC_IMG_CFG.MSVDX_CMDS_H264_WEIGHTED_OFFSET_A_24 @ 0x207f072e0
CHIP::MEDIA::VDEC_IMG_CFG.MSVDX_CMDS_H264_WEIGHTED_OFFSET_A_25 @ 0x207f072e4
CHIP::MEDIA::VDEC_IMG_CFG.MSVDX_CMDS_H264_WEIGHTED_OFFSET_A_26 @ 0x207f072e8
CHIP::MEDIA::VDEC_IMG_CFG.MSVDX_CMDS_H264_WEIGHTED_OFFSET_A_27 @ 0x207f072ec
CHIP::MEDIA::VDEC_IMG_CFG.MSVDX_CMDS_H264_WEIGHTED_OFFSET_A_28 @ 0x207f072f0
CHIP::MEDIA::VDEC_IMG_CFG.MSVDX_CMDS_H264_WEIGHTED_OFFSET_A_29 @ 0x207f072f4
CHIP::MEDIA::VDEC_IMG_CFG.MSVDX_CMDS_H264_WEIGHTED_OFFSET_A_30 @ 0x207f072f8
CHIP::MEDIA::VDEC_IMG_CFG.MSVDX_CMDS_H264_WEIGHTED_OFFSET_A_31 @ 0x207f072fc
CHIP::MEDIA::VDEC_IMG_CFG.MSVDX_CMDS_H264_WEIGHTED_FACTORS_B_00 @ 0x207f07300
CHIP::MEDIA::VDEC_IMG_CFG.MSVDX_CMDS_H264_WEIGHTED_FACTORS_B_01 @ 0x207f07304
CHIP::MEDIA::VDEC_IMG_CFG.MSVDX_CMDS_H264_WEIGHTED_FACTORS_B_02 @ 0x207f07308
CHIP::MEDIA::VDEC_IMG_CFG.MSVDX_CMDS_H264_WEIGHTED_FACTORS_B_03 @ 0x207f0730c
CHIP::MEDIA::VDEC_IMG_CFG.MSVDX_CMDS_H264_WEIGHTED_FACTORS_B_04 @ 0x207f07310
CHIP::MEDIA::VDEC_IMG_CFG.MSVDX_CMDS_H264_WEIGHTED_FACTORS_B_05 @ 0x207f07314
CHIP::MEDIA::VDEC_IMG_CFG.MSVDX_CMDS_H264_WEIGHTED_FACTORS_B_06 @ 0x207f07318
CHIP::MEDIA::VDEC_IMG_CFG.MSVDX_CMDS_H264_WEIGHTED_FACTORS_B_07 @ 0x207f0731c
CHIP::MEDIA::VDEC_IMG_CFG.MSVDX_CMDS_H264_WEIGHTED_FACTORS_B_08 @ 0x207f07320
CHIP::MEDIA::VDEC_IMG_CFG.MSVDX_CMDS_H264_WEIGHTED_FACTORS_B_09 @ 0x207f07324
CHIP::MEDIA::VDEC_IMG_CFG.MSVDX_CMDS_H264_WEIGHTED_FACTORS_B_10 @ 0x207f07328
CHIP::MEDIA::VDEC_IMG_CFG.MSVDX_CMDS_H264_WEIGHTED_FACTORS_B_11 @ 0x207f0732c
CHIP::MEDIA::VDEC_IMG_CFG.MSVDX_CMDS_H264_WEIGHTED_FACTORS_B_12 @ 0x207f07330
CHIP::MEDIA::VDEC_IMG_CFG.MSVDX_CMDS_H264_WEIGHTED_FACTORS_B_13 @ 0x207f07334
CHIP::MEDIA::VDEC_IMG_CFG.MSVDX_CMDS_H264_WEIGHTED_FACTORS_B_14 @ 0x207f07338
CHIP::MEDIA::VDEC_IMG_CFG.MSVDX_CMDS_H264_WEIGHTED_FACTORS_B_15 @ 0x207f0733c
CHIP::MEDIA::VDEC_IMG_CFG.MSVDX_CMDS_H264_WEIGHTED_FACTORS_B_16 @ 0x207f07340
CHIP::MEDIA::VDEC_IMG_CFG.MSVDX_CMDS_H264_WEIGHTED_FACTORS_B_17 @ 0x207f07344
CHIP::MEDIA::VDEC_IMG_CFG.MSVDX_CMDS_H264_WEIGHTED_FACTORS_B_18 @ 0x207f07348
CHIP::MEDIA::VDEC_IMG_CFG.MSVDX_CMDS_H264_WEIGHTED_FACTORS_B_19 @ 0x207f0734c
CHIP::MEDIA::VDEC_IMG_CFG.MSVDX_CMDS_H264_WEIGHTED_FACTORS_B_20 @ 0x207f07350
CHIP::MEDIA::VDEC_IMG_CFG.MSVDX_CMDS_H264_WEIGHTED_FACTORS_B_21 @ 0x207f07354
CHIP::MEDIA::VDEC_IMG_CFG.MSVDX_CMDS_H264_WEIGHTED_FACTORS_B_22 @ 0x207f07358
CHIP::MEDIA::VDEC_IMG_CFG.MSVDX_CMDS_H264_WEIGHTED_FACTORS_B_23 @ 0x207f0735c
CHIP::MEDIA::VDEC_IMG_CFG.MSVDX_CMDS_H264_WEIGHTED_FACTORS_B_24 @ 0x207f07360
CHIP::MEDIA::VDEC_IMG_CFG.MSVDX_CMDS_H264_WEIGHTED_FACTORS_B_25 @ 0x207f07364
CHIP::MEDIA::VDEC_IMG_CFG.MSVDX_CMDS_H264_WEIGHTED_FACTORS_B_26 @ 0x207f07368
CHIP::MEDIA::VDEC_IMG_CFG.MSVDX_CMDS_H264_WEIGHTED_FACTORS_B_27 @ 0x207f0736c
CHIP::MEDIA::VDEC_IMG_CFG.MSVDX_CMDS_H264_WEIGHTED_FACTORS_B_28 @ 0x207f07370
CHIP::MEDIA::VDEC_IMG_CFG.MSVDX_CMDS_H264_WEIGHTED_FACTORS_B_29 @ 0x207f07374
CHIP::MEDIA::VDEC_IMG_CFG.MSVDX_CMDS_H264_WEIGHTED_FACTORS_B_30 @ 0x207f07378
CHIP::MEDIA::VDEC_IMG_CFG.MSVDX_CMDS_H264_WEIGHTED_FACTORS_B_31 @ 0x207f0737c
CHIP::MEDIA::VDEC_IMG_CFG.MSVDX_CMDS_H264_WEIGHTED_OFFSET_B_00 @ 0x207f07380
CHIP::MEDIA::VDEC_IMG_CFG.MSVDX_CMDS_H264_WEIGHTED_OFFSET_B_01 @ 0x207f07384
CHIP::MEDIA::VDEC_IMG_CFG.MSVDX_CMDS_H264_WEIGHTED_OFFSET_B_02 @ 0x207f07388
CHIP::MEDIA::VDEC_IMG_CFG.MSVDX_CMDS_H264_WEIGHTED_OFFSET_B_03 @ 0x207f0738c
CHIP::MEDIA::VDEC_IMG_CFG.MSVDX_CMDS_H264_WEIGHTED_OFFSET_B_04 @ 0x207f07390
CHIP::MEDIA::VDEC_IMG_CFG.MSVDX_CMDS_H264_WEIGHTED_OFFSET_B_05 @ 0x207f07394
CHIP::MEDIA::VDEC_IMG_CFG.MSVDX_CMDS_H264_WEIGHTED_OFFSET_B_06 @ 0x207f07398
CHIP::MEDIA::VDEC_IMG_CFG.MSVDX_CMDS_H264_WEIGHTED_OFFSET_B_07 @ 0x207f0739c
CHIP::MEDIA::VDEC_IMG_CFG.MSVDX_CMDS_H264_WEIGHTED_OFFSET_B_08 @ 0x207f073a0
CHIP::MEDIA::VDEC_IMG_CFG.MSVDX_CMDS_H264_WEIGHTED_OFFSET_B_09 @ 0x207f073a4
CHIP::MEDIA::VDEC_IMG_CFG.MSVDX_CMDS_H264_WEIGHTED_OFFSET_B_10 @ 0x207f073a8
CHIP::MEDIA::VDEC_IMG_CFG.MSVDX_CMDS_H264_WEIGHTED_OFFSET_B_11 @ 0x207f073ac
CHIP::MEDIA::VDEC_IMG_CFG.MSVDX_CMDS_H264_WEIGHTED_OFFSET_B_12 @ 0x207f073b0
CHIP::MEDIA::VDEC_IMG_CFG.MSVDX_CMDS_H264_WEIGHTED_OFFSET_B_13 @ 0x207f073b4
CHIP::MEDIA::VDEC_IMG_CFG.MSVDX_CMDS_H264_WEIGHTED_OFFSET_B_14 @ 0x207f073b8
CHIP::MEDIA::VDEC_IMG_CFG.MSVDX_CMDS_H264_WEIGHTED_OFFSET_B_15 @ 0x207f073bc
CHIP::MEDIA::VDEC_IMG_CFG.MSVDX_CMDS_H264_WEIGHTED_OFFSET_B_16 @ 0x207f073c0
CHIP::MEDIA::VDEC_IMG_CFG.MSVDX_CMDS_H264_WEIGHTED_OFFSET_B_17 @ 0x207f073c4
CHIP::MEDIA::VDEC_IMG_CFG.MSVDX_CMDS_H264_WEIGHTED_OFFSET_B_18 @ 0x207f073c8
CHIP::MEDIA::VDEC_IMG_CFG.MSVDX_CMDS_H264_WEIGHTED_OFFSET_B_19 @ 0x207f073cc
CHIP::MEDIA::VDEC_IMG_CFG.MSVDX_CMDS_H264_WEIGHTED_OFFSET_B_20 @ 0x207f073d0
CHIP::MEDIA::VDEC_IMG_CFG.MSVDX_CMDS_H264_WEIGHTED_OFFSET_B_21 @ 0x207f073d4
CHIP::MEDIA::VDEC_IMG_CFG.MSVDX_CMDS_H264_WEIGHTED_OFFSET_B_22 @ 0x207f073d8
CHIP::MEDIA::VDEC_IMG_CFG.MSVDX_CMDS_H264_WEIGHTED_OFFSET_B_23 @ 0x207f073dc
CHIP::MEDIA::VDEC_IMG_CFG.MSVDX_CMDS_H264_WEIGHTED_OFFSET_B_24 @ 0x207f073e0
CHIP::MEDIA::VDEC_IMG_CFG.MSVDX_CMDS_H264_WEIGHTED_OFFSET_B_25 @ 0x207f073e4
CHIP::MEDIA::VDEC_IMG_CFG.MSVDX_CMDS_H264_WEIGHTED_OFFSET_B_26 @ 0x207f073e8
CHIP::MEDIA::VDEC_IMG_CFG.MSVDX_CMDS_H264_WEIGHTED_OFFSET_B_27 @ 0x207f073ec
CHIP::MEDIA::VDEC_IMG_CFG.MSVDX_CMDS_H264_WEIGHTED_OFFSET_B_28 @ 0x207f073f0
CHIP::MEDIA::VDEC_IMG_CFG.MSVDX_CMDS_H264_WEIGHTED_OFFSET_B_29 @ 0x207f073f4
CHIP::MEDIA::VDEC_IMG_CFG.MSVDX_CMDS_H264_WEIGHTED_OFFSET_B_30 @ 0x207f073f8
CHIP::MEDIA::VDEC_IMG_CFG.MSVDX_CMDS_H264_WEIGHTED_OFFSET_B_31 @ 0x207f073fc
CHIP::MEDIA::VDEC_IMG_CFG.MSVDX_CMDS_SLICE_PARAMS @ 0x207f07400
CHIP::MEDIA::VDEC_IMG_CFG.MSVDX_CMDS_END_SLICE_PICTURE @ 0x207f07404
CHIP::MEDIA::VDEC_IMG_CFG.MSVDX_CMDS_MACROBLOCK_NUMBER @ 0x207f07408
CHIP::MEDIA::VDEC_IMG_CFG.MSVDX_CMDS_MACROBLOCK_H264_QUANT @ 0x207f0740c
CHIP::MEDIA::VDEC_IMG_CFG.MSVDX_CMDS_MACROBLOCK_BLOCK_TRANSFORM_SIZE @ 0x207f07410
CHIP::MEDIA::VDEC_IMG_CFG.MSVDX_CMDS_MACROBLOCK_BLOCK_TRANSFORM_ZERO @ 0x207f07414
CHIP::MEDIA::VDEC_IMG_CFG.MSVDX_CMDS_MACROBLOCK_RESIDUAL_FORMAT @ 0x207f07418
CHIP::MEDIA::VDEC_IMG_CFG.MSVDX_CMDS_INTRA_BLOCK_PREDICTION_00 @ 0x207f0741c
CHIP::MEDIA::VDEC_IMG_CFG.MSVDX_CMDS_INTRA_BLOCK_PREDICTION_01 @ 0x207f07420
CHIP::MEDIA::VDEC_IMG_CFG.MSVDX_CMDS_INTRA_BLOCK_PREDICTION_02 @ 0x207f07424
CHIP::MEDIA::VDEC_IMG_CFG.MSVDX_CMDS_INTRA_BLOCK_PREDICTION_03 @ 0x207f07428
CHIP::MEDIA::VDEC_IMG_CFG.MSVDX_CMDS_INTRA_BLOCK_PREDICTION_04 @ 0x207f0742c
CHIP::MEDIA::VDEC_IMG_CFG.MSVDX_CMDS_INTER_BLOCK_PREDICTION_00 @ 0x207f07430
CHIP::MEDIA::VDEC_IMG_CFG.MSVDX_CMDS_INTER_BLOCK_PREDICTION_01 @ 0x207f07434
CHIP::MEDIA::VDEC_IMG_CFG.MSVDX_CMDS_INTER_BLOCK_PREDICTION_02 @ 0x207f07438
CHIP::MEDIA::VDEC_IMG_CFG.MSVDX_CMDS_INTER_BLOCK_PREDICTION_03 @ 0x207f0743c
CHIP::MEDIA::VDEC_IMG_CFG.MSVDX_CMDS_H264_IMPLICIT_WEIGHT_AVERAGE @ 0x207f07440
CHIP::MEDIA::VDEC_IMG_CFG.MSVDX_CMDS_VC1_INLOOP_LUMA_BOUNDARY @ 0x207f07450
CHIP::MEDIA::VDEC_IMG_CFG.MSVDX_CMDS_VC1_INLOOP_CHROMA_BOUNDARY @ 0x207f07454
CHIP::MEDIA::VDEC_IMG_CFG.MSVDX_CMDS_RV_DEBLOCKING_FLAGS @ 0x207f07458
CHIP::MEDIA::VDEC_IMG_CFG.MSVDX_CMDS_HEVC_SAO_MODE @ 0x207f07460
CHIP::MEDIA::VDEC_IMG_CFG.MSVDX_CMDS_HEVC_SAO_LUMA_OFFSET @ 0x207f07464
CHIP::MEDIA::VDEC_IMG_CFG.MSVDX_CMDS_HEVC_SAO_CB_OFFSET @ 0x207f07468
CHIP::MEDIA::VDEC_IMG_CFG.MSVDX_CMDS_HEVC_SAO_CR_OFFSET @ 0x207f0746c
CHIP::MEDIA::VDEC_IMG_CFG.MSVDX_CMDS_PVDEC_SLICE_PARAMS @ 0x207f07470
CHIP::MEDIA::VDEC_IMG_CFG.MSVDX_CMDS_JPEG_BLOCK @ 0x207f07480
CHIP::MEDIA::VDEC_IMG_CFG.MSVDX_CMDS_PVDEC_MACROBLOCK_NUMBER @ 0x207f07488
CHIP::MEDIA::VDEC_IMG_CFG.MSVDX_CMDS_PVDEC_MACROBLOCK_QUANT @ 0x207f0748c
CHIP::MEDIA::VDEC_IMG_CFG.MSVDX_CMDS_PVDEC_MACROBLOCK_BLOCK_TRANSFORM_ZERO @ 0x207f07494
CHIP::MEDIA::VDEC_IMG_CFG.MSVDX_CMDS_PVDEC_INTRA_BLOCK_PREDICTION_00 @ 0x207f0749c
CHIP::MEDIA::VDEC_IMG_CFG.MSVDX_CMDS_PVDEC_INTRA_BLOCK_PREDICTION_01 @ 0x207f074a0
CHIP::MEDIA::VDEC_IMG_CFG.MSVDX_CMDS_PVDEC_INTRA_BLOCK_PREDICTION_02 @ 0x207f074a4
CHIP::MEDIA::VDEC_IMG_CFG.MSVDX_CMDS_PVDEC_INTRA_BLOCK_PREDICTION_03 @ 0x207f074a8
CHIP::MEDIA::VDEC_IMG_CFG.MSVDX_CMDS_PVDEC_INTRA_BLOCK_PREDICTION_04 @ 0x207f074ac
CHIP::MEDIA::VDEC_IMG_CFG.MSVDX_CMDS_MOTION_VECTOR_00 @ 0x207f07500
CHIP::MEDIA::VDEC_IMG_CFG.MSVDX_CMDS_MOTION_VECTOR_01 @ 0x207f07504
CHIP::MEDIA::VDEC_IMG_CFG.MSVDX_CMDS_MOTION_VECTOR_02 @ 0x207f07508
CHIP::MEDIA::VDEC_IMG_CFG.MSVDX_CMDS_MOTION_VECTOR_03 @ 0x207f0750c
CHIP::MEDIA::VDEC_IMG_CFG.MSVDX_CMDS_MOTION_VECTOR_04 @ 0x207f07510
CHIP::MEDIA::VDEC_IMG_CFG.MSVDX_CMDS_MOTION_VECTOR_05 @ 0x207f07514
CHIP::MEDIA::VDEC_IMG_CFG.MSVDX_CMDS_MOTION_VECTOR_06 @ 0x207f07518
CHIP::MEDIA::VDEC_IMG_CFG.MSVDX_CMDS_MOTION_VECTOR_07 @ 0x207f0751c
CHIP::MEDIA::VDEC_IMG_CFG.MSVDX_CMDS_MOTION_VECTOR_08 @ 0x207f07520
CHIP::MEDIA::VDEC_IMG_CFG.MSVDX_CMDS_MOTION_VECTOR_09 @ 0x207f07524
CHIP::MEDIA::VDEC_IMG_CFG.MSVDX_CMDS_MOTION_VECTOR_10 @ 0x207f07528
CHIP::MEDIA::VDEC_IMG_CFG.MSVDX_CMDS_MOTION_VECTOR_11 @ 0x207f0752c
CHIP::MEDIA::VDEC_IMG_CFG.MSVDX_CMDS_MOTION_VECTOR_12 @ 0x207f07530
CHIP::MEDIA::VDEC_IMG_CFG.MSVDX_CMDS_MOTION_VECTOR_13 @ 0x207f07534
CHIP::MEDIA::VDEC_IMG_CFG.MSVDX_CMDS_MOTION_VECTOR_14 @ 0x207f07538
CHIP::MEDIA::VDEC_IMG_CFG.MSVDX_CMDS_MOTION_VECTOR_15 @ 0x207f0753c
CHIP::MEDIA::VDEC_IMG_CFG.MSVDX_CMDS_MOTION_VECTOR_16 @ 0x207f07540
CHIP::MEDIA::VDEC_IMG_CFG.MSVDX_CMDS_MOTION_VECTOR_17 @ 0x207f07544
CHIP::MEDIA::VDEC_IMG_CFG.MSVDX_CMDS_MOTION_VECTOR_18 @ 0x207f07548
CHIP::MEDIA::VDEC_IMG_CFG.MSVDX_CMDS_MOTION_VECTOR_19 @ 0x207f0754c
CHIP::MEDIA::VDEC_IMG_CFG.MSVDX_CMDS_MOTION_VECTOR_20 @ 0x207f07550
CHIP::MEDIA::VDEC_IMG_CFG.MSVDX_CMDS_MOTION_VECTOR_21 @ 0x207f07554
CHIP::MEDIA::VDEC_IMG_CFG.MSVDX_CMDS_MOTION_VECTOR_22 @ 0x207f07558
CHIP::MEDIA::VDEC_IMG_CFG.MSVDX_CMDS_MOTION_VECTOR_23 @ 0x207f0755c
CHIP::MEDIA::VDEC_IMG_CFG.MSVDX_CMDS_MOTION_VECTOR_24 @ 0x207f07560
CHIP::MEDIA::VDEC_IMG_CFG.MSVDX_CMDS_MOTION_VECTOR_25 @ 0x207f07564
CHIP::MEDIA::VDEC_IMG_CFG.MSVDX_CMDS_MOTION_VECTOR_26 @ 0x207f07568
CHIP::MEDIA::VDEC_IMG_CFG.MSVDX_CMDS_MOTION_VECTOR_27 @ 0x207f0756c
CHIP::MEDIA::VDEC_IMG_CFG.MSVDX_CMDS_MOTION_VECTOR_28 @ 0x207f07570
CHIP::MEDIA::VDEC_IMG_CFG.MSVDX_CMDS_MOTION_VECTOR_29 @ 0x207f07574
CHIP::MEDIA::VDEC_IMG_CFG.MSVDX_CMDS_MOTION_VECTOR_30 @ 0x207f07578
CHIP::MEDIA::VDEC_IMG_CFG.MSVDX_CMDS_MOTION_VECTOR_31 @ 0x207f0757c
CHIP::MEDIA::VDEC_IMG_CFG.MSVDX_CMDS_PVDEC_MOTION_VECTOR_00 @ 0x207f07580
CHIP::MEDIA::VDEC_IMG_CFG.MSVDX_CMDS_PVDEC_MOTION_VECTOR_01 @ 0x207f07584
CHIP::MEDIA::VDEC_IMG_CFG.MSVDX_CMDS_PVDEC_MOTION_VECTOR_02 @ 0x207f07588
CHIP::MEDIA::VDEC_IMG_CFG.MSVDX_CMDS_PVDEC_MOTION_VECTOR_03 @ 0x207f0758c
CHIP::MEDIA::VDEC_IMG_CFG.MSVDX_CMDS_PVDEC_MOTION_VECTOR_04 @ 0x207f07590
CHIP::MEDIA::VDEC_IMG_CFG.MSVDX_CMDS_PVDEC_MOTION_VECTOR_05 @ 0x207f07594
CHIP::MEDIA::VDEC_IMG_CFG.MSVDX_CMDS_PVDEC_MOTION_VECTOR_06 @ 0x207f07598
CHIP::MEDIA::VDEC_IMG_CFG.MSVDX_CMDS_PVDEC_MOTION_VECTOR_07 @ 0x207f0759c
CHIP::MEDIA::VDEC_IMG_CFG.MSVDX_CMDS_PVDEC_MOTION_VECTOR_08 @ 0x207f075a0
CHIP::MEDIA::VDEC_IMG_CFG.MSVDX_CMDS_PVDEC_MOTION_VECTOR_09 @ 0x207f075a4
CHIP::MEDIA::VDEC_IMG_CFG.MSVDX_CMDS_PVDEC_MOTION_VECTOR_10 @ 0x207f075a8
CHIP::MEDIA::VDEC_IMG_CFG.MSVDX_CMDS_PVDEC_MOTION_VECTOR_11 @ 0x207f075ac
CHIP::MEDIA::VDEC_IMG_CFG.MSVDX_CMDS_PVDEC_MOTION_VECTOR_12 @ 0x207f075b0
CHIP::MEDIA::VDEC_IMG_CFG.MSVDX_CMDS_PVDEC_MOTION_VECTOR_13 @ 0x207f075b4
CHIP::MEDIA::VDEC_IMG_CFG.MSVDX_CMDS_PVDEC_MOTION_VECTOR_14 @ 0x207f075b8
CHIP::MEDIA::VDEC_IMG_CFG.MSVDX_CMDS_PVDEC_MOTION_VECTOR_15 @ 0x207f075bc
CHIP::MEDIA::VDEC_IMG_CFG.MSVDX_CMDS_PVDEC_MOTION_VECTOR_16 @ 0x207f075c0
CHIP::MEDIA::VDEC_IMG_CFG.MSVDX_CMDS_PVDEC_MOTION_VECTOR_17 @ 0x207f075c4
CHIP::MEDIA::VDEC_IMG_CFG.MSVDX_CMDS_PVDEC_MOTION_VECTOR_18 @ 0x207f075c8
CHIP::MEDIA::VDEC_IMG_CFG.MSVDX_CMDS_PVDEC_MOTION_VECTOR_19 @ 0x207f075cc
CHIP::MEDIA::VDEC_IMG_CFG.MSVDX_CMDS_PVDEC_MOTION_VECTOR_20 @ 0x207f075d0
CHIP::MEDIA::VDEC_IMG_CFG.MSVDX_CMDS_PVDEC_MOTION_VECTOR_21 @ 0x207f075d4
CHIP::MEDIA::VDEC_IMG_CFG.MSVDX_CMDS_PVDEC_MOTION_VECTOR_22 @ 0x207f075d8
CHIP::MEDIA::VDEC_IMG_CFG.MSVDX_CMDS_PVDEC_MOTION_VECTOR_23 @ 0x207f075dc
CHIP::MEDIA::VDEC_IMG_CFG.MSVDX_CMDS_PVDEC_MOTION_VECTOR_24 @ 0x207f075e0
CHIP::MEDIA::VDEC_IMG_CFG.MSVDX_CMDS_PVDEC_MOTION_VECTOR_25 @ 0x207f075e4
CHIP::MEDIA::VDEC_IMG_CFG.MSVDX_CMDS_PVDEC_MOTION_VECTOR_26 @ 0x207f075e8
CHIP::MEDIA::VDEC_IMG_CFG.MSVDX_CMDS_PVDEC_MOTION_VECTOR_27 @ 0x207f075ec
CHIP::MEDIA::VDEC_IMG_CFG.MSVDX_CMDS_PVDEC_MOTION_VECTOR_28 @ 0x207f075f0
CHIP::MEDIA::VDEC_IMG_CFG.MSVDX_CMDS_PVDEC_MOTION_VECTOR_29 @ 0x207f075f4
CHIP::MEDIA::VDEC_IMG_CFG.MSVDX_CMDS_PVDEC_MOTION_VECTOR_30 @ 0x207f075f8
CHIP::MEDIA::VDEC_IMG_CFG.MSVDX_CMDS_PVDEC_MOTION_VECTOR_31 @ 0x207f075fc
CHIP::MEDIA::VDEC_IMG_CFG.MSVDX_CMDS_SLICE_PARAMS_ABOVE1 @ 0x207f07600
CHIP::MEDIA::VDEC_IMG_CFG.MSVDX_CMDS_MACROBLOCK_NUMBER_ABOVE1 @ 0x207f07608
CHIP::MEDIA::VDEC_IMG_CFG.MSVDX_CMDS_MACROBLOCK_H264_QUANT_ABOVE1 @ 0x207f0760c
CHIP::MEDIA::VDEC_IMG_CFG.MSVDX_CMDS_MACROBLOCK_BLOCK_TRANSFORM_SIZE_ABOVE1 @ 0x207f07610
CHIP::MEDIA::VDEC_IMG_CFG.MSVDX_CMDS_MACROBLOCK_BLOCK_TRANSFORM_ZERO_ABOVE1 @ 0x207f07614
CHIP::MEDIA::VDEC_IMG_CFG.MSVDX_CMDS_INTRA_BLOCK_PREDICTION_ABOVE1_00 @ 0x207f0761c
CHIP::MEDIA::VDEC_IMG_CFG.MSVDX_CMDS_INTRA_BLOCK_PREDICTION_ABOVE1_01 @ 0x207f07620
CHIP::MEDIA::VDEC_IMG_CFG.MSVDX_CMDS_INTRA_BLOCK_PREDICTION_ABOVE1_02 @ 0x207f07624
CHIP::MEDIA::VDEC_IMG_CFG.MSVDX_CMDS_INTRA_BLOCK_PREDICTION_ABOVE1_03 @ 0x207f07628
CHIP::MEDIA::VDEC_IMG_CFG.MSVDX_CMDS_INTRA_BLOCK_PREDICTION_ABOVE1_04 @ 0x207f0762c
CHIP::MEDIA::VDEC_IMG_CFG.MSVDX_CMDS_INTER_BLOCK_PREDICTION_ABOVE1_00 @ 0x207f07630
CHIP::MEDIA::VDEC_IMG_CFG.MSVDX_CMDS_INTER_BLOCK_PREDICTION_ABOVE1_01 @ 0x207f07634
CHIP::MEDIA::VDEC_IMG_CFG.MSVDX_CMDS_INTER_BLOCK_PREDICTION_ABOVE1_02 @ 0x207f07638
CHIP::MEDIA::VDEC_IMG_CFG.MSVDX_CMDS_INTER_BLOCK_PREDICTION_ABOVE1_03 @ 0x207f0763c
CHIP::MEDIA::VDEC_IMG_CFG.MSVDX_CMDS_VC1_INLOOP_LUMA_BOUNDARY_ABOVE1 @ 0x207f07650
CHIP::MEDIA::VDEC_IMG_CFG.MSVDX_CMDS_VC1_INLOOP_CHROMA_BOUNDARY_ABOVE1 @ 0x207f07654
CHIP::MEDIA::VDEC_IMG_CFG.MSVDX_CMDS_HEVC_SAO_MODE_ABOVE1 @ 0x207f07660
CHIP::MEDIA::VDEC_IMG_CFG.MSVDX_CMDS_HEVC_SAO_LUMA_OFFSET_ABOVE1 @ 0x207f07664
CHIP::MEDIA::VDEC_IMG_CFG.MSVDX_CMDS_HEVC_SAO_CB_OFFSET_ABOVE1 @ 0x207f07668
CHIP::MEDIA::VDEC_IMG_CFG.MSVDX_CMDS_HEVC_SAO_CR_OFFSET_ABOVE1 @ 0x207f0766c
CHIP::MEDIA::VDEC_IMG_CFG.MSVDX_CMDS_PVDEC_SLICE_PARAMS_ABOVE1 @ 0x207f07670
CHIP::MEDIA::VDEC_IMG_CFG.MSVDX_CMDS_PVDEC_MACROBLOCK_NUMBER_ABOVE1 @ 0x207f07688
CHIP::MEDIA::VDEC_IMG_CFG.MSVDX_CMDS_PVDEC_MACROBLOCK_QUANT_ABOVE1 @ 0x207f0768c
CHIP::MEDIA::VDEC_IMG_CFG.MSVDX_CMDS_PVDEC_MACROBLOCK_BLOCK_TRANSFORM_ZERO_ABOVE1 @ 0x207f07694
CHIP::MEDIA::VDEC_IMG_CFG.MSVDX_CMDS_PVDEC_INTRA_BLOCK_PREDICTION_ABOVE1_00 @ 0x207f0769c
CHIP::MEDIA::VDEC_IMG_CFG.MSVDX_CMDS_PVDEC_INTRA_BLOCK_PREDICTION_ABOVE1_01 @ 0x207f076a0
CHIP::MEDIA::VDEC_IMG_CFG.MSVDX_CMDS_PVDEC_INTRA_BLOCK_PREDICTION_ABOVE1_02 @ 0x207f076a4
CHIP::MEDIA::VDEC_IMG_CFG.MSVDX_CMDS_PVDEC_INTRA_BLOCK_PREDICTION_ABOVE1_03 @ 0x207f076a8
CHIP::MEDIA::VDEC_IMG_CFG.MSVDX_CMDS_PVDEC_INTRA_BLOCK_PREDICTION_ABOVE1_04 @ 0x207f076ac
CHIP::MEDIA::VDEC_IMG_CFG.MSVDX_CMDS_MOTION_VECTOR_ABOVE1_00 @ 0x207f07700
CHIP::MEDIA::VDEC_IMG_CFG.MSVDX_CMDS_MOTION_VECTOR_ABOVE1_01 @ 0x207f07704
CHIP::MEDIA::VDEC_IMG_CFG.MSVDX_CMDS_MOTION_VECTOR_ABOVE1_02 @ 0x207f07708
CHIP::MEDIA::VDEC_IMG_CFG.MSVDX_CMDS_MOTION_VECTOR_ABOVE1_03 @ 0x207f0770c
CHIP::MEDIA::VDEC_IMG_CFG.MSVDX_CMDS_MOTION_VECTOR_ABOVE1_04 @ 0x207f07710
CHIP::MEDIA::VDEC_IMG_CFG.MSVDX_CMDS_MOTION_VECTOR_ABOVE1_05 @ 0x207f07714
CHIP::MEDIA::VDEC_IMG_CFG.MSVDX_CMDS_MOTION_VECTOR_ABOVE1_06 @ 0x207f07718
CHIP::MEDIA::VDEC_IMG_CFG.MSVDX_CMDS_MOTION_VECTOR_ABOVE1_07 @ 0x207f0771c
CHIP::MEDIA::VDEC_IMG_CFG.MSVDX_CMDS_MOTION_VECTOR_ABOVE1_08 @ 0x207f07720
CHIP::MEDIA::VDEC_IMG_CFG.MSVDX_CMDS_MOTION_VECTOR_ABOVE1_09 @ 0x207f07724
CHIP::MEDIA::VDEC_IMG_CFG.MSVDX_CMDS_MOTION_VECTOR_ABOVE1_10 @ 0x207f07728
CHIP::MEDIA::VDEC_IMG_CFG.MSVDX_CMDS_MOTION_VECTOR_ABOVE1_11 @ 0x207f0772c
CHIP::MEDIA::VDEC_IMG_CFG.MSVDX_CMDS_MOTION_VECTOR_ABOVE1_12 @ 0x207f07730
CHIP::MEDIA::VDEC_IMG_CFG.MSVDX_CMDS_MOTION_VECTOR_ABOVE1_13 @ 0x207f07734
CHIP::MEDIA::VDEC_IMG_CFG.MSVDX_CMDS_MOTION_VECTOR_ABOVE1_14 @ 0x207f07738
CHIP::MEDIA::VDEC_IMG_CFG.MSVDX_CMDS_MOTION_VECTOR_ABOVE1_15 @ 0x207f0773c
CHIP::MEDIA::VDEC_IMG_CFG.MSVDX_CMDS_MOTION_VECTOR_ABOVE1_16 @ 0x207f07740
CHIP::MEDIA::VDEC_IMG_CFG.MSVDX_CMDS_MOTION_VECTOR_ABOVE1_17 @ 0x207f07744
CHIP::MEDIA::VDEC_IMG_CFG.MSVDX_CMDS_MOTION_VECTOR_ABOVE1_18 @ 0x207f07748
CHIP::MEDIA::VDEC_IMG_CFG.MSVDX_CMDS_MOTION_VECTOR_ABOVE1_19 @ 0x207f0774c
CHIP::MEDIA::VDEC_IMG_CFG.MSVDX_CMDS_MOTION_VECTOR_ABOVE1_20 @ 0x207f07750
CHIP::MEDIA::VDEC_IMG_CFG.MSVDX_CMDS_MOTION_VECTOR_ABOVE1_21 @ 0x207f07754
CHIP::MEDIA::VDEC_IMG_CFG.MSVDX_CMDS_MOTION_VECTOR_ABOVE1_22 @ 0x207f07758
CHIP::MEDIA::VDEC_IMG_CFG.MSVDX_CMDS_MOTION_VECTOR_ABOVE1_23 @ 0x207f0775c
CHIP::MEDIA::VDEC_IMG_CFG.MSVDX_CMDS_MOTION_VECTOR_ABOVE1_24 @ 0x207f07760
CHIP::MEDIA::VDEC_IMG_CFG.MSVDX_CMDS_MOTION_VECTOR_ABOVE1_25 @ 0x207f07764
CHIP::MEDIA::VDEC_IMG_CFG.MSVDX_CMDS_MOTION_VECTOR_ABOVE1_26 @ 0x207f07768
CHIP::MEDIA::VDEC_IMG_CFG.MSVDX_CMDS_MOTION_VECTOR_ABOVE1_27 @ 0x207f0776c
CHIP::MEDIA::VDEC_IMG_CFG.MSVDX_CMDS_MOTION_VECTOR_ABOVE1_28 @ 0x207f07770
CHIP::MEDIA::VDEC_IMG_CFG.MSVDX_CMDS_MOTION_VECTOR_ABOVE1_29 @ 0x207f07774
CHIP::MEDIA::VDEC_IMG_CFG.MSVDX_CMDS_MOTION_VECTOR_ABOVE1_30 @ 0x207f07778
CHIP::MEDIA::VDEC_IMG_CFG.MSVDX_CMDS_MOTION_VECTOR_ABOVE1_31 @ 0x207f0777c
CHIP::MEDIA::VDEC_IMG_CFG.MSVDX_CMDS_PVDEC_MOTION_VECTOR_ABOVE1_00 @ 0x207f07780
CHIP::MEDIA::VDEC_IMG_CFG.MSVDX_CMDS_PVDEC_MOTION_VECTOR_ABOVE1_01 @ 0x207f07784
CHIP::MEDIA::VDEC_IMG_CFG.MSVDX_CMDS_PVDEC_MOTION_VECTOR_ABOVE1_02 @ 0x207f07788
CHIP::MEDIA::VDEC_IMG_CFG.MSVDX_CMDS_PVDEC_MOTION_VECTOR_ABOVE1_03 @ 0x207f0778c
CHIP::MEDIA::VDEC_IMG_CFG.MSVDX_CMDS_PVDEC_MOTION_VECTOR_ABOVE1_04 @ 0x207f07790
CHIP::MEDIA::VDEC_IMG_CFG.MSVDX_CMDS_PVDEC_MOTION_VECTOR_ABOVE1_05 @ 0x207f07794
CHIP::MEDIA::VDEC_IMG_CFG.MSVDX_CMDS_PVDEC_MOTION_VECTOR_ABOVE1_06 @ 0x207f07798
CHIP::MEDIA::VDEC_IMG_CFG.MSVDX_CMDS_PVDEC_MOTION_VECTOR_ABOVE1_07 @ 0x207f0779c
CHIP::MEDIA::VDEC_IMG_CFG.MSVDX_CMDS_PVDEC_MOTION_VECTOR_ABOVE1_08 @ 0x207f077a0
CHIP::MEDIA::VDEC_IMG_CFG.MSVDX_CMDS_PVDEC_MOTION_VECTOR_ABOVE1_09 @ 0x207f077a4
CHIP::MEDIA::VDEC_IMG_CFG.MSVDX_CMDS_PVDEC_MOTION_VECTOR_ABOVE1_10 @ 0x207f077a8
CHIP::MEDIA::VDEC_IMG_CFG.MSVDX_CMDS_PVDEC_MOTION_VECTOR_ABOVE1_11 @ 0x207f077ac
CHIP::MEDIA::VDEC_IMG_CFG.MSVDX_CMDS_PVDEC_MOTION_VECTOR_ABOVE1_12 @ 0x207f077b0
CHIP::MEDIA::VDEC_IMG_CFG.MSVDX_CMDS_PVDEC_MOTION_VECTOR_ABOVE1_13 @ 0x207f077b4
CHIP::MEDIA::VDEC_IMG_CFG.MSVDX_CMDS_PVDEC_MOTION_VECTOR_ABOVE1_14 @ 0x207f077b8
CHIP::MEDIA::VDEC_IMG_CFG.MSVDX_CMDS_PVDEC_MOTION_VECTOR_ABOVE1_15 @ 0x207f077bc
CHIP::MEDIA::VDEC_IMG_CFG.MSVDX_CMDS_PVDEC_MOTION_VECTOR_ABOVE1_16 @ 0x207f077c0
CHIP::MEDIA::VDEC_IMG_CFG.MSVDX_CMDS_PVDEC_MOTION_VECTOR_ABOVE1_17 @ 0x207f077c4
CHIP::MEDIA::VDEC_IMG_CFG.MSVDX_CMDS_PVDEC_MOTION_VECTOR_ABOVE1_18 @ 0x207f077c8
CHIP::MEDIA::VDEC_IMG_CFG.MSVDX_CMDS_PVDEC_MOTION_VECTOR_ABOVE1_19 @ 0x207f077cc
CHIP::MEDIA::VDEC_IMG_CFG.MSVDX_CMDS_PVDEC_MOTION_VECTOR_ABOVE1_20 @ 0x207f077d0
CHIP::MEDIA::VDEC_IMG_CFG.MSVDX_CMDS_PVDEC_MOTION_VECTOR_ABOVE1_21 @ 0x207f077d4
CHIP::MEDIA::VDEC_IMG_CFG.MSVDX_CMDS_PVDEC_MOTION_VECTOR_ABOVE1_22 @ 0x207f077d8
CHIP::MEDIA::VDEC_IMG_CFG.MSVDX_CMDS_PVDEC_MOTION_VECTOR_ABOVE1_23 @ 0x207f077dc
CHIP::MEDIA::VDEC_IMG_CFG.MSVDX_CMDS_PVDEC_MOTION_VECTOR_ABOVE1_24 @ 0x207f077e0
CHIP::MEDIA::VDEC_IMG_CFG.MSVDX_CMDS_PVDEC_MOTION_VECTOR_ABOVE1_25 @ 0x207f077e4
CHIP::MEDIA::VDEC_IMG_CFG.MSVDX_CMDS_PVDEC_MOTION_VECTOR_ABOVE1_26 @ 0x207f077e8
CHIP::MEDIA::VDEC_IMG_CFG.MSVDX_CMDS_PVDEC_MOTION_VECTOR_ABOVE1_27 @ 0x207f077ec
CHIP::MEDIA::VDEC_IMG_CFG.MSVDX_CMDS_PVDEC_MOTION_VECTOR_ABOVE1_28 @ 0x207f077f0
CHIP::MEDIA::VDEC_IMG_CFG.MSVDX_CMDS_PVDEC_MOTION_VECTOR_ABOVE1_29 @ 0x207f077f4
CHIP::MEDIA::VDEC_IMG_CFG.MSVDX_CMDS_PVDEC_MOTION_VECTOR_ABOVE1_30 @ 0x207f077f8
CHIP::MEDIA::VDEC_IMG_CFG.MSVDX_CMDS_PVDEC_MOTION_VECTOR_ABOVE1_31 @ 0x207f077fc
CHIP::MEDIA::VDEC_IMG_CFG.MSVDX_CMDS_SLICE_PARAMS_ABOVE2 @ 0x207f07800
CHIP::MEDIA::VDEC_IMG_CFG.MSVDX_CMDS_MACROBLOCK_NUMBER_ABOVE2 @ 0x207f07808
CHIP::MEDIA::VDEC_IMG_CFG.MSVDX_CMDS_MACROBLOCK_H264_QUANT_ABOVE2 @ 0x207f0780c
CHIP::MEDIA::VDEC_IMG_CFG.MSVDX_CMDS_MACROBLOCK_BLOCK_TRANSFORM_SIZE_ABOVE2 @ 0x207f07810
CHIP::MEDIA::VDEC_IMG_CFG.MSVDX_CMDS_MACROBLOCK_BLOCK_TRANSFORM_ZERO_ABOVE2 @ 0x207f07814
CHIP::MEDIA::VDEC_IMG_CFG.MSVDX_CMDS_INTRA_BLOCK_PREDICTION_ABOVE2_00 @ 0x207f0781c
CHIP::MEDIA::VDEC_IMG_CFG.MSVDX_CMDS_INTRA_BLOCK_PREDICTION_ABOVE2_01 @ 0x207f07820
CHIP::MEDIA::VDEC_IMG_CFG.MSVDX_CMDS_INTRA_BLOCK_PREDICTION_ABOVE2_02 @ 0x207f07824
CHIP::MEDIA::VDEC_IMG_CFG.MSVDX_CMDS_INTRA_BLOCK_PREDICTION_ABOVE2_03 @ 0x207f07828
CHIP::MEDIA::VDEC_IMG_CFG.MSVDX_CMDS_INTRA_BLOCK_PREDICTION_ABOVE2_04 @ 0x207f0782c
CHIP::MEDIA::VDEC_IMG_CFG.MSVDX_CMDS_INTER_BLOCK_PREDICTION_ABOVE2_00 @ 0x207f07830
CHIP::MEDIA::VDEC_IMG_CFG.MSVDX_CMDS_INTER_BLOCK_PREDICTION_ABOVE2_01 @ 0x207f07834
CHIP::MEDIA::VDEC_IMG_CFG.MSVDX_CMDS_INTER_BLOCK_PREDICTION_ABOVE2_02 @ 0x207f07838
CHIP::MEDIA::VDEC_IMG_CFG.MSVDX_CMDS_INTER_BLOCK_PREDICTION_ABOVE2_03 @ 0x207f0783c
CHIP::MEDIA::VDEC_IMG_CFG.MSVDX_CMDS_VC1_INLOOP_CHROMA_BOUNDARY_ABOVE2 @ 0x207f07854
CHIP::MEDIA::VDEC_IMG_CFG.MSVDX_CMDS_MOTION_VECTOR_ABOVE2_00 @ 0x207f07900
CHIP::MEDIA::VDEC_IMG_CFG.MSVDX_CMDS_MOTION_VECTOR_ABOVE2_01 @ 0x207f07904
CHIP::MEDIA::VDEC_IMG_CFG.MSVDX_CMDS_MOTION_VECTOR_ABOVE2_02 @ 0x207f07908
CHIP::MEDIA::VDEC_IMG_CFG.MSVDX_CMDS_MOTION_VECTOR_ABOVE2_03 @ 0x207f0790c
CHIP::MEDIA::VDEC_IMG_CFG.MSVDX_CMDS_MOTION_VECTOR_ABOVE2_04 @ 0x207f07910
CHIP::MEDIA::VDEC_IMG_CFG.MSVDX_CMDS_MOTION_VECTOR_ABOVE2_05 @ 0x207f07914
CHIP::MEDIA::VDEC_IMG_CFG.MSVDX_CMDS_MOTION_VECTOR_ABOVE2_06 @ 0x207f07918
CHIP::MEDIA::VDEC_IMG_CFG.MSVDX_CMDS_MOTION_VECTOR_ABOVE2_07 @ 0x207f0791c
CHIP::MEDIA::VDEC_IMG_CFG.MSVDX_CMDS_MOTION_VECTOR_ABOVE2_08 @ 0x207f07920
CHIP::MEDIA::VDEC_IMG_CFG.MSVDX_CMDS_MOTION_VECTOR_ABOVE2_09 @ 0x207f07924
CHIP::MEDIA::VDEC_IMG_CFG.MSVDX_CMDS_MOTION_VECTOR_ABOVE2_10 @ 0x207f07928
CHIP::MEDIA::VDEC_IMG_CFG.MSVDX_CMDS_MOTION_VECTOR_ABOVE2_11 @ 0x207f0792c
CHIP::MEDIA::VDEC_IMG_CFG.MSVDX_CMDS_MOTION_VECTOR_ABOVE2_12 @ 0x207f07930
CHIP::MEDIA::VDEC_IMG_CFG.MSVDX_CMDS_MOTION_VECTOR_ABOVE2_13 @ 0x207f07934
CHIP::MEDIA::VDEC_IMG_CFG.MSVDX_CMDS_MOTION_VECTOR_ABOVE2_14 @ 0x207f07938
CHIP::MEDIA::VDEC_IMG_CFG.MSVDX_CMDS_MOTION_VECTOR_ABOVE2_15 @ 0x207f0793c
CHIP::MEDIA::VDEC_IMG_CFG.MSVDX_CMDS_MOTION_VECTOR_ABOVE2_16 @ 0x207f07940
CHIP::MEDIA::VDEC_IMG_CFG.MSVDX_CMDS_MOTION_VECTOR_ABOVE2_17 @ 0x207f07944
CHIP::MEDIA::VDEC_IMG_CFG.MSVDX_CMDS_MOTION_VECTOR_ABOVE2_18 @ 0x207f07948
CHIP::MEDIA::VDEC_IMG_CFG.MSVDX_CMDS_MOTION_VECTOR_ABOVE2_19 @ 0x207f0794c
CHIP::MEDIA::VDEC_IMG_CFG.MSVDX_CMDS_MOTION_VECTOR_ABOVE2_20 @ 0x207f07950
CHIP::MEDIA::VDEC_IMG_CFG.MSVDX_CMDS_MOTION_VECTOR_ABOVE2_21 @ 0x207f07954
CHIP::MEDIA::VDEC_IMG_CFG.MSVDX_CMDS_MOTION_VECTOR_ABOVE2_22 @ 0x207f07958
CHIP::MEDIA::VDEC_IMG_CFG.MSVDX_CMDS_MOTION_VECTOR_ABOVE2_23 @ 0x207f0795c
CHIP::MEDIA::VDEC_IMG_CFG.MSVDX_CMDS_MOTION_VECTOR_ABOVE2_24 @ 0x207f07960
CHIP::MEDIA::VDEC_IMG_CFG.MSVDX_CMDS_MOTION_VECTOR_ABOVE2_25 @ 0x207f07964
CHIP::MEDIA::VDEC_IMG_CFG.MSVDX_CMDS_MOTION_VECTOR_ABOVE2_26 @ 0x207f07968
CHIP::MEDIA::VDEC_IMG_CFG.MSVDX_CMDS_MOTION_VECTOR_ABOVE2_27 @ 0x207f0796c
CHIP::MEDIA::VDEC_IMG_CFG.MSVDX_CMDS_MOTION_VECTOR_ABOVE2_28 @ 0x207f07970
CHIP::MEDIA::VDEC_IMG_CFG.MSVDX_CMDS_MOTION_VECTOR_ABOVE2_29 @ 0x207f07974
CHIP::MEDIA::VDEC_IMG_CFG.MSVDX_CMDS_MOTION_VECTOR_ABOVE2_30 @ 0x207f07978
CHIP::MEDIA::VDEC_IMG_CFG.MSVDX_CMDS_MOTION_VECTOR_ABOVE2_31 @ 0x207f0797c
CHIP::MEDIA::VDEC_INTEGRATION.VDEC_INTEGRATION_VERSION @ 0x207f10000
CHIP::MEDIA::VDEC_INTEGRATION.VDEC_INTEGRATION_IDLE_CONTROL @ 0x207f10004
CHIP::MEDIA::VDEC_INTEGRATION.VDEC_INTEGRATION_IDLE_STATUS @ 0x207f10008
CHIP::MEDIA::VDEC_INTEGRATION.VDEC_INTEGRATION_LIMITED_BW_CYCLE_CNT @ 0x207f1000c
CHIP::MEDIA::VDEC_INTEGRATION.VDEC_INTEGRATION_REQ_PRIORITY_CYCLE_CNT @ 0x207f10010
CHIP::SOUTHBRIDGE::ASIO::MISC0.VERSION @ 0x20a000000
CHIP::SOUTHBRIDGE::ASIO::MISC0.AXI_ERROR_STATUS @ 0x20a000004
CHIP::SOUTHBRIDGE::ASIO::MISC0.AXIW_ERROR_LOG @ 0x20a000008
CHIP::SOUTHBRIDGE::ASIO::MISC0.AXIR_ERROR_LOG @ 0x20a00000c
CHIP::SOUTHBRIDGE::ASIO::MISC0.TX_DMA_REQ_MASK @ 0x20a001000
CHIP::SOUTHBRIDGE::ASIO::MISC0.RX_DMA_REQ_MASK @ 0x20a001004
CHIP::SOUTHBRIDGE::ASIO::MISC0.TX_DMA_REQ_MASK_SET @ 0x20a001008
CHIP::SOUTHBRIDGE::ASIO::MISC0.RX_DMA_REQ_MASK_SET @ 0x20a00100c
CHIP::SOUTHBRIDGE::ASIO::MISC0.TX_DMA_REQ_MASK_CLEAR @ 0x20a001010
CHIP::SOUTHBRIDGE::ASIO::MISC0.RX_DMA_REQ_MASK_CLEAR @ 0x20a001014
CHIP::SOUTHBRIDGE::ASIO::MISC0.TX_DMA_REQ_INT_MASKED @ 0x20a001018
CHIP::SOUTHBRIDGE::ASIO::MISC0.RX_DMA_REQ_INT_MASKED @ 0x20a00101c
CHIP::SOUTHBRIDGE::ASIO::MISC0.TX_DMA_REQ_INT_RAW @ 0x20a001020
CHIP::SOUTHBRIDGE::ASIO::MISC0.RX_DMA_REQ_INT_RAW @ 0x20a001024
CHIP::SOUTHBRIDGE::ASIO::MISC0.TX_DMA_UNAVAILABLE_MASK @ 0x20a001040
CHIP::SOUTHBRIDGE::ASIO::MISC0.RX_DMA_UNAVAILABLE_MASK @ 0x20a001044
CHIP::SOUTHBRIDGE::ASIO::MISC0.TX_DMA_UNAVAILABLE_MASK_SET @ 0x20a001048
CHIP::SOUTHBRIDGE::ASIO::MISC0.RX_DMA_UNAVAILABLE_MASK_SET @ 0x20a00104c
CHIP::SOUTHBRIDGE::ASIO::MISC0.TX_DMA_UNAVAILABLE_MASK_CLEAR @ 0x20a001050
CHIP::SOUTHBRIDGE::ASIO::MISC0.RX_DMA_UNAVAILABLE_MASK_CLEAR @ 0x20a001054
CHIP::SOUTHBRIDGE::ASIO::MISC0.TX_DMA_UNAVAILABLE_INT_MASKED @ 0x20a001058
CHIP::SOUTHBRIDGE::ASIO::MISC0.RX_DMA_UNAVAILABLE_INT_MASKED @ 0x20a00105c
CHIP::SOUTHBRIDGE::ASIO::MISC0.TX_DMA_UNAVAILABLE_INT_RAW @ 0x20a001060
CHIP::SOUTHBRIDGE::ASIO::MISC0.RX_DMA_UNAVAILABLE_INT_RAW @ 0x20a001064
CHIP::SOUTHBRIDGE::ASIO::MISC0.TX_DMA_TIMEOUT_MASK @ 0x20a001080
CHIP::SOUTHBRIDGE::ASIO::MISC0.RX_DMA_TIMEOUT_MASK @ 0x20a001084
CHIP::SOUTHBRIDGE::ASIO::MISC0.TX_DMA_TIMEOUT_MASK_SET @ 0x20a001088
CHIP::SOUTHBRIDGE::ASIO::MISC0.RX_DMA_TIMEOUT_MASK_SET @ 0x20a00108c
CHIP::SOUTHBRIDGE::ASIO::MISC0.TX_DMA_TIMEOUT_MASK_CLEAR @ 0x20a001090
CHIP::SOUTHBRIDGE::ASIO::MISC0.RX_DMA_TIMEOUT_MASK_CLEAR @ 0x20a001094
CHIP::SOUTHBRIDGE::ASIO::MISC0.TX_DMA_TIMEOUT_INT_MASKED @ 0x20a001098
CHIP::SOUTHBRIDGE::ASIO::MISC0.RX_DMA_TIMEOUT_INT_MASKED @ 0x20a00109c
CHIP::SOUTHBRIDGE::ASIO::MISC0.TX_DMA_TIMEOUT_INT_RAW @ 0x20a0010a0
CHIP::SOUTHBRIDGE::ASIO::MISC0.RX_DMA_TIMEOUT_INT_RAW @ 0x20a0010a4
CHIP::SOUTHBRIDGE::ASIO::MISC0.MCLK_CONTROL @ 0x20a002000
CHIP::SOUTHBRIDGE::ASIO::AUDMUX.PINSEL @ 0x20a003000
CHIP::SOUTHBRIDGE::ASIO::AUDMUX.AUDSEL @ 0x20a003014
CHIP::SOUTHBRIDGE::ASIO::AUDMUX.DSPSEL @ 0x20a003028
CHIP::SOUTHBRIDGE::ASIO::AUDMUX.DSPCLKSEL @ 0x20a003038
CHIP::SOUTHBRIDGE::ASIO::AUDMUX.PINEN @ 0x20a00303c
CHIP::SOUTHBRIDGE::ASIO::AUDMUX.AUDMUXVER @ 0x20a003ffc
CHIP::SOUTHBRIDGE::ASIO::SPI_WRAP[0]::SPI.SPI_SPCLKCON @ 0x20a080000
CHIP::SOUTHBRIDGE::ASIO::SPI_WRAP[0]::SPI.SPI_SPCON @ 0x20a080004
CHIP::SOUTHBRIDGE::ASIO::SPI_WRAP[0]::SPI.SPI_SPSTA @ 0x20a080008
CHIP::SOUTHBRIDGE::ASIO::SPI_WRAP[0]::SPI.SPI_SPPIN @ 0x20a08000c
CHIP::SOUTHBRIDGE::ASIO::SPI_WRAP[0]::SPI.SPI_SPTDAT @ 0x20a080010
CHIP::SOUTHBRIDGE::ASIO::SPI_WRAP[0]::SPI.SPI_SPRDAT @ 0x20a080020
CHIP::SOUTHBRIDGE::ASIO::SPI_WRAP[0]::SPI.SPI_SPPRE @ 0x20a080030
CHIP::SOUTHBRIDGE::ASIO::SPI_WRAP[0]::SPI.SPI_SPCNT @ 0x20a080034
CHIP::SOUTHBRIDGE::ASIO::SPI_WRAP[0]::SPI.SPI_SPIDD @ 0x20a080038
CHIP::SOUTHBRIDGE::ASIO::SPI_WRAP[0]::SPI.SPI_SPIRTO @ 0x20a08003c
CHIP::SOUTHBRIDGE::ASIO::SPI_WRAP[0]::SPI.SPI_SPIHANGD @ 0x20a080040
CHIP::SOUTHBRIDGE::ASIO::SPI_WRAP[0]::SPI.SPI_SPISWRST @ 0x20a080044
CHIP::SOUTHBRIDGE::ASIO::SPI_WRAP[0]::SPI.SPI_SPIVER @ 0x20a080048
CHIP::SOUTHBRIDGE::ASIO::SPI_WRAP[0]::SPI.SPI_SPTDCNT @ 0x20a08004c
CHIP::SOUTHBRIDGE::ASIO::SPI_WRAP[0]::SPI.SPI_SPCGEN @ 0x20a080050
CHIP::SOUTHBRIDGE::ASIO::SPI_WRAP[0]::SPI_TX_CFG.DEV_XFER @ 0x20a081000
CHIP::SOUTHBRIDGE::ASIO::SPI_WRAP[0]::SPI_TX_CFG.DMA_TIMEOUT @ 0x20a081004
CHIP::SOUTHBRIDGE::ASIO::SPI_WRAP[0]::SPI_TX_CFG.SHIM_FIFO_ALLOCATION @ 0x20a081008
CHIP::SOUTHBRIDGE::ASIO::SPI_WRAP[0]::SPI_TX_CFG.SHIM_FIFO_TRIGGER @ 0x20a08100c
CHIP::SOUTHBRIDGE::ASIO::SPI_WRAP[0]::SPI_TX_CFG.CHANNEL_RESET_N @ 0x20a081010
CHIP::SOUTHBRIDGE::ASIO::SPI_WRAP[0]::SPI_TX_CFG.CHANNEL_ENABLE @ 0x20a081014
CHIP::SOUTHBRIDGE::ASIO::SPI_WRAP[0]::SPI_TX_CFG.SHIM_FIFO_PTRS @ 0x20a081018
CHIP::SOUTHBRIDGE::ASIO::SPI_WRAP[0]::SPI_TX_CFG.SHIM_FIFO_COUNT @ 0x20a08101c
CHIP::SOUTHBRIDGE::ASIO::SPI_WRAP[0]::SPI_RX_CFG.DEV_XFER @ 0x20a081800
CHIP::SOUTHBRIDGE::ASIO::SPI_WRAP[0]::SPI_RX_CFG.DMA_TIMEOUT @ 0x20a081804
CHIP::SOUTHBRIDGE::ASIO::SPI_WRAP[0]::SPI_RX_CFG.SHIM_FIFO_ALLOCATION @ 0x20a081808
CHIP::SOUTHBRIDGE::ASIO::SPI_WRAP[0]::SPI_RX_CFG.SHIM_FIFO_TRIGGER @ 0x20a08180c
CHIP::SOUTHBRIDGE::ASIO::SPI_WRAP[0]::SPI_RX_CFG.CHANNEL_RESET_N @ 0x20a081810
CHIP::SOUTHBRIDGE::ASIO::SPI_WRAP[0]::SPI_RX_CFG.CHANNEL_ENABLE @ 0x20a081814
CHIP::SOUTHBRIDGE::ASIO::SPI_WRAP[0]::SPI_RX_CFG.SHIM_FIFO_PTRS @ 0x20a081818
CHIP::SOUTHBRIDGE::ASIO::SPI_WRAP[0]::SPI_RX_CFG.SHIM_FIFO_COUNT @ 0x20a08181c
CHIP::SOUTHBRIDGE::ASIO::SPI_WRAP[0]::SPI_TX_FIFO.FIFO @ 0x20a082000
CHIP::SOUTHBRIDGE::ASIO::SPI_WRAP[0]::SPI_RX_FIFO.FIFO @ 0x20a083000
CHIP::SOUTHBRIDGE::ASIO::SPI_WRAP[1]::SPI.SPI_SPCLKCON @ 0x20a084000
CHIP::SOUTHBRIDGE::ASIO::SPI_WRAP[1]::SPI.SPI_SPCON @ 0x20a084004
CHIP::SOUTHBRIDGE::ASIO::SPI_WRAP[1]::SPI.SPI_SPSTA @ 0x20a084008
CHIP::SOUTHBRIDGE::ASIO::SPI_WRAP[1]::SPI.SPI_SPPIN @ 0x20a08400c
CHIP::SOUTHBRIDGE::ASIO::SPI_WRAP[1]::SPI.SPI_SPTDAT @ 0x20a084010
CHIP::SOUTHBRIDGE::ASIO::SPI_WRAP[1]::SPI.SPI_SPRDAT @ 0x20a084020
CHIP::SOUTHBRIDGE::ASIO::SPI_WRAP[1]::SPI.SPI_SPPRE @ 0x20a084030
CHIP::SOUTHBRIDGE::ASIO::SPI_WRAP[1]::SPI.SPI_SPCNT @ 0x20a084034
CHIP::SOUTHBRIDGE::ASIO::SPI_WRAP[1]::SPI.SPI_SPIDD @ 0x20a084038
CHIP::SOUTHBRIDGE::ASIO::SPI_WRAP[1]::SPI.SPI_SPIRTO @ 0x20a08403c
CHIP::SOUTHBRIDGE::ASIO::SPI_WRAP[1]::SPI.SPI_SPIHANGD @ 0x20a084040
CHIP::SOUTHBRIDGE::ASIO::SPI_WRAP[1]::SPI.SPI_SPISWRST @ 0x20a084044
CHIP::SOUTHBRIDGE::ASIO::SPI_WRAP[1]::SPI.SPI_SPIVER @ 0x20a084048
CHIP::SOUTHBRIDGE::ASIO::SPI_WRAP[1]::SPI.SPI_SPTDCNT @ 0x20a08404c
CHIP::SOUTHBRIDGE::ASIO::SPI_WRAP[1]::SPI.SPI_SPCGEN @ 0x20a084050
CHIP::SOUTHBRIDGE::ASIO::SPI_WRAP[1]::SPI_TX_CFG.DEV_XFER @ 0x20a085000
CHIP::SOUTHBRIDGE::ASIO::SPI_WRAP[1]::SPI_TX_CFG.DMA_TIMEOUT @ 0x20a085004
CHIP::SOUTHBRIDGE::ASIO::SPI_WRAP[1]::SPI_TX_CFG.SHIM_FIFO_ALLOCATION @ 0x20a085008
CHIP::SOUTHBRIDGE::ASIO::SPI_WRAP[1]::SPI_TX_CFG.SHIM_FIFO_TRIGGER @ 0x20a08500c
CHIP::SOUTHBRIDGE::ASIO::SPI_WRAP[1]::SPI_TX_CFG.CHANNEL_RESET_N @ 0x20a085010
CHIP::SOUTHBRIDGE::ASIO::SPI_WRAP[1]::SPI_TX_CFG.CHANNEL_ENABLE @ 0x20a085014
CHIP::SOUTHBRIDGE::ASIO::SPI_WRAP[1]::SPI_TX_CFG.SHIM_FIFO_PTRS @ 0x20a085018
CHIP::SOUTHBRIDGE::ASIO::SPI_WRAP[1]::SPI_TX_CFG.SHIM_FIFO_COUNT @ 0x20a08501c
CHIP::SOUTHBRIDGE::ASIO::SPI_WRAP[1]::SPI_RX_CFG.DEV_XFER @ 0x20a085800
CHIP::SOUTHBRIDGE::ASIO::SPI_WRAP[1]::SPI_RX_CFG.DMA_TIMEOUT @ 0x20a085804
CHIP::SOUTHBRIDGE::ASIO::SPI_WRAP[1]::SPI_RX_CFG.SHIM_FIFO_ALLOCATION @ 0x20a085808
CHIP::SOUTHBRIDGE::ASIO::SPI_WRAP[1]::SPI_RX_CFG.SHIM_FIFO_TRIGGER @ 0x20a08580c
CHIP::SOUTHBRIDGE::ASIO::SPI_WRAP[1]::SPI_RX_CFG.CHANNEL_RESET_N @ 0x20a085810
CHIP::SOUTHBRIDGE::ASIO::SPI_WRAP[1]::SPI_RX_CFG.CHANNEL_ENABLE @ 0x20a085814
CHIP::SOUTHBRIDGE::ASIO::SPI_WRAP[1]::SPI_RX_CFG.SHIM_FIFO_PTRS @ 0x20a085818
CHIP::SOUTHBRIDGE::ASIO::SPI_WRAP[1]::SPI_RX_CFG.SHIM_FIFO_COUNT @ 0x20a08581c
CHIP::SOUTHBRIDGE::ASIO::SPI_WRAP[1]::SPI_TX_FIFO.FIFO @ 0x20a086000
CHIP::SOUTHBRIDGE::ASIO::SPI_WRAP[1]::SPI_RX_FIFO.FIFO @ 0x20a087000
CHIP::SOUTHBRIDGE::ASIO::SPI_WRAP[2]::SPI.SPI_SPCLKCON @ 0x20a088000
CHIP::SOUTHBRIDGE::ASIO::SPI_WRAP[2]::SPI.SPI_SPCON @ 0x20a088004
CHIP::SOUTHBRIDGE::ASIO::SPI_WRAP[2]::SPI.SPI_SPSTA @ 0x20a088008
CHIP::SOUTHBRIDGE::ASIO::SPI_WRAP[2]::SPI.SPI_SPPIN @ 0x20a08800c
CHIP::SOUTHBRIDGE::ASIO::SPI_WRAP[2]::SPI.SPI_SPTDAT @ 0x20a088010
CHIP::SOUTHBRIDGE::ASIO::SPI_WRAP[2]::SPI.SPI_SPRDAT @ 0x20a088020
CHIP::SOUTHBRIDGE::ASIO::SPI_WRAP[2]::SPI.SPI_SPPRE @ 0x20a088030
CHIP::SOUTHBRIDGE::ASIO::SPI_WRAP[2]::SPI.SPI_SPCNT @ 0x20a088034
CHIP::SOUTHBRIDGE::ASIO::SPI_WRAP[2]::SPI.SPI_SPIDD @ 0x20a088038
CHIP::SOUTHBRIDGE::ASIO::SPI_WRAP[2]::SPI.SPI_SPIRTO @ 0x20a08803c
CHIP::SOUTHBRIDGE::ASIO::SPI_WRAP[2]::SPI.SPI_SPIHANGD @ 0x20a088040
CHIP::SOUTHBRIDGE::ASIO::SPI_WRAP[2]::SPI.SPI_SPISWRST @ 0x20a088044
CHIP::SOUTHBRIDGE::ASIO::SPI_WRAP[2]::SPI.SPI_SPIVER @ 0x20a088048
CHIP::SOUTHBRIDGE::ASIO::SPI_WRAP[2]::SPI.SPI_SPTDCNT @ 0x20a08804c
CHIP::SOUTHBRIDGE::ASIO::SPI_WRAP[2]::SPI.SPI_SPCGEN @ 0x20a088050
CHIP::SOUTHBRIDGE::ASIO::SPI_WRAP[2]::SPI_TX_CFG.DEV_XFER @ 0x20a089000
CHIP::SOUTHBRIDGE::ASIO::SPI_WRAP[2]::SPI_TX_CFG.DMA_TIMEOUT @ 0x20a089004
CHIP::SOUTHBRIDGE::ASIO::SPI_WRAP[2]::SPI_TX_CFG.SHIM_FIFO_ALLOCATION @ 0x20a089008
CHIP::SOUTHBRIDGE::ASIO::SPI_WRAP[2]::SPI_TX_CFG.SHIM_FIFO_TRIGGER @ 0x20a08900c
CHIP::SOUTHBRIDGE::ASIO::SPI_WRAP[2]::SPI_TX_CFG.CHANNEL_RESET_N @ 0x20a089010
CHIP::SOUTHBRIDGE::ASIO::SPI_WRAP[2]::SPI_TX_CFG.CHANNEL_ENABLE @ 0x20a089014
CHIP::SOUTHBRIDGE::ASIO::SPI_WRAP[2]::SPI_TX_CFG.SHIM_FIFO_PTRS @ 0x20a089018
CHIP::SOUTHBRIDGE::ASIO::SPI_WRAP[2]::SPI_TX_CFG.SHIM_FIFO_COUNT @ 0x20a08901c
CHIP::SOUTHBRIDGE::ASIO::SPI_WRAP[2]::SPI_RX_CFG.DEV_XFER @ 0x20a089800
CHIP::SOUTHBRIDGE::ASIO::SPI_WRAP[2]::SPI_RX_CFG.DMA_TIMEOUT @ 0x20a089804
CHIP::SOUTHBRIDGE::ASIO::SPI_WRAP[2]::SPI_RX_CFG.SHIM_FIFO_ALLOCATION @ 0x20a089808
CHIP::SOUTHBRIDGE::ASIO::SPI_WRAP[2]::SPI_RX_CFG.SHIM_FIFO_TRIGGER @ 0x20a08980c
CHIP::SOUTHBRIDGE::ASIO::SPI_WRAP[2]::SPI_RX_CFG.CHANNEL_RESET_N @ 0x20a089810
CHIP::SOUTHBRIDGE::ASIO::SPI_WRAP[2]::SPI_RX_CFG.CHANNEL_ENABLE @ 0x20a089814
CHIP::SOUTHBRIDGE::ASIO::SPI_WRAP[2]::SPI_RX_CFG.SHIM_FIFO_PTRS @ 0x20a089818
CHIP::SOUTHBRIDGE::ASIO::SPI_WRAP[2]::SPI_RX_CFG.SHIM_FIFO_COUNT @ 0x20a08981c
CHIP::SOUTHBRIDGE::ASIO::SPI_WRAP[2]::SPI_TX_FIFO.FIFO @ 0x20a08a000
CHIP::SOUTHBRIDGE::ASIO::SPI_WRAP[2]::SPI_RX_FIFO.FIFO @ 0x20a08b000
CHIP::SOUTHBRIDGE::ASIO::SPI_WRAP[3]::SPI.SPI_SPCLKCON @ 0x20a08c000
CHIP::SOUTHBRIDGE::ASIO::SPI_WRAP[3]::SPI.SPI_SPCON @ 0x20a08c004
CHIP::SOUTHBRIDGE::ASIO::SPI_WRAP[3]::SPI.SPI_SPSTA @ 0x20a08c008
CHIP::SOUTHBRIDGE::ASIO::SPI_WRAP[3]::SPI.SPI_SPPIN @ 0x20a08c00c
CHIP::SOUTHBRIDGE::ASIO::SPI_WRAP[3]::SPI.SPI_SPTDAT @ 0x20a08c010
CHIP::SOUTHBRIDGE::ASIO::SPI_WRAP[3]::SPI.SPI_SPRDAT @ 0x20a08c020
CHIP::SOUTHBRIDGE::ASIO::SPI_WRAP[3]::SPI.SPI_SPPRE @ 0x20a08c030
CHIP::SOUTHBRIDGE::ASIO::SPI_WRAP[3]::SPI.SPI_SPCNT @ 0x20a08c034
CHIP::SOUTHBRIDGE::ASIO::SPI_WRAP[3]::SPI.SPI_SPIDD @ 0x20a08c038
CHIP::SOUTHBRIDGE::ASIO::SPI_WRAP[3]::SPI.SPI_SPIRTO @ 0x20a08c03c
CHIP::SOUTHBRIDGE::ASIO::SPI_WRAP[3]::SPI.SPI_SPIHANGD @ 0x20a08c040
CHIP::SOUTHBRIDGE::ASIO::SPI_WRAP[3]::SPI.SPI_SPISWRST @ 0x20a08c044
CHIP::SOUTHBRIDGE::ASIO::SPI_WRAP[3]::SPI.SPI_SPIVER @ 0x20a08c048
CHIP::SOUTHBRIDGE::ASIO::SPI_WRAP[3]::SPI.SPI_SPTDCNT @ 0x20a08c04c
CHIP::SOUTHBRIDGE::ASIO::SPI_WRAP[3]::SPI.SPI_SPCGEN @ 0x20a08c050
CHIP::SOUTHBRIDGE::ASIO::SPI_WRAP[3]::SPI_TX_CFG.DEV_XFER @ 0x20a08d000
CHIP::SOUTHBRIDGE::ASIO::SPI_WRAP[3]::SPI_TX_CFG.DMA_TIMEOUT @ 0x20a08d004
CHIP::SOUTHBRIDGE::ASIO::SPI_WRAP[3]::SPI_TX_CFG.SHIM_FIFO_ALLOCATION @ 0x20a08d008
CHIP::SOUTHBRIDGE::ASIO::SPI_WRAP[3]::SPI_TX_CFG.SHIM_FIFO_TRIGGER @ 0x20a08d00c
CHIP::SOUTHBRIDGE::ASIO::SPI_WRAP[3]::SPI_TX_CFG.CHANNEL_RESET_N @ 0x20a08d010
CHIP::SOUTHBRIDGE::ASIO::SPI_WRAP[3]::SPI_TX_CFG.CHANNEL_ENABLE @ 0x20a08d014
CHIP::SOUTHBRIDGE::ASIO::SPI_WRAP[3]::SPI_TX_CFG.SHIM_FIFO_PTRS @ 0x20a08d018
CHIP::SOUTHBRIDGE::ASIO::SPI_WRAP[3]::SPI_TX_CFG.SHIM_FIFO_COUNT @ 0x20a08d01c
CHIP::SOUTHBRIDGE::ASIO::SPI_WRAP[3]::SPI_RX_CFG.DEV_XFER @ 0x20a08d800
CHIP::SOUTHBRIDGE::ASIO::SPI_WRAP[3]::SPI_RX_CFG.DMA_TIMEOUT @ 0x20a08d804
CHIP::SOUTHBRIDGE::ASIO::SPI_WRAP[3]::SPI_RX_CFG.SHIM_FIFO_ALLOCATION @ 0x20a08d808
CHIP::SOUTHBRIDGE::ASIO::SPI_WRAP[3]::SPI_RX_CFG.SHIM_FIFO_TRIGGER @ 0x20a08d80c
CHIP::SOUTHBRIDGE::ASIO::SPI_WRAP[3]::SPI_RX_CFG.CHANNEL_RESET_N @ 0x20a08d810
CHIP::SOUTHBRIDGE::ASIO::SPI_WRAP[3]::SPI_RX_CFG.CHANNEL_ENABLE @ 0x20a08d814
CHIP::SOUTHBRIDGE::ASIO::SPI_WRAP[3]::SPI_RX_CFG.SHIM_FIFO_PTRS @ 0x20a08d818
CHIP::SOUTHBRIDGE::ASIO::SPI_WRAP[3]::SPI_RX_CFG.SHIM_FIFO_COUNT @ 0x20a08d81c
CHIP::SOUTHBRIDGE::ASIO::SPI_WRAP[3]::SPI_TX_FIFO.FIFO @ 0x20a08e000
CHIP::SOUTHBRIDGE::ASIO::SPI_WRAP[3]::SPI_RX_FIFO.FIFO @ 0x20a08f000
CHIP::SOUTHBRIDGE::ASIO::MCA_WRAP[0]::MCA.VERSION @ 0x20a0a0000
CHIP::SOUTHBRIDGE::ASIO::MCA_WRAP[0]::MCA.FIFOSIZE @ 0x20a0a0004
CHIP::SOUTHBRIDGE::ASIO::MCA_WRAP[0]::MCA.FIFOSHIFT @ 0x20a0a0008
CHIP::SOUTHBRIDGE::ASIO::MCA_WRAP[0]::MCA.FIFOCTL @ 0x20a0a000c
CHIP::SOUTHBRIDGE::ASIO::MCA_WRAP[0]::MCA.CFG @ 0x20a0a0010
CHIP::SOUTHBRIDGE::ASIO::MCA_WRAP[0]::MCA.IDLE @ 0x20a0a0014
CHIP::SOUTHBRIDGE::ASIO::MCA_WRAP[0]::MCA.STATUS @ 0x20a0a0018
CHIP::SOUTHBRIDGE::ASIO::MCA_WRAP[0]::MCA.IRQ_STATUS @ 0x20a0a001c
CHIP::SOUTHBRIDGE::ASIO::MCA_WRAP[0]::MCA.IRQ_MASK @ 0x20a0a0020
CHIP::SOUTHBRIDGE::ASIO::MCA_WRAP[0]::MCA.SW_RESET @ 0x20a0a0024
CHIP::SOUTHBRIDGE::ASIO::MCA_WRAP[0]::MCA.BCLK_CNT @ 0x20a0a0028
CHIP::SOUTHBRIDGE::ASIO::MCA_WRAP[0]::MCA.TIMING_VAL_CTL @ 0x20a0a002c
CHIP::SOUTHBRIDGE::ASIO::MCA_WRAP[0]::MCA.TIMING_VAL_NO_BCLK_ACTIVITY @ 0x20a0a0030
CHIP::SOUTHBRIDGE::ASIO::MCA_WRAP[0]::MCA.TIMING_VAL_NO_FSYNC_ACTIVITY @ 0x20a0a0034
CHIP::SOUTHBRIDGE::ASIO::MCA_WRAP[0]::MCA.TIMING_VAL_SHORT_FSYNC @ 0x20a0a0038
CHIP::SOUTHBRIDGE::ASIO::MCA_WRAP[0]::MCA.SAMPLE_RATE_MEAS_CTL @ 0x20a0a003c
CHIP::SOUTHBRIDGE::ASIO::MCA_WRAP[0]::MCA.SAMPLE_RATE_MEAS_MCLK @ 0x20a0a0040
CHIP::SOUTHBRIDGE::ASIO::MCA_WRAP[0]::MCA.SAMPLE_RATE_MEAS_FSYNC @ 0x20a0a0044
CHIP::SOUTHBRIDGE::ASIO::MCA_WRAP[0]::MCA.TXCFG @ 0x20a0a0060
CHIP::SOUTHBRIDGE::ASIO::MCA_WRAP[0]::MCA.TXFIFOCFG @ 0x20a0a0064
CHIP::SOUTHBRIDGE::ASIO::MCA_WRAP[0]::MCA.TXMASK_LSB @ 0x20a0a0068
CHIP::SOUTHBRIDGE::ASIO::MCA_WRAP[0]::MCA.TXMASK_MSB @ 0x20a0a006c
CHIP::SOUTHBRIDGE::ASIO::MCA_WRAP[0]::MCA.TXDATA @ 0x20a0a0070
CHIP::SOUTHBRIDGE::ASIO::MCA_WRAP[0]::MCA.RXCFG @ 0x20a0a0080
CHIP::SOUTHBRIDGE::ASIO::MCA_WRAP[0]::MCA.RXFIFOCFG @ 0x20a0a0084
CHIP::SOUTHBRIDGE::ASIO::MCA_WRAP[0]::MCA.RXMASK_LSB @ 0x20a0a0088
CHIP::SOUTHBRIDGE::ASIO::MCA_WRAP[0]::MCA.RXMASK_MSB @ 0x20a0a008c
CHIP::SOUTHBRIDGE::ASIO::MCA_WRAP[0]::MCA.RXDATA @ 0x20a0a0090
CHIP::SOUTHBRIDGE::ASIO::MCA_WRAP[0]::MCA_TX_CFG.DEV_XFER @ 0x20a0a1000
CHIP::SOUTHBRIDGE::ASIO::MCA_WRAP[0]::MCA_TX_CFG.DMA_TIMEOUT @ 0x20a0a1004
CHIP::SOUTHBRIDGE::ASIO::MCA_WRAP[0]::MCA_TX_CFG.SHIM_FIFO_ALLOCATION @ 0x20a0a1008
CHIP::SOUTHBRIDGE::ASIO::MCA_WRAP[0]::MCA_TX_CFG.SHIM_FIFO_TRIGGER @ 0x20a0a100c
CHIP::SOUTHBRIDGE::ASIO::MCA_WRAP[0]::MCA_TX_CFG.CHANNEL_RESET_N @ 0x20a0a1010
CHIP::SOUTHBRIDGE::ASIO::MCA_WRAP[0]::MCA_TX_CFG.CHANNEL_ENABLE @ 0x20a0a1014
CHIP::SOUTHBRIDGE::ASIO::MCA_WRAP[0]::MCA_TX_CFG.SHIM_FIFO_PTRS @ 0x20a0a1018
CHIP::SOUTHBRIDGE::ASIO::MCA_WRAP[0]::MCA_TX_CFG.SHIM_FIFO_COUNT @ 0x20a0a101c
CHIP::SOUTHBRIDGE::ASIO::MCA_WRAP[0]::MCA_RX_CFG.DEV_XFER @ 0x20a0a1800
CHIP::SOUTHBRIDGE::ASIO::MCA_WRAP[0]::MCA_RX_CFG.DMA_TIMEOUT @ 0x20a0a1804
CHIP::SOUTHBRIDGE::ASIO::MCA_WRAP[0]::MCA_RX_CFG.SHIM_FIFO_ALLOCATION @ 0x20a0a1808
CHIP::SOUTHBRIDGE::ASIO::MCA_WRAP[0]::MCA_RX_CFG.SHIM_FIFO_TRIGGER @ 0x20a0a180c
CHIP::SOUTHBRIDGE::ASIO::MCA_WRAP[0]::MCA_RX_CFG.CHANNEL_RESET_N @ 0x20a0a1810
CHIP::SOUTHBRIDGE::ASIO::MCA_WRAP[0]::MCA_RX_CFG.CHANNEL_ENABLE @ 0x20a0a1814
CHIP::SOUTHBRIDGE::ASIO::MCA_WRAP[0]::MCA_RX_CFG.SHIM_FIFO_PTRS @ 0x20a0a1818
CHIP::SOUTHBRIDGE::ASIO::MCA_WRAP[0]::MCA_RX_CFG.SHIM_FIFO_COUNT @ 0x20a0a181c
CHIP::SOUTHBRIDGE::ASIO::MCA_WRAP[0]::MCA_TX_FIFO.FIFO @ 0x20a0a2000
CHIP::SOUTHBRIDGE::ASIO::MCA_WRAP[0]::MCA_RX_FIFO.FIFO @ 0x20a0a3000
CHIP::SOUTHBRIDGE::ASIO::MCA_WRAP[1]::MCA.VERSION @ 0x20a0a4000
CHIP::SOUTHBRIDGE::ASIO::MCA_WRAP[1]::MCA.FIFOSIZE @ 0x20a0a4004
CHIP::SOUTHBRIDGE::ASIO::MCA_WRAP[1]::MCA.FIFOSHIFT @ 0x20a0a4008
CHIP::SOUTHBRIDGE::ASIO::MCA_WRAP[1]::MCA.FIFOCTL @ 0x20a0a400c
CHIP::SOUTHBRIDGE::ASIO::MCA_WRAP[1]::MCA.CFG @ 0x20a0a4010
CHIP::SOUTHBRIDGE::ASIO::MCA_WRAP[1]::MCA.IDLE @ 0x20a0a4014
CHIP::SOUTHBRIDGE::ASIO::MCA_WRAP[1]::MCA.STATUS @ 0x20a0a4018
CHIP::SOUTHBRIDGE::ASIO::MCA_WRAP[1]::MCA.IRQ_STATUS @ 0x20a0a401c
CHIP::SOUTHBRIDGE::ASIO::MCA_WRAP[1]::MCA.IRQ_MASK @ 0x20a0a4020
CHIP::SOUTHBRIDGE::ASIO::MCA_WRAP[1]::MCA.SW_RESET @ 0x20a0a4024
CHIP::SOUTHBRIDGE::ASIO::MCA_WRAP[1]::MCA.BCLK_CNT @ 0x20a0a4028
CHIP::SOUTHBRIDGE::ASIO::MCA_WRAP[1]::MCA.TIMING_VAL_CTL @ 0x20a0a402c
CHIP::SOUTHBRIDGE::ASIO::MCA_WRAP[1]::MCA.TIMING_VAL_NO_BCLK_ACTIVITY @ 0x20a0a4030
CHIP::SOUTHBRIDGE::ASIO::MCA_WRAP[1]::MCA.TIMING_VAL_NO_FSYNC_ACTIVITY @ 0x20a0a4034
CHIP::SOUTHBRIDGE::ASIO::MCA_WRAP[1]::MCA.TIMING_VAL_SHORT_FSYNC @ 0x20a0a4038
CHIP::SOUTHBRIDGE::ASIO::MCA_WRAP[1]::MCA.SAMPLE_RATE_MEAS_CTL @ 0x20a0a403c
CHIP::SOUTHBRIDGE::ASIO::MCA_WRAP[1]::MCA.SAMPLE_RATE_MEAS_MCLK @ 0x20a0a4040
CHIP::SOUTHBRIDGE::ASIO::MCA_WRAP[1]::MCA.SAMPLE_RATE_MEAS_FSYNC @ 0x20a0a4044
CHIP::SOUTHBRIDGE::ASIO::MCA_WRAP[1]::MCA.TXCFG @ 0x20a0a4060
CHIP::SOUTHBRIDGE::ASIO::MCA_WRAP[1]::MCA.TXFIFOCFG @ 0x20a0a4064
CHIP::SOUTHBRIDGE::ASIO::MCA_WRAP[1]::MCA.TXMASK_LSB @ 0x20a0a4068
CHIP::SOUTHBRIDGE::ASIO::MCA_WRAP[1]::MCA.TXMASK_MSB @ 0x20a0a406c
CHIP::SOUTHBRIDGE::ASIO::MCA_WRAP[1]::MCA.TXDATA @ 0x20a0a4070
CHIP::SOUTHBRIDGE::ASIO::MCA_WRAP[1]::MCA.RXCFG @ 0x20a0a4080
CHIP::SOUTHBRIDGE::ASIO::MCA_WRAP[1]::MCA.RXFIFOCFG @ 0x20a0a4084
CHIP::SOUTHBRIDGE::ASIO::MCA_WRAP[1]::MCA.RXMASK_LSB @ 0x20a0a4088
CHIP::SOUTHBRIDGE::ASIO::MCA_WRAP[1]::MCA.RXMASK_MSB @ 0x20a0a408c
CHIP::SOUTHBRIDGE::ASIO::MCA_WRAP[1]::MCA.RXDATA @ 0x20a0a4090
CHIP::SOUTHBRIDGE::ASIO::MCA_WRAP[1]::MCA_TX_CFG.DEV_XFER @ 0x20a0a5000
CHIP::SOUTHBRIDGE::ASIO::MCA_WRAP[1]::MCA_TX_CFG.DMA_TIMEOUT @ 0x20a0a5004
CHIP::SOUTHBRIDGE::ASIO::MCA_WRAP[1]::MCA_TX_CFG.SHIM_FIFO_ALLOCATION @ 0x20a0a5008
CHIP::SOUTHBRIDGE::ASIO::MCA_WRAP[1]::MCA_TX_CFG.SHIM_FIFO_TRIGGER @ 0x20a0a500c
CHIP::SOUTHBRIDGE::ASIO::MCA_WRAP[1]::MCA_TX_CFG.CHANNEL_RESET_N @ 0x20a0a5010
CHIP::SOUTHBRIDGE::ASIO::MCA_WRAP[1]::MCA_TX_CFG.CHANNEL_ENABLE @ 0x20a0a5014
CHIP::SOUTHBRIDGE::ASIO::MCA_WRAP[1]::MCA_TX_CFG.SHIM_FIFO_PTRS @ 0x20a0a5018
CHIP::SOUTHBRIDGE::ASIO::MCA_WRAP[1]::MCA_TX_CFG.SHIM_FIFO_COUNT @ 0x20a0a501c
CHIP::SOUTHBRIDGE::ASIO::MCA_WRAP[1]::MCA_RX_CFG.DEV_XFER @ 0x20a0a5800
CHIP::SOUTHBRIDGE::ASIO::MCA_WRAP[1]::MCA_RX_CFG.DMA_TIMEOUT @ 0x20a0a5804
CHIP::SOUTHBRIDGE::ASIO::MCA_WRAP[1]::MCA_RX_CFG.SHIM_FIFO_ALLOCATION @ 0x20a0a5808
CHIP::SOUTHBRIDGE::ASIO::MCA_WRAP[1]::MCA_RX_CFG.SHIM_FIFO_TRIGGER @ 0x20a0a580c
CHIP::SOUTHBRIDGE::ASIO::MCA_WRAP[1]::MCA_RX_CFG.CHANNEL_RESET_N @ 0x20a0a5810
CHIP::SOUTHBRIDGE::ASIO::MCA_WRAP[1]::MCA_RX_CFG.CHANNEL_ENABLE @ 0x20a0a5814
CHIP::SOUTHBRIDGE::ASIO::MCA_WRAP[1]::MCA_RX_CFG.SHIM_FIFO_PTRS @ 0x20a0a5818
CHIP::SOUTHBRIDGE::ASIO::MCA_WRAP[1]::MCA_RX_CFG.SHIM_FIFO_COUNT @ 0x20a0a581c
CHIP::SOUTHBRIDGE::ASIO::MCA_WRAP[1]::MCA_TX_FIFO.FIFO @ 0x20a0a6000
CHIP::SOUTHBRIDGE::ASIO::MCA_WRAP[1]::MCA_RX_FIFO.FIFO @ 0x20a0a7000
CHIP::SOUTHBRIDGE::ASIO::MCA_WRAP[2]::MCA.VERSION @ 0x20a0a8000
CHIP::SOUTHBRIDGE::ASIO::MCA_WRAP[2]::MCA.FIFOSIZE @ 0x20a0a8004
CHIP::SOUTHBRIDGE::ASIO::MCA_WRAP[2]::MCA.FIFOSHIFT @ 0x20a0a8008
CHIP::SOUTHBRIDGE::ASIO::MCA_WRAP[2]::MCA.FIFOCTL @ 0x20a0a800c
CHIP::SOUTHBRIDGE::ASIO::MCA_WRAP[2]::MCA.CFG @ 0x20a0a8010
CHIP::SOUTHBRIDGE::ASIO::MCA_WRAP[2]::MCA.IDLE @ 0x20a0a8014
CHIP::SOUTHBRIDGE::ASIO::MCA_WRAP[2]::MCA.STATUS @ 0x20a0a8018
CHIP::SOUTHBRIDGE::ASIO::MCA_WRAP[2]::MCA.IRQ_STATUS @ 0x20a0a801c
CHIP::SOUTHBRIDGE::ASIO::MCA_WRAP[2]::MCA.IRQ_MASK @ 0x20a0a8020
CHIP::SOUTHBRIDGE::ASIO::MCA_WRAP[2]::MCA.SW_RESET @ 0x20a0a8024
CHIP::SOUTHBRIDGE::ASIO::MCA_WRAP[2]::MCA.BCLK_CNT @ 0x20a0a8028
CHIP::SOUTHBRIDGE::ASIO::MCA_WRAP[2]::MCA.TIMING_VAL_CTL @ 0x20a0a802c
CHIP::SOUTHBRIDGE::ASIO::MCA_WRAP[2]::MCA.TIMING_VAL_NO_BCLK_ACTIVITY @ 0x20a0a8030
CHIP::SOUTHBRIDGE::ASIO::MCA_WRAP[2]::MCA.TIMING_VAL_NO_FSYNC_ACTIVITY @ 0x20a0a8034
CHIP::SOUTHBRIDGE::ASIO::MCA_WRAP[2]::MCA.TIMING_VAL_SHORT_FSYNC @ 0x20a0a8038
CHIP::SOUTHBRIDGE::ASIO::MCA_WRAP[2]::MCA.SAMPLE_RATE_MEAS_CTL @ 0x20a0a803c
CHIP::SOUTHBRIDGE::ASIO::MCA_WRAP[2]::MCA.SAMPLE_RATE_MEAS_MCLK @ 0x20a0a8040
CHIP::SOUTHBRIDGE::ASIO::MCA_WRAP[2]::MCA.SAMPLE_RATE_MEAS_FSYNC @ 0x20a0a8044
CHIP::SOUTHBRIDGE::ASIO::MCA_WRAP[2]::MCA.TXCFG @ 0x20a0a8060
CHIP::SOUTHBRIDGE::ASIO::MCA_WRAP[2]::MCA.TXFIFOCFG @ 0x20a0a8064
CHIP::SOUTHBRIDGE::ASIO::MCA_WRAP[2]::MCA.TXMASK_LSB @ 0x20a0a8068
CHIP::SOUTHBRIDGE::ASIO::MCA_WRAP[2]::MCA.TXMASK_MSB @ 0x20a0a806c
CHIP::SOUTHBRIDGE::ASIO::MCA_WRAP[2]::MCA.TXDATA @ 0x20a0a8070
CHIP::SOUTHBRIDGE::ASIO::MCA_WRAP[2]::MCA.RXCFG @ 0x20a0a8080
CHIP::SOUTHBRIDGE::ASIO::MCA_WRAP[2]::MCA.RXFIFOCFG @ 0x20a0a8084
CHIP::SOUTHBRIDGE::ASIO::MCA_WRAP[2]::MCA.RXMASK_LSB @ 0x20a0a8088
CHIP::SOUTHBRIDGE::ASIO::MCA_WRAP[2]::MCA.RXMASK_MSB @ 0x20a0a808c
CHIP::SOUTHBRIDGE::ASIO::MCA_WRAP[2]::MCA.RXDATA @ 0x20a0a8090
CHIP::SOUTHBRIDGE::ASIO::MCA_WRAP[2]::MCA_TX_CFG.DEV_XFER @ 0x20a0a9000
CHIP::SOUTHBRIDGE::ASIO::MCA_WRAP[2]::MCA_TX_CFG.DMA_TIMEOUT @ 0x20a0a9004
CHIP::SOUTHBRIDGE::ASIO::MCA_WRAP[2]::MCA_TX_CFG.SHIM_FIFO_ALLOCATION @ 0x20a0a9008
CHIP::SOUTHBRIDGE::ASIO::MCA_WRAP[2]::MCA_TX_CFG.SHIM_FIFO_TRIGGER @ 0x20a0a900c
CHIP::SOUTHBRIDGE::ASIO::MCA_WRAP[2]::MCA_TX_CFG.CHANNEL_RESET_N @ 0x20a0a9010
CHIP::SOUTHBRIDGE::ASIO::MCA_WRAP[2]::MCA_TX_CFG.CHANNEL_ENABLE @ 0x20a0a9014
CHIP::SOUTHBRIDGE::ASIO::MCA_WRAP[2]::MCA_TX_CFG.SHIM_FIFO_PTRS @ 0x20a0a9018
CHIP::SOUTHBRIDGE::ASIO::MCA_WRAP[2]::MCA_TX_CFG.SHIM_FIFO_COUNT @ 0x20a0a901c
CHIP::SOUTHBRIDGE::ASIO::MCA_WRAP[2]::MCA_RX_CFG.DEV_XFER @ 0x20a0a9800
CHIP::SOUTHBRIDGE::ASIO::MCA_WRAP[2]::MCA_RX_CFG.DMA_TIMEOUT @ 0x20a0a9804
CHIP::SOUTHBRIDGE::ASIO::MCA_WRAP[2]::MCA_RX_CFG.SHIM_FIFO_ALLOCATION @ 0x20a0a9808
CHIP::SOUTHBRIDGE::ASIO::MCA_WRAP[2]::MCA_RX_CFG.SHIM_FIFO_TRIGGER @ 0x20a0a980c
CHIP::SOUTHBRIDGE::ASIO::MCA_WRAP[2]::MCA_RX_CFG.CHANNEL_RESET_N @ 0x20a0a9810
CHIP::SOUTHBRIDGE::ASIO::MCA_WRAP[2]::MCA_RX_CFG.CHANNEL_ENABLE @ 0x20a0a9814
CHIP::SOUTHBRIDGE::ASIO::MCA_WRAP[2]::MCA_RX_CFG.SHIM_FIFO_PTRS @ 0x20a0a9818
CHIP::SOUTHBRIDGE::ASIO::MCA_WRAP[2]::MCA_RX_CFG.SHIM_FIFO_COUNT @ 0x20a0a981c
CHIP::SOUTHBRIDGE::ASIO::MCA_WRAP[2]::MCA_TX_FIFO.FIFO @ 0x20a0aa000
CHIP::SOUTHBRIDGE::ASIO::MCA_WRAP[2]::MCA_RX_FIFO.FIFO @ 0x20a0ab000
CHIP::SOUTHBRIDGE::ASIO::MCA_WRAP[3]::MCA.VERSION @ 0x20a0ac000
CHIP::SOUTHBRIDGE::ASIO::MCA_WRAP[3]::MCA.FIFOSIZE @ 0x20a0ac004
CHIP::SOUTHBRIDGE::ASIO::MCA_WRAP[3]::MCA.FIFOSHIFT @ 0x20a0ac008
CHIP::SOUTHBRIDGE::ASIO::MCA_WRAP[3]::MCA.FIFOCTL @ 0x20a0ac00c
CHIP::SOUTHBRIDGE::ASIO::MCA_WRAP[3]::MCA.CFG @ 0x20a0ac010
CHIP::SOUTHBRIDGE::ASIO::MCA_WRAP[3]::MCA.IDLE @ 0x20a0ac014
CHIP::SOUTHBRIDGE::ASIO::MCA_WRAP[3]::MCA.STATUS @ 0x20a0ac018
CHIP::SOUTHBRIDGE::ASIO::MCA_WRAP[3]::MCA.IRQ_STATUS @ 0x20a0ac01c
CHIP::SOUTHBRIDGE::ASIO::MCA_WRAP[3]::MCA.IRQ_MASK @ 0x20a0ac020
CHIP::SOUTHBRIDGE::ASIO::MCA_WRAP[3]::MCA.SW_RESET @ 0x20a0ac024
CHIP::SOUTHBRIDGE::ASIO::MCA_WRAP[3]::MCA.BCLK_CNT @ 0x20a0ac028
CHIP::SOUTHBRIDGE::ASIO::MCA_WRAP[3]::MCA.TIMING_VAL_CTL @ 0x20a0ac02c
CHIP::SOUTHBRIDGE::ASIO::MCA_WRAP[3]::MCA.TIMING_VAL_NO_BCLK_ACTIVITY @ 0x20a0ac030
CHIP::SOUTHBRIDGE::ASIO::MCA_WRAP[3]::MCA.TIMING_VAL_NO_FSYNC_ACTIVITY @ 0x20a0ac034
CHIP::SOUTHBRIDGE::ASIO::MCA_WRAP[3]::MCA.TIMING_VAL_SHORT_FSYNC @ 0x20a0ac038
CHIP::SOUTHBRIDGE::ASIO::MCA_WRAP[3]::MCA.SAMPLE_RATE_MEAS_CTL @ 0x20a0ac03c
CHIP::SOUTHBRIDGE::ASIO::MCA_WRAP[3]::MCA.SAMPLE_RATE_MEAS_MCLK @ 0x20a0ac040
CHIP::SOUTHBRIDGE::ASIO::MCA_WRAP[3]::MCA.SAMPLE_RATE_MEAS_FSYNC @ 0x20a0ac044
CHIP::SOUTHBRIDGE::ASIO::MCA_WRAP[3]::MCA.TXCFG @ 0x20a0ac060
CHIP::SOUTHBRIDGE::ASIO::MCA_WRAP[3]::MCA.TXFIFOCFG @ 0x20a0ac064
CHIP::SOUTHBRIDGE::ASIO::MCA_WRAP[3]::MCA.TXMASK_LSB @ 0x20a0ac068
CHIP::SOUTHBRIDGE::ASIO::MCA_WRAP[3]::MCA.TXMASK_MSB @ 0x20a0ac06c
CHIP::SOUTHBRIDGE::ASIO::MCA_WRAP[3]::MCA.TXDATA @ 0x20a0ac070
CHIP::SOUTHBRIDGE::ASIO::MCA_WRAP[3]::MCA.RXCFG @ 0x20a0ac080
CHIP::SOUTHBRIDGE::ASIO::MCA_WRAP[3]::MCA.RXFIFOCFG @ 0x20a0ac084
CHIP::SOUTHBRIDGE::ASIO::MCA_WRAP[3]::MCA.RXMASK_LSB @ 0x20a0ac088
CHIP::SOUTHBRIDGE::ASIO::MCA_WRAP[3]::MCA.RXMASK_MSB @ 0x20a0ac08c
CHIP::SOUTHBRIDGE::ASIO::MCA_WRAP[3]::MCA.RXDATA @ 0x20a0ac090
CHIP::SOUTHBRIDGE::ASIO::MCA_WRAP[3]::MCA_TX_CFG.DEV_XFER @ 0x20a0ad000
CHIP::SOUTHBRIDGE::ASIO::MCA_WRAP[3]::MCA_TX_CFG.DMA_TIMEOUT @ 0x20a0ad004
CHIP::SOUTHBRIDGE::ASIO::MCA_WRAP[3]::MCA_TX_CFG.SHIM_FIFO_ALLOCATION @ 0x20a0ad008
CHIP::SOUTHBRIDGE::ASIO::MCA_WRAP[3]::MCA_TX_CFG.SHIM_FIFO_TRIGGER @ 0x20a0ad00c
CHIP::SOUTHBRIDGE::ASIO::MCA_WRAP[3]::MCA_TX_CFG.CHANNEL_RESET_N @ 0x20a0ad010
CHIP::SOUTHBRIDGE::ASIO::MCA_WRAP[3]::MCA_TX_CFG.CHANNEL_ENABLE @ 0x20a0ad014
CHIP::SOUTHBRIDGE::ASIO::MCA_WRAP[3]::MCA_TX_CFG.SHIM_FIFO_PTRS @ 0x20a0ad018
CHIP::SOUTHBRIDGE::ASIO::MCA_WRAP[3]::MCA_TX_CFG.SHIM_FIFO_COUNT @ 0x20a0ad01c
CHIP::SOUTHBRIDGE::ASIO::MCA_WRAP[3]::MCA_RX_CFG.DEV_XFER @ 0x20a0ad800
CHIP::SOUTHBRIDGE::ASIO::MCA_WRAP[3]::MCA_RX_CFG.DMA_TIMEOUT @ 0x20a0ad804
CHIP::SOUTHBRIDGE::ASIO::MCA_WRAP[3]::MCA_RX_CFG.SHIM_FIFO_ALLOCATION @ 0x20a0ad808
CHIP::SOUTHBRIDGE::ASIO::MCA_WRAP[3]::MCA_RX_CFG.SHIM_FIFO_TRIGGER @ 0x20a0ad80c
CHIP::SOUTHBRIDGE::ASIO::MCA_WRAP[3]::MCA_RX_CFG.CHANNEL_RESET_N @ 0x20a0ad810
CHIP::SOUTHBRIDGE::ASIO::MCA_WRAP[3]::MCA_RX_CFG.CHANNEL_ENABLE @ 0x20a0ad814
CHIP::SOUTHBRIDGE::ASIO::MCA_WRAP[3]::MCA_RX_CFG.SHIM_FIFO_PTRS @ 0x20a0ad818
CHIP::SOUTHBRIDGE::ASIO::MCA_WRAP[3]::MCA_RX_CFG.SHIM_FIFO_COUNT @ 0x20a0ad81c
CHIP::SOUTHBRIDGE::ASIO::MCA_WRAP[3]::MCA_TX_FIFO.FIFO @ 0x20a0ae000
CHIP::SOUTHBRIDGE::ASIO::MCA_WRAP[3]::MCA_RX_FIFO.FIFO @ 0x20a0af000
CHIP::SOUTHBRIDGE::ASIO::MCA_WRAP[4]::MCA.VERSION @ 0x20a0b0000
CHIP::SOUTHBRIDGE::ASIO::MCA_WRAP[4]::MCA.FIFOSIZE @ 0x20a0b0004
CHIP::SOUTHBRIDGE::ASIO::MCA_WRAP[4]::MCA.FIFOSHIFT @ 0x20a0b0008
CHIP::SOUTHBRIDGE::ASIO::MCA_WRAP[4]::MCA.FIFOCTL @ 0x20a0b000c
CHIP::SOUTHBRIDGE::ASIO::MCA_WRAP[4]::MCA.CFG @ 0x20a0b0010
CHIP::SOUTHBRIDGE::ASIO::MCA_WRAP[4]::MCA.IDLE @ 0x20a0b0014
CHIP::SOUTHBRIDGE::ASIO::MCA_WRAP[4]::MCA.STATUS @ 0x20a0b0018
CHIP::SOUTHBRIDGE::ASIO::MCA_WRAP[4]::MCA.IRQ_STATUS @ 0x20a0b001c
CHIP::SOUTHBRIDGE::ASIO::MCA_WRAP[4]::MCA.IRQ_MASK @ 0x20a0b0020
CHIP::SOUTHBRIDGE::ASIO::MCA_WRAP[4]::MCA.SW_RESET @ 0x20a0b0024
CHIP::SOUTHBRIDGE::ASIO::MCA_WRAP[4]::MCA.BCLK_CNT @ 0x20a0b0028
CHIP::SOUTHBRIDGE::ASIO::MCA_WRAP[4]::MCA.TIMING_VAL_CTL @ 0x20a0b002c
CHIP::SOUTHBRIDGE::ASIO::MCA_WRAP[4]::MCA.TIMING_VAL_NO_BCLK_ACTIVITY @ 0x20a0b0030
CHIP::SOUTHBRIDGE::ASIO::MCA_WRAP[4]::MCA.TIMING_VAL_NO_FSYNC_ACTIVITY @ 0x20a0b0034
CHIP::SOUTHBRIDGE::ASIO::MCA_WRAP[4]::MCA.TIMING_VAL_SHORT_FSYNC @ 0x20a0b0038
CHIP::SOUTHBRIDGE::ASIO::MCA_WRAP[4]::MCA.SAMPLE_RATE_MEAS_CTL @ 0x20a0b003c
CHIP::SOUTHBRIDGE::ASIO::MCA_WRAP[4]::MCA.SAMPLE_RATE_MEAS_MCLK @ 0x20a0b0040
CHIP::SOUTHBRIDGE::ASIO::MCA_WRAP[4]::MCA.SAMPLE_RATE_MEAS_FSYNC @ 0x20a0b0044
CHIP::SOUTHBRIDGE::ASIO::MCA_WRAP[4]::MCA.TXCFG @ 0x20a0b0060
CHIP::SOUTHBRIDGE::ASIO::MCA_WRAP[4]::MCA.TXFIFOCFG @ 0x20a0b0064
CHIP::SOUTHBRIDGE::ASIO::MCA_WRAP[4]::MCA.TXMASK_LSB @ 0x20a0b0068
CHIP::SOUTHBRIDGE::ASIO::MCA_WRAP[4]::MCA.TXMASK_MSB @ 0x20a0b006c
CHIP::SOUTHBRIDGE::ASIO::MCA_WRAP[4]::MCA.TXDATA @ 0x20a0b0070
CHIP::SOUTHBRIDGE::ASIO::MCA_WRAP[4]::MCA.RXCFG @ 0x20a0b0080
CHIP::SOUTHBRIDGE::ASIO::MCA_WRAP[4]::MCA.RXFIFOCFG @ 0x20a0b0084
CHIP::SOUTHBRIDGE::ASIO::MCA_WRAP[4]::MCA.RXMASK_LSB @ 0x20a0b0088
CHIP::SOUTHBRIDGE::ASIO::MCA_WRAP[4]::MCA.RXMASK_MSB @ 0x20a0b008c
CHIP::SOUTHBRIDGE::ASIO::MCA_WRAP[4]::MCA.RXDATA @ 0x20a0b0090
CHIP::SOUTHBRIDGE::ASIO::MCA_WRAP[4]::MCA_TX_CFG.DEV_XFER @ 0x20a0b1000
CHIP::SOUTHBRIDGE::ASIO::MCA_WRAP[4]::MCA_TX_CFG.DMA_TIMEOUT @ 0x20a0b1004
CHIP::SOUTHBRIDGE::ASIO::MCA_WRAP[4]::MCA_TX_CFG.SHIM_FIFO_ALLOCATION @ 0x20a0b1008
CHIP::SOUTHBRIDGE::ASIO::MCA_WRAP[4]::MCA_TX_CFG.SHIM_FIFO_TRIGGER @ 0x20a0b100c
CHIP::SOUTHBRIDGE::ASIO::MCA_WRAP[4]::MCA_TX_CFG.CHANNEL_RESET_N @ 0x20a0b1010
CHIP::SOUTHBRIDGE::ASIO::MCA_WRAP[4]::MCA_TX_CFG.CHANNEL_ENABLE @ 0x20a0b1014
CHIP::SOUTHBRIDGE::ASIO::MCA_WRAP[4]::MCA_TX_CFG.SHIM_FIFO_PTRS @ 0x20a0b1018
CHIP::SOUTHBRIDGE::ASIO::MCA_WRAP[4]::MCA_TX_CFG.SHIM_FIFO_COUNT @ 0x20a0b101c
CHIP::SOUTHBRIDGE::ASIO::MCA_WRAP[4]::MCA_RX_CFG.DEV_XFER @ 0x20a0b1800
CHIP::SOUTHBRIDGE::ASIO::MCA_WRAP[4]::MCA_RX_CFG.DMA_TIMEOUT @ 0x20a0b1804
CHIP::SOUTHBRIDGE::ASIO::MCA_WRAP[4]::MCA_RX_CFG.SHIM_FIFO_ALLOCATION @ 0x20a0b1808
CHIP::SOUTHBRIDGE::ASIO::MCA_WRAP[4]::MCA_RX_CFG.SHIM_FIFO_TRIGGER @ 0x20a0b180c
CHIP::SOUTHBRIDGE::ASIO::MCA_WRAP[4]::MCA_RX_CFG.CHANNEL_RESET_N @ 0x20a0b1810
CHIP::SOUTHBRIDGE::ASIO::MCA_WRAP[4]::MCA_RX_CFG.CHANNEL_ENABLE @ 0x20a0b1814
CHIP::SOUTHBRIDGE::ASIO::MCA_WRAP[4]::MCA_RX_CFG.SHIM_FIFO_PTRS @ 0x20a0b1818
CHIP::SOUTHBRIDGE::ASIO::MCA_WRAP[4]::MCA_RX_CFG.SHIM_FIFO_COUNT @ 0x20a0b181c
CHIP::SOUTHBRIDGE::ASIO::MCA_WRAP[4]::MCA_TX_FIFO.FIFO @ 0x20a0b2000
CHIP::SOUTHBRIDGE::ASIO::MCA_WRAP[4]::MCA_RX_FIFO.FIFO @ 0x20a0b3000
CHIP::SOUTHBRIDGE::ASIO::UART_WRAP[0]::UART.ULCON @ 0x20a0c0000
CHIP::SOUTHBRIDGE::ASIO::UART_WRAP[0]::UART.UCON @ 0x20a0c0004
CHIP::SOUTHBRIDGE::ASIO::UART_WRAP[0]::UART.UFCON @ 0x20a0c0008
CHIP::SOUTHBRIDGE::ASIO::UART_WRAP[0]::UART.UMCON @ 0x20a0c000c
CHIP::SOUTHBRIDGE::ASIO::UART_WRAP[0]::UART.UTRSTAT @ 0x20a0c0010
CHIP::SOUTHBRIDGE::ASIO::UART_WRAP[0]::UART.UERSTAT @ 0x20a0c0014
CHIP::SOUTHBRIDGE::ASIO::UART_WRAP[0]::UART.UFSTAT @ 0x20a0c0018
CHIP::SOUTHBRIDGE::ASIO::UART_WRAP[0]::UART.UMSTAT @ 0x20a0c001c
CHIP::SOUTHBRIDGE::ASIO::UART_WRAP[0]::UART.UTXH @ 0x20a0c0020
CHIP::SOUTHBRIDGE::ASIO::UART_WRAP[0]::UART.URXH @ 0x20a0c0024
CHIP::SOUTHBRIDGE::ASIO::UART_WRAP[0]::UART.UBRDIV @ 0x20a0c0028
CHIP::SOUTHBRIDGE::ASIO::UART_WRAP[0]::UART.UABRCNT @ 0x20a0c002c
CHIP::SOUTHBRIDGE::ASIO::UART_WRAP[0]::UART.UTXOFFSET @ 0x20a0c0034
CHIP::SOUTHBRIDGE::ASIO::UART_WRAP[0]::UART.URXOFFSET @ 0x20a0c0038
CHIP::SOUTHBRIDGE::ASIO::UART_WRAP[0]::UART.UVER @ 0x20a0c003c
CHIP::SOUTHBRIDGE::ASIO::UART_WRAP[0]::UART_TX_CFG.DEV_XFER @ 0x20a0c1000
CHIP::SOUTHBRIDGE::ASIO::UART_WRAP[0]::UART_TX_CFG.DMA_TIMEOUT @ 0x20a0c1004
CHIP::SOUTHBRIDGE::ASIO::UART_WRAP[0]::UART_TX_CFG.SHIM_FIFO_ALLOCATION @ 0x20a0c1008
CHIP::SOUTHBRIDGE::ASIO::UART_WRAP[0]::UART_TX_CFG.SHIM_FIFO_TRIGGER @ 0x20a0c100c
CHIP::SOUTHBRIDGE::ASIO::UART_WRAP[0]::UART_TX_CFG.CHANNEL_RESET_N @ 0x20a0c1010
CHIP::SOUTHBRIDGE::ASIO::UART_WRAP[0]::UART_TX_CFG.CHANNEL_ENABLE @ 0x20a0c1014
CHIP::SOUTHBRIDGE::ASIO::UART_WRAP[0]::UART_TX_CFG.SHIM_FIFO_PTRS @ 0x20a0c1018
CHIP::SOUTHBRIDGE::ASIO::UART_WRAP[0]::UART_TX_CFG.SHIM_FIFO_COUNT @ 0x20a0c101c
CHIP::SOUTHBRIDGE::ASIO::UART_WRAP[0]::UART_RX_CFG.DEV_XFER @ 0x20a0c1800
CHIP::SOUTHBRIDGE::ASIO::UART_WRAP[0]::UART_RX_CFG.DMA_TIMEOUT @ 0x20a0c1804
CHIP::SOUTHBRIDGE::ASIO::UART_WRAP[0]::UART_RX_CFG.SHIM_FIFO_ALLOCATION @ 0x20a0c1808
CHIP::SOUTHBRIDGE::ASIO::UART_WRAP[0]::UART_RX_CFG.SHIM_FIFO_TRIGGER @ 0x20a0c180c
CHIP::SOUTHBRIDGE::ASIO::UART_WRAP[0]::UART_RX_CFG.CHANNEL_RESET_N @ 0x20a0c1810
CHIP::SOUTHBRIDGE::ASIO::UART_WRAP[0]::UART_RX_CFG.CHANNEL_ENABLE @ 0x20a0c1814
CHIP::SOUTHBRIDGE::ASIO::UART_WRAP[0]::UART_RX_CFG.SHIM_FIFO_PTRS @ 0x20a0c1818
CHIP::SOUTHBRIDGE::ASIO::UART_WRAP[0]::UART_RX_CFG.SHIM_FIFO_COUNT @ 0x20a0c181c
CHIP::SOUTHBRIDGE::ASIO::UART_WRAP[0]::UART_TX_FIFO.FIFO @ 0x20a0c2000
CHIP::SOUTHBRIDGE::ASIO::UART_WRAP[0]::UART_RX_FIFO.FIFO @ 0x20a0c3000
CHIP::SOUTHBRIDGE::ASIO::UART_WRAP[1]::UART.ULCON @ 0x20a0c4000
CHIP::SOUTHBRIDGE::ASIO::UART_WRAP[1]::UART.UCON @ 0x20a0c4004
CHIP::SOUTHBRIDGE::ASIO::UART_WRAP[1]::UART.UFCON @ 0x20a0c4008
CHIP::SOUTHBRIDGE::ASIO::UART_WRAP[1]::UART.UMCON @ 0x20a0c400c
CHIP::SOUTHBRIDGE::ASIO::UART_WRAP[1]::UART.UTRSTAT @ 0x20a0c4010
CHIP::SOUTHBRIDGE::ASIO::UART_WRAP[1]::UART.UERSTAT @ 0x20a0c4014
CHIP::SOUTHBRIDGE::ASIO::UART_WRAP[1]::UART.UFSTAT @ 0x20a0c4018
CHIP::SOUTHBRIDGE::ASIO::UART_WRAP[1]::UART.UMSTAT @ 0x20a0c401c
CHIP::SOUTHBRIDGE::ASIO::UART_WRAP[1]::UART.UTXH @ 0x20a0c4020
CHIP::SOUTHBRIDGE::ASIO::UART_WRAP[1]::UART.URXH @ 0x20a0c4024
CHIP::SOUTHBRIDGE::ASIO::UART_WRAP[1]::UART.UBRDIV @ 0x20a0c4028
CHIP::SOUTHBRIDGE::ASIO::UART_WRAP[1]::UART.UABRCNT @ 0x20a0c402c
CHIP::SOUTHBRIDGE::ASIO::UART_WRAP[1]::UART.UTXOFFSET @ 0x20a0c4034
CHIP::SOUTHBRIDGE::ASIO::UART_WRAP[1]::UART.URXOFFSET @ 0x20a0c4038
CHIP::SOUTHBRIDGE::ASIO::UART_WRAP[1]::UART.UVER @ 0x20a0c403c
CHIP::SOUTHBRIDGE::ASIO::UART_WRAP[1]::UART_TX_CFG.DEV_XFER @ 0x20a0c5000
CHIP::SOUTHBRIDGE::ASIO::UART_WRAP[1]::UART_TX_CFG.DMA_TIMEOUT @ 0x20a0c5004
CHIP::SOUTHBRIDGE::ASIO::UART_WRAP[1]::UART_TX_CFG.SHIM_FIFO_ALLOCATION @ 0x20a0c5008
CHIP::SOUTHBRIDGE::ASIO::UART_WRAP[1]::UART_TX_CFG.SHIM_FIFO_TRIGGER @ 0x20a0c500c
CHIP::SOUTHBRIDGE::ASIO::UART_WRAP[1]::UART_TX_CFG.CHANNEL_RESET_N @ 0x20a0c5010
CHIP::SOUTHBRIDGE::ASIO::UART_WRAP[1]::UART_TX_CFG.CHANNEL_ENABLE @ 0x20a0c5014
CHIP::SOUTHBRIDGE::ASIO::UART_WRAP[1]::UART_TX_CFG.SHIM_FIFO_PTRS @ 0x20a0c5018
CHIP::SOUTHBRIDGE::ASIO::UART_WRAP[1]::UART_TX_CFG.SHIM_FIFO_COUNT @ 0x20a0c501c
CHIP::SOUTHBRIDGE::ASIO::UART_WRAP[1]::UART_RX_CFG.DEV_XFER @ 0x20a0c5800
CHIP::SOUTHBRIDGE::ASIO::UART_WRAP[1]::UART_RX_CFG.DMA_TIMEOUT @ 0x20a0c5804
CHIP::SOUTHBRIDGE::ASIO::UART_WRAP[1]::UART_RX_CFG.SHIM_FIFO_ALLOCATION @ 0x20a0c5808
CHIP::SOUTHBRIDGE::ASIO::UART_WRAP[1]::UART_RX_CFG.SHIM_FIFO_TRIGGER @ 0x20a0c580c
CHIP::SOUTHBRIDGE::ASIO::UART_WRAP[1]::UART_RX_CFG.CHANNEL_RESET_N @ 0x20a0c5810
CHIP::SOUTHBRIDGE::ASIO::UART_WRAP[1]::UART_RX_CFG.CHANNEL_ENABLE @ 0x20a0c5814
CHIP::SOUTHBRIDGE::ASIO::UART_WRAP[1]::UART_RX_CFG.SHIM_FIFO_PTRS @ 0x20a0c5818
CHIP::SOUTHBRIDGE::ASIO::UART_WRAP[1]::UART_RX_CFG.SHIM_FIFO_COUNT @ 0x20a0c581c
CHIP::SOUTHBRIDGE::ASIO::UART_WRAP[1]::UART_TX_FIFO.FIFO @ 0x20a0c6000
CHIP::SOUTHBRIDGE::ASIO::UART_WRAP[1]::UART_RX_FIFO.FIFO @ 0x20a0c7000
CHIP::SOUTHBRIDGE::ASIO::UART_WRAP[2]::UART.ULCON @ 0x20a0c8000
CHIP::SOUTHBRIDGE::ASIO::UART_WRAP[2]::UART.UCON @ 0x20a0c8004
CHIP::SOUTHBRIDGE::ASIO::UART_WRAP[2]::UART.UFCON @ 0x20a0c8008
CHIP::SOUTHBRIDGE::ASIO::UART_WRAP[2]::UART.UMCON @ 0x20a0c800c
CHIP::SOUTHBRIDGE::ASIO::UART_WRAP[2]::UART.UTRSTAT @ 0x20a0c8010
CHIP::SOUTHBRIDGE::ASIO::UART_WRAP[2]::UART.UERSTAT @ 0x20a0c8014
CHIP::SOUTHBRIDGE::ASIO::UART_WRAP[2]::UART.UFSTAT @ 0x20a0c8018
CHIP::SOUTHBRIDGE::ASIO::UART_WRAP[2]::UART.UMSTAT @ 0x20a0c801c
CHIP::SOUTHBRIDGE::ASIO::UART_WRAP[2]::UART.UTXH @ 0x20a0c8020
CHIP::SOUTHBRIDGE::ASIO::UART_WRAP[2]::UART.URXH @ 0x20a0c8024
CHIP::SOUTHBRIDGE::ASIO::UART_WRAP[2]::UART.UBRDIV @ 0x20a0c8028
CHIP::SOUTHBRIDGE::ASIO::UART_WRAP[2]::UART.UABRCNT @ 0x20a0c802c
CHIP::SOUTHBRIDGE::ASIO::UART_WRAP[2]::UART.UTXOFFSET @ 0x20a0c8034
CHIP::SOUTHBRIDGE::ASIO::UART_WRAP[2]::UART.URXOFFSET @ 0x20a0c8038
CHIP::SOUTHBRIDGE::ASIO::UART_WRAP[2]::UART.UVER @ 0x20a0c803c
CHIP::SOUTHBRIDGE::ASIO::UART_WRAP[2]::UART_TX_CFG.DEV_XFER @ 0x20a0c9000
CHIP::SOUTHBRIDGE::ASIO::UART_WRAP[2]::UART_TX_CFG.DMA_TIMEOUT @ 0x20a0c9004
CHIP::SOUTHBRIDGE::ASIO::UART_WRAP[2]::UART_TX_CFG.SHIM_FIFO_ALLOCATION @ 0x20a0c9008
CHIP::SOUTHBRIDGE::ASIO::UART_WRAP[2]::UART_TX_CFG.SHIM_FIFO_TRIGGER @ 0x20a0c900c
CHIP::SOUTHBRIDGE::ASIO::UART_WRAP[2]::UART_TX_CFG.CHANNEL_RESET_N @ 0x20a0c9010
CHIP::SOUTHBRIDGE::ASIO::UART_WRAP[2]::UART_TX_CFG.CHANNEL_ENABLE @ 0x20a0c9014
CHIP::SOUTHBRIDGE::ASIO::UART_WRAP[2]::UART_TX_CFG.SHIM_FIFO_PTRS @ 0x20a0c9018
CHIP::SOUTHBRIDGE::ASIO::UART_WRAP[2]::UART_TX_CFG.SHIM_FIFO_COUNT @ 0x20a0c901c
CHIP::SOUTHBRIDGE::ASIO::UART_WRAP[2]::UART_RX_CFG.DEV_XFER @ 0x20a0c9800
CHIP::SOUTHBRIDGE::ASIO::UART_WRAP[2]::UART_RX_CFG.DMA_TIMEOUT @ 0x20a0c9804
CHIP::SOUTHBRIDGE::ASIO::UART_WRAP[2]::UART_RX_CFG.SHIM_FIFO_ALLOCATION @ 0x20a0c9808
CHIP::SOUTHBRIDGE::ASIO::UART_WRAP[2]::UART_RX_CFG.SHIM_FIFO_TRIGGER @ 0x20a0c980c
CHIP::SOUTHBRIDGE::ASIO::UART_WRAP[2]::UART_RX_CFG.CHANNEL_RESET_N @ 0x20a0c9810
CHIP::SOUTHBRIDGE::ASIO::UART_WRAP[2]::UART_RX_CFG.CHANNEL_ENABLE @ 0x20a0c9814
CHIP::SOUTHBRIDGE::ASIO::UART_WRAP[2]::UART_RX_CFG.SHIM_FIFO_PTRS @ 0x20a0c9818
CHIP::SOUTHBRIDGE::ASIO::UART_WRAP[2]::UART_RX_CFG.SHIM_FIFO_COUNT @ 0x20a0c981c
CHIP::SOUTHBRIDGE::ASIO::UART_WRAP[2]::UART_TX_FIFO.FIFO @ 0x20a0ca000
CHIP::SOUTHBRIDGE::ASIO::UART_WRAP[2]::UART_RX_FIFO.FIFO @ 0x20a0cb000
CHIP::SOUTHBRIDGE::ASIO::UART_WRAP[3]::UART.ULCON @ 0x20a0cc000
CHIP::SOUTHBRIDGE::ASIO::UART_WRAP[3]::UART.UCON @ 0x20a0cc004
CHIP::SOUTHBRIDGE::ASIO::UART_WRAP[3]::UART.UFCON @ 0x20a0cc008
CHIP::SOUTHBRIDGE::ASIO::UART_WRAP[3]::UART.UMCON @ 0x20a0cc00c
CHIP::SOUTHBRIDGE::ASIO::UART_WRAP[3]::UART.UTRSTAT @ 0x20a0cc010
CHIP::SOUTHBRIDGE::ASIO::UART_WRAP[3]::UART.UERSTAT @ 0x20a0cc014
CHIP::SOUTHBRIDGE::ASIO::UART_WRAP[3]::UART.UFSTAT @ 0x20a0cc018
CHIP::SOUTHBRIDGE::ASIO::UART_WRAP[3]::UART.UMSTAT @ 0x20a0cc01c
CHIP::SOUTHBRIDGE::ASIO::UART_WRAP[3]::UART.UTXH @ 0x20a0cc020
CHIP::SOUTHBRIDGE::ASIO::UART_WRAP[3]::UART.URXH @ 0x20a0cc024
CHIP::SOUTHBRIDGE::ASIO::UART_WRAP[3]::UART.UBRDIV @ 0x20a0cc028
CHIP::SOUTHBRIDGE::ASIO::UART_WRAP[3]::UART.UABRCNT @ 0x20a0cc02c
CHIP::SOUTHBRIDGE::ASIO::UART_WRAP[3]::UART.UTXOFFSET @ 0x20a0cc034
CHIP::SOUTHBRIDGE::ASIO::UART_WRAP[3]::UART.URXOFFSET @ 0x20a0cc038
CHIP::SOUTHBRIDGE::ASIO::UART_WRAP[3]::UART.UVER @ 0x20a0cc03c
CHIP::SOUTHBRIDGE::ASIO::UART_WRAP[3]::UART_TX_CFG.DEV_XFER @ 0x20a0cd000
CHIP::SOUTHBRIDGE::ASIO::UART_WRAP[3]::UART_TX_CFG.DMA_TIMEOUT @ 0x20a0cd004
CHIP::SOUTHBRIDGE::ASIO::UART_WRAP[3]::UART_TX_CFG.SHIM_FIFO_ALLOCATION @ 0x20a0cd008
CHIP::SOUTHBRIDGE::ASIO::UART_WRAP[3]::UART_TX_CFG.SHIM_FIFO_TRIGGER @ 0x20a0cd00c
CHIP::SOUTHBRIDGE::ASIO::UART_WRAP[3]::UART_TX_CFG.CHANNEL_RESET_N @ 0x20a0cd010
CHIP::SOUTHBRIDGE::ASIO::UART_WRAP[3]::UART_TX_CFG.CHANNEL_ENABLE @ 0x20a0cd014
CHIP::SOUTHBRIDGE::ASIO::UART_WRAP[3]::UART_TX_CFG.SHIM_FIFO_PTRS @ 0x20a0cd018
CHIP::SOUTHBRIDGE::ASIO::UART_WRAP[3]::UART_TX_CFG.SHIM_FIFO_COUNT @ 0x20a0cd01c
CHIP::SOUTHBRIDGE::ASIO::UART_WRAP[3]::UART_RX_CFG.DEV_XFER @ 0x20a0cd800
CHIP::SOUTHBRIDGE::ASIO::UART_WRAP[3]::UART_RX_CFG.DMA_TIMEOUT @ 0x20a0cd804
CHIP::SOUTHBRIDGE::ASIO::UART_WRAP[3]::UART_RX_CFG.SHIM_FIFO_ALLOCATION @ 0x20a0cd808
CHIP::SOUTHBRIDGE::ASIO::UART_WRAP[3]::UART_RX_CFG.SHIM_FIFO_TRIGGER @ 0x20a0cd80c
CHIP::SOUTHBRIDGE::ASIO::UART_WRAP[3]::UART_RX_CFG.CHANNEL_RESET_N @ 0x20a0cd810
CHIP::SOUTHBRIDGE::ASIO::UART_WRAP[3]::UART_RX_CFG.CHANNEL_ENABLE @ 0x20a0cd814
CHIP::SOUTHBRIDGE::ASIO::UART_WRAP[3]::UART_RX_CFG.SHIM_FIFO_PTRS @ 0x20a0cd818
CHIP::SOUTHBRIDGE::ASIO::UART_WRAP[3]::UART_RX_CFG.SHIM_FIFO_COUNT @ 0x20a0cd81c
CHIP::SOUTHBRIDGE::ASIO::UART_WRAP[3]::UART_TX_FIFO.FIFO @ 0x20a0ce000
CHIP::SOUTHBRIDGE::ASIO::UART_WRAP[3]::UART_RX_FIFO.FIFO @ 0x20a0cf000
CHIP::SOUTHBRIDGE::ASIO::UART_WRAP[4]::UART.ULCON @ 0x20a0d0000
CHIP::SOUTHBRIDGE::ASIO::UART_WRAP[4]::UART.UCON @ 0x20a0d0004
CHIP::SOUTHBRIDGE::ASIO::UART_WRAP[4]::UART.UFCON @ 0x20a0d0008
CHIP::SOUTHBRIDGE::ASIO::UART_WRAP[4]::UART.UMCON @ 0x20a0d000c
CHIP::SOUTHBRIDGE::ASIO::UART_WRAP[4]::UART.UTRSTAT @ 0x20a0d0010
CHIP::SOUTHBRIDGE::ASIO::UART_WRAP[4]::UART.UERSTAT @ 0x20a0d0014
CHIP::SOUTHBRIDGE::ASIO::UART_WRAP[4]::UART.UFSTAT @ 0x20a0d0018
CHIP::SOUTHBRIDGE::ASIO::UART_WRAP[4]::UART.UMSTAT @ 0x20a0d001c
CHIP::SOUTHBRIDGE::ASIO::UART_WRAP[4]::UART.UTXH @ 0x20a0d0020
CHIP::SOUTHBRIDGE::ASIO::UART_WRAP[4]::UART.URXH @ 0x20a0d0024
CHIP::SOUTHBRIDGE::ASIO::UART_WRAP[4]::UART.UBRDIV @ 0x20a0d0028
CHIP::SOUTHBRIDGE::ASIO::UART_WRAP[4]::UART.UABRCNT @ 0x20a0d002c
CHIP::SOUTHBRIDGE::ASIO::UART_WRAP[4]::UART.UTXOFFSET @ 0x20a0d0034
CHIP::SOUTHBRIDGE::ASIO::UART_WRAP[4]::UART.URXOFFSET @ 0x20a0d0038
CHIP::SOUTHBRIDGE::ASIO::UART_WRAP[4]::UART.UVER @ 0x20a0d003c
CHIP::SOUTHBRIDGE::ASIO::UART_WRAP[4]::UART_TX_CFG.DEV_XFER @ 0x20a0d1000
CHIP::SOUTHBRIDGE::ASIO::UART_WRAP[4]::UART_TX_CFG.DMA_TIMEOUT @ 0x20a0d1004
CHIP::SOUTHBRIDGE::ASIO::UART_WRAP[4]::UART_TX_CFG.SHIM_FIFO_ALLOCATION @ 0x20a0d1008
CHIP::SOUTHBRIDGE::ASIO::UART_WRAP[4]::UART_TX_CFG.SHIM_FIFO_TRIGGER @ 0x20a0d100c
CHIP::SOUTHBRIDGE::ASIO::UART_WRAP[4]::UART_TX_CFG.CHANNEL_RESET_N @ 0x20a0d1010
CHIP::SOUTHBRIDGE::ASIO::UART_WRAP[4]::UART_TX_CFG.CHANNEL_ENABLE @ 0x20a0d1014
CHIP::SOUTHBRIDGE::ASIO::UART_WRAP[4]::UART_TX_CFG.SHIM_FIFO_PTRS @ 0x20a0d1018
CHIP::SOUTHBRIDGE::ASIO::UART_WRAP[4]::UART_TX_CFG.SHIM_FIFO_COUNT @ 0x20a0d101c
CHIP::SOUTHBRIDGE::ASIO::UART_WRAP[4]::UART_RX_CFG.DEV_XFER @ 0x20a0d1800
CHIP::SOUTHBRIDGE::ASIO::UART_WRAP[4]::UART_RX_CFG.DMA_TIMEOUT @ 0x20a0d1804
CHIP::SOUTHBRIDGE::ASIO::UART_WRAP[4]::UART_RX_CFG.SHIM_FIFO_ALLOCATION @ 0x20a0d1808
CHIP::SOUTHBRIDGE::ASIO::UART_WRAP[4]::UART_RX_CFG.SHIM_FIFO_TRIGGER @ 0x20a0d180c
CHIP::SOUTHBRIDGE::ASIO::UART_WRAP[4]::UART_RX_CFG.CHANNEL_RESET_N @ 0x20a0d1810
CHIP::SOUTHBRIDGE::ASIO::UART_WRAP[4]::UART_RX_CFG.CHANNEL_ENABLE @ 0x20a0d1814
CHIP::SOUTHBRIDGE::ASIO::UART_WRAP[4]::UART_RX_CFG.SHIM_FIFO_PTRS @ 0x20a0d1818
CHIP::SOUTHBRIDGE::ASIO::UART_WRAP[4]::UART_RX_CFG.SHIM_FIFO_COUNT @ 0x20a0d181c
CHIP::SOUTHBRIDGE::ASIO::UART_WRAP[4]::UART_TX_FIFO.FIFO @ 0x20a0d2000
CHIP::SOUTHBRIDGE::ASIO::UART_WRAP[4]::UART_RX_FIFO.FIFO @ 0x20a0d3000
CHIP::SOUTHBRIDGE::ASIO::UART_WRAP[5]::UART.ULCON @ 0x20a0d4000
CHIP::SOUTHBRIDGE::ASIO::UART_WRAP[5]::UART.UCON @ 0x20a0d4004
CHIP::SOUTHBRIDGE::ASIO::UART_WRAP[5]::UART.UFCON @ 0x20a0d4008
CHIP::SOUTHBRIDGE::ASIO::UART_WRAP[5]::UART.UMCON @ 0x20a0d400c
CHIP::SOUTHBRIDGE::ASIO::UART_WRAP[5]::UART.UTRSTAT @ 0x20a0d4010
CHIP::SOUTHBRIDGE::ASIO::UART_WRAP[5]::UART.UERSTAT @ 0x20a0d4014
CHIP::SOUTHBRIDGE::ASIO::UART_WRAP[5]::UART.UFSTAT @ 0x20a0d4018
CHIP::SOUTHBRIDGE::ASIO::UART_WRAP[5]::UART.UMSTAT @ 0x20a0d401c
CHIP::SOUTHBRIDGE::ASIO::UART_WRAP[5]::UART.UTXH @ 0x20a0d4020
CHIP::SOUTHBRIDGE::ASIO::UART_WRAP[5]::UART.URXH @ 0x20a0d4024
CHIP::SOUTHBRIDGE::ASIO::UART_WRAP[5]::UART.UBRDIV @ 0x20a0d4028
CHIP::SOUTHBRIDGE::ASIO::UART_WRAP[5]::UART.UABRCNT @ 0x20a0d402c
CHIP::SOUTHBRIDGE::ASIO::UART_WRAP[5]::UART.UTXOFFSET @ 0x20a0d4034
CHIP::SOUTHBRIDGE::ASIO::UART_WRAP[5]::UART.URXOFFSET @ 0x20a0d4038
CHIP::SOUTHBRIDGE::ASIO::UART_WRAP[5]::UART.UVER @ 0x20a0d403c
CHIP::SOUTHBRIDGE::ASIO::UART_WRAP[5]::UART_TX_CFG.DEV_XFER @ 0x20a0d5000
CHIP::SOUTHBRIDGE::ASIO::UART_WRAP[5]::UART_TX_CFG.DMA_TIMEOUT @ 0x20a0d5004
CHIP::SOUTHBRIDGE::ASIO::UART_WRAP[5]::UART_TX_CFG.SHIM_FIFO_ALLOCATION @ 0x20a0d5008
CHIP::SOUTHBRIDGE::ASIO::UART_WRAP[5]::UART_TX_CFG.SHIM_FIFO_TRIGGER @ 0x20a0d500c
CHIP::SOUTHBRIDGE::ASIO::UART_WRAP[5]::UART_TX_CFG.CHANNEL_RESET_N @ 0x20a0d5010
CHIP::SOUTHBRIDGE::ASIO::UART_WRAP[5]::UART_TX_CFG.CHANNEL_ENABLE @ 0x20a0d5014
CHIP::SOUTHBRIDGE::ASIO::UART_WRAP[5]::UART_TX_CFG.SHIM_FIFO_PTRS @ 0x20a0d5018
CHIP::SOUTHBRIDGE::ASIO::UART_WRAP[5]::UART_TX_CFG.SHIM_FIFO_COUNT @ 0x20a0d501c
CHIP::SOUTHBRIDGE::ASIO::UART_WRAP[5]::UART_RX_CFG.DEV_XFER @ 0x20a0d5800
CHIP::SOUTHBRIDGE::ASIO::UART_WRAP[5]::UART_RX_CFG.DMA_TIMEOUT @ 0x20a0d5804
CHIP::SOUTHBRIDGE::ASIO::UART_WRAP[5]::UART_RX_CFG.SHIM_FIFO_ALLOCATION @ 0x20a0d5808
CHIP::SOUTHBRIDGE::ASIO::UART_WRAP[5]::UART_RX_CFG.SHIM_FIFO_TRIGGER @ 0x20a0d580c
CHIP::SOUTHBRIDGE::ASIO::UART_WRAP[5]::UART_RX_CFG.CHANNEL_RESET_N @ 0x20a0d5810
CHIP::SOUTHBRIDGE::ASIO::UART_WRAP[5]::UART_RX_CFG.CHANNEL_ENABLE @ 0x20a0d5814
CHIP::SOUTHBRIDGE::ASIO::UART_WRAP[5]::UART_RX_CFG.SHIM_FIFO_PTRS @ 0x20a0d5818
CHIP::SOUTHBRIDGE::ASIO::UART_WRAP[5]::UART_RX_CFG.SHIM_FIFO_COUNT @ 0x20a0d581c
CHIP::SOUTHBRIDGE::ASIO::UART_WRAP[5]::UART_TX_FIFO.FIFO @ 0x20a0d6000
CHIP::SOUTHBRIDGE::ASIO::UART_WRAP[5]::UART_RX_FIFO.FIFO @ 0x20a0d7000
CHIP::SOUTHBRIDGE::ASIO::UART_WRAP[6]::UART.ULCON @ 0x20a0d8000
CHIP::SOUTHBRIDGE::ASIO::UART_WRAP[6]::UART.UCON @ 0x20a0d8004
CHIP::SOUTHBRIDGE::ASIO::UART_WRAP[6]::UART.UFCON @ 0x20a0d8008
CHIP::SOUTHBRIDGE::ASIO::UART_WRAP[6]::UART.UMCON @ 0x20a0d800c
CHIP::SOUTHBRIDGE::ASIO::UART_WRAP[6]::UART.UTRSTAT @ 0x20a0d8010
CHIP::SOUTHBRIDGE::ASIO::UART_WRAP[6]::UART.UERSTAT @ 0x20a0d8014
CHIP::SOUTHBRIDGE::ASIO::UART_WRAP[6]::UART.UFSTAT @ 0x20a0d8018
CHIP::SOUTHBRIDGE::ASIO::UART_WRAP[6]::UART.UMSTAT @ 0x20a0d801c
CHIP::SOUTHBRIDGE::ASIO::UART_WRAP[6]::UART.UTXH @ 0x20a0d8020
CHIP::SOUTHBRIDGE::ASIO::UART_WRAP[6]::UART.URXH @ 0x20a0d8024
CHIP::SOUTHBRIDGE::ASIO::UART_WRAP[6]::UART.UBRDIV @ 0x20a0d8028
CHIP::SOUTHBRIDGE::ASIO::UART_WRAP[6]::UART.UABRCNT @ 0x20a0d802c
CHIP::SOUTHBRIDGE::ASIO::UART_WRAP[6]::UART.UTXOFFSET @ 0x20a0d8034
CHIP::SOUTHBRIDGE::ASIO::UART_WRAP[6]::UART.URXOFFSET @ 0x20a0d8038
CHIP::SOUTHBRIDGE::ASIO::UART_WRAP[6]::UART.UVER @ 0x20a0d803c
CHIP::SOUTHBRIDGE::ASIO::UART_WRAP[6]::UART_TX_CFG.DEV_XFER @ 0x20a0d9000
CHIP::SOUTHBRIDGE::ASIO::UART_WRAP[6]::UART_TX_CFG.DMA_TIMEOUT @ 0x20a0d9004
CHIP::SOUTHBRIDGE::ASIO::UART_WRAP[6]::UART_TX_CFG.SHIM_FIFO_ALLOCATION @ 0x20a0d9008
CHIP::SOUTHBRIDGE::ASIO::UART_WRAP[6]::UART_TX_CFG.SHIM_FIFO_TRIGGER @ 0x20a0d900c
CHIP::SOUTHBRIDGE::ASIO::UART_WRAP[6]::UART_TX_CFG.CHANNEL_RESET_N @ 0x20a0d9010
CHIP::SOUTHBRIDGE::ASIO::UART_WRAP[6]::UART_TX_CFG.CHANNEL_ENABLE @ 0x20a0d9014
CHIP::SOUTHBRIDGE::ASIO::UART_WRAP[6]::UART_TX_CFG.SHIM_FIFO_PTRS @ 0x20a0d9018
CHIP::SOUTHBRIDGE::ASIO::UART_WRAP[6]::UART_TX_CFG.SHIM_FIFO_COUNT @ 0x20a0d901c
CHIP::SOUTHBRIDGE::ASIO::UART_WRAP[6]::UART_RX_CFG.DEV_XFER @ 0x20a0d9800
CHIP::SOUTHBRIDGE::ASIO::UART_WRAP[6]::UART_RX_CFG.DMA_TIMEOUT @ 0x20a0d9804
CHIP::SOUTHBRIDGE::ASIO::UART_WRAP[6]::UART_RX_CFG.SHIM_FIFO_ALLOCATION @ 0x20a0d9808
CHIP::SOUTHBRIDGE::ASIO::UART_WRAP[6]::UART_RX_CFG.SHIM_FIFO_TRIGGER @ 0x20a0d980c
CHIP::SOUTHBRIDGE::ASIO::UART_WRAP[6]::UART_RX_CFG.CHANNEL_RESET_N @ 0x20a0d9810
CHIP::SOUTHBRIDGE::ASIO::UART_WRAP[6]::UART_RX_CFG.CHANNEL_ENABLE @ 0x20a0d9814
CHIP::SOUTHBRIDGE::ASIO::UART_WRAP[6]::UART_RX_CFG.SHIM_FIFO_PTRS @ 0x20a0d9818
CHIP::SOUTHBRIDGE::ASIO::UART_WRAP[6]::UART_RX_CFG.SHIM_FIFO_COUNT @ 0x20a0d981c
CHIP::SOUTHBRIDGE::ASIO::UART_WRAP[6]::UART_TX_FIFO.FIFO @ 0x20a0da000
CHIP::SOUTHBRIDGE::ASIO::UART_WRAP[6]::UART_RX_FIFO.FIFO @ 0x20a0db000
CHIP::SOUTHBRIDGE::ASIO::UART_WRAP[7]::UART.ULCON @ 0x20a0dc000
CHIP::SOUTHBRIDGE::ASIO::UART_WRAP[7]::UART.UCON @ 0x20a0dc004
CHIP::SOUTHBRIDGE::ASIO::UART_WRAP[7]::UART.UFCON @ 0x20a0dc008
CHIP::SOUTHBRIDGE::ASIO::UART_WRAP[7]::UART.UMCON @ 0x20a0dc00c
CHIP::SOUTHBRIDGE::ASIO::UART_WRAP[7]::UART.UTRSTAT @ 0x20a0dc010
CHIP::SOUTHBRIDGE::ASIO::UART_WRAP[7]::UART.UERSTAT @ 0x20a0dc014
CHIP::SOUTHBRIDGE::ASIO::UART_WRAP[7]::UART.UFSTAT @ 0x20a0dc018
CHIP::SOUTHBRIDGE::ASIO::UART_WRAP[7]::UART.UMSTAT @ 0x20a0dc01c
CHIP::SOUTHBRIDGE::ASIO::UART_WRAP[7]::UART.UTXH @ 0x20a0dc020
CHIP::SOUTHBRIDGE::ASIO::UART_WRAP[7]::UART.URXH @ 0x20a0dc024
CHIP::SOUTHBRIDGE::ASIO::UART_WRAP[7]::UART.UBRDIV @ 0x20a0dc028
CHIP::SOUTHBRIDGE::ASIO::UART_WRAP[7]::UART.UABRCNT @ 0x20a0dc02c
CHIP::SOUTHBRIDGE::ASIO::UART_WRAP[7]::UART.UTXOFFSET @ 0x20a0dc034
CHIP::SOUTHBRIDGE::ASIO::UART_WRAP[7]::UART.URXOFFSET @ 0x20a0dc038
CHIP::SOUTHBRIDGE::ASIO::UART_WRAP[7]::UART.UVER @ 0x20a0dc03c
CHIP::SOUTHBRIDGE::ASIO::UART_WRAP[7]::UART_TX_CFG.DEV_XFER @ 0x20a0dd000
CHIP::SOUTHBRIDGE::ASIO::UART_WRAP[7]::UART_TX_CFG.DMA_TIMEOUT @ 0x20a0dd004
CHIP::SOUTHBRIDGE::ASIO::UART_WRAP[7]::UART_TX_CFG.SHIM_FIFO_ALLOCATION @ 0x20a0dd008
CHIP::SOUTHBRIDGE::ASIO::UART_WRAP[7]::UART_TX_CFG.SHIM_FIFO_TRIGGER @ 0x20a0dd00c
CHIP::SOUTHBRIDGE::ASIO::UART_WRAP[7]::UART_TX_CFG.CHANNEL_RESET_N @ 0x20a0dd010
CHIP::SOUTHBRIDGE::ASIO::UART_WRAP[7]::UART_TX_CFG.CHANNEL_ENABLE @ 0x20a0dd014
CHIP::SOUTHBRIDGE::ASIO::UART_WRAP[7]::UART_TX_CFG.SHIM_FIFO_PTRS @ 0x20a0dd018
CHIP::SOUTHBRIDGE::ASIO::UART_WRAP[7]::UART_TX_CFG.SHIM_FIFO_COUNT @ 0x20a0dd01c
CHIP::SOUTHBRIDGE::ASIO::UART_WRAP[7]::UART_RX_CFG.DEV_XFER @ 0x20a0dd800
CHIP::SOUTHBRIDGE::ASIO::UART_WRAP[7]::UART_RX_CFG.DMA_TIMEOUT @ 0x20a0dd804
CHIP::SOUTHBRIDGE::ASIO::UART_WRAP[7]::UART_RX_CFG.SHIM_FIFO_ALLOCATION @ 0x20a0dd808
CHIP::SOUTHBRIDGE::ASIO::UART_WRAP[7]::UART_RX_CFG.SHIM_FIFO_TRIGGER @ 0x20a0dd80c
CHIP::SOUTHBRIDGE::ASIO::UART_WRAP[7]::UART_RX_CFG.CHANNEL_RESET_N @ 0x20a0dd810
CHIP::SOUTHBRIDGE::ASIO::UART_WRAP[7]::UART_RX_CFG.CHANNEL_ENABLE @ 0x20a0dd814
CHIP::SOUTHBRIDGE::ASIO::UART_WRAP[7]::UART_RX_CFG.SHIM_FIFO_PTRS @ 0x20a0dd818
CHIP::SOUTHBRIDGE::ASIO::UART_WRAP[7]::UART_RX_CFG.SHIM_FIFO_COUNT @ 0x20a0dd81c
CHIP::SOUTHBRIDGE::ASIO::UART_WRAP[7]::UART_TX_FIFO.FIFO @ 0x20a0de000
CHIP::SOUTHBRIDGE::ASIO::UART_WRAP[7]::UART_RX_FIFO.FIFO @ 0x20a0df000
CHIP::SOUTHBRIDGE::ASIO::UART_WRAP[8]::UART.ULCON @ 0x20a0e0000
CHIP::SOUTHBRIDGE::ASIO::UART_WRAP[8]::UART.UCON @ 0x20a0e0004
CHIP::SOUTHBRIDGE::ASIO::UART_WRAP[8]::UART.UFCON @ 0x20a0e0008
CHIP::SOUTHBRIDGE::ASIO::UART_WRAP[8]::UART.UMCON @ 0x20a0e000c
CHIP::SOUTHBRIDGE::ASIO::UART_WRAP[8]::UART.UTRSTAT @ 0x20a0e0010
CHIP::SOUTHBRIDGE::ASIO::UART_WRAP[8]::UART.UERSTAT @ 0x20a0e0014
CHIP::SOUTHBRIDGE::ASIO::UART_WRAP[8]::UART.UFSTAT @ 0x20a0e0018
CHIP::SOUTHBRIDGE::ASIO::UART_WRAP[8]::UART.UMSTAT @ 0x20a0e001c
CHIP::SOUTHBRIDGE::ASIO::UART_WRAP[8]::UART.UTXH @ 0x20a0e0020
CHIP::SOUTHBRIDGE::ASIO::UART_WRAP[8]::UART.URXH @ 0x20a0e0024
CHIP::SOUTHBRIDGE::ASIO::UART_WRAP[8]::UART.UBRDIV @ 0x20a0e0028
CHIP::SOUTHBRIDGE::ASIO::UART_WRAP[8]::UART.UABRCNT @ 0x20a0e002c
CHIP::SOUTHBRIDGE::ASIO::UART_WRAP[8]::UART.UTXOFFSET @ 0x20a0e0034
CHIP::SOUTHBRIDGE::ASIO::UART_WRAP[8]::UART.URXOFFSET @ 0x20a0e0038
CHIP::SOUTHBRIDGE::ASIO::UART_WRAP[8]::UART.UVER @ 0x20a0e003c
CHIP::SOUTHBRIDGE::ASIO::UART_WRAP[8]::UART_TX_CFG.DEV_XFER @ 0x20a0e1000
CHIP::SOUTHBRIDGE::ASIO::UART_WRAP[8]::UART_TX_CFG.DMA_TIMEOUT @ 0x20a0e1004
CHIP::SOUTHBRIDGE::ASIO::UART_WRAP[8]::UART_TX_CFG.SHIM_FIFO_ALLOCATION @ 0x20a0e1008
CHIP::SOUTHBRIDGE::ASIO::UART_WRAP[8]::UART_TX_CFG.SHIM_FIFO_TRIGGER @ 0x20a0e100c
CHIP::SOUTHBRIDGE::ASIO::UART_WRAP[8]::UART_TX_CFG.CHANNEL_RESET_N @ 0x20a0e1010
CHIP::SOUTHBRIDGE::ASIO::UART_WRAP[8]::UART_TX_CFG.CHANNEL_ENABLE @ 0x20a0e1014
CHIP::SOUTHBRIDGE::ASIO::UART_WRAP[8]::UART_TX_CFG.SHIM_FIFO_PTRS @ 0x20a0e1018
CHIP::SOUTHBRIDGE::ASIO::UART_WRAP[8]::UART_TX_CFG.SHIM_FIFO_COUNT @ 0x20a0e101c
CHIP::SOUTHBRIDGE::ASIO::UART_WRAP[8]::UART_RX_CFG.DEV_XFER @ 0x20a0e1800
CHIP::SOUTHBRIDGE::ASIO::UART_WRAP[8]::UART_RX_CFG.DMA_TIMEOUT @ 0x20a0e1804
CHIP::SOUTHBRIDGE::ASIO::UART_WRAP[8]::UART_RX_CFG.SHIM_FIFO_ALLOCATION @ 0x20a0e1808
CHIP::SOUTHBRIDGE::ASIO::UART_WRAP[8]::UART_RX_CFG.SHIM_FIFO_TRIGGER @ 0x20a0e180c
CHIP::SOUTHBRIDGE::ASIO::UART_WRAP[8]::UART_RX_CFG.CHANNEL_RESET_N @ 0x20a0e1810
CHIP::SOUTHBRIDGE::ASIO::UART_WRAP[8]::UART_RX_CFG.CHANNEL_ENABLE @ 0x20a0e1814
CHIP::SOUTHBRIDGE::ASIO::UART_WRAP[8]::UART_RX_CFG.SHIM_FIFO_PTRS @ 0x20a0e1818
CHIP::SOUTHBRIDGE::ASIO::UART_WRAP[8]::UART_RX_CFG.SHIM_FIFO_COUNT @ 0x20a0e181c
CHIP::SOUTHBRIDGE::ASIO::UART_WRAP[8]::UART_TX_FIFO.FIFO @ 0x20a0e2000
CHIP::SOUTHBRIDGE::ASIO::UART_WRAP[8]::UART_RX_FIFO.FIFO @ 0x20a0e3000
CHIP::SOUTHBRIDGE::ASIO::MISC1.TLIMIT @ 0x20a100000
CHIP::SOUTHBRIDGE::ASIO::MISC1.CLOCK_CONTROL @ 0x20a100004
CHIP::SOUTHBRIDGE::ASIO::MISC1.AXI_ERROR_STATUS @ 0x20a100008
CHIP::SOUTHBRIDGE::ASIO::MISC1.AXIW_ERROR_LOG @ 0x20a10000c
CHIP::SOUTHBRIDGE::ASIO::MISC1.AXIR_ERROR_LOG @ 0x20a100010
CHIP::SOUTHBRIDGE::ASIO::MISC1.TIMEOUT_BASE @ 0x20a100800
CHIP::SOUTHBRIDGE::ASIO::AES.AES_VERSION @ 0x20a108000
CHIP::SOUTHBRIDGE::ASIO::AES.AES_CONFIG @ 0x20a108004
CHIP::SOUTHBRIDGE::ASIO::AES.AES_CONTROL @ 0x20a108008
CHIP::SOUTHBRIDGE::ASIO::AES.AES_STATUS @ 0x20a10800c
CHIP::SOUTHBRIDGE::ASIO::AES.AES_KEY_ID @ 0x20a108010
CHIP::SOUTHBRIDGE::ASIO::AES.AES_AXI_STATUS @ 0x20a108014
CHIP::SOUTHBRIDGE::ASIO::AES.AES_INT_STATUS @ 0x20a108018
CHIP::SOUTHBRIDGE::ASIO::AES.AES_INT_ENABLE @ 0x20a10801c
CHIP::SOUTHBRIDGE::ASIO::AES.AES_WATERMARKS @ 0x20a108020
CHIP::SOUTHBRIDGE::ASIO::AES.AES_COMMAND_FIFO_STATUS @ 0x20a108024
CHIP::SOUTHBRIDGE::ASIO::AES.AES_HISTORY_FIFO_STATUS @ 0x20a108028
CHIP::SOUTHBRIDGE::ASIO::AES.AES_COMMAND_FIFO_COUNT @ 0x20a10802c
CHIP::SOUTHBRIDGE::ASIO::AES.AES_FLAG_COMMAND @ 0x20a108030
CHIP::SOUTHBRIDGE::ASIO::AES.AES_SKG_KEY @ 0x20a108034
CHIP::SOUTHBRIDGE::ASIO::AES.AES_COMMAND_FIFO @ 0x20a108100
CHIP::SOUTHBRIDGE::ASIO::AES.AES_HISTORY_FIFO @ 0x20a108200
CHIP::SOUTHBRIDGE::ASIO::ASIO_SMB[0].SMB_SMBREGS_MTXFIFO @ 0x20a110000
CHIP::SOUTHBRIDGE::ASIO::ASIO_SMB[0].SMB_SMBREGS_MRXFIFO @ 0x20a110004
CHIP::SOUTHBRIDGE::ASIO::ASIO_SMB[0].SMB_SMBREGS_MCNT @ 0x20a110008
CHIP::SOUTHBRIDGE::ASIO::ASIO_SMB[0].SMB_SMBREGS_XFSTA @ 0x20a11000c
CHIP::SOUTHBRIDGE::ASIO::ASIO_SMB[0].SMB_SMBREGS_SADDR @ 0x20a110010
CHIP::SOUTHBRIDGE::ASIO::ASIO_SMB[0].SMB_SMBREGS_SMSTA @ 0x20a110014
CHIP::SOUTHBRIDGE::ASIO::ASIO_SMB[0].SMB_SMBREGS_IMASK @ 0x20a110018
CHIP::SOUTHBRIDGE::ASIO::ASIO_SMB[0].SMB_SMBREGS_CTL @ 0x20a11001c
CHIP::SOUTHBRIDGE::ASIO::ASIO_SMB[0].SMB_SMBREGS_STXFIFO @ 0x20a110020
CHIP::SOUTHBRIDGE::ASIO::ASIO_SMB[0].SMB_SMBREGS_SRXFIFO @ 0x20a110024
CHIP::SOUTHBRIDGE::ASIO::ASIO_SMB[0].SMB_SMBREGS_VERSION @ 0x20a110028
CHIP::SOUTHBRIDGE::ASIO::ASIO_SMB[0].SMB_SMBREGS_TRIGGER_LEVEL @ 0x20a11002c
CHIP::SOUTHBRIDGE::ASIO::ASIO_SMB[0].SMB_SMBREGS_TBUF @ 0x20a110030
CHIP::SOUTHBRIDGE::ASIO::ASIO_SMB[0].SMB_SMBREGS_TBJM_THIGH @ 0x20a110034
CHIP::SOUTHBRIDGE::ASIO::ASIO_SMB[0].SMB_SMBREGS_FILTER @ 0x20a110038
CHIP::SOUTHBRIDGE::ASIO::ASIO_SMB[0].SMB_SMBREGS_TTIMEOUT @ 0x20a11003c
CHIP::SOUTHBRIDGE::ASIO::ASIO_SMB[1].SMB_SMBREGS_MTXFIFO @ 0x20a111000
CHIP::SOUTHBRIDGE::ASIO::ASIO_SMB[1].SMB_SMBREGS_MRXFIFO @ 0x20a111004
CHIP::SOUTHBRIDGE::ASIO::ASIO_SMB[1].SMB_SMBREGS_MCNT @ 0x20a111008
CHIP::SOUTHBRIDGE::ASIO::ASIO_SMB[1].SMB_SMBREGS_XFSTA @ 0x20a11100c
CHIP::SOUTHBRIDGE::ASIO::ASIO_SMB[1].SMB_SMBREGS_SADDR @ 0x20a111010
CHIP::SOUTHBRIDGE::ASIO::ASIO_SMB[1].SMB_SMBREGS_SMSTA @ 0x20a111014
CHIP::SOUTHBRIDGE::ASIO::ASIO_SMB[1].SMB_SMBREGS_IMASK @ 0x20a111018
CHIP::SOUTHBRIDGE::ASIO::ASIO_SMB[1].SMB_SMBREGS_CTL @ 0x20a11101c
CHIP::SOUTHBRIDGE::ASIO::ASIO_SMB[1].SMB_SMBREGS_STXFIFO @ 0x20a111020
CHIP::SOUTHBRIDGE::ASIO::ASIO_SMB[1].SMB_SMBREGS_SRXFIFO @ 0x20a111024
CHIP::SOUTHBRIDGE::ASIO::ASIO_SMB[1].SMB_SMBREGS_VERSION @ 0x20a111028
CHIP::SOUTHBRIDGE::ASIO::ASIO_SMB[1].SMB_SMBREGS_TRIGGER_LEVEL @ 0x20a11102c
CHIP::SOUTHBRIDGE::ASIO::ASIO_SMB[1].SMB_SMBREGS_TBUF @ 0x20a111030
CHIP::SOUTHBRIDGE::ASIO::ASIO_SMB[1].SMB_SMBREGS_TBJM_THIGH @ 0x20a111034
CHIP::SOUTHBRIDGE::ASIO::ASIO_SMB[1].SMB_SMBREGS_FILTER @ 0x20a111038
CHIP::SOUTHBRIDGE::ASIO::ASIO_SMB[1].SMB_SMBREGS_TTIMEOUT @ 0x20a11103c
CHIP::SOUTHBRIDGE::ASIO::ASIO_SMB[2].SMB_SMBREGS_MTXFIFO @ 0x20a112000
CHIP::SOUTHBRIDGE::ASIO::ASIO_SMB[2].SMB_SMBREGS_MRXFIFO @ 0x20a112004
CHIP::SOUTHBRIDGE::ASIO::ASIO_SMB[2].SMB_SMBREGS_MCNT @ 0x20a112008
CHIP::SOUTHBRIDGE::ASIO::ASIO_SMB[2].SMB_SMBREGS_XFSTA @ 0x20a11200c
CHIP::SOUTHBRIDGE::ASIO::ASIO_SMB[2].SMB_SMBREGS_SADDR @ 0x20a112010
CHIP::SOUTHBRIDGE::ASIO::ASIO_SMB[2].SMB_SMBREGS_SMSTA @ 0x20a112014
CHIP::SOUTHBRIDGE::ASIO::ASIO_SMB[2].SMB_SMBREGS_IMASK @ 0x20a112018
CHIP::SOUTHBRIDGE::ASIO::ASIO_SMB[2].SMB_SMBREGS_CTL @ 0x20a11201c
CHIP::SOUTHBRIDGE::ASIO::ASIO_SMB[2].SMB_SMBREGS_STXFIFO @ 0x20a112020
CHIP::SOUTHBRIDGE::ASIO::ASIO_SMB[2].SMB_SMBREGS_SRXFIFO @ 0x20a112024
CHIP::SOUTHBRIDGE::ASIO::ASIO_SMB[2].SMB_SMBREGS_VERSION @ 0x20a112028
CHIP::SOUTHBRIDGE::ASIO::ASIO_SMB[2].SMB_SMBREGS_TRIGGER_LEVEL @ 0x20a11202c
CHIP::SOUTHBRIDGE::ASIO::ASIO_SMB[2].SMB_SMBREGS_TBUF @ 0x20a112030
CHIP::SOUTHBRIDGE::ASIO::ASIO_SMB[2].SMB_SMBREGS_TBJM_THIGH @ 0x20a112034
CHIP::SOUTHBRIDGE::ASIO::ASIO_SMB[2].SMB_SMBREGS_FILTER @ 0x20a112038
CHIP::SOUTHBRIDGE::ASIO::ASIO_SMB[2].SMB_SMBREGS_TTIMEOUT @ 0x20a11203c
CHIP::SOUTHBRIDGE::ASIO::ASIO_SMB[3].SMB_SMBREGS_MTXFIFO @ 0x20a113000
CHIP::SOUTHBRIDGE::ASIO::ASIO_SMB[3].SMB_SMBREGS_MRXFIFO @ 0x20a113004
CHIP::SOUTHBRIDGE::ASIO::ASIO_SMB[3].SMB_SMBREGS_MCNT @ 0x20a113008
CHIP::SOUTHBRIDGE::ASIO::ASIO_SMB[3].SMB_SMBREGS_XFSTA @ 0x20a11300c
CHIP::SOUTHBRIDGE::ASIO::ASIO_SMB[3].SMB_SMBREGS_SADDR @ 0x20a113010
CHIP::SOUTHBRIDGE::ASIO::ASIO_SMB[3].SMB_SMBREGS_SMSTA @ 0x20a113014
CHIP::SOUTHBRIDGE::ASIO::ASIO_SMB[3].SMB_SMBREGS_IMASK @ 0x20a113018
CHIP::SOUTHBRIDGE::ASIO::ASIO_SMB[3].SMB_SMBREGS_CTL @ 0x20a11301c
CHIP::SOUTHBRIDGE::ASIO::ASIO_SMB[3].SMB_SMBREGS_STXFIFO @ 0x20a113020
CHIP::SOUTHBRIDGE::ASIO::ASIO_SMB[3].SMB_SMBREGS_SRXFIFO @ 0x20a113024
CHIP::SOUTHBRIDGE::ASIO::ASIO_SMB[3].SMB_SMBREGS_VERSION @ 0x20a113028
CHIP::SOUTHBRIDGE::ASIO::ASIO_SMB[3].SMB_SMBREGS_TRIGGER_LEVEL @ 0x20a11302c
CHIP::SOUTHBRIDGE::ASIO::ASIO_SMB[3].SMB_SMBREGS_TBUF @ 0x20a113030
CHIP::SOUTHBRIDGE::ASIO::ASIO_SMB[3].SMB_SMBREGS_TBJM_THIGH @ 0x20a113034
CHIP::SOUTHBRIDGE::ASIO::ASIO_SMB[3].SMB_SMBREGS_FILTER @ 0x20a113038
CHIP::SOUTHBRIDGE::ASIO::ASIO_SMB[3].SMB_SMBREGS_TTIMEOUT @ 0x20a11303c
CHIP::SOUTHBRIDGE::ASIO::PWM.PWM0_HI_TIME @ 0x20a118000
CHIP::SOUTHBRIDGE::ASIO::PWM.PWM0_LO_TIME @ 0x20a118004
CHIP::SOUTHBRIDGE::ASIO::PWM.PWM1_HI_TIME @ 0x20a118008
CHIP::SOUTHBRIDGE::ASIO::PWM.PWM1_LO_TIME @ 0x20a11800c
CHIP::SOUTHBRIDGE::ASIO::PWM.PWM2_HI_TIME @ 0x20a118010
CHIP::SOUTHBRIDGE::ASIO::PWM.PWM2_LO_TIME @ 0x20a118014
CHIP::SOUTHBRIDGE::ASIO::PWM.PWM0_CONTROL @ 0x20a118018
CHIP::SOUTHBRIDGE::ASIO::PWM.PWM1_CONTROL @ 0x20a11801c
CHIP::SOUTHBRIDGE::ASIO::PWM.PWM2_CONTROL @ 0x20a118020
CHIP::SOUTHBRIDGE::ASIO::PWM.PWM0_HI_COUNT @ 0x20a118024
CHIP::SOUTHBRIDGE::ASIO::PWM.PWM0_LO_COUNT @ 0x20a118028
CHIP::SOUTHBRIDGE::ASIO::PWM.PWM1_HI_COUNT @ 0x20a11802c
CHIP::SOUTHBRIDGE::ASIO::PWM.PWM1_LO_COUNT @ 0x20a118030
CHIP::SOUTHBRIDGE::ASIO::PWM.PWM2_HI_COUNT @ 0x20a118034
CHIP::SOUTHBRIDGE::ASIO::PWM.PWM2_LO_COUNT @ 0x20a118038
CHIP::SOUTHBRIDGE::ASIO::ASIO_PL301.QOSTIDEMI_0 @ 0x20a140400
CHIP::SOUTHBRIDGE::ASIO::ASIO_PL301.QOSACMI_0 @ 0x20a140404
CHIP::SOUTHBRIDGE::ASIO::ASIO_PL301.ARCHANARBMI_0 @ 0x20a140408
CHIP::SOUTHBRIDGE::ASIO::ASIO_PL301.AWCHANARBMI_0 @ 0x20a14040c
CHIP::SOUTHBRIDGE::ASIO::ASIO_PL301.QOSTIDEMI_1 @ 0x20a140420
CHIP::SOUTHBRIDGE::ASIO::ASIO_PL301.QOSACMI_1 @ 0x20a140424
CHIP::SOUTHBRIDGE::ASIO::ASIO_PL301.ARCHANARBMI_1 @ 0x20a140428
CHIP::SOUTHBRIDGE::ASIO::ASIO_PL301.AWCHANARBMI_1 @ 0x20a14042c
CHIP::SOUTHBRIDGE::ASIO::ASIO_PL301.PCCONF0 @ 0x20a140fc0
CHIP::SOUTHBRIDGE::ASIO::ASIO_PL301.PCCONF1 @ 0x20a140fc4
CHIP::SOUTHBRIDGE::ASIO::ASIO_PL301.PCCONF2 @ 0x20a140fc8
CHIP::SOUTHBRIDGE::ASIO::ASIO_PL301.PCCONF3 @ 0x20a140fcc
CHIP::SOUTHBRIDGE::ASIO::ASIO_PL301.PCPERIPH0 @ 0x20a140fe0
CHIP::SOUTHBRIDGE::ASIO::ASIO_PL301.PCPERIPH1 @ 0x20a140fe4
CHIP::SOUTHBRIDGE::ASIO::ASIO_PL301.PCPERIPH2 @ 0x20a140fe8
CHIP::SOUTHBRIDGE::ASIO::ASIO_PL301.PCPERIPH3 @ 0x20a140fec
CHIP::SOUTHBRIDGE::ASIO::ASIO_PL301.PCID0 @ 0x20a140ff0
CHIP::SOUTHBRIDGE::ASIO::ASIO_PL301.PCID1 @ 0x20a140ff4
CHIP::SOUTHBRIDGE::ASIO::ASIO_PL301.PCID2 @ 0x20a140ff8
CHIP::SOUTHBRIDGE::ASIO::ASIO_PL301.PCID3 @ 0x20a140ffc
CHIP::SOUTHBRIDGE::ASIO::ASIO_PL301_AES.BOGUS @ 0x20a141000
CHIP::SOUTHBRIDGE::ASIO::ASIO_DOWNSIZER[0].DNSZ_AXI_FN_MOD2 @ 0x20a142024
CHIP::SOUTHBRIDGE::ASIO::ASIO_DOWNSIZER[1].DNSZ_AXI_FN_MOD2 @ 0x20a143024
CHIP::SOUTHBRIDGE::ASIO::ASIO_INTR2AXI.INTERRUPT_FILTER_0 @ 0x20a144000
CHIP::SOUTHBRIDGE::ASIO::ASIO_INTR2AXI.CURRENT_STATUS_0 @ 0x20a144040
CHIP::SOUTHBRIDGE::ASIO::ASIO_INTR2AXI.FORCE_UPDATE @ 0x20a144080
CHIP::SOUTHBRIDGE::ASIO::ASIO_INTR2AXI.IDLE @ 0x20a144084
CHIP::SOUTHBRIDGE::ASIO::ASIO_AKF.AKFAPB_AKF_REV @ 0x20ae00000
CHIP::SOUTHBRIDGE::ASIO::ASIO_AKF.AKFAPB_AKF_CTRL @ 0x20ae00004
CHIP::SOUTHBRIDGE::ASIO::ASIO_AKF.AKFAPB_AKF_AXI_BASE @ 0x20ae00008
CHIP::SOUTHBRIDGE::ASIO::ASIO_AKF.AKFAPB_AKF_AXI_BASE_EXT @ 0x20ae00010
CHIP::SOUTHBRIDGE::ASIO::ASIO_AKF.AKFAPB_AKF_AXI_START @ 0x20ae00018
CHIP::SOUTHBRIDGE::ASIO::ASIO_AKF.AKFAPB_AKF_AXI_START_EXT @ 0x20ae00020
CHIP::SOUTHBRIDGE::ASIO::ASIO_AKF.AKFAPB_AKF_AXI_END @ 0x20ae00028
CHIP::SOUTHBRIDGE::ASIO::ASIO_AKF.AKFAPB_AKF_AXI_END_EXT @ 0x20ae00030
CHIP::SOUTHBRIDGE::ASIO::ASIO_AKF.AKFAPB_AKF_AXI_EN @ 0x20ae00038
CHIP::SOUTHBRIDGE::ASIO::ASIO_AKF.AKFAPB_AKF_IDLE_CTRL @ 0x20ae00040
CHIP::SOUTHBRIDGE::ASIO::ASIO_AKF.AKFAPB_AKF_CPU_CTRL @ 0x20ae00044
CHIP::SOUTHBRIDGE::ASIO::ASIO_AKF.AKFAPB_AKF_IDLE_STATUS @ 0x20ae00048
CHIP::SOUTHBRIDGE::ASIO::ASIO_AKF.AKFAPB_AKF_KIC_CAP0 @ 0x20ae00800
CHIP::SOUTHBRIDGE::ASIO::ASIO_AKF.AKFAPB_AKF_KIC_CAP1 @ 0x20ae00804
CHIP::SOUTHBRIDGE::ASIO::ASIO_AKF.AKFAPB_AKF_KIC_GLB_RESET @ 0x20ae00808
CHIP::SOUTHBRIDGE::ASIO::ASIO_AKF.AKFAPB_AKF_KIC_GLB_CFG @ 0x20ae0080c
CHIP::SOUTHBRIDGE::ASIO::ASIO_AKF.AKFAPB_AKF_KIC_IACK @ 0x20ae0081c
CHIP::SOUTHBRIDGE::ASIO::ASIO_AKF.AKFAPB_AKF_KIC_SW_GEN_SET @ 0x20ae00900
CHIP::SOUTHBRIDGE::ASIO::ASIO_AKF.AKFAPB_AKF_KIC_SW_GEN_CLR @ 0x20ae00980
CHIP::SOUTHBRIDGE::ASIO::ASIO_AKF.AKFAPB_AKF_KIC_INT_MSK_SET @ 0x20ae00a00
CHIP::SOUTHBRIDGE::ASIO::ASIO_AKF.AKFAPB_AKF_KIC_INT_MSK_CLR @ 0x20ae00a80
CHIP::SOUTHBRIDGE::ASIO::ASIO_AKF.AKFAPB_AKF_KIC_HWINTMON @ 0x20ae00b00
CHIP::SOUTHBRIDGE::ASIO::ASIO_AKF.AKFAPB_AKF_KIC_MAILBOX_SET @ 0x20ae00b80
CHIP::SOUTHBRIDGE::ASIO::ASIO_AKF.AKFAPB_AKF_KIC_MAILBOX_CLR @ 0x20ae00b84
CHIP::SOUTHBRIDGE::ASIO::ASIO_AKF.AKFAPB_AKF_KIC_INBOX_CTRL @ 0x20ae00b88
CHIP::SOUTHBRIDGE::ASIO::ASIO_AKF.AKFAPB_AKF_KIC_INBOX_WR_L @ 0x20ae00b90
CHIP::SOUTHBRIDGE::ASIO::ASIO_AKF.AKFAPB_AKF_KIC_INBOX_WR_H @ 0x20ae00b94
CHIP::SOUTHBRIDGE::ASIO::ASIO_AKF.AKFAPB_AKF_KIC_INBOX_RD_L @ 0x20ae00b98
CHIP::SOUTHBRIDGE::ASIO::ASIO_AKF.AKFAPB_AKF_KIC_INBOX_RD_H @ 0x20ae00b9c
CHIP::SOUTHBRIDGE::ASIO::ASIO_AKF.AKFAPB_AKF_KIC_OUTBOX_CTRL @ 0x20ae00ba0
CHIP::SOUTHBRIDGE::ASIO::ASIO_AKF.AKFAPB_AKF_KIC_OUTBOX_WR_L @ 0x20ae00bb0
CHIP::SOUTHBRIDGE::ASIO::ASIO_AKF.AKFAPB_AKF_KIC_OUTBOX_WR_H @ 0x20ae00bb4
CHIP::SOUTHBRIDGE::ASIO::ASIO_AKF.AKFAPB_AKF_KIC_OUTBOX_RD_L @ 0x20ae00bb8
CHIP::SOUTHBRIDGE::ASIO::ASIO_AKF.AKFAPB_AKF_KIC_OUTBOX_RD_H @ 0x20ae00bbc
CHIP::SOUTHBRIDGE::ASIO::ASIO_AKF.AKFAPB_AKF_KIC_MAILBOX_EXT_SET @ 0x20ae00c00
CHIP::SOUTHBRIDGE::ASIO::ASIO_AKF.AKFAPB_AKF_KIC_MAILBOX_EXT_CLR @ 0x20ae00c04
CHIP::SOUTHBRIDGE::ASIO::ASIO_AKF.AKFAPB_AKF_AP_MAILBOX_SET @ 0x20ae04000
CHIP::SOUTHBRIDGE::ASIO::ASIO_AKF.AKFAPB_AKF_AP_MAILBOX_CLR @ 0x20ae04004
CHIP::SOUTHBRIDGE::ASIO::ASIO_AKF.AKFAPB_AKF_AP_INBOX_CTRL @ 0x20ae04008
CHIP::SOUTHBRIDGE::ASIO::ASIO_AKF.AKFAPB_AKF_AP_INBOX_WR_L @ 0x20ae04010
CHIP::SOUTHBRIDGE::ASIO::ASIO_AKF.AKFAPB_AKF_AP_INBOX_WR_H @ 0x20ae04014
CHIP::SOUTHBRIDGE::ASIO::ASIO_AKF.AKFAPB_AKF_AP_INBOX_RD_L @ 0x20ae04018
CHIP::SOUTHBRIDGE::ASIO::ASIO_AKF.AKFAPB_AKF_AP_INBOX_RD_H @ 0x20ae0401c
CHIP::SOUTHBRIDGE::ASIO::ASIO_AKF.AKFAPB_AKF_AP_OUTBOX_CTRL @ 0x20ae04020
CHIP::SOUTHBRIDGE::ASIO::ASIO_AKF.AKFAPB_AKF_AP_OUTBOX_WR_L @ 0x20ae04030
CHIP::SOUTHBRIDGE::ASIO::ASIO_AKF.AKFAPB_AKF_AP_OUTBOX_WR_H @ 0x20ae04034
CHIP::SOUTHBRIDGE::ASIO::ASIO_AKF.AKFAPB_AKF_AP_OUTBOX_RD_L @ 0x20ae04038
CHIP::SOUTHBRIDGE::ASIO::ASIO_AKF.AKFAPB_AKF_AP_OUTBOX_RD_H @ 0x20ae0403c
CHIP::SOUTHBRIDGE::ASIO::ASIO_AKF.AKFAPB_AKF_AP_IDLE_STATUS @ 0x20ae04040
CHIP::SOUTHBRIDGE::ASIO::ASIO_AKF.AKFAPB_AKF_EXT_SW_GEN_SET @ 0x20ae08000
CHIP::SOUTHBRIDGE::ASIO::ASIO_AKF.AKFAPB_AKF_EXT_SW_GEN_CLR @ 0x20ae08080
CHIP::SOUTHBRIDGE::ASIO::ASIO_AKF.AKFN_AKF_KIC_TMR_CFG @ 0x20ae0c000
CHIP::SOUTHBRIDGE::ASIO::ASIO_AKF.AKFN_AKF_KIC_TMR_START @ 0x20ae0c008
CHIP::SOUTHBRIDGE::ASIO::ASIO_AKF.AKFN_AKF_KIC_TMR_CNT @ 0x20ae0c010
CHIP::SOUTHBRIDGE::ASIO::ASIO_AKF.AKFN_AKF_KIC_TMR_ISR @ 0x20ae0c018
CHIP::SOUTHBRIDGE::ASIO::ASIO_AKF.AKFN_AKF_KIC_TMR_STATE_SET @ 0x20ae0c020
CHIP::SOUTHBRIDGE::ASIO::ASIO_AKF.AKFN_AKF_KIC_TMR_STATE_CLR @ 0x20ae0c028
CHIP::SOUTHBRIDGE::ASIO::ASIO_AKF.AKFN_AKF_KIC_GLB_TIME_BASE_LO @ 0x20ae0c030
CHIP::SOUTHBRIDGE::ASIO::ASIO_AKF.AKFN_AKF_KIC_GLB_TIME_BASE_HI @ 0x20ae0c038
CHIP::SOUTHBRIDGE::ASIO::ASIO_AKF.AKFN_AKF_EVENT_TMR @ 0x20ae0c040
CHIP::SOUTHBRIDGE::ASIO::ASIO_AKF.AKFN_AKF_EVENT_PERIOD @ 0x20ae0c044
CHIP::SOUTHBRIDGE::ASIO::ASIO_AKF.AKFN_AKF_EVENT_CTL @ 0x20ae0c048
CHIP::SOUTHBRIDGE::ASIO::ASIO_KF_DEBUG::AKF_CPU.DUMMY @ 0x20ae20000
CHIP::SOUTHBRIDGE::ASIO::ASIO_KF_DEBUG::AKF_CTI[0].DUMMY @ 0x20ae24000
CHIP::SOUTHBRIDGE::ASIO::ASIO_KF_DEBUG::AKF_CTI[1].DUMMY @ 0x20ae28000
CHIP::SOUTHBRIDGE::ASIO::ASIO_KF_DEBUG::AKF_ETM.DUMMY @ 0x20ae2c000
CHIP::SOUTHBRIDGE::ASIO::ASIO_KF_DEBUG::AKF_ETB.DUMMY @ 0x20ae30000
CHIP::SOUTHBRIDGE::AUSB::AUSBCTLREG.USB2HOST0_CTL @ 0x20c000000
CHIP::SOUTHBRIDGE::AUSB::AUSBCTLREG.USB2HOST0_CFG @ 0x20c000004
CHIP::SOUTHBRIDGE::AUSB::AUSBCTLREG.USB2HOST0OHCI_CTL @ 0x20c000008
CHIP::SOUTHBRIDGE::AUSB::AUSBCTLREG.USB2HOST1_CTL @ 0x20c000010
CHIP::SOUTHBRIDGE::AUSB::AUSBCTLREG.USB2HOST1_CFG @ 0x20c000014
CHIP::SOUTHBRIDGE::AUSB::AUSBCTLREG.USB2HOST2_CTL @ 0x20c000018
CHIP::SOUTHBRIDGE::AUSB::AUSBCTLREG.USB2HOST2_CFG @ 0x20c00001c
CHIP::SOUTHBRIDGE::AUSB::AUSBCTLREG.OTG_CFG @ 0x20c000020
CHIP::SOUTHBRIDGE::AUSB::AUSBCTLREG.RESUME_INTR @ 0x20c000024
CHIP::SOUTHBRIDGE::AUSB::AUSBCTLREG.RESUME_DLY_CNT_CTL @ 0x20c000028
CHIP::SOUTHBRIDGE::AUSB::AUSBCTLREG.RESUME_DLY_CNT_VAL @ 0x20c00002c
CHIP::SOUTHBRIDGE::AUSB::AUSBCTLREG.USB20PHY_CTL @ 0x20c000030
CHIP::SOUTHBRIDGE::AUSB::AUSBCTLREG.USB20PHY_OTG_SIG @ 0x20c000034
CHIP::SOUTHBRIDGE::AUSB::AUSBCTLREG.USB20PHY_CFG0 @ 0x20c000038
CHIP::SOUTHBRIDGE::AUSB::AUSBCTLREG.USB20PHY_CFG1 @ 0x20c00003c
CHIP::SOUTHBRIDGE::AUSB::AUSBCTLREG.USB20PHY_BAT_CTL @ 0x20c000040
CHIP::SOUTHBRIDGE::AUSB::AUSBCTLREG.USB20PHY_TEST @ 0x20c00004c
CHIP::SOUTHBRIDGE::AUSB::AUSBCTLREG.HSIC0PHY_CTL @ 0x20c000050
CHIP::SOUTHBRIDGE::AUSB::AUSBCTLREG.HSIC0PHY_SIG @ 0x20c000054
CHIP::SOUTHBRIDGE::AUSB::AUSBCTLREG.HSIC0PHY_CFG @ 0x20c000058
CHIP::SOUTHBRIDGE::AUSB::AUSBCTLREG.HSIC0PHY_TEST @ 0x20c00005c
CHIP::SOUTHBRIDGE::AUSB::AUSBCTLREG.HSIC1PHY_CTL @ 0x20c000060
CHIP::SOUTHBRIDGE::AUSB::AUSBCTLREG.HSIC1PHY_SIG @ 0x20c000064
CHIP::SOUTHBRIDGE::AUSB::AUSBCTLREG.HSIC1PHY_CFG @ 0x20c000068
CHIP::SOUTHBRIDGE::AUSB::AUSBCTLREG.HSIC1PHY_TEST @ 0x20c00006c
CHIP::SOUTHBRIDGE::AUSB::AUSBCTLREG.RESERVED_REG @ 0x20c0000f0
CHIP::SOUTHBRIDGE::AUSB::AUSBCTLREG.AUSB_REV @ 0x20c0000f8
CHIP::SOUTHBRIDGE::AUSB::OTG.OTG_GOTGCTL @ 0x20c100000
CHIP::SOUTHBRIDGE::AUSB::OTG.OTG_GOTGINT @ 0x20c100004
CHIP::SOUTHBRIDGE::AUSB::OTG.OTG_GAHBCFG @ 0x20c100008
CHIP::SOUTHBRIDGE::AUSB::OTG.OTG_GUSBCFG @ 0x20c10000c
CHIP::SOUTHBRIDGE::AUSB::OTG.OTG_GRSTCTL @ 0x20c100010
CHIP::SOUTHBRIDGE::AUSB::OTG.OTG_GINTSTS @ 0x20c100014
CHIP::SOUTHBRIDGE::AUSB::OTG.OTG_GINTMSK @ 0x20c100018
CHIP::SOUTHBRIDGE::AUSB::OTG.OTG_GRXSTSR @ 0x20c10001c
CHIP::SOUTHBRIDGE::AUSB::OTG.OTG_GRXSTSP @ 0x20c100020
CHIP::SOUTHBRIDGE::AUSB::OTG.OTG_GRXFSIZ @ 0x20c100024
CHIP::SOUTHBRIDGE::AUSB::OTG.OTG_GNPTXFSIZ @ 0x20c100028
CHIP::SOUTHBRIDGE::AUSB::OTG.OTG_GPVNDCTL @ 0x20c100034
CHIP::SOUTHBRIDGE::AUSB::OTG.OTG_GPIO @ 0x20c100038
CHIP::SOUTHBRIDGE::AUSB::OTG.OTG_GSNPSID @ 0x20c100040
CHIP::SOUTHBRIDGE::AUSB::OTG.OTG_GHWCFG1 @ 0x20c100044
CHIP::SOUTHBRIDGE::AUSB::OTG.OTG_GHWCFG2 @ 0x20c100048
CHIP::SOUTHBRIDGE::AUSB::OTG.OTG_GHWCFG3 @ 0x20c10004c
CHIP::SOUTHBRIDGE::AUSB::OTG.OTG_GHWCFG4 @ 0x20c100050
CHIP::SOUTHBRIDGE::AUSB::OTG.OTG_GDFIFOCFG @ 0x20c10005c
CHIP::SOUTHBRIDGE::AUSB::OTG.OTG_DIEPTXF1 @ 0x20c100104
CHIP::SOUTHBRIDGE::AUSB::OTG.OTG_DIEPTXF2 @ 0x20c100108
CHIP::SOUTHBRIDGE::AUSB::OTG.OTG_DIEPTXF3 @ 0x20c10010c
CHIP::SOUTHBRIDGE::AUSB::OTG.OTG_DIEPTXF4 @ 0x20c100110
CHIP::SOUTHBRIDGE::AUSB::OTG.OTG_DIEPTXF5 @ 0x20c100114
CHIP::SOUTHBRIDGE::AUSB::OTG.OTG_DIEPTXF6 @ 0x20c100118
CHIP::SOUTHBRIDGE::AUSB::OTG.OTG_DCFG @ 0x20c100800
CHIP::SOUTHBRIDGE::AUSB::OTG.OTG_DCTL @ 0x20c100804
CHIP::SOUTHBRIDGE::AUSB::OTG.OTG_DSTS @ 0x20c100808
CHIP::SOUTHBRIDGE::AUSB::OTG.OTG_DIEPMSK @ 0x20c100810
CHIP::SOUTHBRIDGE::AUSB::OTG.OTG_DOEPMSK @ 0x20c100814
CHIP::SOUTHBRIDGE::AUSB::OTG.OTG_DAINT @ 0x20c100818
CHIP::SOUTHBRIDGE::AUSB::OTG.OTG_DAINTMSK @ 0x20c10081c
CHIP::SOUTHBRIDGE::AUSB::OTG.OTG_DVBUSDIS @ 0x20c100828
CHIP::SOUTHBRIDGE::AUSB::OTG.OTG_DVBUSPULSE @ 0x20c10082c
CHIP::SOUTHBRIDGE::AUSB::OTG.OTG_DTHRCTL @ 0x20c100830
CHIP::SOUTHBRIDGE::AUSB::OTG.OTG_DIEPEMPMSK @ 0x20c100834
CHIP::SOUTHBRIDGE::AUSB::OTG.OTG_DEACHINT @ 0x20c100838
CHIP::SOUTHBRIDGE::AUSB::OTG.OTG_DEACHINTMSK @ 0x20c10083c
CHIP::SOUTHBRIDGE::AUSB::OTG.OTG_DIEPEACHMSK0 @ 0x20c100840
CHIP::SOUTHBRIDGE::AUSB::OTG.OTG_DIEPEACHMSK1 @ 0x20c100844
CHIP::SOUTHBRIDGE::AUSB::OTG.OTG_DIEPEACHMSK3 @ 0x20c10084c
CHIP::SOUTHBRIDGE::AUSB::OTG.OTG_DIEPEACHMSK5 @ 0x20c100854
CHIP::SOUTHBRIDGE::AUSB::OTG.OTG_DIEPEACHMSK6 @ 0x20c100858
CHIP::SOUTHBRIDGE::AUSB::OTG.OTG_DIEPEACHMSK7 @ 0x20c10085c
CHIP::SOUTHBRIDGE::AUSB::OTG.OTG_DIEPEACHMSK8 @ 0x20c100860
CHIP::SOUTHBRIDGE::AUSB::OTG.OTG_DOEPEACHMSK0 @ 0x20c100880
CHIP::SOUTHBRIDGE::AUSB::OTG.OTG_DOEPEACHMSK2 @ 0x20c100888
CHIP::SOUTHBRIDGE::AUSB::OTG.OTG_DOEPEACHMSK4 @ 0x20c100890
CHIP::SOUTHBRIDGE::AUSB::OTG.OTG_DOEPEACHMSK5 @ 0x20c100894
CHIP::SOUTHBRIDGE::AUSB::OTG.OTG_DOEPEACHMSK6 @ 0x20c100898
CHIP::SOUTHBRIDGE::AUSB::OTG.OTG_DOEPEACHMSK7 @ 0x20c10089c
CHIP::SOUTHBRIDGE::AUSB::OTG.OTG_DOEPEACHMSK8 @ 0x20c1008a0
CHIP::SOUTHBRIDGE::AUSB::OTG.OTG_DIEPCTL0 @ 0x20c100900
CHIP::SOUTHBRIDGE::AUSB::OTG.OTG_DIEPINT0 @ 0x20c100908
CHIP::SOUTHBRIDGE::AUSB::OTG.OTG_DIEPTSIZ0 @ 0x20c100910
CHIP::SOUTHBRIDGE::AUSB::OTG.OTG_DIEPDMA0 @ 0x20c100914
CHIP::SOUTHBRIDGE::AUSB::OTG.OTG_DTXFSTS0 @ 0x20c100918
CHIP::SOUTHBRIDGE::AUSB::OTG.OTG_DIEPDMAB0 @ 0x20c10091c
CHIP::SOUTHBRIDGE::AUSB::OTG.OTG_DIEPCTL1 @ 0x20c100920
CHIP::SOUTHBRIDGE::AUSB::OTG.OTG_DIEPINT1 @ 0x20c100928
CHIP::SOUTHBRIDGE::AUSB::OTG.OTG_DIEPTSIZ1 @ 0x20c100930
CHIP::SOUTHBRIDGE::AUSB::OTG.OTG_DIEPDMA1 @ 0x20c100934
CHIP::SOUTHBRIDGE::AUSB::OTG.OTG_DTXFSTS1 @ 0x20c100938
CHIP::SOUTHBRIDGE::AUSB::OTG.OTG_DIEPDMAB1 @ 0x20c10093c
CHIP::SOUTHBRIDGE::AUSB::OTG.OTG_DIEPCTL3 @ 0x20c100960
CHIP::SOUTHBRIDGE::AUSB::OTG.OTG_DIEPINT3 @ 0x20c100968
CHIP::SOUTHBRIDGE::AUSB::OTG.OTG_DIEPTSIZ3 @ 0x20c100970
CHIP::SOUTHBRIDGE::AUSB::OTG.OTG_DIEPDMA3 @ 0x20c100974
CHIP::SOUTHBRIDGE::AUSB::OTG.OTG_DTXFSTS3 @ 0x20c100978
CHIP::SOUTHBRIDGE::AUSB::OTG.OTG_DIEPDMAB3 @ 0x20c10097c
CHIP::SOUTHBRIDGE::AUSB::OTG.OTG_DIEPCTL5 @ 0x20c1009a0
CHIP::SOUTHBRIDGE::AUSB::OTG.OTG_DIEPINT5 @ 0x20c1009a8
CHIP::SOUTHBRIDGE::AUSB::OTG.OTG_DIEPTSIZ5 @ 0x20c1009b0
CHIP::SOUTHBRIDGE::AUSB::OTG.OTG_DIEPDMA5 @ 0x20c1009b4
CHIP::SOUTHBRIDGE::AUSB::OTG.OTG_DTXFSTS5 @ 0x20c1009b8
CHIP::SOUTHBRIDGE::AUSB::OTG.OTG_DIEPDMAB5 @ 0x20c1009bc
CHIP::SOUTHBRIDGE::AUSB::OTG.OTG_DIEPCTL6 @ 0x20c1009c0
CHIP::SOUTHBRIDGE::AUSB::OTG.OTG_DIEPINT6 @ 0x20c1009c8
CHIP::SOUTHBRIDGE::AUSB::OTG.OTG_DIEPTSIZ6 @ 0x20c1009d0
CHIP::SOUTHBRIDGE::AUSB::OTG.OTG_DIEPDMA6 @ 0x20c1009d4
CHIP::SOUTHBRIDGE::AUSB::OTG.OTG_DTXFSTS6 @ 0x20c1009d8
CHIP::SOUTHBRIDGE::AUSB::OTG.OTG_DIEPDMAB6 @ 0x20c1009dc
CHIP::SOUTHBRIDGE::AUSB::OTG.OTG_DIEPCTL7 @ 0x20c1009e0
CHIP::SOUTHBRIDGE::AUSB::OTG.OTG_DIEPINT7 @ 0x20c1009e8
CHIP::SOUTHBRIDGE::AUSB::OTG.OTG_DIEPTSIZ7 @ 0x20c1009f0
CHIP::SOUTHBRIDGE::AUSB::OTG.OTG_DIEPDMA7 @ 0x20c1009f4
CHIP::SOUTHBRIDGE::AUSB::OTG.OTG_DTXFSTS7 @ 0x20c1009f8
CHIP::SOUTHBRIDGE::AUSB::OTG.OTG_DIEPDMAB7 @ 0x20c1009fc
CHIP::SOUTHBRIDGE::AUSB::OTG.OTG_DIEPCTL8 @ 0x20c100a00
CHIP::SOUTHBRIDGE::AUSB::OTG.OTG_DIEPINT8 @ 0x20c100a08
CHIP::SOUTHBRIDGE::AUSB::OTG.OTG_DIEPTSIZ8 @ 0x20c100a10
CHIP::SOUTHBRIDGE::AUSB::OTG.OTG_DIEPDMA8 @ 0x20c100a14
CHIP::SOUTHBRIDGE::AUSB::OTG.OTG_DTXFSTS8 @ 0x20c100a18
CHIP::SOUTHBRIDGE::AUSB::OTG.OTG_DIEPDMAB8 @ 0x20c100a1c
CHIP::SOUTHBRIDGE::AUSB::OTG.OTG_DOEPCTL0 @ 0x20c100b00
CHIP::SOUTHBRIDGE::AUSB::OTG.OTG_DOEPINT0 @ 0x20c100b08
CHIP::SOUTHBRIDGE::AUSB::OTG.OTG_DOEPTSIZ0 @ 0x20c100b10
CHIP::SOUTHBRIDGE::AUSB::OTG.OTG_DOEPDMA0 @ 0x20c100b14
CHIP::SOUTHBRIDGE::AUSB::OTG.OTG_DOEPDMAB0 @ 0x20c100b1c
CHIP::SOUTHBRIDGE::AUSB::OTG.OTG_DOEPCTL2 @ 0x20c100b40
CHIP::SOUTHBRIDGE::AUSB::OTG.OTG_DOEPINT2 @ 0x20c100b48
CHIP::SOUTHBRIDGE::AUSB::OTG.OTG_DOEPTSIZ2 @ 0x20c100b50
CHIP::SOUTHBRIDGE::AUSB::OTG.OTG_DOEPDMA2 @ 0x20c100b54
CHIP::SOUTHBRIDGE::AUSB::OTG.OTG_DOEPDMAB2 @ 0x20c100b5c
CHIP::SOUTHBRIDGE::AUSB::OTG.OTG_DOEPCTL4 @ 0x20c100b80
CHIP::SOUTHBRIDGE::AUSB::OTG.OTG_DOEPINT4 @ 0x20c100b88
CHIP::SOUTHBRIDGE::AUSB::OTG.OTG_DOEPTSIZ4 @ 0x20c100b90
CHIP::SOUTHBRIDGE::AUSB::OTG.OTG_DOEPDMA4 @ 0x20c100b94
CHIP::SOUTHBRIDGE::AUSB::OTG.OTG_DOEPDMAB4 @ 0x20c100b9c
CHIP::SOUTHBRIDGE::AUSB::OTG.OTG_DOEPCTL5 @ 0x20c100ba0
CHIP::SOUTHBRIDGE::AUSB::OTG.OTG_DOEPINT5 @ 0x20c100ba8
CHIP::SOUTHBRIDGE::AUSB::OTG.OTG_DOEPTSIZ5 @ 0x20c100bb0
CHIP::SOUTHBRIDGE::AUSB::OTG.OTG_DOEPDMA5 @ 0x20c100bb4
CHIP::SOUTHBRIDGE::AUSB::OTG.OTG_DOEPDMAB5 @ 0x20c100bbc
CHIP::SOUTHBRIDGE::AUSB::OTG.OTG_DOEPCTL6 @ 0x20c100bc0
CHIP::SOUTHBRIDGE::AUSB::OTG.OTG_DOEPINT6 @ 0x20c100bc8
CHIP::SOUTHBRIDGE::AUSB::OTG.OTG_DOEPTSIZ6 @ 0x20c100bd0
CHIP::SOUTHBRIDGE::AUSB::OTG.OTG_DOEPDMA6 @ 0x20c100bd4
CHIP::SOUTHBRIDGE::AUSB::OTG.OTG_DOEPDMAB6 @ 0x20c100bdc
CHIP::SOUTHBRIDGE::AUSB::OTG.OTG_DOEPCTL7 @ 0x20c100be0
CHIP::SOUTHBRIDGE::AUSB::OTG.OTG_DOEPINT7 @ 0x20c100be8
CHIP::SOUTHBRIDGE::AUSB::OTG.OTG_DOEPTSIZ7 @ 0x20c100bf0
CHIP::SOUTHBRIDGE::AUSB::OTG.OTG_DOEPDMA7 @ 0x20c100bf4
CHIP::SOUTHBRIDGE::AUSB::OTG.OTG_DOEPDMAB7 @ 0x20c100bfc
CHIP::SOUTHBRIDGE::AUSB::OTG.OTG_DOEPCTL8 @ 0x20c100c00
CHIP::SOUTHBRIDGE::AUSB::OTG.OTG_DOEPINT8 @ 0x20c100c08
CHIP::SOUTHBRIDGE::AUSB::OTG.OTG_DOEPTSIZ8 @ 0x20c100c10
CHIP::SOUTHBRIDGE::AUSB::OTG.OTG_DOEPDMA8 @ 0x20c100c14
CHIP::SOUTHBRIDGE::AUSB::OTG.OTG_DOEPDMAB8 @ 0x20c100c1c
CHIP::SOUTHBRIDGE::AUSB::OTG.OTG_DOEPDMAB9 @ 0x20c100c3c
CHIP::SOUTHBRIDGE::AUSB::OTG.OTG_DOEPDMAB10 @ 0x20c100c5c
CHIP::SOUTHBRIDGE::AUSB::OTG.OTG_DOEPDMAB11 @ 0x20c100c7c
CHIP::SOUTHBRIDGE::AUSB::OTG.OTG_DOEPDMAB12 @ 0x20c100c9c
CHIP::SOUTHBRIDGE::AUSB::OTG.OTG_DOEPDMAB13 @ 0x20c100cbc
CHIP::SOUTHBRIDGE::AUSB::OTG.OTG_DOEPDMAB14 @ 0x20c100cdc
CHIP::SOUTHBRIDGE::AUSB::OTG.OTG_DOEPDMAB15 @ 0x20c100cfc
CHIP::SOUTHBRIDGE::AUSB::OTG.OTG_PCGCCTL @ 0x20c100e00
CHIP::SOUTHBRIDGE::AUSB::OTG.OTG_OTG_DEBUG_1000 @ 0x20c101000
CHIP::SOUTHBRIDGE::AUSB::OTG.OTG_OTG_DEBUG_1004 @ 0x20c101004
CHIP::SOUTHBRIDGE::AUSB::OTG.OTG_OTG_DEBUG_20000 @ 0x20c120000
CHIP::SOUTHBRIDGE::AUSB::OTG.OTG_OTG_DEBUG_20004 @ 0x20c120004
CHIP::SOUTHBRIDGE::AUSB::USB2HOST0_EHCI.HCCAPBASE @ 0x20c200000
CHIP::SOUTHBRIDGE::AUSB::USB2HOST0_EHCI.HCSPARAMS @ 0x20c200004
CHIP::SOUTHBRIDGE::AUSB::USB2HOST0_EHCI.HCCPARAMS @ 0x20c200008
CHIP::SOUTHBRIDGE::AUSB::USB2HOST0_EHCI.USBCMD @ 0x20c200010
CHIP::SOUTHBRIDGE::AUSB::USB2HOST0_EHCI.USBSTS @ 0x20c200014
CHIP::SOUTHBRIDGE::AUSB::USB2HOST0_EHCI.USBINTR @ 0x20c200018
CHIP::SOUTHBRIDGE::AUSB::USB2HOST0_EHCI.FRINDEX @ 0x20c20001c
CHIP::SOUTHBRIDGE::AUSB::USB2HOST0_EHCI.CTRLDSSEGMENT @ 0x20c200020
CHIP::SOUTHBRIDGE::AUSB::USB2HOST0_EHCI.PERIODICLISTBASE @ 0x20c200024
CHIP::SOUTHBRIDGE::AUSB::USB2HOST0_EHCI.ASYNCLISTADDR @ 0x20c200028
CHIP::SOUTHBRIDGE::AUSB::USB2HOST0_EHCI.CONFIGFLAG @ 0x20c200050
CHIP::SOUTHBRIDGE::AUSB::USB2HOST0_EHCI.PORTSC_0 @ 0x20c200054
CHIP::SOUTHBRIDGE::AUSB::USB2HOST0_EHCI.INSNREG00 @ 0x20c200090
CHIP::SOUTHBRIDGE::AUSB::USB2HOST0_EHCI.INSNREG01 @ 0x20c200094
CHIP::SOUTHBRIDGE::AUSB::USB2HOST0_EHCI.INSNREG02 @ 0x20c200098
CHIP::SOUTHBRIDGE::AUSB::USB2HOST0_EHCI.INSNREG03 @ 0x20c20009c
CHIP::SOUTHBRIDGE::AUSB::USB2HOST0_EHCI.INSNREG04 @ 0x20c2000a0
CHIP::SOUTHBRIDGE::AUSB::USB2HOST0_EHCI.INSNREG05 @ 0x20c2000a4
CHIP::SOUTHBRIDGE::AUSB::USB2HOST0_EHCI.INSNREG06 @ 0x20c2000a8
CHIP::SOUTHBRIDGE::AUSB::USB2HOST0_EHCI.INSNREG07 @ 0x20c2000ac
CHIP::SOUTHBRIDGE::AUSB::USB2HOST0_EHCI.INSNREG08 @ 0x20c2000b0
CHIP::SOUTHBRIDGE::AUSB::USB2HOST0_OHCI.HCREVISION @ 0x20c300000
CHIP::SOUTHBRIDGE::AUSB::USB2HOST0_OHCI.HCCONTROL @ 0x20c300004
CHIP::SOUTHBRIDGE::AUSB::USB2HOST0_OHCI.HCCOMMANDSTATUS @ 0x20c300008
CHIP::SOUTHBRIDGE::AUSB::USB2HOST0_OHCI.HCINTERRUPTSTATUS @ 0x20c30000c
CHIP::SOUTHBRIDGE::AUSB::USB2HOST0_OHCI.HCINTERRUPTENABLE @ 0x20c300010
CHIP::SOUTHBRIDGE::AUSB::USB2HOST0_OHCI.HCINTERRUPTDISABLE @ 0x20c300014
CHIP::SOUTHBRIDGE::AUSB::USB2HOST0_OHCI.HCHCCA @ 0x20c300018
CHIP::SOUTHBRIDGE::AUSB::USB2HOST0_OHCI.HCPERIODCURRENTED @ 0x20c30001c
CHIP::SOUTHBRIDGE::AUSB::USB2HOST0_OHCI.HCCONTROLHEADED @ 0x20c300020
CHIP::SOUTHBRIDGE::AUSB::USB2HOST0_OHCI.HCCONTROLCURRENTED @ 0x20c300024
CHIP::SOUTHBRIDGE::AUSB::USB2HOST0_OHCI.HCBULKHEADED @ 0x20c300028
CHIP::SOUTHBRIDGE::AUSB::USB2HOST0_OHCI.HCBULKCURRENTED @ 0x20c30002c
CHIP::SOUTHBRIDGE::AUSB::USB2HOST0_OHCI.HCDONEHEAD @ 0x20c300030
CHIP::SOUTHBRIDGE::AUSB::USB2HOST0_OHCI.HCFMINTERVAL @ 0x20c300034
CHIP::SOUTHBRIDGE::AUSB::USB2HOST0_OHCI.HCFMREMAINING @ 0x20c300038
CHIP::SOUTHBRIDGE::AUSB::USB2HOST0_OHCI.HCFMNUMBER @ 0x20c30003c
CHIP::SOUTHBRIDGE::AUSB::USB2HOST0_OHCI.HCPERIODICSTART @ 0x20c300040
CHIP::SOUTHBRIDGE::AUSB::USB2HOST0_OHCI.HCLSTHRESHOLD @ 0x20c300044
CHIP::SOUTHBRIDGE::AUSB::USB2HOST0_OHCI.HCRHDESCRIPTORA @ 0x20c300048
CHIP::SOUTHBRIDGE::AUSB::USB2HOST0_OHCI.HCRHDESCRIPTORB @ 0x20c30004c
CHIP::SOUTHBRIDGE::AUSB::USB2HOST0_OHCI.HCRHSTATUS @ 0x20c300050
CHIP::SOUTHBRIDGE::AUSB::USB2HOST0_OHCI.HCRHPORTSTATUS_1 @ 0x20c300054
CHIP::SOUTHBRIDGE::AUSB::USB2HOST0_OHCI.OHCI_INSNREG06 @ 0x20c300098
CHIP::SOUTHBRIDGE::AUSB::USB2HOST0_OHCI.OHCI_INSNREG07 @ 0x20c30009c
CHIP::SOUTHBRIDGE::AUSB::USB2HOST1_EHCI.HCCAPBASE @ 0x20c400000
CHIP::SOUTHBRIDGE::AUSB::USB2HOST1_EHCI.HCSPARAMS @ 0x20c400004
CHIP::SOUTHBRIDGE::AUSB::USB2HOST1_EHCI.HCCPARAMS @ 0x20c400008
CHIP::SOUTHBRIDGE::AUSB::USB2HOST1_EHCI.USBCMD @ 0x20c400010
CHIP::SOUTHBRIDGE::AUSB::USB2HOST1_EHCI.USBSTS @ 0x20c400014
CHIP::SOUTHBRIDGE::AUSB::USB2HOST1_EHCI.USBINTR @ 0x20c400018
CHIP::SOUTHBRIDGE::AUSB::USB2HOST1_EHCI.FRINDEX @ 0x20c40001c
CHIP::SOUTHBRIDGE::AUSB::USB2HOST1_EHCI.CTRLDSSEGMENT @ 0x20c400020
CHIP::SOUTHBRIDGE::AUSB::USB2HOST1_EHCI.PERIODICLISTBASE @ 0x20c400024
CHIP::SOUTHBRIDGE::AUSB::USB2HOST1_EHCI.ASYNCLISTADDR @ 0x20c400028
CHIP::SOUTHBRIDGE::AUSB::USB2HOST1_EHCI.CONFIGFLAG @ 0x20c400050
CHIP::SOUTHBRIDGE::AUSB::USB2HOST1_EHCI.PORTSC_0 @ 0x20c400054
CHIP::SOUTHBRIDGE::AUSB::USB2HOST1_EHCI.INSNREG00 @ 0x20c400090
CHIP::SOUTHBRIDGE::AUSB::USB2HOST1_EHCI.INSNREG01 @ 0x20c400094
CHIP::SOUTHBRIDGE::AUSB::USB2HOST1_EHCI.INSNREG02 @ 0x20c400098
CHIP::SOUTHBRIDGE::AUSB::USB2HOST1_EHCI.INSNREG03 @ 0x20c40009c
CHIP::SOUTHBRIDGE::AUSB::USB2HOST1_EHCI.INSNREG04 @ 0x20c4000a0
CHIP::SOUTHBRIDGE::AUSB::USB2HOST1_EHCI.INSNREG05 @ 0x20c4000a4
CHIP::SOUTHBRIDGE::AUSB::USB2HOST1_EHCI.INSNREG06 @ 0x20c4000a8
CHIP::SOUTHBRIDGE::AUSB::USB2HOST1_EHCI.INSNREG07 @ 0x20c4000ac
CHIP::SOUTHBRIDGE::AUSB::USB2HOST1_EHCI.INSNREG08 @ 0x20c4000b0
CHIP::SOUTHBRIDGE::AUSB::USB2HOST2_EHCI.HCCAPBASE @ 0x20c500000
CHIP::SOUTHBRIDGE::AUSB::USB2HOST2_EHCI.HCSPARAMS @ 0x20c500004
CHIP::SOUTHBRIDGE::AUSB::USB2HOST2_EHCI.HCCPARAMS @ 0x20c500008
CHIP::SOUTHBRIDGE::AUSB::USB2HOST2_EHCI.USBCMD @ 0x20c500010
CHIP::SOUTHBRIDGE::AUSB::USB2HOST2_EHCI.USBSTS @ 0x20c500014
CHIP::SOUTHBRIDGE::AUSB::USB2HOST2_EHCI.USBINTR @ 0x20c500018
CHIP::SOUTHBRIDGE::AUSB::USB2HOST2_EHCI.FRINDEX @ 0x20c50001c
CHIP::SOUTHBRIDGE::AUSB::USB2HOST2_EHCI.CTRLDSSEGMENT @ 0x20c500020
CHIP::SOUTHBRIDGE::AUSB::USB2HOST2_EHCI.PERIODICLISTBASE @ 0x20c500024
CHIP::SOUTHBRIDGE::AUSB::USB2HOST2_EHCI.ASYNCLISTADDR @ 0x20c500028
CHIP::SOUTHBRIDGE::AUSB::USB2HOST2_EHCI.CONFIGFLAG @ 0x20c500050
CHIP::SOUTHBRIDGE::AUSB::USB2HOST2_EHCI.PORTSC_0 @ 0x20c500054
CHIP::SOUTHBRIDGE::AUSB::USB2HOST2_EHCI.INSNREG00 @ 0x20c500090
CHIP::SOUTHBRIDGE::AUSB::USB2HOST2_EHCI.INSNREG01 @ 0x20c500094
CHIP::SOUTHBRIDGE::AUSB::USB2HOST2_EHCI.INSNREG02 @ 0x20c500098
CHIP::SOUTHBRIDGE::AUSB::USB2HOST2_EHCI.INSNREG03 @ 0x20c50009c
CHIP::SOUTHBRIDGE::AUSB::USB2HOST2_EHCI.INSNREG04 @ 0x20c5000a0
CHIP::SOUTHBRIDGE::AUSB::USB2HOST2_EHCI.INSNREG05 @ 0x20c5000a4
CHIP::SOUTHBRIDGE::AUSB::USB2HOST2_EHCI.INSNREG06 @ 0x20c5000a8
CHIP::SOUTHBRIDGE::AUSB::USB2HOST2_EHCI.INSNREG07 @ 0x20c5000ac
CHIP::SOUTHBRIDGE::AUSB::USB2HOST2_EHCI.INSNREG08 @ 0x20c5000b0
CHIP::SOUTHBRIDGE::AUSB::AUSBPL301.AUSB_QOSTIDEMI @ 0x20c800400
CHIP::SOUTHBRIDGE::AUSB::AUSBPL301.AUSB_QOSACMI @ 0x20c800404
CHIP::SOUTHBRIDGE::AUSB::AUSBPL301.AUSB_ARCHANARBMI @ 0x20c800408
CHIP::SOUTHBRIDGE::AUSB::AUSBPL301.AUSB_AWCHANARBMI @ 0x20c80040c
CHIP::SOUTHBRIDGE::AUSB::AUSBPL301.AUSB_PCCONF0 @ 0x20c800fc0
CHIP::SOUTHBRIDGE::AUSB::AUSBPL301.AUSB_PCCONF1 @ 0x20c800fc4
CHIP::SOUTHBRIDGE::AUSB::AUSBPL301.AUSB_PCCONF2 @ 0x20c800fc8
CHIP::SOUTHBRIDGE::AUSB::AUSBPL301.AUSB_PCCONF3 @ 0x20c800fcc
CHIP::SOUTHBRIDGE::AUSB::AUSBPL301.AUSB_PCPERIPH0 @ 0x20c800fe0
CHIP::SOUTHBRIDGE::AUSB::AUSBPL301.AUSB_PCPERIPH1 @ 0x20c800fe4
CHIP::SOUTHBRIDGE::AUSB::AUSBPL301.AUSB_PCPERIPH2 @ 0x20c800fe8
CHIP::SOUTHBRIDGE::AUSB::AUSBPL301.AUSB_PCPERIPH3 @ 0x20c800fec
CHIP::SOUTHBRIDGE::AUSB::AUSBPL301.AUSB_PCID0 @ 0x20c800ff0
CHIP::SOUTHBRIDGE::AUSB::AUSBPL301.AUSB_PCID1 @ 0x20c800ff4
CHIP::SOUTHBRIDGE::AUSB::AUSBPL301.AUSB_PCID2 @ 0x20c800ff8
CHIP::SOUTHBRIDGE::AUSB::AUSBPL301.AUSB_PCID3 @ 0x20c800ffc
CHIP::SOUTHBRIDGE::AUSB::AUSBPL301_WIDGETS.USBOTGQOS @ 0x20c900014
CHIP::SOUTHBRIDGE::AUSB::AUSBPL301_WIDGETS.USBOTGCACHE @ 0x20c900018
CHIP::SOUTHBRIDGE::AUSB::AUSBPL301_WIDGETS.USBOTGADDR @ 0x20c90001c
CHIP::SOUTHBRIDGE::AUSB::AUSBPL301_WIDGETS.USB2HOST0EHCIQOS @ 0x20c900034
CHIP::SOUTHBRIDGE::AUSB::AUSBPL301_WIDGETS.USB2HOST0EHCICACHE @ 0x20c900038
CHIP::SOUTHBRIDGE::AUSB::AUSBPL301_WIDGETS.USB2HOST0EHCIADDR @ 0x20c90003c
CHIP::SOUTHBRIDGE::AUSB::AUSBPL301_WIDGETS.USB2HOST0OHCIQOS @ 0x20c900054
CHIP::SOUTHBRIDGE::AUSB::AUSBPL301_WIDGETS.USB2HOST0OHCICACHE @ 0x20c900058
CHIP::SOUTHBRIDGE::AUSB::AUSBPL301_WIDGETS.USB2HOST0OHCIADDR @ 0x20c90005c
CHIP::SOUTHBRIDGE::AUSB::AUSBPL301_WIDGETS.USB2HOST1EHCIQOS @ 0x20c900074
CHIP::SOUTHBRIDGE::AUSB::AUSBPL301_WIDGETS.USB2HOST1EHCICACHE @ 0x20c900078
CHIP::SOUTHBRIDGE::AUSB::AUSBPL301_WIDGETS.USB2HOST1EHCIADDR @ 0x20c90007c
CHIP::SOUTHBRIDGE::AUSB::AUSBPL301_WIDGETS.USB2HOST2EHCIQOS @ 0x20c900094
CHIP::SOUTHBRIDGE::AUSB::AUSBPL301_WIDGETS.USB2HOST2EHCICACHE @ 0x20c900098
CHIP::SOUTHBRIDGE::AUSB::AUSBPL301_WIDGETS.USB2HOST2EHCIADDR @ 0x20c90009c
CHIP::SOUTHBRIDGE::AUSB::AUSB_INTR2AXI.INTERRUPT_FILTER_0 @ 0x20ca00000
CHIP::SOUTHBRIDGE::AUSB::AUSB_INTR2AXI.CURRENT_STATUS_0 @ 0x20ca00040
CHIP::SOUTHBRIDGE::AUSB::AUSB_INTR2AXI.FORCE_UPDATE @ 0x20ca00080
CHIP::SOUTHBRIDGE::AUSB::AUSB_INTR2AXI.IDLE @ 0x20ca00084
CHIP::SOUTHBRIDGE::AUSB::AUSBASYNCFIFO_WIDGETS.AUSB_RD_RATE_LIMIT @ 0x20cb00000
CHIP::SOUTHBRIDGE::AUSB::AUSBASYNCFIFO_WIDGETS.AUSBWRALIMIT @ 0x20cb00004
CHIP::SOUTHBRIDGE::AUSB::AUSBASYNCFIFO_WIDGETS.AUSBRTRLIMIT @ 0x20cb00008
CHIP::SOUTHBRIDGE::AUSB::AUSBASYNCFIFO_WIDGETS.AUSBWTRLIMIT @ 0x20cb0000c
CHIP::SOUTHBRIDGE::AUSB::AUSBASYNCFIFO_WIDGETS.AUSBWGATHER @ 0x20cb00010
CHIP::SOUTHBRIDGE::ASEP_TOP::ASEP_ROM.SEP_ROM_BOOT_ROM @ 0x20d000000
CHIP::SOUTHBRIDGE::ASEP_TOP::ASEP.PWR_CTRL @ 0x20d200000
CHIP::SOUTHBRIDGE::ASEP_TOP::ASEP.AES0_PS @ 0x20d200004
CHIP::SOUTHBRIDGE::ASEP_TOP::ASEP.AES1_PS @ 0x20d200008
CHIP::SOUTHBRIDGE::ASEP_TOP::ASEP.AES2_PS @ 0x20d20000c
CHIP::SOUTHBRIDGE::ASEP_TOP::ASEP.PKA_PS @ 0x20d200010
CHIP::SOUTHBRIDGE::ASEP_TOP::ASEP.RNG_PS @ 0x20d200014
CHIP::SOUTHBRIDGE::ASEP_TOP::ASEP.ROM_PS @ 0x20d200018
CHIP::SOUTHBRIDGE::ASEP_TOP::ASEP.SHA2_PS @ 0x20d20001c
CHIP::SOUTHBRIDGE::ASEP_TOP::ASEP.RAM_PS @ 0x20d200020
CHIP::SOUTHBRIDGE::ASEP_TOP::ASEP.I2C_PS @ 0x20d200024
CHIP::SOUTHBRIDGE::ASEP_TOP::ASEP.DEMOTE @ 0x20d200028
CHIP::SOUTHBRIDGE::ASEP_TOP::ASEP.DEBUG_RNG @ 0x20d20002c
CHIP::SOUTHBRIDGE::ASEP_TOP::ASEP.RNG_STATE @ 0x20d200030
CHIP::SOUTHBRIDGE::ASEP_TOP::ASEP.ROM_CTRL @ 0x20d200034
CHIP::SOUTHBRIDGE::ASEP_TOP::ASEP.ACG_CTRL @ 0x20d200038
CHIP::SOUTHBRIDGE::ASEP_TOP::ASEP.CPM_CFG @ 0x20d20003c
CHIP::SOUTHBRIDGE::ASEP_TOP::ASEP.SPI0_PS @ 0x20d200040
CHIP::SOUTHBRIDGE::ASEP_TOP::ASEP.SPI1_PS @ 0x20d200044
CHIP::SOUTHBRIDGE::ASEP_TOP::ASEP.KEY_PS @ 0x20d200048
CHIP::SOUTHBRIDGE::ASEP_TOP::ASEP.RTC @ 0x20d20004c
CHIP::SOUTHBRIDGE::ASEP_TOP::ASEP_AES0.AES_SEP_VERSION @ 0x20d300000
CHIP::SOUTHBRIDGE::ASEP_TOP::ASEP_AES0.AES_SEP_STATUS @ 0x20d300004
CHIP::SOUTHBRIDGE::ASEP_TOP::ASEP_AES0.AES_SEP_COMMAND @ 0x20d300008
CHIP::SOUTHBRIDGE::ASEP_TOP::ASEP_AES0.AES_SEP_INTR @ 0x20d30000c
CHIP::SOUTHBRIDGE::ASEP_TOP::ASEP_AES0.AES_SEP_INTE @ 0x20d300010
CHIP::SOUTHBRIDGE::ASEP_TOP::ASEP_AES0.AES_SEP_COUNT @ 0x20d300014
CHIP::SOUTHBRIDGE::ASEP_TOP::ASEP_AES0.AES_SEP_DISABLE_KEY @ 0x20d300018
CHIP::SOUTHBRIDGE::ASEP_TOP::ASEP_AES0.AES_SEP_SW_SEED @ 0x20d30001c
CHIP::SOUTHBRIDGE::ASEP_TOP::ASEP_AES0.AES_SEP_SEED_LOCK @ 0x20d300020
CHIP::SOUTHBRIDGE::ASEP_TOP::ASEP_AES0.AES_SEP_DATA_IN @ 0x20d300040
CHIP::SOUTHBRIDGE::ASEP_TOP::ASEP_AES0.AES_SEP_DATA_OUT @ 0x20d300060
CHIP::SOUTHBRIDGE::ASEP_TOP::ASEP_AES0.AES_SEP_R1 @ 0x20d300080
CHIP::SOUTHBRIDGE::ASEP_TOP::ASEP_AES0.AES_SEP_R2 @ 0x20d300090
CHIP::SOUTHBRIDGE::ASEP_TOP::ASEP_AES2.AES_HDCP_VERSION @ 0x20d380000
CHIP::SOUTHBRIDGE::ASEP_TOP::ASEP_AES2.AES_HDCP_STATUS @ 0x20d380004
CHIP::SOUTHBRIDGE::ASEP_TOP::ASEP_AES2.AES_HDCP_COMMAND @ 0x20d380008
CHIP::SOUTHBRIDGE::ASEP_TOP::ASEP_AES2.AES_HDCP_INTR @ 0x20d38000c
CHIP::SOUTHBRIDGE::ASEP_TOP::ASEP_AES2.AES_HDCP_INTE @ 0x20d380010
CHIP::SOUTHBRIDGE::ASEP_TOP::ASEP_AES2.AES_HDCP_DISABLE_KEY @ 0x20d380018
CHIP::SOUTHBRIDGE::ASEP_TOP::ASEP_AES2.AES_HDCP_DATA_IN @ 0x20d380040
CHIP::SOUTHBRIDGE::ASEP_TOP::ASEP_AES2.AES_HDCP_DATA_OUT @ 0x20d380060
CHIP::SOUTHBRIDGE::ASEP_TOP::ASEP_AES2.AES_HDCP_IVR @ 0x20d380080
CHIP::SOUTHBRIDGE::ASEP_TOP::ASEP_AES2.AES_HDCP_KXOR @ 0x20d380090
CHIP::SOUTHBRIDGE::ASEP_TOP::ASEP_AES2.AES_HDCP_KEK @ 0x20d3800a0
CHIP::SOUTHBRIDGE::ASEP_TOP::SHA2.SHA2VERSION @ 0x20d400004
CHIP::SOUTHBRIDGE::ASEP_TOP::SHA2.SHA2CNFG @ 0x20d400008
CHIP::SOUTHBRIDGE::ASEP_TOP::SHA2.SHA2MSGCNTL @ 0x20d40000c
CHIP::SOUTHBRIDGE::ASEP_TOP::SHA2.SHA2STAT @ 0x20d400010
CHIP::SOUTHBRIDGE::ASEP_TOP::SHA2.SHA2IRQ @ 0x20d400014
CHIP::SOUTHBRIDGE::ASEP_TOP::SHA2.SHA2IRQEN @ 0x20d400018
CHIP::SOUTHBRIDGE::ASEP_TOP::SHA2.SHA2DMACNTL @ 0x20d40001c
CHIP::SOUTHBRIDGE::ASEP_TOP::SHA2.SHA2DMATOP @ 0x20d400020
CHIP::SOUTHBRIDGE::ASEP_TOP::SHA2.SHA2HASH @ 0x20d400040
CHIP::SOUTHBRIDGE::ASEP_TOP::SHA2.SHA2MSGBLK @ 0x20d400080
CHIP::SOUTHBRIDGE::ASEP_TOP::RNG.TRNG_INOUT_0 @ 0x20d500000
CHIP::SOUTHBRIDGE::ASEP_TOP::RNG.TRNG_INOUT_1 @ 0x20d500004
CHIP::SOUTHBRIDGE::ASEP_TOP::RNG.TRNG_INOUT_2 @ 0x20d500008
CHIP::SOUTHBRIDGE::ASEP_TOP::RNG.TRNG_INOUT_3 @ 0x20d50000c
CHIP::SOUTHBRIDGE::ASEP_TOP::RNG.TRNG_STATUS @ 0x20d500010
CHIP::SOUTHBRIDGE::ASEP_TOP::RNG.TRNG_CONTROL @ 0x20d500014
CHIP::SOUTHBRIDGE::ASEP_TOP::RNG.TRNG_CONFIG @ 0x20d500018
CHIP::SOUTHBRIDGE::ASEP_TOP::RNG.TRNG_ALARMCNT @ 0x20d50001c
CHIP::SOUTHBRIDGE::ASEP_TOP::RNG.TRNG_FROENABLE @ 0x20d500020
CHIP::SOUTHBRIDGE::ASEP_TOP::RNG.TRNG_FRODETUNE @ 0x20d500024
CHIP::SOUTHBRIDGE::ASEP_TOP::RNG.TRNG_ALARMMASK @ 0x20d500028
CHIP::SOUTHBRIDGE::ASEP_TOP::RNG.TRNG_ALARMSTOP @ 0x20d50002c
CHIP::SOUTHBRIDGE::ASEP_TOP::RNG.TRNG_RAW_L @ 0x20d500030
CHIP::SOUTHBRIDGE::ASEP_TOP::RNG.TRNG_RAW_H @ 0x20d500034
CHIP::SOUTHBRIDGE::ASEP_TOP::RNG.TRNG_SPB_TESTS @ 0x20d500038
CHIP::SOUTHBRIDGE::ASEP_TOP::RNG.TRNG_COUNT @ 0x20d50003c
CHIP::SOUTHBRIDGE::ASEP_TOP::RNG.TRNG_PS_AI_0 @ 0x20d500040
CHIP::SOUTHBRIDGE::ASEP_TOP::RNG.TRNG_PS_AI_1 @ 0x20d500044
CHIP::SOUTHBRIDGE::ASEP_TOP::RNG.TRNG_PS_AI_2 @ 0x20d500048
CHIP::SOUTHBRIDGE::ASEP_TOP::RNG.TRNG_PS_AI_3 @ 0x20d50004c
CHIP::SOUTHBRIDGE::ASEP_TOP::RNG.TRNG_PS_AI_4 @ 0x20d500050
CHIP::SOUTHBRIDGE::ASEP_TOP::RNG.TRNG_PS_AI_5 @ 0x20d500054
CHIP::SOUTHBRIDGE::ASEP_TOP::RNG.TRNG_PS_AI_6 @ 0x20d500058
CHIP::SOUTHBRIDGE::ASEP_TOP::RNG.TRNG_PS_AI_7 @ 0x20d50005c
CHIP::SOUTHBRIDGE::ASEP_TOP::RNG.TRNG_PS_AI_8 @ 0x20d500060
CHIP::SOUTHBRIDGE::ASEP_TOP::RNG.TRNG_PS_AI_9 @ 0x20d500064
CHIP::SOUTHBRIDGE::ASEP_TOP::RNG.TRNG_PS_AI_10 @ 0x20d500068
CHIP::SOUTHBRIDGE::ASEP_TOP::RNG.TRNG_PS_AI_11 @ 0x20d50006c
CHIP::SOUTHBRIDGE::ASEP_TOP::RNG.TRNG_TEST @ 0x20d500070
CHIP::SOUTHBRIDGE::ASEP_TOP::RNG.TRNG_BLOCKCNT @ 0x20d500074
CHIP::SOUTHBRIDGE::ASEP_TOP::RNG.TRNG_OPTIONS @ 0x20d500078
CHIP::SOUTHBRIDGE::ASEP_TOP::RNG.TRNG_EIP_REV @ 0x20d50007c
CHIP::SOUTHBRIDGE::ASEP_TOP::PKA.CMD @ 0x20d600000
CHIP::SOUTHBRIDGE::ASEP_TOP::PKA.CTRL @ 0x20d600004
CHIP::SOUTHBRIDGE::ASEP_TOP::PKA.STATUS @ 0x20d600008
CHIP::SOUTHBRIDGE::ASEP_TOP::PKA.INPUT @ 0x20d600080
CHIP::SOUTHBRIDGE::ASEP_TOP::PKA.OUTPUT @ 0x20d600100
CHIP::SOUTHBRIDGE::ASEP_TOP::PKA.CERTRX @ 0x20d600200
CHIP::SOUTHBRIDGE::ASEP_TOP::KEY.KEY_STATUS @ 0x20d680000
CHIP::SOUTHBRIDGE::ASEP_TOP::KEY.KEY_LOAD @ 0x20d680004
CHIP::SOUTHBRIDGE::ASEP_TOP::KEY.KEY_OUT @ 0x20d680008
CHIP::SOUTHBRIDGE::ASEP_TOP::KEY.KEY_KM_PKA @ 0x20d68000c
CHIP::SOUTHBRIDGE::ASEP_TOP::KEY.KEY_KM_AES2 @ 0x20d680010
CHIP::SOUTHBRIDGE::ASEP_TOP::KEY.KEY_KS_AES2 @ 0x20d680014
CHIP::SOUTHBRIDGE::ASEP_TOP::KEY.KEY_RESET @ 0x20d680018
CHIP::SOUTHBRIDGE::ASEP_TOP::KEY.KEY_CTRL @ 0x20d68001c
CHIP::SOUTHBRIDGE::ASEP_TOP::KEY.KEY_CERTRX @ 0x20d680040
CHIP::SOUTHBRIDGE::ASEP_TOP::ASEP_I2C.SMB_SMBREGS_MTXFIFO @ 0x20d700000
CHIP::SOUTHBRIDGE::ASEP_TOP::ASEP_I2C.SMB_SMBREGS_MRXFIFO @ 0x20d700004
CHIP::SOUTHBRIDGE::ASEP_TOP::ASEP_I2C.SMB_SMBREGS_MCNT @ 0x20d700008
CHIP::SOUTHBRIDGE::ASEP_TOP::ASEP_I2C.SMB_SMBREGS_XFSTA @ 0x20d70000c
CHIP::SOUTHBRIDGE::ASEP_TOP::ASEP_I2C.SMB_SMBREGS_SADDR @ 0x20d700010
CHIP::SOUTHBRIDGE::ASEP_TOP::ASEP_I2C.SMB_SMBREGS_SMSTA @ 0x20d700014
CHIP::SOUTHBRIDGE::ASEP_TOP::ASEP_I2C.SMB_SMBREGS_IMASK @ 0x20d700018
CHIP::SOUTHBRIDGE::ASEP_TOP::ASEP_I2C.SMB_SMBREGS_CTL @ 0x20d70001c
CHIP::SOUTHBRIDGE::ASEP_TOP::ASEP_I2C.SMB_SMBREGS_STXFIFO @ 0x20d700020
CHIP::SOUTHBRIDGE::ASEP_TOP::ASEP_I2C.SMB_SMBREGS_SRXFIFO @ 0x20d700024
CHIP::SOUTHBRIDGE::ASEP_TOP::ASEP_I2C.SMB_SMBREGS_VERSION @ 0x20d700028
CHIP::SOUTHBRIDGE::ASEP_TOP::ASEP_I2C.SMB_SMBREGS_TRIGGER_LEVEL @ 0x20d70002c
CHIP::SOUTHBRIDGE::ASEP_TOP::ASEP_I2C.SMB_SMBREGS_TBUF @ 0x20d700030
CHIP::SOUTHBRIDGE::ASEP_TOP::ASEP_I2C.SMB_SMBREGS_TBJM_THIGH @ 0x20d700034
CHIP::SOUTHBRIDGE::ASEP_TOP::ASEP_I2C.SMB_SMBREGS_FILTER @ 0x20d700038
CHIP::SOUTHBRIDGE::ASEP_TOP::ASEP_I2C.SMB_SMBREGS_TTIMEOUT @ 0x20d70003c
CHIP::SOUTHBRIDGE::ASEP_TOP::ASEP_INTR2AXI_AKF.AKF_INTR2AXI_INTERRUPT_FILTER_0 @ 0x20d800000
CHIP::SOUTHBRIDGE::ASEP_TOP::ASEP_INTR2AXI_AKF.AKF_INTR2AXI_CURRENT_STATUS_0 @ 0x20d800040
CHIP::SOUTHBRIDGE::ASEP_TOP::ASEP_INTR2AXI_AKF.AKF_INTR2AXI_FORCE_UPDATE @ 0x20d800080
CHIP::SOUTHBRIDGE::ASEP_TOP::ASEP_INTR2AXI_AKF.AKF_INTR2AXI_IDLE @ 0x20d800084
CHIP::SOUTHBRIDGE::ASEP_TOP::SEP_RAM.RAM @ 0x20d900000
CHIP::SOUTHBRIDGE::ASEP_TOP::ASEP_KF.AKFAPB_AKF_REV @ 0x20da00000
CHIP::SOUTHBRIDGE::ASEP_TOP::ASEP_KF.AKFAPB_AKF_CTRL @ 0x20da00004
CHIP::SOUTHBRIDGE::ASEP_TOP::ASEP_KF.AKFAPB_AKF_AXI_BASE @ 0x20da00008
CHIP::SOUTHBRIDGE::ASEP_TOP::ASEP_KF.AKFAPB_AKF_AXI_BASE_EXT @ 0x20da00010
CHIP::SOUTHBRIDGE::ASEP_TOP::ASEP_KF.AKFAPB_AKF_AXI_START @ 0x20da00018
CHIP::SOUTHBRIDGE::ASEP_TOP::ASEP_KF.AKFAPB_AKF_AXI_START_EXT @ 0x20da00020
CHIP::SOUTHBRIDGE::ASEP_TOP::ASEP_KF.AKFAPB_AKF_AXI_END @ 0x20da00028
CHIP::SOUTHBRIDGE::ASEP_TOP::ASEP_KF.AKFAPB_AKF_AXI_END_EXT @ 0x20da00030
CHIP::SOUTHBRIDGE::ASEP_TOP::ASEP_KF.AKFAPB_AKF_AXI_EN @ 0x20da00038
CHIP::SOUTHBRIDGE::ASEP_TOP::ASEP_KF.AKFAPB_AKF_IDLE_CTRL @ 0x20da00040
CHIP::SOUTHBRIDGE::ASEP_TOP::ASEP_KF.AKFAPB_AKF_CPU_CTRL @ 0x20da00044
CHIP::SOUTHBRIDGE::ASEP_TOP::ASEP_KF.AKFAPB_AKF_IDLE_STATUS @ 0x20da00048
CHIP::SOUTHBRIDGE::ASEP_TOP::ASEP_KF.AKFAPB_AKF_KIC_CAP0 @ 0x20da00800
CHIP::SOUTHBRIDGE::ASEP_TOP::ASEP_KF.AKFAPB_AKF_KIC_CAP1 @ 0x20da00804
CHIP::SOUTHBRIDGE::ASEP_TOP::ASEP_KF.AKFAPB_AKF_KIC_GLB_RESET @ 0x20da00808
CHIP::SOUTHBRIDGE::ASEP_TOP::ASEP_KF.AKFAPB_AKF_KIC_GLB_CFG @ 0x20da0080c
CHIP::SOUTHBRIDGE::ASEP_TOP::ASEP_KF.AKFAPB_AKF_KIC_IACK @ 0x20da0081c
CHIP::SOUTHBRIDGE::ASEP_TOP::ASEP_KF.AKFAPB_AKF_KIC_SW_GEN_SET @ 0x20da00900
CHIP::SOUTHBRIDGE::ASEP_TOP::ASEP_KF.AKFAPB_AKF_KIC_SW_GEN_CLR @ 0x20da00980
CHIP::SOUTHBRIDGE::ASEP_TOP::ASEP_KF.AKFAPB_AKF_KIC_INT_MSK_SET @ 0x20da00a00
CHIP::SOUTHBRIDGE::ASEP_TOP::ASEP_KF.AKFAPB_AKF_KIC_INT_MSK_CLR @ 0x20da00a80
CHIP::SOUTHBRIDGE::ASEP_TOP::ASEP_KF.AKFAPB_AKF_KIC_HWINTMON @ 0x20da00b00
CHIP::SOUTHBRIDGE::ASEP_TOP::ASEP_KF.AKFAPB_AKF_KIC_MAILBOX_SET @ 0x20da00b80
CHIP::SOUTHBRIDGE::ASEP_TOP::ASEP_KF.AKFAPB_AKF_KIC_MAILBOX_CLR @ 0x20da00b84
CHIP::SOUTHBRIDGE::ASEP_TOP::ASEP_KF.AKFAPB_AKF_KIC_INBOX_CTRL @ 0x20da00b88
CHIP::SOUTHBRIDGE::ASEP_TOP::ASEP_KF.AKFAPB_AKF_KIC_INBOX_WR_L @ 0x20da00b90
CHIP::SOUTHBRIDGE::ASEP_TOP::ASEP_KF.AKFAPB_AKF_KIC_INBOX_WR_H @ 0x20da00b94
CHIP::SOUTHBRIDGE::ASEP_TOP::ASEP_KF.AKFAPB_AKF_KIC_INBOX_RD_L @ 0x20da00b98
CHIP::SOUTHBRIDGE::ASEP_TOP::ASEP_KF.AKFAPB_AKF_KIC_INBOX_RD_H @ 0x20da00b9c
CHIP::SOUTHBRIDGE::ASEP_TOP::ASEP_KF.AKFAPB_AKF_KIC_OUTBOX_CTRL @ 0x20da00ba0
CHIP::SOUTHBRIDGE::ASEP_TOP::ASEP_KF.AKFAPB_AKF_KIC_OUTBOX_WR_L @ 0x20da00bb0
CHIP::SOUTHBRIDGE::ASEP_TOP::ASEP_KF.AKFAPB_AKF_KIC_OUTBOX_WR_H @ 0x20da00bb4
CHIP::SOUTHBRIDGE::ASEP_TOP::ASEP_KF.AKFAPB_AKF_KIC_OUTBOX_RD_L @ 0x20da00bb8
CHIP::SOUTHBRIDGE::ASEP_TOP::ASEP_KF.AKFAPB_AKF_KIC_OUTBOX_RD_H @ 0x20da00bbc
CHIP::SOUTHBRIDGE::ASEP_TOP::ASEP_KF.AKFAPB_AKF_KIC_MAILBOX_EXT_SET @ 0x20da00c00
CHIP::SOUTHBRIDGE::ASEP_TOP::ASEP_KF.AKFAPB_AKF_KIC_MAILBOX_EXT_CLR @ 0x20da00c04
CHIP::SOUTHBRIDGE::ASEP_TOP::ASEP_KF.AKFAPB_AKF_AP_MAILBOX_SET @ 0x20da04000
CHIP::SOUTHBRIDGE::ASEP_TOP::ASEP_KF.AKFAPB_AKF_AP_MAILBOX_CLR @ 0x20da04004
CHIP::SOUTHBRIDGE::ASEP_TOP::ASEP_KF.AKFAPB_AKF_AP_INBOX_CTRL @ 0x20da04008
CHIP::SOUTHBRIDGE::ASEP_TOP::ASEP_KF.AKFAPB_AKF_AP_INBOX_WR_L @ 0x20da04010
CHIP::SOUTHBRIDGE::ASEP_TOP::ASEP_KF.AKFAPB_AKF_AP_INBOX_WR_H @ 0x20da04014
CHIP::SOUTHBRIDGE::ASEP_TOP::ASEP_KF.AKFAPB_AKF_AP_INBOX_RD_L @ 0x20da04018
CHIP::SOUTHBRIDGE::ASEP_TOP::ASEP_KF.AKFAPB_AKF_AP_INBOX_RD_H @ 0x20da0401c
CHIP::SOUTHBRIDGE::ASEP_TOP::ASEP_KF.AKFAPB_AKF_AP_OUTBOX_CTRL @ 0x20da04020
CHIP::SOUTHBRIDGE::ASEP_TOP::ASEP_KF.AKFAPB_AKF_AP_OUTBOX_WR_L @ 0x20da04030
CHIP::SOUTHBRIDGE::ASEP_TOP::ASEP_KF.AKFAPB_AKF_AP_OUTBOX_WR_H @ 0x20da04034
CHIP::SOUTHBRIDGE::ASEP_TOP::ASEP_KF.AKFAPB_AKF_AP_OUTBOX_RD_L @ 0x20da04038
CHIP::SOUTHBRIDGE::ASEP_TOP::ASEP_KF.AKFAPB_AKF_AP_OUTBOX_RD_H @ 0x20da0403c
CHIP::SOUTHBRIDGE::ASEP_TOP::ASEP_KF.AKFAPB_AKF_AP_IDLE_STATUS @ 0x20da04040
CHIP::SOUTHBRIDGE::ASEP_TOP::ASEP_KF.AKFAPB_AKF_EXT_SW_GEN_SET @ 0x20da08000
CHIP::SOUTHBRIDGE::ASEP_TOP::ASEP_KF.AKFAPB_AKF_EXT_SW_GEN_CLR @ 0x20da08080
CHIP::SOUTHBRIDGE::ASEP_TOP::ASEP_KF.AKFN_AKF_KIC_TMR_CFG @ 0x20da0c000
CHIP::SOUTHBRIDGE::ASEP_TOP::ASEP_KF.AKFN_AKF_KIC_TMR_START @ 0x20da0c008
CHIP::SOUTHBRIDGE::ASEP_TOP::ASEP_KF.AKFN_AKF_KIC_TMR_CNT @ 0x20da0c010
CHIP::SOUTHBRIDGE::ASEP_TOP::ASEP_KF.AKFN_AKF_KIC_TMR_ISR @ 0x20da0c018
CHIP::SOUTHBRIDGE::ASEP_TOP::ASEP_KF.AKFN_AKF_KIC_TMR_STATE_SET @ 0x20da0c020
CHIP::SOUTHBRIDGE::ASEP_TOP::ASEP_KF.AKFN_AKF_KIC_TMR_STATE_CLR @ 0x20da0c028
CHIP::SOUTHBRIDGE::ASEP_TOP::ASEP_KF.AKFN_AKF_KIC_GLB_TIME_BASE_LO @ 0x20da0c030
CHIP::SOUTHBRIDGE::ASEP_TOP::ASEP_KF.AKFN_AKF_KIC_GLB_TIME_BASE_HI @ 0x20da0c038
CHIP::SOUTHBRIDGE::ASEP_TOP::ASEP_KF.AKFN_AKF_EVENT_TMR @ 0x20da0c040
CHIP::SOUTHBRIDGE::ASEP_TOP::ASEP_KF.AKFN_AKF_EVENT_PERIOD @ 0x20da0c044
CHIP::SOUTHBRIDGE::ASEP_TOP::ASEP_KF.AKFN_AKF_EVENT_CTL @ 0x20da0c048
CHIP::SOUTHBRIDGE::ASEP_TOP::ASEP_KF_DBG::AKF_CPU.DUMMY @ 0x20da20000
CHIP::SOUTHBRIDGE::ASEP_TOP::ASEP_KF_DBG::AKF_CTI[0].DUMMY @ 0x20da24000
CHIP::SOUTHBRIDGE::ASEP_TOP::ASEP_KF_DBG::AKF_CTI[1].DUMMY @ 0x20da28000
CHIP::SOUTHBRIDGE::ASEP_TOP::ASEP_KF_DBG::AKF_ETM.DUMMY @ 0x20da2c000
CHIP::SOUTHBRIDGE::ASEP_TOP::ASEP_KF_DBG::AKF_ETB.DUMMY @ 0x20da30000
CHIP::SOUTHBRIDGE::ASEP_TOP::ASEP_PL301.SEP_PL301_PL301_QOSTIDEMI @ 0x20db00400
CHIP::SOUTHBRIDGE::ASEP_TOP::ASEP_PL301.SEP_PL301_PL301_QOSACMI @ 0x20db00404
CHIP::SOUTHBRIDGE::ASEP_TOP::ASEP_PL301.SEP_PL301_PL301_ARCHANARBMI @ 0x20db00408
CHIP::SOUTHBRIDGE::ASEP_TOP::ASEP_PL301.SEP_PL301_PL301_AWCHANARBMI @ 0x20db0040c
CHIP::SOUTHBRIDGE::ASEP_TOP::ASEP_PL301.SEP_PL301_PL301_PCCONF0 @ 0x20db00fc0
CHIP::SOUTHBRIDGE::ASEP_TOP::ASEP_PL301.SEP_PL301_PL301_PCCONF1 @ 0x20db00fc4
CHIP::SOUTHBRIDGE::ASEP_TOP::ASEP_PL301.SEP_PL301_PL301_PCCONF2 @ 0x20db00fc8
CHIP::SOUTHBRIDGE::ASEP_TOP::ASEP_PL301.SEP_PL301_PL301_PCCONF3 @ 0x20db00fcc
CHIP::SOUTHBRIDGE::ASEP_TOP::ASEP_PL301.SEP_PL301_PL301_PCPERIPH0 @ 0x20db00fe0
CHIP::SOUTHBRIDGE::ASEP_TOP::ASEP_PL301.SEP_PL301_PL301_PCPERIPH1 @ 0x20db00fe4
CHIP::SOUTHBRIDGE::ASEP_TOP::ASEP_PL301.SEP_PL301_PL301_PCPERIPH2 @ 0x20db00fe8
CHIP::SOUTHBRIDGE::ASEP_TOP::ASEP_PL301.SEP_PL301_PL301_PCPERIPH3 @ 0x20db00fec
CHIP::SOUTHBRIDGE::ASEP_TOP::ASEP_PL301.SEP_PL301_PL301_PCID0 @ 0x20db00ff0
CHIP::SOUTHBRIDGE::ASEP_TOP::ASEP_PL301.SEP_PL301_PL301_PCID1 @ 0x20db00ff4
CHIP::SOUTHBRIDGE::ASEP_TOP::ASEP_PL301.SEP_PL301_PL301_PCID2 @ 0x20db00ff8
CHIP::SOUTHBRIDGE::ASEP_TOP::ASEP_PL301.SEP_PL301_PL301_PCID3 @ 0x20db00ffc
CHIP::SOUTHBRIDGE::ASEP_TOP::AES1.AES_CTL @ 0x20dc00000
CHIP::SOUTHBRIDGE::ASEP_TOP::AES1.CFG_KEY @ 0x20dc00004
CHIP::SOUTHBRIDGE::ASEP_TOP::AES1.KEY @ 0x20dc00080
CHIP::SOUTHBRIDGE::ASEP_TOP::AES1.AUTH_CFG @ 0x20dc00200
CHIP::SOUTHBRIDGE::ASEP_TOP::AES1.AUTH_LOG_AUTH @ 0x20dc00204
CHIP::SOUTHBRIDGE::ASEP_TOP::AES1.AUTH_LOG_ADDR_RD @ 0x20dc00208
CHIP::SOUTHBRIDGE::ASEP_TOP::AES1.AUTH_LOG_ADDR_WR @ 0x20dc0020c
CHIP::SOUTHBRIDGE::ASEP_TOP::AES1.AUTH_CFG_START @ 0x20dc00240
CHIP::SOUTHBRIDGE::ASEP_TOP::AES1.AUTH_CFG_END @ 0x20dc00260
CHIP::SOUTHBRIDGE::ASEP_TOP::AES1.AUTH_CFG_REMAP @ 0x20dc00280
CHIP::SOUTHBRIDGE::ASEP_TOP::AES1.TLIMIT_CFG @ 0x20dc00300
CHIP::SOUTHBRIDGE::ASEP_TOP::AES1.WRG_CFG @ 0x20dc00304
CHIP::SOUTHBRIDGE::ASEP_TOP::ASEP_SPI[0].SPI_SPI_SPCLKCON @ 0x20dd00000
CHIP::SOUTHBRIDGE::ASEP_TOP::ASEP_SPI[0].SPI_SPI_SPCON @ 0x20dd00004
CHIP::SOUTHBRIDGE::ASEP_TOP::ASEP_SPI[0].SPI_SPI_SPSTA @ 0x20dd00008
CHIP::SOUTHBRIDGE::ASEP_TOP::ASEP_SPI[0].SPI_SPI_SPPIN @ 0x20dd0000c
CHIP::SOUTHBRIDGE::ASEP_TOP::ASEP_SPI[0].SPI_SPI_SPTDAT @ 0x20dd00010
CHIP::SOUTHBRIDGE::ASEP_TOP::ASEP_SPI[0].SPI_SPI_SPRDAT @ 0x20dd00020
CHIP::SOUTHBRIDGE::ASEP_TOP::ASEP_SPI[0].SPI_SPI_SPPRE @ 0x20dd00030
CHIP::SOUTHBRIDGE::ASEP_TOP::ASEP_SPI[0].SPI_SPI_SPCNT @ 0x20dd00034
CHIP::SOUTHBRIDGE::ASEP_TOP::ASEP_SPI[0].SPI_SPI_SPIDD @ 0x20dd00038
CHIP::SOUTHBRIDGE::ASEP_TOP::ASEP_SPI[0].SPI_SPI_SPIRTO @ 0x20dd0003c
CHIP::SOUTHBRIDGE::ASEP_TOP::ASEP_SPI[0].SPI_SPI_SPIHANGD @ 0x20dd00040
CHIP::SOUTHBRIDGE::ASEP_TOP::ASEP_SPI[0].SPI_SPI_SPISWRST @ 0x20dd00044
CHIP::SOUTHBRIDGE::ASEP_TOP::ASEP_SPI[0].SPI_SPI_SPIVER @ 0x20dd00048
CHIP::SOUTHBRIDGE::ASEP_TOP::ASEP_SPI[0].SPI_SPI_SPTDCNT @ 0x20dd0004c
CHIP::SOUTHBRIDGE::ASEP_TOP::ASEP_SPI[0].SPI_SPI_SPCGEN @ 0x20dd00050
CHIP::SOUTHBRIDGE::ASEP_TOP::ASEP_SPI[1].SPI_SPI_SPCLKCON @ 0x20dd80000
CHIP::SOUTHBRIDGE::ASEP_TOP::ASEP_SPI[1].SPI_SPI_SPCON @ 0x20dd80004
CHIP::SOUTHBRIDGE::ASEP_TOP::ASEP_SPI[1].SPI_SPI_SPSTA @ 0x20dd80008
CHIP::SOUTHBRIDGE::ASEP_TOP::ASEP_SPI[1].SPI_SPI_SPPIN @ 0x20dd8000c
CHIP::SOUTHBRIDGE::ASEP_TOP::ASEP_SPI[1].SPI_SPI_SPTDAT @ 0x20dd80010
CHIP::SOUTHBRIDGE::ASEP_TOP::ASEP_SPI[1].SPI_SPI_SPRDAT @ 0x20dd80020
CHIP::SOUTHBRIDGE::ASEP_TOP::ASEP_SPI[1].SPI_SPI_SPPRE @ 0x20dd80030
CHIP::SOUTHBRIDGE::ASEP_TOP::ASEP_SPI[1].SPI_SPI_SPCNT @ 0x20dd80034
CHIP::SOUTHBRIDGE::ASEP_TOP::ASEP_SPI[1].SPI_SPI_SPIDD @ 0x20dd80038
CHIP::SOUTHBRIDGE::ASEP_TOP::ASEP_SPI[1].SPI_SPI_SPIRTO @ 0x20dd8003c
CHIP::SOUTHBRIDGE::ASEP_TOP::ASEP_SPI[1].SPI_SPI_SPIHANGD @ 0x20dd80040
CHIP::SOUTHBRIDGE::ASEP_TOP::ASEP_SPI[1].SPI_SPI_SPISWRST @ 0x20dd80044
CHIP::SOUTHBRIDGE::ASEP_TOP::ASEP_SPI[1].SPI_SPI_SPIVER @ 0x20dd80048
CHIP::SOUTHBRIDGE::ASEP_TOP::ASEP_SPI[1].SPI_SPI_SPTDCNT @ 0x20dd8004c
CHIP::SOUTHBRIDGE::ASEP_TOP::ASEP_SPI[1].SPI_SPI_SPCGEN @ 0x20dd80050
CHIP::SOUTHBRIDGE::ASEP_TOP::SEP_FUSE_TOP::EFUSECTRL[0].CONTROL @ 0x20de00000
CHIP::SOUTHBRIDGE::ASEP_TOP::SEP_FUSE_TOP::EFUSECTRL[0].STATUS @ 0x20de00004
CHIP::SOUTHBRIDGE::ASEP_TOP::SEP_FUSE_TOP::EFUSECTRL[0].FUSE_TIMERS @ 0x20de00008
CHIP::SOUTHBRIDGE::ASEP_TOP::SEP_FUSE_TOP::EFUSECTRL[0].FUSE_WRDATA0 @ 0x20de00010
CHIP::SOUTHBRIDGE::ASEP_TOP::SEP_FUSE_TOP::EFUSECTRL[0].FUSE_WRDATA1 @ 0x20de00014
CHIP::SOUTHBRIDGE::ASEP_TOP::SEP_FUSE_TOP::EFUSECTRL[0].FUSE_WRDATA2 @ 0x20de00018
CHIP::SOUTHBRIDGE::ASEP_TOP::SEP_FUSE_TOP::EFUSECTRL[0].FUSE_WRDATA3 @ 0x20de0001c
CHIP::SOUTHBRIDGE::ASEP_TOP::SEP_FUSE_TOP::EFUSECTRL[0].FUSE_RDDATA0 @ 0x20de00020
CHIP::SOUTHBRIDGE::ASEP_TOP::SEP_FUSE_TOP::EFUSECTRL[0].FUSE_RDDATA1 @ 0x20de00024
CHIP::SOUTHBRIDGE::ASEP_TOP::SEP_FUSE_TOP::EFUSECTRL[0].FUSE_RDDATA2 @ 0x20de00028
CHIP::SOUTHBRIDGE::ASEP_TOP::SEP_FUSE_TOP::EFUSECTRL[0].FUSE_RDDATA3 @ 0x20de0002c
CHIP::SOUTHBRIDGE::ASEP_TOP::SEP_FUSE_TOP::EFUSECTRL[1].CONTROL @ 0x20de10000
CHIP::SOUTHBRIDGE::ASEP_TOP::SEP_FUSE_TOP::EFUSECTRL[1].STATUS @ 0x20de10004
CHIP::SOUTHBRIDGE::ASEP_TOP::SEP_FUSE_TOP::EFUSECTRL[1].FUSE_TIMERS @ 0x20de10008
CHIP::SOUTHBRIDGE::ASEP_TOP::SEP_FUSE_TOP::EFUSECTRL[1].FUSE_WRDATA0 @ 0x20de10010
CHIP::SOUTHBRIDGE::ASEP_TOP::SEP_FUSE_TOP::EFUSECTRL[1].FUSE_WRDATA1 @ 0x20de10014
CHIP::SOUTHBRIDGE::ASEP_TOP::SEP_FUSE_TOP::EFUSECTRL[1].FUSE_WRDATA2 @ 0x20de10018
CHIP::SOUTHBRIDGE::ASEP_TOP::SEP_FUSE_TOP::EFUSECTRL[1].FUSE_WRDATA3 @ 0x20de1001c
CHIP::SOUTHBRIDGE::ASEP_TOP::SEP_FUSE_TOP::EFUSECTRL[1].FUSE_RDDATA0 @ 0x20de10020
CHIP::SOUTHBRIDGE::ASEP_TOP::SEP_FUSE_TOP::EFUSECTRL[1].FUSE_RDDATA1 @ 0x20de10024
CHIP::SOUTHBRIDGE::ASEP_TOP::SEP_FUSE_TOP::EFUSECTRL[1].FUSE_RDDATA2 @ 0x20de10028
CHIP::SOUTHBRIDGE::ASEP_TOP::SEP_FUSE_TOP::EFUSECTRL[1].FUSE_RDDATA3 @ 0x20de1002c
CHIP::SOUTHBRIDGE::ASEP_TOP::SEP_FUSE_TOP::SEP_FUSE_MON.MON_CTRL @ 0x20de30000
CHIP::SOUTHBRIDGE::ASEP_TOP::SEP_FUSE_TOP::SEP_FUSE_MON.DFREQ_CTRL @ 0x20de30004
CHIP::SOUTHBRIDGE::ASEP_TOP::SEP_FUSE_TOP::SEP_FUSE_MON.DFREQ_MARGIN @ 0x20de30008
CHIP::SOUTHBRIDGE::ASEP_TOP::SEP_FUSE_TOP::SEP_FUSE_MON.AFREQ_CTRL @ 0x20de3000c
CHIP::SOUTHBRIDGE::ASEP_TOP::SEP_FUSE_TOP::SEP_FUSE_MON.DEBUG_THERMAL @ 0x20de30010
CHIP::SOUTHBRIDGE::ASEP_TOP::SEP_FUSE_TOP::SEP_FUSE_THERMAL.THERMAL_CTL0_SET @ 0x20de40000
CHIP::SOUTHBRIDGE::ASEP_TOP::SEP_FUSE_TOP::SEP_FUSE_THERMAL.THERMAL_CTL0_CLR @ 0x20de40004
CHIP::SOUTHBRIDGE::ASEP_TOP::SEP_FUSE_TOP::SEP_FUSE_THERMAL.THERMAL_CTL1 @ 0x20de40008
CHIP::SOUTHBRIDGE::ASEP_TOP::SEP_FUSE_TOP::SEP_FUSE_THERMAL.THERMAL_CTL2 @ 0x20de4000c
CHIP::SOUTHBRIDGE::ASEP_TOP::SEP_FUSE_TOP::SEP_FUSE_THERMAL.THERMAL_STATUS @ 0x20de40010
CHIP::SOUTHBRIDGE::ASEP_TOP::SEP_FUSE_TOP::SEP_FUSE_THERMAL.THERMAL_PARAM @ 0x20de40014
CHIP::SOUTHBRIDGE::ASEP_TOP::SEP_FUSE_TOP::SEP_FUSE_THERMAL.THERMAL_RDBK0 @ 0x20de40018
CHIP::SOUTHBRIDGE::ASEP_TOP::SEP_FUSE_TOP::SEP_FUSE_THERMAL.THERMAL_RDBK1 @ 0x20de4001c
CHIP::SOUTHBRIDGE::ASEP_TOP::SEP_FUSE_TOP::SEP_FUSE_THERMAL.THERMAL_SUM @ 0x20de40020
CHIP::SOUTHBRIDGE::ASEP_TOP::SEP_FUSE_TOP::SEP_FUSE_THERMAL.THERMAL_SUM_CNT @ 0x20de40024
CHIP::SOUTHBRIDGE::ASEP_TOP::SEP_FUSE_TOP::SEP_FUSE_THERMAL.THERMAL_PIECE0 @ 0x20de40028
CHIP::SOUTHBRIDGE::ASEP_TOP::SEP_FUSE_TOP::SEP_FUSE_THERMAL.THERMAL_PIECE1 @ 0x20de4002c
CHIP::SOUTHBRIDGE::ASEP_TOP::SEP_FUSE_TOP::SEP_FUSE_THERMAL.THERMAL_PIECE2 @ 0x20de40030
CHIP::SOUTHBRIDGE::ASEP_TOP::SEP_FUSE_TOP::SEP_FUSE_THERMAL.THERMAL_ALARM0 @ 0x20de40034
CHIP::SOUTHBRIDGE::ASEP_TOP::SEP_FUSE_TOP::SEP_FUSE_THERMAL.THERMAL_ALARM1 @ 0x20de40038
CHIP::SOUTHBRIDGE::ASEP_TOP::SEP_FUSE_TOP::SEP_FUSE_THERMAL.THERMAL_ALARM2 @ 0x20de4003c
CHIP::SOUTHBRIDGE::ASEP_TOP::SEP_FUSE_TOP::SEP_FUSE_THERMAL.THERMAL_ALARM3 @ 0x20de40040
CHIP::SOUTHBRIDGE::ASEP_TOP::SEP_FUSE_TOP::SEP_FUSE_KEY.KEY_CTRL @ 0x20de50000
CHIP::SOUTHBRIDGE::ASEP_TOP::SEP_FUSE_TOP::SEP_FUSE_KEY.KEY_STATUS @ 0x20de50004
CHIP::SOUTHBRIDGE::ASEP_TOP::SEP_FUSE_TOP::SEP_FUSE_KEY.KEY_SEND @ 0x20de50008
CHIP::SOUTHBRIDGE::ASEP_TOP::SEP_FUSE_TOP::SEP_FUSE_KEY.KEY_SIDEBAND @ 0x20de5000c
CHIP::SOUTHBRIDGE::ASEP_TOP::SEP_FUSE_TOP::SEP_FUSE_KEY.KEY_DATA @ 0x20de50040
CHIP::SOUTHBRIDGE::ASEP_TOP::SEP_FUSE_TOP::SEP_FUSE_CFG.CFG_TMR_CTRL @ 0x20de60000
CHIP::SOUTHBRIDGE::ASEP_TOP::SEP_FUSE_TOP::SEP_FUSE_CFG.CFG_TMR_CNT @ 0x20de60004
CHIP::SOUTHBRIDGE::ASEP_TOP::SEP_FUSE_TOP::SEP_FUSE_CFG.CFG_HDCP_CTRL @ 0x20de60008
CHIP::SOUTHBRIDGE::ASEP_TOP::SEP_FUSE_TOP::SEP_FUSE_CFG.CFG_MON_PROG @ 0x20de6000c
CHIP::SOUTHBRIDGE::ASEP_TOP::SEP_FUSE_TOP::SEP_FUSE_CFG.CFG_UID @ 0x20de60010
CHIP::SOUTHBRIDGE::ASEP_TOP::ASEP_GPIO.SGPIO_GPIOCFG0 @ 0x20df00000
CHIP::SOUTHBRIDGE::ASEP_TOP::ASEP_GPIO.SGPIO_GPIOCFG1 @ 0x20df00004
CHIP::SOUTHBRIDGE::ASEP_TOP::ASEP_GPIO.SGPIO_GPIOCFG2 @ 0x20df00008
CHIP::SOUTHBRIDGE::ASEP_TOP::ASEP_GPIO.SGPIO_GPIOCFG3 @ 0x20df0000c
CHIP::SOUTHBRIDGE::ASEP_TOP::ASEP_GPIO.SGPIO_GPIOCFG4 @ 0x20df00010
CHIP::SOUTHBRIDGE::ASEP_TOP::ASEP_GPIO.SGPIO_GPIOCFG5 @ 0x20df00014
CHIP::SOUTHBRIDGE::ASEP_TOP::ASEP_GPIO.SGPIO_GPIOCFG6 @ 0x20df00018
CHIP::SOUTHBRIDGE::ASEP_TOP::ASEP_GPIO.SGPIO_GPIO_INT_GRP0_STATUS0 @ 0x20df00800
CHIP::SOUTHBRIDGE::ASEP_TOP::ASEP_GPIO.SGPIO_GPIO_INT_GRP1_STATUS0 @ 0x20df00840
CHIP::SOUTHBRIDGE::ASEP_TOP::ASEP_GPIO.SGPIO_GPIO_INT_GRP2_STATUS0 @ 0x20df00880
CHIP::SOUTHBRIDGE::ASEP_TOP::ASEP_GPIO.SGPIO_GPIO_INT_GRP3_STATUS0 @ 0x20df008c0
CHIP::SOUTHBRIDGE::ASEP_TOP::ASEP_GPIO.SGPIO_GPIO_INT_GRP4_STATUS0 @ 0x20df00900
CHIP::SOUTHBRIDGE::ASEP_TOP::ASEP_GPIO.SGPIO_GPIO_INT_GRP5_STATUS0 @ 0x20df00940
CHIP::SOUTHBRIDGE::ASEP_TOP::ASEP_GPIO.SGPIO_GPIO_INT_GRP6_STATUS0 @ 0x20df00980
CHIP::SOUTHBRIDGE::ASEP_TOP::ASEP_GPIO.SGPIO_GPIO_NPL_IN_EN @ 0x20df00c48
CHIP::SOUTHBRIDGE::PMS::PMGR.PLL0_CTL @ 0x20e000000
CHIP::SOUTHBRIDGE::PMS::PMGR.PLL0_CFG @ 0x20e000004
CHIP::SOUTHBRIDGE::PMS::PMGR.PLL0_ANA_PARAMS0 @ 0x20e000008
CHIP::SOUTHBRIDGE::PMS::PMGR.PLL0_ANA_PARAMS1 @ 0x20e00000c
CHIP::SOUTHBRIDGE::PMS::PMGR.PLL0_FRAC @ 0x20e000010
CHIP::SOUTHBRIDGE::PMS::PMGR.PLL0_DEBUG @ 0x20e000014
CHIP::SOUTHBRIDGE::PMS::PMGR.PLL0_DEBUG1 @ 0x20e000018
CHIP::SOUTHBRIDGE::PMS::PMGR.PLL0_PLL_DELAY_CTL0 @ 0x20e00001c
CHIP::SOUTHBRIDGE::PMS::PMGR.PLL0_PLL_DELAY_CTL1 @ 0x20e000020
CHIP::SOUTHBRIDGE::PMS::PMGR.PLL1_CTL @ 0x20e004000
CHIP::SOUTHBRIDGE::PMS::PMGR.PLL1_CFG @ 0x20e004004
CHIP::SOUTHBRIDGE::PMS::PMGR.PLL1_ANA_PARAMS0 @ 0x20e004008
CHIP::SOUTHBRIDGE::PMS::PMGR.PLL1_ANA_PARAMS1 @ 0x20e00400c
CHIP::SOUTHBRIDGE::PMS::PMGR.PLL1_FRAC @ 0x20e004010
CHIP::SOUTHBRIDGE::PMS::PMGR.PLL1_DEBUG @ 0x20e004014
CHIP::SOUTHBRIDGE::PMS::PMGR.PLL1_DEBUG1 @ 0x20e004018
CHIP::SOUTHBRIDGE::PMS::PMGR.PLL1_PLL_DELAY_CTL0 @ 0x20e00401c
CHIP::SOUTHBRIDGE::PMS::PMGR.PLL1_PLL_DELAY_CTL1 @ 0x20e004020
CHIP::SOUTHBRIDGE::PMS::PMGR.PLL2_CTL @ 0x20e008000
CHIP::SOUTHBRIDGE::PMS::PMGR.PLL2_CFG @ 0x20e008004
CHIP::SOUTHBRIDGE::PMS::PMGR.PLL2_ANA_PARAMS0 @ 0x20e008008
CHIP::SOUTHBRIDGE::PMS::PMGR.PLL2_ANA_PARAMS1 @ 0x20e00800c
CHIP::SOUTHBRIDGE::PMS::PMGR.PLL2_FRAC @ 0x20e008010
CHIP::SOUTHBRIDGE::PMS::PMGR.PLL2_DEBUG @ 0x20e008014
CHIP::SOUTHBRIDGE::PMS::PMGR.PLL2_DEBUG1 @ 0x20e008018
CHIP::SOUTHBRIDGE::PMS::PMGR.PLL2_PLL_DELAY_CTL0 @ 0x20e00801c
CHIP::SOUTHBRIDGE::PMS::PMGR.PLL2_PLL_DELAY_CTL1 @ 0x20e008020
CHIP::SOUTHBRIDGE::PMS::PMGR.PLL3_CTL @ 0x20e00c000
CHIP::SOUTHBRIDGE::PMS::PMGR.PLL3_CFG @ 0x20e00c004
CHIP::SOUTHBRIDGE::PMS::PMGR.PLL3_ANA_PARAMS0 @ 0x20e00c008
CHIP::SOUTHBRIDGE::PMS::PMGR.PLL3_ANA_PARAMS1 @ 0x20e00c00c
CHIP::SOUTHBRIDGE::PMS::PMGR.PLL3_FRAC @ 0x20e00c010
CHIP::SOUTHBRIDGE::PMS::PMGR.PLL3_DEBUG @ 0x20e00c014
CHIP::SOUTHBRIDGE::PMS::PMGR.PLL3_DEBUG1 @ 0x20e00c018
CHIP::SOUTHBRIDGE::PMS::PMGR.PLL3_PLL_DELAY_CTL0 @ 0x20e00c01c
CHIP::SOUTHBRIDGE::PMS::PMGR.PLL3_PLL_DELAY_CTL1 @ 0x20e00c020
CHIP::SOUTHBRIDGE::PMS::PMGR.PLL4_CTL @ 0x20e010000
CHIP::SOUTHBRIDGE::PMS::PMGR.PLL4_CFG @ 0x20e010004
CHIP::SOUTHBRIDGE::PMS::PMGR.PLL4_ANA_PARAMS0 @ 0x20e010008
CHIP::SOUTHBRIDGE::PMS::PMGR.PLL4_ANA_PARAMS1 @ 0x20e01000c
CHIP::SOUTHBRIDGE::PMS::PMGR.PLL4_FRAC @ 0x20e010010
CHIP::SOUTHBRIDGE::PMS::PMGR.PLL4_DEBUG @ 0x20e010014
CHIP::SOUTHBRIDGE::PMS::PMGR.PLL4_DEBUG1 @ 0x20e010018
CHIP::SOUTHBRIDGE::PMS::PMGR.PLL4_PLL_DELAY_CTL0 @ 0x20e01001c
CHIP::SOUTHBRIDGE::PMS::PMGR.PLL4_PLL_DELAY_CTL1 @ 0x20e010020
CHIP::SOUTHBRIDGE::PMS::PMGR.PLL5_CTL @ 0x20e014000
CHIP::SOUTHBRIDGE::PMS::PMGR.PLL5_CFG @ 0x20e014004
CHIP::SOUTHBRIDGE::PMS::PMGR.PLL5_ANA_PARAMS0 @ 0x20e014008
CHIP::SOUTHBRIDGE::PMS::PMGR.PLL5_ANA_PARAMS1 @ 0x20e01400c
CHIP::SOUTHBRIDGE::PMS::PMGR.PLL5_FRAC @ 0x20e014010
CHIP::SOUTHBRIDGE::PMS::PMGR.PLL5_DEBUG @ 0x20e014014
CHIP::SOUTHBRIDGE::PMS::PMGR.PLL5_DEBUG1 @ 0x20e014018
CHIP::SOUTHBRIDGE::PMS::PMGR.PLL5_PLL_DELAY_CTL0 @ 0x20e01401c
CHIP::SOUTHBRIDGE::PMS::PMGR.PLL5_PLL_DELAY_CTL1 @ 0x20e014020
CHIP::SOUTHBRIDGE::PMS::PMGR.PLL_PCIE_CTL @ 0x20e018000
CHIP::SOUTHBRIDGE::PMS::PMGR.PLL_PCIE_CFG @ 0x20e018004
CHIP::SOUTHBRIDGE::PMS::PMGR.PLL_PCIE_ANA_PARAMS0 @ 0x20e018008
CHIP::SOUTHBRIDGE::PMS::PMGR.PLL_PCIE_ANA_PARAMS1 @ 0x20e01800c
CHIP::SOUTHBRIDGE::PMS::PMGR.PLL_PCIE_ANA_PARAMS2 @ 0x20e018010
CHIP::SOUTHBRIDGE::PMS::PMGR.PLL_PCIE_ANA_PARAMS3 @ 0x20e018014
CHIP::SOUTHBRIDGE::PMS::PMGR.PLL_PCIE_FRAC @ 0x20e018018
CHIP::SOUTHBRIDGE::PMS::PMGR.PLL_PCIE_DEBUG @ 0x20e01801c
CHIP::SOUTHBRIDGE::PMS::PMGR.PLL_PCIE_DEBUG1 @ 0x20e018020
CHIP::SOUTHBRIDGE::PMS::PMGR.PLL_PCIE_DEBUG2 @ 0x20e018024
CHIP::SOUTHBRIDGE::PMS::PMGR.PLL_PCIE_PLL_DELAY_CTL0 @ 0x20e018028
CHIP::SOUTHBRIDGE::PMS::PMGR.PLL_PCIE_PLL_DELAY_CTL1 @ 0x20e01802c
CHIP::SOUTHBRIDGE::PMS::PMGR.PCIE_REFBUF_PCIE_REFBUF0 @ 0x20e030000
CHIP::SOUTHBRIDGE::PMS::PMGR.PCIE_REFBUF_PCIE_REFBUF1 @ 0x20e030004
CHIP::SOUTHBRIDGE::PMS::PMGR.PCIE_REFBUF_PCIE_REFBUF2 @ 0x20e030008
CHIP::SOUTHBRIDGE::PMS::PMGR.PCIE_REFBUF_PCIE_REFBUF3 @ 0x20e03000c
CHIP::SOUTHBRIDGE::PMS::PMGR.CLKCFG_GFX_FENDER_CLK_CFG @ 0x20e040000
CHIP::SOUTHBRIDGE::PMS::PMGR.CLKCFG_MCU_REF_CLK_CFG @ 0x20e040004
CHIP::SOUTHBRIDGE::PMS::PMGR.CLKCFG_PMP_CLK_CFG @ 0x20e040008
CHIP::SOUTHBRIDGE::PMS::PMGR.CLKCFG_TEMP_MIPI_DSI_CLK_CFG @ 0x20e04000c
CHIP::SOUTHBRIDGE::PMS::PMGR.CLKCFG_NCO_REF0_CLK_CFG @ 0x20e040010
CHIP::SOUTHBRIDGE::PMS::PMGR.CLKCFG_NCO_REF1_CLK_CFG @ 0x20e040014
CHIP::SOUTHBRIDGE::PMS::PMGR.CLKCFG_NCO_ALG0_CLK_CFG @ 0x20e040018
CHIP::SOUTHBRIDGE::PMS::PMGR.CLKCFG_NCO_ALG1_CLK_CFG @ 0x20e04001c
CHIP::SOUTHBRIDGE::PMS::PMGR.CLKCFG_HSICPHY_REF_12M_CLK_CFG @ 0x20e040020
CHIP::SOUTHBRIDGE::PMS::PMGR.CLKCFG_USB480_0_CLK_CFG @ 0x20e040024
CHIP::SOUTHBRIDGE::PMS::PMGR.CLKCFG_USB480_1_CLK_CFG @ 0x20e040028
CHIP::SOUTHBRIDGE::PMS::PMGR.CLKCFG_USB_OHCI_48M_CLK_CFG @ 0x20e04002c
CHIP::SOUTHBRIDGE::PMS::PMGR.CLKCFG_USB_CLK_CFG @ 0x20e040030
CHIP::SOUTHBRIDGE::PMS::PMGR.CLKCFG_USB_FREE_60M_CLK_CFG @ 0x20e040034
CHIP::SOUTHBRIDGE::PMS::PMGR.CLKCFG_SIO_C_CLK_CFG @ 0x20e040038
CHIP::SOUTHBRIDGE::PMS::PMGR.CLKCFG_SIO_P_CLK_CFG @ 0x20e04003c
CHIP::SOUTHBRIDGE::PMS::PMGR.CLKCFG_ISP_C_CLK_CFG @ 0x20e040040
CHIP::SOUTHBRIDGE::PMS::PMGR.CLKCFG_ISP_CLK_CFG @ 0x20e040044
CHIP::SOUTHBRIDGE::PMS::PMGR.CLKCFG_ISP_SENSOR0_REF_CLK_CFG @ 0x20e040048
CHIP::SOUTHBRIDGE::PMS::PMGR.CLKCFG_ISP_SENSOR1_REF_CLK_CFG @ 0x20e04004c
CHIP::SOUTHBRIDGE::PMS::PMGR.CLKCFG_VDEC_CLK_CFG @ 0x20e040050
CHIP::SOUTHBRIDGE::PMS::PMGR.CLKCFG_VENC_CLK_CFG @ 0x20e040054
CHIP::SOUTHBRIDGE::PMS::PMGR.CLKCFG_VID0_CLK_CFG @ 0x20e040058
CHIP::SOUTHBRIDGE::PMS::PMGR.CLKCFG_DISP0_CLK_CFG @ 0x20e04005c
CHIP::SOUTHBRIDGE::PMS::PMGR.CLKCFG_AJPEG_IP_CLK_CFG @ 0x20e040060
CHIP::SOUTHBRIDGE::PMS::PMGR.CLKCFG_AJPEG_WRAP_CLK_CFG @ 0x20e040064
CHIP::SOUTHBRIDGE::PMS::PMGR.CLKCFG_MSR_CLK_CFG @ 0x20e040068
CHIP::SOUTHBRIDGE::PMS::PMGR.CLKCFG_AF_CLK_CFG @ 0x20e04006c
CHIP::SOUTHBRIDGE::PMS::PMGR.CLKCFG_SBR_CLK_CFG @ 0x20e040070
CHIP::SOUTHBRIDGE::PMS::PMGR.CLKCFG_MCA0_M_CLK_CFG @ 0x20e040074
CHIP::SOUTHBRIDGE::PMS::PMGR.CLKCFG_MCA1_M_CLK_CFG @ 0x20e040078
CHIP::SOUTHBRIDGE::PMS::PMGR.CLKCFG_MCA2_M_CLK_CFG @ 0x20e04007c
CHIP::SOUTHBRIDGE::PMS::PMGR.CLKCFG_MCA3_M_CLK_CFG @ 0x20e040080
CHIP::SOUTHBRIDGE::PMS::PMGR.CLKCFG_MCA4_M_CLK_CFG @ 0x20e040084
CHIP::SOUTHBRIDGE::PMS::PMGR.CLKCFG_SEP_CLK_CFG @ 0x20e040088
CHIP::SOUTHBRIDGE::PMS::PMGR.CLKCFG_GPIO_CLK_CFG @ 0x20e04008c
CHIP::SOUTHBRIDGE::PMS::PMGR.CLKCFG_SPI0_N_CLK_CFG @ 0x20e040090
CHIP::SOUTHBRIDGE::PMS::PMGR.CLKCFG_SPI1_N_CLK_CFG @ 0x20e040094
CHIP::SOUTHBRIDGE::PMS::PMGR.CLKCFG_SPI2_N_CLK_CFG @ 0x20e040098
CHIP::SOUTHBRIDGE::PMS::PMGR.CLKCFG_SPI3_N_CLK_CFG @ 0x20e04009c
CHIP::SOUTHBRIDGE::PMS::PMGR.CLKCFG_PCIE_APP_CLK_CFG @ 0x20e0400a0
CHIP::SOUTHBRIDGE::PMS::PMGR.CLKCFG_TMPS_CLK_CFG @ 0x20e0400a4
CHIP::SOUTHBRIDGE::PMS::PMGR.CLKCFG_UVD_CLK_CFG @ 0x20e0400a8
CHIP::SOUTHBRIDGE::PMS::PMGR.CLKCFG_S0_CLK_CFG @ 0x20e040200
CHIP::SOUTHBRIDGE::PMS::PMGR.CLKCFG_S1_CLK_CFG @ 0x20e040204
CHIP::SOUTHBRIDGE::PMS::PMGR.CLKCFG_S2_CLK_CFG @ 0x20e040208
CHIP::SOUTHBRIDGE::PMS::PMGR.CLKCFG_S3_CLK_CFG @ 0x20e04020c
CHIP::SOUTHBRIDGE::PMS::PMGR.CLKCFG_ISP_REF0_CLK_CFG @ 0x20e040210
CHIP::SOUTHBRIDGE::PMS::PMGR.CLKCFG_ISP_REF1_CLK_CFG @ 0x20e040214
CHIP::SOUTHBRIDGE::PMS::PMGR.CLKCFG_CLK_DIVIDER_ACG_CFG @ 0x20e040300
CHIP::SOUTHBRIDGE::PMS::PMGR.CLKCFG_CLK_POWER_CONFIG @ 0x20e040304
CHIP::SOUTHBRIDGE::PMS::PMGR.CLKCTL_TEST_CLK @ 0x20e040800
CHIP::SOUTHBRIDGE::PMS::PMGR.CLKCTL_MCU_CLK_DEBUG @ 0x20e040810
CHIP::SOUTHBRIDGE::PMS::PMGR.NCO_NCO0_CLK_CFG @ 0x20e044000
CHIP::SOUTHBRIDGE::PMS::PMGR.NCO_NCO0_DIV_INT @ 0x20e044004
CHIP::SOUTHBRIDGE::PMS::PMGR.NCO_NCO0_DIV_FRAC_N1 @ 0x20e044008
CHIP::SOUTHBRIDGE::PMS::PMGR.NCO_NCO0_DIV_FRAC_N2 @ 0x20e04400c
CHIP::SOUTHBRIDGE::PMS::PMGR.NCO_NCO0_DIV_FRAC_PRIME @ 0x20e044010
CHIP::SOUTHBRIDGE::PMS::PMGR.NCO_NCO1_CLK_CFG @ 0x20e048000
CHIP::SOUTHBRIDGE::PMS::PMGR.NCO_NCO1_DIV_INT @ 0x20e048004
CHIP::SOUTHBRIDGE::PMS::PMGR.NCO_NCO1_DIV_FRAC_N1 @ 0x20e048008
CHIP::SOUTHBRIDGE::PMS::PMGR.NCO_NCO1_DIV_FRAC_N2 @ 0x20e04800c
CHIP::SOUTHBRIDGE::PMS::PMGR.NCO_NCO1_DIV_FRAC_PRIME @ 0x20e048010
CHIP::SOUTHBRIDGE::PMS::PMGR.NCO_NCO2_CLK_CFG @ 0x20e04c000
CHIP::SOUTHBRIDGE::PMS::PMGR.NCO_NCO2_DIV_INT @ 0x20e04c004
CHIP::SOUTHBRIDGE::PMS::PMGR.NCO_NCO2_DIV_FRAC_N1 @ 0x20e04c008
CHIP::SOUTHBRIDGE::PMS::PMGR.NCO_NCO2_DIV_FRAC_N2 @ 0x20e04c00c
CHIP::SOUTHBRIDGE::PMS::PMGR.NCO_NCO2_DIV_FRAC_PRIME @ 0x20e04c010
CHIP::SOUTHBRIDGE::PMS::PMGR.NCO_NCO3_CLK_CFG @ 0x20e050000
CHIP::SOUTHBRIDGE::PMS::PMGR.NCO_NCO3_DIV_INT @ 0x20e050004
CHIP::SOUTHBRIDGE::PMS::PMGR.NCO_NCO3_DIV_FRAC_N1 @ 0x20e050008
CHIP::SOUTHBRIDGE::PMS::PMGR.NCO_NCO3_DIV_FRAC_N2 @ 0x20e05000c
CHIP::SOUTHBRIDGE::PMS::PMGR.NCO_NCO3_DIV_FRAC_PRIME @ 0x20e050010
CHIP::SOUTHBRIDGE::PMS::PMGR.NCO_NCO4_CLK_CFG @ 0x20e054000
CHIP::SOUTHBRIDGE::PMS::PMGR.NCO_NCO4_DIV_INT @ 0x20e054004
CHIP::SOUTHBRIDGE::PMS::PMGR.NCO_NCO4_DIV_FRAC_N1 @ 0x20e054008
CHIP::SOUTHBRIDGE::PMS::PMGR.NCO_NCO4_DIV_FRAC_N2 @ 0x20e05400c
CHIP::SOUTHBRIDGE::PMS::PMGR.NCO_NCO4_DIV_FRAC_PRIME @ 0x20e054010
CHIP::SOUTHBRIDGE::PMS::PMGR.SOC_PERF_STATE_SOC_PERF_STATE_CTL @ 0x20e068000
CHIP::SOUTHBRIDGE::PMS::PMGR.SOC_PERF_STATE_SOC_PERF_STATE_CTL_PEND @ 0x20e068004
CHIP::SOUTHBRIDGE::PMS::PMGR.SOC_PERF_STATE_SOC_PERF_STATE_SOCHOT @ 0x20e068008
CHIP::SOUTHBRIDGE::PMS::PMGR.SOC_PERF_STATE_SOC_PERF_STATE_DEBUG @ 0x20e06800c
CHIP::SOUTHBRIDGE::PMS::PMGR.SOC_PERF_STATE_SOC_PERF_STATE_ENTRY_0A @ 0x20e068010
CHIP::SOUTHBRIDGE::PMS::PMGR.SOC_PERF_STATE_SOC_PERF_STATE_ENTRY_0B @ 0x20e068014
CHIP::SOUTHBRIDGE::PMS::PMGR.SOC_PERF_STATE_SOC_PERF_STATE_ENTRY_0C @ 0x20e068018
CHIP::SOUTHBRIDGE::PMS::PMGR.SOC_PERF_STATE_SOC_PERF_STATE_ENTRY_0D @ 0x20e06801c
CHIP::SOUTHBRIDGE::PMS::PMGR.SOC_PERF_STATE_SOC_PERF_STATE_ENTRY_1A @ 0x20e068020
CHIP::SOUTHBRIDGE::PMS::PMGR.SOC_PERF_STATE_SOC_PERF_STATE_ENTRY_1B @ 0x20e068024
CHIP::SOUTHBRIDGE::PMS::PMGR.SOC_PERF_STATE_SOC_PERF_STATE_ENTRY_1C @ 0x20e068028
CHIP::SOUTHBRIDGE::PMS::PMGR.SOC_PERF_STATE_SOC_PERF_STATE_ENTRY_1D @ 0x20e06802c
CHIP::SOUTHBRIDGE::PMS::PMGR.SOC_PERF_STATE_SOC_PERF_STATE_ENTRY_2A @ 0x20e068030
CHIP::SOUTHBRIDGE::PMS::PMGR.SOC_PERF_STATE_SOC_PERF_STATE_ENTRY_2B @ 0x20e068034
CHIP::SOUTHBRIDGE::PMS::PMGR.SOC_PERF_STATE_SOC_PERF_STATE_ENTRY_2C @ 0x20e068038
CHIP::SOUTHBRIDGE::PMS::PMGR.SOC_PERF_STATE_SOC_PERF_STATE_ENTRY_2D @ 0x20e06803c
CHIP::SOUTHBRIDGE::PMS::PMGR.SOC_PERF_STATE_SOC_PERF_STATE_ENTRY_3A @ 0x20e068040
CHIP::SOUTHBRIDGE::PMS::PMGR.SOC_PERF_STATE_SOC_PERF_STATE_ENTRY_3B @ 0x20e068044
CHIP::SOUTHBRIDGE::PMS::PMGR.SOC_PERF_STATE_SOC_PERF_STATE_ENTRY_3C @ 0x20e068048
CHIP::SOUTHBRIDGE::PMS::PMGR.SOC_PERF_STATE_SOC_PERF_STATE_ENTRY_3D @ 0x20e06804c
CHIP::SOUTHBRIDGE::PMS::PMGR.SOC_PERF_STATE_SOC_PERF_STATE_ENTRY_4A @ 0x20e068050
CHIP::SOUTHBRIDGE::PMS::PMGR.SOC_PERF_STATE_SOC_PERF_STATE_ENTRY_4B @ 0x20e068054
CHIP::SOUTHBRIDGE::PMS::PMGR.SOC_PERF_STATE_SOC_PERF_STATE_ENTRY_4C @ 0x20e068058
CHIP::SOUTHBRIDGE::PMS::PMGR.SOC_PERF_STATE_SOC_PERF_STATE_ENTRY_4D @ 0x20e06805c
CHIP::SOUTHBRIDGE::PMS::PMGR.SOC_PERF_STATE_SOC_PERF_STATE_ENTRY_5A @ 0x20e068060
CHIP::SOUTHBRIDGE::PMS::PMGR.SOC_PERF_STATE_SOC_PERF_STATE_ENTRY_5B @ 0x20e068064
CHIP::SOUTHBRIDGE::PMS::PMGR.SOC_PERF_STATE_SOC_PERF_STATE_ENTRY_5C @ 0x20e068068
CHIP::SOUTHBRIDGE::PMS::PMGR.SOC_PERF_STATE_SOC_PERF_STATE_ENTRY_5D @ 0x20e06806c
CHIP::SOUTHBRIDGE::PMS::PMGR.SOC_PERF_STATE_SOC_PERF_STATE_ENTRY_6A @ 0x20e068070
CHIP::SOUTHBRIDGE::PMS::PMGR.SOC_PERF_STATE_SOC_PERF_STATE_ENTRY_6B @ 0x20e068074
CHIP::SOUTHBRIDGE::PMS::PMGR.SOC_PERF_STATE_SOC_PERF_STATE_ENTRY_6C @ 0x20e068078
CHIP::SOUTHBRIDGE::PMS::PMGR.SOC_PERF_STATE_SOC_PERF_STATE_ENTRY_6D @ 0x20e06807c
CHIP::SOUTHBRIDGE::PMS::PMGR.SOC_PERF_STATE_SOC_PERF_STATE_ENTRY_7A @ 0x20e068080
CHIP::SOUTHBRIDGE::PMS::PMGR.SOC_PERF_STATE_SOC_PERF_STATE_ENTRY_7B @ 0x20e068084
CHIP::SOUTHBRIDGE::PMS::PMGR.SOC_PERF_STATE_SOC_PERF_STATE_ENTRY_7C @ 0x20e068088
CHIP::SOUTHBRIDGE::PMS::PMGR.SOC_PERF_STATE_SOC_PERF_STATE_ENTRY_7D @ 0x20e06808c
CHIP::SOUTHBRIDGE::PMS::PMGR.SOC_PERF_STATE_SOC_PERF_STATE_ENTRY_8A @ 0x20e068090
CHIP::SOUTHBRIDGE::PMS::PMGR.SOC_PERF_STATE_SOC_PERF_STATE_ENTRY_8B @ 0x20e068094
CHIP::SOUTHBRIDGE::PMS::PMGR.SOC_PERF_STATE_SOC_PERF_STATE_ENTRY_8C @ 0x20e068098
CHIP::SOUTHBRIDGE::PMS::PMGR.SOC_PERF_STATE_SOC_PERF_STATE_ENTRY_8D @ 0x20e06809c
CHIP::SOUTHBRIDGE::PMS::PMGR.SOC_PERF_STATE_SOC_PERF_STATE_ENTRY_9A @ 0x20e0680a0
CHIP::SOUTHBRIDGE::PMS::PMGR.SOC_PERF_STATE_SOC_PERF_STATE_ENTRY_9B @ 0x20e0680a4
CHIP::SOUTHBRIDGE::PMS::PMGR.SOC_PERF_STATE_SOC_PERF_STATE_ENTRY_9C @ 0x20e0680a8
CHIP::SOUTHBRIDGE::PMS::PMGR.SOC_PERF_STATE_SOC_PERF_STATE_ENTRY_9D @ 0x20e0680ac
CHIP::SOUTHBRIDGE::PMS::PMGR.SOC_PERF_STATE_SOC_PERF_STATE_ENTRY_10A @ 0x20e0680b0
CHIP::SOUTHBRIDGE::PMS::PMGR.SOC_PERF_STATE_SOC_PERF_STATE_ENTRY_10B @ 0x20e0680b4
CHIP::SOUTHBRIDGE::PMS::PMGR.SOC_PERF_STATE_SOC_PERF_STATE_ENTRY_10C @ 0x20e0680b8
CHIP::SOUTHBRIDGE::PMS::PMGR.SOC_PERF_STATE_SOC_PERF_STATE_ENTRY_10D @ 0x20e0680bc
CHIP::SOUTHBRIDGE::PMS::PMGR.SOC_PERF_STATE_SOC_PERF_STATE_ENTRY_11A @ 0x20e0680c0
CHIP::SOUTHBRIDGE::PMS::PMGR.SOC_PERF_STATE_SOC_PERF_STATE_ENTRY_11B @ 0x20e0680c4
CHIP::SOUTHBRIDGE::PMS::PMGR.SOC_PERF_STATE_SOC_PERF_STATE_ENTRY_11C @ 0x20e0680c8
CHIP::SOUTHBRIDGE::PMS::PMGR.SOC_PERF_STATE_SOC_PERF_STATE_ENTRY_11D @ 0x20e0680cc
CHIP::SOUTHBRIDGE::PMS::PMGR.SOC_PERF_STATE_SOC_PERF_STATE_ENTRY_12A @ 0x20e0680d0
CHIP::SOUTHBRIDGE::PMS::PMGR.SOC_PERF_STATE_SOC_PERF_STATE_ENTRY_12B @ 0x20e0680d4
CHIP::SOUTHBRIDGE::PMS::PMGR.SOC_PERF_STATE_SOC_PERF_STATE_ENTRY_12C @ 0x20e0680d8
CHIP::SOUTHBRIDGE::PMS::PMGR.SOC_PERF_STATE_SOC_PERF_STATE_ENTRY_12D @ 0x20e0680dc
CHIP::SOUTHBRIDGE::PMS::PMGR.SOC_PERF_STATE_SOC_PERF_STATE_ENTRY_13A @ 0x20e0680e0
CHIP::SOUTHBRIDGE::PMS::PMGR.SOC_PERF_STATE_SOC_PERF_STATE_ENTRY_13B @ 0x20e0680e4
CHIP::SOUTHBRIDGE::PMS::PMGR.SOC_PERF_STATE_SOC_PERF_STATE_ENTRY_13C @ 0x20e0680e8
CHIP::SOUTHBRIDGE::PMS::PMGR.SOC_PERF_STATE_SOC_PERF_STATE_ENTRY_13D @ 0x20e0680ec
CHIP::SOUTHBRIDGE::PMS::PMGR.SOC_PERF_STATE_SOC_PERF_STATE_ENTRY_14A @ 0x20e0680f0
CHIP::SOUTHBRIDGE::PMS::PMGR.SOC_PERF_STATE_SOC_PERF_STATE_ENTRY_14B @ 0x20e0680f4
CHIP::SOUTHBRIDGE::PMS::PMGR.SOC_PERF_STATE_SOC_PERF_STATE_ENTRY_14C @ 0x20e0680f8
CHIP::SOUTHBRIDGE::PMS::PMGR.SOC_PERF_STATE_SOC_PERF_STATE_ENTRY_14D @ 0x20e0680fc
CHIP::SOUTHBRIDGE::PMS::PMGR.SOC_PERF_STATE_SOC_PERF_STATE_ENTRY_15A @ 0x20e068100
CHIP::SOUTHBRIDGE::PMS::PMGR.SOC_PERF_STATE_SOC_PERF_STATE_ENTRY_15B @ 0x20e068104
CHIP::SOUTHBRIDGE::PMS::PMGR.SOC_PERF_STATE_SOC_PERF_STATE_ENTRY_15C @ 0x20e068108
CHIP::SOUTHBRIDGE::PMS::PMGR.SOC_PERF_STATE_SOC_PERF_STATE_ENTRY_15D @ 0x20e06810c
CHIP::SOUTHBRIDGE::PMS::PMGR.GFX_PERF_STATE_GFX_PERF_STATE_ENTRY0A @ 0x20e070000
CHIP::SOUTHBRIDGE::PMS::PMGR.GFX_PERF_STATE_GFX_PERF_STATE_ENTRY0B @ 0x20e070004
CHIP::SOUTHBRIDGE::PMS::PMGR.GFX_PERF_STATE_GFX_PERF_STATE_ENTRY0C @ 0x20e070008
CHIP::SOUTHBRIDGE::PMS::PMGR.GFX_PERF_STATE_GFX_PERF_STATE_ENTRY1A @ 0x20e070010
CHIP::SOUTHBRIDGE::PMS::PMGR.GFX_PERF_STATE_GFX_PERF_STATE_ENTRY1B @ 0x20e070014
CHIP::SOUTHBRIDGE::PMS::PMGR.GFX_PERF_STATE_GFX_PERF_STATE_ENTRY1C @ 0x20e070018
CHIP::SOUTHBRIDGE::PMS::PMGR.GFX_PERF_STATE_GFX_PERF_STATE_ENTRY2A @ 0x20e070020
CHIP::SOUTHBRIDGE::PMS::PMGR.GFX_PERF_STATE_GFX_PERF_STATE_ENTRY2B @ 0x20e070024
CHIP::SOUTHBRIDGE::PMS::PMGR.GFX_PERF_STATE_GFX_PERF_STATE_ENTRY2C @ 0x20e070028
CHIP::SOUTHBRIDGE::PMS::PMGR.GFX_PERF_STATE_GFX_PERF_STATE_ENTRY3A @ 0x20e070030
CHIP::SOUTHBRIDGE::PMS::PMGR.GFX_PERF_STATE_GFX_PERF_STATE_ENTRY3B @ 0x20e070034
CHIP::SOUTHBRIDGE::PMS::PMGR.GFX_PERF_STATE_GFX_PERF_STATE_ENTRY3C @ 0x20e070038
CHIP::SOUTHBRIDGE::PMS::PMGR.GFX_PERF_STATE_GFX_PERF_STATE_ENTRY4A @ 0x20e070040
CHIP::SOUTHBRIDGE::PMS::PMGR.GFX_PERF_STATE_GFX_PERF_STATE_ENTRY4B @ 0x20e070044
CHIP::SOUTHBRIDGE::PMS::PMGR.GFX_PERF_STATE_GFX_PERF_STATE_ENTRY4C @ 0x20e070048
CHIP::SOUTHBRIDGE::PMS::PMGR.GFX_PERF_STATE_GFX_PERF_STATE_ENTRY5A @ 0x20e070050
CHIP::SOUTHBRIDGE::PMS::PMGR.GFX_PERF_STATE_GFX_PERF_STATE_ENTRY5B @ 0x20e070054
CHIP::SOUTHBRIDGE::PMS::PMGR.GFX_PERF_STATE_GFX_PERF_STATE_ENTRY5C @ 0x20e070058
CHIP::SOUTHBRIDGE::PMS::PMGR.GFX_PERF_STATE_GFX_PERF_STATE_ENTRY6A @ 0x20e070060
CHIP::SOUTHBRIDGE::PMS::PMGR.GFX_PERF_STATE_GFX_PERF_STATE_ENTRY6B @ 0x20e070064
CHIP::SOUTHBRIDGE::PMS::PMGR.GFX_PERF_STATE_GFX_PERF_STATE_ENTRY6C @ 0x20e070068
CHIP::SOUTHBRIDGE::PMS::PMGR.GFX_PERF_STATE_GFX_PERF_STATE_ENTRY7A @ 0x20e070070
CHIP::SOUTHBRIDGE::PMS::PMGR.GFX_PERF_STATE_GFX_PERF_STATE_ENTRY7B @ 0x20e070074
CHIP::SOUTHBRIDGE::PMS::PMGR.GFX_PERF_STATE_GFX_PERF_STATE_ENTRY7C @ 0x20e070078
CHIP::SOUTHBRIDGE::PMS::PMGR.GFX_PERF_STATE_GFX_PERF_STATE_ENTRY8A @ 0x20e070080
CHIP::SOUTHBRIDGE::PMS::PMGR.GFX_PERF_STATE_GFX_PERF_STATE_ENTRY8B @ 0x20e070084
CHIP::SOUTHBRIDGE::PMS::PMGR.GFX_PERF_STATE_GFX_PERF_STATE_ENTRY8C @ 0x20e070088
CHIP::SOUTHBRIDGE::PMS::PMGR.GFX_PERF_STATE_GFX_PERF_STATE_ENTRY9A @ 0x20e070090
CHIP::SOUTHBRIDGE::PMS::PMGR.GFX_PERF_STATE_GFX_PERF_STATE_ENTRY9B @ 0x20e070094
CHIP::SOUTHBRIDGE::PMS::PMGR.GFX_PERF_STATE_GFX_PERF_STATE_ENTRY9C @ 0x20e070098
CHIP::SOUTHBRIDGE::PMS::PMGR.GFX_PERF_STATE_GFX_PERF_STATE_ENTRY10A @ 0x20e0700a0
CHIP::SOUTHBRIDGE::PMS::PMGR.GFX_PERF_STATE_GFX_PERF_STATE_ENTRY10B @ 0x20e0700a4
CHIP::SOUTHBRIDGE::PMS::PMGR.GFX_PERF_STATE_GFX_PERF_STATE_ENTRY10C @ 0x20e0700a8
CHIP::SOUTHBRIDGE::PMS::PMGR.GFX_PERF_STATE_GFX_PERF_STATE_ENTRY11A @ 0x20e0700b0
CHIP::SOUTHBRIDGE::PMS::PMGR.GFX_PERF_STATE_GFX_PERF_STATE_ENTRY11B @ 0x20e0700b4
CHIP::SOUTHBRIDGE::PMS::PMGR.GFX_PERF_STATE_GFX_PERF_STATE_ENTRY11C @ 0x20e0700b8
CHIP::SOUTHBRIDGE::PMS::PMGR.GFX_PERF_STATE_GFX_PERF_STATE_ENTRY12A @ 0x20e0700c0
CHIP::SOUTHBRIDGE::PMS::PMGR.GFX_PERF_STATE_GFX_PERF_STATE_ENTRY12B @ 0x20e0700c4
CHIP::SOUTHBRIDGE::PMS::PMGR.GFX_PERF_STATE_GFX_PERF_STATE_ENTRY12C @ 0x20e0700c8
CHIP::SOUTHBRIDGE::PMS::PMGR.GFX_PERF_STATE_GFX_PERF_STATE_ENTRY13A @ 0x20e0700d0
CHIP::SOUTHBRIDGE::PMS::PMGR.GFX_PERF_STATE_GFX_PERF_STATE_ENTRY13B @ 0x20e0700d4
CHIP::SOUTHBRIDGE::PMS::PMGR.GFX_PERF_STATE_GFX_PERF_STATE_ENTRY13C @ 0x20e0700d8
CHIP::SOUTHBRIDGE::PMS::PMGR.GFX_PERF_STATE_GFX_PERF_STATE_ENTRY14A @ 0x20e0700e0
CHIP::SOUTHBRIDGE::PMS::PMGR.GFX_PERF_STATE_GFX_PERF_STATE_ENTRY14B @ 0x20e0700e4
CHIP::SOUTHBRIDGE::PMS::PMGR.GFX_PERF_STATE_GFX_PERF_STATE_ENTRY14C @ 0x20e0700e8
CHIP::SOUTHBRIDGE::PMS::PMGR.GFX_PERF_STATE_GFX_PERF_STATE_ENTRY15A @ 0x20e0700f0
CHIP::SOUTHBRIDGE::PMS::PMGR.GFX_PERF_STATE_GFX_PERF_STATE_ENTRY15B @ 0x20e0700f4
CHIP::SOUTHBRIDGE::PMS::PMGR.GFX_PERF_STATE_GFX_PERF_STATE_ENTRY15C @ 0x20e0700f8
CHIP::SOUTHBRIDGE::PMS::PMGR.GFX_PERF_STATE_GFX_PERF_STATE_CTL @ 0x20e070200
CHIP::SOUTHBRIDGE::PMS::PMGR.GFX_PERF_STATE_GFX_PERF_STATE_SOCHOT @ 0x20e070300
CHIP::SOUTHBRIDGE::PMS::PMGR.GFX_DITHER_CTL @ 0x20e074000
CHIP::SOUTHBRIDGE::PMS::PMGR.GFX_DITHER_DITHER0 @ 0x20e074004
CHIP::SOUTHBRIDGE::PMS::PMGR.GFX_DITHER_DITHER1 @ 0x20e074008
CHIP::SOUTHBRIDGE::PMS::PMGR.GFX_DITHER_DITHER2 @ 0x20e07400c
CHIP::SOUTHBRIDGE::PMS::PMGR.GFX_DITHER_DITHER3 @ 0x20e074010
CHIP::SOUTHBRIDGE::PMS::PMGR.GFX_DITHER_DITHER4 @ 0x20e074014
CHIP::SOUTHBRIDGE::PMS::PMGR.GFX_DITHER_DITHER5 @ 0x20e074018
CHIP::SOUTHBRIDGE::PMS::PMGR.TOUCH_CTL @ 0x20e078000
CHIP::SOUTHBRIDGE::PMS::PMGR.PMGRCLKGEN_DEBUG_PMGRCLKGEN_DEBUG0 @ 0x20e07c000
CHIP::SOUTHBRIDGE::PMS::PMGR.PMGRCLKGEN_DEBUG_PMGRCLKGEN_DEBUG1 @ 0x20e07c004
CHIP::SOUTHBRIDGE::PMS::PMGR.PMGRCLKGEN_DEBUG_PMGRCLKGEN_DEBUG2 @ 0x20e07c008
CHIP::SOUTHBRIDGE::PMS::PMGR.PMGRCLKGEN_DEBUG_PMGRCLKGEN_DEBUG3 @ 0x20e07c00c
CHIP::SOUTHBRIDGE::PMS::PMGR.PMGRCLKGEN_DEBUG_PMGRCLKGEN_DEBUG4 @ 0x20e07c010
CHIP::SOUTHBRIDGE::PMS::PMGR.PMGRPLLS_DEBUG_PMGRPLLS_DEBUG0 @ 0x20e07c400
CHIP::SOUTHBRIDGE::PMS::PMGR.PS_CPU0_PS @ 0x20e080000
CHIP::SOUTHBRIDGE::PMS::PMGR.PS_CPU1_PS @ 0x20e080008
CHIP::SOUTHBRIDGE::PMS::PMGR.PS_CPM_PS @ 0x20e080040
CHIP::SOUTHBRIDGE::PMS::PMGR.PS_SBR_PS @ 0x20e080100
CHIP::SOUTHBRIDGE::PMS::PMGR.PS_AIC_PS @ 0x20e080108
CHIP::SOUTHBRIDGE::PMS::PMGR.PS_DWI_PS @ 0x20e080110
CHIP::SOUTHBRIDGE::PMS::PMGR.PS_GPIO_PS @ 0x20e080118
CHIP::SOUTHBRIDGE::PMS::PMGR.PS_PMS_PS @ 0x20e080120
CHIP::SOUTHBRIDGE::PMS::PMGR.PS_HSIC0PHY_PS @ 0x20e080128
CHIP::SOUTHBRIDGE::PMS::PMGR.PS_HSIC1PHY_PS @ 0x20e080130
CHIP::SOUTHBRIDGE::PMS::PMGR.PS_ISPSENS0_PS @ 0x20e080138
CHIP::SOUTHBRIDGE::PMS::PMGR.PS_ISPSENS1_PS @ 0x20e080140
CHIP::SOUTHBRIDGE::PMS::PMGR.PS_PCIE_REF_PS @ 0x20e080148
CHIP::SOUTHBRIDGE::PMS::PMGR.PS_SIO_BUSIF_PS @ 0x20e080150
CHIP::SOUTHBRIDGE::PMS::PMGR.PS_SIO_P_PS @ 0x20e080158
CHIP::SOUTHBRIDGE::PMS::PMGR.PS_SIO_PS @ 0x20e080160
CHIP::SOUTHBRIDGE::PMS::PMGR.PS_MCA0_PS @ 0x20e080168
CHIP::SOUTHBRIDGE::PMS::PMGR.PS_MCA1_PS @ 0x20e080170
CHIP::SOUTHBRIDGE::PMS::PMGR.PS_MCA2_PS @ 0x20e080178
CHIP::SOUTHBRIDGE::PMS::PMGR.PS_MCA3_PS @ 0x20e080180
CHIP::SOUTHBRIDGE::PMS::PMGR.PS_MCA4_PS @ 0x20e080188
CHIP::SOUTHBRIDGE::PMS::PMGR.PS_PWM0_PS @ 0x20e080190
CHIP::SOUTHBRIDGE::PMS::PMGR.PS_I2C0_PS @ 0x20e080198
CHIP::SOUTHBRIDGE::PMS::PMGR.PS_I2C1_PS @ 0x20e0801a0
CHIP::SOUTHBRIDGE::PMS::PMGR.PS_I2C2_PS @ 0x20e0801a8
CHIP::SOUTHBRIDGE::PMS::PMGR.PS_I2C3_PS @ 0x20e0801b0
CHIP::SOUTHBRIDGE::PMS::PMGR.PS_SPI0_PS @ 0x20e0801b8
CHIP::SOUTHBRIDGE::PMS::PMGR.PS_SPI1_PS @ 0x20e0801c0
CHIP::SOUTHBRIDGE::PMS::PMGR.PS_SPI2_PS @ 0x20e0801c8
CHIP::SOUTHBRIDGE::PMS::PMGR.PS_SPI3_PS @ 0x20e0801d0
CHIP::SOUTHBRIDGE::PMS::PMGR.PS_UART0_PS @ 0x20e0801d8
CHIP::SOUTHBRIDGE::PMS::PMGR.PS_UART1_PS @ 0x20e0801e0
CHIP::SOUTHBRIDGE::PMS::PMGR.PS_UART2_PS @ 0x20e0801e8
CHIP::SOUTHBRIDGE::PMS::PMGR.PS_UART3_PS @ 0x20e0801f0
CHIP::SOUTHBRIDGE::PMS::PMGR.PS_UART4_PS @ 0x20e0801f8
CHIP::SOUTHBRIDGE::PMS::PMGR.PS_UART5_PS @ 0x20e080200
CHIP::SOUTHBRIDGE::PMS::PMGR.PS_UART6_PS @ 0x20e080208
CHIP::SOUTHBRIDGE::PMS::PMGR.PS_UART7_PS @ 0x20e080210
CHIP::SOUTHBRIDGE::PMS::PMGR.PS_UART8_PS @ 0x20e080218
CHIP::SOUTHBRIDGE::PMS::PMGR.PS_AES0_PS @ 0x20e080220
CHIP::SOUTHBRIDGE::PMS::PMGR.PS_MCC_PS @ 0x20e080228
CHIP::SOUTHBRIDGE::PMS::PMGR.PS_DCS0_PS @ 0x20e080230
CHIP::SOUTHBRIDGE::PMS::PMGR.PS_DCS1_PS @ 0x20e080238
CHIP::SOUTHBRIDGE::PMS::PMGR.PS_DCS2_PS @ 0x20e080240
CHIP::SOUTHBRIDGE::PMS::PMGR.PS_DCS3_PS @ 0x20e080248
CHIP::SOUTHBRIDGE::PMS::PMGR.PS_USB_PS @ 0x20e080250
CHIP::SOUTHBRIDGE::PMS::PMGR.PS_USBCTLREG_PS @ 0x20e080258
CHIP::SOUTHBRIDGE::PMS::PMGR.PS_USB2HOST0_PS @ 0x20e080260
CHIP::SOUTHBRIDGE::PMS::PMGR.PS_USB2HOST0_OHCI_PS @ 0x20e080268
CHIP::SOUTHBRIDGE::PMS::PMGR.PS_USB2HOST1_PS @ 0x20e080270
CHIP::SOUTHBRIDGE::PMS::PMGR.PS_USB2HOST1_OHCI_PS @ 0x20e080278
CHIP::SOUTHBRIDGE::PMS::PMGR.PS_USB2HOST2_PS @ 0x20e080280
CHIP::SOUTHBRIDGE::PMS::PMGR.PS_USB2HOST2_OHCI_PS @ 0x20e080288
CHIP::SOUTHBRIDGE::PMS::PMGR.PS_USB_OTG_PS @ 0x20e080290
CHIP::SOUTHBRIDGE::PMS::PMGR.PS_SMX_PS @ 0x20e080298
CHIP::SOUTHBRIDGE::PMS::PMGR.PS_SF_PS @ 0x20e0802a0
CHIP::SOUTHBRIDGE::PMS::PMGR.PS_RTMUX_PS @ 0x20e0802a8
CHIP::SOUTHBRIDGE::PMS::PMGR.PS_DISP0_PS @ 0x20e0802b0
CHIP::SOUTHBRIDGE::PMS::PMGR.PS_MIPI_DSI_PS @ 0x20e0802b8
CHIP::SOUTHBRIDGE::PMS::PMGR.PS_DP_PS @ 0x20e0802c0
CHIP::SOUTHBRIDGE::PMS::PMGR.PS_ISP_PS @ 0x20e0802c8
CHIP::SOUTHBRIDGE::PMS::PMGR.PS_MEDIA_PS @ 0x20e0802d0
CHIP::SOUTHBRIDGE::PMS::PMGR.PS_JPG_PS @ 0x20e0802d8
CHIP::SOUTHBRIDGE::PMS::PMGR.PS_MSR_PS @ 0x20e0802e0
CHIP::SOUTHBRIDGE::PMS::PMGR.PS_PMP_PS @ 0x20e0802e8
CHIP::SOUTHBRIDGE::PMS::PMGR.PS_PMS_SRAM_PS @ 0x20e0802f0
CHIP::SOUTHBRIDGE::PMS::PMGR.PS_VDEC0_PS @ 0x20e0802f8
CHIP::SOUTHBRIDGE::PMS::PMGR.PS_VENC_CPU_PS @ 0x20e080308
CHIP::SOUTHBRIDGE::PMS::PMGR.PS_PCIE_PS @ 0x20e080310
CHIP::SOUTHBRIDGE::PMS::PMGR.PS_PCIE_AUX_PS @ 0x20e080318
CHIP::SOUTHBRIDGE::PMS::PMGR.PS_PCIE_LINK0_PS @ 0x20e080320
CHIP::SOUTHBRIDGE::PMS::PMGR.PS_PCIE_LINK1_PS @ 0x20e080328
CHIP::SOUTHBRIDGE::PMS::PMGR.PS_PCIE_LINK2_PS @ 0x20e080330
CHIP::SOUTHBRIDGE::PMS::PMGR.PS_PCIE_LINK3_PS @ 0x20e080338
CHIP::SOUTHBRIDGE::PMS::PMGR.PS_GFX_PS @ 0x20e080340
CHIP::SOUTHBRIDGE::PMS::PMGR.PS_SEP_PS @ 0x20e080400
CHIP::SOUTHBRIDGE::PMS::PMGR.PS_VENC_PIPE_PS @ 0x20e088000
CHIP::SOUTHBRIDGE::PMS::PMGR.PS_VENC_ME0_PS @ 0x20e088008
CHIP::SOUTHBRIDGE::PMS::PMGR.PS_VENC_ME1_PS @ 0x20e088010
CHIP::SOUTHBRIDGE::PMS::PMGR.PWRGATE_CPU0_CFG0 @ 0x20e09c000
CHIP::SOUTHBRIDGE::PMS::PMGR.PWRGATE_CPU1_CFG0 @ 0x20e09c010
CHIP::SOUTHBRIDGE::PMS::PMGR.PWRGATE_CPM_CFG0 @ 0x20e09c080
CHIP::SOUTHBRIDGE::PMS::PMGR.PWRGATE_PWR_SIO_CFG0 @ 0x20e09c090
CHIP::SOUTHBRIDGE::PMS::PMGR.PWRGATE_PWR_SIO_CFG1 @ 0x20e09c094
CHIP::SOUTHBRIDGE::PMS::PMGR.PWRGATE_PWR_SIO_CFG2 @ 0x20e09c098
CHIP::SOUTHBRIDGE::PMS::PMGR.PWRGATE_PWR_SIO_DBG @ 0x20e09c09c
CHIP::SOUTHBRIDGE::PMS::PMGR.PWRGATE_PWR_MCC_CFG0 @ 0x20e09c0a0
CHIP::SOUTHBRIDGE::PMS::PMGR.PWRGATE_PWR_MCC_CFG1 @ 0x20e09c0a4
CHIP::SOUTHBRIDGE::PMS::PMGR.PWRGATE_PWR_MCC_CFG2 @ 0x20e09c0a8
CHIP::SOUTHBRIDGE::PMS::PMGR.PWRGATE_PWR_MCC_DBG @ 0x20e09c0ac
CHIP::SOUTHBRIDGE::PMS::PMGR.PWRGATE_PWR_DCS01_CFG0 @ 0x20e09c0b0
CHIP::SOUTHBRIDGE::PMS::PMGR.PWRGATE_PWR_DCS01_CFG1 @ 0x20e09c0b4
CHIP::SOUTHBRIDGE::PMS::PMGR.PWRGATE_PWR_DCS01_CFG2 @ 0x20e09c0b8
CHIP::SOUTHBRIDGE::PMS::PMGR.PWRGATE_PWR_DCS01_DBG @ 0x20e09c0bc
CHIP::SOUTHBRIDGE::PMS::PMGR.PWRGATE_PWR_DCS23_CFG0 @ 0x20e09c0c0
CHIP::SOUTHBRIDGE::PMS::PMGR.PWRGATE_PWR_DCS23_CFG1 @ 0x20e09c0c4
CHIP::SOUTHBRIDGE::PMS::PMGR.PWRGATE_PWR_DCS23_CFG2 @ 0x20e09c0c8
CHIP::SOUTHBRIDGE::PMS::PMGR.PWRGATE_PWR_DCS23_DBG @ 0x20e09c0cc
CHIP::SOUTHBRIDGE::PMS::PMGR.PWRGATE_PWR_USB_CFG0 @ 0x20e09c0d0
CHIP::SOUTHBRIDGE::PMS::PMGR.PWRGATE_PWR_USB_CFG1 @ 0x20e09c0d4
CHIP::SOUTHBRIDGE::PMS::PMGR.PWRGATE_PWR_USB_CFG2 @ 0x20e09c0d8
CHIP::SOUTHBRIDGE::PMS::PMGR.PWRGATE_PWR_USB_DBG @ 0x20e09c0dc
CHIP::SOUTHBRIDGE::PMS::PMGR.PWRGATE_PWR_ACS_CFG0 @ 0x20e09c0e0
CHIP::SOUTHBRIDGE::PMS::PMGR.PWRGATE_PWR_ACS_CFG1 @ 0x20e09c0e4
CHIP::SOUTHBRIDGE::PMS::PMGR.PWRGATE_PWR_ACS_CFG2 @ 0x20e09c0e8
CHIP::SOUTHBRIDGE::PMS::PMGR.PWRGATE_PWR_ACS_DBG @ 0x20e09c0ec
CHIP::SOUTHBRIDGE::PMS::PMGR.PWRGATE_PWR_DISP0_CFG0 @ 0x20e09c0f0
CHIP::SOUTHBRIDGE::PMS::PMGR.PWRGATE_PWR_DISP0_CFG1 @ 0x20e09c0f4
CHIP::SOUTHBRIDGE::PMS::PMGR.PWRGATE_PWR_DISP0_CFG2 @ 0x20e09c0f8
CHIP::SOUTHBRIDGE::PMS::PMGR.PWRGATE_PWR_DISP0_DBG @ 0x20e09c0fc
CHIP::SOUTHBRIDGE::PMS::PMGR.PWRGATE_PWR_ISP_CFG0 @ 0x20e09c100
CHIP::SOUTHBRIDGE::PMS::PMGR.PWRGATE_PWR_ISP_CFG1 @ 0x20e09c104
CHIP::SOUTHBRIDGE::PMS::PMGR.PWRGATE_PWR_ISP_CFG2 @ 0x20e09c108
CHIP::SOUTHBRIDGE::PMS::PMGR.PWRGATE_PWR_ISP_DBG @ 0x20e09c10c
CHIP::SOUTHBRIDGE::PMS::PMGR.PWRGATE_PWR_MEDIA_CFG0 @ 0x20e09c110
CHIP::SOUTHBRIDGE::PMS::PMGR.PWRGATE_PWR_MEDIA_CFG1 @ 0x20e09c114
CHIP::SOUTHBRIDGE::PMS::PMGR.PWRGATE_PWR_MEDIA_CFG2 @ 0x20e09c118
CHIP::SOUTHBRIDGE::PMS::PMGR.PWRGATE_PWR_MEDIA_DBG @ 0x20e09c11c
CHIP::SOUTHBRIDGE::PMS::PMGR.PWRGATE_PWR_MSR_CFG0 @ 0x20e09c120
CHIP::SOUTHBRIDGE::PMS::PMGR.PWRGATE_PWR_MSR_CFG1 @ 0x20e09c124
CHIP::SOUTHBRIDGE::PMS::PMGR.PWRGATE_PWR_MSR_CFG2 @ 0x20e09c128
CHIP::SOUTHBRIDGE::PMS::PMGR.PWRGATE_PWR_MSR_DBG @ 0x20e09c12c
CHIP::SOUTHBRIDGE::PMS::PMGR.PWRGATE_PWR_PMP_CFG0 @ 0x20e09c130
CHIP::SOUTHBRIDGE::PMS::PMGR.PWRGATE_PWR_PMP_CFG1 @ 0x20e09c134
CHIP::SOUTHBRIDGE::PMS::PMGR.PWRGATE_PWR_PMP_CFG2 @ 0x20e09c138
CHIP::SOUTHBRIDGE::PMS::PMGR.PWRGATE_PWR_PMP_DBG @ 0x20e09c13c
CHIP::SOUTHBRIDGE::PMS::PMGR.PWRGATE_PWR_PMS_SRAM_CFG0 @ 0x20e09c140
CHIP::SOUTHBRIDGE::PMS::PMGR.PWRGATE_PWR_PMS_SRAM_CFG1 @ 0x20e09c144
CHIP::SOUTHBRIDGE::PMS::PMGR.PWRGATE_PWR_PMS_SRAM_CFG2 @ 0x20e09c148
CHIP::SOUTHBRIDGE::PMS::PMGR.PWRGATE_PWR_PMS_SRAM_DBG @ 0x20e09c14c
CHIP::SOUTHBRIDGE::PMS::PMGR.PWRGATE_PWR_VDEC0_CFG0 @ 0x20e09c150
CHIP::SOUTHBRIDGE::PMS::PMGR.PWRGATE_PWR_VDEC0_CFG1 @ 0x20e09c154
CHIP::SOUTHBRIDGE::PMS::PMGR.PWRGATE_PWR_VDEC0_CFG2 @ 0x20e09c158
CHIP::SOUTHBRIDGE::PMS::PMGR.PWRGATE_PWR_VDEC0_DBG @ 0x20e09c15c
CHIP::SOUTHBRIDGE::PMS::PMGR.PWRGATE_PWR_VENC_CPU_CFG0 @ 0x20e09c160
CHIP::SOUTHBRIDGE::PMS::PMGR.PWRGATE_PWR_VENC_CPU_CFG1 @ 0x20e09c164
CHIP::SOUTHBRIDGE::PMS::PMGR.PWRGATE_PWR_VENC_CPU_CFG2 @ 0x20e09c168
CHIP::SOUTHBRIDGE::PMS::PMGR.PWRGATE_PWR_VENC_CPU_DBG @ 0x20e09c16c
CHIP::SOUTHBRIDGE::PMS::PMGR.PWRGATE_PWR_PCIE_CFG0 @ 0x20e09c170
CHIP::SOUTHBRIDGE::PMS::PMGR.PWRGATE_PWR_PCIE_CFG1 @ 0x20e09c174
CHIP::SOUTHBRIDGE::PMS::PMGR.PWRGATE_PWR_PCIE_CFG2 @ 0x20e09c178
CHIP::SOUTHBRIDGE::PMS::PMGR.PWRGATE_PWR_PCIE_DBG @ 0x20e09c17c
CHIP::SOUTHBRIDGE::PMS::PMGR.PWRGATE_PWR_GFX_CFG0 @ 0x20e09c180
CHIP::SOUTHBRIDGE::PMS::PMGR.PWRGATE_PWR_GFX_CFG1 @ 0x20e09c184
CHIP::SOUTHBRIDGE::PMS::PMGR.PWRGATE_PWR_GFX_CFG2 @ 0x20e09c188
CHIP::SOUTHBRIDGE::PMS::PMGR.PWRGATE_PWR_GFX_DBG @ 0x20e09c18c
CHIP::SOUTHBRIDGE::PMS::PMGR.PWRGATE_PWR_SEP_CFG0 @ 0x20e09c190
CHIP::SOUTHBRIDGE::PMS::PMGR.PWRGATE_PWR_SEP_CFG1 @ 0x20e09c194
CHIP::SOUTHBRIDGE::PMS::PMGR.PWRGATE_PWR_SEP_CFG2 @ 0x20e09c198
CHIP::SOUTHBRIDGE::PMS::PMGR.PWRGATE_PWR_SEP_DBG @ 0x20e09c19c
CHIP::SOUTHBRIDGE::PMS::PMGR.PWRGATE_PWR_VENC_PIPE_CFG0 @ 0x20e09c1a0
CHIP::SOUTHBRIDGE::PMS::PMGR.PWRGATE_PWR_VENC_PIPE_CFG1 @ 0x20e09c1a4
CHIP::SOUTHBRIDGE::PMS::PMGR.PWRGATE_PWR_VENC_PIPE_CFG2 @ 0x20e09c1a8
CHIP::SOUTHBRIDGE::PMS::PMGR.PWRGATE_PWR_VENC_PIPE_DBG @ 0x20e09c1ac
CHIP::SOUTHBRIDGE::PMS::PMGR.PWRGATE_PWR_VENC_ME0_CFG0 @ 0x20e09c1b0
CHIP::SOUTHBRIDGE::PMS::PMGR.PWRGATE_PWR_VENC_ME0_CFG1 @ 0x20e09c1b4
CHIP::SOUTHBRIDGE::PMS::PMGR.PWRGATE_PWR_VENC_ME0_CFG2 @ 0x20e09c1b8
CHIP::SOUTHBRIDGE::PMS::PMGR.PWRGATE_PWR_VENC_ME0_DBG @ 0x20e09c1bc
CHIP::SOUTHBRIDGE::PMS::PMGR.PWRGATE_PWR_VENC_ME1_CFG0 @ 0x20e09c1c0
CHIP::SOUTHBRIDGE::PMS::PMGR.PWRGATE_PWR_VENC_ME1_CFG1 @ 0x20e09c1c4
CHIP::SOUTHBRIDGE::PMS::PMGR.PWRGATE_PWR_VENC_ME1_CFG2 @ 0x20e09c1c8
CHIP::SOUTHBRIDGE::PMS::PMGR.PWRGATE_PWR_VENC_ME1_DBG @ 0x20e09c1cc
CHIP::SOUTHBRIDGE::PMS::PMGR.PWRGATE_PWR_DUP_TAGS @ 0x20e09d000
CHIP::SOUTHBRIDGE::PMS::PMGR.VOLMAN_VOLMAN_CTL @ 0x20e0a0000
CHIP::SOUTHBRIDGE::PMS::PMGR.VOLMAN_VOLMAN_BUCK_MAP @ 0x20e0a0004
CHIP::SOUTHBRIDGE::PMS::PMGR.VOLMAN_VOLMAN_SOC_VOLTAGE @ 0x20e0a0008
CHIP::SOUTHBRIDGE::PMS::PMGR.VOLMAN_VOLMAN_GFX_SRAM_VOLTAGE @ 0x20e0a000c
CHIP::SOUTHBRIDGE::PMS::PMGR.VOLMAN_VOLMAN_CPU_SRAM_VOLTAGE @ 0x20e0a0010
CHIP::SOUTHBRIDGE::PMS::PMGR.VOLMAN_VOLMAN_GFX_VOLTAGE @ 0x20e0a0014
CHIP::SOUTHBRIDGE::PMS::PMGR.VOLMAN_VOLMAN_CPU_VOLTAGE @ 0x20e0a0018
CHIP::SOUTHBRIDGE::PMS::PMGR.VOLMAN_VOLMAN_SOC_DELAY @ 0x20e0a001c
CHIP::SOUTHBRIDGE::PMS::PMGR.VOLMAN_VOLMAN_GFX_SRAM_DELAY @ 0x20e0a0020
CHIP::SOUTHBRIDGE::PMS::PMGR.VOLMAN_VOLMAN_CPU_SRAM_DELAY @ 0x20e0a0024
CHIP::SOUTHBRIDGE::PMS::PMGR.VOLMAN_VOLMAN_GFX_DELAY @ 0x20e0a0028
CHIP::SOUTHBRIDGE::PMS::PMGR.VOLMAN_VOLMAN_CPU_DELAY @ 0x20e0a002c
CHIP::SOUTHBRIDGE::PMS::PMGR.CTITRIG_CTI_TRIG_CFG @ 0x20e0a4800
CHIP::SOUTHBRIDGE::PMS::PMGR.CTM_INTR_CTM_INTR_STATUS @ 0x20e0a4c00
CHIP::SOUTHBRIDGE::PMS::PMGR.CTM_INTR_CTM_INTR_EN @ 0x20e0a4c04
CHIP::SOUTHBRIDGE::PMS::PMGR.PERIPHID_PERIPHID4 @ 0x20e0a4fd0
CHIP::SOUTHBRIDGE::PMS::PMGR.PERIPHID_PERIPHID5 @ 0x20e0a4fd4
CHIP::SOUTHBRIDGE::PMS::PMGR.PERIPHID_PERIPHID6 @ 0x20e0a4fd8
CHIP::SOUTHBRIDGE::PMS::PMGR.PERIPHID_PERIPHID7 @ 0x20e0a4fdc
CHIP::SOUTHBRIDGE::PMS::PMGR.PERIPHID_PERIPHID0 @ 0x20e0a4fe0
CHIP::SOUTHBRIDGE::PMS::PMGR.PERIPHID_PERIPHID1 @ 0x20e0a4fe4
CHIP::SOUTHBRIDGE::PMS::PMGR.PERIPHID_PERIPHID2 @ 0x20e0a4fe8
CHIP::SOUTHBRIDGE::PMS::PMGR.PERIPHID_PERIPHID3 @ 0x20e0a4fec
CHIP::SOUTHBRIDGE::PMS::PMGR.PERIPHID_COMPONID0 @ 0x20e0a4ff0
CHIP::SOUTHBRIDGE::PMS::PMGR.PERIPHID_COMPONID1 @ 0x20e0a4ff4
CHIP::SOUTHBRIDGE::PMS::PMGR.PERIPHID_COMPONID2 @ 0x20e0a4ff8
CHIP::SOUTHBRIDGE::PMS::PMGR.PERIPHID_COMPONID3 @ 0x20e0a4ffc
CHIP::SOUTHBRIDGE::PMS::PMGR.CTI_CTI_CFG @ 0x20e0a8000
CHIP::SOUTHBRIDGE::PMS::PMGR.EMA_EMA_FIXED_SOC0 @ 0x20e0ac000
CHIP::SOUTHBRIDGE::PMS::PMGR.EMA_EMA_FIXED_SOC1 @ 0x20e0ac004
CHIP::SOUTHBRIDGE::PMS::PMGR.EMA_EMA_GPU_SRAM_GFX @ 0x20e0ac008
CHIP::SOUTHBRIDGE::PMS::PMGR.EMA_EMA_FIXED_GFX @ 0x20e0ac00c
CHIP::SOUTHBRIDGE::PMS::PMGR.EMA_EMA_FIXED_SEP0 @ 0x20e0ac010
CHIP::SOUTHBRIDGE::PMS::PMGR.PERF_PERF_CTL @ 0x20e0b4000
CHIP::SOUTHBRIDGE::PMS::PMGR.PERF_PERF_CFG0 @ 0x20e0b4100
CHIP::SOUTHBRIDGE::PMS::PMGR.PERF_PERF_CNTR0_LO @ 0x20e0b4108
CHIP::SOUTHBRIDGE::PMS::PMGR.PERF_PERF_CNTR0_HI @ 0x20e0b410c
CHIP::SOUTHBRIDGE::PMS::PMGR.PERF_PERF_CFG1 @ 0x20e0b4110
CHIP::SOUTHBRIDGE::PMS::PMGR.PERF_PERF_CNTR1_LO @ 0x20e0b4118
CHIP::SOUTHBRIDGE::PMS::PMGR.PERF_PERF_CNTR1_HI @ 0x20e0b411c
CHIP::SOUTHBRIDGE::PMS::PMGR.PERF_PERF_CFG2 @ 0x20e0b4120
CHIP::SOUTHBRIDGE::PMS::PMGR.PERF_PERF_CNTR2_LO @ 0x20e0b4128
CHIP::SOUTHBRIDGE::PMS::PMGR.PERF_PERF_CNTR2_HI @ 0x20e0b412c
CHIP::SOUTHBRIDGE::PMS::PMGR.PERF_PERF_CFG3 @ 0x20e0b4130
CHIP::SOUTHBRIDGE::PMS::PMGR.PERF_PERF_CNTR3_LO @ 0x20e0b4138
CHIP::SOUTHBRIDGE::PMS::PMGR.PERF_PERF_CNTR3_HI @ 0x20e0b413c
CHIP::SOUTHBRIDGE::PMS::PMGR.PERF_PERF_CFG4 @ 0x20e0b4140
CHIP::SOUTHBRIDGE::PMS::PMGR.PERF_PERF_CNTR4_LO @ 0x20e0b4148
CHIP::SOUTHBRIDGE::PMS::PMGR.PERF_PERF_CNTR4_HI @ 0x20e0b414c
CHIP::SOUTHBRIDGE::PMS::PMGR.PERF_PERF_CFG5 @ 0x20e0b4150
CHIP::SOUTHBRIDGE::PMS::PMGR.PERF_PERF_CNTR5_LO @ 0x20e0b4158
CHIP::SOUTHBRIDGE::PMS::PMGR.PERF_PERF_CNTR5_HI @ 0x20e0b415c
CHIP::SOUTHBRIDGE::PMS::PMGR.PERF_PERF_CFG6 @ 0x20e0b4160
CHIP::SOUTHBRIDGE::PMS::PMGR.PERF_PERF_CNTR6_LO @ 0x20e0b4168
CHIP::SOUTHBRIDGE::PMS::PMGR.PERF_PERF_CNTR6_HI @ 0x20e0b416c
CHIP::SOUTHBRIDGE::PMS::PMGR.PERF_PERF_CFG7 @ 0x20e0b4170
CHIP::SOUTHBRIDGE::PMS::PMGR.PERF_PERF_CNTR7_LO @ 0x20e0b4178
CHIP::SOUTHBRIDGE::PMS::PMGR.PERF_PERF_CNTR7_HI @ 0x20e0b417c
CHIP::SOUTHBRIDGE::PMS::PMGR.PERF_PERF_CFG8 @ 0x20e0b4180
CHIP::SOUTHBRIDGE::PMS::PMGR.PERF_PERF_CNTR8_LO @ 0x20e0b4188
CHIP::SOUTHBRIDGE::PMS::PMGR.PERF_PERF_CNTR8_HI @ 0x20e0b418c
CHIP::SOUTHBRIDGE::PMS::PMGR.PERF_PERF_CFG9 @ 0x20e0b4190
CHIP::SOUTHBRIDGE::PMS::PMGR.PERF_PERF_CNTR9_LO @ 0x20e0b4198
CHIP::SOUTHBRIDGE::PMS::PMGR.PERF_PERF_CNTR9_HI @ 0x20e0b419c
CHIP::SOUTHBRIDGE::PMS::PMGR.PERF_PERF_CFG10 @ 0x20e0b41a0
CHIP::SOUTHBRIDGE::PMS::PMGR.PERF_PERF_CNTR10_LO @ 0x20e0b41a8
CHIP::SOUTHBRIDGE::PMS::PMGR.PERF_PERF_CNTR10_HI @ 0x20e0b41ac
CHIP::SOUTHBRIDGE::PMS::PMGR.PERF_PERF_CFG11 @ 0x20e0b41b0
CHIP::SOUTHBRIDGE::PMS::PMGR.PERF_PERF_CNTR11_LO @ 0x20e0b41b8
CHIP::SOUTHBRIDGE::PMS::PMGR.PERF_PERF_CNTR11_HI @ 0x20e0b41bc
CHIP::SOUTHBRIDGE::PMS::PMGR.PERF_PERF_CFG12 @ 0x20e0b41c0
CHIP::SOUTHBRIDGE::PMS::PMGR.PERF_PERF_CNTR12_LO @ 0x20e0b41c8
CHIP::SOUTHBRIDGE::PMS::PMGR.PERF_PERF_CNTR12_HI @ 0x20e0b41cc
CHIP::SOUTHBRIDGE::PMS::PMGR.PERF_PERF_CFG13 @ 0x20e0b41d0
CHIP::SOUTHBRIDGE::PMS::PMGR.PERF_PERF_CNTR13_LO @ 0x20e0b41d8
CHIP::SOUTHBRIDGE::PMS::PMGR.PERF_PERF_CNTR13_HI @ 0x20e0b41dc
CHIP::SOUTHBRIDGE::PMS::PMGR.PERF_PERF_CFG14 @ 0x20e0b41e0
CHIP::SOUTHBRIDGE::PMS::PMGR.PERF_PERF_CNTR14_LO @ 0x20e0b41e8
CHIP::SOUTHBRIDGE::PMS::PMGR.PERF_PERF_CNTR14_HI @ 0x20e0b41ec
CHIP::SOUTHBRIDGE::PMS::PMGR.PERF_PERF_CFG15 @ 0x20e0b41f0
CHIP::SOUTHBRIDGE::PMS::PMGR.PERF_PERF_CNTR15_LO @ 0x20e0b41f8
CHIP::SOUTHBRIDGE::PMS::PMGR.PERF_PERF_CNTR15_HI @ 0x20e0b41fc
CHIP::SOUTHBRIDGE::PMS::PMGR.PERF_PERF_CFG16 @ 0x20e0b4200
CHIP::SOUTHBRIDGE::PMS::PMGR.PERF_PERF_CNTR16_LO @ 0x20e0b4208
CHIP::SOUTHBRIDGE::PMS::PMGR.PERF_PERF_CNTR16_HI @ 0x20e0b420c
CHIP::SOUTHBRIDGE::PMS::PMGR.PERF_PERF_CFG17 @ 0x20e0b4210
CHIP::SOUTHBRIDGE::PMS::PMGR.PERF_PERF_CNTR17_LO @ 0x20e0b4218
CHIP::SOUTHBRIDGE::PMS::PMGR.PERF_PERF_CNTR17_HI @ 0x20e0b421c
CHIP::SOUTHBRIDGE::PMS::PMGR.PERF_PERF_CFG18 @ 0x20e0b4220
CHIP::SOUTHBRIDGE::PMS::PMGR.PERF_PERF_CNTR18_LO @ 0x20e0b4228
CHIP::SOUTHBRIDGE::PMS::PMGR.PERF_PERF_CNTR18_HI @ 0x20e0b422c
CHIP::SOUTHBRIDGE::PMS::PMGR.PERF_PERF_CFG19 @ 0x20e0b4230
CHIP::SOUTHBRIDGE::PMS::PMGR.PERF_PERF_CNTR19_LO @ 0x20e0b4238
CHIP::SOUTHBRIDGE::PMS::PMGR.PERF_PERF_CNTR19_HI @ 0x20e0b423c
CHIP::SOUTHBRIDGE::PMS::PMGR.PERF_PERF_CFG20 @ 0x20e0b4240
CHIP::SOUTHBRIDGE::PMS::PMGR.PERF_PERF_CNTR20_LO @ 0x20e0b4248
CHIP::SOUTHBRIDGE::PMS::PMGR.PERF_PERF_CNTR20_HI @ 0x20e0b424c
CHIP::SOUTHBRIDGE::PMS::PMGR.PERF_PERF_CFG21 @ 0x20e0b4250
CHIP::SOUTHBRIDGE::PMS::PMGR.PERF_PERF_CNTR21_LO @ 0x20e0b4258
CHIP::SOUTHBRIDGE::PMS::PMGR.PERF_PERF_CNTR21_HI @ 0x20e0b425c
CHIP::SOUTHBRIDGE::PMS::PMGR.PERF_PERF_CFG22 @ 0x20e0b4260
CHIP::SOUTHBRIDGE::PMS::PMGR.PERF_PERF_CNTR22_LO @ 0x20e0b4268
CHIP::SOUTHBRIDGE::PMS::PMGR.PERF_PERF_CNTR22_HI @ 0x20e0b426c
CHIP::SOUTHBRIDGE::PMS::PMGR.PERF_PERF_CFG23 @ 0x20e0b4270
CHIP::SOUTHBRIDGE::PMS::PMGR.PERF_PERF_CNTR23_LO @ 0x20e0b4278
CHIP::SOUTHBRIDGE::PMS::PMGR.PERF_PERF_CNTR23_HI @ 0x20e0b427c
CHIP::SOUTHBRIDGE::PMS::PMGR.PERF_PERF_CFG24 @ 0x20e0b4280
CHIP::SOUTHBRIDGE::PMS::PMGR.PERF_PERF_CNTR24_LO @ 0x20e0b4288
CHIP::SOUTHBRIDGE::PMS::PMGR.PERF_PERF_CNTR24_HI @ 0x20e0b428c
CHIP::SOUTHBRIDGE::PMS::PMGR.PERF_PERF_CFG25 @ 0x20e0b4290
CHIP::SOUTHBRIDGE::PMS::PMGR.PERF_PERF_CNTR25_LO @ 0x20e0b4298
CHIP::SOUTHBRIDGE::PMS::PMGR.PERF_PERF_CNTR25_HI @ 0x20e0b429c
CHIP::SOUTHBRIDGE::PMS::PMGR.PERF_PERF_CFG26 @ 0x20e0b42a0
CHIP::SOUTHBRIDGE::PMS::PMGR.PERF_PERF_CNTR26_LO @ 0x20e0b42a8
CHIP::SOUTHBRIDGE::PMS::PMGR.PERF_PERF_CNTR26_HI @ 0x20e0b42ac
CHIP::SOUTHBRIDGE::PMS::PMGR.PERF_PERF_CFG27 @ 0x20e0b42b0
CHIP::SOUTHBRIDGE::PMS::PMGR.PERF_PERF_CNTR27_LO @ 0x20e0b42b8
CHIP::SOUTHBRIDGE::PMS::PMGR.PERF_PERF_CNTR27_HI @ 0x20e0b42bc
CHIP::SOUTHBRIDGE::PMS::PMGR.PERF_PERF_CFG28 @ 0x20e0b42c0
CHIP::SOUTHBRIDGE::PMS::PMGR.PERF_PERF_CNTR28_LO @ 0x20e0b42c8
CHIP::SOUTHBRIDGE::PMS::PMGR.PERF_PERF_CNTR28_HI @ 0x20e0b42cc
CHIP::SOUTHBRIDGE::PMS::PMGR.PERF_PERF_CFG29 @ 0x20e0b42d0
CHIP::SOUTHBRIDGE::PMS::PMGR.PERF_PERF_CNTR29_LO @ 0x20e0b42d8
CHIP::SOUTHBRIDGE::PMS::PMGR.PERF_PERF_CNTR29_HI @ 0x20e0b42dc
CHIP::SOUTHBRIDGE::PMS::PMGR.PERF_PERF_CFG30 @ 0x20e0b42e0
CHIP::SOUTHBRIDGE::PMS::PMGR.PERF_PERF_CNTR30_LO @ 0x20e0b42e8
CHIP::SOUTHBRIDGE::PMS::PMGR.PERF_PERF_CNTR30_HI @ 0x20e0b42ec
CHIP::SOUTHBRIDGE::PMS::PMGR.PERF_PERF_CFG31 @ 0x20e0b42f0
CHIP::SOUTHBRIDGE::PMS::PMGR.PERF_PERF_CNTR31_LO @ 0x20e0b42f8
CHIP::SOUTHBRIDGE::PMS::PMGR.PERF_PERF_CNTR31_HI @ 0x20e0b42fc
CHIP::SOUTHBRIDGE::PMS::PMGR.PERF_PERF_CFG32 @ 0x20e0b4300
CHIP::SOUTHBRIDGE::PMS::PMGR.PERF_PERF_CNTR32_LO @ 0x20e0b4308
CHIP::SOUTHBRIDGE::PMS::PMGR.PERF_PERF_CNTR32_HI @ 0x20e0b430c
CHIP::SOUTHBRIDGE::PMS::PMGR.PERF_PERF_CFG33 @ 0x20e0b4310
CHIP::SOUTHBRIDGE::PMS::PMGR.PERF_PERF_CNTR33_LO @ 0x20e0b4318
CHIP::SOUTHBRIDGE::PMS::PMGR.PERF_PERF_CNTR33_HI @ 0x20e0b431c
CHIP::SOUTHBRIDGE::PMS::PMGR.PERF_PERF_CFG34 @ 0x20e0b4320
CHIP::SOUTHBRIDGE::PMS::PMGR.PERF_PERF_CNTR34_LO @ 0x20e0b4328
CHIP::SOUTHBRIDGE::PMS::PMGR.PERF_PERF_CNTR34_HI @ 0x20e0b432c
CHIP::SOUTHBRIDGE::PMS::PMGR.PERF_PERF_CFG35 @ 0x20e0b4330
CHIP::SOUTHBRIDGE::PMS::PMGR.PERF_PERF_CNTR35_LO @ 0x20e0b4338
CHIP::SOUTHBRIDGE::PMS::PMGR.PERF_PERF_CNTR35_HI @ 0x20e0b433c
CHIP::SOUTHBRIDGE::PMS::PMGR.PERF_PERF_CFG36 @ 0x20e0b4340
CHIP::SOUTHBRIDGE::PMS::PMGR.PERF_PERF_CNTR36_LO @ 0x20e0b4348
CHIP::SOUTHBRIDGE::PMS::PMGR.PERF_PERF_CNTR36_HI @ 0x20e0b434c
CHIP::SOUTHBRIDGE::PMS::PMGR.PERF_PERF_CFG37 @ 0x20e0b4350
CHIP::SOUTHBRIDGE::PMS::PMGR.PERF_PERF_CNTR37_LO @ 0x20e0b4358
CHIP::SOUTHBRIDGE::PMS::PMGR.PERF_PERF_CNTR37_HI @ 0x20e0b435c
CHIP::SOUTHBRIDGE::PMS::PMGR.PERF_PERF_CFG38 @ 0x20e0b4360
CHIP::SOUTHBRIDGE::PMS::PMGR.PERF_PERF_CNTR38_LO @ 0x20e0b4368
CHIP::SOUTHBRIDGE::PMS::PMGR.PERF_PERF_CNTR38_HI @ 0x20e0b436c
CHIP::SOUTHBRIDGE::PMS::PMGR.PERF_PERF_CFG39 @ 0x20e0b4370
CHIP::SOUTHBRIDGE::PMS::PMGR.PERF_PERF_CNTR39_LO @ 0x20e0b4378
CHIP::SOUTHBRIDGE::PMS::PMGR.PERF_PERF_CNTR39_HI @ 0x20e0b437c
CHIP::SOUTHBRIDGE::PMS::PMGR.PERF_PERF_CFG40 @ 0x20e0b4380
CHIP::SOUTHBRIDGE::PMS::PMGR.PERF_PERF_CNTR40_LO @ 0x20e0b4388
CHIP::SOUTHBRIDGE::PMS::PMGR.PERF_PERF_CNTR40_HI @ 0x20e0b438c
CHIP::SOUTHBRIDGE::PMS::PMGR.PERF_PERF_CFG41 @ 0x20e0b4390
CHIP::SOUTHBRIDGE::PMS::PMGR.PERF_PERF_CNTR41_LO @ 0x20e0b4398
CHIP::SOUTHBRIDGE::PMS::PMGR.PERF_PERF_CNTR41_HI @ 0x20e0b439c
CHIP::SOUTHBRIDGE::PMS::PMGR.PERF_PERF_CFG42 @ 0x20e0b43a0
CHIP::SOUTHBRIDGE::PMS::PMGR.PERF_PERF_CNTR42_LO @ 0x20e0b43a8
CHIP::SOUTHBRIDGE::PMS::PMGR.PERF_PERF_CNTR42_HI @ 0x20e0b43ac
CHIP::SOUTHBRIDGE::PMS::PMGR.PERF_PERF_CFG43 @ 0x20e0b43b0
CHIP::SOUTHBRIDGE::PMS::PMGR.PERF_PERF_CNTR43_LO @ 0x20e0b43b8
CHIP::SOUTHBRIDGE::PMS::PMGR.PERF_PERF_CNTR43_HI @ 0x20e0b43bc
CHIP::SOUTHBRIDGE::PMS::PMGR.PERF_PERF_CFG44 @ 0x20e0b43c0
CHIP::SOUTHBRIDGE::PMS::PMGR.PERF_PERF_CNTR44_LO @ 0x20e0b43c8
CHIP::SOUTHBRIDGE::PMS::PMGR.PERF_PERF_CNTR44_HI @ 0x20e0b43cc
CHIP::SOUTHBRIDGE::PMS::PMGR.PERF_PERF_CFG45 @ 0x20e0b43d0
CHIP::SOUTHBRIDGE::PMS::PMGR.PERF_PERF_CNTR45_LO @ 0x20e0b43d8
CHIP::SOUTHBRIDGE::PMS::PMGR.PERF_PERF_CNTR45_HI @ 0x20e0b43dc
CHIP::SOUTHBRIDGE::PMS::PMGR.PERF_PERF_CFG46 @ 0x20e0b43e0
CHIP::SOUTHBRIDGE::PMS::PMGR.PERF_PERF_CNTR46_LO @ 0x20e0b43e8
CHIP::SOUTHBRIDGE::PMS::PMGR.PERF_PERF_CNTR46_HI @ 0x20e0b43ec
CHIP::SOUTHBRIDGE::PMS::PMGR.PERF_PERF_CFG47 @ 0x20e0b43f0
CHIP::SOUTHBRIDGE::PMS::PMGR.PERF_PERF_CNTR47_LO @ 0x20e0b43f8
CHIP::SOUTHBRIDGE::PMS::PMGR.PERF_PERF_CNTR47_HI @ 0x20e0b43fc
CHIP::SOUTHBRIDGE::PMS::PMGR.PERF_PERF_CFG48 @ 0x20e0b4400
CHIP::SOUTHBRIDGE::PMS::PMGR.PERF_PERF_CNTR48_LO @ 0x20e0b4408
CHIP::SOUTHBRIDGE::PMS::PMGR.PERF_PERF_CNTR48_HI @ 0x20e0b440c
CHIP::SOUTHBRIDGE::PMS::PMGR.PERF_PERF_CFG49 @ 0x20e0b4410
CHIP::SOUTHBRIDGE::PMS::PMGR.PERF_PERF_CNTR49_LO @ 0x20e0b4418
CHIP::SOUTHBRIDGE::PMS::PMGR.PERF_PERF_CNTR49_HI @ 0x20e0b441c
CHIP::SOUTHBRIDGE::PMS::PMGR.PERF_PERF_CFG50 @ 0x20e0b4420
CHIP::SOUTHBRIDGE::PMS::PMGR.PERF_PERF_CNTR50_LO @ 0x20e0b4428
CHIP::SOUTHBRIDGE::PMS::PMGR.PERF_PERF_CNTR50_HI @ 0x20e0b442c
CHIP::SOUTHBRIDGE::PMS::PMGR.PERF_PERF_CFG51 @ 0x20e0b4430
CHIP::SOUTHBRIDGE::PMS::PMGR.PERF_PERF_CNTR51_LO @ 0x20e0b4438
CHIP::SOUTHBRIDGE::PMS::PMGR.PERF_PERF_CNTR51_HI @ 0x20e0b443c
CHIP::SOUTHBRIDGE::PMS::PMGR.PERF_PERF_CFG52 @ 0x20e0b4440
CHIP::SOUTHBRIDGE::PMS::PMGR.PERF_PERF_CNTR52_LO @ 0x20e0b4448
CHIP::SOUTHBRIDGE::PMS::PMGR.PERF_PERF_CNTR52_HI @ 0x20e0b444c
CHIP::SOUTHBRIDGE::PMS::PMGR.PERF_PERF_CFG53 @ 0x20e0b4450
CHIP::SOUTHBRIDGE::PMS::PMGR.PERF_PERF_CNTR53_LO @ 0x20e0b4458
CHIP::SOUTHBRIDGE::PMS::PMGR.PERF_PERF_CNTR53_HI @ 0x20e0b445c
CHIP::SOUTHBRIDGE::PMS::PMGR.PERF_PERF_CFG54 @ 0x20e0b4460
CHIP::SOUTHBRIDGE::PMS::PMGR.PERF_PERF_CNTR54_LO @ 0x20e0b4468
CHIP::SOUTHBRIDGE::PMS::PMGR.PERF_PERF_CNTR54_HI @ 0x20e0b446c
CHIP::SOUTHBRIDGE::PMS::PMGR.EVENT_TIMESTAMP_EVENT_TIMESTAMP_CFG0 @ 0x20e0b5000
CHIP::SOUTHBRIDGE::PMS::PMGR.EVENT_TIMESTAMP_EVENT_TIMESTAMP0_LO @ 0x20e0b5008
CHIP::SOUTHBRIDGE::PMS::PMGR.EVENT_TIMESTAMP_EVENT_TIMESTAMP0_HI @ 0x20e0b500c
CHIP::SOUTHBRIDGE::PMS::PMGR.EVENT_TIMESTAMP_EVENT_TIMESTAMP_CFG1 @ 0x20e0b5010
CHIP::SOUTHBRIDGE::PMS::PMGR.EVENT_TIMESTAMP_EVENT_TIMESTAMP1_LO @ 0x20e0b5018
CHIP::SOUTHBRIDGE::PMS::PMGR.EVENT_TIMESTAMP_EVENT_TIMESTAMP1_HI @ 0x20e0b501c
CHIP::SOUTHBRIDGE::PMS::PMGR.EVENT_TIMESTAMP_EVENT_TIMESTAMP_CFG2 @ 0x20e0b5020
CHIP::SOUTHBRIDGE::PMS::PMGR.EVENT_TIMESTAMP_EVENT_TIMESTAMP2_LO @ 0x20e0b5028
CHIP::SOUTHBRIDGE::PMS::PMGR.EVENT_TIMESTAMP_EVENT_TIMESTAMP2_HI @ 0x20e0b502c
CHIP::SOUTHBRIDGE::PMS::PMGR.EVENT_TIMESTAMP_EVENT_TIMESTAMP_CFG3 @ 0x20e0b5030
CHIP::SOUTHBRIDGE::PMS::PMGR.EVENT_TIMESTAMP_EVENT_TIMESTAMP3_LO @ 0x20e0b5038
CHIP::SOUTHBRIDGE::PMS::PMGR.EVENT_TIMESTAMP_EVENT_TIMESTAMP3_HI @ 0x20e0b503c
CHIP::SOUTHBRIDGE::PMS::PMGR.EVENT_INTR_EVENT_INTR_STATUS @ 0x20e0b6000
CHIP::SOUTHBRIDGE::PMS::PMGR.EVENT_INTR_EVENT_INTR_CONTROL @ 0x20e0b6004
CHIP::SOUTHBRIDGE::PMS::PMGR.SCRATCH_SCRATCH0 @ 0x20e0b8000
CHIP::SOUTHBRIDGE::PMS::PMGR.SCRATCH_SCRATCH1 @ 0x20e0b8004
CHIP::SOUTHBRIDGE::PMS::PMGR.SCRATCH_SCRATCH2 @ 0x20e0b8008
CHIP::SOUTHBRIDGE::PMS::PMGR.SCRATCH_SCRATCH3 @ 0x20e0b800c
CHIP::SOUTHBRIDGE::PMS::PMGR.SCRATCH_SCRATCH4 @ 0x20e0b8010
CHIP::SOUTHBRIDGE::PMS::PMGR.SCRATCH_SCRATCH5 @ 0x20e0b8014
CHIP::SOUTHBRIDGE::PMS::PMGR.SCRATCH_SCRATCH6 @ 0x20e0b8018
CHIP::SOUTHBRIDGE::PMS::PMGR.SCRATCH_SCRATCH7 @ 0x20e0b801c
CHIP::SOUTHBRIDGE::PMS::PMGR.SCRATCH_SCRATCH8 @ 0x20e0b8020
CHIP::SOUTHBRIDGE::PMS::PMGR.SCRATCH_SCRATCH9 @ 0x20e0b8024
CHIP::SOUTHBRIDGE::PMS::PMGR.SCRATCH_SCRATCH10 @ 0x20e0b8028
CHIP::SOUTHBRIDGE::PMS::PMGR.SCRATCH_SCRATCH11 @ 0x20e0b802c
CHIP::SOUTHBRIDGE::PMS::PMGR.SCRATCH_SCRATCH12 @ 0x20e0b8030
CHIP::SOUTHBRIDGE::PMS::PMGR.SCRATCH_SCRATCH13 @ 0x20e0b8034
CHIP::SOUTHBRIDGE::PMS::PMGR.SCRATCH_SCRATCH14 @ 0x20e0b8038
CHIP::SOUTHBRIDGE::PMS::PMGR.SCRATCH_SCRATCH15 @ 0x20e0b803c
CHIP::SOUTHBRIDGE::PMS::PMGR.SCRATCH_SCRATCH16 @ 0x20e0b8040
CHIP::SOUTHBRIDGE::PMS::PMGR.SCRATCH_SCRATCH17 @ 0x20e0b8044
CHIP::SOUTHBRIDGE::PMS::PMGR.SCRATCH_SCRATCH18 @ 0x20e0b8048
CHIP::SOUTHBRIDGE::PMS::PMGR.SCRATCH_SCRATCH19 @ 0x20e0b804c
CHIP::SOUTHBRIDGE::PMS::PMGR.SCRATCH_SCRATCH20 @ 0x20e0b8050
CHIP::SOUTHBRIDGE::PMS::PMGR.SCRATCH_SCRATCH21 @ 0x20e0b8054
CHIP::SOUTHBRIDGE::PMS::PMGR.SCRATCH_SCRATCH22 @ 0x20e0b8058
CHIP::SOUTHBRIDGE::PMS::PMGR.SCRATCH_SCRATCH23 @ 0x20e0b805c
CHIP::SOUTHBRIDGE::PMS::PMGR.THERMAL_THERMAL0_CTL0_SET @ 0x20e0c0000
CHIP::SOUTHBRIDGE::PMS::PMGR.THERMAL_THERMAL0_CTL0_CLR @ 0x20e0c0004
CHIP::SOUTHBRIDGE::PMS::PMGR.THERMAL_THERMAL0_CTL1 @ 0x20e0c0008
CHIP::SOUTHBRIDGE::PMS::PMGR.THERMAL_THERMAL0_CTL2 @ 0x20e0c000c
CHIP::SOUTHBRIDGE::PMS::PMGR.THERMAL_THERMAL0_STATUS @ 0x20e0c0010
CHIP::SOUTHBRIDGE::PMS::PMGR.THERMAL_THERMAL0_PARAM @ 0x20e0c0014
CHIP::SOUTHBRIDGE::PMS::PMGR.THERMAL_THERMAL0_RDBK0 @ 0x20e0c0018
CHIP::SOUTHBRIDGE::PMS::PMGR.THERMAL_THERMAL0_RDBK1 @ 0x20e0c001c
CHIP::SOUTHBRIDGE::PMS::PMGR.THERMAL_THERMAL0_SUM @ 0x20e0c0020
CHIP::SOUTHBRIDGE::PMS::PMGR.THERMAL_THERMAL0_SUM_CNT @ 0x20e0c0024
CHIP::SOUTHBRIDGE::PMS::PMGR.THERMAL_THERMAL0_PIECE0 @ 0x20e0c0028
CHIP::SOUTHBRIDGE::PMS::PMGR.THERMAL_THERMAL0_PIECE1 @ 0x20e0c002c
CHIP::SOUTHBRIDGE::PMS::PMGR.THERMAL_THERMAL0_PIECE2 @ 0x20e0c0030
CHIP::SOUTHBRIDGE::PMS::PMGR.THERMAL_THERMAL0_ALARM0 @ 0x20e0c0034
CHIP::SOUTHBRIDGE::PMS::PMGR.THERMAL_THERMAL0_ALARM1 @ 0x20e0c0038
CHIP::SOUTHBRIDGE::PMS::PMGR.THERMAL_THERMAL0_ALARM2 @ 0x20e0c003c
CHIP::SOUTHBRIDGE::PMS::PMGR.THERMAL_THERMAL0_ALARM3 @ 0x20e0c0040
CHIP::SOUTHBRIDGE::PMS::PMGR.THERMAL_THERMAL0_FAILSAFE_TRIP_TEMP_0 @ 0x20e0c0080
CHIP::SOUTHBRIDGE::PMS::PMGR.THERMAL_THERMAL0_FAILSAFE_TRIP_TEMP_1 @ 0x20e0c0084
CHIP::SOUTHBRIDGE::PMS::PMGR.THERMAL_THERMAL0_FAILSAFE_ASSERT_COUNT_0 @ 0x20e0c0088
CHIP::SOUTHBRIDGE::PMS::PMGR.THERMAL_THERMAL0_FAILSAFE_ASSERT_COUNT_1 @ 0x20e0c008c
CHIP::SOUTHBRIDGE::PMS::PMGR.THERMAL_THERMAL0_FAILSAFE_DEASSERT_COUNT_0 @ 0x20e0c0090
CHIP::SOUTHBRIDGE::PMS::PMGR.THERMAL_THERMAL0_FAILSAFE_DEASSERT_COUNT_1 @ 0x20e0c0094
CHIP::SOUTHBRIDGE::PMS::PMGR.THERMAL_THERMAL1_CTL0_SET @ 0x20e0c0100
CHIP::SOUTHBRIDGE::PMS::PMGR.THERMAL_THERMAL1_CTL0_CLR @ 0x20e0c0104
CHIP::SOUTHBRIDGE::PMS::PMGR.THERMAL_THERMAL1_CTL1 @ 0x20e0c0108
CHIP::SOUTHBRIDGE::PMS::PMGR.THERMAL_THERMAL1_CTL2 @ 0x20e0c010c
CHIP::SOUTHBRIDGE::PMS::PMGR.THERMAL_THERMAL1_STATUS @ 0x20e0c0110
CHIP::SOUTHBRIDGE::PMS::PMGR.THERMAL_THERMAL1_PARAM @ 0x20e0c0114
CHIP::SOUTHBRIDGE::PMS::PMGR.THERMAL_THERMAL1_RDBK0 @ 0x20e0c0118
CHIP::SOUTHBRIDGE::PMS::PMGR.THERMAL_THERMAL1_RDBK1 @ 0x20e0c011c
CHIP::SOUTHBRIDGE::PMS::PMGR.THERMAL_THERMAL1_SUM @ 0x20e0c0120
CHIP::SOUTHBRIDGE::PMS::PMGR.THERMAL_THERMAL1_SUM_CNT @ 0x20e0c0124
CHIP::SOUTHBRIDGE::PMS::PMGR.THERMAL_THERMAL1_PIECE0 @ 0x20e0c0128
CHIP::SOUTHBRIDGE::PMS::PMGR.THERMAL_THERMAL1_PIECE1 @ 0x20e0c012c
CHIP::SOUTHBRIDGE::PMS::PMGR.THERMAL_THERMAL1_PIECE2 @ 0x20e0c0130
CHIP::SOUTHBRIDGE::PMS::PMGR.THERMAL_THERMAL1_ALARM0 @ 0x20e0c0134
CHIP::SOUTHBRIDGE::PMS::PMGR.THERMAL_THERMAL1_ALARM1 @ 0x20e0c0138
CHIP::SOUTHBRIDGE::PMS::PMGR.THERMAL_THERMAL1_ALARM2 @ 0x20e0c013c
CHIP::SOUTHBRIDGE::PMS::PMGR.THERMAL_THERMAL1_ALARM3 @ 0x20e0c0140
CHIP::SOUTHBRIDGE::PMS::PMGR.THERMAL_THERMAL1_FAILSAFE_TRIP_TEMP_0 @ 0x20e0c0180
CHIP::SOUTHBRIDGE::PMS::PMGR.THERMAL_THERMAL1_FAILSAFE_TRIP_TEMP_1 @ 0x20e0c0184
CHIP::SOUTHBRIDGE::PMS::PMGR.THERMAL_THERMAL1_FAILSAFE_ASSERT_COUNT_0 @ 0x20e0c0188
CHIP::SOUTHBRIDGE::PMS::PMGR.THERMAL_THERMAL1_FAILSAFE_ASSERT_COUNT_1 @ 0x20e0c018c
CHIP::SOUTHBRIDGE::PMS::PMGR.THERMAL_THERMAL1_FAILSAFE_DEASSERT_COUNT_0 @ 0x20e0c0190
CHIP::SOUTHBRIDGE::PMS::PMGR.THERMAL_THERMAL1_FAILSAFE_DEASSERT_COUNT_1 @ 0x20e0c0194
CHIP::SOUTHBRIDGE::PMS::PMGR.THERMAL_THERMAL2_CTL0_SET @ 0x20e0c0200
CHIP::SOUTHBRIDGE::PMS::PMGR.THERMAL_THERMAL2_CTL0_CLR @ 0x20e0c0204
CHIP::SOUTHBRIDGE::PMS::PMGR.THERMAL_THERMAL2_CTL1 @ 0x20e0c0208
CHIP::SOUTHBRIDGE::PMS::PMGR.THERMAL_THERMAL2_CTL2 @ 0x20e0c020c
CHIP::SOUTHBRIDGE::PMS::PMGR.THERMAL_THERMAL2_STATUS @ 0x20e0c0210
CHIP::SOUTHBRIDGE::PMS::PMGR.THERMAL_THERMAL2_PARAM @ 0x20e0c0214
CHIP::SOUTHBRIDGE::PMS::PMGR.THERMAL_THERMAL2_RDBK0 @ 0x20e0c0218
CHIP::SOUTHBRIDGE::PMS::PMGR.THERMAL_THERMAL2_RDBK1 @ 0x20e0c021c
CHIP::SOUTHBRIDGE::PMS::PMGR.THERMAL_THERMAL2_SUM @ 0x20e0c0220
CHIP::SOUTHBRIDGE::PMS::PMGR.THERMAL_THERMAL2_SUM_CNT @ 0x20e0c0224
CHIP::SOUTHBRIDGE::PMS::PMGR.THERMAL_THERMAL2_PIECE0 @ 0x20e0c0228
CHIP::SOUTHBRIDGE::PMS::PMGR.THERMAL_THERMAL2_PIECE1 @ 0x20e0c022c
CHIP::SOUTHBRIDGE::PMS::PMGR.THERMAL_THERMAL2_PIECE2 @ 0x20e0c0230
CHIP::SOUTHBRIDGE::PMS::PMGR.THERMAL_THERMAL2_ALARM0 @ 0x20e0c0234
CHIP::SOUTHBRIDGE::PMS::PMGR.THERMAL_THERMAL2_ALARM1 @ 0x20e0c0238
CHIP::SOUTHBRIDGE::PMS::PMGR.THERMAL_THERMAL2_ALARM2 @ 0x20e0c023c
CHIP::SOUTHBRIDGE::PMS::PMGR.THERMAL_THERMAL2_ALARM3 @ 0x20e0c0240
CHIP::SOUTHBRIDGE::PMS::PMGR.THERMAL_THERMAL2_FAILSAFE_TRIP_TEMP_0 @ 0x20e0c0280
CHIP::SOUTHBRIDGE::PMS::PMGR.THERMAL_THERMAL2_FAILSAFE_TRIP_TEMP_1 @ 0x20e0c0284
CHIP::SOUTHBRIDGE::PMS::PMGR.THERMAL_THERMAL2_FAILSAFE_ASSERT_COUNT_0 @ 0x20e0c0288
CHIP::SOUTHBRIDGE::PMS::PMGR.THERMAL_THERMAL2_FAILSAFE_ASSERT_COUNT_1 @ 0x20e0c028c
CHIP::SOUTHBRIDGE::PMS::PMGR.THERMAL_THERMAL2_FAILSAFE_DEASSERT_COUNT_0 @ 0x20e0c0290
CHIP::SOUTHBRIDGE::PMS::PMGR.THERMAL_THERMAL2_FAILSAFE_DEASSERT_COUNT_1 @ 0x20e0c0294
CHIP::SOUTHBRIDGE::PMS::PMGR.THERMAL_THERMAL_ARB @ 0x20e0c1000
CHIP::SOUTHBRIDGE::PMS::PMGR.SOCHOT_THERMAL_FAILSAFE_CTL @ 0x20e0c4000
CHIP::SOUTHBRIDGE::PMS::PMGR.SOCHOT_THERMAL_EXT_FAILSAFE_ASSERT_COUNT_0 @ 0x20e0c4020
CHIP::SOUTHBRIDGE::PMS::PMGR.SOCHOT_THERMAL_EXT_FAILSAFE_DEASSERT_COUNT_0 @ 0x20e0c4024
CHIP::SOUTHBRIDGE::PMS::PMGR.SOCHOT_THERMAL_EXT_FAILSAFE_ASSERT_COUNT_1 @ 0x20e0c4028
CHIP::SOUTHBRIDGE::PMS::PMGR.SOCHOT_THERMAL_EXT_FAILSAFE_DEASSERT_COUNT_1 @ 0x20e0c402c
CHIP::SOUTHBRIDGE::PMS::PMGR.SOC_TVM_SOC_TVM_CTL @ 0x20e0c8000
CHIP::SOUTHBRIDGE::PMS::PMGR.SOC_TVM_SOC_TVM_THRESH0 @ 0x20e0c8004
CHIP::SOUTHBRIDGE::PMS::PMGR.SOC_TVM_SOC_TVM_THRESH1 @ 0x20e0c8008
CHIP::SOUTHBRIDGE::PMS::PMGR.SOC_TVM_SOC_TVM_THRESH2 @ 0x20e0c800c
CHIP::SOUTHBRIDGE::PMS::PMGR.SOC_TVM_SOC_TVM_TEMP0_CFG @ 0x20e0c8010
CHIP::SOUTHBRIDGE::PMS::PMGR.SOC_TVM_SOC_TVM_TEMP1_CFG @ 0x20e0c8014
CHIP::SOUTHBRIDGE::PMS::PMGR.SOC_TVM_SOC_TVM_TEMP2_CFG @ 0x20e0c8018
CHIP::SOUTHBRIDGE::PMS::PMGR.SOC_TVM_SOC_TVM_DEBUG0 @ 0x20e0c8100
CHIP::SOUTHBRIDGE::PMS::PMGR.SOC_TVM_SOC_TVM_DEBUG1 @ 0x20e0c8104
CHIP::SOUTHBRIDGE::PMS::PMGR.SOC_TVM_SOC_TVM_DEBUG2 @ 0x20e0c8108
CHIP::SOUTHBRIDGE::PMS::PMGR.GFX_TVM_GFX_TVM_CTL @ 0x20e0c8200
CHIP::SOUTHBRIDGE::PMS::PMGR.GFX_TVM_GFX_TVM_THRESH0 @ 0x20e0c8204
CHIP::SOUTHBRIDGE::PMS::PMGR.GFX_TVM_GFX_TVM_THRESH1 @ 0x20e0c8208
CHIP::SOUTHBRIDGE::PMS::PMGR.GFX_TVM_GFX_TVM_THRESH2 @ 0x20e0c820c
CHIP::SOUTHBRIDGE::PMS::PMGR.GFX_TVM_GFX_TVM_TEMP0_CFG @ 0x20e0c8210
CHIP::SOUTHBRIDGE::PMS::PMGR.GFX_TVM_GFX_TVM_TEMP1_CFG @ 0x20e0c8214
CHIP::SOUTHBRIDGE::PMS::PMGR.GFX_TVM_GFX_TVM_TEMP2_CFG @ 0x20e0c8218
CHIP::SOUTHBRIDGE::PMS::PMGR.GFX_TVM_GFX_TVM_DEBUG0 @ 0x20e0c8300
CHIP::SOUTHBRIDGE::PMS::PMGR.GFX_TVM_GFX_TVM_DEBUG1 @ 0x20e0c8304
CHIP::SOUTHBRIDGE::PMS::PMGR.GFX_TVM_GFX_TVM_DEBUG2 @ 0x20e0c8308
CHIP::SOUTHBRIDGE::PMS::PMGR.PWR_STATE_TRANS_STATE_TRANS_DELAY0 @ 0x20e0cc010
CHIP::SOUTHBRIDGE::PMS::PMGR.PWR_STATE_TRANS_STATE_TRANS_DEBUG0 @ 0x20e0cc100
CHIP::SOUTHBRIDGE::PMS::PMGR.MISC_CORES_CORES_OFFLINE_SET @ 0x20e0d4000
CHIP::SOUTHBRIDGE::PMS::PMGR.MISC_CORES_CORES_OFFLINE_CLR @ 0x20e0d4004
CHIP::SOUTHBRIDGE::PMS::PMGR.MISC_CORES_WAKE_CORES @ 0x20e0d4008
CHIP::SOUTHBRIDGE::PMS::PMGR.MISC_USB_USB_CTL @ 0x20e0d8000
CHIP::SOUTHBRIDGE::PMS::PMGR.MISC_CFG_ACG @ 0x20e0dc000
CHIP::SOUTHBRIDGE::PMS::PMGR.MISC_CFG_CFG_EARLY @ 0x20e0dc020
CHIP::SOUTHBRIDGE::PMS::PMGR.MISC_SPARE_SPARE0 @ 0x20e0e0000
CHIP::SOUTHBRIDGE::PMS::PMGR.MISC_PCIE_PCIE_CTL @ 0x20e0e4000
CHIP::SOUTHBRIDGE::PMS::PMGR.PMGR_DEBUG_PMGR_DEBUG0 @ 0x20e0f0000
CHIP::SOUTHBRIDGE::PMS::PMGR.PMGR_DEBUG_PMGR_DEBUG1 @ 0x20e0f0004
CHIP::SOUTHBRIDGE::PMS::PMGR.PMGR_DEBUG_PMGR_DEBUG2 @ 0x20e0f0008
CHIP::SOUTHBRIDGE::PMS::PMGR.PMGR_DEBUG_PMGR_DEBUG3 @ 0x20e0f000c
CHIP::SOUTHBRIDGE::PMS::PMGR.PMGR_DEBUG_PMGR_DEBUG4 @ 0x20e0f0010
CHIP::SOUTHBRIDGE::PMS::PMGR.PMGR_DEBUG_PMGR_DEBUG5 @ 0x20e0f0014
CHIP::SOUTHBRIDGE::PMS::PMGR.PMGR_DEBUG_PMGR_DEBUG6 @ 0x20e0f0018
CHIP::SOUTHBRIDGE::PMS::PMGR.PMGR_DEBUG_PMGR_DEBUG7 @ 0x20e0f001c
CHIP::SOUTHBRIDGE::PMS::PMGR.PMGR_DEBUG_PMGR_DEBUG8 @ 0x20e0f0020
CHIP::SOUTHBRIDGE::PMS::PMGR.PMGR_DEBUG_PMGR_DEBUG9 @ 0x20e0f0024
CHIP::SOUTHBRIDGE::PMS::PMGR.PMGR_DEBUG_PMGR_DEBUG10 @ 0x20e0f0028
CHIP::SOUTHBRIDGE::PMS::PMGR.PMGR_DEBUG_PMGR_DEBUG11 @ 0x20e0f002c
CHIP::SOUTHBRIDGE::PMS::PMGR.PMGR_DEBUG_PMGR_DEBUG12 @ 0x20e0f0030
CHIP::SOUTHBRIDGE::PMS::PMGR.PMGR_DEBUG_PMGR_DEBUG13 @ 0x20e0f0034
CHIP::SOUTHBRIDGE::PMS::PMGR.PMGR_DEBUG_PMGR_DEBUG14 @ 0x20e0f0038
CHIP::SOUTHBRIDGE::PMS::PMGR.PMGR_DEBUG_PMGR_DEBUG15 @ 0x20e0f003c
CHIP::SOUTHBRIDGE::PMS::PMGR.PMGR_DEBUG_PMGR_DEBUG16 @ 0x20e0f0040
CHIP::SOUTHBRIDGE::PMS::PMGR.PMGR_DEBUG_PMGR_DEBUG17 @ 0x20e0f0044
CHIP::SOUTHBRIDGE::PMS::PMGR.PMGR_DEBUG_PMGR_DEBUG18 @ 0x20e0f0048
CHIP::SOUTHBRIDGE::PMS::PMGR.PMGR_DEBUG_PMGR_DEBUG19 @ 0x20e0f004c
CHIP::SOUTHBRIDGE::PMS::PMGR.PMGR_DEBUG_PMGR_DEBUG20 @ 0x20e0f0050
CHIP::SOUTHBRIDGE::PMS::PMGR.PMGR_DEBUG_PMGR_DEBUG21 @ 0x20e0f0054
CHIP::SOUTHBRIDGE::PMS::PMGR.PMGR_DEBUG_PMGR_DEBUG22 @ 0x20e0f0058
CHIP::SOUTHBRIDGE::PMS::AIC.GLOBALS_AICREV @ 0x20e100000
CHIP::SOUTHBRIDGE::PMS::AIC.GLOBALS_AICCAP0 @ 0x20e100004
CHIP::SOUTHBRIDGE::PMS::AIC.GLOBALS_AICCAP1 @ 0x20e100008
CHIP::SOUTHBRIDGE::PMS::AIC.GLOBALS_AICRST @ 0x20e10000c
CHIP::SOUTHBRIDGE::PMS::AIC.GLOBALS_GLBCFG @ 0x20e100010
CHIP::SOUTHBRIDGE::PMS::AIC.GLOBALS_IPINORMALDBG @ 0x20e100030
CHIP::SOUTHBRIDGE::PMS::AIC.GLOBALS_IPISELFDBG @ 0x20e100034
CHIP::SOUTHBRIDGE::PMS::AIC.TIMEBASE_MAINTIMLO @ 0x20e101020
CHIP::SOUTHBRIDGE::PMS::AIC.TIMEBASE_MAINTIMHI @ 0x20e101028
CHIP::SOUTHBRIDGE::PMS::AIC.BANKED_WHOAMI @ 0x20e102000
CHIP::SOUTHBRIDGE::PMS::AIC.BANKED_IACK @ 0x20e102004
CHIP::SOUTHBRIDGE::PMS::AIC.BANKED_IPISET @ 0x20e102008
CHIP::SOUTHBRIDGE::PMS::AIC.BANKED_IPICLR @ 0x20e10200c
CHIP::SOUTHBRIDGE::PMS::AIC.BANKED_IPIMASKSET @ 0x20e102024
CHIP::SOUTHBRIDGE::PMS::AIC.BANKED_IPIMASKCLR @ 0x20e102028
CHIP::SOUTHBRIDGE::PMS::AIC.BANKED_DEFERREDIPISET @ 0x20e10202c
CHIP::SOUTHBRIDGE::PMS::AIC.BANKED_DEFERREDIPICLR @ 0x20e102030
CHIP::SOUTHBRIDGE::PMS::AIC.BANKED_PVTSTAMPCFG @ 0x20e102040
CHIP::SOUTHBRIDGE::PMS::AIC.BANKED_PVTSTAMPLO @ 0x20e102048
CHIP::SOUTHBRIDGE::PMS::AIC.BANKED_PVTSTAMPHI @ 0x20e10204c
CHIP::SOUTHBRIDGE::PMS::AIC.EXTINTR_TGTDST @ 0x20e103000
CHIP::SOUTHBRIDGE::PMS::AIC.EXTINTR_SWGENSET @ 0x20e104000
CHIP::SOUTHBRIDGE::PMS::AIC.EXTINTR_SWGENCLR @ 0x20e104080
CHIP::SOUTHBRIDGE::PMS::AIC.EXTINTR_INTMASKSET @ 0x20e104100
CHIP::SOUTHBRIDGE::PMS::AIC.EXTINTR_INTMASKCLR @ 0x20e104180
CHIP::SOUTHBRIDGE::PMS::AIC.EXTINTR_HWINTMON @ 0x20e104200
CHIP::SOUTHBRIDGE::PMS::AIC.ALIASED_ALIAS_WHOAMI0 @ 0x20e105000
CHIP::SOUTHBRIDGE::PMS::AIC.ALIASED_ALIAS_IACK0 @ 0x20e105004
CHIP::SOUTHBRIDGE::PMS::AIC.ALIASED_ALIAS_IPISET0 @ 0x20e105008
CHIP::SOUTHBRIDGE::PMS::AIC.ALIASED_ALIAS_IPICLR0 @ 0x20e10500c
CHIP::SOUTHBRIDGE::PMS::AIC.ALIASED_ALIAS_IPIMASKSET0 @ 0x20e105024
CHIP::SOUTHBRIDGE::PMS::AIC.ALIASED_ALIAS_IPIMASKCLR0 @ 0x20e105028
CHIP::SOUTHBRIDGE::PMS::AIC.ALIASED_ALIAS_DEFERREDIPISET0 @ 0x20e10502c
CHIP::SOUTHBRIDGE::PMS::AIC.ALIASED_ALIAS_DEFERREDIPICLR0 @ 0x20e105030
CHIP::SOUTHBRIDGE::PMS::AIC.ALIASED_ALIAS_PVTSTAMPCFG0 @ 0x20e105040
CHIP::SOUTHBRIDGE::PMS::AIC.ALIASED_ALIAS_PVTSTAMPLO0 @ 0x20e105048
CHIP::SOUTHBRIDGE::PMS::AIC.ALIASED_ALIAS_PVTSTAMPHI0 @ 0x20e10504c
CHIP::SOUTHBRIDGE::PMS::AIC.ALIASED_ALIAS_WHO_AM_I1 @ 0x20e105080
CHIP::SOUTHBRIDGE::PMS::AIC.ALIASED_ALIAS_IACK1 @ 0x20e105084
CHIP::SOUTHBRIDGE::PMS::AIC.ALIASED_ALIAS_IPISET1 @ 0x20e105088
CHIP::SOUTHBRIDGE::PMS::AIC.ALIASED_ALIAS_IPICLR1 @ 0x20e10508c
CHIP::SOUTHBRIDGE::PMS::AIC.ALIASED_ALIAS_IPIMASKSET1 @ 0x20e1050a4
CHIP::SOUTHBRIDGE::PMS::AIC.ALIASED_ALIAS_IPIMASKCLR1 @ 0x20e1050a8
CHIP::SOUTHBRIDGE::PMS::AIC.ALIASED_ALIAS_DEFERREDIPISET1 @ 0x20e1050ac
CHIP::SOUTHBRIDGE::PMS::AIC.ALIASED_ALIAS_DEFERREDIPICLR1 @ 0x20e1050b0
CHIP::SOUTHBRIDGE::PMS::AIC.ALIASED_ALIAS_PVTSTAMPCFG1 @ 0x20e1050c0
CHIP::SOUTHBRIDGE::PMS::AIC.ALIASED_ALIAS_PVTSTAMPLO1 @ 0x20e1050c8
CHIP::SOUTHBRIDGE::PMS::AIC.ALIASED_ALIAS_PVTSTAMPHI1 @ 0x20e1050cc
CHIP::SOUTHBRIDGE::PMS::AIC.ALIASED_ALIAS_WHO_AM_I2 @ 0x20e105100
CHIP::SOUTHBRIDGE::PMS::AIC.ALIASED_ALIAS_IACK2 @ 0x20e105104
CHIP::SOUTHBRIDGE::PMS::AIC.ALIASED_ALIAS_IPISET2 @ 0x20e105108
CHIP::SOUTHBRIDGE::PMS::AIC.ALIASED_ALIAS_IPICLR2 @ 0x20e10510c
CHIP::SOUTHBRIDGE::PMS::AIC.ALIASED_ALIAS_IPIMASKSET2 @ 0x20e105124
CHIP::SOUTHBRIDGE::PMS::AIC.ALIASED_ALIAS_IPIMASKCLR2 @ 0x20e105128
CHIP::SOUTHBRIDGE::PMS::AIC.ALIASED_ALIAS_DEFERREDIPISET2 @ 0x20e10512c
CHIP::SOUTHBRIDGE::PMS::AIC.ALIASED_ALIAS_DEFERREDIPICLR2 @ 0x20e105130
CHIP::SOUTHBRIDGE::PMS::AIC.ALIASED_ALIAS_PVTSTAMPCFG2 @ 0x20e105140
CHIP::SOUTHBRIDGE::PMS::AIC.ALIASED_ALIAS_PVTSTAMPLO2 @ 0x20e105148
CHIP::SOUTHBRIDGE::PMS::AIC.ALIASED_ALIAS_PVTSTAMPHI2 @ 0x20e10514c
CHIP::SOUTHBRIDGE::PMS::AIC.ALIASED_ALIAS_WHO_AM_I3 @ 0x20e105180
CHIP::SOUTHBRIDGE::PMS::AIC.ALIASED_ALIAS_IACK3 @ 0x20e105184
CHIP::SOUTHBRIDGE::PMS::AIC.ALIASED_ALIAS_IPISET3 @ 0x20e105188
CHIP::SOUTHBRIDGE::PMS::AIC.ALIASED_ALIAS_IPICLR3 @ 0x20e10518c
CHIP::SOUTHBRIDGE::PMS::AIC.ALIASED_ALIAS_IPIMASKSET3 @ 0x20e1051a4
CHIP::SOUTHBRIDGE::PMS::AIC.ALIASED_ALIAS_IPIMASKCLR3 @ 0x20e1051a8
CHIP::SOUTHBRIDGE::PMS::AIC.ALIASED_ALIAS_DEFERREDIPISET3 @ 0x20e1051ac
CHIP::SOUTHBRIDGE::PMS::AIC.ALIASED_ALIAS_DEFERREDIPICLR3 @ 0x20e1051b0
CHIP::SOUTHBRIDGE::PMS::AIC.ALIASED_ALIAS_PVTSTAMPCFG3 @ 0x20e1051c0
CHIP::SOUTHBRIDGE::PMS::AIC.ALIASED_ALIAS_PVTSTAMPLO3 @ 0x20e1051c8
CHIP::SOUTHBRIDGE::PMS::AIC.ALIASED_ALIAS_PVTSTAMPHI3 @ 0x20e1051cc
CHIP::SOUTHBRIDGE::PMS::AIC.SHARED_TIMESTAMP_PUBSTAMPCFG0 @ 0x20e106000
CHIP::SOUTHBRIDGE::PMS::AIC.SHARED_TIMESTAMP_PUBSTAMPLO0 @ 0x20e106008
CHIP::SOUTHBRIDGE::PMS::AIC.SHARED_TIMESTAMP_PUBSTAMPHI0 @ 0x20e10600c
CHIP::SOUTHBRIDGE::PMS::AIC.SHARED_TIMESTAMP_PUBSTAMPCFG1 @ 0x20e106010
CHIP::SOUTHBRIDGE::PMS::AIC.SHARED_TIMESTAMP_PUBSTAMPLO1 @ 0x20e106018
CHIP::SOUTHBRIDGE::PMS::AIC.SHARED_TIMESTAMP_PUBSTAMPHI1 @ 0x20e10601c
CHIP::SOUTHBRIDGE::PMS::AIC.SHARED_TIMESTAMP_PUBSTAMPCFG2 @ 0x20e106020
CHIP::SOUTHBRIDGE::PMS::AIC.SHARED_TIMESTAMP_PUBSTAMPLO2 @ 0x20e106028
CHIP::SOUTHBRIDGE::PMS::AIC.SHARED_TIMESTAMP_PUBSTAMPHI2 @ 0x20e10602c
CHIP::SOUTHBRIDGE::PMS::AIC.SHARED_TIMESTAMP_PUBSTAMPCFG3 @ 0x20e106030
CHIP::SOUTHBRIDGE::PMS::AIC.SHARED_TIMESTAMP_PUBSTAMPLO3 @ 0x20e106038
CHIP::SOUTHBRIDGE::PMS::AIC.SHARED_TIMESTAMP_PUBSTAMPHI3 @ 0x20e10603c
CHIP::SOUTHBRIDGE::PMS::AIC.SHARED_TIMESTAMP_PUBSTAMPCFG4 @ 0x20e106040
CHIP::SOUTHBRIDGE::PMS::AIC.SHARED_TIMESTAMP_PUBSTAMPLO4 @ 0x20e106048
CHIP::SOUTHBRIDGE::PMS::AIC.SHARED_TIMESTAMP_PUBSTAMPHI4 @ 0x20e10604c
CHIP::SOUTHBRIDGE::PMS::AIC.SHARED_TIMESTAMP_PUBSTAMPCFG5 @ 0x20e106050
CHIP::SOUTHBRIDGE::PMS::AIC.SHARED_TIMESTAMP_PUBSTAMPLO5 @ 0x20e106058
CHIP::SOUTHBRIDGE::PMS::AIC.SHARED_TIMESTAMP_PUBSTAMPHI5 @ 0x20e10605c
CHIP::SOUTHBRIDGE::PMS::AIC.SHARED_TIMESTAMP_PUBSTAMPCFG6 @ 0x20e106060
CHIP::SOUTHBRIDGE::PMS::AIC.SHARED_TIMESTAMP_PUBSTAMPLO6 @ 0x20e106068
CHIP::SOUTHBRIDGE::PMS::AIC.SHARED_TIMESTAMP_PUBSTAMPHI6 @ 0x20e10606c
CHIP::SOUTHBRIDGE::PMS::AIC.SHARED_TIMESTAMP_PUBSTAMPCFG7 @ 0x20e106070
CHIP::SOUTHBRIDGE::PMS::AIC.SHARED_TIMESTAMP_PUBSTAMPLO7 @ 0x20e106078
CHIP::SOUTHBRIDGE::PMS::AIC.SHARED_TIMESTAMP_PUBSTAMPHI7 @ 0x20e10607c
CHIP::SOUTHBRIDGE::PMS::AIC.SHARED_TIMESTAMP_PUBSTAMPCFG8 @ 0x20e106080
CHIP::SOUTHBRIDGE::PMS::AIC.SHARED_TIMESTAMP_PUBSTAMPLO8 @ 0x20e106088
CHIP::SOUTHBRIDGE::PMS::AIC.SHARED_TIMESTAMP_PUBSTAMPHI8 @ 0x20e10608c
CHIP::SOUTHBRIDGE::PMS::AIC.SHARED_TIMESTAMP_PUBSTAMPCFG9 @ 0x20e106090
CHIP::SOUTHBRIDGE::PMS::AIC.SHARED_TIMESTAMP_PUBSTAMPLO9 @ 0x20e106098
CHIP::SOUTHBRIDGE::PMS::AIC.SHARED_TIMESTAMP_PUBSTAMPHI9 @ 0x20e10609c
CHIP::SOUTHBRIDGE::PMS::AIC.SHARED_TIMESTAMP_PUBSTAMPCFG10 @ 0x20e1060a0
CHIP::SOUTHBRIDGE::PMS::AIC.SHARED_TIMESTAMP_PUBSTAMPLO10 @ 0x20e1060a8
CHIP::SOUTHBRIDGE::PMS::AIC.SHARED_TIMESTAMP_PUBSTAMPHI10 @ 0x20e1060ac
CHIP::SOUTHBRIDGE::PMS::AIC.SHARED_TIMESTAMP_PUBSTAMPCFG11 @ 0x20e1060b0
CHIP::SOUTHBRIDGE::PMS::AIC.SHARED_TIMESTAMP_PUBSTAMPLO11 @ 0x20e1060b8
CHIP::SOUTHBRIDGE::PMS::AIC.SHARED_TIMESTAMP_PUBSTAMPHI11 @ 0x20e1060bc
CHIP::SOUTHBRIDGE::PMS::AIC.SHARED_TIMESTAMP_PUBSTAMPCFG12 @ 0x20e1060c0
CHIP::SOUTHBRIDGE::PMS::AIC.SHARED_TIMESTAMP_PUBSTAMPLO12 @ 0x20e1060c8
CHIP::SOUTHBRIDGE::PMS::AIC.SHARED_TIMESTAMP_PUBSTAMPHI12 @ 0x20e1060cc
CHIP::SOUTHBRIDGE::PMS::AIC.SHARED_TIMESTAMP_PUBSTAMPCFG13 @ 0x20e1060d0
CHIP::SOUTHBRIDGE::PMS::AIC.SHARED_TIMESTAMP_PUBSTAMPLO13 @ 0x20e1060d8
CHIP::SOUTHBRIDGE::PMS::AIC.SHARED_TIMESTAMP_PUBSTAMPHI13 @ 0x20e1060dc
CHIP::SOUTHBRIDGE::PMS::AIC.SHARED_TIMESTAMP_PUBSTAMPCFG14 @ 0x20e1060e0
CHIP::SOUTHBRIDGE::PMS::AIC.SHARED_TIMESTAMP_PUBSTAMPLO14 @ 0x20e1060e8
CHIP::SOUTHBRIDGE::PMS::AIC.SHARED_TIMESTAMP_PUBSTAMPHI14 @ 0x20e1060ec
CHIP::SOUTHBRIDGE::PMS::AIC.SHARED_TIMESTAMP_PUBSTAMPCFG15 @ 0x20e1060f0
CHIP::SOUTHBRIDGE::PMS::AIC.SHARED_TIMESTAMP_PUBSTAMPLO15 @ 0x20e1060f8
CHIP::SOUTHBRIDGE::PMS::AIC.SHARED_TIMESTAMP_PUBSTAMPHI15 @ 0x20e1060fc
CHIP::SOUTHBRIDGE::PMS::AICWRAP.WIREVIRT_ISPVIRT @ 0x20e110000
CHIP::SOUTHBRIDGE::PMS::AICWRAP.WIREVIRT_SEPVIRT @ 0x20e110010
CHIP::SOUTHBRIDGE::PMS::AICWRAP.WIREVIRT_AOPVIRT @ 0x20e110020
CHIP::SOUTHBRIDGE::PMS::AICWRAP.WIREVIRT_DISP0VIRT @ 0x20e110030
CHIP::SOUTHBRIDGE::PMS::AICWRAP.WIREVIRT_PMPVIRT @ 0x20e110040
CHIP::SOUTHBRIDGE::PMS::AICWRAP.WIREVIRT_VDEC0VIRT @ 0x20e110050
CHIP::SOUTHBRIDGE::PMS::AICWRAP.WIREVIRT_VENCVIRT @ 0x20e110060
CHIP::SOUTHBRIDGE::PMS::AICWRAP.WIREVIRT_GFXVIRT @ 0x20e110070
CHIP::SOUTHBRIDGE::PMS::AICWRAP.WIREVIRT_JPEGVIRT @ 0x20e110090
CHIP::SOUTHBRIDGE::PMS::AICWRAP.WIREVIRT_MSRVIRT @ 0x20e1100a0
CHIP::SOUTHBRIDGE::PMS::AICWRAP.WIREVIRT_SIOVIRT @ 0x20e1100b0
CHIP::SOUTHBRIDGE::PMS::AICWRAP.WIREVIRT_USBVIRT @ 0x20e1100c0
CHIP::SOUTHBRIDGE::PMS::AICWRAP.WIREVIRT_PCIELINK0VIRT @ 0x20e110180
CHIP::SOUTHBRIDGE::PMS::AICWRAP.WIREVIRT_PCIELINK1VIRT @ 0x20e110190
CHIP::SOUTHBRIDGE::PMS::AICWRAP.WIREVIRT_PCIELINK2VIRT @ 0x20e1101a0
CHIP::SOUTHBRIDGE::PMS::AICWRAP.WIREVIRT_PCIELINK3VIRT @ 0x20e1101b0
CHIP::SOUTHBRIDGE::PMS::AICWRAP.WIREVIRT_PCIEMSI @ 0x20e114000
CHIP::SOUTHBRIDGE::PMS::DWI.CLOCK_CONFIG @ 0x20e200000
CHIP::SOUTHBRIDGE::PMS::DWI.DWI_TRANSFER_GAP @ 0x20e200004
CHIP::SOUTHBRIDGE::PMS::DWI.PSPI_TRANSFER_GAP @ 0x20e200008
CHIP::SOUTHBRIDGE::PMS::DWI.VERSION @ 0x20e20000c
CHIP::SOUTHBRIDGE::PMS::DWI.PSPI_SLV_RESP @ 0x20e200010
CHIP::SOUTHBRIDGE::PMS::DWI.DVC_STATUS @ 0x20e200014
CHIP::SOUTHBRIDGE::PMS::DWI.PSPI_INT_STATUS @ 0x20e200020
CHIP::SOUTHBRIDGE::PMS::DWI.PSPI_INT0_CONTROL @ 0x20e200024
CHIP::SOUTHBRIDGE::PMS::DWI.PSPI_INT1_CONTROL @ 0x20e200028
CHIP::SOUTHBRIDGE::PMS::DWI.DWI_RX_DATA @ 0x20e200060
CHIP::SOUTHBRIDGE::PMS::DWI.ITR0_CONTROL @ 0x20e200080
CHIP::SOUTHBRIDGE::PMS::DWI.ITR0_TX_DATA @ 0x20e200084
CHIP::SOUTHBRIDGE::PMS::DWI.ITR0_RD_DATA @ 0x20e200088
CHIP::SOUTHBRIDGE::PMS::DWI.ITR0_INT_STATUS @ 0x20e20008c
CHIP::SOUTHBRIDGE::PMS::DWI.ITR1_CONTROL @ 0x20e2000a0
CHIP::SOUTHBRIDGE::PMS::DWI.ITR1_TX_DATA @ 0x20e2000a4
CHIP::SOUTHBRIDGE::PMS::DWI.ITR1_RD_DATA @ 0x20e2000a8
CHIP::SOUTHBRIDGE::PMS::DWI.ITR1_INT_STATUS @ 0x20e2000ac
CHIP::SOUTHBRIDGE::PMS::DWI.ITR1_RAMP_COUNT @ 0x20e2000b0
CHIP::SOUTHBRIDGE::PMS::DWI.ITR1_DELTAV_ACTIVE @ 0x20e2000b4
CHIP::SOUTHBRIDGE::PMS::DWI.STR_CONTROL @ 0x20e2000c0
CHIP::SOUTHBRIDGE::PMS::DWI.STR_TX_DATA @ 0x20e2000c4
CHIP::SOUTHBRIDGE::PMS::DWI.STR_RD_DATA @ 0x20e2000c8
CHIP::SOUTHBRIDGE::PMS::DWI.STR_INT_STATUS @ 0x20e2000cc
CHIP::SOUTHBRIDGE::PMS::DWI.STR_DELAY @ 0x20e2000d0
CHIP::SOUTHBRIDGE::PMS::DWI.VM_CONTROL @ 0x20e2000e0
CHIP::SOUTHBRIDGE::PMS::DWI.NOP_CONTROL @ 0x20e200100
CHIP::SOUTHBRIDGE::PMS::DWI.NOP_TIMEOUT @ 0x20e200104
CHIP::SOUTHBRIDGE::PMS::DWI.NOP_DVC_TIMEOUT @ 0x20e200108
CHIP::SOUTHBRIDGE::PMS::DWI.NOP_COUNTER @ 0x20e20010c
CHIP::SOUTHBRIDGE::PMS::PMP.AKFAPB_AKF_REV @ 0x20e300000
CHIP::SOUTHBRIDGE::PMS::PMP.AKFAPB_AKF_CTRL @ 0x20e300004
CHIP::SOUTHBRIDGE::PMS::PMP.AKFAPB_AKF_AXI_BASE @ 0x20e300008
CHIP::SOUTHBRIDGE::PMS::PMP.AKFAPB_AKF_AXI_BASE_EXT @ 0x20e300010
CHIP::SOUTHBRIDGE::PMS::PMP.AKFAPB_AKF_AXI_START @ 0x20e300018
CHIP::SOUTHBRIDGE::PMS::PMP.AKFAPB_AKF_AXI_START_EXT @ 0x20e300020
CHIP::SOUTHBRIDGE::PMS::PMP.AKFAPB_AKF_AXI_END @ 0x20e300028
CHIP::SOUTHBRIDGE::PMS::PMP.AKFAPB_AKF_AXI_END_EXT @ 0x20e300030
CHIP::SOUTHBRIDGE::PMS::PMP.AKFAPB_AKF_AXI_EN @ 0x20e300038
CHIP::SOUTHBRIDGE::PMS::PMP.AKFAPB_AKF_IDLE_CTRL @ 0x20e300040
CHIP::SOUTHBRIDGE::PMS::PMP.AKFAPB_AKF_CPU_CTRL @ 0x20e300044
CHIP::SOUTHBRIDGE::PMS::PMP.AKFAPB_AKF_IDLE_STATUS @ 0x20e300048
CHIP::SOUTHBRIDGE::PMS::PMP.AKFAPB_AKF_KIC_CAP0 @ 0x20e300800
CHIP::SOUTHBRIDGE::PMS::PMP.AKFAPB_AKF_KIC_CAP1 @ 0x20e300804
CHIP::SOUTHBRIDGE::PMS::PMP.AKFAPB_AKF_KIC_GLB_RESET @ 0x20e300808
CHIP::SOUTHBRIDGE::PMS::PMP.AKFAPB_AKF_KIC_GLB_CFG @ 0x20e30080c
CHIP::SOUTHBRIDGE::PMS::PMP.AKFAPB_AKF_KIC_IACK @ 0x20e30081c
CHIP::SOUTHBRIDGE::PMS::PMP.AKFAPB_AKF_KIC_SW_GEN_SET @ 0x20e300900
CHIP::SOUTHBRIDGE::PMS::PMP.AKFAPB_AKF_KIC_SW_GEN_CLR @ 0x20e300980
CHIP::SOUTHBRIDGE::PMS::PMP.AKFAPB_AKF_KIC_INT_MSK_SET @ 0x20e300a00
CHIP::SOUTHBRIDGE::PMS::PMP.AKFAPB_AKF_KIC_INT_MSK_CLR @ 0x20e300a80
CHIP::SOUTHBRIDGE::PMS::PMP.AKFAPB_AKF_KIC_HWINTMON @ 0x20e300b00
CHIP::SOUTHBRIDGE::PMS::PMP.AKFAPB_AKF_KIC_MAILBOX_SET @ 0x20e300b80
CHIP::SOUTHBRIDGE::PMS::PMP.AKFAPB_AKF_KIC_MAILBOX_CLR @ 0x20e300b84
CHIP::SOUTHBRIDGE::PMS::PMP.AKFAPB_AKF_KIC_INBOX_CTRL @ 0x20e300b88
CHIP::SOUTHBRIDGE::PMS::PMP.AKFAPB_AKF_KIC_INBOX_WR_L @ 0x20e300b90
CHIP::SOUTHBRIDGE::PMS::PMP.AKFAPB_AKF_KIC_INBOX_WR_H @ 0x20e300b94
CHIP::SOUTHBRIDGE::PMS::PMP.AKFAPB_AKF_KIC_INBOX_RD_L @ 0x20e300b98
CHIP::SOUTHBRIDGE::PMS::PMP.AKFAPB_AKF_KIC_INBOX_RD_H @ 0x20e300b9c
CHIP::SOUTHBRIDGE::PMS::PMP.AKFAPB_AKF_KIC_OUTBOX_CTRL @ 0x20e300ba0
CHIP::SOUTHBRIDGE::PMS::PMP.AKFAPB_AKF_KIC_OUTBOX_WR_L @ 0x20e300bb0
CHIP::SOUTHBRIDGE::PMS::PMP.AKFAPB_AKF_KIC_OUTBOX_WR_H @ 0x20e300bb4
CHIP::SOUTHBRIDGE::PMS::PMP.AKFAPB_AKF_KIC_OUTBOX_RD_L @ 0x20e300bb8
CHIP::SOUTHBRIDGE::PMS::PMP.AKFAPB_AKF_KIC_OUTBOX_RD_H @ 0x20e300bbc
CHIP::SOUTHBRIDGE::PMS::PMP.AKFAPB_AKF_KIC_MAILBOX_EXT_SET @ 0x20e300c00
CHIP::SOUTHBRIDGE::PMS::PMP.AKFAPB_AKF_KIC_MAILBOX_EXT_CLR @ 0x20e300c04
CHIP::SOUTHBRIDGE::PMS::PMP.AKFAPB_AKF_AP_MAILBOX_SET @ 0x20e304000
CHIP::SOUTHBRIDGE::PMS::PMP.AKFAPB_AKF_AP_MAILBOX_CLR @ 0x20e304004
CHIP::SOUTHBRIDGE::PMS::PMP.AKFAPB_AKF_AP_INBOX_CTRL @ 0x20e304008
CHIP::SOUTHBRIDGE::PMS::PMP.AKFAPB_AKF_AP_INBOX_WR_L @ 0x20e304010
CHIP::SOUTHBRIDGE::PMS::PMP.AKFAPB_AKF_AP_INBOX_WR_H @ 0x20e304014
CHIP::SOUTHBRIDGE::PMS::PMP.AKFAPB_AKF_AP_INBOX_RD_L @ 0x20e304018
CHIP::SOUTHBRIDGE::PMS::PMP.AKFAPB_AKF_AP_INBOX_RD_H @ 0x20e30401c
CHIP::SOUTHBRIDGE::PMS::PMP.AKFAPB_AKF_AP_OUTBOX_CTRL @ 0x20e304020
CHIP::SOUTHBRIDGE::PMS::PMP.AKFAPB_AKF_AP_OUTBOX_WR_L @ 0x20e304030
CHIP::SOUTHBRIDGE::PMS::PMP.AKFAPB_AKF_AP_OUTBOX_WR_H @ 0x20e304034
CHIP::SOUTHBRIDGE::PMS::PMP.AKFAPB_AKF_AP_OUTBOX_RD_L @ 0x20e304038
CHIP::SOUTHBRIDGE::PMS::PMP.AKFAPB_AKF_AP_OUTBOX_RD_H @ 0x20e30403c
CHIP::SOUTHBRIDGE::PMS::PMP.AKFAPB_AKF_AP_IDLE_STATUS @ 0x20e304040
CHIP::SOUTHBRIDGE::PMS::PMP.AKFAPB_AKF_EXT_SW_GEN_SET @ 0x20e308000
CHIP::SOUTHBRIDGE::PMS::PMP.AKFAPB_AKF_EXT_SW_GEN_CLR @ 0x20e308080
CHIP::SOUTHBRIDGE::PMS::PMP.AKFN_AKF_KIC_TMR_CFG @ 0x20e30c000
CHIP::SOUTHBRIDGE::PMS::PMP.AKFN_AKF_KIC_TMR_START @ 0x20e30c008
CHIP::SOUTHBRIDGE::PMS::PMP.AKFN_AKF_KIC_TMR_CNT @ 0x20e30c010
CHIP::SOUTHBRIDGE::PMS::PMP.AKFN_AKF_KIC_TMR_ISR @ 0x20e30c018
CHIP::SOUTHBRIDGE::PMS::PMP.AKFN_AKF_KIC_TMR_STATE_SET @ 0x20e30c020
CHIP::SOUTHBRIDGE::PMS::PMP.AKFN_AKF_KIC_TMR_STATE_CLR @ 0x20e30c028
CHIP::SOUTHBRIDGE::PMS::PMP.AKFN_AKF_KIC_GLB_TIME_BASE_LO @ 0x20e30c030
CHIP::SOUTHBRIDGE::PMS::PMP.AKFN_AKF_KIC_GLB_TIME_BASE_HI @ 0x20e30c038
CHIP::SOUTHBRIDGE::PMS::PMP.AKFN_AKF_EVENT_TMR @ 0x20e30c040
CHIP::SOUTHBRIDGE::PMS::PMP.AKFN_AKF_EVENT_PERIOD @ 0x20e30c044
CHIP::SOUTHBRIDGE::PMS::PMP.AKFN_AKF_EVENT_CTL @ 0x20e30c048
CHIP::SOUTHBRIDGE::PMS::PMP_DBG::AKF_CPU.DUMMY @ 0x20e320000
CHIP::SOUTHBRIDGE::PMS::PMP_DBG::AKF_CTI[0].DUMMY @ 0x20e324000
CHIP::SOUTHBRIDGE::PMS::PMP_DBG::AKF_CTI[1].DUMMY @ 0x20e328000
CHIP::SOUTHBRIDGE::PMS::PMP_DBG::AKF_ETM.DUMMY @ 0x20e32c000
CHIP::SOUTHBRIDGE::PMS::PMP_DBG::AKF_ETB.DUMMY @ 0x20e330000
CHIP::SOUTHBRIDGE::PMS::PMSCSR.PMSCSR_PMP_PMS_CTRL @ 0x20e400000
CHIP::SOUTHBRIDGE::PMS::PMSCSR.PMSCSR_PMP_PMS_SRAM_CPG_CTRL @ 0x20e400004
CHIP::SOUTHBRIDGE::PMS::PMSCSR.PMSCSR_PMP_PMP_CPG_CTRL @ 0x20e400008
CHIP::SOUTHBRIDGE::PMS::PMSCSR.PMSCSR_PMP_PMS_CPG_CTRL @ 0x20e40000c
CHIP::SOUTHBRIDGE::PMS::PMSCSR.PMSCSR_N_PMP_TMR_CFG @ 0x20e404000
CHIP::SOUTHBRIDGE::PMS::PMSCSR.PMSCSR_N_PMP_TMR_START @ 0x20e404008
CHIP::SOUTHBRIDGE::PMS::PMSCSR.PMSCSR_N_PMP_TMR_CNT @ 0x20e404010
CHIP::SOUTHBRIDGE::PMS::PMSCSR.PMSCSR_N_PMP_TMR_ISR @ 0x20e404018
CHIP::SOUTHBRIDGE::PMS::PMSCSR.PMSCSR_N_PMP_TMR_STATE_SET @ 0x20e404020
CHIP::SOUTHBRIDGE::PMS::PMSCSR.PMSCSR_N_PMP_TMR_STATE_CLR @ 0x20e404028
CHIP::SOUTHBRIDGE::PMS::PMSCSR.PMSCSR_N_PMS_WAKEUP_EN @ 0x20e404030
CHIP::SOUTHBRIDGE::PMS::PMS_PL301.PMS_QOSTIDEMI_0 @ 0x20e408400
CHIP::SOUTHBRIDGE::PMS::PMS_PL301.PMS_QOSACMI_0 @ 0x20e408404
CHIP::SOUTHBRIDGE::PMS::PMS_PL301.PMS_ARCHANARBMI_0 @ 0x20e408408
CHIP::SOUTHBRIDGE::PMS::PMS_PL301.PMS_AWCHANARBMI_0 @ 0x20e40840c
CHIP::SOUTHBRIDGE::PMS::PMS_PL301.PMS_QOSTIDEMI_1 @ 0x20e408420
CHIP::SOUTHBRIDGE::PMS::PMS_PL301.PMS_QOSACMI_1 @ 0x20e408424
CHIP::SOUTHBRIDGE::PMS::PMS_PL301.PMS_ARCHANARBMI_1 @ 0x20e408428
CHIP::SOUTHBRIDGE::PMS::PMS_PL301.PMS_AWCHANARBMI_1 @ 0x20e40842c
CHIP::SOUTHBRIDGE::PMS::PMS_PL301.PMS_PCCONF0 @ 0x20e408fc0
CHIP::SOUTHBRIDGE::PMS::PMS_PL301.PMS_PCCONF1 @ 0x20e408fc4
CHIP::SOUTHBRIDGE::PMS::PMS_PL301.PMS_PCCONF2 @ 0x20e408fc8
CHIP::SOUTHBRIDGE::PMS::PMS_PL301.PMS_PCCONF3 @ 0x20e408fcc
CHIP::SOUTHBRIDGE::PMS::PMS_PL301.PMS_PCPERIPH0 @ 0x20e408fe0
CHIP::SOUTHBRIDGE::PMS::PMS_PL301.PMS_PCPERIPH1 @ 0x20e408fe4
CHIP::SOUTHBRIDGE::PMS::PMS_PL301.PMS_PCPERIPH2 @ 0x20e408fe8
CHIP::SOUTHBRIDGE::PMS::PMS_PL301.PMS_PCPERIPH3 @ 0x20e408fec
CHIP::SOUTHBRIDGE::PMS::PMS_PL301.PMS_PCID0 @ 0x20e408ff0
CHIP::SOUTHBRIDGE::PMS::PMS_PL301.PMS_PCID1 @ 0x20e408ff4
CHIP::SOUTHBRIDGE::PMS::PMS_PL301.PMS_PCID2 @ 0x20e408ff8
CHIP::SOUTHBRIDGE::PMS::PMS_PL301.PMS_PCID3 @ 0x20e408ffc
CHIP::SOUTHBRIDGE::PMS::PMP_INTR2AXI.INTERRUPT_FILTER_0 @ 0x20e40c000
CHIP::SOUTHBRIDGE::PMS::PMP_INTR2AXI.CURRENT_STATUS_0 @ 0x20e40c040
CHIP::SOUTHBRIDGE::PMS::PMP_INTR2AXI.FORCE_UPDATE @ 0x20e40c080
CHIP::SOUTHBRIDGE::PMS::PMP_INTR2AXI.IDLE @ 0x20e40c084
CHIP::SOUTHBRIDGE::PMS::PMS_SRAM.PMS_SRAM @ 0x20e500000
CHIP::SOUTHBRIDGE::SBR_AXI2AF::AFC_AIU_SB.AFC_AIU_SB_SELF_REGS_ARBCFG @ 0x20f000000
CHIP::SOUTHBRIDGE::SBR_AXI2AF::AFC_AIU_SB.AFC_AIU_SB_SELF_REGS_DWCFG_LEG0 @ 0x20f000004
CHIP::SOUTHBRIDGE::SBR_AXI2AF::AFC_AIU_SB.AFC_AIU_SB_SELF_REGS_DWCFG_LEG1 @ 0x20f000008
CHIP::SOUTHBRIDGE::SBR_AXI2AF::AFC_AIU_SB.AFC_AIU_SB_SELF_REGS_DNRSP_CREDIT_ALLOC @ 0x20f00000c
CHIP::SOUTHBRIDGE::SBR_AXI2AF::AFC_AIU_SB.AFC_AIU_SB_SELF_REGS_PIO_CREDIT_ALLOC @ 0x20f000010
CHIP::SOUTHBRIDGE::SBR_AXI2AF::AFC_AIU_SB.AFC_AIU_SB_SELF_REGS_CPG_CNTL @ 0x20f000014
CHIP::SOUTHBRIDGE::SBR_AXI2AF::AFC_AIU_SB.AFC_AIU_SB_SELF_REGS_LIMITED_BW_THRESHOLD @ 0x20f000018
CHIP::SOUTHBRIDGE::SBR_AXI2AF::AFC_AIU_SB.AFC_AIU_SB_SELF_AW_TLIMIT_LEVEL0 @ 0x20f00001c
CHIP::SOUTHBRIDGE::SBR_AXI2AF::AFC_AIU_SB.AFC_AIU_SB_SELF_AW_TLIMIT_LEVEL1 @ 0x20f000020
CHIP::SOUTHBRIDGE::SBR_AXI2AF::AFC_AIU_SB.AFC_AIU_SB_SELF_AW_TLIMIT_LEVEL2 @ 0x20f000024
CHIP::SOUTHBRIDGE::SBR_AXI2AF::AFC_AIU_SB.AFC_AIU_SB_SELF_AW_TLIMIT_LEVEL3 @ 0x20f000028
CHIP::SOUTHBRIDGE::SBR_AXI2AF::AFC_AIU_SB.AFC_AIU_SB_SELF_AR_TLIMIT_LEVEL0 @ 0x20f00002c
CHIP::SOUTHBRIDGE::SBR_AXI2AF::AFC_AIU_SB.AFC_AIU_SB_SELF_AR_TLIMIT_LEVEL1 @ 0x20f000030
CHIP::SOUTHBRIDGE::SBR_AXI2AF::AFC_AIU_SB.AFC_AIU_SB_SELF_AR_TLIMIT_LEVEL2 @ 0x20f000034
CHIP::SOUTHBRIDGE::SBR_AXI2AF::AFC_AIU_SB.AFC_AIU_SB_SELF_AR_TLIMIT_LEVEL3 @ 0x20f000038
CHIP::SOUTHBRIDGE::SBR_AXI2AF::AFC_AIU_SB.AFC_AIU_SB_SELF_TLIMIT_OUTSTANDING @ 0x20f00003c
CHIP::SOUTHBRIDGE::SBR_AXI2AF::AFC_AIU_SB.AFC_AIU_MC_SB_REGS_MEMCACHE_DATASETID_OVERRIDE @ 0x20f004000
CHIP::SOUTHBRIDGE::SBR_AXI2AF::AFC_AIU_SB.AFC_AIU_MC_SB_REGS_MEMCACHE_HINT_OVERRIDE @ 0x20f004004
CHIP::SOUTHBRIDGE::SBR_AXI2AF::AFC_AIU_SB.AFC_AIU_PERF_CNTR_SB_AW_PERF_CNTR_CNTRL @ 0x20f008000
CHIP::SOUTHBRIDGE::SBR_AXI2AF::AFC_AIU_SB.AFC_AIU_PERF_CNTR_SB_AW_DEPTH_CNTR_STATUS @ 0x20f008004
CHIP::SOUTHBRIDGE::SBR_AXI2AF::AFC_AIU_SB.AFC_AIU_PERF_CNTR_SB_AW_LATENCY_CNTR_STATUS @ 0x20f008008
CHIP::SOUTHBRIDGE::SBR_AXI2AF::AFC_AIU_SB.AFC_AIU_PERF_CNTR_SB_AW_THROUGHPUT_CNTR_STATUS @ 0x20f00800c
CHIP::SOUTHBRIDGE::SBR_AXI2AF::AFC_AIU_SB.AFC_AIU_PERF_CNTR_SB_AR_PERF_CNTR_CNTRL @ 0x20f008010
CHIP::SOUTHBRIDGE::SBR_AXI2AF::AFC_AIU_SB.AFC_AIU_PERF_CNTR_SB_AR_DEPTH_CNTR_STATUS @ 0x20f008014
CHIP::SOUTHBRIDGE::SBR_AXI2AF::AFC_AIU_SB.AFC_AIU_PERF_CNTR_SB_AR_LATENCY_CNTR_STATUS @ 0x20f008018
CHIP::SOUTHBRIDGE::SBR_AXI2AF::AFC_AIU_SB.AFC_AIU_PERF_CNTR_SB_AR_THROUGHPUT_CNTR_STATUS @ 0x20f00801c
CHIP::SOUTHBRIDGE::SBR_AXI2AF::AFC_AIU_SB.AFC_AIU_PERF_CNTR_SB_AW_BYTE_CNTR_CNTRL @ 0x20f008100
CHIP::SOUTHBRIDGE::SBR_AXI2AF::AFC_AIU_SB.AFC_AIU_PERF_CNTR_SB_AW_BYTE_CNTR_LSB_STATUS @ 0x20f008104
CHIP::SOUTHBRIDGE::SBR_AXI2AF::AFC_AIU_SB.AFC_AIU_PERF_CNTR_SB_AW_BYTE_CNTR_MSB_STATUS @ 0x20f008108
CHIP::SOUTHBRIDGE::SBR_AXI2AF::AFC_AIU_SB.AFC_AIU_PERF_CNTR_SB_AR_BYTE_CNTR_CNTRL @ 0x20f00810c
CHIP::SOUTHBRIDGE::SBR_AXI2AF::AFC_AIU_SB.AFC_AIU_PERF_CNTR_SB_AR_BYTE_CNTR_LSB_STATUS @ 0x20f008110
CHIP::SOUTHBRIDGE::SBR_AXI2AF::AFC_AIU_SB.AFC_AIU_PERF_CNTR_SB_AR_BYTE_CNTR_MSB_STATUS @ 0x20f008114
CHIP::SOUTHBRIDGE::GPIO.GPIOCFG0 @ 0x20f100000
CHIP::SOUTHBRIDGE::GPIO.GPIOCFG1 @ 0x20f100004
CHIP::SOUTHBRIDGE::GPIO.GPIOCFG2 @ 0x20f100008
CHIP::SOUTHBRIDGE::GPIO.GPIOCFG3 @ 0x20f10000c
CHIP::SOUTHBRIDGE::GPIO.GPIOCFG4 @ 0x20f100010
CHIP::SOUTHBRIDGE::GPIO.GPIOCFG5 @ 0x20f100014
CHIP::SOUTHBRIDGE::GPIO.GPIOCFG6 @ 0x20f100018
CHIP::SOUTHBRIDGE::GPIO.GPIOCFG7 @ 0x20f10001c
CHIP::SOUTHBRIDGE::GPIO.GPIOCFG8 @ 0x20f100020
CHIP::SOUTHBRIDGE::GPIO.GPIOCFG9 @ 0x20f100024
CHIP::SOUTHBRIDGE::GPIO.GPIOCFG10 @ 0x20f100028
CHIP::SOUTHBRIDGE::GPIO.GPIOCFG11 @ 0x20f10002c
CHIP::SOUTHBRIDGE::GPIO.GPIOCFG12 @ 0x20f100030
CHIP::SOUTHBRIDGE::GPIO.GPIOCFG13 @ 0x20f100034
CHIP::SOUTHBRIDGE::GPIO.GPIOCFG14 @ 0x20f100038
CHIP::SOUTHBRIDGE::GPIO.GPIOCFG15 @ 0x20f10003c
CHIP::SOUTHBRIDGE::GPIO.GPIOCFG16 @ 0x20f100040
CHIP::SOUTHBRIDGE::GPIO.GPIOCFG17 @ 0x20f100044
CHIP::SOUTHBRIDGE::GPIO.GPIOCFG18 @ 0x20f100048
CHIP::SOUTHBRIDGE::GPIO.GPIOCFG19 @ 0x20f10004c
CHIP::SOUTHBRIDGE::GPIO.GPIOCFG20 @ 0x20f100050
CHIP::SOUTHBRIDGE::GPIO.GPIOCFG21 @ 0x20f100054
CHIP::SOUTHBRIDGE::GPIO.GPIOCFG22 @ 0x20f100058
CHIP::SOUTHBRIDGE::GPIO.GPIOCFG23 @ 0x20f10005c
CHIP::SOUTHBRIDGE::GPIO.GPIOCFG24 @ 0x20f100060
CHIP::SOUTHBRIDGE::GPIO.GPIOCFG25 @ 0x20f100064
CHIP::SOUTHBRIDGE::GPIO.GPIOCFG26 @ 0x20f100068
CHIP::SOUTHBRIDGE::GPIO.GPIOCFG27 @ 0x20f10006c
CHIP::SOUTHBRIDGE::GPIO.GPIOCFG28 @ 0x20f100070
CHIP::SOUTHBRIDGE::GPIO.GPIOCFG29 @ 0x20f100074
CHIP::SOUTHBRIDGE::GPIO.GPIOCFG30 @ 0x20f100078
CHIP::SOUTHBRIDGE::GPIO.GPIOCFG31 @ 0x20f10007c
CHIP::SOUTHBRIDGE::GPIO.GPIOCFG32 @ 0x20f100080
CHIP::SOUTHBRIDGE::GPIO.GPIOCFG33 @ 0x20f100084
CHIP::SOUTHBRIDGE::GPIO.GPIOCFG34 @ 0x20f100088
CHIP::SOUTHBRIDGE::GPIO.GPIOCFG35 @ 0x20f10008c
CHIP::SOUTHBRIDGE::GPIO.GPIOCFG36 @ 0x20f100090
CHIP::SOUTHBRIDGE::GPIO.GPIOCFG37 @ 0x20f100094
CHIP::SOUTHBRIDGE::GPIO.GPIOCFG38 @ 0x20f100098
CHIP::SOUTHBRIDGE::GPIO.GPIOCFG39 @ 0x20f10009c
CHIP::SOUTHBRIDGE::GPIO.GPIOCFG40 @ 0x20f1000a0
CHIP::SOUTHBRIDGE::GPIO.GPIOCFG41 @ 0x20f1000a4
CHIP::SOUTHBRIDGE::GPIO.GPIOCFG42 @ 0x20f1000a8
CHIP::SOUTHBRIDGE::GPIO.GPIOCFG43 @ 0x20f1000ac
CHIP::SOUTHBRIDGE::GPIO.GPIOCFG44 @ 0x20f1000b0
CHIP::SOUTHBRIDGE::GPIO.GPIOCFG45 @ 0x20f1000b4
CHIP::SOUTHBRIDGE::GPIO.GPIOCFG46 @ 0x20f1000b8
CHIP::SOUTHBRIDGE::GPIO.GPIOCFG47 @ 0x20f1000bc
CHIP::SOUTHBRIDGE::GPIO.GPIOCFG48 @ 0x20f1000c0
CHIP::SOUTHBRIDGE::GPIO.GPIOCFG49 @ 0x20f1000c4
CHIP::SOUTHBRIDGE::GPIO.GPIOCFG50 @ 0x20f1000c8
CHIP::SOUTHBRIDGE::GPIO.GPIOCFG51 @ 0x20f1000cc
CHIP::SOUTHBRIDGE::GPIO.GPIOCFG52 @ 0x20f1000d0
CHIP::SOUTHBRIDGE::GPIO.GPIOCFG53 @ 0x20f1000d4
CHIP::SOUTHBRIDGE::GPIO.GPIOCFG54 @ 0x20f1000d8
CHIP::SOUTHBRIDGE::GPIO.GPIOCFG64 @ 0x20f100100
CHIP::SOUTHBRIDGE::GPIO.GPIOCFG65 @ 0x20f100104
CHIP::SOUTHBRIDGE::GPIO.GPIOCFG66 @ 0x20f100108
CHIP::SOUTHBRIDGE::GPIO.GPIOCFG67 @ 0x20f10010c
CHIP::SOUTHBRIDGE::GPIO.GPIOCFG68 @ 0x20f100110
CHIP::SOUTHBRIDGE::GPIO.GPIOCFG69 @ 0x20f100114
CHIP::SOUTHBRIDGE::GPIO.GPIOCFG70 @ 0x20f100118
CHIP::SOUTHBRIDGE::GPIO.GPIOCFG71 @ 0x20f10011c
CHIP::SOUTHBRIDGE::GPIO.GPIOCFG72 @ 0x20f100120
CHIP::SOUTHBRIDGE::GPIO.GPIOCFG73 @ 0x20f100124
CHIP::SOUTHBRIDGE::GPIO.GPIOCFG74 @ 0x20f100128
CHIP::SOUTHBRIDGE::GPIO.GPIOCFG75 @ 0x20f10012c
CHIP::SOUTHBRIDGE::GPIO.GPIOCFG76 @ 0x20f100130
CHIP::SOUTHBRIDGE::GPIO.GPIOCFG77 @ 0x20f100134
CHIP::SOUTHBRIDGE::GPIO.GPIOCFG78 @ 0x20f100138
CHIP::SOUTHBRIDGE::GPIO.GPIOCFG79 @ 0x20f10013c
CHIP::SOUTHBRIDGE::GPIO.GPIOCFG80 @ 0x20f100140
CHIP::SOUTHBRIDGE::GPIO.GPIOCFG81 @ 0x20f100144
CHIP::SOUTHBRIDGE::GPIO.GPIOCFG82 @ 0x20f100148
CHIP::SOUTHBRIDGE::GPIO.GPIOCFG83 @ 0x20f10014c
CHIP::SOUTHBRIDGE::GPIO.GPIOCFG84 @ 0x20f100150
CHIP::SOUTHBRIDGE::GPIO.GPIOCFG85 @ 0x20f100154
CHIP::SOUTHBRIDGE::GPIO.GPIOCFG86 @ 0x20f100158
CHIP::SOUTHBRIDGE::GPIO.GPIOCFG87 @ 0x20f10015c
CHIP::SOUTHBRIDGE::GPIO.GPIOCFG88 @ 0x20f100160
CHIP::SOUTHBRIDGE::GPIO.GPIOCFG89 @ 0x20f100164
CHIP::SOUTHBRIDGE::GPIO.GPIOCFG90 @ 0x20f100168
CHIP::SOUTHBRIDGE::GPIO.GPIOCFG91 @ 0x20f10016c
CHIP::SOUTHBRIDGE::GPIO.GPIOCFG96 @ 0x20f100180
CHIP::SOUTHBRIDGE::GPIO.GPIOCFG97 @ 0x20f100184
CHIP::SOUTHBRIDGE::GPIO.GPIOCFG98 @ 0x20f100188
CHIP::SOUTHBRIDGE::GPIO.GPIOCFG99 @ 0x20f10018c
CHIP::SOUTHBRIDGE::GPIO.GPIOCFG100 @ 0x20f100190
CHIP::SOUTHBRIDGE::GPIO.GPIOCFG101 @ 0x20f100194
CHIP::SOUTHBRIDGE::GPIO.GPIOCFG102 @ 0x20f100198
CHIP::SOUTHBRIDGE::GPIO.GPIOCFG103 @ 0x20f10019c
CHIP::SOUTHBRIDGE::GPIO.GPIOCFG104 @ 0x20f1001a0
CHIP::SOUTHBRIDGE::GPIO.GPIOCFG105 @ 0x20f1001a4
CHIP::SOUTHBRIDGE::GPIO.GPIOCFG106 @ 0x20f1001a8
CHIP::SOUTHBRIDGE::GPIO.GPIOCFG107 @ 0x20f1001ac
CHIP::SOUTHBRIDGE::GPIO.GPIOCFG108 @ 0x20f1001b0
CHIP::SOUTHBRIDGE::GPIO.GPIOCFG109 @ 0x20f1001b4
CHIP::SOUTHBRIDGE::GPIO.GPIOCFG110 @ 0x20f1001b8
CHIP::SOUTHBRIDGE::GPIO.GPIOCFG111 @ 0x20f1001bc
CHIP::SOUTHBRIDGE::GPIO.GPIOCFG112 @ 0x20f1001c0
CHIP::SOUTHBRIDGE::GPIO.GPIOCFG113 @ 0x20f1001c4
CHIP::SOUTHBRIDGE::GPIO.GPIOCFG114 @ 0x20f1001c8
CHIP::SOUTHBRIDGE::GPIO.GPIOCFG115 @ 0x20f1001cc
CHIP::SOUTHBRIDGE::GPIO.GPIOCFG116 @ 0x20f1001d0
CHIP::SOUTHBRIDGE::GPIO.GPIOCFG117 @ 0x20f1001d4
CHIP::SOUTHBRIDGE::GPIO.GPIOCFG118 @ 0x20f1001d8
CHIP::SOUTHBRIDGE::GPIO.GPIOCFG119 @ 0x20f1001dc
CHIP::SOUTHBRIDGE::GPIO.GPIOCFG120 @ 0x20f1001e0
CHIP::SOUTHBRIDGE::GPIO.GPIOCFG121 @ 0x20f1001e4
CHIP::SOUTHBRIDGE::GPIO.GPIOCFG122 @ 0x20f1001e8
CHIP::SOUTHBRIDGE::GPIO.GPIOCFG123 @ 0x20f1001ec
CHIP::SOUTHBRIDGE::GPIO.GPIOCFG124 @ 0x20f1001f0
CHIP::SOUTHBRIDGE::GPIO.GPIOCFG125 @ 0x20f1001f4
CHIP::SOUTHBRIDGE::GPIO.GPIOCFG126 @ 0x20f1001f8
CHIP::SOUTHBRIDGE::GPIO.GPIOCFG127 @ 0x20f1001fc
CHIP::SOUTHBRIDGE::GPIO.GPIOCFG128 @ 0x20f100200
CHIP::SOUTHBRIDGE::GPIO.GPIOCFG129 @ 0x20f100204
CHIP::SOUTHBRIDGE::GPIO.GPIOCFG130 @ 0x20f100208
CHIP::SOUTHBRIDGE::GPIO.GPIOCFG131 @ 0x20f10020c
CHIP::SOUTHBRIDGE::GPIO.GPIOCFG132 @ 0x20f100210
CHIP::SOUTHBRIDGE::GPIO.GPIOCFG133 @ 0x20f100214
CHIP::SOUTHBRIDGE::GPIO.GPIOCFG134 @ 0x20f100218
CHIP::SOUTHBRIDGE::GPIO.GPIOCFG135 @ 0x20f10021c
CHIP::SOUTHBRIDGE::GPIO.GPIOCFG136 @ 0x20f100220
CHIP::SOUTHBRIDGE::GPIO.GPIOCFG137 @ 0x20f100224
CHIP::SOUTHBRIDGE::GPIO.GPIOCFG138 @ 0x20f100228
CHIP::SOUTHBRIDGE::GPIO.GPIOCFG139 @ 0x20f10022c
CHIP::SOUTHBRIDGE::GPIO.GPIOCFG140 @ 0x20f100230
CHIP::SOUTHBRIDGE::GPIO.GPIOCFG141 @ 0x20f100234
CHIP::SOUTHBRIDGE::GPIO.GPIOCFG142 @ 0x20f100238
CHIP::SOUTHBRIDGE::GPIO.GPIOCFG143 @ 0x20f10023c
CHIP::SOUTHBRIDGE::GPIO.GPIOCFG144 @ 0x20f100240
CHIP::SOUTHBRIDGE::GPIO.GPIOCFG145 @ 0x20f100244
CHIP::SOUTHBRIDGE::GPIO.GPIOCFG146 @ 0x20f100248
CHIP::SOUTHBRIDGE::GPIO.GPIOCFG147 @ 0x20f10024c
CHIP::SOUTHBRIDGE::GPIO.GPIOCFG148 @ 0x20f100250
CHIP::SOUTHBRIDGE::GPIO.GPIOCFG149 @ 0x20f100254
CHIP::SOUTHBRIDGE::GPIO.GPIOCFG150 @ 0x20f100258
CHIP::SOUTHBRIDGE::GPIO.GPIOCFG151 @ 0x20f10025c
CHIP::SOUTHBRIDGE::GPIO.GPIOCFG160 @ 0x20f100280
CHIP::SOUTHBRIDGE::GPIO.GPIOCFG161 @ 0x20f100284
CHIP::SOUTHBRIDGE::GPIO.GPIOCFG162 @ 0x20f100288
CHIP::SOUTHBRIDGE::GPIO.GPIOCFG163 @ 0x20f10028c
CHIP::SOUTHBRIDGE::GPIO.GPIOCFG164 @ 0x20f100290
CHIP::SOUTHBRIDGE::GPIO.GPIOCFG165 @ 0x20f100294
CHIP::SOUTHBRIDGE::GPIO.GPIOCFG166 @ 0x20f100298
CHIP::SOUTHBRIDGE::GPIO.GPIOCFG167 @ 0x20f10029c
CHIP::SOUTHBRIDGE::GPIO.GPIOCFG192 @ 0x20f100300
CHIP::SOUTHBRIDGE::GPIO.GPIOCFG193 @ 0x20f100304
CHIP::SOUTHBRIDGE::GPIO.GPIOCFG194 @ 0x20f100308
CHIP::SOUTHBRIDGE::GPIO.GPIOCFG195 @ 0x20f10030c
CHIP::SOUTHBRIDGE::GPIO.GPIOCFG196 @ 0x20f100310
CHIP::SOUTHBRIDGE::GPIO.GPIOCFG197 @ 0x20f100314
CHIP::SOUTHBRIDGE::GPIO.GPIOCFG198 @ 0x20f100318
CHIP::SOUTHBRIDGE::GPIO.GPIO_INT_GRP0_STATUS0 @ 0x20f100800
CHIP::SOUTHBRIDGE::GPIO.GPIO_INT_GRP0_STATUS1 @ 0x20f100804
CHIP::SOUTHBRIDGE::GPIO.GPIO_INT_GRP0_STATUS2 @ 0x20f100808
CHIP::SOUTHBRIDGE::GPIO.GPIO_INT_GRP0_STATUS3 @ 0x20f10080c
CHIP::SOUTHBRIDGE::GPIO.GPIO_INT_GRP0_STATUS4 @ 0x20f100810
CHIP::SOUTHBRIDGE::GPIO.GPIO_INT_GRP0_STATUS5 @ 0x20f100814
CHIP::SOUTHBRIDGE::GPIO.GPIO_INT_GRP0_STATUS6 @ 0x20f100818
CHIP::SOUTHBRIDGE::GPIO.GPIO_INT_GRP1_STATUS0 @ 0x20f100840
CHIP::SOUTHBRIDGE::GPIO.GPIO_INT_GRP1_STATUS1 @ 0x20f100844
CHIP::SOUTHBRIDGE::GPIO.GPIO_INT_GRP1_STATUS2 @ 0x20f100848
CHIP::SOUTHBRIDGE::GPIO.GPIO_INT_GRP1_STATUS3 @ 0x20f10084c
CHIP::SOUTHBRIDGE::GPIO.GPIO_INT_GRP1_STATUS4 @ 0x20f100850
CHIP::SOUTHBRIDGE::GPIO.GPIO_INT_GRP1_STATUS5 @ 0x20f100854
CHIP::SOUTHBRIDGE::GPIO.GPIO_INT_GRP1_STATUS6 @ 0x20f100858
CHIP::SOUTHBRIDGE::GPIO.GPIO_INT_GRP2_STATUS0 @ 0x20f100880
CHIP::SOUTHBRIDGE::GPIO.GPIO_INT_GRP2_STATUS1 @ 0x20f100884
CHIP::SOUTHBRIDGE::GPIO.GPIO_INT_GRP2_STATUS2 @ 0x20f100888
CHIP::SOUTHBRIDGE::GPIO.GPIO_INT_GRP2_STATUS3 @ 0x20f10088c
CHIP::SOUTHBRIDGE::GPIO.GPIO_INT_GRP2_STATUS4 @ 0x20f100890
CHIP::SOUTHBRIDGE::GPIO.GPIO_INT_GRP2_STATUS5 @ 0x20f100894
CHIP::SOUTHBRIDGE::GPIO.GPIO_INT_GRP2_STATUS6 @ 0x20f100898
CHIP::SOUTHBRIDGE::GPIO.GPIO_INT_GRP3_STATUS0 @ 0x20f1008c0
CHIP::SOUTHBRIDGE::GPIO.GPIO_INT_GRP3_STATUS1 @ 0x20f1008c4
CHIP::SOUTHBRIDGE::GPIO.GPIO_INT_GRP3_STATUS2 @ 0x20f1008c8
CHIP::SOUTHBRIDGE::GPIO.GPIO_INT_GRP3_STATUS3 @ 0x20f1008cc
CHIP::SOUTHBRIDGE::GPIO.GPIO_INT_GRP3_STATUS4 @ 0x20f1008d0
CHIP::SOUTHBRIDGE::GPIO.GPIO_INT_GRP3_STATUS5 @ 0x20f1008d4
CHIP::SOUTHBRIDGE::GPIO.GPIO_INT_GRP3_STATUS6 @ 0x20f1008d8
CHIP::SOUTHBRIDGE::GPIO.GPIO_INT_GRP4_STATUS0 @ 0x20f100900
CHIP::SOUTHBRIDGE::GPIO.GPIO_INT_GRP4_STATUS1 @ 0x20f100904
CHIP::SOUTHBRIDGE::GPIO.GPIO_INT_GRP4_STATUS2 @ 0x20f100908
CHIP::SOUTHBRIDGE::GPIO.GPIO_INT_GRP4_STATUS3 @ 0x20f10090c
CHIP::SOUTHBRIDGE::GPIO.GPIO_INT_GRP4_STATUS4 @ 0x20f100910
CHIP::SOUTHBRIDGE::GPIO.GPIO_INT_GRP4_STATUS5 @ 0x20f100914
CHIP::SOUTHBRIDGE::GPIO.GPIO_INT_GRP4_STATUS6 @ 0x20f100918
CHIP::SOUTHBRIDGE::GPIO.GPIO_INT_GRP5_STATUS0 @ 0x20f100940
CHIP::SOUTHBRIDGE::GPIO.GPIO_INT_GRP5_STATUS1 @ 0x20f100944
CHIP::SOUTHBRIDGE::GPIO.GPIO_INT_GRP5_STATUS2 @ 0x20f100948
CHIP::SOUTHBRIDGE::GPIO.GPIO_INT_GRP5_STATUS3 @ 0x20f10094c
CHIP::SOUTHBRIDGE::GPIO.GPIO_INT_GRP5_STATUS4 @ 0x20f100950
CHIP::SOUTHBRIDGE::GPIO.GPIO_INT_GRP5_STATUS5 @ 0x20f100954
CHIP::SOUTHBRIDGE::GPIO.GPIO_INT_GRP5_STATUS6 @ 0x20f100958
CHIP::SOUTHBRIDGE::GPIO.GPIO_INT_GRP6_STATUS0 @ 0x20f100980
CHIP::SOUTHBRIDGE::GPIO.GPIO_INT_GRP6_STATUS1 @ 0x20f100984
CHIP::SOUTHBRIDGE::GPIO.GPIO_INT_GRP6_STATUS2 @ 0x20f100988
CHIP::SOUTHBRIDGE::GPIO.GPIO_INT_GRP6_STATUS3 @ 0x20f10098c
CHIP::SOUTHBRIDGE::GPIO.GPIO_INT_GRP6_STATUS4 @ 0x20f100990
CHIP::SOUTHBRIDGE::GPIO.GPIO_INT_GRP6_STATUS5 @ 0x20f100994
CHIP::SOUTHBRIDGE::GPIO.GPIO_INT_GRP6_STATUS6 @ 0x20f100998
CHIP::SOUTHBRIDGE::GPIO.GPIO_NPL_IN_EN @ 0x20f100c48
CHIP::SOUTHBRIDGE::GLBTIMER.GLBTIMER_MDLLTIMER @ 0x20f140000
CHIP::SOUTHBRIDGE::GLBTIMER.GLBTIMER_MDLLVOLTRAMPTIMER @ 0x20f140004
CHIP::SOUTHBRIDGE::GLBTIMER.GLBTIMER_CTRLUPDMASKTIMER @ 0x20f140008
CHIP::SOUTHBRIDGE::GLBTIMER.GLBTIMER_IDTTIMER @ 0x20f14000c
CHIP::SOUTHBRIDGE::GLBTIMER.GLBTIMER_RDCALTIMER @ 0x20f140010
CHIP::SOUTHBRIDGE::GLBTIMER.GLBTIMER_WRCALTIMER @ 0x20f140014
CHIP::SOUTHBRIDGE::GLBTIMER.GLBTIMER_ZQCTIMER @ 0x20f140018
CHIP::SOUTHBRIDGE::GLBTIMER.GLBTIMER_PERCAL_FREQCHNGTIMER @ 0x20f14001c
CHIP::SOUTHBRIDGE::GLBTIMER.GLBTIMER_VOLTRAMPTIMER @ 0x20f140020
CHIP::SOUTHBRIDGE::GLBTIMER.GLBTIMER_IMPCALTIMER @ 0x20f140024
CHIP::SOUTHBRIDGE::GLBTIMER.GLBTIMER_PERWRCALCFG @ 0x20f140028
CHIP::SOUTHBRIDGE::GLBTIMER.GLBTIMER_PERRDCALCFG @ 0x20f14002c
CHIP::SOUTHBRIDGE::GLBTIMER.GLBTIMER_VOLTRAMPCFG @ 0x20f140030
CHIP::SOUTHBRIDGE::GLBTIMER.GLBTIMER_FREQCHNGCFG @ 0x20f140034
CHIP::SOUTHBRIDGE::GLBTIMER.GLBTIMER_PMGRWAKEUPCFG @ 0x20f140038
CHIP::SOUTHBRIDGE::GLBTIMER.GLBTIMER_FREQBIN3CALCFG @ 0x20f14003c
CHIP::SOUTHBRIDGE::GLBTIMER.GLBTIMER_CHEN @ 0x20f140040
CHIP::SOUTHBRIDGE::GLBTIMER.GLBTIMER_CAL2PREFREQCHNGDLY0 @ 0x20f140044
CHIP::SOUTHBRIDGE::GLBTIMER.GLBTIMER_CAL2PREFREQCHNGDLY1 @ 0x20f140048
CHIP::SOUTHBRIDGE::GLBTIMER.GLBTIMER_PREFREQ2ALLBANKDLY0 @ 0x20f14004c
CHIP::SOUTHBRIDGE::GLBTIMER.GLBTIMER_PREFREQ2ALLBANKDLY1 @ 0x20f140050
CHIP::SOUTHBRIDGE::GLBTIMER.GLBTIMER_PREFREQCHNG2FREQCHNGDLY0 @ 0x20f140054
CHIP::SOUTHBRIDGE::GLBTIMER.GLBTIMER_PREFREQCHNG2FREQCHNGDLY1 @ 0x20f140058
CHIP::SOUTHBRIDGE::GLBTIMER.GLBTIMER_FREQCHNG2PSTCALDLY0 @ 0x20f14005c
CHIP::SOUTHBRIDGE::GLBTIMER.GLBTIMER_FREQCHNG2PSTCALDLY1 @ 0x20f140060
CHIP::SOUTHBRIDGE::GLBTIMER.GLBTIMER_VOLTRAMP2ALLBANKDLY0 @ 0x20f140064
CHIP::SOUTHBRIDGE::GLBTIMER.GLBTIMER_VOLTRAMP2ALLBANKDLY1 @ 0x20f140068
CHIP::SOUTHBRIDGE::GLBTIMER.GLBTIMER_ALLBANK2PMGRACKDLY0 @ 0x20f14006c
CHIP::SOUTHBRIDGE::GLBTIMER.GLBTIMER_ALLBANK2PMGRACKDLY1 @ 0x20f140070
CHIP::SOUTHBRIDGE::LIOMEM_PL301.LIOMEM_QOSTIDEMI_0 @ 0x20f160400
CHIP::SOUTHBRIDGE::LIOMEM_PL301.LIOMEM_QOSACMI_0 @ 0x20f160404
CHIP::SOUTHBRIDGE::LIOMEM_PL301.LIOMEM_ARCHANARBMI_0 @ 0x20f160408
CHIP::SOUTHBRIDGE::LIOMEM_PL301.LIOMEM_AWCHANARBMI_0 @ 0x20f16040c
CHIP::SOUTHBRIDGE::LIOMEM_PL301.LIOMEM_QOSTIDEMI_1 @ 0x20f160420
CHIP::SOUTHBRIDGE::LIOMEM_PL301.LIOMEM_QOSACMI_1 @ 0x20f160424
CHIP::SOUTHBRIDGE::LIOMEM_PL301.LIOMEM_ARCHANARBMI_1 @ 0x20f160428
CHIP::SOUTHBRIDGE::LIOMEM_PL301.LIOMEM_AWCHANARBMI_1 @ 0x20f16042c
CHIP::SOUTHBRIDGE::LIOMEM_PL301.LIOMEM_QOSTIDEMI_2 @ 0x20f160440
CHIP::SOUTHBRIDGE::LIOMEM_PL301.LIOMEM_QOSACMI_2 @ 0x20f160444
CHIP::SOUTHBRIDGE::LIOMEM_PL301.LIOMEM_ARCHANARBMI_2 @ 0x20f160448
CHIP::SOUTHBRIDGE::LIOMEM_PL301.LIOMEM_AWCHANARBMI_2 @ 0x20f16044c
CHIP::SOUTHBRIDGE::LIOMEM_PL301.LIOMEM_QOSTIDEMI_3 @ 0x20f160460
CHIP::SOUTHBRIDGE::LIOMEM_PL301.LIOMEM_QOSACMI_3 @ 0x20f160464
CHIP::SOUTHBRIDGE::LIOMEM_PL301.LIOMEM_ARCHANARBMI_3 @ 0x20f160468
CHIP::SOUTHBRIDGE::LIOMEM_PL301.LIOMEM_AWCHANARBMI_3 @ 0x20f16046c
CHIP::SOUTHBRIDGE::LIOMEM_PL301.LIOMEM_QOSTIDEMI_4 @ 0x20f160480
CHIP::SOUTHBRIDGE::LIOMEM_PL301.LIOMEM_QOSACMI_4 @ 0x20f160484
CHIP::SOUTHBRIDGE::LIOMEM_PL301.LIOMEM_ARCHANARBMI_4 @ 0x20f160488
CHIP::SOUTHBRIDGE::LIOMEM_PL301.LIOMEM_AWCHANARBMI_4 @ 0x20f16048c
CHIP::SOUTHBRIDGE::LIOMEM_PL301.LIOMEM_PCCONF0 @ 0x20f160fc0
CHIP::SOUTHBRIDGE::LIOMEM_PL301.LIOMEM_PCCONF1 @ 0x20f160fc4
CHIP::SOUTHBRIDGE::LIOMEM_PL301.LIOMEM_PCCONF2 @ 0x20f160fc8
CHIP::SOUTHBRIDGE::LIOMEM_PL301.LIOMEM_PCCONF3 @ 0x20f160fcc
CHIP::SOUTHBRIDGE::LIOMEM_PL301.LIOMEM_PCPERIPH0 @ 0x20f160fe0
CHIP::SOUTHBRIDGE::LIOMEM_PL301.LIOMEM_PCPERIPH1 @ 0x20f160fe4
CHIP::SOUTHBRIDGE::LIOMEM_PL301.LIOMEM_PCPERIPH2 @ 0x20f160fe8
CHIP::SOUTHBRIDGE::LIOMEM_PL301.LIOMEM_PCPERIPH3 @ 0x20f160fec
CHIP::SOUTHBRIDGE::LIOMEM_PL301.LIOMEM_PCID0 @ 0x20f160ff0
CHIP::SOUTHBRIDGE::LIOMEM_PL301.LIOMEM_PCID1 @ 0x20f160ff4
CHIP::SOUTHBRIDGE::LIOMEM_PL301.LIOMEM_PCID2 @ 0x20f160ff8
CHIP::SOUTHBRIDGE::LIOMEM_PL301.LIOMEM_PCID3 @ 0x20f160ffc
CHIP::SOUTHBRIDGE::LIOPIO_PL301.LIOPIO_QOSTIDEMI @ 0x20f180400
CHIP::SOUTHBRIDGE::LIOPIO_PL301.LIOPIO_QOSACMI @ 0x20f180404
CHIP::SOUTHBRIDGE::LIOPIO_PL301.LIOPIO_ARCHANARBMI @ 0x20f180408
CHIP::SOUTHBRIDGE::LIOPIO_PL301.LIOPIO_AWCHANARBMI @ 0x20f18040c
CHIP::SOUTHBRIDGE::LIOPIO_PL301.LIOPIO_PCCONF0 @ 0x20f180fc0
CHIP::SOUTHBRIDGE::LIOPIO_PL301.LIOPIO_PCCONF1 @ 0x20f180fc4
CHIP::SOUTHBRIDGE::LIOPIO_PL301.LIOPIO_PCCONF2 @ 0x20f180fc8
CHIP::SOUTHBRIDGE::LIOPIO_PL301.LIOPIO_PCCONF3 @ 0x20f180fcc
CHIP::SOUTHBRIDGE::LIOPIO_PL301.LIOPIO_PCPERIPH0 @ 0x20f180fe0
CHIP::SOUTHBRIDGE::LIOPIO_PL301.LIOPIO_PCPERIPH1 @ 0x20f180fe4
CHIP::SOUTHBRIDGE::LIOPIO_PL301.LIOPIO_PCPERIPH2 @ 0x20f180fe8
CHIP::SOUTHBRIDGE::LIOPIO_PL301.LIOPIO_PCPERIPH3 @ 0x20f180fec
CHIP::SOUTHBRIDGE::LIOPIO_PL301.LIOPIO_PCID0 @ 0x20f180ff0
CHIP::SOUTHBRIDGE::LIOPIO_PL301.LIOPIO_PCID1 @ 0x20f180ff4
CHIP::SOUTHBRIDGE::LIOPIO_PL301.LIOPIO_PCID2 @ 0x20f180ff8
CHIP::SOUTHBRIDGE::LIOPIO_PL301.LIOPIO_PCID3 @ 0x20f180ffc
CHIP::SOUTHBRIDGE::LIONIC_PL301.DNSZ_AXI_FN_MOD2 @ 0x20f1a0024
CHIP::SOUTHBRIDGE::DYNAMIC_CLK_GATING.SB_GLUE_DYNAMIC_CLK_GATING @ 0x20f1c0000
CHIP::SOUTHBRIDGE::DYNAMIC_CLK_GATING.SB_GLUE_DYNAMIC_CLK_GATING2 @ 0x20f1c0004
CHIP::SOUTHBRIDGE::PMSASYNCFIFO.SBASYNCFIFO_WIDGETS_SB_RD_RATE_LIMIT @ 0x20f1e0000
CHIP::SOUTHBRIDGE::PMSASYNCFIFO.SBASYNCFIFO_WIDGETS_SBWRALIMIT @ 0x20f1e0004
CHIP::SOUTHBRIDGE::PMSASYNCFIFO.SBASYNCFIFO_WIDGETS_SBRTRLIMIT @ 0x20f1e0008
CHIP::SOUTHBRIDGE::PMSASYNCFIFO.SBASYNCFIFO_WIDGETS_SBWTRLIMIT @ 0x20f1e000c
CHIP::SOUTHBRIDGE::PMSASYNCFIFO.SBASYNCFIFO_WIDGETS_SBWGATHER @ 0x20f1e0010
CHIP::SOUTHBRIDGE::AOP::AOP_GLOBAL.MISC_VERSION @ 0x210000000
CHIP::SOUTHBRIDGE::AOP::AOP_GLOBAL.MISC_TLIMIT @ 0x210000004
CHIP::SOUTHBRIDGE::AOP::AOP_GLOBAL.MISC_AOP_STATE @ 0x210000008
CHIP::SOUTHBRIDGE::AOP::AOP_GLOBAL.MISC_BURN @ 0x21000000c
CHIP::SOUTHBRIDGE::AOP::AOP_GLOBAL.IO_MAPPING_IO_MAPPING @ 0x210000100
CHIP::SOUTHBRIDGE::AOP::AOP_GLOBAL.SOC_CFG_TABLE_BASE @ 0x210000200
CHIP::SOUTHBRIDGE::AOP::AOP_GLOBAL.SOC_CFG_S2R_AOP_TO_AOP_DDR @ 0x210000204
CHIP::SOUTHBRIDGE::AOP::AOP_GLOBAL.SOC_CFG_AOP_DDR_TO_S2R_AOP @ 0x210000208
CHIP::SOUTHBRIDGE::AOP::AOP_GLOBAL.SOC_CFG_AOP_DDR_TO_AWAKE @ 0x21000020c
CHIP::SOUTHBRIDGE::AOP::AOP_GLOBAL.SOC_CFG_AWAKE_TO_AOP_DDR @ 0x210000210
CHIP::SOUTHBRIDGE::AOP::AOP_GLOBAL.SOC_CFG_AWAKE_TO_OFF @ 0x210000214
CHIP::SOUTHBRIDGE::AOP::AOP_GLOBAL.SOC_CFG_AWAKE_TO_S2R_NOAOP @ 0x210000218
CHIP::SOUTHBRIDGE::AOP::AOP_GLOBAL.SOC_CFG_LOCKABLE_SRAM @ 0x21000021c
CHIP::SOUTHBRIDGE::AOP::AOP_GLOBAL.SOC_CFG_WRITE_LOCK @ 0x210000220
CHIP::SOUTHBRIDGE::AOP::AOP_GLOBAL.TRANSITION_DELAYS_AWAKE_TO_AOP_DDR @ 0x210000300
CHIP::SOUTHBRIDGE::AOP::AOP_GLOBAL.TRANSITION_DELAYS_AWAKE_TO_S2R_NOAOP @ 0x210000304
CHIP::SOUTHBRIDGE::AOP::AOP_GLOBAL.TRANSITION_DELAYS_AWAKE_TO_OFF @ 0x210000308
CHIP::SOUTHBRIDGE::AOP::AOP_GLOBAL.TRANSITION_DELAYS_AOP_AON @ 0x21000030c
CHIP::SOUTHBRIDGE::AOP::AOP_GLOBAL.TRANSITION_DELAYS_AOP_FILTER @ 0x210000310
CHIP::SOUTHBRIDGE::AOP::AOP_GLOBAL.TRANSITION_DELAYS_AOP_FILTER_SBR @ 0x210000314
CHIP::SOUTHBRIDGE::AOP::AOP_GLOBAL.TRANSITION_DELAYS_AOP_CPU @ 0x210000318
CHIP::SOUTHBRIDGE::AOP::AOP_GLOBAL.TRANSITION_DELAYS_DRAM_ACCESS @ 0x21000031c
CHIP::SOUTHBRIDGE::AOP::AOP_GLOBAL.TRANSITION_DELAYS_AOP_DDR_DWELL @ 0x210000320
CHIP::SOUTHBRIDGE::AOP::AOP_GLOBAL.TRAFFIC_COP_TC_MISC @ 0x210000400
CHIP::SOUTHBRIDGE::AOP::AOP_GLOBAL.TRAFFIC_COP_TC_SCM @ 0x210000404
CHIP::SOUTHBRIDGE::AOP::AOP_GLOBAL.TRAFFIC_COP_TC_AOP_CPU @ 0x210000408
CHIP::SOUTHBRIDGE::AOP::AOP_GLOBAL.TIMERS_INTERVAL_TIMER @ 0x210000500
CHIP::SOUTHBRIDGE::AOP::AOP_GLOBAL.TIMERS_INTERVAL_TIMER_CTL @ 0x210000504
CHIP::SOUTHBRIDGE::AOP::AOP_GLOBAL.TIMERS_SYSTEM_TIMER_LOW @ 0x210000508
CHIP::SOUTHBRIDGE::AOP::AOP_GLOBAL.TIMERS_SYSTEM_TIMER_HI @ 0x21000050c
CHIP::SOUTHBRIDGE::AOP::AOP_GLOBAL.TIMERS_WAKEUP_TIME_LOW @ 0x210000510
CHIP::SOUTHBRIDGE::AOP::AOP_GLOBAL.TIMERS_WAKEUP_TIME_HI @ 0x210000514
CHIP::SOUTHBRIDGE::AOP::AOP_GLOBAL.TIMERS_AOP_WDOG_TIMER @ 0x210000518
CHIP::SOUTHBRIDGE::AOP::AOP_GLOBAL.TIMERS_AOP_PMU_WDOG_RESET_COUNT @ 0x21000051c
CHIP::SOUTHBRIDGE::AOP::AOP_GLOBAL.TIMERS_AOP_AP_WDOG_INTERRUPT_COUNT @ 0x210000520
CHIP::SOUTHBRIDGE::AOP::AOP_GLOBAL.TIMERS_AOP_WDOG_CONTROL @ 0x210000524
CHIP::SOUTHBRIDGE::AOP::AOP_GLOBAL.AOP_CPU_RUN_AUTO_RUN @ 0x210000600
CHIP::SOUTHBRIDGE::AOP::AOP_GLOBAL.I2S_OES_I2S_OES @ 0x210000700
CHIP::SOUTHBRIDGE::AOP::AOP_GLOBAL.SHIM_DMA_TIMEOUT_BASE_SHIM_DMA_TIMEOUT_BASE @ 0x210000800
CHIP::SOUTHBRIDGE::AOP::AOP_GLOBAL.AP_CONTROLS_FORCE_WAKEUP @ 0x210004000
CHIP::SOUTHBRIDGE::AOP::AOP_GLOBAL.AP_CONTROLS_AP_IRQ_FILTER @ 0x210004004
CHIP::SOUTHBRIDGE::AOP::AOP_GLOBAL.AP_CONTROLS_CAPTURE_EVENT @ 0x210004008
CHIP::SOUTHBRIDGE::AOP::AOP_GLOBAL.AP_CONTROLS_PMU_PS_FLOOR @ 0x21000400c
CHIP::SOUTHBRIDGE::AOP::AOP_GLOBAL.AP_CONTROLS_AWAKE_AP @ 0x210004010
CHIP::SOUTHBRIDGE::AOP::AOP_GLOBAL.AOP_CPU_CONTROLS_FORCE_WAKEUP @ 0x210008000
CHIP::SOUTHBRIDGE::AOP::AOP_GLOBAL.AOP_CPU_CONTROLS_AOP_CPU_IRQ_FILTER @ 0x210008004
CHIP::SOUTHBRIDGE::AOP::AOP_GLOBAL.AOP_CPU_CONTROLS_CAPTURE_EVENT @ 0x210008008
CHIP::SOUTHBRIDGE::AOP::AOP_SECURE.SECURE_DATA @ 0x210080000
CHIP::SOUTHBRIDGE::AOP::AOP_SECURE.GLOBAL_TIME_WAS_RESET @ 0x210080100
CHIP::SOUTHBRIDGE::AOP::AOP_I2C_M.SMB_SMBREGS_MTXFIFO @ 0x2100e0000
CHIP::SOUTHBRIDGE::AOP::AOP_I2C_M.SMB_SMBREGS_MRXFIFO @ 0x2100e0004
CHIP::SOUTHBRIDGE::AOP::AOP_I2C_M.SMB_SMBREGS_MCNT @ 0x2100e0008
CHIP::SOUTHBRIDGE::AOP::AOP_I2C_M.SMB_SMBREGS_XFSTA @ 0x2100e000c
CHIP::SOUTHBRIDGE::AOP::AOP_I2C_M.SMB_SMBREGS_SADDR @ 0x2100e0010
CHIP::SOUTHBRIDGE::AOP::AOP_I2C_M.SMB_SMBREGS_SMSTA @ 0x2100e0014
CHIP::SOUTHBRIDGE::AOP::AOP_I2C_M.SMB_SMBREGS_IMASK @ 0x2100e0018
CHIP::SOUTHBRIDGE::AOP::AOP_I2C_M.SMB_SMBREGS_CTL @ 0x2100e001c
CHIP::SOUTHBRIDGE::AOP::AOP_I2C_M.SMB_SMBREGS_STXFIFO @ 0x2100e0020
CHIP::SOUTHBRIDGE::AOP::AOP_I2C_M.SMB_SMBREGS_SRXFIFO @ 0x2100e0024
CHIP::SOUTHBRIDGE::AOP::AOP_I2C_M.SMB_SMBREGS_VERSION @ 0x2100e0028
CHIP::SOUTHBRIDGE::AOP::AOP_I2C_M.SMB_SMBREGS_TRIGGER_LEVEL @ 0x2100e002c
CHIP::SOUTHBRIDGE::AOP::AOP_I2C_M.SMB_SMBREGS_TBUF @ 0x2100e0030
CHIP::SOUTHBRIDGE::AOP::AOP_I2C_M.SMB_SMBREGS_TBJM_THIGH @ 0x2100e0034
CHIP::SOUTHBRIDGE::AOP::AOP_I2C_M.SMB_SMBREGS_FILTER @ 0x2100e0038
CHIP::SOUTHBRIDGE::AOP::AOP_I2C_M.SMB_SMBREGS_TTIMEOUT @ 0x2100e003c
CHIP::SOUTHBRIDGE::AOP::AGPIO.GPIOCFG0 @ 0x2100f0000
CHIP::SOUTHBRIDGE::AOP::AGPIO.GPIOCFG1 @ 0x2100f0004
CHIP::SOUTHBRIDGE::AOP::AGPIO.GPIOCFG2 @ 0x2100f0008
CHIP::SOUTHBRIDGE::AOP::AGPIO.GPIOCFG3 @ 0x2100f000c
CHIP::SOUTHBRIDGE::AOP::AGPIO.GPIOCFG4 @ 0x2100f0010
CHIP::SOUTHBRIDGE::AOP::AGPIO.GPIOCFG5 @ 0x2100f0014
CHIP::SOUTHBRIDGE::AOP::AGPIO.GPIOCFG6 @ 0x2100f0018
CHIP::SOUTHBRIDGE::AOP::AGPIO.GPIOCFG7 @ 0x2100f001c
CHIP::SOUTHBRIDGE::AOP::AGPIO.GPIOCFG8 @ 0x2100f0020
CHIP::SOUTHBRIDGE::AOP::AGPIO.GPIOCFG9 @ 0x2100f0024
CHIP::SOUTHBRIDGE::AOP::AGPIO.GPIOCFG10 @ 0x2100f0028
CHIP::SOUTHBRIDGE::AOP::AGPIO.GPIOCFG11 @ 0x2100f002c
CHIP::SOUTHBRIDGE::AOP::AGPIO.GPIOCFG12 @ 0x2100f0030
CHIP::SOUTHBRIDGE::AOP::AGPIO.GPIOCFG13 @ 0x2100f0034
CHIP::SOUTHBRIDGE::AOP::AGPIO.GPIOCFG14 @ 0x2100f0038
CHIP::SOUTHBRIDGE::AOP::AGPIO.GPIOCFG15 @ 0x2100f003c
CHIP::SOUTHBRIDGE::AOP::AGPIO.GPIOCFG16 @ 0x2100f0040
CHIP::SOUTHBRIDGE::AOP::AGPIO.GPIOCFG17 @ 0x2100f0044
CHIP::SOUTHBRIDGE::AOP::AGPIO.GPIOCFG18 @ 0x2100f0048
CHIP::SOUTHBRIDGE::AOP::AGPIO.GPIOCFG19 @ 0x2100f004c
CHIP::SOUTHBRIDGE::AOP::AGPIO.GPIOCFG20 @ 0x2100f0050
CHIP::SOUTHBRIDGE::AOP::AGPIO.GPIOCFG21 @ 0x2100f0054
CHIP::SOUTHBRIDGE::AOP::AGPIO.GPIOCFG22 @ 0x2100f0058
CHIP::SOUTHBRIDGE::AOP::AGPIO.GPIOCFG23 @ 0x2100f005c
CHIP::SOUTHBRIDGE::AOP::AGPIO.GPIOCFG24 @ 0x2100f0060
CHIP::SOUTHBRIDGE::AOP::AGPIO.GPIOCFG25 @ 0x2100f0064
CHIP::SOUTHBRIDGE::AOP::AGPIO.GPIOCFG26 @ 0x2100f0068
CHIP::SOUTHBRIDGE::AOP::AGPIO.GPIOCFG27 @ 0x2100f006c
CHIP::SOUTHBRIDGE::AOP::AGPIO.GPIO_INT_GRP0_STATUS0 @ 0x2100f0800
CHIP::SOUTHBRIDGE::AOP::AGPIO.GPIO_INT_GRP1_STATUS0 @ 0x2100f0840
CHIP::SOUTHBRIDGE::AOP::AGPIO.GPIO_INT_GRP2_STATUS0 @ 0x2100f0880
CHIP::SOUTHBRIDGE::AOP::AGPIO.GPIO_INT_GRP3_STATUS0 @ 0x2100f08c0
CHIP::SOUTHBRIDGE::AOP::AGPIO.GPIO_INT_GRP4_STATUS0 @ 0x2100f0900
CHIP::SOUTHBRIDGE::AOP::AGPIO.GPIO_INT_GRP5_STATUS0 @ 0x2100f0940
CHIP::SOUTHBRIDGE::AOP::AGPIO.GPIO_INT_GRP6_STATUS0 @ 0x2100f0980
CHIP::SOUTHBRIDGE::AOP::AGPIO.GPIO_NPL_IN_EN @ 0x2100f0c48
CHIP::SOUTHBRIDGE::AOP::SCM.GLOBAL_CONFIG0 @ 0x210100000
CHIP::SOUTHBRIDGE::AOP::SCM.GLOBAL_CONFIG1 @ 0x210100004
CHIP::SOUTHBRIDGE::AOP::SCM.GLOBAL_ERROR_TIMER @ 0x210100008
CHIP::SOUTHBRIDGE::AOP::SCM.GLOBAL_ERROR_0 @ 0x21010000c
CHIP::SOUTHBRIDGE::AOP::SCM.GLOBAL_ERROR_1 @ 0x210100010
CHIP::SOUTHBRIDGE::AOP::SCM.TRIGGER0_CONFIG0 @ 0x210100100
CHIP::SOUTHBRIDGE::AOP::SCM.TRIGGER0_CONFIG1 @ 0x210100104
CHIP::SOUTHBRIDGE::AOP::SCM.TRIGGER0_CONFIG2 @ 0x210100108
CHIP::SOUTHBRIDGE::AOP::SCM.TRIGGER0_CONFIG3 @ 0x21010010c
CHIP::SOUTHBRIDGE::AOP::SCM.TRIGGER0_LAST_TRIG_TIME_LO @ 0x210100110
CHIP::SOUTHBRIDGE::AOP::SCM.TRIGGER0_LAST_TRIG_TIME_HI @ 0x210100114
CHIP::SOUTHBRIDGE::AOP::SCM.TRIGGER0_TIMER @ 0x210100118
CHIP::SOUTHBRIDGE::AOP::SCM.TRIGGER0_CONFIG_DATA_0 @ 0x21010011c
CHIP::SOUTHBRIDGE::AOP::SCM.TRIGGER0_CONFIG_DATA_1 @ 0x210100120
CHIP::SOUTHBRIDGE::AOP::SCM.TRIGGER0_TX_DATA0_0 @ 0x210100124
CHIP::SOUTHBRIDGE::AOP::SCM.TRIGGER0_TX_DATA0_1 @ 0x210100128
CHIP::SOUTHBRIDGE::AOP::SCM.TRIGGER0_TX_DATA1 @ 0x21010012c
CHIP::SOUTHBRIDGE::AOP::SCM.TRIGGER0_RX_DATA0_0 @ 0x210100130
CHIP::SOUTHBRIDGE::AOP::SCM.TRIGGER0_RX_DATA0_1 @ 0x210100134
CHIP::SOUTHBRIDGE::AOP::SCM.TRIGGER0_RX_DATA1 @ 0x210100138
CHIP::SOUTHBRIDGE::AOP::SCM.TRIGGER0_RX_DATA2_0 @ 0x21010013c
CHIP::SOUTHBRIDGE::AOP::SCM.TRIGGER0_RX_DATA2_1 @ 0x210100140
CHIP::SOUTHBRIDGE::AOP::SCM.TRIGGER0_RX_DATA3_0 @ 0x210100144
CHIP::SOUTHBRIDGE::AOP::SCM.TRIGGER0_RX_DATA3_1 @ 0x210100148
CHIP::SOUTHBRIDGE::AOP::SCM.TRIGGER0_RX_DATA4 @ 0x21010014c
CHIP::SOUTHBRIDGE::AOP::SCM.TRIGGER1_CONFIG0 @ 0x210100180
CHIP::SOUTHBRIDGE::AOP::SCM.TRIGGER1_CONFIG1 @ 0x210100184
CHIP::SOUTHBRIDGE::AOP::SCM.TRIGGER1_CONFIG2 @ 0x210100188
CHIP::SOUTHBRIDGE::AOP::SCM.TRIGGER1_CONFIG3 @ 0x21010018c
CHIP::SOUTHBRIDGE::AOP::SCM.TRIGGER1_LAST_TRIG_TIME_LO @ 0x210100190
CHIP::SOUTHBRIDGE::AOP::SCM.TRIGGER1_LAST_TRIG_TIME_HI @ 0x210100194
CHIP::SOUTHBRIDGE::AOP::SCM.TRIGGER1_TIMER @ 0x210100198
CHIP::SOUTHBRIDGE::AOP::SCM.TRIGGER1_CONFIG_DATA_0 @ 0x21010019c
CHIP::SOUTHBRIDGE::AOP::SCM.TRIGGER1_CONFIG_DATA_1 @ 0x2101001a0
CHIP::SOUTHBRIDGE::AOP::SCM.TRIGGER1_TX_DATA0_0 @ 0x2101001a4
CHIP::SOUTHBRIDGE::AOP::SCM.TRIGGER1_TX_DATA0_1 @ 0x2101001a8
CHIP::SOUTHBRIDGE::AOP::SCM.TRIGGER1_TX_DATA1 @ 0x2101001ac
CHIP::SOUTHBRIDGE::AOP::SCM.TRIGGER1_RX_DATA0_0 @ 0x2101001b0
CHIP::SOUTHBRIDGE::AOP::SCM.TRIGGER1_RX_DATA0_1 @ 0x2101001b4
CHIP::SOUTHBRIDGE::AOP::SCM.TRIGGER1_RX_DATA1 @ 0x2101001b8
CHIP::SOUTHBRIDGE::AOP::SCM.TRIGGER1_RX_DATA2_0 @ 0x2101001bc
CHIP::SOUTHBRIDGE::AOP::SCM.TRIGGER1_RX_DATA2_1 @ 0x2101001c0
CHIP::SOUTHBRIDGE::AOP::SCM.TRIGGER1_RX_DATA3_0 @ 0x2101001c4
CHIP::SOUTHBRIDGE::AOP::SCM.TRIGGER1_RX_DATA3_1 @ 0x2101001c8
CHIP::SOUTHBRIDGE::AOP::SCM.TRIGGER1_RX_DATA4 @ 0x2101001cc
CHIP::SOUTHBRIDGE::AOP::SCM.TRIGGER2_CONFIG0 @ 0x210100200
CHIP::SOUTHBRIDGE::AOP::SCM.TRIGGER2_CONFIG1 @ 0x210100204
CHIP::SOUTHBRIDGE::AOP::SCM.TRIGGER2_CONFIG2 @ 0x210100208
CHIP::SOUTHBRIDGE::AOP::SCM.TRIGGER2_CONFIG3 @ 0x21010020c
CHIP::SOUTHBRIDGE::AOP::SCM.TRIGGER2_LAST_TRIG_TIME_LO @ 0x210100210
CHIP::SOUTHBRIDGE::AOP::SCM.TRIGGER2_LAST_TRIG_TIME_HI @ 0x210100214
CHIP::SOUTHBRIDGE::AOP::SCM.TRIGGER2_TIMER @ 0x210100218
CHIP::SOUTHBRIDGE::AOP::SCM.TRIGGER2_CONFIG_DATA_0 @ 0x21010021c
CHIP::SOUTHBRIDGE::AOP::SCM.TRIGGER2_CONFIG_DATA_1 @ 0x210100220
CHIP::SOUTHBRIDGE::AOP::SCM.TRIGGER2_TX_DATA0_0 @ 0x210100224
CHIP::SOUTHBRIDGE::AOP::SCM.TRIGGER2_TX_DATA0_1 @ 0x210100228
CHIP::SOUTHBRIDGE::AOP::SCM.TRIGGER2_TX_DATA1 @ 0x21010022c
CHIP::SOUTHBRIDGE::AOP::SCM.TRIGGER2_RX_DATA0_0 @ 0x210100230
CHIP::SOUTHBRIDGE::AOP::SCM.TRIGGER2_RX_DATA0_1 @ 0x210100234
CHIP::SOUTHBRIDGE::AOP::SCM.TRIGGER2_RX_DATA1 @ 0x210100238
CHIP::SOUTHBRIDGE::AOP::SCM.TRIGGER2_RX_DATA2_0 @ 0x21010023c
CHIP::SOUTHBRIDGE::AOP::SCM.TRIGGER2_RX_DATA2_1 @ 0x210100240
CHIP::SOUTHBRIDGE::AOP::SCM.TRIGGER2_RX_DATA3_0 @ 0x210100244
CHIP::SOUTHBRIDGE::AOP::SCM.TRIGGER2_RX_DATA3_1 @ 0x210100248
CHIP::SOUTHBRIDGE::AOP::SCM.TRIGGER2_RX_DATA4 @ 0x21010024c
CHIP::SOUTHBRIDGE::AOP::SCM.TRIGGER3_CONFIG0 @ 0x210100280
CHIP::SOUTHBRIDGE::AOP::SCM.TRIGGER3_CONFIG1 @ 0x210100284
CHIP::SOUTHBRIDGE::AOP::SCM.TRIGGER3_CONFIG2 @ 0x210100288
CHIP::SOUTHBRIDGE::AOP::SCM.TRIGGER3_CONFIG3 @ 0x21010028c
CHIP::SOUTHBRIDGE::AOP::SCM.TRIGGER3_LAST_TRIG_TIME_LO @ 0x210100290
CHIP::SOUTHBRIDGE::AOP::SCM.TRIGGER3_LAST_TRIG_TIME_HI @ 0x210100294
CHIP::SOUTHBRIDGE::AOP::SCM.TRIGGER3_TIMER @ 0x210100298
CHIP::SOUTHBRIDGE::AOP::SCM.TRIGGER3_CONFIG_DATA_0 @ 0x21010029c
CHIP::SOUTHBRIDGE::AOP::SCM.TRIGGER3_CONFIG_DATA_1 @ 0x2101002a0
CHIP::SOUTHBRIDGE::AOP::SCM.TRIGGER3_TX_DATA0_0 @ 0x2101002a4
CHIP::SOUTHBRIDGE::AOP::SCM.TRIGGER3_TX_DATA0_1 @ 0x2101002a8
CHIP::SOUTHBRIDGE::AOP::SCM.TRIGGER3_TX_DATA1 @ 0x2101002ac
CHIP::SOUTHBRIDGE::AOP::SCM.TRIGGER3_RX_DATA0_0 @ 0x2101002b0
CHIP::SOUTHBRIDGE::AOP::SCM.TRIGGER3_RX_DATA0_1 @ 0x2101002b4
CHIP::SOUTHBRIDGE::AOP::SCM.TRIGGER3_RX_DATA1 @ 0x2101002b8
CHIP::SOUTHBRIDGE::AOP::SCM.TRIGGER3_RX_DATA2_0 @ 0x2101002bc
CHIP::SOUTHBRIDGE::AOP::SCM.TRIGGER3_RX_DATA2_1 @ 0x2101002c0
CHIP::SOUTHBRIDGE::AOP::SCM.TRIGGER3_RX_DATA3_0 @ 0x2101002c4
CHIP::SOUTHBRIDGE::AOP::SCM.TRIGGER3_RX_DATA3_1 @ 0x2101002c8
CHIP::SOUTHBRIDGE::AOP::SCM.TRIGGER3_RX_DATA4 @ 0x2101002cc
CHIP::SOUTHBRIDGE::AOP::SCM.TRIGGER4_CONFIG0 @ 0x210100300
CHIP::SOUTHBRIDGE::AOP::SCM.TRIGGER4_CONFIG1 @ 0x210100304
CHIP::SOUTHBRIDGE::AOP::SCM.TRIGGER4_CONFIG2 @ 0x210100308
CHIP::SOUTHBRIDGE::AOP::SCM.TRIGGER4_CONFIG3 @ 0x21010030c
CHIP::SOUTHBRIDGE::AOP::SCM.TRIGGER4_LAST_TRIG_TIME_LO @ 0x210100310
CHIP::SOUTHBRIDGE::AOP::SCM.TRIGGER4_LAST_TRIG_TIME_HI @ 0x210100314
CHIP::SOUTHBRIDGE::AOP::SCM.TRIGGER4_TIMER @ 0x210100318
CHIP::SOUTHBRIDGE::AOP::SCM.TRIGGER4_CONFIG_DATA_0 @ 0x21010031c
CHIP::SOUTHBRIDGE::AOP::SCM.TRIGGER4_CONFIG_DATA_1 @ 0x210100320
CHIP::SOUTHBRIDGE::AOP::SCM.TRIGGER4_TX_DATA0_0 @ 0x210100324
CHIP::SOUTHBRIDGE::AOP::SCM.TRIGGER4_TX_DATA0_1 @ 0x210100328
CHIP::SOUTHBRIDGE::AOP::SCM.TRIGGER4_TX_DATA1 @ 0x21010032c
CHIP::SOUTHBRIDGE::AOP::SCM.TRIGGER4_RX_DATA0_0 @ 0x210100330
CHIP::SOUTHBRIDGE::AOP::SCM.TRIGGER4_RX_DATA0_1 @ 0x210100334
CHIP::SOUTHBRIDGE::AOP::SCM.TRIGGER4_RX_DATA1 @ 0x210100338
CHIP::SOUTHBRIDGE::AOP::SCM.TRIGGER4_RX_DATA2_0 @ 0x21010033c
CHIP::SOUTHBRIDGE::AOP::SCM.TRIGGER4_RX_DATA2_1 @ 0x210100340
CHIP::SOUTHBRIDGE::AOP::SCM.TRIGGER4_RX_DATA3_0 @ 0x210100344
CHIP::SOUTHBRIDGE::AOP::SCM.TRIGGER4_RX_DATA3_1 @ 0x210100348
CHIP::SOUTHBRIDGE::AOP::SCM.TRIGGER4_RX_DATA4 @ 0x21010034c
CHIP::SOUTHBRIDGE::AOP::SCM.TRIGGER5_CONFIG0 @ 0x210100380
CHIP::SOUTHBRIDGE::AOP::SCM.TRIGGER5_CONFIG1 @ 0x210100384
CHIP::SOUTHBRIDGE::AOP::SCM.TRIGGER5_CONFIG2 @ 0x210100388
CHIP::SOUTHBRIDGE::AOP::SCM.TRIGGER5_CONFIG3 @ 0x21010038c
CHIP::SOUTHBRIDGE::AOP::SCM.TRIGGER5_LAST_TRIG_TIME_LO @ 0x210100390
CHIP::SOUTHBRIDGE::AOP::SCM.TRIGGER5_LAST_TRIG_TIME_HI @ 0x210100394
CHIP::SOUTHBRIDGE::AOP::SCM.TRIGGER5_TIMER @ 0x210100398
CHIP::SOUTHBRIDGE::AOP::SCM.TRIGGER5_CONFIG_DATA_0 @ 0x21010039c
CHIP::SOUTHBRIDGE::AOP::SCM.TRIGGER5_CONFIG_DATA_1 @ 0x2101003a0
CHIP::SOUTHBRIDGE::AOP::SCM.TRIGGER5_TX_DATA0_0 @ 0x2101003a4
CHIP::SOUTHBRIDGE::AOP::SCM.TRIGGER5_TX_DATA0_1 @ 0x2101003a8
CHIP::SOUTHBRIDGE::AOP::SCM.TRIGGER5_TX_DATA1 @ 0x2101003ac
CHIP::SOUTHBRIDGE::AOP::SCM.TRIGGER5_RX_DATA0_0 @ 0x2101003b0
CHIP::SOUTHBRIDGE::AOP::SCM.TRIGGER5_RX_DATA0_1 @ 0x2101003b4
CHIP::SOUTHBRIDGE::AOP::SCM.TRIGGER5_RX_DATA1 @ 0x2101003b8
CHIP::SOUTHBRIDGE::AOP::SCM.TRIGGER5_RX_DATA2_0 @ 0x2101003bc
CHIP::SOUTHBRIDGE::AOP::SCM.TRIGGER5_RX_DATA2_1 @ 0x2101003c0
CHIP::SOUTHBRIDGE::AOP::SCM.TRIGGER5_RX_DATA3_0 @ 0x2101003c4
CHIP::SOUTHBRIDGE::AOP::SCM.TRIGGER5_RX_DATA3_1 @ 0x2101003c8
CHIP::SOUTHBRIDGE::AOP::SCM.TRIGGER5_RX_DATA4 @ 0x2101003cc
CHIP::SOUTHBRIDGE::AOP::SCM.TRIGGER6_CONFIG0 @ 0x210100400
CHIP::SOUTHBRIDGE::AOP::SCM.TRIGGER6_CONFIG1 @ 0x210100404
CHIP::SOUTHBRIDGE::AOP::SCM.TRIGGER6_CONFIG2 @ 0x210100408
CHIP::SOUTHBRIDGE::AOP::SCM.TRIGGER6_CONFIG3 @ 0x21010040c
CHIP::SOUTHBRIDGE::AOP::SCM.TRIGGER6_LAST_TRIG_TIME_LO @ 0x210100410
CHIP::SOUTHBRIDGE::AOP::SCM.TRIGGER6_LAST_TRIG_TIME_HI @ 0x210100414
CHIP::SOUTHBRIDGE::AOP::SCM.TRIGGER6_TIMER @ 0x210100418
CHIP::SOUTHBRIDGE::AOP::SCM.TRIGGER6_CONFIG_DATA_0 @ 0x21010041c
CHIP::SOUTHBRIDGE::AOP::SCM.TRIGGER6_CONFIG_DATA_1 @ 0x210100420
CHIP::SOUTHBRIDGE::AOP::SCM.TRIGGER6_TX_DATA0_0 @ 0x210100424
CHIP::SOUTHBRIDGE::AOP::SCM.TRIGGER6_TX_DATA0_1 @ 0x210100428
CHIP::SOUTHBRIDGE::AOP::SCM.TRIGGER6_TX_DATA1 @ 0x21010042c
CHIP::SOUTHBRIDGE::AOP::SCM.TRIGGER6_RX_DATA0_0 @ 0x210100430
CHIP::SOUTHBRIDGE::AOP::SCM.TRIGGER6_RX_DATA0_1 @ 0x210100434
CHIP::SOUTHBRIDGE::AOP::SCM.TRIGGER6_RX_DATA1 @ 0x210100438
CHIP::SOUTHBRIDGE::AOP::SCM.TRIGGER6_RX_DATA2_0 @ 0x21010043c
CHIP::SOUTHBRIDGE::AOP::SCM.TRIGGER6_RX_DATA2_1 @ 0x210100440
CHIP::SOUTHBRIDGE::AOP::SCM.TRIGGER6_RX_DATA3_0 @ 0x210100444
CHIP::SOUTHBRIDGE::AOP::SCM.TRIGGER6_RX_DATA3_1 @ 0x210100448
CHIP::SOUTHBRIDGE::AOP::SCM.TRIGGER6_RX_DATA4 @ 0x21010044c
CHIP::SOUTHBRIDGE::AOP::SCM.TRIGGER7_CONFIG0 @ 0x210100480
CHIP::SOUTHBRIDGE::AOP::SCM.TRIGGER7_CONFIG1 @ 0x210100484
CHIP::SOUTHBRIDGE::AOP::SCM.TRIGGER7_CONFIG2 @ 0x210100488
CHIP::SOUTHBRIDGE::AOP::SCM.TRIGGER7_CONFIG3 @ 0x21010048c
CHIP::SOUTHBRIDGE::AOP::SCM.TRIGGER7_LAST_TRIG_TIME_LO @ 0x210100490
CHIP::SOUTHBRIDGE::AOP::SCM.TRIGGER7_LAST_TRIG_TIME_HI @ 0x210100494
CHIP::SOUTHBRIDGE::AOP::SCM.TRIGGER7_TIMER @ 0x210100498
CHIP::SOUTHBRIDGE::AOP::SCM.TRIGGER7_CONFIG_DATA_0 @ 0x21010049c
CHIP::SOUTHBRIDGE::AOP::SCM.TRIGGER7_CONFIG_DATA_1 @ 0x2101004a0
CHIP::SOUTHBRIDGE::AOP::SCM.TRIGGER7_TX_DATA0_0 @ 0x2101004a4
CHIP::SOUTHBRIDGE::AOP::SCM.TRIGGER7_TX_DATA0_1 @ 0x2101004a8
CHIP::SOUTHBRIDGE::AOP::SCM.TRIGGER7_TX_DATA1 @ 0x2101004ac
CHIP::SOUTHBRIDGE::AOP::SCM.TRIGGER7_RX_DATA0_0 @ 0x2101004b0
CHIP::SOUTHBRIDGE::AOP::SCM.TRIGGER7_RX_DATA0_1 @ 0x2101004b4
CHIP::SOUTHBRIDGE::AOP::SCM.TRIGGER7_RX_DATA1 @ 0x2101004b8
CHIP::SOUTHBRIDGE::AOP::SCM.TRIGGER7_RX_DATA2_0 @ 0x2101004bc
CHIP::SOUTHBRIDGE::AOP::SCM.TRIGGER7_RX_DATA2_1 @ 0x2101004c0
CHIP::SOUTHBRIDGE::AOP::SCM.TRIGGER7_RX_DATA3_0 @ 0x2101004c4
CHIP::SOUTHBRIDGE::AOP::SCM.TRIGGER7_RX_DATA3_1 @ 0x2101004c8
CHIP::SOUTHBRIDGE::AOP::SCM.TRIGGER7_RX_DATA4 @ 0x2101004cc
CHIP::SOUTHBRIDGE::AOP::SCM.TRIGGER8_CONFIG0 @ 0x210100500
CHIP::SOUTHBRIDGE::AOP::SCM.TRIGGER8_CONFIG1 @ 0x210100504
CHIP::SOUTHBRIDGE::AOP::SCM.TRIGGER8_CONFIG2 @ 0x210100508
CHIP::SOUTHBRIDGE::AOP::SCM.TRIGGER8_CONFIG3 @ 0x21010050c
CHIP::SOUTHBRIDGE::AOP::SCM.TRIGGER8_LAST_TRIG_TIME_LO @ 0x210100510
CHIP::SOUTHBRIDGE::AOP::SCM.TRIGGER8_LAST_TRIG_TIME_HI @ 0x210100514
CHIP::SOUTHBRIDGE::AOP::SCM.TRIGGER8_TIMER @ 0x210100518
CHIP::SOUTHBRIDGE::AOP::SCM.TRIGGER8_CONFIG_DATA_0 @ 0x21010051c
CHIP::SOUTHBRIDGE::AOP::SCM.TRIGGER8_CONFIG_DATA_1 @ 0x210100520
CHIP::SOUTHBRIDGE::AOP::SCM.TRIGGER8_TX_DATA0_0 @ 0x210100524
CHIP::SOUTHBRIDGE::AOP::SCM.TRIGGER8_TX_DATA0_1 @ 0x210100528
CHIP::SOUTHBRIDGE::AOP::SCM.TRIGGER8_TX_DATA1 @ 0x21010052c
CHIP::SOUTHBRIDGE::AOP::SCM.TRIGGER8_RX_DATA0_0 @ 0x210100530
CHIP::SOUTHBRIDGE::AOP::SCM.TRIGGER8_RX_DATA0_1 @ 0x210100534
CHIP::SOUTHBRIDGE::AOP::SCM.TRIGGER8_RX_DATA1 @ 0x210100538
CHIP::SOUTHBRIDGE::AOP::SCM.TRIGGER8_RX_DATA2_0 @ 0x21010053c
CHIP::SOUTHBRIDGE::AOP::SCM.TRIGGER8_RX_DATA2_1 @ 0x210100540
CHIP::SOUTHBRIDGE::AOP::SCM.TRIGGER8_RX_DATA3_0 @ 0x210100544
CHIP::SOUTHBRIDGE::AOP::SCM.TRIGGER8_RX_DATA3_1 @ 0x210100548
CHIP::SOUTHBRIDGE::AOP::SCM.TRIGGER8_RX_DATA4 @ 0x21010054c
CHIP::SOUTHBRIDGE::AOP::SCM.TRIGGER9_CONFIG0 @ 0x210100580
CHIP::SOUTHBRIDGE::AOP::SCM.TRIGGER9_CONFIG1 @ 0x210100584
CHIP::SOUTHBRIDGE::AOP::SCM.TRIGGER9_CONFIG2 @ 0x210100588
CHIP::SOUTHBRIDGE::AOP::SCM.TRIGGER9_CONFIG3 @ 0x21010058c
CHIP::SOUTHBRIDGE::AOP::SCM.TRIGGER9_LAST_TRIG_TIME_LO @ 0x210100590
CHIP::SOUTHBRIDGE::AOP::SCM.TRIGGER9_LAST_TRIG_TIME_HI @ 0x210100594
CHIP::SOUTHBRIDGE::AOP::SCM.TRIGGER9_TIMER @ 0x210100598
CHIP::SOUTHBRIDGE::AOP::SCM.TRIGGER9_CONFIG_DATA_0 @ 0x21010059c
CHIP::SOUTHBRIDGE::AOP::SCM.TRIGGER9_CONFIG_DATA_1 @ 0x2101005a0
CHIP::SOUTHBRIDGE::AOP::SCM.TRIGGER9_TX_DATA0_0 @ 0x2101005a4
CHIP::SOUTHBRIDGE::AOP::SCM.TRIGGER9_TX_DATA0_1 @ 0x2101005a8
CHIP::SOUTHBRIDGE::AOP::SCM.TRIGGER9_TX_DATA1 @ 0x2101005ac
CHIP::SOUTHBRIDGE::AOP::SCM.TRIGGER9_RX_DATA0_0 @ 0x2101005b0
CHIP::SOUTHBRIDGE::AOP::SCM.TRIGGER9_RX_DATA0_1 @ 0x2101005b4
CHIP::SOUTHBRIDGE::AOP::SCM.TRIGGER9_RX_DATA1 @ 0x2101005b8
CHIP::SOUTHBRIDGE::AOP::SCM.TRIGGER9_RX_DATA2_0 @ 0x2101005bc
CHIP::SOUTHBRIDGE::AOP::SCM.TRIGGER9_RX_DATA2_1 @ 0x2101005c0
CHIP::SOUTHBRIDGE::AOP::SCM.TRIGGER9_RX_DATA3_0 @ 0x2101005c4
CHIP::SOUTHBRIDGE::AOP::SCM.TRIGGER9_RX_DATA3_1 @ 0x2101005c8
CHIP::SOUTHBRIDGE::AOP::SCM.TRIGGER9_RX_DATA4 @ 0x2101005cc
CHIP::SOUTHBRIDGE::AOP::SCM.TRIGGER10_CONFIG0 @ 0x210100600
CHIP::SOUTHBRIDGE::AOP::SCM.TRIGGER10_CONFIG1 @ 0x210100604
CHIP::SOUTHBRIDGE::AOP::SCM.TRIGGER10_CONFIG2 @ 0x210100608
CHIP::SOUTHBRIDGE::AOP::SCM.TRIGGER10_CONFIG3 @ 0x21010060c
CHIP::SOUTHBRIDGE::AOP::SCM.TRIGGER10_LAST_TRIG_TIME_LO @ 0x210100610
CHIP::SOUTHBRIDGE::AOP::SCM.TRIGGER10_LAST_TRIG_TIME_HI @ 0x210100614
CHIP::SOUTHBRIDGE::AOP::SCM.TRIGGER10_TIMER @ 0x210100618
CHIP::SOUTHBRIDGE::AOP::SCM.TRIGGER10_CONFIG_DATA_0 @ 0x21010061c
CHIP::SOUTHBRIDGE::AOP::SCM.TRIGGER10_CONFIG_DATA_1 @ 0x210100620
CHIP::SOUTHBRIDGE::AOP::SCM.TRIGGER10_TX_DATA0_0 @ 0x210100624
CHIP::SOUTHBRIDGE::AOP::SCM.TRIGGER10_TX_DATA0_1 @ 0x210100628
CHIP::SOUTHBRIDGE::AOP::SCM.TRIGGER10_TX_DATA1 @ 0x21010062c
CHIP::SOUTHBRIDGE::AOP::SCM.TRIGGER10_RX_DATA0_0 @ 0x210100630
CHIP::SOUTHBRIDGE::AOP::SCM.TRIGGER10_RX_DATA0_1 @ 0x210100634
CHIP::SOUTHBRIDGE::AOP::SCM.TRIGGER10_RX_DATA1 @ 0x210100638
CHIP::SOUTHBRIDGE::AOP::SCM.TRIGGER10_RX_DATA2_0 @ 0x21010063c
CHIP::SOUTHBRIDGE::AOP::SCM.TRIGGER10_RX_DATA2_1 @ 0x210100640
CHIP::SOUTHBRIDGE::AOP::SCM.TRIGGER10_RX_DATA3_0 @ 0x210100644
CHIP::SOUTHBRIDGE::AOP::SCM.TRIGGER10_RX_DATA3_1 @ 0x210100648
CHIP::SOUTHBRIDGE::AOP::SCM.TRIGGER10_RX_DATA4 @ 0x21010064c
CHIP::SOUTHBRIDGE::AOP::SCM.TRIGGER11_CONFIG0 @ 0x210100680
CHIP::SOUTHBRIDGE::AOP::SCM.TRIGGER11_CONFIG1 @ 0x210100684
CHIP::SOUTHBRIDGE::AOP::SCM.TRIGGER11_CONFIG2 @ 0x210100688
CHIP::SOUTHBRIDGE::AOP::SCM.TRIGGER11_CONFIG3 @ 0x21010068c
CHIP::SOUTHBRIDGE::AOP::SCM.TRIGGER11_LAST_TRIG_TIME_LO @ 0x210100690
CHIP::SOUTHBRIDGE::AOP::SCM.TRIGGER11_LAST_TRIG_TIME_HI @ 0x210100694
CHIP::SOUTHBRIDGE::AOP::SCM.TRIGGER11_TIMER @ 0x210100698
CHIP::SOUTHBRIDGE::AOP::SCM.TRIGGER11_CONFIG_DATA_0 @ 0x21010069c
CHIP::SOUTHBRIDGE::AOP::SCM.TRIGGER11_CONFIG_DATA_1 @ 0x2101006a0
CHIP::SOUTHBRIDGE::AOP::SCM.TRIGGER11_TX_DATA0_0 @ 0x2101006a4
CHIP::SOUTHBRIDGE::AOP::SCM.TRIGGER11_TX_DATA0_1 @ 0x2101006a8
CHIP::SOUTHBRIDGE::AOP::SCM.TRIGGER11_TX_DATA1 @ 0x2101006ac
CHIP::SOUTHBRIDGE::AOP::SCM.TRIGGER11_RX_DATA0_0 @ 0x2101006b0
CHIP::SOUTHBRIDGE::AOP::SCM.TRIGGER11_RX_DATA0_1 @ 0x2101006b4
CHIP::SOUTHBRIDGE::AOP::SCM.TRIGGER11_RX_DATA1 @ 0x2101006b8
CHIP::SOUTHBRIDGE::AOP::SCM.TRIGGER11_RX_DATA2_0 @ 0x2101006bc
CHIP::SOUTHBRIDGE::AOP::SCM.TRIGGER11_RX_DATA2_1 @ 0x2101006c0
CHIP::SOUTHBRIDGE::AOP::SCM.TRIGGER11_RX_DATA3_0 @ 0x2101006c4
CHIP::SOUTHBRIDGE::AOP::SCM.TRIGGER11_RX_DATA3_1 @ 0x2101006c8
CHIP::SOUTHBRIDGE::AOP::SCM.TRIGGER11_RX_DATA4 @ 0x2101006cc
CHIP::SOUTHBRIDGE::AOP::SCM.TRIGGER12_CONFIG0 @ 0x210100700
CHIP::SOUTHBRIDGE::AOP::SCM.TRIGGER12_CONFIG1 @ 0x210100704
CHIP::SOUTHBRIDGE::AOP::SCM.TRIGGER12_CONFIG2 @ 0x210100708
CHIP::SOUTHBRIDGE::AOP::SCM.TRIGGER12_CONFIG3 @ 0x21010070c
CHIP::SOUTHBRIDGE::AOP::SCM.TRIGGER12_LAST_TRIG_TIME_LO @ 0x210100710
CHIP::SOUTHBRIDGE::AOP::SCM.TRIGGER12_LAST_TRIG_TIME_HI @ 0x210100714
CHIP::SOUTHBRIDGE::AOP::SCM.TRIGGER12_TIMER @ 0x210100718
CHIP::SOUTHBRIDGE::AOP::SCM.TRIGGER12_CONFIG_DATA_0 @ 0x21010071c
CHIP::SOUTHBRIDGE::AOP::SCM.TRIGGER12_CONFIG_DATA_1 @ 0x210100720
CHIP::SOUTHBRIDGE::AOP::SCM.TRIGGER12_TX_DATA0_0 @ 0x210100724
CHIP::SOUTHBRIDGE::AOP::SCM.TRIGGER12_TX_DATA0_1 @ 0x210100728
CHIP::SOUTHBRIDGE::AOP::SCM.TRIGGER12_TX_DATA1 @ 0x21010072c
CHIP::SOUTHBRIDGE::AOP::SCM.TRIGGER12_RX_DATA0_0 @ 0x210100730
CHIP::SOUTHBRIDGE::AOP::SCM.TRIGGER12_RX_DATA0_1 @ 0x210100734
CHIP::SOUTHBRIDGE::AOP::SCM.TRIGGER12_RX_DATA1 @ 0x210100738
CHIP::SOUTHBRIDGE::AOP::SCM.TRIGGER12_RX_DATA2_0 @ 0x21010073c
CHIP::SOUTHBRIDGE::AOP::SCM.TRIGGER12_RX_DATA2_1 @ 0x210100740
CHIP::SOUTHBRIDGE::AOP::SCM.TRIGGER12_RX_DATA3_0 @ 0x210100744
CHIP::SOUTHBRIDGE::AOP::SCM.TRIGGER12_RX_DATA3_1 @ 0x210100748
CHIP::SOUTHBRIDGE::AOP::SCM.TRIGGER12_RX_DATA4 @ 0x21010074c
CHIP::SOUTHBRIDGE::AOP::SCM.TRIGGER13_CONFIG0 @ 0x210100780
CHIP::SOUTHBRIDGE::AOP::SCM.TRIGGER13_CONFIG1 @ 0x210100784
CHIP::SOUTHBRIDGE::AOP::SCM.TRIGGER13_CONFIG2 @ 0x210100788
CHIP::SOUTHBRIDGE::AOP::SCM.TRIGGER13_CONFIG3 @ 0x21010078c
CHIP::SOUTHBRIDGE::AOP::SCM.TRIGGER13_LAST_TRIG_TIME_LO @ 0x210100790
CHIP::SOUTHBRIDGE::AOP::SCM.TRIGGER13_LAST_TRIG_TIME_HI @ 0x210100794
CHIP::SOUTHBRIDGE::AOP::SCM.TRIGGER13_TIMER @ 0x210100798
CHIP::SOUTHBRIDGE::AOP::SCM.TRIGGER13_CONFIG_DATA_0 @ 0x21010079c
CHIP::SOUTHBRIDGE::AOP::SCM.TRIGGER13_CONFIG_DATA_1 @ 0x2101007a0
CHIP::SOUTHBRIDGE::AOP::SCM.TRIGGER13_TX_DATA0_0 @ 0x2101007a4
CHIP::SOUTHBRIDGE::AOP::SCM.TRIGGER13_TX_DATA0_1 @ 0x2101007a8
CHIP::SOUTHBRIDGE::AOP::SCM.TRIGGER13_TX_DATA1 @ 0x2101007ac
CHIP::SOUTHBRIDGE::AOP::SCM.TRIGGER13_RX_DATA0_0 @ 0x2101007b0
CHIP::SOUTHBRIDGE::AOP::SCM.TRIGGER13_RX_DATA0_1 @ 0x2101007b4
CHIP::SOUTHBRIDGE::AOP::SCM.TRIGGER13_RX_DATA1 @ 0x2101007b8
CHIP::SOUTHBRIDGE::AOP::SCM.TRIGGER13_RX_DATA2_0 @ 0x2101007bc
CHIP::SOUTHBRIDGE::AOP::SCM.TRIGGER13_RX_DATA2_1 @ 0x2101007c0
CHIP::SOUTHBRIDGE::AOP::SCM.TRIGGER13_RX_DATA3_0 @ 0x2101007c4
CHIP::SOUTHBRIDGE::AOP::SCM.TRIGGER13_RX_DATA3_1 @ 0x2101007c8
CHIP::SOUTHBRIDGE::AOP::SCM.TRIGGER13_RX_DATA4 @ 0x2101007cc
CHIP::SOUTHBRIDGE::AOP::SCM.TRIGGER14_CONFIG0 @ 0x210100800
CHIP::SOUTHBRIDGE::AOP::SCM.TRIGGER14_CONFIG1 @ 0x210100804
CHIP::SOUTHBRIDGE::AOP::SCM.TRIGGER14_CONFIG2 @ 0x210100808
CHIP::SOUTHBRIDGE::AOP::SCM.TRIGGER14_CONFIG3 @ 0x21010080c
CHIP::SOUTHBRIDGE::AOP::SCM.TRIGGER14_LAST_TRIG_TIME_LO @ 0x210100810
CHIP::SOUTHBRIDGE::AOP::SCM.TRIGGER14_LAST_TRIG_TIME_HI @ 0x210100814
CHIP::SOUTHBRIDGE::AOP::SCM.TRIGGER14_TIMER @ 0x210100818
CHIP::SOUTHBRIDGE::AOP::SCM.TRIGGER14_CONFIG_DATA_0 @ 0x21010081c
CHIP::SOUTHBRIDGE::AOP::SCM.TRIGGER14_CONFIG_DATA_1 @ 0x210100820
CHIP::SOUTHBRIDGE::AOP::SCM.TRIGGER14_TX_DATA0_0 @ 0x210100824
CHIP::SOUTHBRIDGE::AOP::SCM.TRIGGER14_TX_DATA0_1 @ 0x210100828
CHIP::SOUTHBRIDGE::AOP::SCM.TRIGGER14_TX_DATA1 @ 0x21010082c
CHIP::SOUTHBRIDGE::AOP::SCM.TRIGGER14_RX_DATA0_0 @ 0x210100830
CHIP::SOUTHBRIDGE::AOP::SCM.TRIGGER14_RX_DATA0_1 @ 0x210100834
CHIP::SOUTHBRIDGE::AOP::SCM.TRIGGER14_RX_DATA1 @ 0x210100838
CHIP::SOUTHBRIDGE::AOP::SCM.TRIGGER14_RX_DATA2_0 @ 0x21010083c
CHIP::SOUTHBRIDGE::AOP::SCM.TRIGGER14_RX_DATA2_1 @ 0x210100840
CHIP::SOUTHBRIDGE::AOP::SCM.TRIGGER14_RX_DATA3_0 @ 0x210100844
CHIP::SOUTHBRIDGE::AOP::SCM.TRIGGER14_RX_DATA3_1 @ 0x210100848
CHIP::SOUTHBRIDGE::AOP::SCM.TRIGGER14_RX_DATA4 @ 0x21010084c
CHIP::SOUTHBRIDGE::AOP::SCM.TRIGGER15_CONFIG0 @ 0x210100880
CHIP::SOUTHBRIDGE::AOP::SCM.TRIGGER15_CONFIG1 @ 0x210100884
CHIP::SOUTHBRIDGE::AOP::SCM.TRIGGER15_CONFIG2 @ 0x210100888
CHIP::SOUTHBRIDGE::AOP::SCM.TRIGGER15_CONFIG3 @ 0x21010088c
CHIP::SOUTHBRIDGE::AOP::SCM.TRIGGER15_LAST_TRIG_TIME_LO @ 0x210100890
CHIP::SOUTHBRIDGE::AOP::SCM.TRIGGER15_LAST_TRIG_TIME_HI @ 0x210100894
CHIP::SOUTHBRIDGE::AOP::SCM.TRIGGER15_TIMER @ 0x210100898
CHIP::SOUTHBRIDGE::AOP::SCM.TRIGGER15_CONFIG_DATA_0 @ 0x21010089c
CHIP::SOUTHBRIDGE::AOP::SCM.TRIGGER15_CONFIG_DATA_1 @ 0x2101008a0
CHIP::SOUTHBRIDGE::AOP::SCM.TRIGGER15_TX_DATA0_0 @ 0x2101008a4
CHIP::SOUTHBRIDGE::AOP::SCM.TRIGGER15_TX_DATA0_1 @ 0x2101008a8
CHIP::SOUTHBRIDGE::AOP::SCM.TRIGGER15_TX_DATA1 @ 0x2101008ac
CHIP::SOUTHBRIDGE::AOP::SCM.TRIGGER15_RX_DATA0_0 @ 0x2101008b0
CHIP::SOUTHBRIDGE::AOP::SCM.TRIGGER15_RX_DATA0_1 @ 0x2101008b4
CHIP::SOUTHBRIDGE::AOP::SCM.TRIGGER15_RX_DATA1 @ 0x2101008b8
CHIP::SOUTHBRIDGE::AOP::SCM.TRIGGER15_RX_DATA2_0 @ 0x2101008bc
CHIP::SOUTHBRIDGE::AOP::SCM.TRIGGER15_RX_DATA2_1 @ 0x2101008c0
CHIP::SOUTHBRIDGE::AOP::SCM.TRIGGER15_RX_DATA3_0 @ 0x2101008c4
CHIP::SOUTHBRIDGE::AOP::SCM.TRIGGER15_RX_DATA3_1 @ 0x2101008c8
CHIP::SOUTHBRIDGE::AOP::SCM.TRIGGER15_RX_DATA4 @ 0x2101008cc
CHIP::SOUTHBRIDGE::AOP::SCM.STATUS0 @ 0x2101008d0
CHIP::SOUTHBRIDGE::AOP::SCM.STATUS1 @ 0x2101008d4
CHIP::SOUTHBRIDGE::AOP::AOP_SPI.SPI_SPI_SPCLKCON @ 0x21013c000
CHIP::SOUTHBRIDGE::AOP::AOP_SPI.SPI_SPI_SPCON @ 0x21013c004
CHIP::SOUTHBRIDGE::AOP::AOP_SPI.SPI_SPI_SPSTA @ 0x21013c008
CHIP::SOUTHBRIDGE::AOP::AOP_SPI.SPI_SPI_SPPIN @ 0x21013c00c
CHIP::SOUTHBRIDGE::AOP::AOP_SPI.SPI_SPI_SPTDAT @ 0x21013c010
CHIP::SOUTHBRIDGE::AOP::AOP_SPI.SPI_SPI_SPRDAT @ 0x21013c020
CHIP::SOUTHBRIDGE::AOP::AOP_SPI.SPI_SPI_SPPRE @ 0x21013c030
CHIP::SOUTHBRIDGE::AOP::AOP_SPI.SPI_SPI_SPCNT @ 0x21013c034
CHIP::SOUTHBRIDGE::AOP::AOP_SPI.SPI_SPI_SPIDD @ 0x21013c038
CHIP::SOUTHBRIDGE::AOP::AOP_SPI.SPI_SPI_SPIRTO @ 0x21013c03c
CHIP::SOUTHBRIDGE::AOP::AOP_SPI.SPI_SPI_SPIHANGD @ 0x21013c040
CHIP::SOUTHBRIDGE::AOP::AOP_SPI.SPI_SPI_SPISWRST @ 0x21013c044
CHIP::SOUTHBRIDGE::AOP::AOP_SPI.SPI_SPI_SPIVER @ 0x21013c048
CHIP::SOUTHBRIDGE::AOP::AOP_SPI.SPI_SPI_SPTDCNT @ 0x21013c04c
CHIP::SOUTHBRIDGE::AOP::AOP_SPI.SPI_SPI_SPCGEN @ 0x21013c050
CHIP::SOUTHBRIDGE::AOP::MINIPMGR.LPO_CTL @ 0x210200000
CHIP::SOUTHBRIDGE::AOP::MINIPMGR.LPO_CFG @ 0x210200004
CHIP::SOUTHBRIDGE::AOP::MINIPMGR.LPO_DEBUG @ 0x210200008
CHIP::SOUTHBRIDGE::AOP::MINIPMGR.LPO_DELAY_CTL0 @ 0x21020000c
CHIP::SOUTHBRIDGE::AOP::MINIPMGR.LPO_DELAY_CTL1 @ 0x210200010
CHIP::SOUTHBRIDGE::AOP::MINIPMGR.LPO_BACKUP @ 0x210200100
CHIP::SOUTHBRIDGE::AOP::MINIPMGR.MINI_CLKCFG_AOP_CLK_CFG @ 0x210240000
CHIP::SOUTHBRIDGE::AOP::MINIPMGR.MINI_CLKCFG_UART0_CLK_CFG @ 0x210240004
CHIP::SOUTHBRIDGE::AOP::MINIPMGR.MINI_CLKCFG_UART1_CLK_CFG @ 0x210240008
CHIP::SOUTHBRIDGE::AOP::MINIPMGR.MINI_CLKCFG_UART2_CLK_CFG @ 0x21024000c
CHIP::SOUTHBRIDGE::AOP::MINIPMGR.MINI_CLKCFG_AOP_MCA0_M_CLK_CFG @ 0x210240010
CHIP::SOUTHBRIDGE::AOP::MINIPMGR.MINI_CLKCFG_I2CM_CLK_CFG @ 0x210240014
CHIP::SOUTHBRIDGE::AOP::MINIPMGR.MINI_CLKCFG_PROXY_FABRIC_CLK_CFG @ 0x210240018
CHIP::SOUTHBRIDGE::AOP::MINIPMGR.MINI_CLKCFG_PROXY_MCU_REF_CLK_CFG @ 0x21024001c
CHIP::SOUTHBRIDGE::AOP::MINIPMGR.MINI_CLKCFG_CLK_DIVIDER_ACG_CFG @ 0x210240300
CHIP::SOUTHBRIDGE::AOP::MINIPMGR.MINI_CLKCFG_PROXY_OSC_CLK_CFG @ 0x210240304 freq 24.000000 -> 24 MHZ (XI0) / 1.0
CHIP::SOUTHBRIDGE::AOP::MINIPMGR.MINI_CLKCFG_XI0MUX_CLK_CFG @ 0x210240308 freq 24.000000 -> 24 MHZ (XI0) / 1.0
CHIP::SOUTHBRIDGE::AOP::MINIPMGR.MINI_PMGRCLKGEN_DEBUG_PMGRCLKGEN_DEBUG0 @ 0x21027c000
CHIP::SOUTHBRIDGE::AOP::MINIPMGR.MINI_PS_AOP_PS @ 0x210280000
CHIP::SOUTHBRIDGE::AOP::MINIPMGR.MINI_PS_DEBUG_PS @ 0x210280008
CHIP::SOUTHBRIDGE::AOP::MINIPMGR.MINI_PS_AOP_GPIO_PS @ 0x210280010
CHIP::SOUTHBRIDGE::AOP::MINIPMGR.MINI_PS_AOP_UART0_PS @ 0x210280018
CHIP::SOUTHBRIDGE::AOP::MINIPMGR.MINI_PS_AOP_UART1_PS @ 0x210280020
CHIP::SOUTHBRIDGE::AOP::MINIPMGR.MINI_PS_AOP_UART2_PS @ 0x210280028
CHIP::SOUTHBRIDGE::AOP::MINIPMGR.MINI_PS_AOP_I2CM_PS @ 0x210280030
CHIP::SOUTHBRIDGE::AOP::MINIPMGR.MINI_PS_AOP_MCA0_PS @ 0x210280038
CHIP::SOUTHBRIDGE::AOP::MINIPMGR.MINI_PS_AOP_CPU_PS @ 0x210280040
CHIP::SOUTHBRIDGE::AOP::MINIPMGR.MINI_PS_AOP_FILTER_PS @ 0x210280048
CHIP::SOUTHBRIDGE::AOP::MINIPMGR.MINI_PS_AOP_BUSIF_PS @ 0x210280050
CHIP::SOUTHBRIDGE::AOP::MINIPMGR.MINI_PWRGATE_PWR_AOP_CPU_CFG0 @ 0x21029c000
CHIP::SOUTHBRIDGE::AOP::MINIPMGR.MINI_PWRGATE_PWR_AOP_CPU_CFG1 @ 0x21029c004
CHIP::SOUTHBRIDGE::AOP::MINIPMGR.MINI_PWRGATE_PWR_AOP_CPU_CFG2 @ 0x21029c008
CHIP::SOUTHBRIDGE::AOP::MINIPMGR.MINI_PWRGATE_PWR_AOP_CPU_DBG @ 0x21029c00c
CHIP::SOUTHBRIDGE::AOP::MINIPMGR.MINI_PWRGATE_PWR_AOP_FILTER_CFG0 @ 0x21029c010
CHIP::SOUTHBRIDGE::AOP::MINIPMGR.MINI_PWRGATE_PWR_AOP_FILTER_CFG1 @ 0x21029c014
CHIP::SOUTHBRIDGE::AOP::MINIPMGR.MINI_PWRGATE_PWR_AOP_FILTER_CFG2 @ 0x21029c018
CHIP::SOUTHBRIDGE::AOP::MINIPMGR.MINI_PWRGATE_PWR_AOP_FILTER_DBG @ 0x21029c01c
CHIP::SOUTHBRIDGE::AOP::MINIPMGR.MINI_EMA_EMA_ALL_AOP0 @ 0x2102ac000
CHIP::SOUTHBRIDGE::AOP::MINIPMGR.WATCHDOG_CHIP_WATCHDOG_TIMER @ 0x2102b0000
CHIP::SOUTHBRIDGE::AOP::MINIPMGR.WATCHDOG_CHIP_WATCHDOG_RESET_COUNT @ 0x2102b0004
CHIP::SOUTHBRIDGE::AOP::MINIPMGR.WATCHDOG_CHIP_WATCHDOG_INTERRUPT_COUNT @ 0x2102b0008
CHIP::SOUTHBRIDGE::AOP::MINIPMGR.WATCHDOG_CHIP_WATCHDOG_CONTROL @ 0x2102b000c
CHIP::SOUTHBRIDGE::AOP::MINIPMGR.WATCHDOG_SYS_WATCHDOG_TIMER @ 0x2102b0010
CHIP::SOUTHBRIDGE::AOP::MINIPMGR.WATCHDOG_SYS_WATCHDOG_RESET_COUNT @ 0x2102b0014
CHIP::SOUTHBRIDGE::AOP::MINIPMGR.WATCHDOG_SYS_WATCHDOG_CONTROL @ 0x2102b001c
CHIP::SOUTHBRIDGE::AOP::MINIPMGR.MINI_PERF_PERF_CTL @ 0x2102b4000
CHIP::SOUTHBRIDGE::AOP::MINIPMGR.MINI_PERF_PERF_ACCESS @ 0x2102b4004
CHIP::SOUTHBRIDGE::AOP::MINIPMGR.MINI_PERF_PERF_CFG0 @ 0x2102b4100
CHIP::SOUTHBRIDGE::AOP::MINIPMGR.MINI_PERF_PERF_CNTR0_LO @ 0x2102b4108
CHIP::SOUTHBRIDGE::AOP::MINIPMGR.MINI_PERF_PERF_CNTR0_HI @ 0x2102b410c
CHIP::SOUTHBRIDGE::AOP::MINIPMGR.MINI_PERF_PERF_CFG1 @ 0x2102b4110
CHIP::SOUTHBRIDGE::AOP::MINIPMGR.MINI_PERF_PERF_CNTR1_LO @ 0x2102b4118
CHIP::SOUTHBRIDGE::AOP::MINIPMGR.MINI_PERF_PERF_CNTR1_HI @ 0x2102b411c
CHIP::SOUTHBRIDGE::AOP::MINIPMGR.MINI_PERF_PERF_CFG2 @ 0x2102b4120
CHIP::SOUTHBRIDGE::AOP::MINIPMGR.MINI_PERF_PERF_CNTR2_LO @ 0x2102b4128
CHIP::SOUTHBRIDGE::AOP::MINIPMGR.MINI_PERF_PERF_CNTR2_HI @ 0x2102b412c
CHIP::SOUTHBRIDGE::AOP::MINIPMGR.MINI_PERF_PERF_CFG3 @ 0x2102b4130
CHIP::SOUTHBRIDGE::AOP::MINIPMGR.MINI_PERF_PERF_CNTR3_LO @ 0x2102b4138
CHIP::SOUTHBRIDGE::AOP::MINIPMGR.MINI_PERF_PERF_CNTR3_HI @ 0x2102b413c
CHIP::SOUTHBRIDGE::AOP::MINIPMGR.MINI_PERF_PERF_CFG4 @ 0x2102b4140
CHIP::SOUTHBRIDGE::AOP::MINIPMGR.MINI_PERF_PERF_CNTR4_LO @ 0x2102b4148
CHIP::SOUTHBRIDGE::AOP::MINIPMGR.MINI_PERF_PERF_CNTR4_HI @ 0x2102b414c
CHIP::SOUTHBRIDGE::AOP::MINIPMGR.MINI_PERF_PERF_CFG5 @ 0x2102b4150
CHIP::SOUTHBRIDGE::AOP::MINIPMGR.MINI_PERF_PERF_CNTR5_LO @ 0x2102b4158
CHIP::SOUTHBRIDGE::AOP::MINIPMGR.MINI_PERF_PERF_CNTR5_HI @ 0x2102b415c
CHIP::SOUTHBRIDGE::AOP::MINIPMGR.MINI_PERF_PERF_CFG6 @ 0x2102b4160
CHIP::SOUTHBRIDGE::AOP::MINIPMGR.MINI_PERF_PERF_CNTR6_LO @ 0x2102b4168
CHIP::SOUTHBRIDGE::AOP::MINIPMGR.MINI_PERF_PERF_CNTR6_HI @ 0x2102b416c
CHIP::SOUTHBRIDGE::AOP::MINIPMGR.MINI_PERF_PERF_CFG7 @ 0x2102b4170
CHIP::SOUTHBRIDGE::AOP::MINIPMGR.MINI_PERF_PERF_CNTR7_LO @ 0x2102b4178
CHIP::SOUTHBRIDGE::AOP::MINIPMGR.MINI_PERF_PERF_CNTR7_HI @ 0x2102b417c
CHIP::SOUTHBRIDGE::AOP::MINIPMGR.MINI_PERF_PERF_CFG8 @ 0x2102b4180
CHIP::SOUTHBRIDGE::AOP::MINIPMGR.MINI_PERF_PERF_CNTR8_LO @ 0x2102b4188
CHIP::SOUTHBRIDGE::AOP::MINIPMGR.MINI_PERF_PERF_CNTR8_HI @ 0x2102b418c
CHIP::SOUTHBRIDGE::AOP::MINIPMGR.MINI_PERF_PERF_CFG9 @ 0x2102b4190
CHIP::SOUTHBRIDGE::AOP::MINIPMGR.MINI_PERF_PERF_CNTR9_LO @ 0x2102b4198
CHIP::SOUTHBRIDGE::AOP::MINIPMGR.MINI_PERF_PERF_CNTR9_HI @ 0x2102b419c
CHIP::SOUTHBRIDGE::AOP::MINIPMGR.MINI_PERF_PERF_CFG10 @ 0x2102b41a0
CHIP::SOUTHBRIDGE::AOP::MINIPMGR.MINI_PERF_PERF_CNTR10_LO @ 0x2102b41a8
CHIP::SOUTHBRIDGE::AOP::MINIPMGR.MINI_PERF_PERF_CNTR10_HI @ 0x2102b41ac
CHIP::SOUTHBRIDGE::AOP::MINIPMGR.MINI_SCRATCH_SCRATCH0 @ 0x2102b8000
CHIP::SOUTHBRIDGE::AOP::MINIPMGR.MINI_SCRATCH_SCRATCH1 @ 0x2102b8004
CHIP::SOUTHBRIDGE::AOP::MINIPMGR.MINI_SCRATCH_SCRATCH2 @ 0x2102b8008
CHIP::SOUTHBRIDGE::AOP::MINIPMGR.MINI_SCRATCH_SCRATCH3 @ 0x2102b800c
CHIP::SOUTHBRIDGE::AOP::MINIPMGR.MINI_SCRATCH_SCRATCH4 @ 0x2102b8010
CHIP::SOUTHBRIDGE::AOP::MINIPMGR.MINI_SCRATCH_SCRATCH5 @ 0x2102b8014
CHIP::SOUTHBRIDGE::AOP::MINIPMGR.MINI_SCRATCH_SCRATCH6 @ 0x2102b8018
CHIP::SOUTHBRIDGE::AOP::MINIPMGR.MINI_SCRATCH_SCRATCH7 @ 0x2102b801c
CHIP::SOUTHBRIDGE::AOP::MINIPMGR.MINI_SCRATCH_SCRATCH8 @ 0x2102b8020
CHIP::SOUTHBRIDGE::AOP::MINIPMGR.MINI_SCRATCH_SCRATCH9 @ 0x2102b8024
CHIP::SOUTHBRIDGE::AOP::MINIPMGR.MINI_SCRATCH_SCRATCH10 @ 0x2102b8028
CHIP::SOUTHBRIDGE::AOP::MINIPMGR.MINI_SCRATCH_SCRATCH11 @ 0x2102b802c
CHIP::SOUTHBRIDGE::AOP::MINIPMGR.FUSE_CFG_FUSE0 @ 0x2102bc000
CHIP::SOUTHBRIDGE::AOP::MINIPMGR.FUSE_CFG_FUSE1 @ 0x2102bc004
CHIP::SOUTHBRIDGE::AOP::MINIPMGR.FUSE_CFG_FUSE2 @ 0x2102bc008
CHIP::SOUTHBRIDGE::AOP::MINIPMGR.FUSE_CFG_FUSE3 @ 0x2102bc00c
CHIP::SOUTHBRIDGE::AOP::MINIPMGR.FUSE_CFG_FUSE4 @ 0x2102bc010
CHIP::SOUTHBRIDGE::AOP::MINIPMGR.FUSE_CFG_FUSE5 @ 0x2102bc014
CHIP::SOUTHBRIDGE::AOP::MINIPMGR.FUSE_CFG_FUSE6 @ 0x2102bc018
CHIP::SOUTHBRIDGE::AOP::MINIPMGR.FUSE_CFG_FUSE7 @ 0x2102bc01c
CHIP::SOUTHBRIDGE::AOP::MINIPMGR.FUSE_CFG_FUSE8 @ 0x2102bc020
CHIP::SOUTHBRIDGE::AOP::MINIPMGR.FUSE_CFG_FUSE9 @ 0x2102bc024
CHIP::SOUTHBRIDGE::AOP::MINIPMGR.FUSE_CFG_FUSE10 @ 0x2102bc028
CHIP::SOUTHBRIDGE::AOP::MINIPMGR.FUSE_CFG_FUSE11 @ 0x2102bc02c
CHIP::SOUTHBRIDGE::AOP::MINIPMGR.FUSE_ECID_FUSE0 @ 0x2102bc080
CHIP::SOUTHBRIDGE::AOP::MINIPMGR.FUSE_ECID_FUSE1 @ 0x2102bc084
CHIP::SOUTHBRIDGE::AOP::MINIPMGR.FUSE_ECID_FUSE2 @ 0x2102bc088
CHIP::SOUTHBRIDGE::AOP::MINIPMGR.FUSE_ECID_FUSE3 @ 0x2102bc08c
CHIP::SOUTHBRIDGE::AOP::MINIPMGR.FUSE_SEP_SECURITY @ 0x2102bc104
CHIP::SOUTHBRIDGE::AOP::MINIPMGR.FUSE_CFG_FUSE0_RAW @ 0x2102bc200
CHIP::SOUTHBRIDGE::AOP::MINIPMGR.FUSE_CFG_FUSE1_RAW @ 0x2102bc204
CHIP::SOUTHBRIDGE::AOP::MINIPMGR.FUSE_CFG_FUSE2_RAW @ 0x2102bc208
CHIP::SOUTHBRIDGE::AOP::MINIPMGR.FUSE_CFG_FUSE3_RAW @ 0x2102bc20c
CHIP::SOUTHBRIDGE::AOP::MINIPMGR.FUSE_CFG_FUSE4_RAW @ 0x2102bc210
CHIP::SOUTHBRIDGE::AOP::MINIPMGR.FUSE_CFG_FUSE5_RAW @ 0x2102bc214
CHIP::SOUTHBRIDGE::AOP::MINIPMGR.FUSE_CFG_FUSE6_RAW @ 0x2102bc218
CHIP::SOUTHBRIDGE::AOP::MINIPMGR.FUSE_CFG_FUSE7_RAW @ 0x2102bc21c
CHIP::SOUTHBRIDGE::AOP::MINIPMGR.FUSE_CFG_FUSE8_RAW @ 0x2102bc220
CHIP::SOUTHBRIDGE::AOP::MINIPMGR.FUSE_CFG_FUSE9_RAW @ 0x2102bc224
CHIP::SOUTHBRIDGE::AOP::MINIPMGR.FUSE_CFG_FUSE10_RAW @ 0x2102bc228
CHIP::SOUTHBRIDGE::AOP::MINIPMGR.FUSE_CFG_FUSE11_RAW @ 0x2102bc22c
CHIP::SOUTHBRIDGE::AOP::MINIPMGR.MINI_PWR_STATE_TRANS_STATE_TRANS_CTL @ 0x2102cc000
CHIP::SOUTHBRIDGE::AOP::MINIPMGR.MINI_PWR_STATE_TRANS_STATE_TRANS_DELAY0 @ 0x2102cc010
CHIP::SOUTHBRIDGE::AOP::MINIPMGR.MINI_PWR_STATE_TRANS_STATE_TRANS_DEBUG0 @ 0x2102cc100
CHIP::SOUTHBRIDGE::AOP::MINIPMGR.SECURITY_SIO_AES_DISABLE @ 0x2102d0000
CHIP::SOUTHBRIDGE::AOP::MINIPMGR.SECURITY_MCC_BOOTROMDIS @ 0x2102d0010
CHIP::SOUTHBRIDGE::AOP::MINIPMGR.SECURITY_MCC_ROMADDRREMAP @ 0x2102d0014
CHIP::SOUTHBRIDGE::AOP::MINIPMGR.MINI_MISC_CFG_ACG @ 0x2102dc000
CHIP::SOUTHBRIDGE::AOP::MINIPMGR.MINI_MISC_SPARE_SPARE0 @ 0x2102e0000
CHIP::SOUTHBRIDGE::AOP::MINIPMGR.MISC_TM_STATE_TM_STATE @ 0x2102e8000
CHIP::SOUTHBRIDGE::AOP::MINIPMGR.MINI_PMGR_DEBUG_PMGR_DEBUG0 @ 0x2102f0000
CHIP::SOUTHBRIDGE::AOP::MINIPMGR.MINI_PMGR_DEBUG_PMGR_DEBUG1 @ 0x2102f0004
CHIP::SOUTHBRIDGE::AOP::MINIPMGR.MINI_PMGR_DEBUG_PMGR_DEBUG2 @ 0x2102f0008
CHIP::SOUTHBRIDGE::AOP::MINIPMGR.MINI_PMGR_DEBUG_PMGR_DEBUG3 @ 0x2102f000c
CHIP::SOUTHBRIDGE::AOP::MINIPMGR.MINI_PMGR_DEBUG_PMGR_DEBUG4 @ 0x2102f0010
CHIP::SOUTHBRIDGE::AOP::MINIPMGR.MINI_PMGR_DEBUG_PMGR_DEBUG5 @ 0x2102f0014
CHIP::SOUTHBRIDGE::AOP::DBGWRAP.ROMENTRY00 @ 0x210300000
CHIP::SOUTHBRIDGE::AOP::DBGWRAP.ROMENTRY01 @ 0x210300004
CHIP::SOUTHBRIDGE::AOP::DBGWRAP.ROMENTRY02 @ 0x210300008
CHIP::SOUTHBRIDGE::AOP::DBGWRAP.ROMENTRY03 @ 0x21030000c
CHIP::SOUTHBRIDGE::AOP::DBGWRAP.ROMENTRY04 @ 0x210300010
CHIP::SOUTHBRIDGE::AOP::DBGWRAP.ROMENTRY05 @ 0x210300014
CHIP::SOUTHBRIDGE::AOP::DBGWRAP.ROMENTRY06 @ 0x210300018
CHIP::SOUTHBRIDGE::AOP::DBGWRAP.ROMENTRY07 @ 0x21030001c
CHIP::SOUTHBRIDGE::AOP::DBGWRAP.ROMENTRY08 @ 0x210300020
CHIP::SOUTHBRIDGE::AOP::DBGWRAP.ROMENTRY09 @ 0x210300024
CHIP::SOUTHBRIDGE::AOP::DBGWRAP.ROMENTRY10 @ 0x210300028
CHIP::SOUTHBRIDGE::AOP::DBGWRAP.ROMENTRY11 @ 0x21030002c
CHIP::SOUTHBRIDGE::AOP::DBGWRAP.ROMENTRY12 @ 0x210300030
CHIP::SOUTHBRIDGE::AOP::DBGWRAP.ROMENTRY13 @ 0x210300034
CHIP::SOUTHBRIDGE::AOP::DBGWRAP.ROMENTRY14 @ 0x210300038
CHIP::SOUTHBRIDGE::AOP::DBGWRAP.ROMENTRY15 @ 0x21030003c
CHIP::SOUTHBRIDGE::AOP::DBGWRAP.ROMENTRY16 @ 0x210300040
CHIP::SOUTHBRIDGE::AOP::DBGWRAP.ROMENTRY17 @ 0x210300044
CHIP::SOUTHBRIDGE::AOP::DBGWRAP.ROMENTRY18 @ 0x210300048
CHIP::SOUTHBRIDGE::AOP::DBGWRAP.ROMENTRY19 @ 0x21030004c
CHIP::SOUTHBRIDGE::AOP::DBGWRAP.ROMENTRY20 @ 0x210300050
CHIP::SOUTHBRIDGE::AOP::DBGWRAP.ROMENTRY21 @ 0x210300054
CHIP::SOUTHBRIDGE::AOP::DBGWRAP.ROMENTRY22 @ 0x210300058
CHIP::SOUTHBRIDGE::AOP::DBGWRAP.ROMENTRY23 @ 0x21030005c
CHIP::SOUTHBRIDGE::AOP::DBGWRAP.ROMENTRY24 @ 0x210300060
CHIP::SOUTHBRIDGE::AOP::DBGWRAP.ROMENTRY25 @ 0x210300064
CHIP::SOUTHBRIDGE::AOP::DBGWRAP.ROMENTRY26 @ 0x210300068
CHIP::SOUTHBRIDGE::AOP::DBGWRAP.ROMENTRY27 @ 0x21030006c
CHIP::SOUTHBRIDGE::AOP::DBGWRAP.ROMENTRY28 @ 0x210300070
CHIP::SOUTHBRIDGE::AOP::DBGWRAP.ROMENTRY29 @ 0x210300074
CHIP::SOUTHBRIDGE::AOP::DBGWRAP.ROMENTRY30 @ 0x210300078
CHIP::SOUTHBRIDGE::AOP::DBGWRAP.ROMENTRY31 @ 0x21030007c
CHIP::SOUTHBRIDGE::AOP::DBGWRAP.ROMENTRY32 @ 0x210300080
CHIP::SOUTHBRIDGE::AOP::DBGWRAP.ROMENTRY33 @ 0x210300084
CHIP::SOUTHBRIDGE::AOP::DBGWRAP.ROMENTRY34 @ 0x210300088
CHIP::SOUTHBRIDGE::AOP::DBGWRAP.ROMENTRY35 @ 0x21030008c
CHIP::SOUTHBRIDGE::AOP::DBGWRAP.ROMENTRY36 @ 0x210300090
CHIP::SOUTHBRIDGE::AOP::DBGWRAP.ROMENTRY37 @ 0x210300094
CHIP::SOUTHBRIDGE::AOP::DBGWRAP.ROMENTRY38 @ 0x210300098
CHIP::SOUTHBRIDGE::AOP::DBGWRAP.ROMENTRY39 @ 0x21030009c
CHIP::SOUTHBRIDGE::AOP::DBGWRAP.ROMENTRY40 @ 0x2103000a0
CHIP::SOUTHBRIDGE::AOP::DBGWRAP.ROMENTRY41 @ 0x2103000a4
CHIP::SOUTHBRIDGE::AOP::DBGWRAP.ROMENTRY42 @ 0x2103000a8
CHIP::SOUTHBRIDGE::AOP::DBGWRAP.ROMENTRY43 @ 0x2103000ac
CHIP::SOUTHBRIDGE::AOP::DBGWRAP.ROMENTRY44 @ 0x2103000b0
CHIP::SOUTHBRIDGE::AOP::DBGWRAP.ROMENTRY45 @ 0x2103000b4
CHIP::SOUTHBRIDGE::AOP::DBGWRAP.ROMENTRY46 @ 0x2103000b8
CHIP::SOUTHBRIDGE::AOP::DBGWRAP.ROMENTRY47 @ 0x2103000bc
CHIP::SOUTHBRIDGE::AOP::DBGWRAP.ROMENTRY48 @ 0x2103000c0
CHIP::SOUTHBRIDGE::AOP::DBGWRAP.ROM_PERIPHERAL_ID_4 @ 0x210300fd0
CHIP::SOUTHBRIDGE::AOP::DBGWRAP.ROM_PERIPHERAL_ID_5 @ 0x210300fd4
CHIP::SOUTHBRIDGE::AOP::DBGWRAP.ROM_PERIPHERAL_ID_6 @ 0x210300fd8
CHIP::SOUTHBRIDGE::AOP::DBGWRAP.ROM_PERIPHERAL_ID_7 @ 0x210300fdc
CHIP::SOUTHBRIDGE::AOP::DBGWRAP.ROM_PERIPHERAL_ID_0 @ 0x210300fe0
CHIP::SOUTHBRIDGE::AOP::DBGWRAP.ROM_PERIPHERAL_ID_1 @ 0x210300fe4
CHIP::SOUTHBRIDGE::AOP::DBGWRAP.ROM_PERIPHERAL_ID_2 @ 0x210300fe8
CHIP::SOUTHBRIDGE::AOP::DBGWRAP.ROM_PERIPHERAL_ID_3 @ 0x210300fec
CHIP::SOUTHBRIDGE::AOP::DBGWRAP.ROM_COMPONENT_ID_0 @ 0x210300ff0
CHIP::SOUTHBRIDGE::AOP::DBGWRAP.ROM_COMPONENT_ID_1 @ 0x210300ff4
CHIP::SOUTHBRIDGE::AOP::DBGWRAP.ROM_COMPONENT_ID_2 @ 0x210300ff8
CHIP::SOUTHBRIDGE::AOP::DBGWRAP.ROM_COMPONENT_ID_3 @ 0x210300ffc
CHIP::SOUTHBRIDGE::AOP::DBGWRAP.DBG_RESET_ALL @ 0x210301000
CHIP::SOUTHBRIDGE::AOP::DBGWRAP.DBG_RESET_WARM @ 0x210301004
CHIP::SOUTHBRIDGE::AOP::DBGWRAP.DBG_HOLD_CORE_RESETS @ 0x210301008
CHIP::SOUTHBRIDGE::AOP::DBGWRAP.AKF_EDBGRQ @ 0x21030100c
CHIP::SOUTHBRIDGE::AOP::DBGWRAP.DBG_RST_ASSERTS_EDBGRQ @ 0x210301010
CHIP::SOUTHBRIDGE::AOP::DBGWRAP.AKF_DBGACK @ 0x210301014
CHIP::SOUTHBRIDGE::AOP::DBGWRAP.AKF_DBGOSUNLOCKCATCH @ 0x210301018
CHIP::SOUTHBRIDGE::AOP::DBGWRAP.AKF_DBGHALTREQ @ 0x21030101c
CHIP::SOUTHBRIDGE::AOP::DBGWRAP.AKF_DBGLOCKSET @ 0x210301020
CHIP::SOUTHBRIDGE::AOP::DBGWRAP.AKF_DBGHOLDRST @ 0x210301024
CHIP::SOUTHBRIDGE::AOP::DBGWRAP.AKF_DBGSWENABLE @ 0x210301028
CHIP::SOUTHBRIDGE::AOP::DBGWRAP.AKF_DBGPWRUPREQ @ 0x21030102c
CHIP::SOUTHBRIDGE::AOP::DBGWRAP.DBG_CSYSPWRUPREQ_PWR_DOWN_AKF @ 0x210301030
CHIP::SOUTHBRIDGE::AOP::DBGWRAP.DBG_CSYSPWRUPREQ_CLK_GATE_AKF @ 0x210301034
CHIP::SOUTHBRIDGE::AOP::DBGWRAP.DBG_CSYSPWRUPREQ_PWR_DOWN_PRT @ 0x210301038
CHIP::SOUTHBRIDGE::AOP::DBGWRAP.DBG_CSYSPWRUPREQ_CLK_GATE_PRT @ 0x21030103c
CHIP::SOUTHBRIDGE::AOP::DBGWRAP.DBG_SOC_HALT_ACTIVE @ 0x210301040
CHIP::SOUTHBRIDGE::AOP::DBGWRAP.DBG_SOC_HALT_EN @ 0x210301044
CHIP::SOUTHBRIDGE::AOP::DBGWRAP.DBG_SOC_HALT_COUNT @ 0x210301048
CHIP::SOUTHBRIDGE::AOP::DBGWRAP.DBG_APB_DBG_TIMEOUT_CNT @ 0x21030104c
CHIP::SOUTHBRIDGE::AOP::DBGWRAP.DBG_AXI_AP_TIMEOUT_CNT @ 0x210301050
CHIP::SOUTHBRIDGE::AOP::DBGWRAP.DBG_SYNC_PERIOD @ 0x210301054
CHIP::SOUTHBRIDGE::AOP::DBGWRAP.DBG_TRUST_ZONE @ 0x210301058
CHIP::SOUTHBRIDGE::AOP::DBGWRAP.DBG_CSTCK_MODIFIER_CNT @ 0x21030105c
CHIP::SOUTHBRIDGE::AOP::DBGWRAP.DBG_SWD_GPIO_TARGET_EN @ 0x210301060
CHIP::SOUTHBRIDGE::AOP::DBGWRAP.DBG_SWD_GPIO_TARGET_CFG @ 0x210301064
CHIP::SOUTHBRIDGE::AOP::DBGWRAP.DBG_PERIPHERAL_ID_4 @ 0x210301fd0
CHIP::SOUTHBRIDGE::AOP::DBGWRAP.DBG_PERIPHERAL_ID_5 @ 0x210301fd4
CHIP::SOUTHBRIDGE::AOP::DBGWRAP.DBG_PERIPHERAL_ID_6 @ 0x210301fd8
CHIP::SOUTHBRIDGE::AOP::DBGWRAP.DBG_PERIPHERAL_ID_7 @ 0x210301fdc
CHIP::SOUTHBRIDGE::AOP::DBGWRAP.DBG_PERIPHERAL_ID_0 @ 0x210301fe0
CHIP::SOUTHBRIDGE::AOP::DBGWRAP.DBG_PERIPHERAL_ID_1 @ 0x210301fe4
CHIP::SOUTHBRIDGE::AOP::DBGWRAP.DBG_PERIPHERAL_ID_2 @ 0x210301fe8
CHIP::SOUTHBRIDGE::AOP::DBGWRAP.DBG_PERIPHERAL_ID_3 @ 0x210301fec
CHIP::SOUTHBRIDGE::AOP::DBGWRAP.DBG_COMPONENT_ID_0 @ 0x210301ff0
CHIP::SOUTHBRIDGE::AOP::DBGWRAP.DBG_COMPONENT_ID_1 @ 0x210301ff4
CHIP::SOUTHBRIDGE::AOP::DBGWRAP.DBG_COMPONENT_ID_2 @ 0x210301ff8
CHIP::SOUTHBRIDGE::AOP::DBGWRAP.DBG_COMPONENT_ID_3 @ 0x210301ffc
CHIP::SOUTHBRIDGE::AOP::DBGWRAP.M3_0_SCS_OFFSET @ 0x210302000
CHIP::SOUTHBRIDGE::AOP::DBGWRAP.M3_0_FPB_OFFSET @ 0x210302004
CHIP::SOUTHBRIDGE::AOP::DBGWRAP.M3_0_DWT_OFFSET @ 0x210302008
CHIP::SOUTHBRIDGE::AOP::DBGWRAP.M3_0_ROM_PERIPHERAL_ID_4 @ 0x210302fd0
CHIP::SOUTHBRIDGE::AOP::DBGWRAP.M3_0_ROM_PERIPHERAL_ID_5 @ 0x210302fd4
CHIP::SOUTHBRIDGE::AOP::DBGWRAP.M3_0_ROM_PERIPHERAL_ID_6 @ 0x210302fd8
CHIP::SOUTHBRIDGE::AOP::DBGWRAP.M3_0_ROM_PERIPHERAL_ID_7 @ 0x210302fdc
CHIP::SOUTHBRIDGE::AOP::DBGWRAP.M3_0_ROM_PERIPHERAL_ID_0 @ 0x210302fe0
CHIP::SOUTHBRIDGE::AOP::DBGWRAP.M3_0_ROM_PERIPHERAL_ID_1 @ 0x210302fe4
CHIP::SOUTHBRIDGE::AOP::DBGWRAP.M3_0_ROM_PERIPHERAL_ID_2 @ 0x210302fe8
CHIP::SOUTHBRIDGE::AOP::DBGWRAP.M3_0_ROM_PERIPHERAL_ID_3 @ 0x210302fec
CHIP::SOUTHBRIDGE::AOP::DBGWRAP.M3_0_ROM_COMPONENT_ID_0 @ 0x210302ff0
CHIP::SOUTHBRIDGE::AOP::DBGWRAP.M3_0_ROM_COMPONENT_ID_1 @ 0x210302ff4
CHIP::SOUTHBRIDGE::AOP::DBGWRAP.M3_0_ROM_COMPONENT_ID_2 @ 0x210302ff8
CHIP::SOUTHBRIDGE::AOP::DBGWRAP.M3_0_ROM_COMPONENT_ID_3 @ 0x210302ffc
CHIP::SOUTHBRIDGE::AOP::DBGWRAP.M3_1_SCS_OFFSET @ 0x210303000
CHIP::SOUTHBRIDGE::AOP::DBGWRAP.M3_1_FPB_OFFSET @ 0x210303004
CHIP::SOUTHBRIDGE::AOP::DBGWRAP.M3_1_DWT_OFFSET @ 0x210303008
CHIP::SOUTHBRIDGE::AOP::DBGWRAP.M3_1_ROM_PERIPHERAL_ID_4 @ 0x210303fd0
CHIP::SOUTHBRIDGE::AOP::DBGWRAP.M3_1_ROM_PERIPHERAL_ID_5 @ 0x210303fd4
CHIP::SOUTHBRIDGE::AOP::DBGWRAP.M3_1_ROM_PERIPHERAL_ID_6 @ 0x210303fd8
CHIP::SOUTHBRIDGE::AOP::DBGWRAP.M3_1_ROM_PERIPHERAL_ID_7 @ 0x210303fdc
CHIP::SOUTHBRIDGE::AOP::DBGWRAP.M3_1_ROM_PERIPHERAL_ID_0 @ 0x210303fe0
CHIP::SOUTHBRIDGE::AOP::DBGWRAP.M3_1_ROM_PERIPHERAL_ID_1 @ 0x210303fe4
CHIP::SOUTHBRIDGE::AOP::DBGWRAP.M3_1_ROM_PERIPHERAL_ID_2 @ 0x210303fe8
CHIP::SOUTHBRIDGE::AOP::DBGWRAP.M3_1_ROM_PERIPHERAL_ID_3 @ 0x210303fec
CHIP::SOUTHBRIDGE::AOP::DBGWRAP.M3_1_ROM_COMPONENT_ID_0 @ 0x210303ff0
CHIP::SOUTHBRIDGE::AOP::DBGWRAP.M3_1_ROM_COMPONENT_ID_1 @ 0x210303ff4
CHIP::SOUTHBRIDGE::AOP::DBGWRAP.M3_1_ROM_COMPONENT_ID_2 @ 0x210303ff8
CHIP::SOUTHBRIDGE::AOP::DBGWRAP.M3_1_ROM_COMPONENT_ID_3 @ 0x210303ffc
CHIP::SOUTHBRIDGE::AOP::DBGWRAP.M3_2_SCS_OFFSET @ 0x210304000
CHIP::SOUTHBRIDGE::AOP::DBGWRAP.M3_2_FPB_OFFSET @ 0x210304004
CHIP::SOUTHBRIDGE::AOP::DBGWRAP.M3_2_DWT_OFFSET @ 0x210304008
CHIP::SOUTHBRIDGE::AOP::DBGWRAP.M3_2_ROM_PERIPHERAL_ID_4 @ 0x210304fd0
CHIP::SOUTHBRIDGE::AOP::DBGWRAP.M3_2_ROM_PERIPHERAL_ID_5 @ 0x210304fd4
CHIP::SOUTHBRIDGE::AOP::DBGWRAP.M3_2_ROM_PERIPHERAL_ID_6 @ 0x210304fd8
CHIP::SOUTHBRIDGE::AOP::DBGWRAP.M3_2_ROM_PERIPHERAL_ID_7 @ 0x210304fdc
CHIP::SOUTHBRIDGE::AOP::DBGWRAP.M3_2_ROM_PERIPHERAL_ID_0 @ 0x210304fe0
CHIP::SOUTHBRIDGE::AOP::DBGWRAP.M3_2_ROM_PERIPHERAL_ID_1 @ 0x210304fe4
CHIP::SOUTHBRIDGE::AOP::DBGWRAP.M3_2_ROM_PERIPHERAL_ID_2 @ 0x210304fe8
CHIP::SOUTHBRIDGE::AOP::DBGWRAP.M3_2_ROM_PERIPHERAL_ID_3 @ 0x210304fec
CHIP::SOUTHBRIDGE::AOP::DBGWRAP.M3_2_ROM_COMPONENT_ID_0 @ 0x210304ff0
CHIP::SOUTHBRIDGE::AOP::DBGWRAP.M3_2_ROM_COMPONENT_ID_1 @ 0x210304ff4
CHIP::SOUTHBRIDGE::AOP::DBGWRAP.M3_2_ROM_COMPONENT_ID_2 @ 0x210304ff8
CHIP::SOUTHBRIDGE::AOP::DBGWRAP.M3_2_ROM_COMPONENT_ID_3 @ 0x210304ffc
CHIP::SOUTHBRIDGE::AOP::DBGWRAP.M3_3_SCS_OFFSET @ 0x210305000
CHIP::SOUTHBRIDGE::AOP::DBGWRAP.M3_3_FPB_OFFSET @ 0x210305004
CHIP::SOUTHBRIDGE::AOP::DBGWRAP.M3_3_DWT_OFFSET @ 0x210305008
CHIP::SOUTHBRIDGE::AOP::DBGWRAP.M3_3_ROM_PERIPHERAL_ID_4 @ 0x210305fd0
CHIP::SOUTHBRIDGE::AOP::DBGWRAP.M3_3_ROM_PERIPHERAL_ID_5 @ 0x210305fd4
CHIP::SOUTHBRIDGE::AOP::DBGWRAP.M3_3_ROM_PERIPHERAL_ID_6 @ 0x210305fd8
CHIP::SOUTHBRIDGE::AOP::DBGWRAP.M3_3_ROM_PERIPHERAL_ID_7 @ 0x210305fdc
CHIP::SOUTHBRIDGE::AOP::DBGWRAP.M3_3_ROM_PERIPHERAL_ID_0 @ 0x210305fe0
CHIP::SOUTHBRIDGE::AOP::DBGWRAP.M3_3_ROM_PERIPHERAL_ID_1 @ 0x210305fe4
CHIP::SOUTHBRIDGE::AOP::DBGWRAP.M3_3_ROM_PERIPHERAL_ID_2 @ 0x210305fe8
CHIP::SOUTHBRIDGE::AOP::DBGWRAP.M3_3_ROM_PERIPHERAL_ID_3 @ 0x210305fec
CHIP::SOUTHBRIDGE::AOP::DBGWRAP.M3_3_ROM_COMPONENT_ID_0 @ 0x210305ff0
CHIP::SOUTHBRIDGE::AOP::DBGWRAP.M3_3_ROM_COMPONENT_ID_1 @ 0x210305ff4
CHIP::SOUTHBRIDGE::AOP::DBGWRAP.M3_3_ROM_COMPONENT_ID_2 @ 0x210305ff8
CHIP::SOUTHBRIDGE::AOP::DBGWRAP.M3_3_ROM_COMPONENT_ID_3 @ 0x210305ffc
CHIP::SOUTHBRIDGE::AOP::DBGWRAP.M3_4_SCS_OFFSET @ 0x210306000
CHIP::SOUTHBRIDGE::AOP::DBGWRAP.M3_4_FPB_OFFSET @ 0x210306004
CHIP::SOUTHBRIDGE::AOP::DBGWRAP.M3_4_DWT_OFFSET @ 0x210306008
CHIP::SOUTHBRIDGE::AOP::DBGWRAP.M3_4_ROM_PERIPHERAL_ID_4 @ 0x210306fd0
CHIP::SOUTHBRIDGE::AOP::DBGWRAP.M3_4_ROM_PERIPHERAL_ID_5 @ 0x210306fd4
CHIP::SOUTHBRIDGE::AOP::DBGWRAP.M3_4_ROM_PERIPHERAL_ID_6 @ 0x210306fd8
CHIP::SOUTHBRIDGE::AOP::DBGWRAP.M3_4_ROM_PERIPHERAL_ID_7 @ 0x210306fdc
CHIP::SOUTHBRIDGE::AOP::DBGWRAP.M3_4_ROM_PERIPHERAL_ID_0 @ 0x210306fe0
CHIP::SOUTHBRIDGE::AOP::DBGWRAP.M3_4_ROM_PERIPHERAL_ID_1 @ 0x210306fe4
CHIP::SOUTHBRIDGE::AOP::DBGWRAP.M3_4_ROM_PERIPHERAL_ID_2 @ 0x210306fe8
CHIP::SOUTHBRIDGE::AOP::DBGWRAP.M3_4_ROM_PERIPHERAL_ID_3 @ 0x210306fec
CHIP::SOUTHBRIDGE::AOP::DBGWRAP.M3_4_ROM_COMPONENT_ID_0 @ 0x210306ff0
CHIP::SOUTHBRIDGE::AOP::DBGWRAP.M3_4_ROM_COMPONENT_ID_1 @ 0x210306ff4
CHIP::SOUTHBRIDGE::AOP::DBGWRAP.M3_4_ROM_COMPONENT_ID_2 @ 0x210306ff8
CHIP::SOUTHBRIDGE::AOP::DBGWRAP.M3_4_ROM_COMPONENT_ID_3 @ 0x210306ffc
CHIP::SOUTHBRIDGE::AOP::DBGWRAP.M3_5_SCS_OFFSET @ 0x210307000
CHIP::SOUTHBRIDGE::AOP::DBGWRAP.M3_5_FPB_OFFSET @ 0x210307004
CHIP::SOUTHBRIDGE::AOP::DBGWRAP.M3_5_DWT_OFFSET @ 0x210307008
CHIP::SOUTHBRIDGE::AOP::DBGWRAP.M3_5_ROM_PERIPHERAL_ID_4 @ 0x210307fd0
CHIP::SOUTHBRIDGE::AOP::DBGWRAP.M3_5_ROM_PERIPHERAL_ID_5 @ 0x210307fd4
CHIP::SOUTHBRIDGE::AOP::DBGWRAP.M3_5_ROM_PERIPHERAL_ID_6 @ 0x210307fd8
CHIP::SOUTHBRIDGE::AOP::DBGWRAP.M3_5_ROM_PERIPHERAL_ID_7 @ 0x210307fdc
CHIP::SOUTHBRIDGE::AOP::DBGWRAP.M3_5_ROM_PERIPHERAL_ID_0 @ 0x210307fe0
CHIP::SOUTHBRIDGE::AOP::DBGWRAP.M3_5_ROM_PERIPHERAL_ID_1 @ 0x210307fe4
CHIP::SOUTHBRIDGE::AOP::DBGWRAP.M3_5_ROM_PERIPHERAL_ID_2 @ 0x210307fe8
CHIP::SOUTHBRIDGE::AOP::DBGWRAP.M3_5_ROM_PERIPHERAL_ID_3 @ 0x210307fec
CHIP::SOUTHBRIDGE::AOP::DBGWRAP.M3_5_ROM_COMPONENT_ID_0 @ 0x210307ff0
CHIP::SOUTHBRIDGE::AOP::DBGWRAP.M3_5_ROM_COMPONENT_ID_1 @ 0x210307ff4
CHIP::SOUTHBRIDGE::AOP::DBGWRAP.M3_5_ROM_COMPONENT_ID_2 @ 0x210307ff8
CHIP::SOUTHBRIDGE::AOP::DBGWRAP.M3_5_ROM_COMPONENT_ID_3 @ 0x210307ffc
CHIP::SOUTHBRIDGE::AOP::DBGWRAP.M3_6_SCS_OFFSET @ 0x210308000
CHIP::SOUTHBRIDGE::AOP::DBGWRAP.M3_6_FPB_OFFSET @ 0x210308004
CHIP::SOUTHBRIDGE::AOP::DBGWRAP.M3_6_DWT_OFFSET @ 0x210308008
CHIP::SOUTHBRIDGE::AOP::DBGWRAP.M3_6_ROM_PERIPHERAL_ID_4 @ 0x210308fd0
CHIP::SOUTHBRIDGE::AOP::DBGWRAP.M3_6_ROM_PERIPHERAL_ID_5 @ 0x210308fd4
CHIP::SOUTHBRIDGE::AOP::DBGWRAP.M3_6_ROM_PERIPHERAL_ID_6 @ 0x210308fd8
CHIP::SOUTHBRIDGE::AOP::DBGWRAP.M3_6_ROM_PERIPHERAL_ID_7 @ 0x210308fdc
CHIP::SOUTHBRIDGE::AOP::DBGWRAP.M3_6_ROM_PERIPHERAL_ID_0 @ 0x210308fe0
CHIP::SOUTHBRIDGE::AOP::DBGWRAP.M3_6_ROM_PERIPHERAL_ID_1 @ 0x210308fe4
CHIP::SOUTHBRIDGE::AOP::DBGWRAP.M3_6_ROM_PERIPHERAL_ID_2 @ 0x210308fe8
CHIP::SOUTHBRIDGE::AOP::DBGWRAP.M3_6_ROM_PERIPHERAL_ID_3 @ 0x210308fec
CHIP::SOUTHBRIDGE::AOP::DBGWRAP.M3_6_ROM_COMPONENT_ID_0 @ 0x210308ff0
CHIP::SOUTHBRIDGE::AOP::DBGWRAP.M3_6_ROM_COMPONENT_ID_1 @ 0x210308ff4
CHIP::SOUTHBRIDGE::AOP::DBGWRAP.M3_6_ROM_COMPONENT_ID_2 @ 0x210308ff8
CHIP::SOUTHBRIDGE::AOP::DBGWRAP.M3_6_ROM_COMPONENT_ID_3 @ 0x210308ffc
CHIP::SOUTHBRIDGE::AOP::DBGWRAP.ACC_CPU0_DEBUG_OFFSET @ 0x210309000
CHIP::SOUTHBRIDGE::AOP::DBGWRAP.ACC_CPU0_CTI_OFFSET @ 0x210309004
CHIP::SOUTHBRIDGE::AOP::DBGWRAP.ACC_CPU1_DEBUG_OFFSET @ 0x210309008
CHIP::SOUTHBRIDGE::AOP::DBGWRAP.ACC_CPU1_CTI_OFFSET @ 0x21030900c
CHIP::SOUTHBRIDGE::AOP::DBGWRAP.ACC_CLUSTER_REG_OFFSET @ 0x210309010
CHIP::SOUTHBRIDGE::AOP::DBGWRAP.ACC_ROM_PERIPHERAL_ID_4 @ 0x210309fd0
CHIP::SOUTHBRIDGE::AOP::DBGWRAP.ACC_ROM_PERIPHERAL_ID_5 @ 0x210309fd4
CHIP::SOUTHBRIDGE::AOP::DBGWRAP.ACC_ROM_PERIPHERAL_ID_6 @ 0x210309fd8
CHIP::SOUTHBRIDGE::AOP::DBGWRAP.ACC_ROM_PERIPHERAL_ID_7 @ 0x210309fdc
CHIP::SOUTHBRIDGE::AOP::DBGWRAP.ACC_ROM_PERIPHERAL_ID_0 @ 0x210309fe0
CHIP::SOUTHBRIDGE::AOP::DBGWRAP.ACC_ROM_PERIPHERAL_ID_1 @ 0x210309fe4
CHIP::SOUTHBRIDGE::AOP::DBGWRAP.ACC_ROM_PERIPHERAL_ID_2 @ 0x210309fe8
CHIP::SOUTHBRIDGE::AOP::DBGWRAP.ACC_ROM_PERIPHERAL_ID_3 @ 0x210309fec
CHIP::SOUTHBRIDGE::AOP::DBGWRAP.ACC_ROM_COMPONENT_ID_0 @ 0x210309ff0
CHIP::SOUTHBRIDGE::AOP::DBGWRAP.ACC_ROM_COMPONENT_ID_1 @ 0x210309ff4
CHIP::SOUTHBRIDGE::AOP::DBGWRAP.ACC_ROM_COMPONENT_ID_2 @ 0x210309ff8
CHIP::SOUTHBRIDGE::AOP::DBGWRAP.ACC_ROM_COMPONENT_ID_3 @ 0x210309ffc
CHIP::SOUTHBRIDGE::AOP::AOP_PL301_MISC.QOSTIDEMI_0 @ 0x210400400
CHIP::SOUTHBRIDGE::AOP::AOP_PL301_MISC.QOSACMI_0 @ 0x210400404
CHIP::SOUTHBRIDGE::AOP::AOP_PL301_MISC.ARCHANARBMI_0 @ 0x210400408
CHIP::SOUTHBRIDGE::AOP::AOP_PL301_MISC.AWCHANARBMI_0 @ 0x21040040c
CHIP::SOUTHBRIDGE::AOP::AOP_PL301_MISC.QOSTIDEMI_1 @ 0x210400420
CHIP::SOUTHBRIDGE::AOP::AOP_PL301_MISC.QOSACMI_1 @ 0x210400424
CHIP::SOUTHBRIDGE::AOP::AOP_PL301_MISC.ARCHANARBMI_1 @ 0x210400428
CHIP::SOUTHBRIDGE::AOP::AOP_PL301_MISC.AWCHANARBMI_1 @ 0x21040042c
CHIP::SOUTHBRIDGE::AOP::AOP_PL301_MISC.QOSTIDEMI_2 @ 0x210400440
CHIP::SOUTHBRIDGE::AOP::AOP_PL301_MISC.QOSACMI_2 @ 0x210400444
CHIP::SOUTHBRIDGE::AOP::AOP_PL301_MISC.ARCHANARBMI_2 @ 0x210400448
CHIP::SOUTHBRIDGE::AOP::AOP_PL301_MISC.AWCHANARBMI_2 @ 0x21040044c
CHIP::SOUTHBRIDGE::AOP::AOP_PL301_MISC.PCCONF0 @ 0x210400fc0
CHIP::SOUTHBRIDGE::AOP::AOP_PL301_MISC.PCCONF1 @ 0x210400fc4
CHIP::SOUTHBRIDGE::AOP::AOP_PL301_MISC.PCCONF2 @ 0x210400fc8
CHIP::SOUTHBRIDGE::AOP::AOP_PL301_MISC.PCCONF3 @ 0x210400fcc
CHIP::SOUTHBRIDGE::AOP::AOP_PL301_MISC.PCPERIPH0 @ 0x210400fe0
CHIP::SOUTHBRIDGE::AOP::AOP_PL301_MISC.PCPERIPH1 @ 0x210400fe4
CHIP::SOUTHBRIDGE::AOP::AOP_PL301_MISC.PCPERIPH2 @ 0x210400fe8
CHIP::SOUTHBRIDGE::AOP::AOP_PL301_MISC.PCPERIPH3 @ 0x210400fec
CHIP::SOUTHBRIDGE::AOP::AOP_PL301_MISC.PCID0 @ 0x210400ff0
CHIP::SOUTHBRIDGE::AOP::AOP_PL301_MISC.PCID1 @ 0x210400ff4
CHIP::SOUTHBRIDGE::AOP::AOP_PL301_MISC.PCID2 @ 0x210400ff8
CHIP::SOUTHBRIDGE::AOP::AOP_PL301_MISC.PCID3 @ 0x210400ffc
CHIP::SOUTHBRIDGE::AOP::AOP_PL301_CFG.QOSTIDEMI_0 @ 0x210404400
CHIP::SOUTHBRIDGE::AOP::AOP_PL301_CFG.QOSACMI_0 @ 0x210404404
CHIP::SOUTHBRIDGE::AOP::AOP_PL301_CFG.ARCHANARBMI_0 @ 0x210404408
CHIP::SOUTHBRIDGE::AOP::AOP_PL301_CFG.AWCHANARBMI_0 @ 0x21040440c
CHIP::SOUTHBRIDGE::AOP::AOP_PL301_CFG.QOSTIDEMI_1 @ 0x210404420
CHIP::SOUTHBRIDGE::AOP::AOP_PL301_CFG.QOSACMI_1 @ 0x210404424
CHIP::SOUTHBRIDGE::AOP::AOP_PL301_CFG.ARCHANARBMI_1 @ 0x210404428
CHIP::SOUTHBRIDGE::AOP::AOP_PL301_CFG.AWCHANARBMI_1 @ 0x21040442c
CHIP::SOUTHBRIDGE::AOP::AOP_PL301_CFG.QOSTIDEMI_2 @ 0x210404440
CHIP::SOUTHBRIDGE::AOP::AOP_PL301_CFG.QOSACMI_2 @ 0x210404444
CHIP::SOUTHBRIDGE::AOP::AOP_PL301_CFG.ARCHANARBMI_2 @ 0x210404448
CHIP::SOUTHBRIDGE::AOP::AOP_PL301_CFG.AWCHANARBMI_2 @ 0x21040444c
CHIP::SOUTHBRIDGE::AOP::AOP_PL301_CFG.PCCONF0 @ 0x210404fc0
CHIP::SOUTHBRIDGE::AOP::AOP_PL301_CFG.PCCONF1 @ 0x210404fc4
CHIP::SOUTHBRIDGE::AOP::AOP_PL301_CFG.PCCONF2 @ 0x210404fc8
CHIP::SOUTHBRIDGE::AOP::AOP_PL301_CFG.PCCONF3 @ 0x210404fcc
CHIP::SOUTHBRIDGE::AOP::AOP_PL301_CFG.PCPERIPH0 @ 0x210404fe0
CHIP::SOUTHBRIDGE::AOP::AOP_PL301_CFG.PCPERIPH1 @ 0x210404fe4
CHIP::SOUTHBRIDGE::AOP::AOP_PL301_CFG.PCPERIPH2 @ 0x210404fe8
CHIP::SOUTHBRIDGE::AOP::AOP_PL301_CFG.PCPERIPH3 @ 0x210404fec
CHIP::SOUTHBRIDGE::AOP::AOP_PL301_CFG.PCID0 @ 0x210404ff0
CHIP::SOUTHBRIDGE::AOP::AOP_PL301_CFG.PCID1 @ 0x210404ff4
CHIP::SOUTHBRIDGE::AOP::AOP_PL301_CFG.PCID2 @ 0x210404ff8
CHIP::SOUTHBRIDGE::AOP::AOP_PL301_CFG.PCID3 @ 0x210404ffc
CHIP::SOUTHBRIDGE::AOP::AOP_PL301_CPU.QOSTIDEMI_0 @ 0x210408400
CHIP::SOUTHBRIDGE::AOP::AOP_PL301_CPU.QOSACMI_0 @ 0x210408404
CHIP::SOUTHBRIDGE::AOP::AOP_PL301_CPU.ARCHANARBMI_0 @ 0x210408408
CHIP::SOUTHBRIDGE::AOP::AOP_PL301_CPU.AWCHANARBMI_0 @ 0x21040840c
CHIP::SOUTHBRIDGE::AOP::AOP_PL301_CPU.QOSTIDEMI_1 @ 0x210408420
CHIP::SOUTHBRIDGE::AOP::AOP_PL301_CPU.QOSACMI_1 @ 0x210408424
CHIP::SOUTHBRIDGE::AOP::AOP_PL301_CPU.ARCHANARBMI_1 @ 0x210408428
CHIP::SOUTHBRIDGE::AOP::AOP_PL301_CPU.AWCHANARBMI_1 @ 0x21040842c
CHIP::SOUTHBRIDGE::AOP::AOP_PL301_CPU.PCCONF0 @ 0x210408fc0
CHIP::SOUTHBRIDGE::AOP::AOP_PL301_CPU.PCCONF1 @ 0x210408fc4
CHIP::SOUTHBRIDGE::AOP::AOP_PL301_CPU.PCCONF2 @ 0x210408fc8
CHIP::SOUTHBRIDGE::AOP::AOP_PL301_CPU.PCCONF3 @ 0x210408fcc
CHIP::SOUTHBRIDGE::AOP::AOP_PL301_CPU.PCPERIPH0 @ 0x210408fe0
CHIP::SOUTHBRIDGE::AOP::AOP_PL301_CPU.PCPERIPH1 @ 0x210408fe4
CHIP::SOUTHBRIDGE::AOP::AOP_PL301_CPU.PCPERIPH2 @ 0x210408fe8
CHIP::SOUTHBRIDGE::AOP::AOP_PL301_CPU.PCPERIPH3 @ 0x210408fec
CHIP::SOUTHBRIDGE::AOP::AOP_PL301_CPU.PCID0 @ 0x210408ff0
CHIP::SOUTHBRIDGE::AOP::AOP_PL301_CPU.PCID1 @ 0x210408ff4
CHIP::SOUTHBRIDGE::AOP::AOP_PL301_CPU.PCID2 @ 0x210408ff8
CHIP::SOUTHBRIDGE::AOP::AOP_PL301_CPU.PCID3 @ 0x210408ffc
CHIP::SOUTHBRIDGE::AOP::AOP_DOWNSIZER.DNSZ_AXI_FN_MOD2 @ 0x21040c024
CHIP::SOUTHBRIDGE::AOP::AOP_PL301_SHIM.QOSTIDEMI_0 @ 0x210410400
CHIP::SOUTHBRIDGE::AOP::AOP_PL301_SHIM.QOSACMI_0 @ 0x210410404
CHIP::SOUTHBRIDGE::AOP::AOP_PL301_SHIM.ARCHANARBMI_0 @ 0x210410408
CHIP::SOUTHBRIDGE::AOP::AOP_PL301_SHIM.AWCHANARBMI_0 @ 0x21041040c
CHIP::SOUTHBRIDGE::AOP::AOP_PL301_SHIM.PCCONF0 @ 0x210410fc0
CHIP::SOUTHBRIDGE::AOP::AOP_PL301_SHIM.PCCONF1 @ 0x210410fc4
CHIP::SOUTHBRIDGE::AOP::AOP_PL301_SHIM.PCCONF2 @ 0x210410fc8
CHIP::SOUTHBRIDGE::AOP::AOP_PL301_SHIM.PCCONF3 @ 0x210410fcc
CHIP::SOUTHBRIDGE::AOP::AOP_PL301_SHIM.PCPERIPH0 @ 0x210410fe0
CHIP::SOUTHBRIDGE::AOP::AOP_PL301_SHIM.PCPERIPH1 @ 0x210410fe4
CHIP::SOUTHBRIDGE::AOP::AOP_PL301_SHIM.PCPERIPH2 @ 0x210410fe8
CHIP::SOUTHBRIDGE::AOP::AOP_PL301_SHIM.PCPERIPH3 @ 0x210410fec
CHIP::SOUTHBRIDGE::AOP::AOP_PL301_SHIM.PCID0 @ 0x210410ff0
CHIP::SOUTHBRIDGE::AOP::AOP_PL301_SHIM.PCID1 @ 0x210410ff4
CHIP::SOUTHBRIDGE::AOP::AOP_PL301_SHIM.PCID2 @ 0x210410ff8
CHIP::SOUTHBRIDGE::AOP::AOP_PL301_SHIM.PCID3 @ 0x210410ffc
CHIP::SOUTHBRIDGE::AOP::SOC_CFG_STATUS.SOC_CFG_ERROR @ 0x210480000
CHIP::SOUTHBRIDGE::AOP::SOC_CFG_STATUS.FSM_STATE @ 0x210480004
CHIP::SOUTHBRIDGE::AOP::SOC_CFG_STATUS.CURRENT_IN_FLIGHT_CNT @ 0x210480008
CHIP::SOUTHBRIDGE::AOP::SOC_CFG_STATUS.LAST_FETCH_RD_ADDR @ 0x21048000c
CHIP::SOUTHBRIDGE::AOP::SOC_CFG_STATUS.LAST_PROC_RD_ADDR @ 0x210480010
CHIP::SOUTHBRIDGE::AOP::SOC_CFG_STATUS.LAST_PROC_WR_ADDR @ 0x210480014
CHIP::SOUTHBRIDGE::AOP::SOC_CFG_STATUS.PROC_FIFO_WORD0 @ 0x210480018
CHIP::SOUTHBRIDGE::AOP::SOC_CFG_STATUS.PROC_FIFO_WORD1 @ 0x21048001c
CHIP::SOUTHBRIDGE::AOP::SOC_CFG_STATUS.PROC_FIFO_WORD2 @ 0x210480020
CHIP::SOUTHBRIDGE::AOP::SOC_CFG_STATUS.PROC_FIFO_WORD3 @ 0x210480024
CHIP::SOUTHBRIDGE::AOP::SOC_CFG_STATUS.PROC_FIFO_CUR_WORD_PTR @ 0x210480028
CHIP::SOUTHBRIDGE::AOP::AOP_AKF.AKFAPB_AKF_REV @ 0x210800000
CHIP::SOUTHBRIDGE::AOP::AOP_AKF.AKFAPB_AKF_CTRL @ 0x210800004
CHIP::SOUTHBRIDGE::AOP::AOP_AKF.AKFAPB_AKF_AXI_BASE @ 0x210800008
CHIP::SOUTHBRIDGE::AOP::AOP_AKF.AKFAPB_AKF_AXI_BASE_EXT @ 0x210800010
CHIP::SOUTHBRIDGE::AOP::AOP_AKF.AKFAPB_AKF_AXI_START @ 0x210800018
CHIP::SOUTHBRIDGE::AOP::AOP_AKF.AKFAPB_AKF_AXI_START_EXT @ 0x210800020
CHIP::SOUTHBRIDGE::AOP::AOP_AKF.AKFAPB_AKF_AXI_END @ 0x210800028
CHIP::SOUTHBRIDGE::AOP::AOP_AKF.AKFAPB_AKF_AXI_END_EXT @ 0x210800030
CHIP::SOUTHBRIDGE::AOP::AOP_AKF.AKFAPB_AKF_AXI_EN @ 0x210800038
CHIP::SOUTHBRIDGE::AOP::AOP_AKF.AKFAPB_AKF_IDLE_CTRL @ 0x210800040
CHIP::SOUTHBRIDGE::AOP::AOP_AKF.AKFAPB_AKF_CPU_CTRL @ 0x210800044
CHIP::SOUTHBRIDGE::AOP::AOP_AKF.AKFAPB_AKF_IDLE_STATUS @ 0x210800048
CHIP::SOUTHBRIDGE::AOP::AOP_AKF.AKFAPB_AKF_KIC_CAP0 @ 0x210800800
CHIP::SOUTHBRIDGE::AOP::AOP_AKF.AKFAPB_AKF_KIC_CAP1 @ 0x210800804
CHIP::SOUTHBRIDGE::AOP::AOP_AKF.AKFAPB_AKF_KIC_GLB_RESET @ 0x210800808
CHIP::SOUTHBRIDGE::AOP::AOP_AKF.AKFAPB_AKF_KIC_GLB_CFG @ 0x21080080c
CHIP::SOUTHBRIDGE::AOP::AOP_AKF.AKFAPB_AKF_KIC_IACK @ 0x21080081c
CHIP::SOUTHBRIDGE::AOP::AOP_AKF.AKFAPB_AKF_KIC_SW_GEN_SET @ 0x210800900
CHIP::SOUTHBRIDGE::AOP::AOP_AKF.AKFAPB_AKF_KIC_SW_GEN_CLR @ 0x210800980
CHIP::SOUTHBRIDGE::AOP::AOP_AKF.AKFAPB_AKF_KIC_INT_MSK_SET @ 0x210800a00
CHIP::SOUTHBRIDGE::AOP::AOP_AKF.AKFAPB_AKF_KIC_INT_MSK_CLR @ 0x210800a80
CHIP::SOUTHBRIDGE::AOP::AOP_AKF.AKFAPB_AKF_KIC_HWINTMON @ 0x210800b00
CHIP::SOUTHBRIDGE::AOP::AOP_AKF.AKFAPB_AKF_KIC_MAILBOX_SET @ 0x210800b80
CHIP::SOUTHBRIDGE::AOP::AOP_AKF.AKFAPB_AKF_KIC_MAILBOX_CLR @ 0x210800b84
CHIP::SOUTHBRIDGE::AOP::AOP_AKF.AKFAPB_AKF_KIC_INBOX_CTRL @ 0x210800b88
CHIP::SOUTHBRIDGE::AOP::AOP_AKF.AKFAPB_AKF_KIC_INBOX_WR_L @ 0x210800b90
CHIP::SOUTHBRIDGE::AOP::AOP_AKF.AKFAPB_AKF_KIC_INBOX_WR_H @ 0x210800b94
CHIP::SOUTHBRIDGE::AOP::AOP_AKF.AKFAPB_AKF_KIC_INBOX_RD_L @ 0x210800b98
CHIP::SOUTHBRIDGE::AOP::AOP_AKF.AKFAPB_AKF_KIC_INBOX_RD_H @ 0x210800b9c
CHIP::SOUTHBRIDGE::AOP::AOP_AKF.AKFAPB_AKF_KIC_OUTBOX_CTRL @ 0x210800ba0
CHIP::SOUTHBRIDGE::AOP::AOP_AKF.AKFAPB_AKF_KIC_OUTBOX_WR_L @ 0x210800bb0
CHIP::SOUTHBRIDGE::AOP::AOP_AKF.AKFAPB_AKF_KIC_OUTBOX_WR_H @ 0x210800bb4
CHIP::SOUTHBRIDGE::AOP::AOP_AKF.AKFAPB_AKF_KIC_OUTBOX_RD_L @ 0x210800bb8
CHIP::SOUTHBRIDGE::AOP::AOP_AKF.AKFAPB_AKF_KIC_OUTBOX_RD_H @ 0x210800bbc
CHIP::SOUTHBRIDGE::AOP::AOP_AKF.AKFAPB_AKF_KIC_MAILBOX_EXT_SET @ 0x210800c00
CHIP::SOUTHBRIDGE::AOP::AOP_AKF.AKFAPB_AKF_KIC_MAILBOX_EXT_CLR @ 0x210800c04
CHIP::SOUTHBRIDGE::AOP::AOP_AKF.AKFAPB_AKF_AP_MAILBOX_SET @ 0x210804000
CHIP::SOUTHBRIDGE::AOP::AOP_AKF.AKFAPB_AKF_AP_MAILBOX_CLR @ 0x210804004
CHIP::SOUTHBRIDGE::AOP::AOP_AKF.AKFAPB_AKF_AP_INBOX_CTRL @ 0x210804008
CHIP::SOUTHBRIDGE::AOP::AOP_AKF.AKFAPB_AKF_AP_INBOX_WR_L @ 0x210804010
CHIP::SOUTHBRIDGE::AOP::AOP_AKF.AKFAPB_AKF_AP_INBOX_WR_H @ 0x210804014
CHIP::SOUTHBRIDGE::AOP::AOP_AKF.AKFAPB_AKF_AP_INBOX_RD_L @ 0x210804018
CHIP::SOUTHBRIDGE::AOP::AOP_AKF.AKFAPB_AKF_AP_INBOX_RD_H @ 0x21080401c
CHIP::SOUTHBRIDGE::AOP::AOP_AKF.AKFAPB_AKF_AP_OUTBOX_CTRL @ 0x210804020
CHIP::SOUTHBRIDGE::AOP::AOP_AKF.AKFAPB_AKF_AP_OUTBOX_WR_L @ 0x210804030
CHIP::SOUTHBRIDGE::AOP::AOP_AKF.AKFAPB_AKF_AP_OUTBOX_WR_H @ 0x210804034
CHIP::SOUTHBRIDGE::AOP::AOP_AKF.AKFAPB_AKF_AP_OUTBOX_RD_L @ 0x210804038
CHIP::SOUTHBRIDGE::AOP::AOP_AKF.AKFAPB_AKF_AP_OUTBOX_RD_H @ 0x21080403c
CHIP::SOUTHBRIDGE::AOP::AOP_AKF.AKFAPB_AKF_AP_IDLE_STATUS @ 0x210804040
CHIP::SOUTHBRIDGE::AOP::AOP_AKF.AKFAPB_AKF_EXT_SW_GEN_SET @ 0x210808000
CHIP::SOUTHBRIDGE::AOP::AOP_AKF.AKFAPB_AKF_EXT_SW_GEN_CLR @ 0x210808080
CHIP::SOUTHBRIDGE::AOP::AOP_AKF.AKFN_AKF_KIC_TMR_CFG @ 0x21080c000
CHIP::SOUTHBRIDGE::AOP::AOP_AKF.AKFN_AKF_KIC_TMR_START @ 0x21080c008
CHIP::SOUTHBRIDGE::AOP::AOP_AKF.AKFN_AKF_KIC_TMR_CNT @ 0x21080c010
CHIP::SOUTHBRIDGE::AOP::AOP_AKF.AKFN_AKF_KIC_TMR_ISR @ 0x21080c018
CHIP::SOUTHBRIDGE::AOP::AOP_AKF.AKFN_AKF_KIC_TMR_STATE_SET @ 0x21080c020
CHIP::SOUTHBRIDGE::AOP::AOP_AKF.AKFN_AKF_KIC_TMR_STATE_CLR @ 0x21080c028
CHIP::SOUTHBRIDGE::AOP::AOP_AKF.AKFN_AKF_KIC_GLB_TIME_BASE_LO @ 0x21080c030
CHIP::SOUTHBRIDGE::AOP::AOP_AKF.AKFN_AKF_KIC_GLB_TIME_BASE_HI @ 0x21080c038
CHIP::SOUTHBRIDGE::AOP::AOP_AKF.AKFN_AKF_EVENT_TMR @ 0x21080c040
CHIP::SOUTHBRIDGE::AOP::AOP_AKF.AKFN_AKF_EVENT_PERIOD @ 0x21080c044
CHIP::SOUTHBRIDGE::AOP::AOP_AKF.AKFN_AKF_EVENT_CTL @ 0x21080c048
CHIP::SOUTHBRIDGE::AOP::AOP_AKF_DEBUG::AKF_CPU.DUMMY @ 0x210820000
CHIP::SOUTHBRIDGE::AOP::AOP_AKF_DEBUG::AKF_CTI[0].DUMMY @ 0x210824000
CHIP::SOUTHBRIDGE::AOP::AOP_AKF_DEBUG::AKF_CTI[1].DUMMY @ 0x210828000
CHIP::SOUTHBRIDGE::AOP::AOP_AKF_DEBUG::AKF_ETM.DUMMY @ 0x21082c000
CHIP::SOUTHBRIDGE::AOP::AOP_AKF_DEBUG::AKF_ETB.DUMMY @ 0x210830000
CHIP::SOUTHBRIDGE::AOP::AOP_MISC2.VERSION @ 0x210c00000
CHIP::SOUTHBRIDGE::AOP::AOP_MISC2.AXI_ERROR_STATUS @ 0x210c00004
CHIP::SOUTHBRIDGE::AOP::AOP_MISC2.AXIW_ERROR_LOG @ 0x210c00008
CHIP::SOUTHBRIDGE::AOP::AOP_MISC2.AXIR_ERROR_LOG @ 0x210c0000c
CHIP::SOUTHBRIDGE::AOP::AOP_MISC2.TX_DMA_REQ_MASK @ 0x210c01000
CHIP::SOUTHBRIDGE::AOP::AOP_MISC2.RX_DMA_REQ_MASK @ 0x210c01004
CHIP::SOUTHBRIDGE::AOP::AOP_MISC2.TX_DMA_REQ_MASK_SET @ 0x210c01008
CHIP::SOUTHBRIDGE::AOP::AOP_MISC2.RX_DMA_REQ_MASK_SET @ 0x210c0100c
CHIP::SOUTHBRIDGE::AOP::AOP_MISC2.TX_DMA_REQ_MASK_CLEAR @ 0x210c01010
CHIP::SOUTHBRIDGE::AOP::AOP_MISC2.RX_DMA_REQ_MASK_CLEAR @ 0x210c01014
CHIP::SOUTHBRIDGE::AOP::AOP_MISC2.TX_DMA_REQ_INT_MASKED @ 0x210c01018
CHIP::SOUTHBRIDGE::AOP::AOP_MISC2.RX_DMA_REQ_INT_MASKED @ 0x210c0101c
CHIP::SOUTHBRIDGE::AOP::AOP_MISC2.TX_DMA_REQ_INT_RAW @ 0x210c01020
CHIP::SOUTHBRIDGE::AOP::AOP_MISC2.RX_DMA_REQ_INT_RAW @ 0x210c01024
CHIP::SOUTHBRIDGE::AOP::AOP_MISC2.TX_DMA_UNAVAILABLE_MASK @ 0x210c01040
CHIP::SOUTHBRIDGE::AOP::AOP_MISC2.RX_DMA_UNAVAILABLE_MASK @ 0x210c01044
CHIP::SOUTHBRIDGE::AOP::AOP_MISC2.TX_DMA_UNAVAILABLE_MASK_SET @ 0x210c01048
CHIP::SOUTHBRIDGE::AOP::AOP_MISC2.RX_DMA_UNAVAILABLE_MASK_SET @ 0x210c0104c
CHIP::SOUTHBRIDGE::AOP::AOP_MISC2.TX_DMA_UNAVAILABLE_MASK_CLEAR @ 0x210c01050
CHIP::SOUTHBRIDGE::AOP::AOP_MISC2.RX_DMA_UNAVAILABLE_MASK_CLEAR @ 0x210c01054
CHIP::SOUTHBRIDGE::AOP::AOP_MISC2.TX_DMA_UNAVAILABLE_INT_MASKED @ 0x210c01058
CHIP::SOUTHBRIDGE::AOP::AOP_MISC2.RX_DMA_UNAVAILABLE_INT_MASKED @ 0x210c0105c
CHIP::SOUTHBRIDGE::AOP::AOP_MISC2.TX_DMA_UNAVAILABLE_INT_RAW @ 0x210c01060
CHIP::SOUTHBRIDGE::AOP::AOP_MISC2.RX_DMA_UNAVAILABLE_INT_RAW @ 0x210c01064
CHIP::SOUTHBRIDGE::AOP::AOP_MISC2.TX_DMA_TIMEOUT_MASK @ 0x210c01080
CHIP::SOUTHBRIDGE::AOP::AOP_MISC2.RX_DMA_TIMEOUT_MASK @ 0x210c01084
CHIP::SOUTHBRIDGE::AOP::AOP_MISC2.TX_DMA_TIMEOUT_MASK_SET @ 0x210c01088
CHIP::SOUTHBRIDGE::AOP::AOP_MISC2.RX_DMA_TIMEOUT_MASK_SET @ 0x210c0108c
CHIP::SOUTHBRIDGE::AOP::AOP_MISC2.TX_DMA_TIMEOUT_MASK_CLEAR @ 0x210c01090
CHIP::SOUTHBRIDGE::AOP::AOP_MISC2.RX_DMA_TIMEOUT_MASK_CLEAR @ 0x210c01094
CHIP::SOUTHBRIDGE::AOP::AOP_MISC2.TX_DMA_TIMEOUT_INT_MASKED @ 0x210c01098
CHIP::SOUTHBRIDGE::AOP::AOP_MISC2.RX_DMA_TIMEOUT_INT_MASKED @ 0x210c0109c
CHIP::SOUTHBRIDGE::AOP::AOP_MISC2.TX_DMA_TIMEOUT_INT_RAW @ 0x210c010a0
CHIP::SOUTHBRIDGE::AOP::AOP_MISC2.RX_DMA_TIMEOUT_INT_RAW @ 0x210c010a4
CHIP::SOUTHBRIDGE::AOP::AOP_MISC2.MCLK_CONTROL @ 0x210c02000
CHIP::SOUTHBRIDGE::AOP::AOP_MCA_WRAP::MCA.VERSION @ 0x210ca0000
CHIP::SOUTHBRIDGE::AOP::AOP_MCA_WRAP::MCA.FIFOSIZE @ 0x210ca0004
CHIP::SOUTHBRIDGE::AOP::AOP_MCA_WRAP::MCA.FIFOSHIFT @ 0x210ca0008
CHIP::SOUTHBRIDGE::AOP::AOP_MCA_WRAP::MCA.FIFOCTL @ 0x210ca000c
CHIP::SOUTHBRIDGE::AOP::AOP_MCA_WRAP::MCA.CFG @ 0x210ca0010
CHIP::SOUTHBRIDGE::AOP::AOP_MCA_WRAP::MCA.IDLE @ 0x210ca0014
CHIP::SOUTHBRIDGE::AOP::AOP_MCA_WRAP::MCA.STATUS @ 0x210ca0018
CHIP::SOUTHBRIDGE::AOP::AOP_MCA_WRAP::MCA.IRQ_STATUS @ 0x210ca001c
CHIP::SOUTHBRIDGE::AOP::AOP_MCA_WRAP::MCA.IRQ_MASK @ 0x210ca0020
CHIP::SOUTHBRIDGE::AOP::AOP_MCA_WRAP::MCA.SW_RESET @ 0x210ca0024
CHIP::SOUTHBRIDGE::AOP::AOP_MCA_WRAP::MCA.BCLK_CNT @ 0x210ca0028
CHIP::SOUTHBRIDGE::AOP::AOP_MCA_WRAP::MCA.TIMING_VAL_CTL @ 0x210ca002c
CHIP::SOUTHBRIDGE::AOP::AOP_MCA_WRAP::MCA.TIMING_VAL_NO_BCLK_ACTIVITY @ 0x210ca0030
CHIP::SOUTHBRIDGE::AOP::AOP_MCA_WRAP::MCA.TIMING_VAL_NO_FSYNC_ACTIVITY @ 0x210ca0034
CHIP::SOUTHBRIDGE::AOP::AOP_MCA_WRAP::MCA.TIMING_VAL_SHORT_FSYNC @ 0x210ca0038
CHIP::SOUTHBRIDGE::AOP::AOP_MCA_WRAP::MCA.SAMPLE_RATE_MEAS_CTL @ 0x210ca003c
CHIP::SOUTHBRIDGE::AOP::AOP_MCA_WRAP::MCA.SAMPLE_RATE_MEAS_MCLK @ 0x210ca0040
CHIP::SOUTHBRIDGE::AOP::AOP_MCA_WRAP::MCA.SAMPLE_RATE_MEAS_FSYNC @ 0x210ca0044
CHIP::SOUTHBRIDGE::AOP::AOP_MCA_WRAP::MCA.TXCFG @ 0x210ca0060
CHIP::SOUTHBRIDGE::AOP::AOP_MCA_WRAP::MCA.TXFIFOCFG @ 0x210ca0064
CHIP::SOUTHBRIDGE::AOP::AOP_MCA_WRAP::MCA.TXMASK_LSB @ 0x210ca0068
CHIP::SOUTHBRIDGE::AOP::AOP_MCA_WRAP::MCA.TXMASK_MSB @ 0x210ca006c
CHIP::SOUTHBRIDGE::AOP::AOP_MCA_WRAP::MCA.TXDATA @ 0x210ca0070
CHIP::SOUTHBRIDGE::AOP::AOP_MCA_WRAP::MCA.RXCFG @ 0x210ca0080
CHIP::SOUTHBRIDGE::AOP::AOP_MCA_WRAP::MCA.RXFIFOCFG @ 0x210ca0084
CHIP::SOUTHBRIDGE::AOP::AOP_MCA_WRAP::MCA.RXMASK_LSB @ 0x210ca0088
CHIP::SOUTHBRIDGE::AOP::AOP_MCA_WRAP::MCA.RXMASK_MSB @ 0x210ca008c
CHIP::SOUTHBRIDGE::AOP::AOP_MCA_WRAP::MCA.RXDATA @ 0x210ca0090
CHIP::SOUTHBRIDGE::AOP::AOP_MCA_WRAP::AOP_MCA_TX_CFG.DEV_XFER @ 0x210ca1000
CHIP::SOUTHBRIDGE::AOP::AOP_MCA_WRAP::AOP_MCA_TX_CFG.DMA_TIMEOUT @ 0x210ca1004
CHIP::SOUTHBRIDGE::AOP::AOP_MCA_WRAP::AOP_MCA_TX_CFG.SHIM_FIFO_ALLOCATION @ 0x210ca1008
CHIP::SOUTHBRIDGE::AOP::AOP_MCA_WRAP::AOP_MCA_TX_CFG.SHIM_FIFO_TRIGGER @ 0x210ca100c
CHIP::SOUTHBRIDGE::AOP::AOP_MCA_WRAP::AOP_MCA_TX_CFG.CHANNEL_RESET_N @ 0x210ca1010
CHIP::SOUTHBRIDGE::AOP::AOP_MCA_WRAP::AOP_MCA_TX_CFG.CHANNEL_ENABLE @ 0x210ca1014
CHIP::SOUTHBRIDGE::AOP::AOP_MCA_WRAP::AOP_MCA_TX_CFG.SHIM_FIFO_PTRS @ 0x210ca1018
CHIP::SOUTHBRIDGE::AOP::AOP_MCA_WRAP::AOP_MCA_TX_CFG.SHIM_FIFO_COUNT @ 0x210ca101c
CHIP::SOUTHBRIDGE::AOP::AOP_MCA_WRAP::AOP_MCA_RX_CFG.DEV_XFER @ 0x210ca1800
CHIP::SOUTHBRIDGE::AOP::AOP_MCA_WRAP::AOP_MCA_RX_CFG.DMA_TIMEOUT @ 0x210ca1804
CHIP::SOUTHBRIDGE::AOP::AOP_MCA_WRAP::AOP_MCA_RX_CFG.SHIM_FIFO_ALLOCATION @ 0x210ca1808
CHIP::SOUTHBRIDGE::AOP::AOP_MCA_WRAP::AOP_MCA_RX_CFG.SHIM_FIFO_TRIGGER @ 0x210ca180c
CHIP::SOUTHBRIDGE::AOP::AOP_MCA_WRAP::AOP_MCA_RX_CFG.CHANNEL_RESET_N @ 0x210ca1810
CHIP::SOUTHBRIDGE::AOP::AOP_MCA_WRAP::AOP_MCA_RX_CFG.CHANNEL_ENABLE @ 0x210ca1814
CHIP::SOUTHBRIDGE::AOP::AOP_MCA_WRAP::AOP_MCA_RX_CFG.SHIM_FIFO_PTRS @ 0x210ca1818
CHIP::SOUTHBRIDGE::AOP::AOP_MCA_WRAP::AOP_MCA_RX_CFG.SHIM_FIFO_COUNT @ 0x210ca181c
CHIP::SOUTHBRIDGE::AOP::AOP_MCA_WRAP::AOP_MCA_TX_FIFO.FIFO @ 0x210ca2000
CHIP::SOUTHBRIDGE::AOP::AOP_MCA_WRAP::AOP_MCA_RX_FIFO.FIFO @ 0x210ca3000
CHIP::SOUTHBRIDGE::AOP::AOP_UART_WRAP[0]::UART.ULCON @ 0x210cc0000
CHIP::SOUTHBRIDGE::AOP::AOP_UART_WRAP[0]::UART.UCON @ 0x210cc0004
CHIP::SOUTHBRIDGE::AOP::AOP_UART_WRAP[0]::UART.UFCON @ 0x210cc0008
CHIP::SOUTHBRIDGE::AOP::AOP_UART_WRAP[0]::UART.UMCON @ 0x210cc000c
CHIP::SOUTHBRIDGE::AOP::AOP_UART_WRAP[0]::UART.UTRSTAT @ 0x210cc0010
CHIP::SOUTHBRIDGE::AOP::AOP_UART_WRAP[0]::UART.UERSTAT @ 0x210cc0014
CHIP::SOUTHBRIDGE::AOP::AOP_UART_WRAP[0]::UART.UFSTAT @ 0x210cc0018
CHIP::SOUTHBRIDGE::AOP::AOP_UART_WRAP[0]::UART.UMSTAT @ 0x210cc001c
CHIP::SOUTHBRIDGE::AOP::AOP_UART_WRAP[0]::UART.UTXH @ 0x210cc0020
CHIP::SOUTHBRIDGE::AOP::AOP_UART_WRAP[0]::UART.URXH @ 0x210cc0024
CHIP::SOUTHBRIDGE::AOP::AOP_UART_WRAP[0]::UART.UBRDIV @ 0x210cc0028
CHIP::SOUTHBRIDGE::AOP::AOP_UART_WRAP[0]::UART.UABRCNT @ 0x210cc002c
CHIP::SOUTHBRIDGE::AOP::AOP_UART_WRAP[0]::UART.UTXOFFSET @ 0x210cc0034
CHIP::SOUTHBRIDGE::AOP::AOP_UART_WRAP[0]::UART.URXOFFSET @ 0x210cc0038
CHIP::SOUTHBRIDGE::AOP::AOP_UART_WRAP[0]::UART.UVER @ 0x210cc003c
CHIP::SOUTHBRIDGE::AOP::AOP_UART_WRAP[0]::AOP_UART_TX_CFG.DEV_XFER @ 0x210cc1000
CHIP::SOUTHBRIDGE::AOP::AOP_UART_WRAP[0]::AOP_UART_TX_CFG.DMA_TIMEOUT @ 0x210cc1004
CHIP::SOUTHBRIDGE::AOP::AOP_UART_WRAP[0]::AOP_UART_TX_CFG.SHIM_FIFO_ALLOCATION @ 0x210cc1008
CHIP::SOUTHBRIDGE::AOP::AOP_UART_WRAP[0]::AOP_UART_TX_CFG.SHIM_FIFO_TRIGGER @ 0x210cc100c
CHIP::SOUTHBRIDGE::AOP::AOP_UART_WRAP[0]::AOP_UART_TX_CFG.CHANNEL_RESET_N @ 0x210cc1010
CHIP::SOUTHBRIDGE::AOP::AOP_UART_WRAP[0]::AOP_UART_TX_CFG.CHANNEL_ENABLE @ 0x210cc1014
CHIP::SOUTHBRIDGE::AOP::AOP_UART_WRAP[0]::AOP_UART_TX_CFG.SHIM_FIFO_PTRS @ 0x210cc1018
CHIP::SOUTHBRIDGE::AOP::AOP_UART_WRAP[0]::AOP_UART_TX_CFG.SHIM_FIFO_COUNT @ 0x210cc101c
CHIP::SOUTHBRIDGE::AOP::AOP_UART_WRAP[0]::AOP_UART_RX_CFG.DEV_XFER @ 0x210cc1800
CHIP::SOUTHBRIDGE::AOP::AOP_UART_WRAP[0]::AOP_UART_RX_CFG.DMA_TIMEOUT @ 0x210cc1804
CHIP::SOUTHBRIDGE::AOP::AOP_UART_WRAP[0]::AOP_UART_RX_CFG.SHIM_FIFO_ALLOCATION @ 0x210cc1808
CHIP::SOUTHBRIDGE::AOP::AOP_UART_WRAP[0]::AOP_UART_RX_CFG.SHIM_FIFO_TRIGGER @ 0x210cc180c
CHIP::SOUTHBRIDGE::AOP::AOP_UART_WRAP[0]::AOP_UART_RX_CFG.CHANNEL_RESET_N @ 0x210cc1810
CHIP::SOUTHBRIDGE::AOP::AOP_UART_WRAP[0]::AOP_UART_RX_CFG.CHANNEL_ENABLE @ 0x210cc1814
CHIP::SOUTHBRIDGE::AOP::AOP_UART_WRAP[0]::AOP_UART_RX_CFG.SHIM_FIFO_PTRS @ 0x210cc1818
CHIP::SOUTHBRIDGE::AOP::AOP_UART_WRAP[0]::AOP_UART_RX_CFG.SHIM_FIFO_COUNT @ 0x210cc181c
CHIP::SOUTHBRIDGE::AOP::AOP_UART_WRAP[0]::AOP_UART_TX_FIFO.FIFO @ 0x210cc2000
CHIP::SOUTHBRIDGE::AOP::AOP_UART_WRAP[0]::AOP_UART_RX_FIFO.FIFO @ 0x210cc3000
CHIP::SOUTHBRIDGE::AOP::AOP_UART_WRAP[1]::UART.ULCON @ 0x210cc4000
CHIP::SOUTHBRIDGE::AOP::AOP_UART_WRAP[1]::UART.UCON @ 0x210cc4004
CHIP::SOUTHBRIDGE::AOP::AOP_UART_WRAP[1]::UART.UFCON @ 0x210cc4008
CHIP::SOUTHBRIDGE::AOP::AOP_UART_WRAP[1]::UART.UMCON @ 0x210cc400c
CHIP::SOUTHBRIDGE::AOP::AOP_UART_WRAP[1]::UART.UTRSTAT @ 0x210cc4010
CHIP::SOUTHBRIDGE::AOP::AOP_UART_WRAP[1]::UART.UERSTAT @ 0x210cc4014
CHIP::SOUTHBRIDGE::AOP::AOP_UART_WRAP[1]::UART.UFSTAT @ 0x210cc4018
CHIP::SOUTHBRIDGE::AOP::AOP_UART_WRAP[1]::UART.UMSTAT @ 0x210cc401c
CHIP::SOUTHBRIDGE::AOP::AOP_UART_WRAP[1]::UART.UTXH @ 0x210cc4020
CHIP::SOUTHBRIDGE::AOP::AOP_UART_WRAP[1]::UART.URXH @ 0x210cc4024
CHIP::SOUTHBRIDGE::AOP::AOP_UART_WRAP[1]::UART.UBRDIV @ 0x210cc4028
CHIP::SOUTHBRIDGE::AOP::AOP_UART_WRAP[1]::UART.UABRCNT @ 0x210cc402c
CHIP::SOUTHBRIDGE::AOP::AOP_UART_WRAP[1]::UART.UTXOFFSET @ 0x210cc4034
CHIP::SOUTHBRIDGE::AOP::AOP_UART_WRAP[1]::UART.URXOFFSET @ 0x210cc4038
CHIP::SOUTHBRIDGE::AOP::AOP_UART_WRAP[1]::UART.UVER @ 0x210cc403c
CHIP::SOUTHBRIDGE::AOP::AOP_UART_WRAP[1]::AOP_UART_TX_CFG.DEV_XFER @ 0x210cc5000
CHIP::SOUTHBRIDGE::AOP::AOP_UART_WRAP[1]::AOP_UART_TX_CFG.DMA_TIMEOUT @ 0x210cc5004
CHIP::SOUTHBRIDGE::AOP::AOP_UART_WRAP[1]::AOP_UART_TX_CFG.SHIM_FIFO_ALLOCATION @ 0x210cc5008
CHIP::SOUTHBRIDGE::AOP::AOP_UART_WRAP[1]::AOP_UART_TX_CFG.SHIM_FIFO_TRIGGER @ 0x210cc500c
CHIP::SOUTHBRIDGE::AOP::AOP_UART_WRAP[1]::AOP_UART_TX_CFG.CHANNEL_RESET_N @ 0x210cc5010
CHIP::SOUTHBRIDGE::AOP::AOP_UART_WRAP[1]::AOP_UART_TX_CFG.CHANNEL_ENABLE @ 0x210cc5014
CHIP::SOUTHBRIDGE::AOP::AOP_UART_WRAP[1]::AOP_UART_TX_CFG.SHIM_FIFO_PTRS @ 0x210cc5018
CHIP::SOUTHBRIDGE::AOP::AOP_UART_WRAP[1]::AOP_UART_TX_CFG.SHIM_FIFO_COUNT @ 0x210cc501c
CHIP::SOUTHBRIDGE::AOP::AOP_UART_WRAP[1]::AOP_UART_RX_CFG.DEV_XFER @ 0x210cc5800
CHIP::SOUTHBRIDGE::AOP::AOP_UART_WRAP[1]::AOP_UART_RX_CFG.DMA_TIMEOUT @ 0x210cc5804
CHIP::SOUTHBRIDGE::AOP::AOP_UART_WRAP[1]::AOP_UART_RX_CFG.SHIM_FIFO_ALLOCATION @ 0x210cc5808
CHIP::SOUTHBRIDGE::AOP::AOP_UART_WRAP[1]::AOP_UART_RX_CFG.SHIM_FIFO_TRIGGER @ 0x210cc580c
CHIP::SOUTHBRIDGE::AOP::AOP_UART_WRAP[1]::AOP_UART_RX_CFG.CHANNEL_RESET_N @ 0x210cc5810
CHIP::SOUTHBRIDGE::AOP::AOP_UART_WRAP[1]::AOP_UART_RX_CFG.CHANNEL_ENABLE @ 0x210cc5814
CHIP::SOUTHBRIDGE::AOP::AOP_UART_WRAP[1]::AOP_UART_RX_CFG.SHIM_FIFO_PTRS @ 0x210cc5818
CHIP::SOUTHBRIDGE::AOP::AOP_UART_WRAP[1]::AOP_UART_RX_CFG.SHIM_FIFO_COUNT @ 0x210cc581c
CHIP::SOUTHBRIDGE::AOP::AOP_UART_WRAP[1]::AOP_UART_TX_FIFO.FIFO @ 0x210cc6000
CHIP::SOUTHBRIDGE::AOP::AOP_UART_WRAP[1]::AOP_UART_RX_FIFO.FIFO @ 0x210cc7000
CHIP::SOUTHBRIDGE::AOP::AOP_UART_WRAP[2]::UART.ULCON @ 0x210cc8000
CHIP::SOUTHBRIDGE::AOP::AOP_UART_WRAP[2]::UART.UCON @ 0x210cc8004
CHIP::SOUTHBRIDGE::AOP::AOP_UART_WRAP[2]::UART.UFCON @ 0x210cc8008
CHIP::SOUTHBRIDGE::AOP::AOP_UART_WRAP[2]::UART.UMCON @ 0x210cc800c
CHIP::SOUTHBRIDGE::AOP::AOP_UART_WRAP[2]::UART.UTRSTAT @ 0x210cc8010
CHIP::SOUTHBRIDGE::AOP::AOP_UART_WRAP[2]::UART.UERSTAT @ 0x210cc8014
CHIP::SOUTHBRIDGE::AOP::AOP_UART_WRAP[2]::UART.UFSTAT @ 0x210cc8018
CHIP::SOUTHBRIDGE::AOP::AOP_UART_WRAP[2]::UART.UMSTAT @ 0x210cc801c
CHIP::SOUTHBRIDGE::AOP::AOP_UART_WRAP[2]::UART.UTXH @ 0x210cc8020
CHIP::SOUTHBRIDGE::AOP::AOP_UART_WRAP[2]::UART.URXH @ 0x210cc8024
CHIP::SOUTHBRIDGE::AOP::AOP_UART_WRAP[2]::UART.UBRDIV @ 0x210cc8028
CHIP::SOUTHBRIDGE::AOP::AOP_UART_WRAP[2]::UART.UABRCNT @ 0x210cc802c
CHIP::SOUTHBRIDGE::AOP::AOP_UART_WRAP[2]::UART.UTXOFFSET @ 0x210cc8034
CHIP::SOUTHBRIDGE::AOP::AOP_UART_WRAP[2]::UART.URXOFFSET @ 0x210cc8038
CHIP::SOUTHBRIDGE::AOP::AOP_UART_WRAP[2]::UART.UVER @ 0x210cc803c
CHIP::SOUTHBRIDGE::AOP::AOP_UART_WRAP[2]::AOP_UART_TX_CFG.DEV_XFER @ 0x210cc9000
CHIP::SOUTHBRIDGE::AOP::AOP_UART_WRAP[2]::AOP_UART_TX_CFG.DMA_TIMEOUT @ 0x210cc9004
CHIP::SOUTHBRIDGE::AOP::AOP_UART_WRAP[2]::AOP_UART_TX_CFG.SHIM_FIFO_ALLOCATION @ 0x210cc9008
CHIP::SOUTHBRIDGE::AOP::AOP_UART_WRAP[2]::AOP_UART_TX_CFG.SHIM_FIFO_TRIGGER @ 0x210cc900c
CHIP::SOUTHBRIDGE::AOP::AOP_UART_WRAP[2]::AOP_UART_TX_CFG.CHANNEL_RESET_N @ 0x210cc9010
CHIP::SOUTHBRIDGE::AOP::AOP_UART_WRAP[2]::AOP_UART_TX_CFG.CHANNEL_ENABLE @ 0x210cc9014
CHIP::SOUTHBRIDGE::AOP::AOP_UART_WRAP[2]::AOP_UART_TX_CFG.SHIM_FIFO_PTRS @ 0x210cc9018
CHIP::SOUTHBRIDGE::AOP::AOP_UART_WRAP[2]::AOP_UART_TX_CFG.SHIM_FIFO_COUNT @ 0x210cc901c
CHIP::SOUTHBRIDGE::AOP::AOP_UART_WRAP[2]::AOP_UART_RX_CFG.DEV_XFER @ 0x210cc9800
CHIP::SOUTHBRIDGE::AOP::AOP_UART_WRAP[2]::AOP_UART_RX_CFG.DMA_TIMEOUT @ 0x210cc9804
CHIP::SOUTHBRIDGE::AOP::AOP_UART_WRAP[2]::AOP_UART_RX_CFG.SHIM_FIFO_ALLOCATION @ 0x210cc9808
CHIP::SOUTHBRIDGE::AOP::AOP_UART_WRAP[2]::AOP_UART_RX_CFG.SHIM_FIFO_TRIGGER @ 0x210cc980c
CHIP::SOUTHBRIDGE::AOP::AOP_UART_WRAP[2]::AOP_UART_RX_CFG.CHANNEL_RESET_N @ 0x210cc9810
CHIP::SOUTHBRIDGE::AOP::AOP_UART_WRAP[2]::AOP_UART_RX_CFG.CHANNEL_ENABLE @ 0x210cc9814
CHIP::SOUTHBRIDGE::AOP::AOP_UART_WRAP[2]::AOP_UART_RX_CFG.SHIM_FIFO_PTRS @ 0x210cc9818
CHIP::SOUTHBRIDGE::AOP::AOP_UART_WRAP[2]::AOP_UART_RX_CFG.SHIM_FIFO_COUNT @ 0x210cc981c
CHIP::SOUTHBRIDGE::AOP::AOP_UART_WRAP[2]::AOP_UART_TX_FIFO.FIFO @ 0x210cca000
CHIP::SOUTHBRIDGE::AOP::AOP_UART_WRAP[2]::AOP_UART_RX_FIFO.FIFO @ 0x210ccb000
CHIP::SOUTHBRIDGE::AOP::AOP_SRAM.AOP_SRAM_CORE_SRAM @ 0x210e00000
CHIP::SOUTHBRIDGE::AOP::AOP_SRAM.AOP_SRAM_FILL_RAZWI0 @ 0x210f00000
CHIP::SOUTHBRIDGE::AOP::AOP_SRAM.AOP_SRAM_FILL_RAZWI1 @ 0x210fffffc
CHIP::PCIE::APCIE_COMMON.VERSION @ 0x600000000
CHIP::PCIE::APCIE_COMMON.APCIE_LANE_CFG @ 0x600000004
CHIP::PCIE::APCIE_COMMON.FABRIC_TLIMITS @ 0x600000008
CHIP::PCIE::APCIE_COMMON.LLT_RATE_LIMITER_CTRL @ 0x60000000c
CHIP::PCIE::APCIE_COMMON.COMMON_PRIORITY @ 0x600000010
CHIP::PCIE::APCIE_COMMON.APCIE_NANDSYSCLK_CTRL @ 0x600000014
CHIP::PCIE::APCIE_COMMON.APCIE_NANDSYSCLK_TIMING @ 0x600000018
CHIP::PCIE::APCIE_COMMON.APCIE_NAND_LTR_THRESH @ 0x60000001c
CHIP::PCIE::APCIE_COMMON.APCIE_NAND_LTR_LATENCY @ 0x600000020
CHIP::PCIE::APCIE_COMMON.APCIE_NANDRST_CTRL @ 0x600000024
CHIP::PCIE::APCIE_COMMON.APCIE_PHY_POWERUP_CTRL @ 0x600000028
CHIP::PCIE::APCIE_COMMON.APCIE_PHY_POWERUP_STS @ 0x60000002c
CHIP::PCIE::APCIE_COMMON.APCIE_REFCLKBUF_TIMING @ 0x600000030
CHIP::PCIE::APCIE_COMMON.APCIE_PHY_RST_CTRL @ 0x600000034
CHIP::PCIE::APCIE_COMMON.APCIE_PHY_CONFIG_RST_CTRL @ 0x600000038
CHIP::PCIE::APCIE_COMMON.APCIE_PHY_POWERUP_DBG @ 0x60000003c
CHIP::PCIE::APCIE_COMMON.REQ_ERROR_CODE @ 0x600000040
CHIP::PCIE::APCIE_COMMON.APCIE_PORT_CTRL_0 @ 0x600000100
CHIP::PCIE::APCIE_COMMON.APCIE_NVME_CTRL_0 @ 0x600000104
CHIP::PCIE::APCIE_COMMON.NVME_PRIORITY @ 0x600000108
CHIP::PCIE::APCIE_COMMON.NVME_RATE_LIMITER_CTRL_0 @ 0x60000010c
CHIP::PCIE::APCIE_COMMON.APCIE_PORT_SQUELCH_CTRL_0 @ 0x600000110
CHIP::PCIE::APCIE_COMMON.APCIE_PORT_REFCLK_CTRL_0 @ 0x600000114
CHIP::PCIE::APCIE_COMMON.APCIE_PORT_OVERRIDE_CTRL_0 @ 0x600000118
CHIP::PCIE::APCIE_COMMON.APCIE_PORT_CLKREQ_CTRL_0 @ 0x60000011c
CHIP::PCIE::APCIE_COMMON.APCIE_PORT_ACG_IDLE_CTRL_0 @ 0x600000120
CHIP::PCIE::APCIE_COMMON.APCIE_PORT_RST_CTRL_0 @ 0x600000124
CHIP::PCIE::APCIE_COMMON.APCIE_PIPE_OVERRIDE_VAL_0 @ 0x600000128
CHIP::PCIE::APCIE_COMMON.APCIE_PHY_CAL_STS_0 @ 0x60000012c
CHIP::PCIE::APCIE_COMMON.PORT_PRIORITY_0 @ 0x600000130
CHIP::PCIE::APCIE_COMMON.PORT_RATE_LIMITER_CTRL_0 @ 0x600000134
CHIP::PCIE::APCIE_COMMON.APCIE_PORT_CTRL_1 @ 0x600000180
CHIP::PCIE::APCIE_COMMON.APCIE_PORT_SQUELCH_CTRL_1 @ 0x600000190
CHIP::PCIE::APCIE_COMMON.APCIE_PORT_REFCLK_CTRL_1 @ 0x600000194
CHIP::PCIE::APCIE_COMMON.APCIE_PORT_OVERRIDE_CTRL_1 @ 0x600000198
CHIP::PCIE::APCIE_COMMON.APCIE_PORT_CLKREQ_CTRL_1 @ 0x60000019c
CHIP::PCIE::APCIE_COMMON.APCIE_PORT_ACG_IDLE_CTRL_1 @ 0x6000001a0
CHIP::PCIE::APCIE_COMMON.APCIE_PORT_RST_CTRL_1 @ 0x6000001a4
CHIP::PCIE::APCIE_COMMON.APCIE_PIPE_OVERRIDE_VAL_1 @ 0x6000001a8
CHIP::PCIE::APCIE_COMMON.APCIE_PHY_CAL_STS_1 @ 0x6000001ac
CHIP::PCIE::APCIE_COMMON.PORT_PRIORITY_1 @ 0x6000001b0
CHIP::PCIE::APCIE_COMMON.PORT_RATE_LIMITER_CTRL_1 @ 0x6000001b4
CHIP::PCIE::APCIE_COMMON.APCIE_PORT_CTRL_2 @ 0x600000200
CHIP::PCIE::APCIE_COMMON.APCIE_PORT_SQUELCH_CTRL_2 @ 0x600000210
CHIP::PCIE::APCIE_COMMON.APCIE_PORT_REFCLK_CTRL_2 @ 0x600000214
CHIP::PCIE::APCIE_COMMON.APCIE_PORT_OVERRIDE_CTRL_2 @ 0x600000218
CHIP::PCIE::APCIE_COMMON.APCIE_PORT_CLKREQ_CTRL_2 @ 0x60000021c
CHIP::PCIE::APCIE_COMMON.APCIE_PORT_ACG_IDLE_CTRL_2 @ 0x600000220
CHIP::PCIE::APCIE_COMMON.APCIE_PORT_RST_CTRL_2 @ 0x600000224
CHIP::PCIE::APCIE_COMMON.APCIE_PIPE_OVERRIDE_VAL_2 @ 0x600000228
CHIP::PCIE::APCIE_COMMON.APCIE_PHY_CAL_STS_2 @ 0x60000022c
CHIP::PCIE::APCIE_COMMON.PORT_PRIORITY_2 @ 0x600000230
CHIP::PCIE::APCIE_COMMON.PORT_RATE_LIMITER_CTRL_2 @ 0x600000234
CHIP::PCIE::APCIE_COMMON.APCIE_PORT_CTRL_3 @ 0x600000280
CHIP::PCIE::APCIE_COMMON.APCIE_PORT_SQUELCH_CTRL_3 @ 0x600000290
CHIP::PCIE::APCIE_COMMON.APCIE_PORT_REFCLK_CTRL_3 @ 0x600000294
CHIP::PCIE::APCIE_COMMON.APCIE_PORT_OVERRIDE_CTRL_3 @ 0x600000298
CHIP::PCIE::APCIE_COMMON.APCIE_PORT_CLKREQ_CTRL_3 @ 0x60000029c
CHIP::PCIE::APCIE_COMMON.APCIE_PORT_ACG_IDLE_CTRL_3 @ 0x6000002a0
CHIP::PCIE::APCIE_COMMON.APCIE_PORT_RST_CTRL_3 @ 0x6000002a4
CHIP::PCIE::APCIE_COMMON.APCIE_PIPE_OVERRIDE_VAL_3 @ 0x6000002a8
CHIP::PCIE::APCIE_COMMON.APCIE_PHY_CAL_STS_3 @ 0x6000002ac
CHIP::PCIE::APCIE_COMMON.PORT_PRIORITY_3 @ 0x6000002b0
CHIP::PCIE::APCIE_COMMON.PORT_RATE_LIMITER_CTRL_3 @ 0x6000002b4
CHIP::PCIE::APCIE_LCOUNT.TIME_L0_0 @ 0x600004000
CHIP::PCIE::APCIE_LCOUNT.TIME_L1_0 @ 0x600004004
CHIP::PCIE::APCIE_LCOUNT.TIME_L1DOT1_0 @ 0x600004008
CHIP::PCIE::APCIE_LCOUNT.TIME_L1DOT2_0 @ 0x60000400c
CHIP::PCIE::APCIE_LCOUNT.ENTRY_L0_0 @ 0x600004010
CHIP::PCIE::APCIE_LCOUNT.ENTRY_L1_0 @ 0x600004014
CHIP::PCIE::APCIE_LCOUNT.ENTRY_L1DOT1_0 @ 0x600004018
CHIP::PCIE::APCIE_LCOUNT.ENTRY_L1DOT2_0 @ 0x60000401c
CHIP::PCIE::APCIE_LCOUNT.LCOUNT_COMMAND_0 @ 0x600004020
CHIP::PCIE::APCIE_LCOUNT.TIME_L0_1 @ 0x600004040
CHIP::PCIE::APCIE_LCOUNT.TIME_L1_1 @ 0x600004044
CHIP::PCIE::APCIE_LCOUNT.TIME_L1DOT1_1 @ 0x600004048
CHIP::PCIE::APCIE_LCOUNT.TIME_L1DOT2_1 @ 0x60000404c
CHIP::PCIE::APCIE_LCOUNT.ENTRY_L0_1 @ 0x600004050
CHIP::PCIE::APCIE_LCOUNT.ENTRY_L1_1 @ 0x600004054
CHIP::PCIE::APCIE_LCOUNT.ENTRY_L1DOT1_1 @ 0x600004058
CHIP::PCIE::APCIE_LCOUNT.ENTRY_L1DOT2_1 @ 0x60000405c
CHIP::PCIE::APCIE_LCOUNT.LCOUNT_COMMAND_1 @ 0x600004060
CHIP::PCIE::APCIE_LCOUNT.TIME_L0_2 @ 0x600004080
CHIP::PCIE::APCIE_LCOUNT.TIME_L1_2 @ 0x600004084
CHIP::PCIE::APCIE_LCOUNT.TIME_L1DOT1_2 @ 0x600004088
CHIP::PCIE::APCIE_LCOUNT.TIME_L1DOT2_2 @ 0x60000408c
CHIP::PCIE::APCIE_LCOUNT.ENTRY_L0_2 @ 0x600004090
CHIP::PCIE::APCIE_LCOUNT.ENTRY_L1_2 @ 0x600004094
CHIP::PCIE::APCIE_LCOUNT.ENTRY_L1DOT1_2 @ 0x600004098
CHIP::PCIE::APCIE_LCOUNT.ENTRY_L1DOT2_2 @ 0x60000409c
CHIP::PCIE::APCIE_LCOUNT.LCOUNT_COMMAND_2 @ 0x6000040a0
CHIP::PCIE::APCIE_LCOUNT.TIME_L0_3 @ 0x6000040c0
CHIP::PCIE::APCIE_LCOUNT.TIME_L1_3 @ 0x6000040c4
CHIP::PCIE::APCIE_LCOUNT.TIME_L1DOT1_3 @ 0x6000040c8
CHIP::PCIE::APCIE_LCOUNT.TIME_L1DOT2_3 @ 0x6000040cc
CHIP::PCIE::APCIE_LCOUNT.ENTRY_L0_3 @ 0x6000040d0
CHIP::PCIE::APCIE_LCOUNT.ENTRY_L1_3 @ 0x6000040d4
CHIP::PCIE::APCIE_LCOUNT.ENTRY_L1DOT1_3 @ 0x6000040d8
CHIP::PCIE::APCIE_LCOUNT.ENTRY_L1DOT2_3 @ 0x6000040dc
CHIP::PCIE::APCIE_LCOUNT.LCOUNT_COMMAND_3 @ 0x6000040e0
CHIP::PCIE::APCIE_PHY::AUST0_PCS_CFG.AUST_PCS_CFG_PAT_CFG5 @ 0x600008000
CHIP::PCIE::APCIE_PHY::AUST0_PCS_CFG.AUST_PCS_CFG_PAT_CFG0 @ 0x600008004
CHIP::PCIE::APCIE_PHY::AUST0_PCS_CFG.AUST_PCS_CFG_PAT_CFG1 @ 0x600008008
CHIP::PCIE::APCIE_PHY::AUST0_PCS_CFG.AUST_PCS_CFG_PAT_CFG2 @ 0x60000800c
CHIP::PCIE::APCIE_PHY::AUST0_PCS_CFG.AUST_PCS_CFG_PAT_CFG3 @ 0x600008010
CHIP::PCIE::APCIE_PHY::AUST0_PCS_CFG.AUST_PCS_CFG_PAT_CFG4 @ 0x600008014
CHIP::PCIE::APCIE_PHY::AUST0_SHM_CFG.AUST_SHM_CFG_CFG0_TXA @ 0x600008100
CHIP::PCIE::APCIE_PHY::AUST0_SHM_CFG.AUST_SHM_CFG_CFG1_TXA @ 0x600008104
CHIP::PCIE::APCIE_PHY::AUST0_SHM_CFG.AUST_SHM_CFG_CFG2_TXA @ 0x600008108
CHIP::PCIE::APCIE_PHY::AUST0_SHM_CFG.AUST_SHM_CFG_CFG3_TXA @ 0x60000810c
CHIP::PCIE::APCIE_PHY::AUST0_SHM_CFG.AUST_SHM_CFG_CFG4_TXA @ 0x600008110
CHIP::PCIE::APCIE_PHY::AUST0_SHM_CFG.AUST_SHM_CFG_CFG5_TXA @ 0x600008114
CHIP::PCIE::APCIE_PHY::AUST0_SHM_CFG.AUST_SHM_CFG_CFG6_TXA @ 0x600008118
CHIP::PCIE::APCIE_PHY::AUST0_SHM_CFG.AUST_SHM_CFG_CFG7_TXA @ 0x60000811c
CHIP::PCIE::APCIE_PHY::AUST0_SHM_CFG.AUST_SHM_CFG_CFG8_TXA @ 0x600008120
CHIP::PCIE::APCIE_PHY::AUST0_SHM_CFG.AUST_SHM_CFG_CFG9_TXA @ 0x600008124
CHIP::PCIE::APCIE_PHY::AUST0_SHM_CFG.AUST_SHM_CFG_CFG10_TXA @ 0x600008128
CHIP::PCIE::APCIE_PHY::AUST0_SHM_CFG.AUST_SHM_CFG_CFG11_TXA @ 0x60000812c
CHIP::PCIE::APCIE_PHY::AUST0_SHM_CFG.AUST_SHM_CFG_CFG12_TXA @ 0x600008130
CHIP::PCIE::APCIE_PHY::AUST0_SHM_CFG.AUST_SHM_CFG_CFG13_TXA @ 0x600008134
CHIP::PCIE::APCIE_PHY::AUST0_SHM_CFG.AUST_SHM_CFG_CFG14_TXA @ 0x600008138
CHIP::PCIE::APCIE_PHY::AUST0_SHM_CFG.AUST_SHM_CFG_CFG15_TXA @ 0x60000813c
CHIP::PCIE::APCIE_PHY::AUST1_PCS_CFG.AUST_PCS_CFG_PAT_CFG5 @ 0x600008200
CHIP::PCIE::APCIE_PHY::AUST1_PCS_CFG.AUST_PCS_CFG_PAT_CFG0 @ 0x600008204
CHIP::PCIE::APCIE_PHY::AUST1_PCS_CFG.AUST_PCS_CFG_PAT_CFG1 @ 0x600008208
CHIP::PCIE::APCIE_PHY::AUST1_PCS_CFG.AUST_PCS_CFG_PAT_CFG2 @ 0x60000820c
CHIP::PCIE::APCIE_PHY::AUST1_PCS_CFG.AUST_PCS_CFG_PAT_CFG3 @ 0x600008210
CHIP::PCIE::APCIE_PHY::AUST1_PCS_CFG.AUST_PCS_CFG_PAT_CFG4 @ 0x600008214
CHIP::PCIE::APCIE_PHY::AUST1_SHM_CFG.AUST_SHM_CFG_CFG0_TXA @ 0x600008300
CHIP::PCIE::APCIE_PHY::AUST1_SHM_CFG.AUST_SHM_CFG_CFG1_TXA @ 0x600008304
CHIP::PCIE::APCIE_PHY::AUST1_SHM_CFG.AUST_SHM_CFG_CFG2_TXA @ 0x600008308
CHIP::PCIE::APCIE_PHY::AUST1_SHM_CFG.AUST_SHM_CFG_CFG3_TXA @ 0x60000830c
CHIP::PCIE::APCIE_PHY::AUST1_SHM_CFG.AUST_SHM_CFG_CFG4_TXA @ 0x600008310
CHIP::PCIE::APCIE_PHY::AUST1_SHM_CFG.AUST_SHM_CFG_CFG5_TXA @ 0x600008314
CHIP::PCIE::APCIE_PHY::AUST1_SHM_CFG.AUST_SHM_CFG_CFG6_TXA @ 0x600008318
CHIP::PCIE::APCIE_PHY::AUST1_SHM_CFG.AUST_SHM_CFG_CFG7_TXA @ 0x60000831c
CHIP::PCIE::APCIE_PHY::AUST1_SHM_CFG.AUST_SHM_CFG_CFG8_TXA @ 0x600008320
CHIP::PCIE::APCIE_PHY::AUST1_SHM_CFG.AUST_SHM_CFG_CFG9_TXA @ 0x600008324
CHIP::PCIE::APCIE_PHY::AUST1_SHM_CFG.AUST_SHM_CFG_CFG10_TXA @ 0x600008328
CHIP::PCIE::APCIE_PHY::AUST1_SHM_CFG.AUST_SHM_CFG_CFG11_TXA @ 0x60000832c
CHIP::PCIE::APCIE_PHY::AUST1_SHM_CFG.AUST_SHM_CFG_CFG12_TXA @ 0x600008330
CHIP::PCIE::APCIE_PHY::AUST1_SHM_CFG.AUST_SHM_CFG_CFG13_TXA @ 0x600008334
CHIP::PCIE::APCIE_PHY::AUST1_SHM_CFG.AUST_SHM_CFG_CFG14_TXA @ 0x600008338
CHIP::PCIE::APCIE_PHY::AUST1_SHM_CFG.AUST_SHM_CFG_CFG15_TXA @ 0x60000833c
CHIP::PCIE::APCIE_PHY::AUST2_PCS_CFG.AUST_PCS_CFG_PAT_CFG5 @ 0x600008400
CHIP::PCIE::APCIE_PHY::AUST2_PCS_CFG.AUST_PCS_CFG_PAT_CFG0 @ 0x600008404
CHIP::PCIE::APCIE_PHY::AUST2_PCS_CFG.AUST_PCS_CFG_PAT_CFG1 @ 0x600008408
CHIP::PCIE::APCIE_PHY::AUST2_PCS_CFG.AUST_PCS_CFG_PAT_CFG2 @ 0x60000840c
CHIP::PCIE::APCIE_PHY::AUST2_PCS_CFG.AUST_PCS_CFG_PAT_CFG3 @ 0x600008410
CHIP::PCIE::APCIE_PHY::AUST2_PCS_CFG.AUST_PCS_CFG_PAT_CFG4 @ 0x600008414
CHIP::PCIE::APCIE_PHY::AUST2_SHM_CFG.AUST_SHM_CFG_CFG0_TXA @ 0x600008500
CHIP::PCIE::APCIE_PHY::AUST2_SHM_CFG.AUST_SHM_CFG_CFG1_TXA @ 0x600008504
CHIP::PCIE::APCIE_PHY::AUST2_SHM_CFG.AUST_SHM_CFG_CFG2_TXA @ 0x600008508
CHIP::PCIE::APCIE_PHY::AUST2_SHM_CFG.AUST_SHM_CFG_CFG3_TXA @ 0x60000850c
CHIP::PCIE::APCIE_PHY::AUST2_SHM_CFG.AUST_SHM_CFG_CFG4_TXA @ 0x600008510
CHIP::PCIE::APCIE_PHY::AUST2_SHM_CFG.AUST_SHM_CFG_CFG5_TXA @ 0x600008514
CHIP::PCIE::APCIE_PHY::AUST2_SHM_CFG.AUST_SHM_CFG_CFG6_TXA @ 0x600008518
CHIP::PCIE::APCIE_PHY::AUST2_SHM_CFG.AUST_SHM_CFG_CFG7_TXA @ 0x60000851c
CHIP::PCIE::APCIE_PHY::AUST2_SHM_CFG.AUST_SHM_CFG_CFG8_TXA @ 0x600008520
CHIP::PCIE::APCIE_PHY::AUST2_SHM_CFG.AUST_SHM_CFG_CFG9_TXA @ 0x600008524
CHIP::PCIE::APCIE_PHY::AUST2_SHM_CFG.AUST_SHM_CFG_CFG10_TXA @ 0x600008528
CHIP::PCIE::APCIE_PHY::AUST2_SHM_CFG.AUST_SHM_CFG_CFG11_TXA @ 0x60000852c
CHIP::PCIE::APCIE_PHY::AUST2_SHM_CFG.AUST_SHM_CFG_CFG12_TXA @ 0x600008530
CHIP::PCIE::APCIE_PHY::AUST2_SHM_CFG.AUST_SHM_CFG_CFG13_TXA @ 0x600008534
CHIP::PCIE::APCIE_PHY::AUST2_SHM_CFG.AUST_SHM_CFG_CFG14_TXA @ 0x600008538
CHIP::PCIE::APCIE_PHY::AUST2_SHM_CFG.AUST_SHM_CFG_CFG15_TXA @ 0x60000853c
CHIP::PCIE::APCIE_PHY::AUST3_PCS_CFG.AUST_PCS_CFG_PAT_CFG5 @ 0x600008600
CHIP::PCIE::APCIE_PHY::AUST3_PCS_CFG.AUST_PCS_CFG_PAT_CFG0 @ 0x600008604
CHIP::PCIE::APCIE_PHY::AUST3_PCS_CFG.AUST_PCS_CFG_PAT_CFG1 @ 0x600008608
CHIP::PCIE::APCIE_PHY::AUST3_PCS_CFG.AUST_PCS_CFG_PAT_CFG2 @ 0x60000860c
CHIP::PCIE::APCIE_PHY::AUST3_PCS_CFG.AUST_PCS_CFG_PAT_CFG3 @ 0x600008610
CHIP::PCIE::APCIE_PHY::AUST3_PCS_CFG.AUST_PCS_CFG_PAT_CFG4 @ 0x600008614
CHIP::PCIE::APCIE_PHY::AUST3_SHM_CFG.AUST_SHM_CFG_CFG0_TXA @ 0x600008700
CHIP::PCIE::APCIE_PHY::AUST3_SHM_CFG.AUST_SHM_CFG_CFG1_TXA @ 0x600008704
CHIP::PCIE::APCIE_PHY::AUST3_SHM_CFG.AUST_SHM_CFG_CFG2_TXA @ 0x600008708
CHIP::PCIE::APCIE_PHY::AUST3_SHM_CFG.AUST_SHM_CFG_CFG3_TXA @ 0x60000870c
CHIP::PCIE::APCIE_PHY::AUST3_SHM_CFG.AUST_SHM_CFG_CFG4_TXA @ 0x600008710
CHIP::PCIE::APCIE_PHY::AUST3_SHM_CFG.AUST_SHM_CFG_CFG5_TXA @ 0x600008714
CHIP::PCIE::APCIE_PHY::AUST3_SHM_CFG.AUST_SHM_CFG_CFG6_TXA @ 0x600008718
CHIP::PCIE::APCIE_PHY::AUST3_SHM_CFG.AUST_SHM_CFG_CFG7_TXA @ 0x60000871c
CHIP::PCIE::APCIE_PHY::AUST3_SHM_CFG.AUST_SHM_CFG_CFG8_TXA @ 0x600008720
CHIP::PCIE::APCIE_PHY::AUST3_SHM_CFG.AUST_SHM_CFG_CFG9_TXA @ 0x600008724
CHIP::PCIE::APCIE_PHY::AUST3_SHM_CFG.AUST_SHM_CFG_CFG10_TXA @ 0x600008728
CHIP::PCIE::APCIE_PHY::AUST3_SHM_CFG.AUST_SHM_CFG_CFG11_TXA @ 0x60000872c
CHIP::PCIE::APCIE_PHY::AUST3_SHM_CFG.AUST_SHM_CFG_CFG12_TXA @ 0x600008730
CHIP::PCIE::APCIE_PHY::AUST3_SHM_CFG.AUST_SHM_CFG_CFG13_TXA @ 0x600008734
CHIP::PCIE::APCIE_PHY::AUST3_SHM_CFG.AUST_SHM_CFG_CFG14_TXA @ 0x600008738
CHIP::PCIE::APCIE_PHY::AUST3_SHM_CFG.AUST_SHM_CFG_CFG15_TXA @ 0x60000873c
CHIP::PCIE::APCIE_PHY::AUST4_PCS_CFG.AUST_PCS_CFG_PAT_CFG5 @ 0x600008800
CHIP::PCIE::APCIE_PHY::AUST4_PCS_CFG.AUST_PCS_CFG_PAT_CFG0 @ 0x600008804
CHIP::PCIE::APCIE_PHY::AUST4_PCS_CFG.AUST_PCS_CFG_PAT_CFG1 @ 0x600008808
CHIP::PCIE::APCIE_PHY::AUST4_PCS_CFG.AUST_PCS_CFG_PAT_CFG2 @ 0x60000880c
CHIP::PCIE::APCIE_PHY::AUST4_PCS_CFG.AUST_PCS_CFG_PAT_CFG3 @ 0x600008810
CHIP::PCIE::APCIE_PHY::AUST4_PCS_CFG.AUST_PCS_CFG_PAT_CFG4 @ 0x600008814
CHIP::PCIE::APCIE_PHY::AUST4_SHM_CFG.AUST_SHM_CFG_CFG0_TXA @ 0x600008900
CHIP::PCIE::APCIE_PHY::AUST4_SHM_CFG.AUST_SHM_CFG_CFG1_TXA @ 0x600008904
CHIP::PCIE::APCIE_PHY::AUST4_SHM_CFG.AUST_SHM_CFG_CFG2_TXA @ 0x600008908
CHIP::PCIE::APCIE_PHY::AUST4_SHM_CFG.AUST_SHM_CFG_CFG3_TXA @ 0x60000890c
CHIP::PCIE::APCIE_PHY::AUST4_SHM_CFG.AUST_SHM_CFG_CFG4_TXA @ 0x600008910
CHIP::PCIE::APCIE_PHY::AUST4_SHM_CFG.AUST_SHM_CFG_CFG5_TXA @ 0x600008914
CHIP::PCIE::APCIE_PHY::AUST4_SHM_CFG.AUST_SHM_CFG_CFG6_TXA @ 0x600008918
CHIP::PCIE::APCIE_PHY::AUST4_SHM_CFG.AUST_SHM_CFG_CFG7_TXA @ 0x60000891c
CHIP::PCIE::APCIE_PHY::AUST4_SHM_CFG.AUST_SHM_CFG_CFG8_TXA @ 0x600008920
CHIP::PCIE::APCIE_PHY::AUST4_SHM_CFG.AUST_SHM_CFG_CFG9_TXA @ 0x600008924
CHIP::PCIE::APCIE_PHY::AUST4_SHM_CFG.AUST_SHM_CFG_CFG10_TXA @ 0x600008928
CHIP::PCIE::APCIE_PHY::AUST4_SHM_CFG.AUST_SHM_CFG_CFG11_TXA @ 0x60000892c
CHIP::PCIE::APCIE_PHY::AUST4_SHM_CFG.AUST_SHM_CFG_CFG12_TXA @ 0x600008930
CHIP::PCIE::APCIE_PHY::AUST4_SHM_CFG.AUST_SHM_CFG_CFG13_TXA @ 0x600008934
CHIP::PCIE::APCIE_PHY::AUST4_SHM_CFG.AUST_SHM_CFG_CFG14_TXA @ 0x600008938
CHIP::PCIE::APCIE_PHY::AUST4_SHM_CFG.AUST_SHM_CFG_CFG15_TXA @ 0x60000893c
CHIP::PCIE::APCIE_PHY::AUSR0_CFG.AUSR_CFG_FROM_PIPE_CFG0 @ 0x600008a00
CHIP::PCIE::APCIE_PHY::AUSR0_CFG.AUSR_CFG_TO_PIPE_CFG0 @ 0x600008a04
CHIP::PCIE::APCIE_PHY::AUSR0_CFG.AUSR_CFG_FROM_LFSR_CFG0 @ 0x600008a08
CHIP::PCIE::APCIE_PHY::AUSR0_CFG.AUSR_CFG_FROM_LFSR_CFG1 @ 0x600008a0c
CHIP::PCIE::APCIE_PHY::AUSR0_CFG.AUSR_CFG_FROM_LFSR_CFG2 @ 0x600008a10
CHIP::PCIE::APCIE_PHY::AUSR0_CFG.AUSR_CFG_TO_PAT_ERR0 @ 0x600008a14
CHIP::PCIE::APCIE_PHY::AUSR0_CFG.AUSR_CFG_TO_PAT_ERR1 @ 0x600008a18
CHIP::PCIE::APCIE_PHY::AUSR0_CFG.AUSR_CFG_TO_PAT_RXA_PCS_DATA @ 0x600008a1c
CHIP::PCIE::APCIE_PHY::AUSR0_CFG.AUSR_CFG_CFG2_RXA @ 0x600008a20
CHIP::PCIE::APCIE_PHY::AUSR0_CFG.AUSR_CFG_CFG1W_CDR @ 0x600008a24
CHIP::PCIE::APCIE_PHY::AUSR0_CFG.AUSR_CFG_CFG2W_CDR @ 0x600008a28
CHIP::PCIE::APCIE_PHY::AUSR0_CFG.AUSR_CFG_CFG3W_CDR @ 0x600008a2c
CHIP::PCIE::APCIE_PHY::AUSR0_CFG.AUSR_CFG_CFG4W_CDR @ 0x600008a30
CHIP::PCIE::APCIE_PHY::AUSR0_CFG.AUSR_CFG_CFG5W_CDR @ 0x600008a34
CHIP::PCIE::APCIE_PHY::AUSR0_CFG.AUSR_CFG_CDR_CFG1R @ 0x600008a38
CHIP::PCIE::APCIE_PHY::AUSR0_CFG.AUSR_CFG_CDR_CFG2R @ 0x600008a3c
CHIP::PCIE::APCIE_PHY::AUSR0_CFG.AUSR_CFG_CFG_COM @ 0x600008a40
CHIP::PCIE::APCIE_PHY::AUSR0_CFG.AUSR_CFG_CFG6W_CDR @ 0x600008a44
CHIP::PCIE::APCIE_PHY::AUSR0_SHM_CFG.AUSR_SHM_CFG_PCS_CFG0 @ 0x600008b00
CHIP::PCIE::APCIE_PHY::AUSR0_SHM_CFG.AUSR_SHM_CFG_PCS_CFG1 @ 0x600008b04
CHIP::PCIE::APCIE_PHY::AUSR0_SHM_CFG.AUSR_SHM_CFG_EI_CFG0 @ 0x600008b08
CHIP::PCIE::APCIE_PHY::AUSR0_SHM_CFG.AUSR_SHM_CFG_EI_CFG1 @ 0x600008b0c
CHIP::PCIE::APCIE_PHY::AUSR0_SHM_CFG.AUSR_SHM_CFG_EI_CFG2 @ 0x600008b10
CHIP::PCIE::APCIE_PHY::AUSR0_SHM_CFG.AUSR_SHM_CFG_RXA_STAT0 @ 0x600008b14
CHIP::PCIE::APCIE_PHY::AUSR0_SHM_CFG.AUSR_SHM_CFG_OCCAL_CFG0 @ 0x600008b18
CHIP::PCIE::APCIE_PHY::AUSR0_SHM_CFG.AUSR_SHM_CFG_OCCAL_CFG1 @ 0x600008b1c
CHIP::PCIE::APCIE_PHY::AUSR0_SHM_CFG.AUSR_SHM_CFG_OCCAL_CFG2 @ 0x600008b20
CHIP::PCIE::APCIE_PHY::AUSR0_SHM_CFG.AUSR_SHM_CFG_OCCAL_CFG3 @ 0x600008b24
CHIP::PCIE::APCIE_PHY::AUSR0_SHM_CFG.AUSR_SHM_CFG_OCCAL_CFG4 @ 0x600008b28
CHIP::PCIE::APCIE_PHY::AUSR0_SHM_CFG.AUSR_SHM_CFG_OCCAL_CFG5 @ 0x600008b2c
CHIP::PCIE::APCIE_PHY::AUSR0_SHM_CFG.AUSR_SHM_CFG_OCCAL_CFG6 @ 0x600008b30
CHIP::PCIE::APCIE_PHY::AUSR0_SHM_CFG.AUSR_SHM_CFG_OCCAL_STAT0 @ 0x600008b34
CHIP::PCIE::APCIE_PHY::AUSR0_SHM_CFG.AUSR_SHM_CFG_OCCAL_STAT1 @ 0x600008b38
CHIP::PCIE::APCIE_PHY::AUSR0_SHM_CFG.AUSR_SHM_CFG_OCCAL_STAT2 @ 0x600008b3c
CHIP::PCIE::APCIE_PHY::AUSR0_SHM_CFG.AUSR_SHM_CFG_OCCAL_STAT3 @ 0x600008b40
CHIP::PCIE::APCIE_PHY::AUSR0_SHM_CFG.AUSR_SHM_CFG_OCCAL_STAT4 @ 0x600008b44
CHIP::PCIE::APCIE_PHY::AUSR0_SHM_CFG.AUSR_SHM_CFG_RXA_CFG0 @ 0x600008b48
CHIP::PCIE::APCIE_PHY::AUSR0_SHM_CFG.AUSR_SHM_CFG_RXA_CFG1 @ 0x600008b4c
CHIP::PCIE::APCIE_PHY::AUSR0_SHM_CFG.AUSR_SHM_CFG_RXA_CFG2 @ 0x600008b50
CHIP::PCIE::APCIE_PHY::AUSR0_SHM_CFG.AUSR_SHM_CFG_RXA_CFG3 @ 0x600008b54
CHIP::PCIE::APCIE_PHY::AUSR0_SHM_CFG.AUSR_SHM_CFG_RXA_CFG4 @ 0x600008b58
CHIP::PCIE::APCIE_PHY::AUSR0_SHM_CFG.AUSR_SHM_CFG_RXA_CFG5 @ 0x600008b5c
CHIP::PCIE::APCIE_PHY::AUSR0_SHM_CFG.AUSR_SHM_CFG_RXA_CFG6 @ 0x600008b60
CHIP::PCIE::APCIE_PHY::AUSR0_SHM_CFG.AUSR_SHM_CFG_AFE_CTRL0 @ 0x600008b64
CHIP::PCIE::APCIE_PHY::AUSR0_SHM_CFG.AUSR_SHM_CFG_AFE_CTRL1 @ 0x600008b68
CHIP::PCIE::APCIE_PHY::AUSR0_SHM_CFG.AUSR_SHM_CFG_CFG_CAL @ 0x600008b6c
CHIP::PCIE::APCIE_PHY::AUSR0_SHM_CFG.AUSR_SHM_CFG_CDR_PD_OV_CTRL0 @ 0x600008b70
CHIP::PCIE::APCIE_PHY::AUSR0_SHM_CFG.AUSR_SHM_CFG_CDR_PD_OV_CTRL1 @ 0x600008b74
CHIP::PCIE::APCIE_PHY::AUSR0_SHM_CFG.AUSR_SHM_CFG_CDR_PD_OV_CTRL2 @ 0x600008b78
CHIP::PCIE::APCIE_PHY::AUSR0_SHM_CFG.AUSR_SHM_CFG_TEST_MUX_CTRL @ 0x600008b7c
CHIP::PCIE::APCIE_PHY::AUSR0_SHM_CFG.AUSR_SHM_CFG_RXA_PCS_CTRL_DATA0 @ 0x600008b80
CHIP::PCIE::APCIE_PHY::AUSR0_SHM_CFG.AUSR_SHM_CFG_RXA_PCS_CTRL_DATA1 @ 0x600008b84
CHIP::PCIE::APCIE_PHY::AUSR0_SHM_CFG.AUSR_SHM_CFG_RXA_PCS_CTRL_DATA2 @ 0x600008b88
CHIP::PCIE::APCIE_PHY::AUSR0_SHM_CFG.AUSR_SHM_CFG_RXA_PCS_CTRL_DATA3 @ 0x600008b8c
CHIP::PCIE::APCIE_PHY::AUSR0_SHM_CFG.AUSR_SHM_CFG_DCO_PCTRL_CFG0 @ 0x600008b90
CHIP::PCIE::APCIE_PHY::AUSR0_SHM_CFG.AUSR_SHM_CFG_DCO_PCTRL_CFG1 @ 0x600008b94
CHIP::PCIE::APCIE_PHY::AUSR0_SHM_CFG.AUSR_SHM_CFG_DCO_PCTRL_CFG2 @ 0x600008b98
CHIP::PCIE::APCIE_PHY::AUSR0_SHM_CFG.AUSR_SHM_CFG_SAMPL_PCTRL_CFG0 @ 0x600008b9c
CHIP::PCIE::APCIE_PHY::AUSR0_SHM_CFG.AUSR_SHM_CFG_CMN_CFG0 @ 0x600008ba0
CHIP::PCIE::APCIE_PHY::AUSR0_SHM_CFG.AUSR_SHM_CFG_TW_OBS_CFG0 @ 0x600008ba4
CHIP::PCIE::APCIE_PHY::AUSR0_SHM_CFG.AUSR_SHM_CFG_TW_OBS_CFG1 @ 0x600008ba8
CHIP::PCIE::APCIE_PHY::AUSR0_SHM_CFG.AUSR_SHM_CFG_TW_OBS_CFG2 @ 0x600008bac
CHIP::PCIE::APCIE_PHY::AUSR0_SHM_CFG.AUSR_SHM_CFG_TW_OVR_CFG0 @ 0x600008bb0
CHIP::PCIE::APCIE_PHY::AUSR0_SHM_CFG.AUSR_SHM_CFG_EM_CFG @ 0x600008bb4
CHIP::PCIE::APCIE_PHY::AUSR1_CFG.AUSR_CFG_FROM_PIPE_CFG0 @ 0x600008c00
CHIP::PCIE::APCIE_PHY::AUSR1_CFG.AUSR_CFG_TO_PIPE_CFG0 @ 0x600008c04
CHIP::PCIE::APCIE_PHY::AUSR1_CFG.AUSR_CFG_FROM_LFSR_CFG0 @ 0x600008c08
CHIP::PCIE::APCIE_PHY::AUSR1_CFG.AUSR_CFG_FROM_LFSR_CFG1 @ 0x600008c0c
CHIP::PCIE::APCIE_PHY::AUSR1_CFG.AUSR_CFG_FROM_LFSR_CFG2 @ 0x600008c10
CHIP::PCIE::APCIE_PHY::AUSR1_CFG.AUSR_CFG_TO_PAT_ERR0 @ 0x600008c14
CHIP::PCIE::APCIE_PHY::AUSR1_CFG.AUSR_CFG_TO_PAT_ERR1 @ 0x600008c18
CHIP::PCIE::APCIE_PHY::AUSR1_CFG.AUSR_CFG_TO_PAT_RXA_PCS_DATA @ 0x600008c1c
CHIP::PCIE::APCIE_PHY::AUSR1_CFG.AUSR_CFG_CFG2_RXA @ 0x600008c20
CHIP::PCIE::APCIE_PHY::AUSR1_CFG.AUSR_CFG_CFG1W_CDR @ 0x600008c24
CHIP::PCIE::APCIE_PHY::AUSR1_CFG.AUSR_CFG_CFG2W_CDR @ 0x600008c28
CHIP::PCIE::APCIE_PHY::AUSR1_CFG.AUSR_CFG_CFG3W_CDR @ 0x600008c2c
CHIP::PCIE::APCIE_PHY::AUSR1_CFG.AUSR_CFG_CFG4W_CDR @ 0x600008c30
CHIP::PCIE::APCIE_PHY::AUSR1_CFG.AUSR_CFG_CFG5W_CDR @ 0x600008c34
CHIP::PCIE::APCIE_PHY::AUSR1_CFG.AUSR_CFG_CDR_CFG1R @ 0x600008c38
CHIP::PCIE::APCIE_PHY::AUSR1_CFG.AUSR_CFG_CDR_CFG2R @ 0x600008c3c
CHIP::PCIE::APCIE_PHY::AUSR1_CFG.AUSR_CFG_CFG_COM @ 0x600008c40
CHIP::PCIE::APCIE_PHY::AUSR1_CFG.AUSR_CFG_CFG6W_CDR @ 0x600008c44
CHIP::PCIE::APCIE_PHY::AUSR1_SHM_CFG.AUSR_SHM_CFG_PCS_CFG0 @ 0x600008d00
CHIP::PCIE::APCIE_PHY::AUSR1_SHM_CFG.AUSR_SHM_CFG_PCS_CFG1 @ 0x600008d04
CHIP::PCIE::APCIE_PHY::AUSR1_SHM_CFG.AUSR_SHM_CFG_EI_CFG0 @ 0x600008d08
CHIP::PCIE::APCIE_PHY::AUSR1_SHM_CFG.AUSR_SHM_CFG_EI_CFG1 @ 0x600008d0c
CHIP::PCIE::APCIE_PHY::AUSR1_SHM_CFG.AUSR_SHM_CFG_EI_CFG2 @ 0x600008d10
CHIP::PCIE::APCIE_PHY::AUSR1_SHM_CFG.AUSR_SHM_CFG_RXA_STAT0 @ 0x600008d14
CHIP::PCIE::APCIE_PHY::AUSR1_SHM_CFG.AUSR_SHM_CFG_OCCAL_CFG0 @ 0x600008d18
CHIP::PCIE::APCIE_PHY::AUSR1_SHM_CFG.AUSR_SHM_CFG_OCCAL_CFG1 @ 0x600008d1c
CHIP::PCIE::APCIE_PHY::AUSR1_SHM_CFG.AUSR_SHM_CFG_OCCAL_CFG2 @ 0x600008d20
CHIP::PCIE::APCIE_PHY::AUSR1_SHM_CFG.AUSR_SHM_CFG_OCCAL_CFG3 @ 0x600008d24
CHIP::PCIE::APCIE_PHY::AUSR1_SHM_CFG.AUSR_SHM_CFG_OCCAL_CFG4 @ 0x600008d28
CHIP::PCIE::APCIE_PHY::AUSR1_SHM_CFG.AUSR_SHM_CFG_OCCAL_CFG5 @ 0x600008d2c
CHIP::PCIE::APCIE_PHY::AUSR1_SHM_CFG.AUSR_SHM_CFG_OCCAL_CFG6 @ 0x600008d30
CHIP::PCIE::APCIE_PHY::AUSR1_SHM_CFG.AUSR_SHM_CFG_OCCAL_STAT0 @ 0x600008d34
CHIP::PCIE::APCIE_PHY::AUSR1_SHM_CFG.AUSR_SHM_CFG_OCCAL_STAT1 @ 0x600008d38
CHIP::PCIE::APCIE_PHY::AUSR1_SHM_CFG.AUSR_SHM_CFG_OCCAL_STAT2 @ 0x600008d3c
CHIP::PCIE::APCIE_PHY::AUSR1_SHM_CFG.AUSR_SHM_CFG_OCCAL_STAT3 @ 0x600008d40
CHIP::PCIE::APCIE_PHY::AUSR1_SHM_CFG.AUSR_SHM_CFG_OCCAL_STAT4 @ 0x600008d44
CHIP::PCIE::APCIE_PHY::AUSR1_SHM_CFG.AUSR_SHM_CFG_RXA_CFG0 @ 0x600008d48
CHIP::PCIE::APCIE_PHY::AUSR1_SHM_CFG.AUSR_SHM_CFG_RXA_CFG1 @ 0x600008d4c
CHIP::PCIE::APCIE_PHY::AUSR1_SHM_CFG.AUSR_SHM_CFG_RXA_CFG2 @ 0x600008d50
CHIP::PCIE::APCIE_PHY::AUSR1_SHM_CFG.AUSR_SHM_CFG_RXA_CFG3 @ 0x600008d54
CHIP::PCIE::APCIE_PHY::AUSR1_SHM_CFG.AUSR_SHM_CFG_RXA_CFG4 @ 0x600008d58
CHIP::PCIE::APCIE_PHY::AUSR1_SHM_CFG.AUSR_SHM_CFG_RXA_CFG5 @ 0x600008d5c
CHIP::PCIE::APCIE_PHY::AUSR1_SHM_CFG.AUSR_SHM_CFG_RXA_CFG6 @ 0x600008d60
CHIP::PCIE::APCIE_PHY::AUSR1_SHM_CFG.AUSR_SHM_CFG_AFE_CTRL0 @ 0x600008d64
CHIP::PCIE::APCIE_PHY::AUSR1_SHM_CFG.AUSR_SHM_CFG_AFE_CTRL1 @ 0x600008d68
CHIP::PCIE::APCIE_PHY::AUSR1_SHM_CFG.AUSR_SHM_CFG_CFG_CAL @ 0x600008d6c
CHIP::PCIE::APCIE_PHY::AUSR1_SHM_CFG.AUSR_SHM_CFG_CDR_PD_OV_CTRL0 @ 0x600008d70
CHIP::PCIE::APCIE_PHY::AUSR1_SHM_CFG.AUSR_SHM_CFG_CDR_PD_OV_CTRL1 @ 0x600008d74
CHIP::PCIE::APCIE_PHY::AUSR1_SHM_CFG.AUSR_SHM_CFG_CDR_PD_OV_CTRL2 @ 0x600008d78
CHIP::PCIE::APCIE_PHY::AUSR1_SHM_CFG.AUSR_SHM_CFG_TEST_MUX_CTRL @ 0x600008d7c
CHIP::PCIE::APCIE_PHY::AUSR1_SHM_CFG.AUSR_SHM_CFG_RXA_PCS_CTRL_DATA0 @ 0x600008d80
CHIP::PCIE::APCIE_PHY::AUSR1_SHM_CFG.AUSR_SHM_CFG_RXA_PCS_CTRL_DATA1 @ 0x600008d84
CHIP::PCIE::APCIE_PHY::AUSR1_SHM_CFG.AUSR_SHM_CFG_RXA_PCS_CTRL_DATA2 @ 0x600008d88
CHIP::PCIE::APCIE_PHY::AUSR1_SHM_CFG.AUSR_SHM_CFG_RXA_PCS_CTRL_DATA3 @ 0x600008d8c
CHIP::PCIE::APCIE_PHY::AUSR1_SHM_CFG.AUSR_SHM_CFG_DCO_PCTRL_CFG0 @ 0x600008d90
CHIP::PCIE::APCIE_PHY::AUSR1_SHM_CFG.AUSR_SHM_CFG_DCO_PCTRL_CFG1 @ 0x600008d94
CHIP::PCIE::APCIE_PHY::AUSR1_SHM_CFG.AUSR_SHM_CFG_DCO_PCTRL_CFG2 @ 0x600008d98
CHIP::PCIE::APCIE_PHY::AUSR1_SHM_CFG.AUSR_SHM_CFG_SAMPL_PCTRL_CFG0 @ 0x600008d9c
CHIP::PCIE::APCIE_PHY::AUSR1_SHM_CFG.AUSR_SHM_CFG_CMN_CFG0 @ 0x600008da0
CHIP::PCIE::APCIE_PHY::AUSR1_SHM_CFG.AUSR_SHM_CFG_TW_OBS_CFG0 @ 0x600008da4
CHIP::PCIE::APCIE_PHY::AUSR1_SHM_CFG.AUSR_SHM_CFG_TW_OBS_CFG1 @ 0x600008da8
CHIP::PCIE::APCIE_PHY::AUSR1_SHM_CFG.AUSR_SHM_CFG_TW_OBS_CFG2 @ 0x600008dac
CHIP::PCIE::APCIE_PHY::AUSR1_SHM_CFG.AUSR_SHM_CFG_TW_OVR_CFG0 @ 0x600008db0
CHIP::PCIE::APCIE_PHY::AUSR1_SHM_CFG.AUSR_SHM_CFG_EM_CFG @ 0x600008db4
CHIP::PCIE::APCIE_PHY::AUSR2_CFG.AUSR_CFG_FROM_PIPE_CFG0 @ 0x600008e00
CHIP::PCIE::APCIE_PHY::AUSR2_CFG.AUSR_CFG_TO_PIPE_CFG0 @ 0x600008e04
CHIP::PCIE::APCIE_PHY::AUSR2_CFG.AUSR_CFG_FROM_LFSR_CFG0 @ 0x600008e08
CHIP::PCIE::APCIE_PHY::AUSR2_CFG.AUSR_CFG_FROM_LFSR_CFG1 @ 0x600008e0c
CHIP::PCIE::APCIE_PHY::AUSR2_CFG.AUSR_CFG_FROM_LFSR_CFG2 @ 0x600008e10
CHIP::PCIE::APCIE_PHY::AUSR2_CFG.AUSR_CFG_TO_PAT_ERR0 @ 0x600008e14
CHIP::PCIE::APCIE_PHY::AUSR2_CFG.AUSR_CFG_TO_PAT_ERR1 @ 0x600008e18
CHIP::PCIE::APCIE_PHY::AUSR2_CFG.AUSR_CFG_TO_PAT_RXA_PCS_DATA @ 0x600008e1c
CHIP::PCIE::APCIE_PHY::AUSR2_CFG.AUSR_CFG_CFG2_RXA @ 0x600008e20
CHIP::PCIE::APCIE_PHY::AUSR2_CFG.AUSR_CFG_CFG1W_CDR @ 0x600008e24
CHIP::PCIE::APCIE_PHY::AUSR2_CFG.AUSR_CFG_CFG2W_CDR @ 0x600008e28
CHIP::PCIE::APCIE_PHY::AUSR2_CFG.AUSR_CFG_CFG3W_CDR @ 0x600008e2c
CHIP::PCIE::APCIE_PHY::AUSR2_CFG.AUSR_CFG_CFG4W_CDR @ 0x600008e30
CHIP::PCIE::APCIE_PHY::AUSR2_CFG.AUSR_CFG_CFG5W_CDR @ 0x600008e34
CHIP::PCIE::APCIE_PHY::AUSR2_CFG.AUSR_CFG_CDR_CFG1R @ 0x600008e38
CHIP::PCIE::APCIE_PHY::AUSR2_CFG.AUSR_CFG_CDR_CFG2R @ 0x600008e3c
CHIP::PCIE::APCIE_PHY::AUSR2_CFG.AUSR_CFG_CFG_COM @ 0x600008e40
CHIP::PCIE::APCIE_PHY::AUSR2_CFG.AUSR_CFG_CFG6W_CDR @ 0x600008e44
CHIP::PCIE::APCIE_PHY::AUSR2_SHM_CFG.AUSR_SHM_CFG_PCS_CFG0 @ 0x600008f00
CHIP::PCIE::APCIE_PHY::AUSR2_SHM_CFG.AUSR_SHM_CFG_PCS_CFG1 @ 0x600008f04
CHIP::PCIE::APCIE_PHY::AUSR2_SHM_CFG.AUSR_SHM_CFG_EI_CFG0 @ 0x600008f08
CHIP::PCIE::APCIE_PHY::AUSR2_SHM_CFG.AUSR_SHM_CFG_EI_CFG1 @ 0x600008f0c
CHIP::PCIE::APCIE_PHY::AUSR2_SHM_CFG.AUSR_SHM_CFG_EI_CFG2 @ 0x600008f10
CHIP::PCIE::APCIE_PHY::AUSR2_SHM_CFG.AUSR_SHM_CFG_RXA_STAT0 @ 0x600008f14
CHIP::PCIE::APCIE_PHY::AUSR2_SHM_CFG.AUSR_SHM_CFG_OCCAL_CFG0 @ 0x600008f18
CHIP::PCIE::APCIE_PHY::AUSR2_SHM_CFG.AUSR_SHM_CFG_OCCAL_CFG1 @ 0x600008f1c
CHIP::PCIE::APCIE_PHY::AUSR2_SHM_CFG.AUSR_SHM_CFG_OCCAL_CFG2 @ 0x600008f20
CHIP::PCIE::APCIE_PHY::AUSR2_SHM_CFG.AUSR_SHM_CFG_OCCAL_CFG3 @ 0x600008f24
CHIP::PCIE::APCIE_PHY::AUSR2_SHM_CFG.AUSR_SHM_CFG_OCCAL_CFG4 @ 0x600008f28
CHIP::PCIE::APCIE_PHY::AUSR2_SHM_CFG.AUSR_SHM_CFG_OCCAL_CFG5 @ 0x600008f2c
CHIP::PCIE::APCIE_PHY::AUSR2_SHM_CFG.AUSR_SHM_CFG_OCCAL_CFG6 @ 0x600008f30
CHIP::PCIE::APCIE_PHY::AUSR2_SHM_CFG.AUSR_SHM_CFG_OCCAL_STAT0 @ 0x600008f34
CHIP::PCIE::APCIE_PHY::AUSR2_SHM_CFG.AUSR_SHM_CFG_OCCAL_STAT1 @ 0x600008f38
CHIP::PCIE::APCIE_PHY::AUSR2_SHM_CFG.AUSR_SHM_CFG_OCCAL_STAT2 @ 0x600008f3c
CHIP::PCIE::APCIE_PHY::AUSR2_SHM_CFG.AUSR_SHM_CFG_OCCAL_STAT3 @ 0x600008f40
CHIP::PCIE::APCIE_PHY::AUSR2_SHM_CFG.AUSR_SHM_CFG_OCCAL_STAT4 @ 0x600008f44
CHIP::PCIE::APCIE_PHY::AUSR2_SHM_CFG.AUSR_SHM_CFG_RXA_CFG0 @ 0x600008f48
CHIP::PCIE::APCIE_PHY::AUSR2_SHM_CFG.AUSR_SHM_CFG_RXA_CFG1 @ 0x600008f4c
CHIP::PCIE::APCIE_PHY::AUSR2_SHM_CFG.AUSR_SHM_CFG_RXA_CFG2 @ 0x600008f50
CHIP::PCIE::APCIE_PHY::AUSR2_SHM_CFG.AUSR_SHM_CFG_RXA_CFG3 @ 0x600008f54
CHIP::PCIE::APCIE_PHY::AUSR2_SHM_CFG.AUSR_SHM_CFG_RXA_CFG4 @ 0x600008f58
CHIP::PCIE::APCIE_PHY::AUSR2_SHM_CFG.AUSR_SHM_CFG_RXA_CFG5 @ 0x600008f5c
CHIP::PCIE::APCIE_PHY::AUSR2_SHM_CFG.AUSR_SHM_CFG_RXA_CFG6 @ 0x600008f60
CHIP::PCIE::APCIE_PHY::AUSR2_SHM_CFG.AUSR_SHM_CFG_AFE_CTRL0 @ 0x600008f64
CHIP::PCIE::APCIE_PHY::AUSR2_SHM_CFG.AUSR_SHM_CFG_AFE_CTRL1 @ 0x600008f68
CHIP::PCIE::APCIE_PHY::AUSR2_SHM_CFG.AUSR_SHM_CFG_CFG_CAL @ 0x600008f6c
CHIP::PCIE::APCIE_PHY::AUSR2_SHM_CFG.AUSR_SHM_CFG_CDR_PD_OV_CTRL0 @ 0x600008f70
CHIP::PCIE::APCIE_PHY::AUSR2_SHM_CFG.AUSR_SHM_CFG_CDR_PD_OV_CTRL1 @ 0x600008f74
CHIP::PCIE::APCIE_PHY::AUSR2_SHM_CFG.AUSR_SHM_CFG_CDR_PD_OV_CTRL2 @ 0x600008f78
CHIP::PCIE::APCIE_PHY::AUSR2_SHM_CFG.AUSR_SHM_CFG_TEST_MUX_CTRL @ 0x600008f7c
CHIP::PCIE::APCIE_PHY::AUSR2_SHM_CFG.AUSR_SHM_CFG_RXA_PCS_CTRL_DATA0 @ 0x600008f80
CHIP::PCIE::APCIE_PHY::AUSR2_SHM_CFG.AUSR_SHM_CFG_RXA_PCS_CTRL_DATA1 @ 0x600008f84
CHIP::PCIE::APCIE_PHY::AUSR2_SHM_CFG.AUSR_SHM_CFG_RXA_PCS_CTRL_DATA2 @ 0x600008f88
CHIP::PCIE::APCIE_PHY::AUSR2_SHM_CFG.AUSR_SHM_CFG_RXA_PCS_CTRL_DATA3 @ 0x600008f8c
CHIP::PCIE::APCIE_PHY::AUSR2_SHM_CFG.AUSR_SHM_CFG_DCO_PCTRL_CFG0 @ 0x600008f90
CHIP::PCIE::APCIE_PHY::AUSR2_SHM_CFG.AUSR_SHM_CFG_DCO_PCTRL_CFG1 @ 0x600008f94
CHIP::PCIE::APCIE_PHY::AUSR2_SHM_CFG.AUSR_SHM_CFG_DCO_PCTRL_CFG2 @ 0x600008f98
CHIP::PCIE::APCIE_PHY::AUSR2_SHM_CFG.AUSR_SHM_CFG_SAMPL_PCTRL_CFG0 @ 0x600008f9c
CHIP::PCIE::APCIE_PHY::AUSR2_SHM_CFG.AUSR_SHM_CFG_CMN_CFG0 @ 0x600008fa0
CHIP::PCIE::APCIE_PHY::AUSR2_SHM_CFG.AUSR_SHM_CFG_TW_OBS_CFG0 @ 0x600008fa4
CHIP::PCIE::APCIE_PHY::AUSR2_SHM_CFG.AUSR_SHM_CFG_TW_OBS_CFG1 @ 0x600008fa8
CHIP::PCIE::APCIE_PHY::AUSR2_SHM_CFG.AUSR_SHM_CFG_TW_OBS_CFG2 @ 0x600008fac
CHIP::PCIE::APCIE_PHY::AUSR2_SHM_CFG.AUSR_SHM_CFG_TW_OVR_CFG0 @ 0x600008fb0
CHIP::PCIE::APCIE_PHY::AUSR2_SHM_CFG.AUSR_SHM_CFG_EM_CFG @ 0x600008fb4
CHIP::PCIE::APCIE_PHY::AUSR3_CFG.AUSR_CFG_FROM_PIPE_CFG0 @ 0x600009000
CHIP::PCIE::APCIE_PHY::AUSR3_CFG.AUSR_CFG_TO_PIPE_CFG0 @ 0x600009004
CHIP::PCIE::APCIE_PHY::AUSR3_CFG.AUSR_CFG_FROM_LFSR_CFG0 @ 0x600009008
CHIP::PCIE::APCIE_PHY::AUSR3_CFG.AUSR_CFG_FROM_LFSR_CFG1 @ 0x60000900c
CHIP::PCIE::APCIE_PHY::AUSR3_CFG.AUSR_CFG_FROM_LFSR_CFG2 @ 0x600009010
CHIP::PCIE::APCIE_PHY::AUSR3_CFG.AUSR_CFG_TO_PAT_ERR0 @ 0x600009014
CHIP::PCIE::APCIE_PHY::AUSR3_CFG.AUSR_CFG_TO_PAT_ERR1 @ 0x600009018
CHIP::PCIE::APCIE_PHY::AUSR3_CFG.AUSR_CFG_TO_PAT_RXA_PCS_DATA @ 0x60000901c
CHIP::PCIE::APCIE_PHY::AUSR3_CFG.AUSR_CFG_CFG2_RXA @ 0x600009020
CHIP::PCIE::APCIE_PHY::AUSR3_CFG.AUSR_CFG_CFG1W_CDR @ 0x600009024
CHIP::PCIE::APCIE_PHY::AUSR3_CFG.AUSR_CFG_CFG2W_CDR @ 0x600009028
CHIP::PCIE::APCIE_PHY::AUSR3_CFG.AUSR_CFG_CFG3W_CDR @ 0x60000902c
CHIP::PCIE::APCIE_PHY::AUSR3_CFG.AUSR_CFG_CFG4W_CDR @ 0x600009030
CHIP::PCIE::APCIE_PHY::AUSR3_CFG.AUSR_CFG_CFG5W_CDR @ 0x600009034
CHIP::PCIE::APCIE_PHY::AUSR3_CFG.AUSR_CFG_CDR_CFG1R @ 0x600009038
CHIP::PCIE::APCIE_PHY::AUSR3_CFG.AUSR_CFG_CDR_CFG2R @ 0x60000903c
CHIP::PCIE::APCIE_PHY::AUSR3_CFG.AUSR_CFG_CFG_COM @ 0x600009040
CHIP::PCIE::APCIE_PHY::AUSR3_CFG.AUSR_CFG_CFG6W_CDR @ 0x600009044
CHIP::PCIE::APCIE_PHY::AUSR3_SHM_CFG.AUSR_SHM_CFG_PCS_CFG0 @ 0x600009100
CHIP::PCIE::APCIE_PHY::AUSR3_SHM_CFG.AUSR_SHM_CFG_PCS_CFG1 @ 0x600009104
CHIP::PCIE::APCIE_PHY::AUSR3_SHM_CFG.AUSR_SHM_CFG_EI_CFG0 @ 0x600009108
CHIP::PCIE::APCIE_PHY::AUSR3_SHM_CFG.AUSR_SHM_CFG_EI_CFG1 @ 0x60000910c
CHIP::PCIE::APCIE_PHY::AUSR3_SHM_CFG.AUSR_SHM_CFG_EI_CFG2 @ 0x600009110
CHIP::PCIE::APCIE_PHY::AUSR3_SHM_CFG.AUSR_SHM_CFG_RXA_STAT0 @ 0x600009114
CHIP::PCIE::APCIE_PHY::AUSR3_SHM_CFG.AUSR_SHM_CFG_OCCAL_CFG0 @ 0x600009118
CHIP::PCIE::APCIE_PHY::AUSR3_SHM_CFG.AUSR_SHM_CFG_OCCAL_CFG1 @ 0x60000911c
CHIP::PCIE::APCIE_PHY::AUSR3_SHM_CFG.AUSR_SHM_CFG_OCCAL_CFG2 @ 0x600009120
CHIP::PCIE::APCIE_PHY::AUSR3_SHM_CFG.AUSR_SHM_CFG_OCCAL_CFG3 @ 0x600009124
CHIP::PCIE::APCIE_PHY::AUSR3_SHM_CFG.AUSR_SHM_CFG_OCCAL_CFG4 @ 0x600009128
CHIP::PCIE::APCIE_PHY::AUSR3_SHM_CFG.AUSR_SHM_CFG_OCCAL_CFG5 @ 0x60000912c
CHIP::PCIE::APCIE_PHY::AUSR3_SHM_CFG.AUSR_SHM_CFG_OCCAL_CFG6 @ 0x600009130
CHIP::PCIE::APCIE_PHY::AUSR3_SHM_CFG.AUSR_SHM_CFG_OCCAL_STAT0 @ 0x600009134
CHIP::PCIE::APCIE_PHY::AUSR3_SHM_CFG.AUSR_SHM_CFG_OCCAL_STAT1 @ 0x600009138
CHIP::PCIE::APCIE_PHY::AUSR3_SHM_CFG.AUSR_SHM_CFG_OCCAL_STAT2 @ 0x60000913c
CHIP::PCIE::APCIE_PHY::AUSR3_SHM_CFG.AUSR_SHM_CFG_OCCAL_STAT3 @ 0x600009140
CHIP::PCIE::APCIE_PHY::AUSR3_SHM_CFG.AUSR_SHM_CFG_OCCAL_STAT4 @ 0x600009144
CHIP::PCIE::APCIE_PHY::AUSR3_SHM_CFG.AUSR_SHM_CFG_RXA_CFG0 @ 0x600009148
CHIP::PCIE::APCIE_PHY::AUSR3_SHM_CFG.AUSR_SHM_CFG_RXA_CFG1 @ 0x60000914c
CHIP::PCIE::APCIE_PHY::AUSR3_SHM_CFG.AUSR_SHM_CFG_RXA_CFG2 @ 0x600009150
CHIP::PCIE::APCIE_PHY::AUSR3_SHM_CFG.AUSR_SHM_CFG_RXA_CFG3 @ 0x600009154
CHIP::PCIE::APCIE_PHY::AUSR3_SHM_CFG.AUSR_SHM_CFG_RXA_CFG4 @ 0x600009158
CHIP::PCIE::APCIE_PHY::AUSR3_SHM_CFG.AUSR_SHM_CFG_RXA_CFG5 @ 0x60000915c
CHIP::PCIE::APCIE_PHY::AUSR3_SHM_CFG.AUSR_SHM_CFG_RXA_CFG6 @ 0x600009160
CHIP::PCIE::APCIE_PHY::AUSR3_SHM_CFG.AUSR_SHM_CFG_AFE_CTRL0 @ 0x600009164
CHIP::PCIE::APCIE_PHY::AUSR3_SHM_CFG.AUSR_SHM_CFG_AFE_CTRL1 @ 0x600009168
CHIP::PCIE::APCIE_PHY::AUSR3_SHM_CFG.AUSR_SHM_CFG_CFG_CAL @ 0x60000916c
CHIP::PCIE::APCIE_PHY::AUSR3_SHM_CFG.AUSR_SHM_CFG_CDR_PD_OV_CTRL0 @ 0x600009170
CHIP::PCIE::APCIE_PHY::AUSR3_SHM_CFG.AUSR_SHM_CFG_CDR_PD_OV_CTRL1 @ 0x600009174
CHIP::PCIE::APCIE_PHY::AUSR3_SHM_CFG.AUSR_SHM_CFG_CDR_PD_OV_CTRL2 @ 0x600009178
CHIP::PCIE::APCIE_PHY::AUSR3_SHM_CFG.AUSR_SHM_CFG_TEST_MUX_CTRL @ 0x60000917c
CHIP::PCIE::APCIE_PHY::AUSR3_SHM_CFG.AUSR_SHM_CFG_RXA_PCS_CTRL_DATA0 @ 0x600009180
CHIP::PCIE::APCIE_PHY::AUSR3_SHM_CFG.AUSR_SHM_CFG_RXA_PCS_CTRL_DATA1 @ 0x600009184
CHIP::PCIE::APCIE_PHY::AUSR3_SHM_CFG.AUSR_SHM_CFG_RXA_PCS_CTRL_DATA2 @ 0x600009188
CHIP::PCIE::APCIE_PHY::AUSR3_SHM_CFG.AUSR_SHM_CFG_RXA_PCS_CTRL_DATA3 @ 0x60000918c
CHIP::PCIE::APCIE_PHY::AUSR3_SHM_CFG.AUSR_SHM_CFG_DCO_PCTRL_CFG0 @ 0x600009190
CHIP::PCIE::APCIE_PHY::AUSR3_SHM_CFG.AUSR_SHM_CFG_DCO_PCTRL_CFG1 @ 0x600009194
CHIP::PCIE::APCIE_PHY::AUSR3_SHM_CFG.AUSR_SHM_CFG_DCO_PCTRL_CFG2 @ 0x600009198
CHIP::PCIE::APCIE_PHY::AUSR3_SHM_CFG.AUSR_SHM_CFG_SAMPL_PCTRL_CFG0 @ 0x60000919c
CHIP::PCIE::APCIE_PHY::AUSR3_SHM_CFG.AUSR_SHM_CFG_CMN_CFG0 @ 0x6000091a0
CHIP::PCIE::APCIE_PHY::AUSR3_SHM_CFG.AUSR_SHM_CFG_TW_OBS_CFG0 @ 0x6000091a4
CHIP::PCIE::APCIE_PHY::AUSR3_SHM_CFG.AUSR_SHM_CFG_TW_OBS_CFG1 @ 0x6000091a8
CHIP::PCIE::APCIE_PHY::AUSR3_SHM_CFG.AUSR_SHM_CFG_TW_OBS_CFG2 @ 0x6000091ac
CHIP::PCIE::APCIE_PHY::AUSR3_SHM_CFG.AUSR_SHM_CFG_TW_OVR_CFG0 @ 0x6000091b0
CHIP::PCIE::APCIE_PHY::AUSR3_SHM_CFG.AUSR_SHM_CFG_EM_CFG @ 0x6000091b4
CHIP::PCIE::APCIE_PHY::AUSR4_CFG.AUSR_CFG_FROM_PIPE_CFG0 @ 0x600009200
CHIP::PCIE::APCIE_PHY::AUSR4_CFG.AUSR_CFG_TO_PIPE_CFG0 @ 0x600009204
CHIP::PCIE::APCIE_PHY::AUSR4_CFG.AUSR_CFG_FROM_LFSR_CFG0 @ 0x600009208
CHIP::PCIE::APCIE_PHY::AUSR4_CFG.AUSR_CFG_FROM_LFSR_CFG1 @ 0x60000920c
CHIP::PCIE::APCIE_PHY::AUSR4_CFG.AUSR_CFG_FROM_LFSR_CFG2 @ 0x600009210
CHIP::PCIE::APCIE_PHY::AUSR4_CFG.AUSR_CFG_TO_PAT_ERR0 @ 0x600009214
CHIP::PCIE::APCIE_PHY::AUSR4_CFG.AUSR_CFG_TO_PAT_ERR1 @ 0x600009218
CHIP::PCIE::APCIE_PHY::AUSR4_CFG.AUSR_CFG_TO_PAT_RXA_PCS_DATA @ 0x60000921c
CHIP::PCIE::APCIE_PHY::AUSR4_CFG.AUSR_CFG_CFG2_RXA @ 0x600009220
CHIP::PCIE::APCIE_PHY::AUSR4_CFG.AUSR_CFG_CFG1W_CDR @ 0x600009224
CHIP::PCIE::APCIE_PHY::AUSR4_CFG.AUSR_CFG_CFG2W_CDR @ 0x600009228
CHIP::PCIE::APCIE_PHY::AUSR4_CFG.AUSR_CFG_CFG3W_CDR @ 0x60000922c
CHIP::PCIE::APCIE_PHY::AUSR4_CFG.AUSR_CFG_CFG4W_CDR @ 0x600009230
CHIP::PCIE::APCIE_PHY::AUSR4_CFG.AUSR_CFG_CFG5W_CDR @ 0x600009234
CHIP::PCIE::APCIE_PHY::AUSR4_CFG.AUSR_CFG_CDR_CFG1R @ 0x600009238
CHIP::PCIE::APCIE_PHY::AUSR4_CFG.AUSR_CFG_CDR_CFG2R @ 0x60000923c
CHIP::PCIE::APCIE_PHY::AUSR4_CFG.AUSR_CFG_CFG_COM @ 0x600009240
CHIP::PCIE::APCIE_PHY::AUSR4_CFG.AUSR_CFG_CFG6W_CDR @ 0x600009244
CHIP::PCIE::APCIE_PHY::AUSR4_SHM_CFG.AUSR_SHM_CFG_PCS_CFG0 @ 0x600009300
CHIP::PCIE::APCIE_PHY::AUSR4_SHM_CFG.AUSR_SHM_CFG_PCS_CFG1 @ 0x600009304
CHIP::PCIE::APCIE_PHY::AUSR4_SHM_CFG.AUSR_SHM_CFG_EI_CFG0 @ 0x600009308
CHIP::PCIE::APCIE_PHY::AUSR4_SHM_CFG.AUSR_SHM_CFG_EI_CFG1 @ 0x60000930c
CHIP::PCIE::APCIE_PHY::AUSR4_SHM_CFG.AUSR_SHM_CFG_EI_CFG2 @ 0x600009310
CHIP::PCIE::APCIE_PHY::AUSR4_SHM_CFG.AUSR_SHM_CFG_RXA_STAT0 @ 0x600009314
CHIP::PCIE::APCIE_PHY::AUSR4_SHM_CFG.AUSR_SHM_CFG_OCCAL_CFG0 @ 0x600009318
CHIP::PCIE::APCIE_PHY::AUSR4_SHM_CFG.AUSR_SHM_CFG_OCCAL_CFG1 @ 0x60000931c
CHIP::PCIE::APCIE_PHY::AUSR4_SHM_CFG.AUSR_SHM_CFG_OCCAL_CFG2 @ 0x600009320
CHIP::PCIE::APCIE_PHY::AUSR4_SHM_CFG.AUSR_SHM_CFG_OCCAL_CFG3 @ 0x600009324
CHIP::PCIE::APCIE_PHY::AUSR4_SHM_CFG.AUSR_SHM_CFG_OCCAL_CFG4 @ 0x600009328
CHIP::PCIE::APCIE_PHY::AUSR4_SHM_CFG.AUSR_SHM_CFG_OCCAL_CFG5 @ 0x60000932c
CHIP::PCIE::APCIE_PHY::AUSR4_SHM_CFG.AUSR_SHM_CFG_OCCAL_CFG6 @ 0x600009330
CHIP::PCIE::APCIE_PHY::AUSR4_SHM_CFG.AUSR_SHM_CFG_OCCAL_STAT0 @ 0x600009334
CHIP::PCIE::APCIE_PHY::AUSR4_SHM_CFG.AUSR_SHM_CFG_OCCAL_STAT1 @ 0x600009338
CHIP::PCIE::APCIE_PHY::AUSR4_SHM_CFG.AUSR_SHM_CFG_OCCAL_STAT2 @ 0x60000933c
CHIP::PCIE::APCIE_PHY::AUSR4_SHM_CFG.AUSR_SHM_CFG_OCCAL_STAT3 @ 0x600009340
CHIP::PCIE::APCIE_PHY::AUSR4_SHM_CFG.AUSR_SHM_CFG_OCCAL_STAT4 @ 0x600009344
CHIP::PCIE::APCIE_PHY::AUSR4_SHM_CFG.AUSR_SHM_CFG_RXA_CFG0 @ 0x600009348
CHIP::PCIE::APCIE_PHY::AUSR4_SHM_CFG.AUSR_SHM_CFG_RXA_CFG1 @ 0x60000934c
CHIP::PCIE::APCIE_PHY::AUSR4_SHM_CFG.AUSR_SHM_CFG_RXA_CFG2 @ 0x600009350
CHIP::PCIE::APCIE_PHY::AUSR4_SHM_CFG.AUSR_SHM_CFG_RXA_CFG3 @ 0x600009354
CHIP::PCIE::APCIE_PHY::AUSR4_SHM_CFG.AUSR_SHM_CFG_RXA_CFG4 @ 0x600009358
CHIP::PCIE::APCIE_PHY::AUSR4_SHM_CFG.AUSR_SHM_CFG_RXA_CFG5 @ 0x60000935c
CHIP::PCIE::APCIE_PHY::AUSR4_SHM_CFG.AUSR_SHM_CFG_RXA_CFG6 @ 0x600009360
CHIP::PCIE::APCIE_PHY::AUSR4_SHM_CFG.AUSR_SHM_CFG_AFE_CTRL0 @ 0x600009364
CHIP::PCIE::APCIE_PHY::AUSR4_SHM_CFG.AUSR_SHM_CFG_AFE_CTRL1 @ 0x600009368
CHIP::PCIE::APCIE_PHY::AUSR4_SHM_CFG.AUSR_SHM_CFG_CFG_CAL @ 0x60000936c
CHIP::PCIE::APCIE_PHY::AUSR4_SHM_CFG.AUSR_SHM_CFG_CDR_PD_OV_CTRL0 @ 0x600009370
CHIP::PCIE::APCIE_PHY::AUSR4_SHM_CFG.AUSR_SHM_CFG_CDR_PD_OV_CTRL1 @ 0x600009374
CHIP::PCIE::APCIE_PHY::AUSR4_SHM_CFG.AUSR_SHM_CFG_CDR_PD_OV_CTRL2 @ 0x600009378
CHIP::PCIE::APCIE_PHY::AUSR4_SHM_CFG.AUSR_SHM_CFG_TEST_MUX_CTRL @ 0x60000937c
CHIP::PCIE::APCIE_PHY::AUSR4_SHM_CFG.AUSR_SHM_CFG_RXA_PCS_CTRL_DATA0 @ 0x600009380
CHIP::PCIE::APCIE_PHY::AUSR4_SHM_CFG.AUSR_SHM_CFG_RXA_PCS_CTRL_DATA1 @ 0x600009384
CHIP::PCIE::APCIE_PHY::AUSR4_SHM_CFG.AUSR_SHM_CFG_RXA_PCS_CTRL_DATA2 @ 0x600009388
CHIP::PCIE::APCIE_PHY::AUSR4_SHM_CFG.AUSR_SHM_CFG_RXA_PCS_CTRL_DATA3 @ 0x60000938c
CHIP::PCIE::APCIE_PHY::AUSR4_SHM_CFG.AUSR_SHM_CFG_DCO_PCTRL_CFG0 @ 0x600009390
CHIP::PCIE::APCIE_PHY::AUSR4_SHM_CFG.AUSR_SHM_CFG_DCO_PCTRL_CFG1 @ 0x600009394
CHIP::PCIE::APCIE_PHY::AUSR4_SHM_CFG.AUSR_SHM_CFG_DCO_PCTRL_CFG2 @ 0x600009398
CHIP::PCIE::APCIE_PHY::AUSR4_SHM_CFG.AUSR_SHM_CFG_SAMPL_PCTRL_CFG0 @ 0x60000939c
CHIP::PCIE::APCIE_PHY::AUSR4_SHM_CFG.AUSR_SHM_CFG_CMN_CFG0 @ 0x6000093a0
CHIP::PCIE::APCIE_PHY::AUSR4_SHM_CFG.AUSR_SHM_CFG_TW_OBS_CFG0 @ 0x6000093a4
CHIP::PCIE::APCIE_PHY::AUSR4_SHM_CFG.AUSR_SHM_CFG_TW_OBS_CFG1 @ 0x6000093a8
CHIP::PCIE::APCIE_PHY::AUSR4_SHM_CFG.AUSR_SHM_CFG_TW_OBS_CFG2 @ 0x6000093ac
CHIP::PCIE::APCIE_PHY::AUSR4_SHM_CFG.AUSR_SHM_CFG_TW_OVR_CFG0 @ 0x6000093b0
CHIP::PCIE::APCIE_PHY::AUSR4_SHM_CFG.AUSR_SHM_CFG_EM_CFG @ 0x6000093b4
CHIP::PCIE::APCIE_PHY::AUS_TOP_CFG_REGS.AUS_TOP_CFG_REGS_CFG0W_CAL @ 0x600009400
CHIP::PCIE::APCIE_PHY::AUS_TOP_CFG_REGS.AUS_TOP_CFG_REGS_CFG1W_MISC @ 0x600009404
CHIP::PCIE::APCIE_PHY::AUS_TOP_CFG_REGS.AUS_TOP_CFG_REGS_CAL_CFG0R @ 0x600009408
CHIP::PCIE::APCIE_PHY::AUS_TOP_CFG_REGS.AUS_TOP_CFG_REGS_GPIO_MUX_SELR @ 0x60000940c
CHIP::PCIE::APCIE_PHY::AUSP_SHM.AUSP_SHM_CAL_HW_CTL0 @ 0x600009a00
CHIP::PCIE::APCIE_PHY::AUSP_SHM.AUSP_SHM_CAL_HW_CTL1 @ 0x600009a04
CHIP::PCIE::APCIE_PHY::AUSP_SHM.AUSP_SHM_CAL_OVERWRITE @ 0x600009a08
CHIP::PCIE::APCIE_PHY::AUSP_SHM.AUSP_SHM_CAL_SW_CFG0 @ 0x600009a0c
CHIP::PCIE::APCIE_PHY::AUSP_SHM.AUSP_SHM_CAL_SW_CFG1 @ 0x600009a10
CHIP::PCIE::APCIE_PHY::AUSP_SHM.AUSP_SHM_CFG_LDO @ 0x600009a14
CHIP::PCIE::APCIE_PHY::AUSP_SHM.AUSP_SHM_CFG_BIAS @ 0x600009a18
CHIP::PCIE::APCIE_PHY::AUSP_SHM.AUSP_SHM_CFG_CMN_BIAS @ 0x600009a1c
CHIP::PCIE::APCIE_PHY::AUSP_SHM.AUSP_SHM_CFG_EXTC @ 0x600009a20
CHIP::PCIE::APCIE_PHY::AUSP_SHM.AUSP_SHM_CFG_CAL @ 0x600009a24
CHIP::PCIE::APCIE_PHY::AUSP_SHM.AUSP_SHM_CFG_CLKRX @ 0x600009a28
CHIP::PCIE::APCIE_PHY::AUSP_SHM.AUSP_SHM_CFG_TEST @ 0x600009a2c
CHIP::PCIE::APCIE_PHY::AUSP_SHM.AUSP_SHM_PLL_BOOST_CFG @ 0x600009a30
CHIP::PCIE::APCIE_PHY::AUSP_SHM.AUSP_SHM_PLL_PFD_CFG @ 0x600009a34
CHIP::PCIE::APCIE_PHY::AUSP_SHM.AUSP_SHM_PLL_BYPASS_CFG @ 0x600009a38
CHIP::PCIE::APCIE_PHY::AUSP_SHM.AUSP_SHM_PLL_SSSDM_CFG @ 0x600009a3c
CHIP::PCIE::APCIE_PHY::AUSP_SHM.AUSP_SHM_PLL_FCWTST_CFG @ 0x600009a40
CHIP::PCIE::APCIE_PHY::AUSP_SHM.AUSP_SHM_PLL_CP_CFG @ 0x600009a44
CHIP::PCIE::APCIE_PHY::AUSP_SHM.AUSP_SHM_PLL_DIV_CFG @ 0x600009a48
CHIP::PCIE::APCIE_PHY::AUSP_SHM.AUSP_SHM_PLL_OPDIV_CFG @ 0x600009a4c
CHIP::PCIE::APCIE_PHY::AUSP_SHM.AUSP_SHM_PLL_LPFR_CFG @ 0x600009a50
CHIP::PCIE::APCIE_PHY::AUSP_SHM.AUSP_SHM_PLL_LPFC_CFG @ 0x600009a54
CHIP::PCIE::APCIE_PHY::AUSP_SHM.AUSP_SHM_PLL_VCO_CFG @ 0x600009a58
CHIP::PCIE::APCIE_PHY::AUSP_SHM.AUSP_SHM_CFG_PLL @ 0x600009a5c
CHIP::PCIE::APCIE_PHY::AUSP_SHM.AUSP_SHM_PLL_CFG @ 0x600009a60
CHIP::PCIE::APCIE_PHY::AUSP_SHM.AUSP_SHM_CMN_CFG @ 0x600009a64
CHIP::PCIE::APCIE_PHY::AUSP_SHM.AUSP_SHM_PFSM_CFG1 @ 0x600009a68
CHIP::PCIE::APCIE_PHY::AUSP_SHM.AUSP_SHM_TW_CFG1 @ 0x600009a6c
CHIP::PCIE::APCIE_PHY::AUSP_SHM.AUSP_SHM_TW_CFG2 @ 0x600009a70
CHIP::PCIE::APCIE_PHY::AUSP_SHM.AUSP_SHM_TW_CFG3 @ 0x600009a74
CHIP::PCIE::APCIE_PHY::AUSP_SHM.AUSP_SHM_TW_CFG4 @ 0x600009a78
CHIP::PCIE::APCIE_PHY::AUSP_SHM.AUSP_SHM_PSHM_APB_OV1 @ 0x600009a7c
CHIP::PCIE::APCIE_PHY::AUSP_SHM.AUSP_SHM_PSHM_APB_OV2 @ 0x600009a80
CHIP::PCIE::AFC_AIU_APCIE.AFC_AIU_APCIE_SELF_REGS_ARBCFG @ 0x600010000
CHIP::PCIE::AFC_AIU_APCIE.AFC_AIU_APCIE_SELF_REGS_DWCFG_LEG0 @ 0x600010004
CHIP::PCIE::AFC_AIU_APCIE.AFC_AIU_APCIE_SELF_REGS_DWCFG_LEG1 @ 0x600010008
CHIP::PCIE::AFC_AIU_APCIE.AFC_AIU_APCIE_SELF_REGS_DWCFG_LEG2 @ 0x60001000c
CHIP::PCIE::AFC_AIU_APCIE.AFC_AIU_APCIE_SELF_REGS_DNRSP_CREDIT_ALLOC @ 0x600010010
CHIP::PCIE::AFC_AIU_APCIE.AFC_AIU_APCIE_SELF_REGS_PIO_CREDIT_ALLOC @ 0x600010014
CHIP::PCIE::AFC_AIU_APCIE.AFC_AIU_APCIE_SELF_REGS_CPG_CNTL @ 0x600010018
CHIP::PCIE::AFC_AIU_APCIE.AFC_AIU_PERF_CNTR_APCIE_AW0_PERF_CNTR_CNTRL @ 0x600014000
CHIP::PCIE::AFC_AIU_APCIE.AFC_AIU_PERF_CNTR_APCIE_AW0_DEPTH_CNTR_STATUS @ 0x600014004
CHIP::PCIE::AFC_AIU_APCIE.AFC_AIU_PERF_CNTR_APCIE_AW0_LATENCY_CNTR_STATUS @ 0x600014008
CHIP::PCIE::AFC_AIU_APCIE.AFC_AIU_PERF_CNTR_APCIE_AW0_THROUGHPUT_CNTR_STATUS @ 0x60001400c
CHIP::PCIE::AFC_AIU_APCIE.AFC_AIU_PERF_CNTR_APCIE_AR0_PERF_CNTR_CNTRL @ 0x600014010
CHIP::PCIE::AFC_AIU_APCIE.AFC_AIU_PERF_CNTR_APCIE_AR0_DEPTH_CNTR_STATUS @ 0x600014014
CHIP::PCIE::AFC_AIU_APCIE.AFC_AIU_PERF_CNTR_APCIE_AR0_LATENCY_CNTR_STATUS @ 0x600014018
CHIP::PCIE::AFC_AIU_APCIE.AFC_AIU_PERF_CNTR_APCIE_AR0_THROUGHPUT_CNTR_STATUS @ 0x60001401c
CHIP::PCIE::AFC_AIU_APCIE.AFC_AIU_PERF_CNTR_APCIE_AW1_PERF_CNTR_CNTRL @ 0x600014020
CHIP::PCIE::AFC_AIU_APCIE.AFC_AIU_PERF_CNTR_APCIE_AW1_DEPTH_CNTR_STATUS @ 0x600014024
CHIP::PCIE::AFC_AIU_APCIE.AFC_AIU_PERF_CNTR_APCIE_AW1_LATENCY_CNTR_STATUS @ 0x600014028
CHIP::PCIE::AFC_AIU_APCIE.AFC_AIU_PERF_CNTR_APCIE_AW1_THROUGHPUT_CNTR_STATUS @ 0x60001402c
CHIP::PCIE::AFC_AIU_APCIE.AFC_AIU_PERF_CNTR_APCIE_AR1_PERF_CNTR_CNTRL @ 0x600014030
CHIP::PCIE::AFC_AIU_APCIE.AFC_AIU_PERF_CNTR_APCIE_AR1_DEPTH_CNTR_STATUS @ 0x600014034
CHIP::PCIE::AFC_AIU_APCIE.AFC_AIU_PERF_CNTR_APCIE_AR1_LATENCY_CNTR_STATUS @ 0x600014038
CHIP::PCIE::AFC_AIU_APCIE.AFC_AIU_PERF_CNTR_APCIE_AR1_THROUGHPUT_CNTR_STATUS @ 0x60001403c
CHIP::PCIE::AFC_AIU_APCIE.AFC_AIU_PERF_CNTR_APCIE_AW_BYTE_CNTR_CNTRL @ 0x600014100
CHIP::PCIE::AFC_AIU_APCIE.AFC_AIU_PERF_CNTR_APCIE_AW_BYTE_CNTR_LSB_STATUS @ 0x600014104
CHIP::PCIE::AFC_AIU_APCIE.AFC_AIU_PERF_CNTR_APCIE_AW_BYTE_CNTR_MSB_STATUS @ 0x600014108
CHIP::PCIE::AFC_AIU_APCIE.AFC_AIU_PERF_CNTR_APCIE_AR_BYTE_CNTR_CNTRL @ 0x60001410c
CHIP::PCIE::AFC_AIU_APCIE.AFC_AIU_PERF_CNTR_APCIE_AR_BYTE_CNTR_LSB_STATUS @ 0x600014110
CHIP::PCIE::AFC_AIU_APCIE.AFC_AIU_PERF_CNTR_APCIE_AR_BYTE_CNTR_MSB_STATUS @ 0x600014114
CHIP::PCIE::APCIE_PORT[0]::APCIE_CONFIG.SH_PCIECMD @ 0x601000000
CHIP::PCIE::APCIE_PORT[0]::APCIE_CONFIG.SH_PCIESECB @ 0x601000004
CHIP::PCIE::APCIE_PORT[0]::APCIE_CONFIG.SH_PCIESUBB @ 0x601000008
CHIP::PCIE::APCIE_PORT[0]::APCIE_CONFIG.SH_PCIE_IOBASELIM @ 0x60100000c
CHIP::PCIE::APCIE_PORT[0]::APCIE_CONFIG.SH_PCIEMEMBASE @ 0x601000010
CHIP::PCIE::APCIE_PORT[0]::APCIE_CONFIG.SH_PCIEMEMLIM @ 0x601000014
CHIP::PCIE::APCIE_PORT[0]::APCIE_CONFIG.SH_PCIEPRMEMBASE @ 0x601000018
CHIP::PCIE::APCIE_PORT[0]::APCIE_CONFIG.SH_PCIEPRMEMLIM @ 0x601000020
CHIP::PCIE::APCIE_PORT[0]::APCIE_CONFIG.SH_PCIEUPRMEMBASE @ 0x601000024
CHIP::PCIE::APCIE_PORT[0]::APCIE_CONFIG.SH_PCIEUPRMEMLIM @ 0x601000028
CHIP::PCIE::APCIE_PORT[0]::APCIE_CONFIG.LINKCFG @ 0x601000080
CHIP::PCIE::APCIE_PORT[0]::APCIE_CONFIG.LINKCTRL @ 0x601000084
CHIP::PCIE::APCIE_PORT[0]::APCIE_CONFIG.LINKSTS @ 0x601000088
CHIP::PCIE::APCIE_PORT[0]::APCIE_CONFIG.PMETO @ 0x60100008c
CHIP::PCIE::APCIE_PORT[0]::APCIE_CONFIG.PMETOACK_TMOTLIM @ 0x601000090
CHIP::PCIE::APCIE_PORT[0]::APCIE_CONFIG.PCIE_AESSTS @ 0x6010000a0
CHIP::PCIE::APCIE_PORT[0]::APCIE_CONFIG.REQ_ERROR_CODE @ 0x6010000a4
CHIP::PCIE::APCIE_PORT[0]::APCIE_CONFIG.PCIELINT @ 0x601000100
CHIP::PCIE::APCIE_PORT[0]::APCIE_CONFIG.PCIELINTMSK @ 0x601000104
CHIP::PCIE::APCIE_PORT[0]::APCIE_CONFIG.PCIELINTMSK_SET @ 0x601000108
CHIP::PCIE::APCIE_PORT[0]::APCIE_CONFIG.PCIELINTMSK_CLR @ 0x60100010c
CHIP::PCIE::APCIE_PORT[0]::APCIE_CONFIG.PCIEPINT @ 0x601000110
CHIP::PCIE::APCIE_PORT[0]::APCIE_CONFIG.ERRMSGREQID @ 0x601000120
CHIP::PCIE::APCIE_PORT[0]::APCIE_CONFIG.AL_MSI_CTRL @ 0x601000124
CHIP::PCIE::APCIE_PORT[0]::APCIE_CONFIG.AL_MSI_DATA @ 0x601000128
CHIP::PCIE::APCIE_PORT[0]::APCIE_CONFIG.INBCTRL @ 0x601000130
CHIP::PCIE::APCIE_PORT[0]::APCIE_CONFIG.OUTBCTRL @ 0x601000134
CHIP::PCIE::APCIE_PORT[0]::APCIE_CONFIG.MCACHE_HINT @ 0x601000138
CHIP::PCIE::APCIE_PORT[0]::APCIE_CONFIG.L1SUBCTRL @ 0x60100013c
CHIP::PCIE::APCIE_PORT[0]::APCIE_CONFIG.AF_TMOT_CTRL @ 0x601000140
CHIP::PCIE::APCIE_PORT[0]::APCIE_CONFIG.RO_WREN_CTRL @ 0x601000200
CHIP::PCIE::APCIE_PORT[0]::APCIE_CONFIG.DBGCTRL @ 0x601000208
CHIP::PCIE::APCIE_PORT[0]::APCIE_CONFIG.LINKCDMSTS @ 0x601000210
CHIP::PCIE::APCIE_PORT[0]::APCIE_CONFIG.LINKCDMCNTSEL @ 0x601000214
CHIP::PCIE::APCIE_PORT[0]::APCIE_CONFIG.LINKCDMSTSCNT @ 0x601000218
CHIP::PCIE::APCIE_PORT[0]::APCIE_CONFIG.INCLRFIFOSTS @ 0x601000220
CHIP::PCIE::APCIE_PORT[0]::APCIE_CONFIG.INCRYPTOWRFIFOSTS @ 0x601000224
CHIP::PCIE::APCIE_PORT[0]::APCIE_CONFIG.INCRYPTORDFIFOSTS @ 0x601000228
CHIP::PCIE::APCIE_PORT[0]::APCIE_CONFIG.MMUFIFOSTS @ 0x60100022c
CHIP::PCIE::APCIE_PORT[0]::APCIE_CONFIG.OUTCLRFIFOSTS @ 0x601000230
CHIP::PCIE::APCIE_PORT[0]::APCIE_CONFIG.DIAGCTRL @ 0x601000800
CHIP::PCIE::APCIE_PORT[0]::APCIE_CONFIG.LINKPMGRSTS @ 0x601000804
CHIP::PCIE::APCIE_PORT[0]::APCIE_MMU.CACHE_CONFIG @ 0x601004000
CHIP::PCIE::APCIE_PORT[0]::APCIE_MMU.CACHE_INVALIDATE @ 0x601004004
CHIP::PCIE::APCIE_PORT[0]::APCIE_MMU.TAGBUF_ADDR_LSB @ 0x601004008
CHIP::PCIE::APCIE_PORT[0]::APCIE_MMU.TAGBUF_ADDR_MSB @ 0x60100400c
CHIP::PCIE::APCIE_PORT[0]::APCIE_MMU.ILLEGAL_ADDR_LSB @ 0x601004010
CHIP::PCIE::APCIE_PORT[0]::APCIE_MMU.ILLEGAL_ADDR_MSB @ 0x601004014
CHIP::PCIE::APCIE_PORT[0]::APCIE_MMU.CLR_MSI_VIRT_ADDR @ 0x601004018
CHIP::PCIE::APCIE_PORT[0]::APCIE_MMU.CRYPTO_MSI_VIRT_ADDR @ 0x60100401c
CHIP::PCIE::APCIE_PORT[0]::APCIE_MMU.SART_CFG @ 0x601004020
CHIP::PCIE::APCIE_PORT[0]::APCIE_MMU.SART_VBASE @ 0x601004024
CHIP::PCIE::APCIE_PORT[0]::APCIE_MMU.SART_VLIMIT @ 0x601004028
CHIP::PCIE::APCIE_PORT[0]::APCIE_MMU.SART_PBASE @ 0x60100402c
CHIP::PCIE::APCIE_PORT[0]::APCIE_MMU.MMU_ERROR_STATUS @ 0x601004030
CHIP::PCIE::APCIE_PORT[0]::APCIE_MMU.MMU_ERROR_CAUSE @ 0x601004034
CHIP::PCIE::APCIE_PORT[0]::APCIE_MMU.MMU_ERROR_MASK @ 0x601004038
CHIP::PCIE::APCIE_PORT[0]::APCIE_MMU.MMU_ERROR_MEM_RESP_LSB @ 0x60100403c
CHIP::PCIE::APCIE_PORT[0]::APCIE_MMU.AES_ERROR_LOG @ 0x601004040
CHIP::PCIE::APCIE_PORT[0]::APCIE_MMU.MMU_ERROR_MEM_RESP_MSB @ 0x601004044
CHIP::PCIE::APCIE_PORT[0]::APCIE_MMU.MMU_ERROR_MEM_RESP_STATUS @ 0x601004048
CHIP::PCIE::APCIE_PORT[0]::APCIE_MMU.MMU_ROUTER_ERROR_LOG_LSB @ 0x60100404c
CHIP::PCIE::APCIE_PORT[0]::APCIE_MMU.MMU_ROUTER_ERROR_LOG_MSB @ 0x601004050
CHIP::PCIE::APCIE_PORT[0]::APCIE_MMU.MMU_ERROR_STATUS_CLEAR @ 0x601004054
CHIP::PCIE::APCIE_PORT[0]::APCIE_MMU.MMU_STATS_CTL @ 0x601004058
CHIP::PCIE::APCIE_PORT[0]::APCIE_MMU.MMU_STATS_TAG_MISS @ 0x60100405c
CHIP::PCIE::APCIE_PORT[0]::APCIE_MMU.MMU_STATS_PA_MISS @ 0x601004060
CHIP::PCIE::APCIE_PORT[0]::APCIE_MMU.MMU_STATS_HIT @ 0x601004064
CHIP::PCIE::APCIE_PORT[0]::DART.DART_TLB_OP @ 0x601008000
CHIP::PCIE::APCIE_PORT[0]::DART.DART_TLB_TAG_DATA @ 0x601008004
CHIP::PCIE::APCIE_PORT[0]::DART.DART_TLB_PA_DATA @ 0x601008008
CHIP::PCIE::APCIE_PORT[0]::DART.DART_CONFIG @ 0x60100800c
CHIP::PCIE::APCIE_PORT[0]::DART.DART_ERR_STATUS @ 0x601008010
CHIP::PCIE::APCIE_PORT[0]::DART.DART_ERR_AXI_REQ0 @ 0x601008014
CHIP::PCIE::APCIE_PORT[0]::DART.DART_ERR_AXI_REQ1 @ 0x601008018
CHIP::PCIE::APCIE_PORT[0]::DART.DART_ERR_ADDRESS @ 0x60100801c
CHIP::PCIE::APCIE_PORT[0]::DART.DART_DIAG_CONFIG @ 0x601008020
CHIP::PCIE::APCIE_PORT[0]::DART.DART_DIAG_BOGUS_ACCESS @ 0x601008024
CHIP::PCIE::APCIE_PORT[0]::DART.DART_SID_REMAP @ 0x601008028
CHIP::PCIE::APCIE_PORT[0]::DART.DART_BYPASS_ADDR @ 0x60100802c
CHIP::PCIE::APCIE_PORT[0]::DART.DART_FETCH_REQ_CONFIG @ 0x601008030
CHIP::PCIE::APCIE_PORT[0]::DART.DART_TTBR @ 0x601008040
CHIP::PCIE::APCIE_PORT[0]::DART.DART_PERF_CONFIG @ 0x601009000
CHIP::PCIE::APCIE_PORT[0]::DART.TLB_MISS_CTR @ 0x601009004
CHIP::PCIE::APCIE_PORT[0]::DART.TLB_WAIT_CTR @ 0x601009008
CHIP::PCIE::APCIE_PORT[0]::DART.TLB_HIT_CTR @ 0x60100900c
CHIP::PCIE::APCIE_PORT[0]::DART.ST_MISS_CTR @ 0x601009010
CHIP::PCIE::APCIE_PORT[0]::DART.ST_WAIT_CTR @ 0x601009014
CHIP::PCIE::APCIE_PORT[0]::DART.ST_HIT_CTR @ 0x601009018
CHIP::PCIE::APCIE_PORT[1]::APCIE_CONFIG.SH_PCIECMD @ 0x602000000
CHIP::PCIE::APCIE_PORT[1]::APCIE_CONFIG.SH_PCIESECB @ 0x602000004
CHIP::PCIE::APCIE_PORT[1]::APCIE_CONFIG.SH_PCIESUBB @ 0x602000008
CHIP::PCIE::APCIE_PORT[1]::APCIE_CONFIG.SH_PCIE_IOBASELIM @ 0x60200000c
CHIP::PCIE::APCIE_PORT[1]::APCIE_CONFIG.SH_PCIEMEMBASE @ 0x602000010
CHIP::PCIE::APCIE_PORT[1]::APCIE_CONFIG.SH_PCIEMEMLIM @ 0x602000014
CHIP::PCIE::APCIE_PORT[1]::APCIE_CONFIG.SH_PCIEPRMEMBASE @ 0x602000018
CHIP::PCIE::APCIE_PORT[1]::APCIE_CONFIG.SH_PCIEPRMEMLIM @ 0x602000020
CHIP::PCIE::APCIE_PORT[1]::APCIE_CONFIG.SH_PCIEUPRMEMBASE @ 0x602000024
CHIP::PCIE::APCIE_PORT[1]::APCIE_CONFIG.SH_PCIEUPRMEMLIM @ 0x602000028
CHIP::PCIE::APCIE_PORT[1]::APCIE_CONFIG.LINKCFG @ 0x602000080
CHIP::PCIE::APCIE_PORT[1]::APCIE_CONFIG.LINKCTRL @ 0x602000084
CHIP::PCIE::APCIE_PORT[1]::APCIE_CONFIG.LINKSTS @ 0x602000088
CHIP::PCIE::APCIE_PORT[1]::APCIE_CONFIG.PMETO @ 0x60200008c
CHIP::PCIE::APCIE_PORT[1]::APCIE_CONFIG.PMETOACK_TMOTLIM @ 0x602000090
CHIP::PCIE::APCIE_PORT[1]::APCIE_CONFIG.PCIE_AESSTS @ 0x6020000a0
CHIP::PCIE::APCIE_PORT[1]::APCIE_CONFIG.REQ_ERROR_CODE @ 0x6020000a4
CHIP::PCIE::APCIE_PORT[1]::APCIE_CONFIG.PCIELINT @ 0x602000100
CHIP::PCIE::APCIE_PORT[1]::APCIE_CONFIG.PCIELINTMSK @ 0x602000104
CHIP::PCIE::APCIE_PORT[1]::APCIE_CONFIG.PCIELINTMSK_SET @ 0x602000108
CHIP::PCIE::APCIE_PORT[1]::APCIE_CONFIG.PCIELINTMSK_CLR @ 0x60200010c
CHIP::PCIE::APCIE_PORT[1]::APCIE_CONFIG.PCIEPINT @ 0x602000110
CHIP::PCIE::APCIE_PORT[1]::APCIE_CONFIG.ERRMSGREQID @ 0x602000120
CHIP::PCIE::APCIE_PORT[1]::APCIE_CONFIG.AL_MSI_CTRL @ 0x602000124
CHIP::PCIE::APCIE_PORT[1]::APCIE_CONFIG.AL_MSI_DATA @ 0x602000128
CHIP::PCIE::APCIE_PORT[1]::APCIE_CONFIG.INBCTRL @ 0x602000130
CHIP::PCIE::APCIE_PORT[1]::APCIE_CONFIG.OUTBCTRL @ 0x602000134
CHIP::PCIE::APCIE_PORT[1]::APCIE_CONFIG.MCACHE_HINT @ 0x602000138
CHIP::PCIE::APCIE_PORT[1]::APCIE_CONFIG.L1SUBCTRL @ 0x60200013c
CHIP::PCIE::APCIE_PORT[1]::APCIE_CONFIG.AF_TMOT_CTRL @ 0x602000140
CHIP::PCIE::APCIE_PORT[1]::APCIE_CONFIG.RO_WREN_CTRL @ 0x602000200
CHIP::PCIE::APCIE_PORT[1]::APCIE_CONFIG.DBGCTRL @ 0x602000208
CHIP::PCIE::APCIE_PORT[1]::APCIE_CONFIG.LINKCDMSTS @ 0x602000210
CHIP::PCIE::APCIE_PORT[1]::APCIE_CONFIG.LINKCDMCNTSEL @ 0x602000214
CHIP::PCIE::APCIE_PORT[1]::APCIE_CONFIG.LINKCDMSTSCNT @ 0x602000218
CHIP::PCIE::APCIE_PORT[1]::APCIE_CONFIG.INCLRFIFOSTS @ 0x602000220
CHIP::PCIE::APCIE_PORT[1]::APCIE_CONFIG.INCRYPTOWRFIFOSTS @ 0x602000224
CHIP::PCIE::APCIE_PORT[1]::APCIE_CONFIG.INCRYPTORDFIFOSTS @ 0x602000228
CHIP::PCIE::APCIE_PORT[1]::APCIE_CONFIG.MMUFIFOSTS @ 0x60200022c
CHIP::PCIE::APCIE_PORT[1]::APCIE_CONFIG.OUTCLRFIFOSTS @ 0x602000230
CHIP::PCIE::APCIE_PORT[1]::APCIE_CONFIG.DIAGCTRL @ 0x602000800
CHIP::PCIE::APCIE_PORT[1]::APCIE_CONFIG.LINKPMGRSTS @ 0x602000804
CHIP::PCIE::APCIE_PORT[1]::APCIE_MMU.CACHE_CONFIG @ 0x602004000
CHIP::PCIE::APCIE_PORT[1]::APCIE_MMU.CACHE_INVALIDATE @ 0x602004004
CHIP::PCIE::APCIE_PORT[1]::APCIE_MMU.TAGBUF_ADDR_LSB @ 0x602004008
CHIP::PCIE::APCIE_PORT[1]::APCIE_MMU.TAGBUF_ADDR_MSB @ 0x60200400c
CHIP::PCIE::APCIE_PORT[1]::APCIE_MMU.ILLEGAL_ADDR_LSB @ 0x602004010
CHIP::PCIE::APCIE_PORT[1]::APCIE_MMU.ILLEGAL_ADDR_MSB @ 0x602004014
CHIP::PCIE::APCIE_PORT[1]::APCIE_MMU.CLR_MSI_VIRT_ADDR @ 0x602004018
CHIP::PCIE::APCIE_PORT[1]::APCIE_MMU.CRYPTO_MSI_VIRT_ADDR @ 0x60200401c
CHIP::PCIE::APCIE_PORT[1]::APCIE_MMU.SART_CFG @ 0x602004020
CHIP::PCIE::APCIE_PORT[1]::APCIE_MMU.SART_VBASE @ 0x602004024
CHIP::PCIE::APCIE_PORT[1]::APCIE_MMU.SART_VLIMIT @ 0x602004028
CHIP::PCIE::APCIE_PORT[1]::APCIE_MMU.SART_PBASE @ 0x60200402c
CHIP::PCIE::APCIE_PORT[1]::APCIE_MMU.MMU_ERROR_STATUS @ 0x602004030
CHIP::PCIE::APCIE_PORT[1]::APCIE_MMU.MMU_ERROR_CAUSE @ 0x602004034
CHIP::PCIE::APCIE_PORT[1]::APCIE_MMU.MMU_ERROR_MASK @ 0x602004038
CHIP::PCIE::APCIE_PORT[1]::APCIE_MMU.MMU_ERROR_MEM_RESP_LSB @ 0x60200403c
CHIP::PCIE::APCIE_PORT[1]::APCIE_MMU.AES_ERROR_LOG @ 0x602004040
CHIP::PCIE::APCIE_PORT[1]::APCIE_MMU.MMU_ERROR_MEM_RESP_MSB @ 0x602004044
CHIP::PCIE::APCIE_PORT[1]::APCIE_MMU.MMU_ERROR_MEM_RESP_STATUS @ 0x602004048
CHIP::PCIE::APCIE_PORT[1]::APCIE_MMU.MMU_ROUTER_ERROR_LOG_LSB @ 0x60200404c
CHIP::PCIE::APCIE_PORT[1]::APCIE_MMU.MMU_ROUTER_ERROR_LOG_MSB @ 0x602004050
CHIP::PCIE::APCIE_PORT[1]::APCIE_MMU.MMU_ERROR_STATUS_CLEAR @ 0x602004054
CHIP::PCIE::APCIE_PORT[1]::APCIE_MMU.MMU_STATS_CTL @ 0x602004058
CHIP::PCIE::APCIE_PORT[1]::APCIE_MMU.MMU_STATS_TAG_MISS @ 0x60200405c
CHIP::PCIE::APCIE_PORT[1]::APCIE_MMU.MMU_STATS_PA_MISS @ 0x602004060
CHIP::PCIE::APCIE_PORT[1]::APCIE_MMU.MMU_STATS_HIT @ 0x602004064
CHIP::PCIE::APCIE_PORT[1]::DART.DART_TLB_OP @ 0x602008000
CHIP::PCIE::APCIE_PORT[1]::DART.DART_TLB_TAG_DATA @ 0x602008004
CHIP::PCIE::APCIE_PORT[1]::DART.DART_TLB_PA_DATA @ 0x602008008
CHIP::PCIE::APCIE_PORT[1]::DART.DART_CONFIG @ 0x60200800c
CHIP::PCIE::APCIE_PORT[1]::DART.DART_ERR_STATUS @ 0x602008010
CHIP::PCIE::APCIE_PORT[1]::DART.DART_ERR_AXI_REQ0 @ 0x602008014
CHIP::PCIE::APCIE_PORT[1]::DART.DART_ERR_AXI_REQ1 @ 0x602008018
CHIP::PCIE::APCIE_PORT[1]::DART.DART_ERR_ADDRESS @ 0x60200801c
CHIP::PCIE::APCIE_PORT[1]::DART.DART_DIAG_CONFIG @ 0x602008020
CHIP::PCIE::APCIE_PORT[1]::DART.DART_DIAG_BOGUS_ACCESS @ 0x602008024
CHIP::PCIE::APCIE_PORT[1]::DART.DART_SID_REMAP @ 0x602008028
CHIP::PCIE::APCIE_PORT[1]::DART.DART_BYPASS_ADDR @ 0x60200802c
CHIP::PCIE::APCIE_PORT[1]::DART.DART_FETCH_REQ_CONFIG @ 0x602008030
CHIP::PCIE::APCIE_PORT[1]::DART.DART_TTBR @ 0x602008040
CHIP::PCIE::APCIE_PORT[1]::DART.DART_PERF_CONFIG @ 0x602009000
CHIP::PCIE::APCIE_PORT[1]::DART.TLB_MISS_CTR @ 0x602009004
CHIP::PCIE::APCIE_PORT[1]::DART.TLB_WAIT_CTR @ 0x602009008
CHIP::PCIE::APCIE_PORT[1]::DART.TLB_HIT_CTR @ 0x60200900c
CHIP::PCIE::APCIE_PORT[1]::DART.ST_MISS_CTR @ 0x602009010
CHIP::PCIE::APCIE_PORT[1]::DART.ST_WAIT_CTR @ 0x602009014
CHIP::PCIE::APCIE_PORT[1]::DART.ST_HIT_CTR @ 0x602009018
CHIP::PCIE::APCIE_PORT[2]::APCIE_CONFIG.SH_PCIECMD @ 0x603000000
CHIP::PCIE::APCIE_PORT[2]::APCIE_CONFIG.SH_PCIESECB @ 0x603000004
CHIP::PCIE::APCIE_PORT[2]::APCIE_CONFIG.SH_PCIESUBB @ 0x603000008
CHIP::PCIE::APCIE_PORT[2]::APCIE_CONFIG.SH_PCIE_IOBASELIM @ 0x60300000c
CHIP::PCIE::APCIE_PORT[2]::APCIE_CONFIG.SH_PCIEMEMBASE @ 0x603000010
CHIP::PCIE::APCIE_PORT[2]::APCIE_CONFIG.SH_PCIEMEMLIM @ 0x603000014
CHIP::PCIE::APCIE_PORT[2]::APCIE_CONFIG.SH_PCIEPRMEMBASE @ 0x603000018
CHIP::PCIE::APCIE_PORT[2]::APCIE_CONFIG.SH_PCIEPRMEMLIM @ 0x603000020
CHIP::PCIE::APCIE_PORT[2]::APCIE_CONFIG.SH_PCIEUPRMEMBASE @ 0x603000024
CHIP::PCIE::APCIE_PORT[2]::APCIE_CONFIG.SH_PCIEUPRMEMLIM @ 0x603000028
CHIP::PCIE::APCIE_PORT[2]::APCIE_CONFIG.LINKCFG @ 0x603000080
CHIP::PCIE::APCIE_PORT[2]::APCIE_CONFIG.LINKCTRL @ 0x603000084
CHIP::PCIE::APCIE_PORT[2]::APCIE_CONFIG.LINKSTS @ 0x603000088
CHIP::PCIE::APCIE_PORT[2]::APCIE_CONFIG.PMETO @ 0x60300008c
CHIP::PCIE::APCIE_PORT[2]::APCIE_CONFIG.PMETOACK_TMOTLIM @ 0x603000090
CHIP::PCIE::APCIE_PORT[2]::APCIE_CONFIG.PCIE_AESSTS @ 0x6030000a0
CHIP::PCIE::APCIE_PORT[2]::APCIE_CONFIG.REQ_ERROR_CODE @ 0x6030000a4
CHIP::PCIE::APCIE_PORT[2]::APCIE_CONFIG.PCIELINT @ 0x603000100
CHIP::PCIE::APCIE_PORT[2]::APCIE_CONFIG.PCIELINTMSK @ 0x603000104
CHIP::PCIE::APCIE_PORT[2]::APCIE_CONFIG.PCIELINTMSK_SET @ 0x603000108
CHIP::PCIE::APCIE_PORT[2]::APCIE_CONFIG.PCIELINTMSK_CLR @ 0x60300010c
CHIP::PCIE::APCIE_PORT[2]::APCIE_CONFIG.PCIEPINT @ 0x603000110
CHIP::PCIE::APCIE_PORT[2]::APCIE_CONFIG.ERRMSGREQID @ 0x603000120
CHIP::PCIE::APCIE_PORT[2]::APCIE_CONFIG.AL_MSI_CTRL @ 0x603000124
CHIP::PCIE::APCIE_PORT[2]::APCIE_CONFIG.AL_MSI_DATA @ 0x603000128
CHIP::PCIE::APCIE_PORT[2]::APCIE_CONFIG.INBCTRL @ 0x603000130
CHIP::PCIE::APCIE_PORT[2]::APCIE_CONFIG.OUTBCTRL @ 0x603000134
CHIP::PCIE::APCIE_PORT[2]::APCIE_CONFIG.MCACHE_HINT @ 0x603000138
CHIP::PCIE::APCIE_PORT[2]::APCIE_CONFIG.L1SUBCTRL @ 0x60300013c
CHIP::PCIE::APCIE_PORT[2]::APCIE_CONFIG.AF_TMOT_CTRL @ 0x603000140
CHIP::PCIE::APCIE_PORT[2]::APCIE_CONFIG.RO_WREN_CTRL @ 0x603000200
CHIP::PCIE::APCIE_PORT[2]::APCIE_CONFIG.DBGCTRL @ 0x603000208
CHIP::PCIE::APCIE_PORT[2]::APCIE_CONFIG.LINKCDMSTS @ 0x603000210
CHIP::PCIE::APCIE_PORT[2]::APCIE_CONFIG.LINKCDMCNTSEL @ 0x603000214
CHIP::PCIE::APCIE_PORT[2]::APCIE_CONFIG.LINKCDMSTSCNT @ 0x603000218
CHIP::PCIE::APCIE_PORT[2]::APCIE_CONFIG.INCLRFIFOSTS @ 0x603000220
CHIP::PCIE::APCIE_PORT[2]::APCIE_CONFIG.INCRYPTOWRFIFOSTS @ 0x603000224
CHIP::PCIE::APCIE_PORT[2]::APCIE_CONFIG.INCRYPTORDFIFOSTS @ 0x603000228
CHIP::PCIE::APCIE_PORT[2]::APCIE_CONFIG.MMUFIFOSTS @ 0x60300022c
CHIP::PCIE::APCIE_PORT[2]::APCIE_CONFIG.OUTCLRFIFOSTS @ 0x603000230
CHIP::PCIE::APCIE_PORT[2]::APCIE_CONFIG.DIAGCTRL @ 0x603000800
CHIP::PCIE::APCIE_PORT[2]::APCIE_CONFIG.LINKPMGRSTS @ 0x603000804
CHIP::PCIE::APCIE_PORT[2]::APCIE_MMU.CACHE_CONFIG @ 0x603004000
CHIP::PCIE::APCIE_PORT[2]::APCIE_MMU.CACHE_INVALIDATE @ 0x603004004
CHIP::PCIE::APCIE_PORT[2]::APCIE_MMU.TAGBUF_ADDR_LSB @ 0x603004008
CHIP::PCIE::APCIE_PORT[2]::APCIE_MMU.TAGBUF_ADDR_MSB @ 0x60300400c
CHIP::PCIE::APCIE_PORT[2]::APCIE_MMU.ILLEGAL_ADDR_LSB @ 0x603004010
CHIP::PCIE::APCIE_PORT[2]::APCIE_MMU.ILLEGAL_ADDR_MSB @ 0x603004014
CHIP::PCIE::APCIE_PORT[2]::APCIE_MMU.CLR_MSI_VIRT_ADDR @ 0x603004018
CHIP::PCIE::APCIE_PORT[2]::APCIE_MMU.CRYPTO_MSI_VIRT_ADDR @ 0x60300401c
CHIP::PCIE::APCIE_PORT[2]::APCIE_MMU.SART_CFG @ 0x603004020
CHIP::PCIE::APCIE_PORT[2]::APCIE_MMU.SART_VBASE @ 0x603004024
CHIP::PCIE::APCIE_PORT[2]::APCIE_MMU.SART_VLIMIT @ 0x603004028
CHIP::PCIE::APCIE_PORT[2]::APCIE_MMU.SART_PBASE @ 0x60300402c
CHIP::PCIE::APCIE_PORT[2]::APCIE_MMU.MMU_ERROR_STATUS @ 0x603004030
CHIP::PCIE::APCIE_PORT[2]::APCIE_MMU.MMU_ERROR_CAUSE @ 0x603004034
CHIP::PCIE::APCIE_PORT[2]::APCIE_MMU.MMU_ERROR_MASK @ 0x603004038
CHIP::PCIE::APCIE_PORT[2]::APCIE_MMU.MMU_ERROR_MEM_RESP_LSB @ 0x60300403c
CHIP::PCIE::APCIE_PORT[2]::APCIE_MMU.AES_ERROR_LOG @ 0x603004040
CHIP::PCIE::APCIE_PORT[2]::APCIE_MMU.MMU_ERROR_MEM_RESP_MSB @ 0x603004044
CHIP::PCIE::APCIE_PORT[2]::APCIE_MMU.MMU_ERROR_MEM_RESP_STATUS @ 0x603004048
CHIP::PCIE::APCIE_PORT[2]::APCIE_MMU.MMU_ROUTER_ERROR_LOG_LSB @ 0x60300404c
CHIP::PCIE::APCIE_PORT[2]::APCIE_MMU.MMU_ROUTER_ERROR_LOG_MSB @ 0x603004050
CHIP::PCIE::APCIE_PORT[2]::APCIE_MMU.MMU_ERROR_STATUS_CLEAR @ 0x603004054
CHIP::PCIE::APCIE_PORT[2]::APCIE_MMU.MMU_STATS_CTL @ 0x603004058
CHIP::PCIE::APCIE_PORT[2]::APCIE_MMU.MMU_STATS_TAG_MISS @ 0x60300405c
CHIP::PCIE::APCIE_PORT[2]::APCIE_MMU.MMU_STATS_PA_MISS @ 0x603004060
CHIP::PCIE::APCIE_PORT[2]::APCIE_MMU.MMU_STATS_HIT @ 0x603004064
CHIP::PCIE::APCIE_PORT[2]::DART.DART_TLB_OP @ 0x603008000
CHIP::PCIE::APCIE_PORT[2]::DART.DART_TLB_TAG_DATA @ 0x603008004
CHIP::PCIE::APCIE_PORT[2]::DART.DART_TLB_PA_DATA @ 0x603008008
CHIP::PCIE::APCIE_PORT[2]::DART.DART_CONFIG @ 0x60300800c
CHIP::PCIE::APCIE_PORT[2]::DART.DART_ERR_STATUS @ 0x603008010
CHIP::PCIE::APCIE_PORT[2]::DART.DART_ERR_AXI_REQ0 @ 0x603008014
CHIP::PCIE::APCIE_PORT[2]::DART.DART_ERR_AXI_REQ1 @ 0x603008018
CHIP::PCIE::APCIE_PORT[2]::DART.DART_ERR_ADDRESS @ 0x60300801c
CHIP::PCIE::APCIE_PORT[2]::DART.DART_DIAG_CONFIG @ 0x603008020
CHIP::PCIE::APCIE_PORT[2]::DART.DART_DIAG_BOGUS_ACCESS @ 0x603008024
CHIP::PCIE::APCIE_PORT[2]::DART.DART_SID_REMAP @ 0x603008028
CHIP::PCIE::APCIE_PORT[2]::DART.DART_BYPASS_ADDR @ 0x60300802c
CHIP::PCIE::APCIE_PORT[2]::DART.DART_FETCH_REQ_CONFIG @ 0x603008030
CHIP::PCIE::APCIE_PORT[2]::DART.DART_TTBR @ 0x603008040
CHIP::PCIE::APCIE_PORT[2]::DART.DART_PERF_CONFIG @ 0x603009000
CHIP::PCIE::APCIE_PORT[2]::DART.TLB_MISS_CTR @ 0x603009004
CHIP::PCIE::APCIE_PORT[2]::DART.TLB_WAIT_CTR @ 0x603009008
CHIP::PCIE::APCIE_PORT[2]::DART.TLB_HIT_CTR @ 0x60300900c
CHIP::PCIE::APCIE_PORT[2]::DART.ST_MISS_CTR @ 0x603009010
CHIP::PCIE::APCIE_PORT[2]::DART.ST_WAIT_CTR @ 0x603009014
CHIP::PCIE::APCIE_PORT[2]::DART.ST_HIT_CTR @ 0x603009018
CHIP::PCIE::APCIE_PORT[3]::APCIE_CONFIG.SH_PCIECMD @ 0x604000000
CHIP::PCIE::APCIE_PORT[3]::APCIE_CONFIG.SH_PCIESECB @ 0x604000004
CHIP::PCIE::APCIE_PORT[3]::APCIE_CONFIG.SH_PCIESUBB @ 0x604000008
CHIP::PCIE::APCIE_PORT[3]::APCIE_CONFIG.SH_PCIE_IOBASELIM @ 0x60400000c
CHIP::PCIE::APCIE_PORT[3]::APCIE_CONFIG.SH_PCIEMEMBASE @ 0x604000010
CHIP::PCIE::APCIE_PORT[3]::APCIE_CONFIG.SH_PCIEMEMLIM @ 0x604000014
CHIP::PCIE::APCIE_PORT[3]::APCIE_CONFIG.SH_PCIEPRMEMBASE @ 0x604000018
CHIP::PCIE::APCIE_PORT[3]::APCIE_CONFIG.SH_PCIEPRMEMLIM @ 0x604000020
CHIP::PCIE::APCIE_PORT[3]::APCIE_CONFIG.SH_PCIEUPRMEMBASE @ 0x604000024
CHIP::PCIE::APCIE_PORT[3]::APCIE_CONFIG.SH_PCIEUPRMEMLIM @ 0x604000028
CHIP::PCIE::APCIE_PORT[3]::APCIE_CONFIG.LINKCFG @ 0x604000080
CHIP::PCIE::APCIE_PORT[3]::APCIE_CONFIG.LINKCTRL @ 0x604000084
CHIP::PCIE::APCIE_PORT[3]::APCIE_CONFIG.LINKSTS @ 0x604000088
CHIP::PCIE::APCIE_PORT[3]::APCIE_CONFIG.PMETO @ 0x60400008c
CHIP::PCIE::APCIE_PORT[3]::APCIE_CONFIG.PMETOACK_TMOTLIM @ 0x604000090
CHIP::PCIE::APCIE_PORT[3]::APCIE_CONFIG.PCIE_AESSTS @ 0x6040000a0
CHIP::PCIE::APCIE_PORT[3]::APCIE_CONFIG.REQ_ERROR_CODE @ 0x6040000a4
CHIP::PCIE::APCIE_PORT[3]::APCIE_CONFIG.PCIELINT @ 0x604000100
CHIP::PCIE::APCIE_PORT[3]::APCIE_CONFIG.PCIELINTMSK @ 0x604000104
CHIP::PCIE::APCIE_PORT[3]::APCIE_CONFIG.PCIELINTMSK_SET @ 0x604000108
CHIP::PCIE::APCIE_PORT[3]::APCIE_CONFIG.PCIELINTMSK_CLR @ 0x60400010c
CHIP::PCIE::APCIE_PORT[3]::APCIE_CONFIG.PCIEPINT @ 0x604000110
CHIP::PCIE::APCIE_PORT[3]::APCIE_CONFIG.ERRMSGREQID @ 0x604000120
CHIP::PCIE::APCIE_PORT[3]::APCIE_CONFIG.AL_MSI_CTRL @ 0x604000124
CHIP::PCIE::APCIE_PORT[3]::APCIE_CONFIG.AL_MSI_DATA @ 0x604000128
CHIP::PCIE::APCIE_PORT[3]::APCIE_CONFIG.INBCTRL @ 0x604000130
CHIP::PCIE::APCIE_PORT[3]::APCIE_CONFIG.OUTBCTRL @ 0x604000134
CHIP::PCIE::APCIE_PORT[3]::APCIE_CONFIG.MCACHE_HINT @ 0x604000138
CHIP::PCIE::APCIE_PORT[3]::APCIE_CONFIG.L1SUBCTRL @ 0x60400013c
CHIP::PCIE::APCIE_PORT[3]::APCIE_CONFIG.AF_TMOT_CTRL @ 0x604000140
CHIP::PCIE::APCIE_PORT[3]::APCIE_CONFIG.RO_WREN_CTRL @ 0x604000200
CHIP::PCIE::APCIE_PORT[3]::APCIE_CONFIG.DBGCTRL @ 0x604000208
CHIP::PCIE::APCIE_PORT[3]::APCIE_CONFIG.LINKCDMSTS @ 0x604000210
CHIP::PCIE::APCIE_PORT[3]::APCIE_CONFIG.LINKCDMCNTSEL @ 0x604000214
CHIP::PCIE::APCIE_PORT[3]::APCIE_CONFIG.LINKCDMSTSCNT @ 0x604000218
CHIP::PCIE::APCIE_PORT[3]::APCIE_CONFIG.INCLRFIFOSTS @ 0x604000220
CHIP::PCIE::APCIE_PORT[3]::APCIE_CONFIG.INCRYPTOWRFIFOSTS @ 0x604000224
CHIP::PCIE::APCIE_PORT[3]::APCIE_CONFIG.INCRYPTORDFIFOSTS @ 0x604000228
CHIP::PCIE::APCIE_PORT[3]::APCIE_CONFIG.MMUFIFOSTS @ 0x60400022c
CHIP::PCIE::APCIE_PORT[3]::APCIE_CONFIG.OUTCLRFIFOSTS @ 0x604000230
CHIP::PCIE::APCIE_PORT[3]::APCIE_CONFIG.DIAGCTRL @ 0x604000800
CHIP::PCIE::APCIE_PORT[3]::APCIE_CONFIG.LINKPMGRSTS @ 0x604000804
CHIP::PCIE::APCIE_PORT[3]::APCIE_MMU.CACHE_CONFIG @ 0x604004000
CHIP::PCIE::APCIE_PORT[3]::APCIE_MMU.CACHE_INVALIDATE @ 0x604004004
CHIP::PCIE::APCIE_PORT[3]::APCIE_MMU.TAGBUF_ADDR_LSB @ 0x604004008
CHIP::PCIE::APCIE_PORT[3]::APCIE_MMU.TAGBUF_ADDR_MSB @ 0x60400400c
CHIP::PCIE::APCIE_PORT[3]::APCIE_MMU.ILLEGAL_ADDR_LSB @ 0x604004010
CHIP::PCIE::APCIE_PORT[3]::APCIE_MMU.ILLEGAL_ADDR_MSB @ 0x604004014
CHIP::PCIE::APCIE_PORT[3]::APCIE_MMU.CLR_MSI_VIRT_ADDR @ 0x604004018
CHIP::PCIE::APCIE_PORT[3]::APCIE_MMU.CRYPTO_MSI_VIRT_ADDR @ 0x60400401c
CHIP::PCIE::APCIE_PORT[3]::APCIE_MMU.SART_CFG @ 0x604004020
CHIP::PCIE::APCIE_PORT[3]::APCIE_MMU.SART_VBASE @ 0x604004024
CHIP::PCIE::APCIE_PORT[3]::APCIE_MMU.SART_VLIMIT @ 0x604004028
CHIP::PCIE::APCIE_PORT[3]::APCIE_MMU.SART_PBASE @ 0x60400402c
CHIP::PCIE::APCIE_PORT[3]::APCIE_MMU.MMU_ERROR_STATUS @ 0x604004030
CHIP::PCIE::APCIE_PORT[3]::APCIE_MMU.MMU_ERROR_CAUSE @ 0x604004034
CHIP::PCIE::APCIE_PORT[3]::APCIE_MMU.MMU_ERROR_MASK @ 0x604004038
CHIP::PCIE::APCIE_PORT[3]::APCIE_MMU.MMU_ERROR_MEM_RESP_LSB @ 0x60400403c
CHIP::PCIE::APCIE_PORT[3]::APCIE_MMU.AES_ERROR_LOG @ 0x604004040
CHIP::PCIE::APCIE_PORT[3]::APCIE_MMU.MMU_ERROR_MEM_RESP_MSB @ 0x604004044
CHIP::PCIE::APCIE_PORT[3]::APCIE_MMU.MMU_ERROR_MEM_RESP_STATUS @ 0x604004048
CHIP::PCIE::APCIE_PORT[3]::APCIE_MMU.MMU_ROUTER_ERROR_LOG_LSB @ 0x60400404c
CHIP::PCIE::APCIE_PORT[3]::APCIE_MMU.MMU_ROUTER_ERROR_LOG_MSB @ 0x604004050
CHIP::PCIE::APCIE_PORT[3]::APCIE_MMU.MMU_ERROR_STATUS_CLEAR @ 0x604004054
CHIP::PCIE::APCIE_PORT[3]::APCIE_MMU.MMU_STATS_CTL @ 0x604004058
CHIP::PCIE::APCIE_PORT[3]::APCIE_MMU.MMU_STATS_TAG_MISS @ 0x60400405c
CHIP::PCIE::APCIE_PORT[3]::APCIE_MMU.MMU_STATS_PA_MISS @ 0x604004060
CHIP::PCIE::APCIE_PORT[3]::APCIE_MMU.MMU_STATS_HIT @ 0x604004064
CHIP::PCIE::APCIE_PORT[3]::DART.DART_TLB_OP @ 0x604008000
CHIP::PCIE::APCIE_PORT[3]::DART.DART_TLB_TAG_DATA @ 0x604008004
CHIP::PCIE::APCIE_PORT[3]::DART.DART_TLB_PA_DATA @ 0x604008008
CHIP::PCIE::APCIE_PORT[3]::DART.DART_CONFIG @ 0x60400800c
CHIP::PCIE::APCIE_PORT[3]::DART.DART_ERR_STATUS @ 0x604008010
CHIP::PCIE::APCIE_PORT[3]::DART.DART_ERR_AXI_REQ0 @ 0x604008014
CHIP::PCIE::APCIE_PORT[3]::DART.DART_ERR_AXI_REQ1 @ 0x604008018
CHIP::PCIE::APCIE_PORT[3]::DART.DART_ERR_ADDRESS @ 0x60400801c
CHIP::PCIE::APCIE_PORT[3]::DART.DART_DIAG_CONFIG @ 0x604008020
CHIP::PCIE::APCIE_PORT[3]::DART.DART_DIAG_BOGUS_ACCESS @ 0x604008024
CHIP::PCIE::APCIE_PORT[3]::DART.DART_SID_REMAP @ 0x604008028
CHIP::PCIE::APCIE_PORT[3]::DART.DART_BYPASS_ADDR @ 0x60400802c
CHIP::PCIE::APCIE_PORT[3]::DART.DART_FETCH_REQ_CONFIG @ 0x604008030
CHIP::PCIE::APCIE_PORT[3]::DART.DART_TTBR @ 0x604008040
CHIP::PCIE::APCIE_PORT[3]::DART.DART_PERF_CONFIG @ 0x604009000
CHIP::PCIE::APCIE_PORT[3]::DART.TLB_MISS_CTR @ 0x604009004
CHIP::PCIE::APCIE_PORT[3]::DART.TLB_WAIT_CTR @ 0x604009008
CHIP::PCIE::APCIE_PORT[3]::DART.TLB_HIT_CTR @ 0x60400900c
CHIP::PCIE::APCIE_PORT[3]::DART.ST_MISS_CTR @ 0x604009010
CHIP::PCIE::APCIE_PORT[3]::DART.ST_WAIT_CTR @ 0x604009014
CHIP::PCIE::APCIE_PORT[3]::DART.ST_HIT_CTR @ 0x604009018
CHIP::PCIE::PCIE_CONFIG::PCIE_RC0.X2_PCIE_DSP_PF0_TYPE1_HDR_TYPE1_DEV_ID_VEND_ID_REG @ 0x610000000
CHIP::PCIE::PCIE_CONFIG::PCIE_RC0.X2_PCIE_DSP_PF0_TYPE1_HDR_TYPE1_STATUS_COMMAND_REG @ 0x610000004
CHIP::PCIE::PCIE_CONFIG::PCIE_RC0.X2_PCIE_DSP_PF0_TYPE1_HDR_TYPE1_CLASS_CODE_REV_ID_REG @ 0x610000008
CHIP::PCIE::PCIE_CONFIG::PCIE_RC0.X2_PCIE_DSP_PF0_TYPE1_HDR_TYPE1_BIST_HDR_TYPE_LAT_CACHE_LINE_SIZE_REG @ 0x61000000c
CHIP::PCIE::PCIE_CONFIG::PCIE_RC0.X2_PCIE_DSP_PF0_TYPE1_HDR_SEC_LAT_TIMER_SUB_BUS_SEC_BUS_PRI_BUS_REG @ 0x610000018
CHIP::PCIE::PCIE_CONFIG::PCIE_RC0.X2_PCIE_DSP_PF0_TYPE1_HDR_SEC_STAT_IO_LIMIT_IO_BASE_REG @ 0x61000001c
CHIP::PCIE::PCIE_CONFIG::PCIE_RC0.X2_PCIE_DSP_PF0_TYPE1_HDR_MEM_LIMIT_MEM_BASE_REG @ 0x610000020
CHIP::PCIE::PCIE_CONFIG::PCIE_RC0.X2_PCIE_DSP_PF0_TYPE1_HDR_PREF_MEM_LIMIT_PREF_MEM_BASE_REG @ 0x610000024
CHIP::PCIE::PCIE_CONFIG::PCIE_RC0.X2_PCIE_DSP_PF0_TYPE1_HDR_PREF_BASE_UPPER_REG @ 0x610000028
CHIP::PCIE::PCIE_CONFIG::PCIE_RC0.X2_PCIE_DSP_PF0_TYPE1_HDR_PREF_LIMIT_UPPER_REG @ 0x61000002c
CHIP::PCIE::PCIE_CONFIG::PCIE_RC0.X2_PCIE_DSP_PF0_TYPE1_HDR_IO_LIMIT_UPPER_IO_BASE_UPPER_REG @ 0x610000030
CHIP::PCIE::PCIE_CONFIG::PCIE_RC0.X2_PCIE_DSP_PF0_TYPE1_HDR_TYPE1_CAP_PTR_REG @ 0x610000034
CHIP::PCIE::PCIE_CONFIG::PCIE_RC0.X2_PCIE_DSP_PF0_TYPE1_HDR_TYPE1_EXP_ROM_BASE_REG @ 0x610000038
CHIP::PCIE::PCIE_CONFIG::PCIE_RC0.X2_PCIE_DSP_PF0_TYPE1_HDR_BRIDGE_CTRL_INT_PIN_INT_LINE_REG @ 0x61000003c
CHIP::PCIE::PCIE_CONFIG::PCIE_RC0.X2_PCIE_DSP_PF0_PM_CAP_CAP_ID_NXT_PTR_REG @ 0x610000040
CHIP::PCIE::PCIE_CONFIG::PCIE_RC0.X2_PCIE_DSP_PF0_PM_CAP_CON_STATUS_REG @ 0x610000044
CHIP::PCIE::PCIE_CONFIG::PCIE_RC0.X2_PCIE_DSP_PF0_MSI_CAP_PCI_MSI_CAP_ID_NEXT_CTRL_REG @ 0x610000050
CHIP::PCIE::PCIE_CONFIG::PCIE_RC0.X2_PCIE_DSP_PF0_MSI_CAP_MSI_CAP_OFF_04H_REG @ 0x610000054
CHIP::PCIE::PCIE_CONFIG::PCIE_RC0.X2_PCIE_DSP_PF0_MSI_CAP_MSI_CAP_OFF_08H_REG @ 0x610000058
CHIP::PCIE::PCIE_CONFIG::PCIE_RC0.X2_PCIE_DSP_PF0_MSI_CAP_MSI_CAP_OFF_0CH_REG @ 0x61000005c
CHIP::PCIE::PCIE_CONFIG::PCIE_RC0.X2_PCIE_DSP_PF0_PCIE_CAP_PCIE_CAP_ID_PCIE_NEXT_CAP_PTR_PCIE_CAP_REG @ 0x610000070
CHIP::PCIE::PCIE_CONFIG::PCIE_RC0.X2_PCIE_DSP_PF0_PCIE_CAP_DEVICE_CAPABILITIES_REG @ 0x610000074
CHIP::PCIE::PCIE_CONFIG::PCIE_RC0.X2_PCIE_DSP_PF0_PCIE_CAP_DEVICE_CONTROL_DEVICE_STATUS @ 0x610000078
CHIP::PCIE::PCIE_CONFIG::PCIE_RC0.X2_PCIE_DSP_PF0_PCIE_CAP_LINK_CAPABILITIES_REG @ 0x61000007c
CHIP::PCIE::PCIE_CONFIG::PCIE_RC0.X2_PCIE_DSP_PF0_PCIE_CAP_LINK_CONTROL_LINK_STATUS_REG @ 0x610000080
CHIP::PCIE::PCIE_CONFIG::PCIE_RC0.X2_PCIE_DSP_PF0_PCIE_CAP_SLOT_CAPABILITIES_REG @ 0x610000084
CHIP::PCIE::PCIE_CONFIG::PCIE_RC0.X2_PCIE_DSP_PF0_PCIE_CAP_SLOT_CONTROL_SLOT_STATUS @ 0x610000088
CHIP::PCIE::PCIE_CONFIG::PCIE_RC0.X2_PCIE_DSP_PF0_PCIE_CAP_ROOT_CONTROL_ROOT_CAPABILITIES_REG @ 0x61000008c
CHIP::PCIE::PCIE_CONFIG::PCIE_RC0.X2_PCIE_DSP_PF0_PCIE_CAP_ROOT_STATUS_REG @ 0x610000090
CHIP::PCIE::PCIE_CONFIG::PCIE_RC0.X2_PCIE_DSP_PF0_PCIE_CAP_DEVICE_CAPABILITIES2_REG @ 0x610000094
CHIP::PCIE::PCIE_CONFIG::PCIE_RC0.X2_PCIE_DSP_PF0_PCIE_CAP_DEVICE_CONTROL2_DEVICE_STATUS2_REG @ 0x610000098
CHIP::PCIE::PCIE_CONFIG::PCIE_RC0.X2_PCIE_DSP_PF0_PCIE_CAP_LINK_CAPABILITIES2_REG @ 0x61000009c
CHIP::PCIE::PCIE_CONFIG::PCIE_RC0.X2_PCIE_DSP_PF0_PCIE_CAP_LINK_CONTROL2_LINK_STATUS2_REG @ 0x6100000a0
CHIP::PCIE::PCIE_CONFIG::PCIE_RC0.X2_PCIE_DSP_PF0_AER_CAP_AER_EXT_CAP_HDR_OFF @ 0x610000100
CHIP::PCIE::PCIE_CONFIG::PCIE_RC0.X2_PCIE_DSP_PF0_AER_CAP_UNCORR_ERR_STATUS_OFF @ 0x610000104
CHIP::PCIE::PCIE_CONFIG::PCIE_RC0.X2_PCIE_DSP_PF0_AER_CAP_UNCORR_ERR_MASK_OFF @ 0x610000108
CHIP::PCIE::PCIE_CONFIG::PCIE_RC0.X2_PCIE_DSP_PF0_AER_CAP_UNCORR_ERR_SEV_OFF @ 0x61000010c
CHIP::PCIE::PCIE_CONFIG::PCIE_RC0.X2_PCIE_DSP_PF0_AER_CAP_CORR_ERR_STATUS_OFF @ 0x610000110
CHIP::PCIE::PCIE_CONFIG::PCIE_RC0.X2_PCIE_DSP_PF0_AER_CAP_CORR_ERR_MASK_OFF @ 0x610000114
CHIP::PCIE::PCIE_CONFIG::PCIE_RC0.X2_PCIE_DSP_PF0_AER_CAP_ADV_ERR_CAP_CTRL_OFF @ 0x610000118
CHIP::PCIE::PCIE_CONFIG::PCIE_RC0.X2_PCIE_DSP_PF0_AER_CAP_HDR_LOG_0_OFF @ 0x61000011c
CHIP::PCIE::PCIE_CONFIG::PCIE_RC0.X2_PCIE_DSP_PF0_AER_CAP_HDR_LOG_1_OFF @ 0x610000120
CHIP::PCIE::PCIE_CONFIG::PCIE_RC0.X2_PCIE_DSP_PF0_AER_CAP_HDR_LOG_2_OFF @ 0x610000124
CHIP::PCIE::PCIE_CONFIG::PCIE_RC0.X2_PCIE_DSP_PF0_AER_CAP_HDR_LOG_3_OFF @ 0x610000128
CHIP::PCIE::PCIE_CONFIG::PCIE_RC0.X2_PCIE_DSP_PF0_AER_CAP_ROOT_ERR_CMD_OFF @ 0x61000012c
CHIP::PCIE::PCIE_CONFIG::PCIE_RC0.X2_PCIE_DSP_PF0_AER_CAP_ROOT_ERR_STATUS_OFF @ 0x610000130
CHIP::PCIE::PCIE_CONFIG::PCIE_RC0.X2_PCIE_DSP_PF0_AER_CAP_ERR_SRC_ID_OFF @ 0x610000134
CHIP::PCIE::PCIE_CONFIG::PCIE_RC0.X2_PCIE_DSP_PF0_L1SUB_CAP_L1SUB_CAP_HEADER_REG @ 0x610000150
CHIP::PCIE::PCIE_CONFIG::PCIE_RC0.X2_PCIE_DSP_PF0_L1SUB_CAP_L1SUB_CAPABILITY_REG @ 0x610000154
CHIP::PCIE::PCIE_CONFIG::PCIE_RC0.X2_PCIE_DSP_PF0_L1SUB_CAP_L1SUB_CONTROL1_REG @ 0x610000158
CHIP::PCIE::PCIE_CONFIG::PCIE_RC0.X2_PCIE_DSP_PF0_L1SUB_CAP_L1SUB_CONTROL2_REG @ 0x61000015c
CHIP::PCIE::PCIE_CONFIG::PCIE_RC0.X2_PCIE_DSP_PF0_PORT_LOGIC_ACK_LATENCY_TIMER_OFF @ 0x610000700
CHIP::PCIE::PCIE_CONFIG::PCIE_RC0.X2_PCIE_DSP_PF0_PORT_LOGIC_VENDOR_SPEC_DLLP_OFF @ 0x610000704
CHIP::PCIE::PCIE_CONFIG::PCIE_RC0.X2_PCIE_DSP_PF0_PORT_LOGIC_PORT_FORCE_OFF @ 0x610000708
CHIP::PCIE::PCIE_CONFIG::PCIE_RC0.X2_PCIE_DSP_PF0_PORT_LOGIC_ACK_F_ASPM_CTRL_OFF @ 0x61000070c
CHIP::PCIE::PCIE_CONFIG::PCIE_RC0.X2_PCIE_DSP_PF0_PORT_LOGIC_PORT_LINK_CTRL_OFF @ 0x610000710
CHIP::PCIE::PCIE_CONFIG::PCIE_RC0.X2_PCIE_DSP_PF0_PORT_LOGIC_LANE_SKEW_OFF @ 0x610000714
CHIP::PCIE::PCIE_CONFIG::PCIE_RC0.X2_PCIE_DSP_PF0_PORT_LOGIC_TIMER_CTRL_MAX_FUNC_NUM_OFF @ 0x610000718
CHIP::PCIE::PCIE_CONFIG::PCIE_RC0.X2_PCIE_DSP_PF0_PORT_LOGIC_SYMBOL_TIMER_FILTER_1_OFF @ 0x61000071c
CHIP::PCIE::PCIE_CONFIG::PCIE_RC0.X2_PCIE_DSP_PF0_PORT_LOGIC_FILTER_MASK_2_OFF @ 0x610000720
CHIP::PCIE::PCIE_CONFIG::PCIE_RC0.X2_PCIE_DSP_PF0_PORT_LOGIC_PL_DEBUG0_OFF @ 0x610000728
CHIP::PCIE::PCIE_CONFIG::PCIE_RC0.X2_PCIE_DSP_PF0_PORT_LOGIC_PL_DEBUG1_OFF @ 0x61000072c
CHIP::PCIE::PCIE_CONFIG::PCIE_RC0.X2_PCIE_DSP_PF0_PORT_LOGIC_TX_P_FC_CREDIT_STATUS_OFF @ 0x610000730
CHIP::PCIE::PCIE_CONFIG::PCIE_RC0.X2_PCIE_DSP_PF0_PORT_LOGIC_TX_NP_FC_CREDIT_STATUS_OFF @ 0x610000734
CHIP::PCIE::PCIE_CONFIG::PCIE_RC0.X2_PCIE_DSP_PF0_PORT_LOGIC_TX_CPL_FC_CREDIT_STATUS_OFF @ 0x610000738
CHIP::PCIE::PCIE_CONFIG::PCIE_RC0.X2_PCIE_DSP_PF0_PORT_LOGIC_QUEUE_STATUS_OFF @ 0x61000073c
CHIP::PCIE::PCIE_CONFIG::PCIE_RC0.X2_PCIE_DSP_PF0_PORT_LOGIC_VC_TX_ARBI_1_OFF @ 0x610000740
CHIP::PCIE::PCIE_CONFIG::PCIE_RC0.X2_PCIE_DSP_PF0_PORT_LOGIC_VC_TX_ARBI_2_OFF @ 0x610000744
CHIP::PCIE::PCIE_CONFIG::PCIE_RC0.X2_PCIE_DSP_PF0_PORT_LOGIC_VC0_P_RX_Q_CTRL_OFF @ 0x610000748
CHIP::PCIE::PCIE_CONFIG::PCIE_RC0.X2_PCIE_DSP_PF0_PORT_LOGIC_VC0_NP_RX_Q_CTRL_OFF @ 0x61000074c
CHIP::PCIE::PCIE_CONFIG::PCIE_RC0.X2_PCIE_DSP_PF0_PORT_LOGIC_VC0_CPL_RX_Q_CTRL_OFF @ 0x610000750
CHIP::PCIE::PCIE_CONFIG::PCIE_RC0.X2_PCIE_DSP_PF0_PORT_LOGIC_GEN2_CTRL_OFF @ 0x61000080c
CHIP::PCIE::PCIE_CONFIG::PCIE_RC0.X2_PCIE_DSP_PF0_PORT_LOGIC_PHY_STATUS_OFF @ 0x610000810
CHIP::PCIE::PCIE_CONFIG::PCIE_RC0.X2_PCIE_DSP_PF0_PORT_LOGIC_PHY_CONTROL_OFF @ 0x610000814
CHIP::PCIE::PCIE_CONFIG::PCIE_RC0.X2_PCIE_DSP_PF0_PORT_LOGIC_PIPE_LOOPBACK_CONTROL_OFF @ 0x6100008b8
CHIP::PCIE::PCIE_CONFIG::PCIE_RC0.X2_PCIE_DSP_PF0_PORT_LOGIC_MISC_CONTROL_1_OFF @ 0x6100008bc
CHIP::PCIE::PCIE_CONFIG::PCIE_RC0.X2_PCIE_DSP_PF0_PORT_LOGIC_PL_LAST_OFF @ 0x6100008fc
CHIP::PCIE::PCIE_CONFIG::PCIE_RC0.X2_PCIE_DSP_PF0_PORT_LOGIC_PL_LTR_LATENCY_OFF @ 0x610000b30
CHIP::PCIE::PCIE_CONFIG::PCIE_RC0.X2_PCIE_DSP_PF0_PORT_LOGIC_AUX_CLK_FREQ_OFF @ 0x610000b40
CHIP::PCIE::PCIE_CONFIG::PCIE_RC0.X2_PCIE_DSP_PF0_PORT_LOGIC_L1_SUBSTATES_OFF @ 0x610000b44
CHIP::PCIE::PCIE_CONFIG::PCIE_RC1.X1_PCIE_DSP_PF0_TYPE1_HDR_TYPE1_DEV_ID_VEND_ID_REG @ 0x610008000
CHIP::PCIE::PCIE_CONFIG::PCIE_RC1.X1_PCIE_DSP_PF0_TYPE1_HDR_TYPE1_STATUS_COMMAND_REG @ 0x610008004
CHIP::PCIE::PCIE_CONFIG::PCIE_RC1.X1_PCIE_DSP_PF0_TYPE1_HDR_TYPE1_CLASS_CODE_REV_ID_REG @ 0x610008008
CHIP::PCIE::PCIE_CONFIG::PCIE_RC1.X1_PCIE_DSP_PF0_TYPE1_HDR_TYPE1_BIST_HDR_TYPE_LAT_CACHE_LINE_SIZE_REG @ 0x61000800c
CHIP::PCIE::PCIE_CONFIG::PCIE_RC1.X1_PCIE_DSP_PF0_TYPE1_HDR_SEC_LAT_TIMER_SUB_BUS_SEC_BUS_PRI_BUS_REG @ 0x610008018
CHIP::PCIE::PCIE_CONFIG::PCIE_RC1.X1_PCIE_DSP_PF0_TYPE1_HDR_SEC_STAT_IO_LIMIT_IO_BASE_REG @ 0x61000801c
CHIP::PCIE::PCIE_CONFIG::PCIE_RC1.X1_PCIE_DSP_PF0_TYPE1_HDR_MEM_LIMIT_MEM_BASE_REG @ 0x610008020
CHIP::PCIE::PCIE_CONFIG::PCIE_RC1.X1_PCIE_DSP_PF0_TYPE1_HDR_PREF_MEM_LIMIT_PREF_MEM_BASE_REG @ 0x610008024
CHIP::PCIE::PCIE_CONFIG::PCIE_RC1.X1_PCIE_DSP_PF0_TYPE1_HDR_PREF_BASE_UPPER_REG @ 0x610008028
CHIP::PCIE::PCIE_CONFIG::PCIE_RC1.X1_PCIE_DSP_PF0_TYPE1_HDR_PREF_LIMIT_UPPER_REG @ 0x61000802c
CHIP::PCIE::PCIE_CONFIG::PCIE_RC1.X1_PCIE_DSP_PF0_TYPE1_HDR_IO_LIMIT_UPPER_IO_BASE_UPPER_REG @ 0x610008030
CHIP::PCIE::PCIE_CONFIG::PCIE_RC1.X1_PCIE_DSP_PF0_TYPE1_HDR_TYPE1_CAP_PTR_REG @ 0x610008034
CHIP::PCIE::PCIE_CONFIG::PCIE_RC1.X1_PCIE_DSP_PF0_TYPE1_HDR_TYPE1_EXP_ROM_BASE_REG @ 0x610008038
CHIP::PCIE::PCIE_CONFIG::PCIE_RC1.X1_PCIE_DSP_PF0_TYPE1_HDR_BRIDGE_CTRL_INT_PIN_INT_LINE_REG @ 0x61000803c
CHIP::PCIE::PCIE_CONFIG::PCIE_RC1.X1_PCIE_DSP_PF0_PM_CAP_CAP_ID_NXT_PTR_REG @ 0x610008040
CHIP::PCIE::PCIE_CONFIG::PCIE_RC1.X1_PCIE_DSP_PF0_PM_CAP_CON_STATUS_REG @ 0x610008044
CHIP::PCIE::PCIE_CONFIG::PCIE_RC1.X1_PCIE_DSP_PF0_MSI_CAP_PCI_MSI_CAP_ID_NEXT_CTRL_REG @ 0x610008050
CHIP::PCIE::PCIE_CONFIG::PCIE_RC1.X1_PCIE_DSP_PF0_MSI_CAP_MSI_CAP_OFF_04H_REG @ 0x610008054
CHIP::PCIE::PCIE_CONFIG::PCIE_RC1.X1_PCIE_DSP_PF0_MSI_CAP_MSI_CAP_OFF_08H_REG @ 0x610008058
CHIP::PCIE::PCIE_CONFIG::PCIE_RC1.X1_PCIE_DSP_PF0_MSI_CAP_MSI_CAP_OFF_0CH_REG @ 0x61000805c
CHIP::PCIE::PCIE_CONFIG::PCIE_RC1.X1_PCIE_DSP_PF0_PCIE_CAP_PCIE_CAP_ID_PCIE_NEXT_CAP_PTR_PCIE_CAP_REG @ 0x610008070
CHIP::PCIE::PCIE_CONFIG::PCIE_RC1.X1_PCIE_DSP_PF0_PCIE_CAP_DEVICE_CAPABILITIES_REG @ 0x610008074
CHIP::PCIE::PCIE_CONFIG::PCIE_RC1.X1_PCIE_DSP_PF0_PCIE_CAP_DEVICE_CONTROL_DEVICE_STATUS @ 0x610008078
CHIP::PCIE::PCIE_CONFIG::PCIE_RC1.X1_PCIE_DSP_PF0_PCIE_CAP_LINK_CAPABILITIES_REG @ 0x61000807c
CHIP::PCIE::PCIE_CONFIG::PCIE_RC1.X1_PCIE_DSP_PF0_PCIE_CAP_LINK_CONTROL_LINK_STATUS_REG @ 0x610008080
CHIP::PCIE::PCIE_CONFIG::PCIE_RC1.X1_PCIE_DSP_PF0_PCIE_CAP_SLOT_CAPABILITIES_REG @ 0x610008084
CHIP::PCIE::PCIE_CONFIG::PCIE_RC1.X1_PCIE_DSP_PF0_PCIE_CAP_SLOT_CONTROL_SLOT_STATUS @ 0x610008088
CHIP::PCIE::PCIE_CONFIG::PCIE_RC1.X1_PCIE_DSP_PF0_PCIE_CAP_ROOT_CONTROL_ROOT_CAPABILITIES_REG @ 0x61000808c
CHIP::PCIE::PCIE_CONFIG::PCIE_RC1.X1_PCIE_DSP_PF0_PCIE_CAP_ROOT_STATUS_REG @ 0x610008090
CHIP::PCIE::PCIE_CONFIG::PCIE_RC1.X1_PCIE_DSP_PF0_PCIE_CAP_DEVICE_CAPABILITIES2_REG @ 0x610008094
CHIP::PCIE::PCIE_CONFIG::PCIE_RC1.X1_PCIE_DSP_PF0_PCIE_CAP_DEVICE_CONTROL2_DEVICE_STATUS2_REG @ 0x610008098
CHIP::PCIE::PCIE_CONFIG::PCIE_RC1.X1_PCIE_DSP_PF0_PCIE_CAP_LINK_CAPABILITIES2_REG @ 0x61000809c
CHIP::PCIE::PCIE_CONFIG::PCIE_RC1.X1_PCIE_DSP_PF0_PCIE_CAP_LINK_CONTROL2_LINK_STATUS2_REG @ 0x6100080a0
CHIP::PCIE::PCIE_CONFIG::PCIE_RC1.X1_PCIE_DSP_PF0_AER_CAP_AER_EXT_CAP_HDR_OFF @ 0x610008100
CHIP::PCIE::PCIE_CONFIG::PCIE_RC1.X1_PCIE_DSP_PF0_AER_CAP_UNCORR_ERR_STATUS_OFF @ 0x610008104
CHIP::PCIE::PCIE_CONFIG::PCIE_RC1.X1_PCIE_DSP_PF0_AER_CAP_UNCORR_ERR_MASK_OFF @ 0x610008108
CHIP::PCIE::PCIE_CONFIG::PCIE_RC1.X1_PCIE_DSP_PF0_AER_CAP_UNCORR_ERR_SEV_OFF @ 0x61000810c
CHIP::PCIE::PCIE_CONFIG::PCIE_RC1.X1_PCIE_DSP_PF0_AER_CAP_CORR_ERR_STATUS_OFF @ 0x610008110
CHIP::PCIE::PCIE_CONFIG::PCIE_RC1.X1_PCIE_DSP_PF0_AER_CAP_CORR_ERR_MASK_OFF @ 0x610008114
CHIP::PCIE::PCIE_CONFIG::PCIE_RC1.X1_PCIE_DSP_PF0_AER_CAP_ADV_ERR_CAP_CTRL_OFF @ 0x610008118
CHIP::PCIE::PCIE_CONFIG::PCIE_RC1.X1_PCIE_DSP_PF0_AER_CAP_HDR_LOG_0_OFF @ 0x61000811c
CHIP::PCIE::PCIE_CONFIG::PCIE_RC1.X1_PCIE_DSP_PF0_AER_CAP_HDR_LOG_1_OFF @ 0x610008120
CHIP::PCIE::PCIE_CONFIG::PCIE_RC1.X1_PCIE_DSP_PF0_AER_CAP_HDR_LOG_2_OFF @ 0x610008124
CHIP::PCIE::PCIE_CONFIG::PCIE_RC1.X1_PCIE_DSP_PF0_AER_CAP_HDR_LOG_3_OFF @ 0x610008128
CHIP::PCIE::PCIE_CONFIG::PCIE_RC1.X1_PCIE_DSP_PF0_AER_CAP_ROOT_ERR_CMD_OFF @ 0x61000812c
CHIP::PCIE::PCIE_CONFIG::PCIE_RC1.X1_PCIE_DSP_PF0_AER_CAP_ROOT_ERR_STATUS_OFF @ 0x610008130
CHIP::PCIE::PCIE_CONFIG::PCIE_RC1.X1_PCIE_DSP_PF0_AER_CAP_ERR_SRC_ID_OFF @ 0x610008134
CHIP::PCIE::PCIE_CONFIG::PCIE_RC1.X1_PCIE_DSP_PF0_L1SUB_CAP_L1SUB_CAP_HEADER_REG @ 0x610008150
CHIP::PCIE::PCIE_CONFIG::PCIE_RC1.X1_PCIE_DSP_PF0_L1SUB_CAP_L1SUB_CAPABILITY_REG @ 0x610008154
CHIP::PCIE::PCIE_CONFIG::PCIE_RC1.X1_PCIE_DSP_PF0_L1SUB_CAP_L1SUB_CONTROL1_REG @ 0x610008158
CHIP::PCIE::PCIE_CONFIG::PCIE_RC1.X1_PCIE_DSP_PF0_L1SUB_CAP_L1SUB_CONTROL2_REG @ 0x61000815c
CHIP::PCIE::PCIE_CONFIG::PCIE_RC1.X1_PCIE_DSP_PF0_PORT_LOGIC_ACK_LATENCY_TIMER_OFF @ 0x610008700
CHIP::PCIE::PCIE_CONFIG::PCIE_RC1.X1_PCIE_DSP_PF0_PORT_LOGIC_VENDOR_SPEC_DLLP_OFF @ 0x610008704
CHIP::PCIE::PCIE_CONFIG::PCIE_RC1.X1_PCIE_DSP_PF0_PORT_LOGIC_PORT_FORCE_OFF @ 0x610008708
CHIP::PCIE::PCIE_CONFIG::PCIE_RC1.X1_PCIE_DSP_PF0_PORT_LOGIC_ACK_F_ASPM_CTRL_OFF @ 0x61000870c
CHIP::PCIE::PCIE_CONFIG::PCIE_RC1.X1_PCIE_DSP_PF0_PORT_LOGIC_PORT_LINK_CTRL_OFF @ 0x610008710
CHIP::PCIE::PCIE_CONFIG::PCIE_RC1.X1_PCIE_DSP_PF0_PORT_LOGIC_LANE_SKEW_OFF @ 0x610008714
CHIP::PCIE::PCIE_CONFIG::PCIE_RC1.X1_PCIE_DSP_PF0_PORT_LOGIC_TIMER_CTRL_MAX_FUNC_NUM_OFF @ 0x610008718
CHIP::PCIE::PCIE_CONFIG::PCIE_RC1.X1_PCIE_DSP_PF0_PORT_LOGIC_SYMBOL_TIMER_FILTER_1_OFF @ 0x61000871c
CHIP::PCIE::PCIE_CONFIG::PCIE_RC1.X1_PCIE_DSP_PF0_PORT_LOGIC_FILTER_MASK_2_OFF @ 0x610008720
CHIP::PCIE::PCIE_CONFIG::PCIE_RC1.X1_PCIE_DSP_PF0_PORT_LOGIC_PL_DEBUG0_OFF @ 0x610008728
CHIP::PCIE::PCIE_CONFIG::PCIE_RC1.X1_PCIE_DSP_PF0_PORT_LOGIC_PL_DEBUG1_OFF @ 0x61000872c
CHIP::PCIE::PCIE_CONFIG::PCIE_RC1.X1_PCIE_DSP_PF0_PORT_LOGIC_TX_P_FC_CREDIT_STATUS_OFF @ 0x610008730
CHIP::PCIE::PCIE_CONFIG::PCIE_RC1.X1_PCIE_DSP_PF0_PORT_LOGIC_TX_NP_FC_CREDIT_STATUS_OFF @ 0x610008734
CHIP::PCIE::PCIE_CONFIG::PCIE_RC1.X1_PCIE_DSP_PF0_PORT_LOGIC_TX_CPL_FC_CREDIT_STATUS_OFF @ 0x610008738
CHIP::PCIE::PCIE_CONFIG::PCIE_RC1.X1_PCIE_DSP_PF0_PORT_LOGIC_QUEUE_STATUS_OFF @ 0x61000873c
CHIP::PCIE::PCIE_CONFIG::PCIE_RC1.X1_PCIE_DSP_PF0_PORT_LOGIC_VC_TX_ARBI_1_OFF @ 0x610008740
CHIP::PCIE::PCIE_CONFIG::PCIE_RC1.X1_PCIE_DSP_PF0_PORT_LOGIC_VC_TX_ARBI_2_OFF @ 0x610008744
CHIP::PCIE::PCIE_CONFIG::PCIE_RC1.X1_PCIE_DSP_PF0_PORT_LOGIC_VC0_P_RX_Q_CTRL_OFF @ 0x610008748
CHIP::PCIE::PCIE_CONFIG::PCIE_RC1.X1_PCIE_DSP_PF0_PORT_LOGIC_VC0_NP_RX_Q_CTRL_OFF @ 0x61000874c
CHIP::PCIE::PCIE_CONFIG::PCIE_RC1.X1_PCIE_DSP_PF0_PORT_LOGIC_VC0_CPL_RX_Q_CTRL_OFF @ 0x610008750
CHIP::PCIE::PCIE_CONFIG::PCIE_RC1.X1_PCIE_DSP_PF0_PORT_LOGIC_GEN2_CTRL_OFF @ 0x61000880c
CHIP::PCIE::PCIE_CONFIG::PCIE_RC1.X1_PCIE_DSP_PF0_PORT_LOGIC_PHY_STATUS_OFF @ 0x610008810
CHIP::PCIE::PCIE_CONFIG::PCIE_RC1.X1_PCIE_DSP_PF0_PORT_LOGIC_PHY_CONTROL_OFF @ 0x610008814
CHIP::PCIE::PCIE_CONFIG::PCIE_RC1.X1_PCIE_DSP_PF0_PORT_LOGIC_PIPE_LOOPBACK_CONTROL_OFF @ 0x6100088b8
CHIP::PCIE::PCIE_CONFIG::PCIE_RC1.X1_PCIE_DSP_PF0_PORT_LOGIC_MISC_CONTROL_1_OFF @ 0x6100088bc
CHIP::PCIE::PCIE_CONFIG::PCIE_RC1.X1_PCIE_DSP_PF0_PORT_LOGIC_PL_LAST_OFF @ 0x6100088fc
CHIP::PCIE::PCIE_CONFIG::PCIE_RC1.X1_PCIE_DSP_PF0_PORT_LOGIC_PL_LTR_LATENCY_OFF @ 0x610008b30
CHIP::PCIE::PCIE_CONFIG::PCIE_RC1.X1_PCIE_DSP_PF0_PORT_LOGIC_AUX_CLK_FREQ_OFF @ 0x610008b40
CHIP::PCIE::PCIE_CONFIG::PCIE_RC1.X1_PCIE_DSP_PF0_PORT_LOGIC_L1_SUBSTATES_OFF @ 0x610008b44
CHIP::PCIE::PCIE_CONFIG::PCIE_RC2.X2_PCIE_DSP_PF0_TYPE1_HDR_TYPE1_DEV_ID_VEND_ID_REG @ 0x610010000
CHIP::PCIE::PCIE_CONFIG::PCIE_RC2.X2_PCIE_DSP_PF0_TYPE1_HDR_TYPE1_STATUS_COMMAND_REG @ 0x610010004
CHIP::PCIE::PCIE_CONFIG::PCIE_RC2.X2_PCIE_DSP_PF0_TYPE1_HDR_TYPE1_CLASS_CODE_REV_ID_REG @ 0x610010008
CHIP::PCIE::PCIE_CONFIG::PCIE_RC2.X2_PCIE_DSP_PF0_TYPE1_HDR_TYPE1_BIST_HDR_TYPE_LAT_CACHE_LINE_SIZE_REG @ 0x61001000c
CHIP::PCIE::PCIE_CONFIG::PCIE_RC2.X2_PCIE_DSP_PF0_TYPE1_HDR_SEC_LAT_TIMER_SUB_BUS_SEC_BUS_PRI_BUS_REG @ 0x610010018
CHIP::PCIE::PCIE_CONFIG::PCIE_RC2.X2_PCIE_DSP_PF0_TYPE1_HDR_SEC_STAT_IO_LIMIT_IO_BASE_REG @ 0x61001001c
CHIP::PCIE::PCIE_CONFIG::PCIE_RC2.X2_PCIE_DSP_PF0_TYPE1_HDR_MEM_LIMIT_MEM_BASE_REG @ 0x610010020
CHIP::PCIE::PCIE_CONFIG::PCIE_RC2.X2_PCIE_DSP_PF0_TYPE1_HDR_PREF_MEM_LIMIT_PREF_MEM_BASE_REG @ 0x610010024
CHIP::PCIE::PCIE_CONFIG::PCIE_RC2.X2_PCIE_DSP_PF0_TYPE1_HDR_PREF_BASE_UPPER_REG @ 0x610010028
CHIP::PCIE::PCIE_CONFIG::PCIE_RC2.X2_PCIE_DSP_PF0_TYPE1_HDR_PREF_LIMIT_UPPER_REG @ 0x61001002c
CHIP::PCIE::PCIE_CONFIG::PCIE_RC2.X2_PCIE_DSP_PF0_TYPE1_HDR_IO_LIMIT_UPPER_IO_BASE_UPPER_REG @ 0x610010030
CHIP::PCIE::PCIE_CONFIG::PCIE_RC2.X2_PCIE_DSP_PF0_TYPE1_HDR_TYPE1_CAP_PTR_REG @ 0x610010034
CHIP::PCIE::PCIE_CONFIG::PCIE_RC2.X2_PCIE_DSP_PF0_TYPE1_HDR_TYPE1_EXP_ROM_BASE_REG @ 0x610010038
CHIP::PCIE::PCIE_CONFIG::PCIE_RC2.X2_PCIE_DSP_PF0_TYPE1_HDR_BRIDGE_CTRL_INT_PIN_INT_LINE_REG @ 0x61001003c
CHIP::PCIE::PCIE_CONFIG::PCIE_RC2.X2_PCIE_DSP_PF0_PM_CAP_CAP_ID_NXT_PTR_REG @ 0x610010040
CHIP::PCIE::PCIE_CONFIG::PCIE_RC2.X2_PCIE_DSP_PF0_PM_CAP_CON_STATUS_REG @ 0x610010044
CHIP::PCIE::PCIE_CONFIG::PCIE_RC2.X2_PCIE_DSP_PF0_MSI_CAP_PCI_MSI_CAP_ID_NEXT_CTRL_REG @ 0x610010050
CHIP::PCIE::PCIE_CONFIG::PCIE_RC2.X2_PCIE_DSP_PF0_MSI_CAP_MSI_CAP_OFF_04H_REG @ 0x610010054
CHIP::PCIE::PCIE_CONFIG::PCIE_RC2.X2_PCIE_DSP_PF0_MSI_CAP_MSI_CAP_OFF_08H_REG @ 0x610010058
CHIP::PCIE::PCIE_CONFIG::PCIE_RC2.X2_PCIE_DSP_PF0_MSI_CAP_MSI_CAP_OFF_0CH_REG @ 0x61001005c
CHIP::PCIE::PCIE_CONFIG::PCIE_RC2.X2_PCIE_DSP_PF0_PCIE_CAP_PCIE_CAP_ID_PCIE_NEXT_CAP_PTR_PCIE_CAP_REG @ 0x610010070
CHIP::PCIE::PCIE_CONFIG::PCIE_RC2.X2_PCIE_DSP_PF0_PCIE_CAP_DEVICE_CAPABILITIES_REG @ 0x610010074
CHIP::PCIE::PCIE_CONFIG::PCIE_RC2.X2_PCIE_DSP_PF0_PCIE_CAP_DEVICE_CONTROL_DEVICE_STATUS @ 0x610010078
CHIP::PCIE::PCIE_CONFIG::PCIE_RC2.X2_PCIE_DSP_PF0_PCIE_CAP_LINK_CAPABILITIES_REG @ 0x61001007c
CHIP::PCIE::PCIE_CONFIG::PCIE_RC2.X2_PCIE_DSP_PF0_PCIE_CAP_LINK_CONTROL_LINK_STATUS_REG @ 0x610010080
CHIP::PCIE::PCIE_CONFIG::PCIE_RC2.X2_PCIE_DSP_PF0_PCIE_CAP_SLOT_CAPABILITIES_REG @ 0x610010084
CHIP::PCIE::PCIE_CONFIG::PCIE_RC2.X2_PCIE_DSP_PF0_PCIE_CAP_SLOT_CONTROL_SLOT_STATUS @ 0x610010088
CHIP::PCIE::PCIE_CONFIG::PCIE_RC2.X2_PCIE_DSP_PF0_PCIE_CAP_ROOT_CONTROL_ROOT_CAPABILITIES_REG @ 0x61001008c
CHIP::PCIE::PCIE_CONFIG::PCIE_RC2.X2_PCIE_DSP_PF0_PCIE_CAP_ROOT_STATUS_REG @ 0x610010090
CHIP::PCIE::PCIE_CONFIG::PCIE_RC2.X2_PCIE_DSP_PF0_PCIE_CAP_DEVICE_CAPABILITIES2_REG @ 0x610010094
CHIP::PCIE::PCIE_CONFIG::PCIE_RC2.X2_PCIE_DSP_PF0_PCIE_CAP_DEVICE_CONTROL2_DEVICE_STATUS2_REG @ 0x610010098
CHIP::PCIE::PCIE_CONFIG::PCIE_RC2.X2_PCIE_DSP_PF0_PCIE_CAP_LINK_CAPABILITIES2_REG @ 0x61001009c
CHIP::PCIE::PCIE_CONFIG::PCIE_RC2.X2_PCIE_DSP_PF0_PCIE_CAP_LINK_CONTROL2_LINK_STATUS2_REG @ 0x6100100a0
CHIP::PCIE::PCIE_CONFIG::PCIE_RC2.X2_PCIE_DSP_PF0_AER_CAP_AER_EXT_CAP_HDR_OFF @ 0x610010100
CHIP::PCIE::PCIE_CONFIG::PCIE_RC2.X2_PCIE_DSP_PF0_AER_CAP_UNCORR_ERR_STATUS_OFF @ 0x610010104
CHIP::PCIE::PCIE_CONFIG::PCIE_RC2.X2_PCIE_DSP_PF0_AER_CAP_UNCORR_ERR_MASK_OFF @ 0x610010108
CHIP::PCIE::PCIE_CONFIG::PCIE_RC2.X2_PCIE_DSP_PF0_AER_CAP_UNCORR_ERR_SEV_OFF @ 0x61001010c
CHIP::PCIE::PCIE_CONFIG::PCIE_RC2.X2_PCIE_DSP_PF0_AER_CAP_CORR_ERR_STATUS_OFF @ 0x610010110
CHIP::PCIE::PCIE_CONFIG::PCIE_RC2.X2_PCIE_DSP_PF0_AER_CAP_CORR_ERR_MASK_OFF @ 0x610010114
CHIP::PCIE::PCIE_CONFIG::PCIE_RC2.X2_PCIE_DSP_PF0_AER_CAP_ADV_ERR_CAP_CTRL_OFF @ 0x610010118
CHIP::PCIE::PCIE_CONFIG::PCIE_RC2.X2_PCIE_DSP_PF0_AER_CAP_HDR_LOG_0_OFF @ 0x61001011c
CHIP::PCIE::PCIE_CONFIG::PCIE_RC2.X2_PCIE_DSP_PF0_AER_CAP_HDR_LOG_1_OFF @ 0x610010120
CHIP::PCIE::PCIE_CONFIG::PCIE_RC2.X2_PCIE_DSP_PF0_AER_CAP_HDR_LOG_2_OFF @ 0x610010124
CHIP::PCIE::PCIE_CONFIG::PCIE_RC2.X2_PCIE_DSP_PF0_AER_CAP_HDR_LOG_3_OFF @ 0x610010128
CHIP::PCIE::PCIE_CONFIG::PCIE_RC2.X2_PCIE_DSP_PF0_AER_CAP_ROOT_ERR_CMD_OFF @ 0x61001012c
CHIP::PCIE::PCIE_CONFIG::PCIE_RC2.X2_PCIE_DSP_PF0_AER_CAP_ROOT_ERR_STATUS_OFF @ 0x610010130
CHIP::PCIE::PCIE_CONFIG::PCIE_RC2.X2_PCIE_DSP_PF0_AER_CAP_ERR_SRC_ID_OFF @ 0x610010134
CHIP::PCIE::PCIE_CONFIG::PCIE_RC2.X2_PCIE_DSP_PF0_L1SUB_CAP_L1SUB_CAP_HEADER_REG @ 0x610010150
CHIP::PCIE::PCIE_CONFIG::PCIE_RC2.X2_PCIE_DSP_PF0_L1SUB_CAP_L1SUB_CAPABILITY_REG @ 0x610010154
CHIP::PCIE::PCIE_CONFIG::PCIE_RC2.X2_PCIE_DSP_PF0_L1SUB_CAP_L1SUB_CONTROL1_REG @ 0x610010158
CHIP::PCIE::PCIE_CONFIG::PCIE_RC2.X2_PCIE_DSP_PF0_L1SUB_CAP_L1SUB_CONTROL2_REG @ 0x61001015c
CHIP::PCIE::PCIE_CONFIG::PCIE_RC2.X2_PCIE_DSP_PF0_PORT_LOGIC_ACK_LATENCY_TIMER_OFF @ 0x610010700
CHIP::PCIE::PCIE_CONFIG::PCIE_RC2.X2_PCIE_DSP_PF0_PORT_LOGIC_VENDOR_SPEC_DLLP_OFF @ 0x610010704
CHIP::PCIE::PCIE_CONFIG::PCIE_RC2.X2_PCIE_DSP_PF0_PORT_LOGIC_PORT_FORCE_OFF @ 0x610010708
CHIP::PCIE::PCIE_CONFIG::PCIE_RC2.X2_PCIE_DSP_PF0_PORT_LOGIC_ACK_F_ASPM_CTRL_OFF @ 0x61001070c
CHIP::PCIE::PCIE_CONFIG::PCIE_RC2.X2_PCIE_DSP_PF0_PORT_LOGIC_PORT_LINK_CTRL_OFF @ 0x610010710
CHIP::PCIE::PCIE_CONFIG::PCIE_RC2.X2_PCIE_DSP_PF0_PORT_LOGIC_LANE_SKEW_OFF @ 0x610010714
CHIP::PCIE::PCIE_CONFIG::PCIE_RC2.X2_PCIE_DSP_PF0_PORT_LOGIC_TIMER_CTRL_MAX_FUNC_NUM_OFF @ 0x610010718
CHIP::PCIE::PCIE_CONFIG::PCIE_RC2.X2_PCIE_DSP_PF0_PORT_LOGIC_SYMBOL_TIMER_FILTER_1_OFF @ 0x61001071c
CHIP::PCIE::PCIE_CONFIG::PCIE_RC2.X2_PCIE_DSP_PF0_PORT_LOGIC_FILTER_MASK_2_OFF @ 0x610010720
CHIP::PCIE::PCIE_CONFIG::PCIE_RC2.X2_PCIE_DSP_PF0_PORT_LOGIC_PL_DEBUG0_OFF @ 0x610010728
CHIP::PCIE::PCIE_CONFIG::PCIE_RC2.X2_PCIE_DSP_PF0_PORT_LOGIC_PL_DEBUG1_OFF @ 0x61001072c
CHIP::PCIE::PCIE_CONFIG::PCIE_RC2.X2_PCIE_DSP_PF0_PORT_LOGIC_TX_P_FC_CREDIT_STATUS_OFF @ 0x610010730
CHIP::PCIE::PCIE_CONFIG::PCIE_RC2.X2_PCIE_DSP_PF0_PORT_LOGIC_TX_NP_FC_CREDIT_STATUS_OFF @ 0x610010734
CHIP::PCIE::PCIE_CONFIG::PCIE_RC2.X2_PCIE_DSP_PF0_PORT_LOGIC_TX_CPL_FC_CREDIT_STATUS_OFF @ 0x610010738
CHIP::PCIE::PCIE_CONFIG::PCIE_RC2.X2_PCIE_DSP_PF0_PORT_LOGIC_QUEUE_STATUS_OFF @ 0x61001073c
CHIP::PCIE::PCIE_CONFIG::PCIE_RC2.X2_PCIE_DSP_PF0_PORT_LOGIC_VC_TX_ARBI_1_OFF @ 0x610010740
CHIP::PCIE::PCIE_CONFIG::PCIE_RC2.X2_PCIE_DSP_PF0_PORT_LOGIC_VC_TX_ARBI_2_OFF @ 0x610010744
CHIP::PCIE::PCIE_CONFIG::PCIE_RC2.X2_PCIE_DSP_PF0_PORT_LOGIC_VC0_P_RX_Q_CTRL_OFF @ 0x610010748
CHIP::PCIE::PCIE_CONFIG::PCIE_RC2.X2_PCIE_DSP_PF0_PORT_LOGIC_VC0_NP_RX_Q_CTRL_OFF @ 0x61001074c
CHIP::PCIE::PCIE_CONFIG::PCIE_RC2.X2_PCIE_DSP_PF0_PORT_LOGIC_VC0_CPL_RX_Q_CTRL_OFF @ 0x610010750
CHIP::PCIE::PCIE_CONFIG::PCIE_RC2.X2_PCIE_DSP_PF0_PORT_LOGIC_GEN2_CTRL_OFF @ 0x61001080c
CHIP::PCIE::PCIE_CONFIG::PCIE_RC2.X2_PCIE_DSP_PF0_PORT_LOGIC_PHY_STATUS_OFF @ 0x610010810
CHIP::PCIE::PCIE_CONFIG::PCIE_RC2.X2_PCIE_DSP_PF0_PORT_LOGIC_PHY_CONTROL_OFF @ 0x610010814
CHIP::PCIE::PCIE_CONFIG::PCIE_RC2.X2_PCIE_DSP_PF0_PORT_LOGIC_PIPE_LOOPBACK_CONTROL_OFF @ 0x6100108b8
CHIP::PCIE::PCIE_CONFIG::PCIE_RC2.X2_PCIE_DSP_PF0_PORT_LOGIC_MISC_CONTROL_1_OFF @ 0x6100108bc
CHIP::PCIE::PCIE_CONFIG::PCIE_RC2.X2_PCIE_DSP_PF0_PORT_LOGIC_PL_LAST_OFF @ 0x6100108fc
CHIP::PCIE::PCIE_CONFIG::PCIE_RC2.X2_PCIE_DSP_PF0_PORT_LOGIC_PL_LTR_LATENCY_OFF @ 0x610010b30
CHIP::PCIE::PCIE_CONFIG::PCIE_RC2.X2_PCIE_DSP_PF0_PORT_LOGIC_AUX_CLK_FREQ_OFF @ 0x610010b40
CHIP::PCIE::PCIE_CONFIG::PCIE_RC2.X2_PCIE_DSP_PF0_PORT_LOGIC_L1_SUBSTATES_OFF @ 0x610010b44
CHIP::PCIE::PCIE_CONFIG::PCIE_RC3.X1_PCIE_DSP_PF0_TYPE1_HDR_TYPE1_DEV_ID_VEND_ID_REG @ 0x610018000
CHIP::PCIE::PCIE_CONFIG::PCIE_RC3.X1_PCIE_DSP_PF0_TYPE1_HDR_TYPE1_STATUS_COMMAND_REG @ 0x610018004
CHIP::PCIE::PCIE_CONFIG::PCIE_RC3.X1_PCIE_DSP_PF0_TYPE1_HDR_TYPE1_CLASS_CODE_REV_ID_REG @ 0x610018008
CHIP::PCIE::PCIE_CONFIG::PCIE_RC3.X1_PCIE_DSP_PF0_TYPE1_HDR_TYPE1_BIST_HDR_TYPE_LAT_CACHE_LINE_SIZE_REG @ 0x61001800c
CHIP::PCIE::PCIE_CONFIG::PCIE_RC3.X1_PCIE_DSP_PF0_TYPE1_HDR_SEC_LAT_TIMER_SUB_BUS_SEC_BUS_PRI_BUS_REG @ 0x610018018
CHIP::PCIE::PCIE_CONFIG::PCIE_RC3.X1_PCIE_DSP_PF0_TYPE1_HDR_SEC_STAT_IO_LIMIT_IO_BASE_REG @ 0x61001801c
CHIP::PCIE::PCIE_CONFIG::PCIE_RC3.X1_PCIE_DSP_PF0_TYPE1_HDR_MEM_LIMIT_MEM_BASE_REG @ 0x610018020
CHIP::PCIE::PCIE_CONFIG::PCIE_RC3.X1_PCIE_DSP_PF0_TYPE1_HDR_PREF_MEM_LIMIT_PREF_MEM_BASE_REG @ 0x610018024
CHIP::PCIE::PCIE_CONFIG::PCIE_RC3.X1_PCIE_DSP_PF0_TYPE1_HDR_PREF_BASE_UPPER_REG @ 0x610018028
CHIP::PCIE::PCIE_CONFIG::PCIE_RC3.X1_PCIE_DSP_PF0_TYPE1_HDR_PREF_LIMIT_UPPER_REG @ 0x61001802c
CHIP::PCIE::PCIE_CONFIG::PCIE_RC3.X1_PCIE_DSP_PF0_TYPE1_HDR_IO_LIMIT_UPPER_IO_BASE_UPPER_REG @ 0x610018030
CHIP::PCIE::PCIE_CONFIG::PCIE_RC3.X1_PCIE_DSP_PF0_TYPE1_HDR_TYPE1_CAP_PTR_REG @ 0x610018034
CHIP::PCIE::PCIE_CONFIG::PCIE_RC3.X1_PCIE_DSP_PF0_TYPE1_HDR_TYPE1_EXP_ROM_BASE_REG @ 0x610018038
CHIP::PCIE::PCIE_CONFIG::PCIE_RC3.X1_PCIE_DSP_PF0_TYPE1_HDR_BRIDGE_CTRL_INT_PIN_INT_LINE_REG @ 0x61001803c
CHIP::PCIE::PCIE_CONFIG::PCIE_RC3.X1_PCIE_DSP_PF0_PM_CAP_CAP_ID_NXT_PTR_REG @ 0x610018040
CHIP::PCIE::PCIE_CONFIG::PCIE_RC3.X1_PCIE_DSP_PF0_PM_CAP_CON_STATUS_REG @ 0x610018044
CHIP::PCIE::PCIE_CONFIG::PCIE_RC3.X1_PCIE_DSP_PF0_MSI_CAP_PCI_MSI_CAP_ID_NEXT_CTRL_REG @ 0x610018050
CHIP::PCIE::PCIE_CONFIG::PCIE_RC3.X1_PCIE_DSP_PF0_MSI_CAP_MSI_CAP_OFF_04H_REG @ 0x610018054
CHIP::PCIE::PCIE_CONFIG::PCIE_RC3.X1_PCIE_DSP_PF0_MSI_CAP_MSI_CAP_OFF_08H_REG @ 0x610018058
CHIP::PCIE::PCIE_CONFIG::PCIE_RC3.X1_PCIE_DSP_PF0_MSI_CAP_MSI_CAP_OFF_0CH_REG @ 0x61001805c
CHIP::PCIE::PCIE_CONFIG::PCIE_RC3.X1_PCIE_DSP_PF0_PCIE_CAP_PCIE_CAP_ID_PCIE_NEXT_CAP_PTR_PCIE_CAP_REG @ 0x610018070
CHIP::PCIE::PCIE_CONFIG::PCIE_RC3.X1_PCIE_DSP_PF0_PCIE_CAP_DEVICE_CAPABILITIES_REG @ 0x610018074
CHIP::PCIE::PCIE_CONFIG::PCIE_RC3.X1_PCIE_DSP_PF0_PCIE_CAP_DEVICE_CONTROL_DEVICE_STATUS @ 0x610018078
CHIP::PCIE::PCIE_CONFIG::PCIE_RC3.X1_PCIE_DSP_PF0_PCIE_CAP_LINK_CAPABILITIES_REG @ 0x61001807c
CHIP::PCIE::PCIE_CONFIG::PCIE_RC3.X1_PCIE_DSP_PF0_PCIE_CAP_LINK_CONTROL_LINK_STATUS_REG @ 0x610018080
CHIP::PCIE::PCIE_CONFIG::PCIE_RC3.X1_PCIE_DSP_PF0_PCIE_CAP_SLOT_CAPABILITIES_REG @ 0x610018084
CHIP::PCIE::PCIE_CONFIG::PCIE_RC3.X1_PCIE_DSP_PF0_PCIE_CAP_SLOT_CONTROL_SLOT_STATUS @ 0x610018088
CHIP::PCIE::PCIE_CONFIG::PCIE_RC3.X1_PCIE_DSP_PF0_PCIE_CAP_ROOT_CONTROL_ROOT_CAPABILITIES_REG @ 0x61001808c
CHIP::PCIE::PCIE_CONFIG::PCIE_RC3.X1_PCIE_DSP_PF0_PCIE_CAP_ROOT_STATUS_REG @ 0x610018090
CHIP::PCIE::PCIE_CONFIG::PCIE_RC3.X1_PCIE_DSP_PF0_PCIE_CAP_DEVICE_CAPABILITIES2_REG @ 0x610018094
CHIP::PCIE::PCIE_CONFIG::PCIE_RC3.X1_PCIE_DSP_PF0_PCIE_CAP_DEVICE_CONTROL2_DEVICE_STATUS2_REG @ 0x610018098
CHIP::PCIE::PCIE_CONFIG::PCIE_RC3.X1_PCIE_DSP_PF0_PCIE_CAP_LINK_CAPABILITIES2_REG @ 0x61001809c
CHIP::PCIE::PCIE_CONFIG::PCIE_RC3.X1_PCIE_DSP_PF0_PCIE_CAP_LINK_CONTROL2_LINK_STATUS2_REG @ 0x6100180a0
CHIP::PCIE::PCIE_CONFIG::PCIE_RC3.X1_PCIE_DSP_PF0_AER_CAP_AER_EXT_CAP_HDR_OFF @ 0x610018100
CHIP::PCIE::PCIE_CONFIG::PCIE_RC3.X1_PCIE_DSP_PF0_AER_CAP_UNCORR_ERR_STATUS_OFF @ 0x610018104
CHIP::PCIE::PCIE_CONFIG::PCIE_RC3.X1_PCIE_DSP_PF0_AER_CAP_UNCORR_ERR_MASK_OFF @ 0x610018108
CHIP::PCIE::PCIE_CONFIG::PCIE_RC3.X1_PCIE_DSP_PF0_AER_CAP_UNCORR_ERR_SEV_OFF @ 0x61001810c
CHIP::PCIE::PCIE_CONFIG::PCIE_RC3.X1_PCIE_DSP_PF0_AER_CAP_CORR_ERR_STATUS_OFF @ 0x610018110
CHIP::PCIE::PCIE_CONFIG::PCIE_RC3.X1_PCIE_DSP_PF0_AER_CAP_CORR_ERR_MASK_OFF @ 0x610018114
CHIP::PCIE::PCIE_CONFIG::PCIE_RC3.X1_PCIE_DSP_PF0_AER_CAP_ADV_ERR_CAP_CTRL_OFF @ 0x610018118
CHIP::PCIE::PCIE_CONFIG::PCIE_RC3.X1_PCIE_DSP_PF0_AER_CAP_HDR_LOG_0_OFF @ 0x61001811c
CHIP::PCIE::PCIE_CONFIG::PCIE_RC3.X1_PCIE_DSP_PF0_AER_CAP_HDR_LOG_1_OFF @ 0x610018120
CHIP::PCIE::PCIE_CONFIG::PCIE_RC3.X1_PCIE_DSP_PF0_AER_CAP_HDR_LOG_2_OFF @ 0x610018124
CHIP::PCIE::PCIE_CONFIG::PCIE_RC3.X1_PCIE_DSP_PF0_AER_CAP_HDR_LOG_3_OFF @ 0x610018128
CHIP::PCIE::PCIE_CONFIG::PCIE_RC3.X1_PCIE_DSP_PF0_AER_CAP_ROOT_ERR_CMD_OFF @ 0x61001812c
CHIP::PCIE::PCIE_CONFIG::PCIE_RC3.X1_PCIE_DSP_PF0_AER_CAP_ROOT_ERR_STATUS_OFF @ 0x610018130
CHIP::PCIE::PCIE_CONFIG::PCIE_RC3.X1_PCIE_DSP_PF0_AER_CAP_ERR_SRC_ID_OFF @ 0x610018134
CHIP::PCIE::PCIE_CONFIG::PCIE_RC3.X1_PCIE_DSP_PF0_L1SUB_CAP_L1SUB_CAP_HEADER_REG @ 0x610018150
CHIP::PCIE::PCIE_CONFIG::PCIE_RC3.X1_PCIE_DSP_PF0_L1SUB_CAP_L1SUB_CAPABILITY_REG @ 0x610018154
CHIP::PCIE::PCIE_CONFIG::PCIE_RC3.X1_PCIE_DSP_PF0_L1SUB_CAP_L1SUB_CONTROL1_REG @ 0x610018158
CHIP::PCIE::PCIE_CONFIG::PCIE_RC3.X1_PCIE_DSP_PF0_L1SUB_CAP_L1SUB_CONTROL2_REG @ 0x61001815c
CHIP::PCIE::PCIE_CONFIG::PCIE_RC3.X1_PCIE_DSP_PF0_PORT_LOGIC_ACK_LATENCY_TIMER_OFF @ 0x610018700
CHIP::PCIE::PCIE_CONFIG::PCIE_RC3.X1_PCIE_DSP_PF0_PORT_LOGIC_VENDOR_SPEC_DLLP_OFF @ 0x610018704
CHIP::PCIE::PCIE_CONFIG::PCIE_RC3.X1_PCIE_DSP_PF0_PORT_LOGIC_PORT_FORCE_OFF @ 0x610018708
CHIP::PCIE::PCIE_CONFIG::PCIE_RC3.X1_PCIE_DSP_PF0_PORT_LOGIC_ACK_F_ASPM_CTRL_OFF @ 0x61001870c
CHIP::PCIE::PCIE_CONFIG::PCIE_RC3.X1_PCIE_DSP_PF0_PORT_LOGIC_PORT_LINK_CTRL_OFF @ 0x610018710
CHIP::PCIE::PCIE_CONFIG::PCIE_RC3.X1_PCIE_DSP_PF0_PORT_LOGIC_LANE_SKEW_OFF @ 0x610018714
CHIP::PCIE::PCIE_CONFIG::PCIE_RC3.X1_PCIE_DSP_PF0_PORT_LOGIC_TIMER_CTRL_MAX_FUNC_NUM_OFF @ 0x610018718
CHIP::PCIE::PCIE_CONFIG::PCIE_RC3.X1_PCIE_DSP_PF0_PORT_LOGIC_SYMBOL_TIMER_FILTER_1_OFF @ 0x61001871c
CHIP::PCIE::PCIE_CONFIG::PCIE_RC3.X1_PCIE_DSP_PF0_PORT_LOGIC_FILTER_MASK_2_OFF @ 0x610018720
CHIP::PCIE::PCIE_CONFIG::PCIE_RC3.X1_PCIE_DSP_PF0_PORT_LOGIC_PL_DEBUG0_OFF @ 0x610018728
CHIP::PCIE::PCIE_CONFIG::PCIE_RC3.X1_PCIE_DSP_PF0_PORT_LOGIC_PL_DEBUG1_OFF @ 0x61001872c
CHIP::PCIE::PCIE_CONFIG::PCIE_RC3.X1_PCIE_DSP_PF0_PORT_LOGIC_TX_P_FC_CREDIT_STATUS_OFF @ 0x610018730
CHIP::PCIE::PCIE_CONFIG::PCIE_RC3.X1_PCIE_DSP_PF0_PORT_LOGIC_TX_NP_FC_CREDIT_STATUS_OFF @ 0x610018734
CHIP::PCIE::PCIE_CONFIG::PCIE_RC3.X1_PCIE_DSP_PF0_PORT_LOGIC_TX_CPL_FC_CREDIT_STATUS_OFF @ 0x610018738
CHIP::PCIE::PCIE_CONFIG::PCIE_RC3.X1_PCIE_DSP_PF0_PORT_LOGIC_QUEUE_STATUS_OFF @ 0x61001873c
CHIP::PCIE::PCIE_CONFIG::PCIE_RC3.X1_PCIE_DSP_PF0_PORT_LOGIC_VC_TX_ARBI_1_OFF @ 0x610018740
CHIP::PCIE::PCIE_CONFIG::PCIE_RC3.X1_PCIE_DSP_PF0_PORT_LOGIC_VC_TX_ARBI_2_OFF @ 0x610018744
CHIP::PCIE::PCIE_CONFIG::PCIE_RC3.X1_PCIE_DSP_PF0_PORT_LOGIC_VC0_P_RX_Q_CTRL_OFF @ 0x610018748
CHIP::PCIE::PCIE_CONFIG::PCIE_RC3.X1_PCIE_DSP_PF0_PORT_LOGIC_VC0_NP_RX_Q_CTRL_OFF @ 0x61001874c
CHIP::PCIE::PCIE_CONFIG::PCIE_RC3.X1_PCIE_DSP_PF0_PORT_LOGIC_VC0_CPL_RX_Q_CTRL_OFF @ 0x610018750
CHIP::PCIE::PCIE_CONFIG::PCIE_RC3.X1_PCIE_DSP_PF0_PORT_LOGIC_GEN2_CTRL_OFF @ 0x61001880c
CHIP::PCIE::PCIE_CONFIG::PCIE_RC3.X1_PCIE_DSP_PF0_PORT_LOGIC_PHY_STATUS_OFF @ 0x610018810
CHIP::PCIE::PCIE_CONFIG::PCIE_RC3.X1_PCIE_DSP_PF0_PORT_LOGIC_PHY_CONTROL_OFF @ 0x610018814
CHIP::PCIE::PCIE_CONFIG::PCIE_RC3.X1_PCIE_DSP_PF0_PORT_LOGIC_PIPE_LOOPBACK_CONTROL_OFF @ 0x6100188b8
CHIP::PCIE::PCIE_CONFIG::PCIE_RC3.X1_PCIE_DSP_PF0_PORT_LOGIC_MISC_CONTROL_1_OFF @ 0x6100188bc
CHIP::PCIE::PCIE_CONFIG::PCIE_RC3.X1_PCIE_DSP_PF0_PORT_LOGIC_PL_LAST_OFF @ 0x6100188fc
CHIP::PCIE::PCIE_CONFIG::PCIE_RC3.X1_PCIE_DSP_PF0_PORT_LOGIC_PL_LTR_LATENCY_OFF @ 0x610018b30
CHIP::PCIE::PCIE_CONFIG::PCIE_RC3.X1_PCIE_DSP_PF0_PORT_LOGIC_AUX_CLK_FREQ_OFF @ 0x610018b40
CHIP::PCIE::PCIE_CONFIG::PCIE_RC3.X1_PCIE_DSP_PF0_PORT_LOGIC_L1_SUBSTATES_OFF @ 0x610018b44
